Task 101/160: --problem rober --model stiff --profile fast --seed 501 --pretraining derivmatch --training shooting --track-sensitivity
Logging to /home/txenakis/projects/BVPsolver/logs/run_main_23713020_101.log
rober  model=stiff width=12 d=3 tlen=50 profile=fast seed=501  solver=Rodas5  N=318
  derivmatch lr=0.01 iter=170/3400 loss=0.277
  derivmatch lr=0.01 iter=340/3400 loss=0.09766
  derivmatch lr=0.01 iter=510/3400 loss=0.05102
  derivmatch lr=0.01 iter=680/3400 loss=0.03433
  derivmatch lr=0.01 iter=850/3400 loss=0.02829
  derivmatch lr=0.01 iter=1020/3400 loss=0.04319
  derivmatch lr=0.01 iter=1190/3400 loss=0.01505
  derivmatch lr=0.01 iter=1360/3400 loss=0.01664
  derivmatch lr=0.01 iter=1530/3400 loss=0.01
  derivmatch lr=0.01 iter=1700/3400 loss=0.005943
  derivmatch lr=0.01 iter=1870/3400 loss=0.005456
  derivmatch lr=0.01 iter=2040/3400 loss=0.004853
  derivmatch lr=0.01 iter=2210/3400 loss=0.002214
  derivmatch lr=0.01 iter=2380/3400 loss=0.001656
  derivmatch lr=0.01 iter=2550/3400 loss=0.001532
  derivmatch lr=0.01 iter=2720/3400 loss=0.001304
  derivmatch lr=0.01 iter=2890/3400 loss=0.0008702
  derivmatch lr=0.01 iter=3060/3400 loss=0.001181
  derivmatch lr=0.01 iter=3230/3400 loss=0.001047
  derivmatch lr=0.01 iter=3400/3400 loss=0.0006489
  derivmatch lr=0.01 iter=3400/3400 loss=0.0005994
  derivmatch lr=0.003 iter=125/2500 loss=0.0005935
  derivmatch lr=0.003 iter=250/2500 loss=0.0005095
  derivmatch lr=0.003 iter=375/2500 loss=0.0004707
  derivmatch lr=0.003 iter=500/2500 loss=0.0004351
  derivmatch lr=0.003 iter=625/2500 loss=0.0004016
  derivmatch lr=0.003 iter=750/2500 loss=0.0003706
  derivmatch lr=0.003 iter=875/2500 loss=0.0003436
  derivmatch lr=0.003 iter=1000/2500 loss=0.0003172
  derivmatch lr=0.003 iter=1125/2500 loss=0.0002946
  derivmatch lr=0.003 iter=1250/2500 loss=0.0002743
  derivmatch lr=0.003 iter=1375/2500 loss=0.000256
  derivmatch lr=0.003 iter=1500/2500 loss=0.0002396
  derivmatch lr=0.003 iter=1625/2500 loss=0.0002248
  derivmatch lr=0.003 iter=1750/2500 loss=0.0002114
  derivmatch lr=0.003 iter=1875/2500 loss=0.0001992
  derivmatch lr=0.003 iter=2000/2500 loss=0.0001886
  derivmatch lr=0.003 iter=2125/2500 loss=0.0001995
  derivmatch lr=0.003 iter=2250/2500 loss=0.0002052
  derivmatch lr=0.003 iter=2375/2500 loss=0.0002633
  derivmatch lr=0.003 iter=2500/2500 loss=0.0001601
  derivmatch lr=0.003 iter=2500/2500 loss=0.0001586
  derivmatch lr=0.001 iter=125/2500 loss=0.0001551
  derivmatch lr=0.001 iter=250/2500 loss=0.0001536
  derivmatch lr=0.001 iter=375/2500 loss=0.0001519
  derivmatch lr=0.001 iter=500/2500 loss=0.0001499
  derivmatch lr=0.001 iter=625/2500 loss=0.0001476
  derivmatch lr=0.001 iter=750/2500 loss=0.0001451
  derivmatch lr=0.001 iter=875/2500 loss=0.0001425
  derivmatch lr=0.001 iter=1000/2500 loss=0.0001397
  derivmatch lr=0.001 iter=1125/2500 loss=0.0001369
  derivmatch lr=0.001 iter=1250/2500 loss=0.0001339
  derivmatch lr=0.001 iter=1375/2500 loss=0.0001308
  derivmatch lr=0.001 iter=1500/2500 loss=0.0001277
  derivmatch lr=0.001 iter=1625/2500 loss=0.0001247
  derivmatch lr=0.001 iter=1750/2500 loss=0.0001217
  derivmatch lr=0.001 iter=1875/2500 loss=0.0001189
  derivmatch lr=0.001 iter=2000/2500 loss=0.000116
  derivmatch lr=0.001 iter=2125/2500 loss=0.0001139
  derivmatch lr=0.001 iter=2250/2500 loss=0.0001108
  derivmatch lr=0.001 iter=2375/2500 loss=0.0001083
  derivmatch lr=0.001 iter=2500/2500 loss=0.0001066
  derivmatch lr=0.001 iter=2500/2500 loss=0.000106
  derivmatch lr=0.0003 iter=80/1600 loss=0.0001062
  derivmatch lr=0.0003 iter=160/1600 loss=0.0001055
  derivmatch lr=0.0003 iter=240/1600 loss=0.0001051
  derivmatch lr=0.0003 iter=320/1600 loss=0.0001046
  derivmatch lr=0.0003 iter=400/1600 loss=0.000104
  derivmatch lr=0.0003 iter=480/1600 loss=0.0001034
  derivmatch lr=0.0003 iter=560/1600 loss=0.0001027
  derivmatch lr=0.0003 iter=640/1600 loss=0.000102
  derivmatch lr=0.0003 iter=720/1600 loss=0.0001012
  derivmatch lr=0.0003 iter=800/1600 loss=0.0001004
  derivmatch lr=0.0003 iter=880/1600 loss=9.952e-5
  derivmatch lr=0.0003 iter=960/1600 loss=9.861e-5
  derivmatch lr=0.0003 iter=1040/1600 loss=9.766e-5
  derivmatch lr=0.0003 iter=1120/1600 loss=9.668e-5
  derivmatch lr=0.0003 iter=1200/1600 loss=9.566e-5
  derivmatch lr=0.0003 iter=1280/1600 loss=9.465e-5
  derivmatch lr=0.0003 iter=1360/1600 loss=9.365e-5
  derivmatch lr=0.0003 iter=1440/1600 loss=9.263e-5
  derivmatch lr=0.0003 iter=1520/1600 loss=9.157e-5
  derivmatch lr=0.0003 iter=1600/1600 loss=9.049e-5
  derivmatch lr=0.0003 iter=1600/1600 loss=9.049e-5
derivative matching [31s]  fitloss=9.05e-5
  [derivative matching]  nrmse=0.004111  l2=0.02697
  shooting iter=50/1000 loss=0.001168
  shooting iter=100/1000 loss=0.001509
  shooting iter=150/1000 loss=0.002612
  shooting iter=200/1000 loss=0.0008426
  shooting iter=250/1000 loss=0.0005147
  shooting iter=300/1000 loss=0.001419
  shooting iter=350/1000 loss=0.0007607
  shooting iter=400/1000 loss=0.000962
  shooting iter=450/1000 loss=0.001012
  shooting iter=500/1000 loss=0.001493
  shooting iter=550/1000 loss=0.002477
  shooting iter=600/1000 loss=0.001175
  shooting iter=650/1000 loss=0.001292
  shooting iter=700/1000 loss=0.001458
  shooting iter=750/1000 loss=0.001135
  shooting iter=800/1000 loss=0.001847
  shooting iter=850/1000 loss=0.001189
  shooting iter=900/1000 loss=0.001025
  shooting iter=950/1000 loss=0.001783
  shooting iter=1000/1000 loss=0.003213
  shooting iter=1000/1000 loss=0.0003577
shooting [624s]  loss=0.000358
  [final]  nrmse=0.0007413  l2=0.004946
extrapolation window: T=1000.0 -> T_test=1.0e12  n_test=100
  [train]  E_traj=1.367e-6  E_VF=0.0003624  E_spec=2.5799999999999998e26
  [test ]  E_traj=NaN  E_VF=NaN  E_spec=NaN
saved /orcd/home/002/txenakis/projects/BVPsolver/src/../data/runs/run_tEGezaqE/rober_fit.png
saved /orcd/home/002/txenakis/projects/BVPsolver/src/../data/runs/run_tEGezaqE/rober_fit_extrapolated.png
saved /orcd/home/002/txenakis/projects/BVPsolver/src/../data/runs/run_tEGezaqE/rober_spectral_fit_extrapolated.png
saved /orcd/home/002/txenakis/projects/BVPsolver/src/../data/runs/run_tEGezaqE/rober_vf_fit_extrapolated.png
saved /orcd/home/002/txenakis/projects/BVPsolver/src/../data/runs/run_tEGezaqE/rober_sensitivity_vs_stiffness_derivmatch.png
saved /orcd/home/002/txenakis/projects/BVPsolver/src/../data/runs/run_tEGezaqE/rober_sensitivity_vs_stiffness_shooting.png
┌ Warning: Attempting to store StiffNN.var"#12#13"{Float64, Float64, Float64}.
│ JLD2 only stores functions by name.
│  This may not be useful for anonymous functions.
└ @ JLD2 ~/.julia/packages/JLD2/ADycq/src/data/writing_datatypes.jl:447
saved run → /orcd/home/002/txenakis/projects/BVPsolver/src/../data/runs/run_tEGezaqE
--------------------------------------
Done: Thu Sep 24 21:54:09 EDT 2026
