Task 2/160: --problem vanderpol --model stiff --profile fast --seed 502 --pretraining derivmatch --training collocation --track-sensitivity
Logging to /home/txenakis/projects/BVPsolver/logs/run_main_23858924_2.log
vanderpol  model=stiff width=12 d=2 tlen=151 profile=fast seed=502  solver=Kvaerno5  N=268
  derivmatch lr=0.01 iter=170/3400 loss=8.473
  derivmatch lr=0.01 iter=340/3400 loss=10.08
  derivmatch lr=0.01 iter=510/3400 loss=2.519
  derivmatch lr=0.01 iter=680/3400 loss=3.055
  derivmatch lr=0.01 iter=850/3400 loss=3.437
  derivmatch lr=0.01 iter=1020/3400 loss=2.963
  derivmatch lr=0.01 iter=1190/3400 loss=2.162
  derivmatch lr=0.01 iter=1360/3400 loss=2.624
  derivmatch lr=0.01 iter=1530/3400 loss=2.126
  derivmatch lr=0.01 iter=1700/3400 loss=1.839
  derivmatch lr=0.01 iter=1870/3400 loss=0.547
  derivmatch lr=0.01 iter=2040/3400 loss=2.105
  derivmatch lr=0.01 iter=2210/3400 loss=2.89
  derivmatch lr=0.01 iter=2380/3400 loss=2.769
  derivmatch lr=0.01 iter=2550/3400 loss=1.168
  derivmatch lr=0.01 iter=2720/3400 loss=1.065
  derivmatch lr=0.01 iter=2890/3400 loss=1.907
  derivmatch lr=0.01 iter=3060/3400 loss=3.024
  derivmatch lr=0.01 iter=3230/3400 loss=1.817
  derivmatch lr=0.01 iter=3400/3400 loss=1.768
  derivmatch lr=0.01 iter=3400/3400 loss=0.1243
  derivmatch lr=0.003 iter=125/2500 loss=0.04572
  derivmatch lr=0.003 iter=250/2500 loss=0.05623
  derivmatch lr=0.003 iter=375/2500 loss=0.04841
  derivmatch lr=0.003 iter=500/2500 loss=0.04727
  derivmatch lr=0.003 iter=625/2500 loss=0.04248
  derivmatch lr=0.003 iter=750/2500 loss=0.04258
  derivmatch lr=0.003 iter=875/2500 loss=0.04527
  derivmatch lr=0.003 iter=1000/2500 loss=0.04012
  derivmatch lr=0.003 iter=1125/2500 loss=0.03747
  derivmatch lr=0.003 iter=1250/2500 loss=0.0377
  derivmatch lr=0.003 iter=1375/2500 loss=0.0355
  derivmatch lr=0.003 iter=1500/2500 loss=0.03746
  derivmatch lr=0.003 iter=1625/2500 loss=0.03915
  derivmatch lr=0.003 iter=1750/2500 loss=0.03344
  derivmatch lr=0.003 iter=1875/2500 loss=0.03446
  derivmatch lr=0.003 iter=2000/2500 loss=0.03405
  derivmatch lr=0.003 iter=2125/2500 loss=0.03664
  derivmatch lr=0.003 iter=2250/2500 loss=0.03146
  derivmatch lr=0.003 iter=2375/2500 loss=0.02964
  derivmatch lr=0.003 iter=2500/2500 loss=0.03467
  derivmatch lr=0.003 iter=2500/2500 loss=0.0285
  derivmatch lr=0.001 iter=125/2500 loss=0.007461
  derivmatch lr=0.001 iter=250/2500 loss=0.007153
  derivmatch lr=0.001 iter=375/2500 loss=0.006925
  derivmatch lr=0.001 iter=500/2500 loss=0.01164
  derivmatch lr=0.001 iter=625/2500 loss=0.006811
  derivmatch lr=0.001 iter=750/2500 loss=0.006326
  derivmatch lr=0.001 iter=875/2500 loss=0.007915
  derivmatch lr=0.001 iter=1000/2500 loss=0.01175
  derivmatch lr=0.001 iter=1125/2500 loss=0.008583
  derivmatch lr=0.001 iter=1250/2500 loss=0.008829
  derivmatch lr=0.001 iter=1375/2500 loss=0.00828
  derivmatch lr=0.001 iter=1500/2500 loss=0.008219
  derivmatch lr=0.001 iter=1625/2500 loss=0.007999
  derivmatch lr=0.001 iter=1750/2500 loss=0.007906
  derivmatch lr=0.001 iter=1875/2500 loss=0.007693
  derivmatch lr=0.001 iter=2000/2500 loss=0.007613
  derivmatch lr=0.001 iter=2125/2500 loss=0.007411
  derivmatch lr=0.001 iter=2250/2500 loss=0.007343
  derivmatch lr=0.001 iter=2375/2500 loss=0.007187
  derivmatch lr=0.001 iter=2500/2500 loss=0.007114
  derivmatch lr=0.001 iter=2500/2500 loss=0.006073
  derivmatch lr=0.0003 iter=80/1600 loss=0.006064
  derivmatch lr=0.0003 iter=160/1600 loss=0.006
  derivmatch lr=0.0003 iter=240/1600 loss=0.005953
  derivmatch lr=0.0003 iter=320/1600 loss=0.0059
  derivmatch lr=0.0003 iter=400/1600 loss=0.005842
  derivmatch lr=0.0003 iter=480/1600 loss=0.005779
  derivmatch lr=0.0003 iter=560/1600 loss=0.005712
  derivmatch lr=0.0003 iter=640/1600 loss=0.005641
  derivmatch lr=0.0003 iter=720/1600 loss=0.005567
  derivmatch lr=0.0003 iter=800/1600 loss=0.005491
  derivmatch lr=0.0003 iter=880/1600 loss=0.005413
  derivmatch lr=0.0003 iter=960/1600 loss=0.005333
  derivmatch lr=0.0003 iter=1040/1600 loss=0.005251
  derivmatch lr=0.0003 iter=1120/1600 loss=0.005168
  derivmatch lr=0.0003 iter=1200/1600 loss=0.005083
  derivmatch lr=0.0003 iter=1280/1600 loss=0.004998
  derivmatch lr=0.0003 iter=1360/1600 loss=0.004933
  derivmatch lr=0.0003 iter=1440/1600 loss=0.00484
  derivmatch lr=0.0003 iter=1520/1600 loss=0.00476
  derivmatch lr=0.0003 iter=1600/1600 loss=0.004748
  derivmatch lr=0.0003 iter=1600/1600 loss=0.004688
derivative matching [30s]  fitloss=0.00469
  [derivative matching]  nrmse=0.5345  l2=326.5
  collocation: M=163 residuals=1274  detecting sparsity + solving...

Algorithm: LevenbergMarquardt(
    trustregion = LevenbergMarquardtTrustRegion(
        β_uphill = 0.0
    ),
    descent = GeodesicAcceleration(
        descent = DampedNewtonDescent(
            linsolve = KLUFactorization(
                reuse_symbolic = true,
                check_pattern = true
            ),
            initial_damping = 1.0,
            damping_fn = LevenbergMarquardtDampingFunction(
                increase_factor = 2.0,
                decrease_factor = 3.0,
                min_damping = 1.0e-8
            ),
            min_norm_mode = :auto
        ),
        finite_diff_step_geodesic = 0.1,
        α = 0.75
    ),
    autodiff = AutoForwardDiff(),
    vjp_autodiff = AutoFiniteDiff(
        fdtype = Val{:forward}(),
        fdjtype = Val{:forward}(),
        fdhtype = Val{:hcentral}(),
        dir = true
    ),
    jvp_autodiff = AutoForwardDiff(),
    concrete_jac = Val{true}()
)

----    	-------------       	-----------         
Iter    	f(u) 2-norm         	Step 2-norm         
----    	-------------       	-----------         
0       	2.64851333e+02      	NaN                 
1       	9.25303070e+01      	3.45210411e-01      
8       	3.70465556e-01      	7.06853470e-02      
15      	1.06653478e-01      	1.06862642e-01      
22      	9.28114374e+00      	1.19769864e+00      
29      	1.27768713e+01      	9.45830377e-01      
36      	3.23841105e+00      	7.97346489e-01      
43      	8.12416192e-01      	3.44821310e-01      
50      	3.66857325e+00      	7.12455188e-01      
57      	4.57713938e-02      	0.00000000e+00      
64      	3.98262967e-01      	0.00000000e+00      
71      	2.50460707e+00      	4.05096349e-01      
78      	2.49920811e-01      	0.00000000e+00      
85      	5.03856995e+00      	0.00000000e+00      
92      	1.86166391e-02      	1.41213140e-01      
99      	6.55285378e+00      	9.03662719e-01      
106     	6.25258376e-03      	0.00000000e+00      
113     	2.25431976e+00      	0.00000000e+00      
120     	1.79008522e+00      	0.00000000e+00      
127     	5.64717549e-01      	2.22589316e-01      
134     	3.87277360e-03      	0.00000000e+00      
141     	1.04389618e+00      	0.00000000e+00      
148     	7.74280277e-01      	0.00000000e+00      
Final   	2.03326970e-04      
----------------------      
  AMR 1/1: M=163  err=3.8e-9  obs=5.38e-6  nrmse=0.198  best=0.198  refined=0
collocation [30s]
  [final]  nrmse=0.1984  l2=263.3
extrapolation window: T=200.0 -> T_test=400.0  n_test=302
  [train]  E_traj=0.5526  E_VF=0.003723  E_spec=0.08693
  [test ]  E_traj=0.5271  E_VF=0.1522  E_spec=0.09047
saved /orcd/home/002/txenakis/projects/BVPsolver/src/../data/runs/run_MUq5sk40/vanderpol_fit.png
saved /orcd/home/002/txenakis/projects/BVPsolver/src/../data/runs/run_MUq5sk40/vanderpol_fit_extrapolated.png
saved /orcd/home/002/txenakis/projects/BVPsolver/src/../data/runs/run_MUq5sk40/vanderpol_spectral_fit_extrapolated.png
saved /orcd/home/002/txenakis/projects/BVPsolver/src/../data/runs/run_MUq5sk40/vanderpol_vf_fit_extrapolated.png
saved /orcd/home/002/txenakis/projects/BVPsolver/src/../data/runs/run_MUq5sk40/vanderpol_sensitivity_vs_stiffness_derivmatch.png
saved /orcd/home/002/txenakis/projects/BVPsolver/src/../data/runs/run_MUq5sk40/vanderpol_sensitivity_vs_stiffness_collocation.png
┌ Warning: Attempting to store StiffNN.var"#14#15"{Float64}.
│ JLD2 only stores functions by name.
│  This may not be useful for anonymous functions.
└ @ JLD2 ~/.julia/packages/JLD2/ADycq/src/data/writing_datatypes.jl:447
saved run → /orcd/home/002/txenakis/projects/BVPsolver/src/../data/runs/run_MUq5sk40
--------------------------------------
Done: Fri Sep 25 09:59:45 EDT 2026
