Task 1189/1800: --problem hires --model GELU-scaled --profile fast --seed 139 --pretraining derivmatch --training collocation
Logging to /home/txenakis/projects/BVPsolver/logs/run_main_23553922_1189.log
hires  model=GELU-scaled width=11 d=8 tlen=50 profile=fast seed=139  solver=Rodas5  N=855
  derivmatch lr=0.01 iter=170/3400 loss=4.251
  derivmatch lr=0.01 iter=340/3400 loss=1.208
  derivmatch lr=0.01 iter=510/3400 loss=1.442
  derivmatch lr=0.01 iter=680/3400 loss=0.7444
  derivmatch lr=0.01 iter=850/3400 loss=0.7417
  derivmatch lr=0.01 iter=1020/3400 loss=0.7612
  derivmatch lr=0.01 iter=1190/3400 loss=0.7218
  derivmatch lr=0.01 iter=1360/3400 loss=0.402
  derivmatch lr=0.01 iter=1530/3400 loss=0.4286
  derivmatch lr=0.01 iter=1700/3400 loss=0.5344
  derivmatch lr=0.01 iter=1870/3400 loss=0.2587
  derivmatch lr=0.01 iter=2040/3400 loss=0.2859
  derivmatch lr=0.01 iter=2210/3400 loss=0.3203
  derivmatch lr=0.01 iter=2380/3400 loss=0.2584
  derivmatch lr=0.01 iter=2550/3400 loss=0.1964
  derivmatch lr=0.01 iter=2720/3400 loss=0.2661
  derivmatch lr=0.01 iter=2890/3400 loss=0.2011
  derivmatch lr=0.01 iter=3060/3400 loss=0.3358
  derivmatch lr=0.01 iter=3230/3400 loss=0.3397
  derivmatch lr=0.01 iter=3400/3400 loss=0.1679
  derivmatch lr=0.01 iter=3400/3400 loss=0.1145
  derivmatch lr=0.003 iter=125/2500 loss=0.08536
  derivmatch lr=0.003 iter=250/2500 loss=0.07146
  derivmatch lr=0.003 iter=375/2500 loss=0.06292
  derivmatch lr=0.003 iter=500/2500 loss=0.05118
  derivmatch lr=0.003 iter=625/2500 loss=0.05147
  derivmatch lr=0.003 iter=750/2500 loss=0.1036
  derivmatch lr=0.003 iter=875/2500 loss=0.04331
  derivmatch lr=0.003 iter=1000/2500 loss=0.04131
  derivmatch lr=0.003 iter=1125/2500 loss=0.04393
  derivmatch lr=0.003 iter=1250/2500 loss=0.03074
  derivmatch lr=0.003 iter=1375/2500 loss=0.04069
  derivmatch lr=0.003 iter=1500/2500 loss=0.03916
  derivmatch lr=0.003 iter=1625/2500 loss=0.03349
  derivmatch lr=0.003 iter=1750/2500 loss=0.0302
  derivmatch lr=0.003 iter=1875/2500 loss=0.04895
  derivmatch lr=0.003 iter=2000/2500 loss=0.02345
  derivmatch lr=0.003 iter=2125/2500 loss=0.03185
  derivmatch lr=0.003 iter=2250/2500 loss=0.04358
  derivmatch lr=0.003 iter=2375/2500 loss=0.01978
  derivmatch lr=0.003 iter=2500/2500 loss=0.02853
  derivmatch lr=0.003 iter=2500/2500 loss=0.01883
  derivmatch lr=0.001 iter=125/2500 loss=0.01607
  derivmatch lr=0.001 iter=250/2500 loss=0.01473
  derivmatch lr=0.001 iter=375/2500 loss=0.01385
  derivmatch lr=0.001 iter=500/2500 loss=0.01325
  derivmatch lr=0.001 iter=625/2500 loss=0.01275
  derivmatch lr=0.001 iter=750/2500 loss=0.01231
  derivmatch lr=0.001 iter=875/2500 loss=0.01329
  derivmatch lr=0.001 iter=1000/2500 loss=0.01496
  derivmatch lr=0.001 iter=1125/2500 loss=0.01102
  derivmatch lr=0.001 iter=1250/2500 loss=0.01361
  derivmatch lr=0.001 iter=1375/2500 loss=0.01335
  derivmatch lr=0.001 iter=1500/2500 loss=0.01018
  derivmatch lr=0.001 iter=1625/2500 loss=0.01173
  derivmatch lr=0.001 iter=1750/2500 loss=0.009334
  derivmatch lr=0.001 iter=1875/2500 loss=0.009579
  derivmatch lr=0.001 iter=2000/2500 loss=0.0101
  derivmatch lr=0.001 iter=2125/2500 loss=0.009803
  derivmatch lr=0.001 iter=2250/2500 loss=0.009245
  derivmatch lr=0.001 iter=2375/2500 loss=0.008997
  derivmatch lr=0.001 iter=2500/2500 loss=0.008593
  derivmatch lr=0.001 iter=2500/2500 loss=0.008484
  derivmatch lr=0.0003 iter=80/1600 loss=0.007043
  derivmatch lr=0.0003 iter=160/1600 loss=0.006974
  derivmatch lr=0.0003 iter=240/1600 loss=0.006921
  derivmatch lr=0.0003 iter=320/1600 loss=0.006865
  derivmatch lr=0.0003 iter=400/1600 loss=0.006805
  derivmatch lr=0.0003 iter=480/1600 loss=0.006743
  derivmatch lr=0.0003 iter=560/1600 loss=0.006677
  derivmatch lr=0.0003 iter=640/1600 loss=0.006608
  derivmatch lr=0.0003 iter=720/1600 loss=0.006537
  derivmatch lr=0.0003 iter=800/1600 loss=0.006463
  derivmatch lr=0.0003 iter=880/1600 loss=0.006387
  derivmatch lr=0.0003 iter=960/1600 loss=0.006309
  derivmatch lr=0.0003 iter=1040/1600 loss=0.00623
  derivmatch lr=0.0003 iter=1120/1600 loss=0.006203
  derivmatch lr=0.0003 iter=1200/1600 loss=0.006078
  derivmatch lr=0.0003 iter=1280/1600 loss=0.006001
  derivmatch lr=0.0003 iter=1360/1600 loss=0.005935
  derivmatch lr=0.0003 iter=1440/1600 loss=0.005918
  derivmatch lr=0.0003 iter=1520/1600 loss=0.006915
  derivmatch lr=0.0003 iter=1600/1600 loss=0.006461
  derivmatch lr=0.0003 iter=1600/1600 loss=0.00573
derivative matching [26s]  fitloss=0.00573
  [derivative matching]  nrmse=0.3744  l2=1.554
  collocation: M=75 residuals=2176  detecting sparsity + solving...

Algorithm: LevenbergMarquardt(
    trustregion = LevenbergMarquardtTrustRegion(
        β_uphill = 0.0
    ),
    descent = GeodesicAcceleration(
        descent = DampedNewtonDescent(
            linsolve = QRFactorization(
                pivot = NoPivot(),
                blocksize = 16,
                inplace = true
            ),
            initial_damping = 1.0,
            damping_fn = LevenbergMarquardtDampingFunction(
                increase_factor = 2.0,
                decrease_factor = 3.0,
                min_damping = 1.0e-8
            ),
            min_norm_mode = :auto
        ),
        finite_diff_step_geodesic = 0.1,
        α = 0.75
    ),
    autodiff = AutoForwardDiff(),
    vjp_autodiff = AutoFiniteDiff(
        fdtype = Val{:forward}(),
        fdjtype = Val{:forward}(),
        fdhtype = Val{:hcentral}(),
        dir = true
    ),
    jvp_autodiff = AutoForwardDiff(),
    concrete_jac = Val{true}()
)

----    	-------------       	-----------         
Iter    	f(u) 2-norm         	Step 2-norm         
----    	-------------       	-----------         
0       	6.69187100e+02      	NaN                 
1       	4.24392987e+02      	9.87105117e-02      
8       	8.57092747e+01      	4.89011783e-01      
15      	3.42467322e+01      	3.42434446e-01      
22      	2.21978278e+01      	0.00000000e+00      
29      	7.84615774e+00      	5.02869707e-01      
36      	3.27182315e+00      	0.00000000e+00      
43      	1.12640305e+01      	7.47651090e-01      
50      	2.97878765e+00      	0.00000000e+00      
57      	2.93467885e+00      	4.34695722e-01      
64      	3.04692515e+00      	0.00000000e+00      
71      	1.29201094e+00      	0.00000000e+00      
78      	3.49922948e+00      	0.00000000e+00      
85      	3.49922948e+00      	0.00000000e+00      
92      	2.89141201e-01      	3.60733549e-03      
99      	1.13827109e+00      	2.46301461e-01      
106     	1.48292214e+01      	0.00000000e+00      
113     	1.48292214e+01      	0.00000000e+00      
120     	2.16764735e-01      	6.08906278e-03      
127     	8.95608760e-02      	1.06791344e-01      
134     	7.91856637e-01      	0.00000000e+00      
141     	6.59038061e-01      	0.00000000e+00      
148     	6.17307575e+00      	0.00000000e+00      
Final   	8.66469560e-02      
----------------------      
  AMR 1/1: M=75  err=0.00186  obs=6.2e-6  nrmse=0.0136  best=0.0136  refined=0
collocation [192s]
  [final]  nrmse=0.01358  l2=0.05511
extrapolation window: T=321.8122 -> T_test=643.624  n_test=100
  [train]  E_traj=0.0009482  E_VF=0.001036  E_spec=0.9701
  [test ]  E_traj=522500.0  E_VF=2.688e7  E_spec=2.368e7
saved /orcd/home/002/txenakis/projects/BVPsolver/src/../data/runs/run_QCjOfv7h/hires_fit.png
saved /orcd/home/002/txenakis/projects/BVPsolver/src/../data/runs/run_QCjOfv7h/hires_fit_extrapolated.png
saved /orcd/home/002/txenakis/projects/BVPsolver/src/../data/runs/run_QCjOfv7h/hires_spectral_fit_extrapolated.png
saved /orcd/home/002/txenakis/projects/BVPsolver/src/../data/runs/run_QCjOfv7h/hires_vf_fit_extrapolated.png
┌ Warning: Attempting to store StiffNN.var"#18#19"{Type{Float64}}.
│ JLD2 only stores functions by name.
│  This may not be useful for anonymous functions.
└ @ JLD2 ~/.julia/packages/JLD2/ADycq/src/data/writing_datatypes.jl:447
saved run → /orcd/home/002/txenakis/projects/BVPsolver/src/../data/runs/run_QCjOfv7h
--------------------------------------
Done: Wed Sep 23 19:03:21 EDT 2026
