Task 1500/1800: --problem davis-skodje --model stiff --profile fast --seed 100 --pretraining derivmatch --training shooting
Logging to /home/txenakis/projects/BVPsolver/logs/run_main_23593274_1500.log
davis-skodje  model=stiff width=12 d=2 tlen=300 profile=fast seed=100  solver=Rodas5P  N=268
  derivmatch lr=0.01 iter=170/3400 loss=0.0877
  derivmatch lr=0.01 iter=340/3400 loss=0.0292
  derivmatch lr=0.01 iter=510/3400 loss=0.0168
  derivmatch lr=0.01 iter=680/3400 loss=0.009731
  derivmatch lr=0.01 iter=850/3400 loss=0.005424
  derivmatch lr=0.01 iter=1020/3400 loss=0.002637
  derivmatch lr=0.01 iter=1190/3400 loss=0.001368
  derivmatch lr=0.01 iter=1360/3400 loss=0.0008749
  derivmatch lr=0.01 iter=1530/3400 loss=0.0006238
  derivmatch lr=0.01 iter=1700/3400 loss=0.000478
  derivmatch lr=0.01 iter=1870/3400 loss=0.0003864
  derivmatch lr=0.01 iter=2040/3400 loss=0.0003251
  derivmatch lr=0.01 iter=2210/3400 loss=0.0002814
  derivmatch lr=0.01 iter=2380/3400 loss=0.0002479
  derivmatch lr=0.01 iter=2550/3400 loss=0.0002206
  derivmatch lr=0.01 iter=2720/3400 loss=0.0001973
  derivmatch lr=0.01 iter=2890/3400 loss=0.0001765
  derivmatch lr=0.01 iter=3060/3400 loss=0.0001576
  derivmatch lr=0.01 iter=3230/3400 loss=0.0001403
  derivmatch lr=0.01 iter=3400/3400 loss=0.0001244
  derivmatch lr=0.01 iter=3400/3400 loss=0.0001244
  derivmatch lr=0.003 iter=125/2500 loss=9.804e-5
  derivmatch lr=0.003 iter=250/2500 loss=6.934e-5
  derivmatch lr=0.003 iter=375/2500 loss=4.469e-5
  derivmatch lr=0.003 iter=500/2500 loss=2.887e-5
  derivmatch lr=0.003 iter=625/2500 loss=1.933e-5
  derivmatch lr=0.003 iter=750/2500 loss=1.871e-5
  derivmatch lr=0.003 iter=875/2500 loss=1.183e-5
  derivmatch lr=0.003 iter=1000/2500 loss=1.156e-5
  derivmatch lr=0.003 iter=1125/2500 loss=8.728e-6
  derivmatch lr=0.003 iter=1250/2500 loss=1.021e-5
  derivmatch lr=0.003 iter=1375/2500 loss=6.862e-6
  derivmatch lr=0.003 iter=1500/2500 loss=0.0001056
  derivmatch lr=0.003 iter=1625/2500 loss=5.601e-6
  derivmatch lr=0.003 iter=1750/2500 loss=5.108e-6
  derivmatch lr=0.003 iter=1875/2500 loss=4.703e-6
  derivmatch lr=0.003 iter=2000/2500 loss=4.332e-6
  derivmatch lr=0.003 iter=2125/2500 loss=5.412e-6
  derivmatch lr=0.003 iter=2250/2500 loss=3.726e-6
  derivmatch lr=0.003 iter=2375/2500 loss=3.463e-6
  derivmatch lr=0.003 iter=2500/2500 loss=3.251e-6
  derivmatch lr=0.003 iter=2500/2500 loss=3.251e-6
  derivmatch lr=0.001 iter=125/2500 loss=3.215e-6
  derivmatch lr=0.001 iter=250/2500 loss=3.155e-6
  derivmatch lr=0.001 iter=375/2500 loss=3.08e-6
  derivmatch lr=0.001 iter=500/2500 loss=2.995e-6
  derivmatch lr=0.001 iter=625/2500 loss=2.9e-6
  derivmatch lr=0.001 iter=750/2500 loss=2.799e-6
  derivmatch lr=0.001 iter=875/2500 loss=2.72e-6
  derivmatch lr=0.001 iter=1000/2500 loss=2.609e-6
  derivmatch lr=0.001 iter=1125/2500 loss=2.488e-6
  derivmatch lr=0.001 iter=1250/2500 loss=2.388e-6
  derivmatch lr=0.001 iter=1375/2500 loss=2.287e-6
  derivmatch lr=0.001 iter=1500/2500 loss=2.19e-6
  derivmatch lr=0.001 iter=1625/2500 loss=2.094e-6
  derivmatch lr=0.001 iter=1750/2500 loss=2.008e-6
  derivmatch lr=0.001 iter=1875/2500 loss=1.914e-6
  derivmatch lr=0.001 iter=2000/2500 loss=1.885e-6
  derivmatch lr=0.001 iter=2125/2500 loss=1.752e-6
  derivmatch lr=0.001 iter=2250/2500 loss=1.68e-6
  derivmatch lr=0.001 iter=2375/2500 loss=1.732e-6
  derivmatch lr=0.001 iter=2500/2500 loss=1.551e-6
  derivmatch lr=0.001 iter=2500/2500 loss=1.55e-6
  derivmatch lr=0.0003 iter=80/1600 loss=1.549e-6
  derivmatch lr=0.0003 iter=160/1600 loss=1.538e-6
  derivmatch lr=0.0003 iter=240/1600 loss=1.53e-6
  derivmatch lr=0.0003 iter=320/1600 loss=1.52e-6
  derivmatch lr=0.0003 iter=400/1600 loss=1.509e-6
  derivmatch lr=0.0003 iter=480/1600 loss=1.496e-6
  derivmatch lr=0.0003 iter=560/1600 loss=1.483e-6
  derivmatch lr=0.0003 iter=640/1600 loss=1.468e-6
  derivmatch lr=0.0003 iter=720/1600 loss=1.452e-6
  derivmatch lr=0.0003 iter=800/1600 loss=1.435e-6
  derivmatch lr=0.0003 iter=880/1600 loss=1.417e-6
  derivmatch lr=0.0003 iter=960/1600 loss=1.399e-6
  derivmatch lr=0.0003 iter=1040/1600 loss=1.379e-6
  derivmatch lr=0.0003 iter=1120/1600 loss=1.359e-6
  derivmatch lr=0.0003 iter=1200/1600 loss=1.338e-6
  derivmatch lr=0.0003 iter=1280/1600 loss=1.317e-6
  derivmatch lr=0.0003 iter=1360/1600 loss=1.295e-6
  derivmatch lr=0.0003 iter=1440/1600 loss=1.274e-6
  derivmatch lr=0.0003 iter=1520/1600 loss=1.252e-6
  derivmatch lr=0.0003 iter=1600/1600 loss=1.248e-6
  derivmatch lr=0.0003 iter=1600/1600 loss=1.231e-6
derivative matching [31s]  fitloss=1.23e-6
  [derivative matching]  nrmse=6.238e-5  l2=0.002617
  shooting iter=50/1000 loss=0.0009179
  shooting iter=100/1000 loss=0.0009277
  shooting iter=150/1000 loss=0.0003059
  shooting iter=200/1000 loss=0.0005787
  shooting iter=250/1000 loss=0.0004102
  shooting iter=300/1000 loss=0.0003596
  shooting iter=350/1000 loss=0.0009269
  shooting iter=400/1000 loss=0.0006749
  shooting iter=450/1000 loss=0.0009646
  shooting iter=500/1000 loss=0.0009884
  shooting iter=550/1000 loss=0.001158
  shooting iter=600/1000 loss=0.0006152
  shooting iter=650/1000 loss=0.0007018
  shooting iter=700/1000 loss=0.0005058
  shooting iter=750/1000 loss=0.000813
  shooting iter=800/1000 loss=0.0008125
  shooting iter=850/1000 loss=0.001384
  shooting iter=900/1000 loss=0.001016
  shooting iter=950/1000 loss=0.0007051
  shooting iter=1000/1000 loss=0.0007266
  shooting iter=1000/1000 loss=4.35e-5
shooting [338s]  loss=4.35e-5
  [final]  nrmse=6.238e-5  l2=0.002617
extrapolation window: T=15.0 -> T_test=30.0  n_test=600
  [train]  E_traj=9.62e-9  E_VF=5.333e-7  E_spec=0.3565
  [test ]  E_traj=7.157e9  E_VF=557400.0  E_spec=0.8466
saved /orcd/home/002/txenakis/projects/BVPsolver/src/../data/runs/run_Cbe3A98j/davis-skodje_fit.png
saved /orcd/home/002/txenakis/projects/BVPsolver/src/../data/runs/run_Cbe3A98j/davis-skodje_fit_extrapolated.png
saved /orcd/home/002/txenakis/projects/BVPsolver/src/../data/runs/run_Cbe3A98j/davis-skodje_spectral_fit_extrapolated.png
saved /orcd/home/002/txenakis/projects/BVPsolver/src/../data/runs/run_Cbe3A98j/davis-skodje_vf_fit_extrapolated.png
┌ Warning: Attempting to store StiffNN.var"#22#23"{Float64}.
│ JLD2 only stores functions by name.
│  This may not be useful for anonymous functions.
└ @ JLD2 ~/.julia/packages/JLD2/ADycq/src/data/writing_datatypes.jl:447
saved run → /orcd/home/002/txenakis/projects/BVPsolver/src/../data/runs/run_Cbe3A98j
--------------------------------------
Done: Thu Sep 24 00:52:46 EDT 2026
