Task 706/1800: --problem vanderpol --model mlp --profile fast --seed 106 --pretraining derivmatch --training shooting
Logging to /home/txenakis/projects/BVPsolver/logs/run_main_23544358_706.log
vanderpol  model=mlp width=14 d=2 tlen=151 profile=fast seed=106  solver=Kvaerno5  N=282
  derivmatch lr=0.01 iter=170/3400 loss=3.398
  derivmatch lr=0.01 iter=340/3400 loss=2.321
  derivmatch lr=0.01 iter=510/3400 loss=1.935
  derivmatch lr=0.01 iter=680/3400 loss=1.705
  derivmatch lr=0.01 iter=850/3400 loss=1.551
  derivmatch lr=0.01 iter=1020/3400 loss=1.47
  derivmatch lr=0.01 iter=1190/3400 loss=1.369
  derivmatch lr=0.01 iter=1360/3400 loss=1.291
  derivmatch lr=0.01 iter=1530/3400 loss=1.227
  derivmatch lr=0.01 iter=1700/3400 loss=1.172
  derivmatch lr=0.01 iter=1870/3400 loss=1.122
  derivmatch lr=0.01 iter=2040/3400 loss=1.077
  derivmatch lr=0.01 iter=2210/3400 loss=1.035
  derivmatch lr=0.01 iter=2380/3400 loss=0.9952
  derivmatch lr=0.01 iter=2550/3400 loss=0.9672
  derivmatch lr=0.01 iter=2720/3400 loss=0.9278
  derivmatch lr=0.01 iter=2890/3400 loss=0.8945
  derivmatch lr=0.01 iter=3060/3400 loss=0.8625
  derivmatch lr=0.01 iter=3230/3400 loss=0.8347
  derivmatch lr=0.01 iter=3400/3400 loss=0.8105
  derivmatch lr=0.01 iter=3400/3400 loss=0.8102
  derivmatch lr=0.003 iter=125/2500 loss=0.8006
  derivmatch lr=0.003 iter=250/2500 loss=0.7916
  derivmatch lr=0.003 iter=375/2500 loss=0.7827
  derivmatch lr=0.003 iter=500/2500 loss=0.7738
  derivmatch lr=0.003 iter=625/2500 loss=0.7649
  derivmatch lr=0.003 iter=750/2500 loss=0.7562
  derivmatch lr=0.003 iter=875/2500 loss=0.7477
  derivmatch lr=0.003 iter=1000/2500 loss=0.7395
  derivmatch lr=0.003 iter=1125/2500 loss=0.7316
  derivmatch lr=0.003 iter=1250/2500 loss=0.7243
  derivmatch lr=0.003 iter=1375/2500 loss=0.7162
  derivmatch lr=0.003 iter=1500/2500 loss=0.7089
  derivmatch lr=0.003 iter=1625/2500 loss=0.7016
  derivmatch lr=0.003 iter=1750/2500 loss=0.6945
  derivmatch lr=0.003 iter=1875/2500 loss=0.6876
  derivmatch lr=0.003 iter=2000/2500 loss=0.6813
  derivmatch lr=0.003 iter=2125/2500 loss=0.6743
  derivmatch lr=0.003 iter=2250/2500 loss=0.6703
  derivmatch lr=0.003 iter=2375/2500 loss=0.6619
  derivmatch lr=0.003 iter=2500/2500 loss=0.6559
  derivmatch lr=0.003 iter=2500/2500 loss=0.6559
  derivmatch lr=0.001 iter=125/2500 loss=0.6537
  derivmatch lr=0.001 iter=250/2500 loss=0.6514
  derivmatch lr=0.001 iter=375/2500 loss=0.649
  derivmatch lr=0.001 iter=500/2500 loss=0.6466
  derivmatch lr=0.001 iter=625/2500 loss=0.644
  derivmatch lr=0.001 iter=750/2500 loss=0.6413
  derivmatch lr=0.001 iter=875/2500 loss=0.6386
  derivmatch lr=0.001 iter=1000/2500 loss=0.6362
  derivmatch lr=0.001 iter=1125/2500 loss=0.6333
  derivmatch lr=0.001 iter=1250/2500 loss=0.6306
  derivmatch lr=0.001 iter=1375/2500 loss=0.6281
  derivmatch lr=0.001 iter=1500/2500 loss=0.6256
  derivmatch lr=0.001 iter=1625/2500 loss=0.6231
  derivmatch lr=0.001 iter=1750/2500 loss=0.6207
  derivmatch lr=0.001 iter=1875/2500 loss=0.6188
  derivmatch lr=0.001 iter=2000/2500 loss=0.616
  derivmatch lr=0.001 iter=2125/2500 loss=0.6137
  derivmatch lr=0.001 iter=2250/2500 loss=0.6114
  derivmatch lr=0.001 iter=2375/2500 loss=0.6091
  derivmatch lr=0.001 iter=2500/2500 loss=0.6069
  derivmatch lr=0.001 iter=2500/2500 loss=0.6069
  derivmatch lr=0.0003 iter=80/1600 loss=0.6065
  derivmatch lr=0.0003 iter=160/1600 loss=0.6061
  derivmatch lr=0.0003 iter=240/1600 loss=0.6057
  derivmatch lr=0.0003 iter=320/1600 loss=0.6052
  derivmatch lr=0.0003 iter=400/1600 loss=0.6048
  derivmatch lr=0.0003 iter=480/1600 loss=0.6043
  derivmatch lr=0.0003 iter=560/1600 loss=0.6038
  derivmatch lr=0.0003 iter=640/1600 loss=0.6033
  derivmatch lr=0.0003 iter=720/1600 loss=0.6027
  derivmatch lr=0.0003 iter=800/1600 loss=0.6022
  derivmatch lr=0.0003 iter=880/1600 loss=0.6016
  derivmatch lr=0.0003 iter=960/1600 loss=0.6011
  derivmatch lr=0.0003 iter=1040/1600 loss=0.6006
  derivmatch lr=0.0003 iter=1120/1600 loss=0.6
  derivmatch lr=0.0003 iter=1200/1600 loss=0.5995
  derivmatch lr=0.0003 iter=1280/1600 loss=0.5989
  derivmatch lr=0.0003 iter=1360/1600 loss=0.5984
  derivmatch lr=0.0003 iter=1440/1600 loss=0.5978
  derivmatch lr=0.0003 iter=1520/1600 loss=0.5973
  derivmatch lr=0.0003 iter=1600/1600 loss=0.5967
  derivmatch lr=0.0003 iter=1600/1600 loss=0.5967
derivative matching [25s]  fitloss=0.597
  [derivative matching]  nrmse=0.3033  l2=325.2
  shooting iter=50/1000 loss=0.5058
  shooting iter=100/1000 loss=0.5344
  shooting iter=150/1000 loss=0.5347
  shooting iter=200/1000 loss=0.5347
