Task 118/120: --problem davis-skodje --param 1e-6 --model GELU-scaled --profile fast --seed 48 --pretraining derivmatch --training shooting
Logging to /home/txenakis/projects/BVPsolver/logs/run_main_22277856_118.log
davis-skodje  model=GELU-scaled width=7 d=2 tlen=300 profile=fast seed=48  solver=Rodas5P  N=317
  derivmatch lr=0.01 iter=170/3400 loss=0.397
  derivmatch lr=0.01 iter=340/3400 loss=0.2759
  derivmatch lr=0.01 iter=510/3400 loss=0.1565
  derivmatch lr=0.01 iter=680/3400 loss=0.1218
  derivmatch lr=0.01 iter=850/3400 loss=0.1106
  derivmatch lr=0.01 iter=1020/3400 loss=0.1151
  derivmatch lr=0.01 iter=1190/3400 loss=0.09905
  derivmatch lr=0.01 iter=1360/3400 loss=0.1001
  derivmatch lr=0.01 iter=1530/3400 loss=0.09696
  derivmatch lr=0.01 iter=1700/3400 loss=0.09767
  derivmatch lr=0.01 iter=1870/3400 loss=0.09863
  derivmatch lr=0.01 iter=2040/3400 loss=0.09613
  derivmatch lr=0.01 iter=2210/3400 loss=0.09694
  derivmatch lr=0.01 iter=2380/3400 loss=0.09589
  derivmatch lr=0.01 iter=2550/3400 loss=0.09765
  derivmatch lr=0.01 iter=2720/3400 loss=0.09686
  derivmatch lr=0.01 iter=2890/3400 loss=0.1466
  derivmatch lr=0.01 iter=3060/3400 loss=0.09632
  derivmatch lr=0.01 iter=3230/3400 loss=0.09603
  derivmatch lr=0.01 iter=3400/3400 loss=0.09575
  derivmatch lr=0.01 iter=3400/3400 loss=0.09556
  derivmatch lr=0.003 iter=125/2500 loss=0.09549
  derivmatch lr=0.003 iter=250/2500 loss=0.09545
  derivmatch lr=0.003 iter=375/2500 loss=0.0954
  derivmatch lr=0.003 iter=500/2500 loss=0.09542
  derivmatch lr=0.003 iter=625/2500 loss=0.09544
  derivmatch lr=0.003 iter=750/2500 loss=0.09551
  derivmatch lr=0.003 iter=875/2500 loss=0.09527
  derivmatch lr=0.003 iter=1000/2500 loss=0.09538
  derivmatch lr=0.003 iter=1125/2500 loss=0.09496
  derivmatch lr=0.003 iter=1250/2500 loss=0.09478
  derivmatch lr=0.003 iter=1375/2500 loss=0.09487
  derivmatch lr=0.003 iter=1500/2500 loss=0.09462
  derivmatch lr=0.003 iter=1625/2500 loss=0.094
  derivmatch lr=0.003 iter=1750/2500 loss=0.09336
  derivmatch lr=0.003 iter=1875/2500 loss=0.09278
  derivmatch lr=0.003 iter=2000/2500 loss=0.09117
  derivmatch lr=0.003 iter=2125/2500 loss=0.08917
  derivmatch lr=0.003 iter=2250/2500 loss=0.0876
  derivmatch lr=0.003 iter=2375/2500 loss=0.0856
  derivmatch lr=0.003 iter=2500/2500 loss=0.08358
  derivmatch lr=0.003 iter=2500/2500 loss=0.08358
  derivmatch lr=0.001 iter=125/2500 loss=0.08331
  derivmatch lr=0.001 iter=250/2500 loss=0.08297
  derivmatch lr=0.001 iter=375/2500 loss=0.08255
  derivmatch lr=0.001 iter=500/2500 loss=0.08209
  derivmatch lr=0.001 iter=625/2500 loss=0.0816
  derivmatch lr=0.001 iter=750/2500 loss=0.08108
  derivmatch lr=0.001 iter=875/2500 loss=0.08053
  derivmatch lr=0.001 iter=1000/2500 loss=0.08002
  derivmatch lr=0.001 iter=1125/2500 loss=0.0795
  derivmatch lr=0.001 iter=1250/2500 loss=0.07897
  derivmatch lr=0.001 iter=1375/2500 loss=0.07846
  derivmatch lr=0.001 iter=1500/2500 loss=0.07796
  derivmatch lr=0.001 iter=1625/2500 loss=0.07748
  derivmatch lr=0.001 iter=1750/2500 loss=0.0772
  derivmatch lr=0.001 iter=1875/2500 loss=0.07655
  derivmatch lr=0.001 iter=2000/2500 loss=0.0761
  derivmatch lr=0.001 iter=2125/2500 loss=0.0757
  derivmatch lr=0.001 iter=2250/2500 loss=0.07527
  derivmatch lr=0.001 iter=2375/2500 loss=0.07488
  derivmatch lr=0.001 iter=2500/2500 loss=0.07454
  derivmatch lr=0.001 iter=2500/2500 loss=0.07451
  derivmatch lr=0.0003 iter=80/1600 loss=0.07444
  derivmatch lr=0.0003 iter=160/1600 loss=0.07438
  derivmatch lr=0.0003 iter=240/1600 loss=0.07432
  derivmatch lr=0.0003 iter=320/1600 loss=0.07425
  derivmatch lr=0.0003 iter=400/1600 loss=0.07417
  derivmatch lr=0.0003 iter=480/1600 loss=0.0741
  derivmatch lr=0.0003 iter=560/1600 loss=0.07401
  derivmatch lr=0.0003 iter=640/1600 loss=0.07393
  derivmatch lr=0.0003 iter=720/1600 loss=0.07384
  derivmatch lr=0.0003 iter=800/1600 loss=0.07375
  derivmatch lr=0.0003 iter=880/1600 loss=0.07365
  derivmatch lr=0.0003 iter=960/1600 loss=0.07356
  derivmatch lr=0.0003 iter=1040/1600 loss=0.07346
  derivmatch lr=0.0003 iter=1120/1600 loss=0.07336
  derivmatch lr=0.0003 iter=1200/1600 loss=0.07325
  derivmatch lr=0.0003 iter=1280/1600 loss=0.07315
  derivmatch lr=0.0003 iter=1360/1600 loss=0.07304
  derivmatch lr=0.0003 iter=1440/1600 loss=0.07294
  derivmatch lr=0.0003 iter=1520/1600 loss=0.07283
  derivmatch lr=0.0003 iter=1600/1600 loss=0.07272
  derivmatch lr=0.0003 iter=1600/1600 loss=0.07272
derivative matching [31s]  fitloss=0.0727
  [derivative matching]  nrmse=0.5967  l2=23.87
  shooting iter=50/1000 loss=0.204
  shooting iter=100/1000 loss=0.193
  shooting iter=150/1000 loss=0.193
  shooting iter=200/1000 loss=0.1872
  shooting iter=250/1000 loss=0.1864
  shooting iter=300/1000 loss=0.1857
  shooting iter=350/1000 loss=0.1845
  shooting iter=400/1000 loss=0.1837
  shooting iter=450/1000 loss=0.1829
  shooting iter=500/1000 loss=0.1845
  shooting iter=550/1000 loss=0.1818
  shooting iter=600/1000 loss=0.1808
  shooting iter=650/1000 loss=0.1796
  shooting iter=700/1000 loss=0.1786
  shooting iter=750/1000 loss=0.1782
  shooting iter=800/1000 loss=0.1772
  shooting iter=850/1000 loss=0.1764
  shooting iter=900/1000 loss=0.1757
  shooting iter=950/1000 loss=0.1753
  shooting iter=1000/1000 loss=0.1747
  shooting iter=1000/1000 loss=0.1743
shooting [1044s]  loss=0.174
  [final]  nrmse=0.343  l2=16.8
extrapolation window: T=15.0 -> T_test=30.0  n_test=600
  [train]  E_traj=2.472  E_VF=0.5068  E_spec=0.7087
  [test ]  E_traj=1.249e8  E_VF=4.967e11  E_spec=0.5464
saved /orcd/home/002/txenakis/projects/BVPsolver/src/../data/runs/run_SKXqSG5v/davis-skodje_fit.png
saved /orcd/home/002/txenakis/projects/BVPsolver/src/../data/runs/run_SKXqSG5v/davis-skodje_fit_extrapolated.png
saved /orcd/home/002/txenakis/projects/BVPsolver/src/../data/runs/run_SKXqSG5v/davis-skodje_spectral_fit_extrapolated.png
saved /orcd/home/002/txenakis/projects/BVPsolver/src/../data/runs/run_SKXqSG5v/davis-skodje_vf_fit_extrapolated.png
┌ Warning: Attempting to store StiffNN.var"#22#23"{Float64}.
│ JLD2 only stores functions by name.
│  This may not be useful for anonymous functions.
└ @ JLD2 ~/.julia/packages/JLD2/ADycq/src/data/writing_datatypes.jl:447
saved run → /orcd/home/002/txenakis/projects/BVPsolver/src/../data/runs/run_SKXqSG5v
--------------------------------------
Done: Tue Sep  8 07:07:21 EDT 2026
