Task 985/1800: --problem hires --model stiff --profile fast --seed 135 --pretraining derivmatch --training collocation
Logging to /home/txenakis/projects/BVPsolver/logs/run_main_23553922_985.log
hires  model=stiff width=16 d=8 tlen=50 profile=fast seed=135  solver=Rodas5  N=816
  derivmatch lr=0.01 iter=170/3400 loss=0.09769
  derivmatch lr=0.01 iter=340/3400 loss=0.04216
  derivmatch lr=0.01 iter=510/3400 loss=0.02285
  derivmatch lr=0.01 iter=680/3400 loss=0.01461
  derivmatch lr=0.01 iter=850/3400 loss=0.01024
  derivmatch lr=0.01 iter=1020/3400 loss=0.007397
  derivmatch lr=0.01 iter=1190/3400 loss=0.005392
  derivmatch lr=0.01 iter=1360/3400 loss=0.003952
  derivmatch lr=0.01 iter=1530/3400 loss=0.002951
  derivmatch lr=0.01 iter=1700/3400 loss=0.00229
  derivmatch lr=0.01 iter=1870/3400 loss=0.001865
  derivmatch lr=0.01 iter=2040/3400 loss=0.07349
  derivmatch lr=0.01 iter=2210/3400 loss=0.01121
  derivmatch lr=0.01 iter=2380/3400 loss=0.005634
  derivmatch lr=0.01 iter=2550/3400 loss=0.004363
  derivmatch lr=0.01 iter=2720/3400 loss=0.003662
  derivmatch lr=0.01 iter=2890/3400 loss=0.003149
  derivmatch lr=0.01 iter=3060/3400 loss=0.002732
  derivmatch lr=0.01 iter=3230/3400 loss=0.00238
  derivmatch lr=0.01 iter=3400/3400 loss=0.002078
  derivmatch lr=0.01 iter=3400/3400 loss=0.001759
  derivmatch lr=0.003 iter=125/2500 loss=0.001735
  derivmatch lr=0.003 iter=250/2500 loss=0.001619
  derivmatch lr=0.003 iter=375/2500 loss=0.001537
  derivmatch lr=0.003 iter=500/2500 loss=0.001462
  derivmatch lr=0.003 iter=625/2500 loss=0.00139
  derivmatch lr=0.003 iter=750/2500 loss=0.001319
  derivmatch lr=0.003 iter=875/2500 loss=0.001247
  derivmatch lr=0.003 iter=1000/2500 loss=0.001176
  derivmatch lr=0.003 iter=1125/2500 loss=0.001107
  derivmatch lr=0.003 iter=1250/2500 loss=0.001349
  derivmatch lr=0.003 iter=1375/2500 loss=0.0009959
  derivmatch lr=0.003 iter=1500/2500 loss=0.0009429
  derivmatch lr=0.003 iter=1625/2500 loss=0.0008899
  derivmatch lr=0.003 iter=1750/2500 loss=0.0008371
  derivmatch lr=0.003 iter=1875/2500 loss=0.0007854
  derivmatch lr=0.003 iter=2000/2500 loss=0.0023
  derivmatch lr=0.003 iter=2125/2500 loss=0.0007292
  derivmatch lr=0.003 iter=2250/2500 loss=0.0006911
  derivmatch lr=0.003 iter=2375/2500 loss=0.0006581
  derivmatch lr=0.003 iter=2500/2500 loss=0.0006272
  derivmatch lr=0.003 iter=2500/2500 loss=0.0006272
  derivmatch lr=0.001 iter=125/2500 loss=0.0005997
  derivmatch lr=0.001 iter=250/2500 loss=0.0005714
  derivmatch lr=0.001 iter=375/2500 loss=0.0005387
  derivmatch lr=0.001 iter=500/2500 loss=0.0005126
  derivmatch lr=0.001 iter=625/2500 loss=0.0004849
  derivmatch lr=0.001 iter=750/2500 loss=0.0007951
  derivmatch lr=0.001 iter=875/2500 loss=0.0004351
  derivmatch lr=0.001 iter=1000/2500 loss=0.0004117
  derivmatch lr=0.001 iter=1125/2500 loss=0.0003916
  derivmatch lr=0.001 iter=1250/2500 loss=0.0003712
  derivmatch lr=0.001 iter=1375/2500 loss=0.0003733
  derivmatch lr=0.001 iter=1500/2500 loss=0.0003373
  derivmatch lr=0.001 iter=1625/2500 loss=0.0003281
  derivmatch lr=0.001 iter=1750/2500 loss=0.0003091
  derivmatch lr=0.001 iter=1875/2500 loss=0.0002958
  derivmatch lr=0.001 iter=2000/2500 loss=0.0002852
  derivmatch lr=0.001 iter=2125/2500 loss=0.000274
  derivmatch lr=0.001 iter=2250/2500 loss=0.000265
  derivmatch lr=0.001 iter=2375/2500 loss=0.0002605
  derivmatch lr=0.001 iter=2500/2500 loss=0.000248
  derivmatch lr=0.001 iter=2500/2500 loss=0.000248
  derivmatch lr=0.0003 iter=80/1600 loss=0.0002465
  derivmatch lr=0.0003 iter=160/1600 loss=0.0002451
  derivmatch lr=0.0003 iter=240/1600 loss=0.0002434
  derivmatch lr=0.0003 iter=320/1600 loss=0.0002415
  derivmatch lr=0.0003 iter=400/1600 loss=0.0002393
  derivmatch lr=0.0003 iter=480/1600 loss=0.0002369
  derivmatch lr=0.0003 iter=560/1600 loss=0.0002343
  derivmatch lr=0.0003 iter=640/1600 loss=0.0002315
  derivmatch lr=0.0003 iter=720/1600 loss=0.0002286
  derivmatch lr=0.0003 iter=800/1600 loss=0.0002256
  derivmatch lr=0.0003 iter=880/1600 loss=0.0002225
  derivmatch lr=0.0003 iter=960/1600 loss=0.0002193
  derivmatch lr=0.0003 iter=1040/1600 loss=0.0002163
  derivmatch lr=0.0003 iter=1120/1600 loss=0.0002132
  derivmatch lr=0.0003 iter=1200/1600 loss=0.0002103
  derivmatch lr=0.0003 iter=1280/1600 loss=0.0002074
  derivmatch lr=0.0003 iter=1360/1600 loss=0.0002045
  derivmatch lr=0.0003 iter=1440/1600 loss=0.0002021
  derivmatch lr=0.0003 iter=1520/1600 loss=0.0001991
  derivmatch lr=0.0003 iter=1600/1600 loss=0.0001964
  derivmatch lr=0.0003 iter=1600/1600 loss=0.0001964
derivative matching [33s]  fitloss=0.000196
  [derivative matching]  nrmse=0.09264  l2=0.7411
  collocation: M=75 residuals=2176  detecting sparsity + solving...

Algorithm: LevenbergMarquardt(
    trustregion = LevenbergMarquardtTrustRegion(
        β_uphill = 0.0
    ),
    descent = GeodesicAcceleration(
        descent = DampedNewtonDescent(
            linsolve = QRFactorization(
                pivot = NoPivot(),
                blocksize = 16,
                inplace = true
            ),
            initial_damping = 1.0,
            damping_fn = LevenbergMarquardtDampingFunction(
                increase_factor = 2.0,
                decrease_factor = 3.0,
                min_damping = 1.0e-8
            ),
            min_norm_mode = :auto
        ),
        finite_diff_step_geodesic = 0.1,
        α = 0.75
    ),
    autodiff = AutoForwardDiff(),
    vjp_autodiff = AutoFiniteDiff(
        fdtype = Val{:forward}(),
        fdjtype = Val{:forward}(),
        fdhtype = Val{:hcentral}(),
        dir = true
    ),
    jvp_autodiff = AutoForwardDiff(),
    concrete_jac = Val{true}()
)

----    	-------------       	-----------         
Iter    	f(u) 2-norm         	Step 2-norm         
----    	-------------       	-----------         
0       	2.86986689e+02      	NaN                 
1       	1.79426564e+02      	5.59082002e-02      
8       	5.07230118e+01      	8.17703089e-02      
15      	5.20506238e+00      	3.49441357e-01      
22      	3.65892629e+00      	6.46952017e-01      
29      	3.50301515e+00      	0.00000000e+00      
36      	3.51584547e+00      	0.00000000e+00      
43      	7.55543444e-01      	0.00000000e+00      
50      	2.22759201e+00      	0.00000000e+00      
57      	5.23249267e+00      	6.87388552e-01      
64      	5.26876770e+00      	0.00000000e+00      
71      	5.66992053e+00      	7.70925434e-01      
78      	6.28269201e+00      	0.00000000e+00      
85      	4.15346682e-01      	0.00000000e+00      
92      	5.67734047e-01      	0.00000000e+00      
99      	5.45038058e+00      	0.00000000e+00      
106     	2.00792169e+00      	5.78252718e-01      
113     	3.32498256e+00      	7.26717060e-01      
120     	4.85425127e+00      	6.58685373e-01      
127     	1.80822454e+00      	6.39772390e-01      
134     	1.02779552e+00      	4.16088778e-01      
141     	9.97811832e-01      	4.25864157e-01      
148     	8.27970208e-03      	9.59863691e-02      
Final   	8.27970208e-03      
----------------------      
  AMR 1/1: M=75  err=1.52e-5  obs=5.06e-6  nrmse=0.038  best=0.038  refined=0
collocation [166s]
  [final]  nrmse=0.03801  l2=0.1746
extrapolation window: T=321.8122 -> T_test=643.624  n_test=100
  [train]  E_traj=0.003859  E_VF=0.0005258  E_spec=7.383e17
  [test ]  E_traj=3007.0  E_VF=6.213e6  E_spec=3.3220000000000004e28
saved /orcd/home/002/txenakis/projects/BVPsolver/src/../data/runs/run_0wdWTccF/hires_fit.png
saved /orcd/home/002/txenakis/projects/BVPsolver/src/../data/runs/run_0wdWTccF/hires_fit_extrapolated.png
saved /orcd/home/002/txenakis/projects/BVPsolver/src/../data/runs/run_0wdWTccF/hires_spectral_fit_extrapolated.png
saved /orcd/home/002/txenakis/projects/BVPsolver/src/../data/runs/run_0wdWTccF/hires_vf_fit_extrapolated.png
┌ Warning: Attempting to store StiffNN.var"#18#19"{Type{Float64}}.
│ JLD2 only stores functions by name.
│  This may not be useful for anonymous functions.
└ @ JLD2 ~/.julia/packages/JLD2/ADycq/src/data/writing_datatypes.jl:447
saved run → /orcd/home/002/txenakis/projects/BVPsolver/src/../data/runs/run_0wdWTccF
--------------------------------------
Done: Wed Sep 23 15:38:44 EDT 2026
