Task 112/160: --problem rober --model stiff --profile fast --seed 512 --pretraining derivmatch --training shooting --track-sensitivity
Logging to /home/txenakis/projects/BVPsolver/logs/run_main_23713020_112.log
rober  model=stiff width=12 d=3 tlen=50 profile=fast seed=512  solver=Rodas5  N=318
  derivmatch lr=0.01 iter=170/3400 loss=0.2421
  derivmatch lr=0.01 iter=340/3400 loss=0.09768
  derivmatch lr=0.01 iter=510/3400 loss=0.05149
  derivmatch lr=0.01 iter=680/3400 loss=0.02876
  derivmatch lr=0.01 iter=850/3400 loss=0.01802
  derivmatch lr=0.01 iter=1020/3400 loss=0.01228
  derivmatch lr=0.01 iter=1190/3400 loss=0.009063
  derivmatch lr=0.01 iter=1360/3400 loss=0.00719
  derivmatch lr=0.01 iter=1530/3400 loss=0.00601
  derivmatch lr=0.01 iter=1700/3400 loss=0.005174
  derivmatch lr=0.01 iter=1870/3400 loss=0.004512
  derivmatch lr=0.01 iter=2040/3400 loss=0.003949
  derivmatch lr=0.01 iter=2210/3400 loss=0.003455
  derivmatch lr=0.01 iter=2380/3400 loss=0.003021
  derivmatch lr=0.01 iter=2550/3400 loss=0.002626
  derivmatch lr=0.01 iter=2720/3400 loss=0.002284
  derivmatch lr=0.01 iter=2890/3400 loss=0.001966
  derivmatch lr=0.01 iter=3060/3400 loss=0.001694
  derivmatch lr=0.01 iter=3230/3400 loss=0.001475
  derivmatch lr=0.01 iter=3400/3400 loss=0.001303
  derivmatch lr=0.01 iter=3400/3400 loss=0.001303
  derivmatch lr=0.003 iter=125/2500 loss=0.001182
  derivmatch lr=0.003 iter=250/2500 loss=0.001051
  derivmatch lr=0.003 iter=375/2500 loss=0.0009058
  derivmatch lr=0.003 iter=500/2500 loss=0.0007542
  derivmatch lr=0.003 iter=625/2500 loss=0.0006328
  derivmatch lr=0.003 iter=750/2500 loss=0.0005534
  derivmatch lr=0.003 iter=875/2500 loss=0.0004632
  derivmatch lr=0.003 iter=1000/2500 loss=0.0003888
  derivmatch lr=0.003 iter=1125/2500 loss=0.0003162
  derivmatch lr=0.003 iter=1250/2500 loss=0.0002594
  derivmatch lr=0.003 iter=1375/2500 loss=0.0002127
  derivmatch lr=0.003 iter=1500/2500 loss=0.0001756
  derivmatch lr=0.003 iter=1625/2500 loss=0.0001527
  derivmatch lr=0.003 iter=1750/2500 loss=0.0001336
  derivmatch lr=0.003 iter=1875/2500 loss=0.000124
  derivmatch lr=0.003 iter=2000/2500 loss=0.0001082
  derivmatch lr=0.003 iter=2125/2500 loss=9.851e-5
  derivmatch lr=0.003 iter=2250/2500 loss=9.152e-5
  derivmatch lr=0.003 iter=2375/2500 loss=8.483e-5
  derivmatch lr=0.003 iter=2500/2500 loss=0.0002232
  derivmatch lr=0.003 iter=2500/2500 loss=8.006e-5
  derivmatch lr=0.001 iter=125/2500 loss=7.921e-5
  derivmatch lr=0.001 iter=250/2500 loss=7.802e-5
  derivmatch lr=0.001 iter=375/2500 loss=7.656e-5
  derivmatch lr=0.001 iter=500/2500 loss=7.488e-5
  derivmatch lr=0.001 iter=625/2500 loss=7.303e-5
  derivmatch lr=0.001 iter=750/2500 loss=7.107e-5
  derivmatch lr=0.001 iter=875/2500 loss=6.903e-5
  derivmatch lr=0.001 iter=1000/2500 loss=6.695e-5
  derivmatch lr=0.001 iter=1125/2500 loss=6.487e-5
  derivmatch lr=0.001 iter=1250/2500 loss=6.279e-5
  derivmatch lr=0.001 iter=1375/2500 loss=6.075e-5
  derivmatch lr=0.001 iter=1500/2500 loss=5.876e-5
  derivmatch lr=0.001 iter=1625/2500 loss=5.682e-5
  derivmatch lr=0.001 iter=1750/2500 loss=5.497e-5
  derivmatch lr=0.001 iter=1875/2500 loss=5.334e-5
  derivmatch lr=0.001 iter=2000/2500 loss=5.171e-5
  derivmatch lr=0.001 iter=2125/2500 loss=5.029e-5
  derivmatch lr=0.001 iter=2250/2500 loss=4.909e-5
  derivmatch lr=0.001 iter=2375/2500 loss=4.773e-5
  derivmatch lr=0.001 iter=2500/2500 loss=4.662e-5
  derivmatch lr=0.001 iter=2500/2500 loss=4.662e-5
  derivmatch lr=0.0003 iter=80/1600 loss=4.656e-5
  derivmatch lr=0.0003 iter=160/1600 loss=4.64e-5
  derivmatch lr=0.0003 iter=240/1600 loss=4.625e-5
  derivmatch lr=0.0003 iter=320/1600 loss=4.607e-5
  derivmatch lr=0.0003 iter=400/1600 loss=4.587e-5
  derivmatch lr=0.0003 iter=480/1600 loss=4.564e-5
  derivmatch lr=0.0003 iter=560/1600 loss=4.539e-5
  derivmatch lr=0.0003 iter=640/1600 loss=4.512e-5
  derivmatch lr=0.0003 iter=720/1600 loss=4.483e-5
  derivmatch lr=0.0003 iter=800/1600 loss=4.453e-5
  derivmatch lr=0.0003 iter=880/1600 loss=4.421e-5
  derivmatch lr=0.0003 iter=960/1600 loss=4.387e-5
  derivmatch lr=0.0003 iter=1040/1600 loss=4.352e-5
  derivmatch lr=0.0003 iter=1120/1600 loss=4.315e-5
  derivmatch lr=0.0003 iter=1200/1600 loss=4.277e-5
  derivmatch lr=0.0003 iter=1280/1600 loss=4.238e-5
  derivmatch lr=0.0003 iter=1360/1600 loss=4.198e-5
  derivmatch lr=0.0003 iter=1440/1600 loss=4.156e-5
  derivmatch lr=0.0003 iter=1520/1600 loss=4.114e-5
  derivmatch lr=0.0003 iter=1600/1600 loss=4.07e-5
  derivmatch lr=0.0003 iter=1600/1600 loss=4.07e-5
derivative matching [33s]  fitloss=4.07e-5
  [derivative matching]  nrmse=0.004846  l2=0.0265
  shooting iter=50/1000 loss=0.0006156
  shooting iter=100/1000 loss=0.001522
  shooting iter=150/1000 loss=0.001628
  shooting iter=200/1000 loss=0.001167
  shooting iter=250/1000 loss=0.0009215
  shooting iter=300/1000 loss=0.001169
  shooting iter=350/1000 loss=0.0007414
  shooting iter=400/1000 loss=0.002078
  shooting iter=450/1000 loss=0.001245
  shooting iter=500/1000 loss=0.000614
  shooting iter=550/1000 loss=0.001518
  shooting iter=600/1000 loss=0.001046
  shooting iter=650/1000 loss=0.001701
  shooting iter=700/1000 loss=0.001606
  shooting iter=750/1000 loss=0.001279
  shooting iter=800/1000 loss=0.0009551
  shooting iter=850/1000 loss=0.0009361
  shooting iter=900/1000 loss=0.001559
  shooting iter=950/1000 loss=0.0005966
  shooting iter=1000/1000 loss=0.001057
  shooting iter=1000/1000 loss=0.0003414
shooting [776s]  loss=0.000341
  [final]  nrmse=0.0007057  l2=0.004153
extrapolation window: T=1000.0 -> T_test=1.0e12  n_test=100
  [train]  E_traj=1.858e-6  E_VF=0.0006685  E_spec=1.428e27
  [test ]  E_traj=0.3644  E_VF=4.191e10  E_spec=1.525e25
saved /orcd/home/002/txenakis/projects/BVPsolver/src/../data/runs/run_hkX8Y42l/rober_fit.png
saved /orcd/home/002/txenakis/projects/BVPsolver/src/../data/runs/run_hkX8Y42l/rober_fit_extrapolated.png
saved /orcd/home/002/txenakis/projects/BVPsolver/src/../data/runs/run_hkX8Y42l/rober_spectral_fit_extrapolated.png
saved /orcd/home/002/txenakis/projects/BVPsolver/src/../data/runs/run_hkX8Y42l/rober_vf_fit_extrapolated.png
saved /orcd/home/002/txenakis/projects/BVPsolver/src/../data/runs/run_hkX8Y42l/rober_sensitivity_vs_stiffness_derivmatch.png
saved /orcd/home/002/txenakis/projects/BVPsolver/src/../data/runs/run_hkX8Y42l/rober_sensitivity_vs_stiffness_shooting.png
┌ Warning: Attempting to store StiffNN.var"#12#13"{Float64, Float64, Float64}.
│ JLD2 only stores functions by name.
│  This may not be useful for anonymous functions.
└ @ JLD2 ~/.julia/packages/JLD2/ADycq/src/data/writing_datatypes.jl:447
saved run → /orcd/home/002/txenakis/projects/BVPsolver/src/../data/runs/run_hkX8Y42l
--------------------------------------
Done: Thu Sep 24 21:56:14 EDT 2026
