Task 676/750: --problem rober --model GELU-scaled --profile fast --seed 226 --pretraining none --training shooting
Logging to /home/txenakis/projects/BVPsolver/logs/run_main_23659529_676.log
rober  model=GELU-scaled width=7 d=3 tlen=50 profile=fast seed=226  solver=Rodas5  N=332
  shooting iter=50/1000 loss=0.2152
  shooting iter=100/1000 loss=0.1596
  shooting iter=150/1000 loss=0.1545
  shooting iter=200/1000 loss=0.1494
  shooting iter=250/1000 loss=0.1446
  shooting iter=300/1000 loss=0.1407
  shooting iter=350/1000 loss=0.1376
  shooting iter=400/1000 loss=0.1344
  shooting iter=450/1000 loss=0.1326
  shooting iter=500/1000 loss=0.1307
  shooting iter=550/1000 loss=0.1276
  shooting iter=600/1000 loss=0.1294
  shooting iter=650/1000 loss=0.1273
  shooting iter=700/1000 loss=0.1231
  shooting iter=750/1000 loss=0.123
  shooting iter=800/1000 loss=0.1213
  shooting iter=850/1000 loss=0.1198
  shooting iter=900/1000 loss=0.1203
  shooting iter=950/1000 loss=0.1196
  shooting iter=1000/1000 loss=0.1181
  shooting iter=1000/1000 loss=0.1166
shooting [415s]  loss=0.117
  [final]  nrmse=0.307  l2=0.04681
extrapolation window: T=1000.0 -> T_test=1.0e12  n_test=100
  [train]  E_traj=0.2454  E_VF=1.437  E_spec=4.425e14
  [test ]  E_traj=NaN  E_VF=NaN  E_spec=NaN
saved /orcd/home/002/txenakis/projects/BVPsolver/src/../data/runs/run_DZjmC5uq/rober_fit.png
saved /orcd/home/002/txenakis/projects/BVPsolver/src/../data/runs/run_DZjmC5uq/rober_fit_extrapolated.png
saved /orcd/home/002/txenakis/projects/BVPsolver/src/../data/runs/run_DZjmC5uq/rober_spectral_fit_extrapolated.png
saved /orcd/home/002/txenakis/projects/BVPsolver/src/../data/runs/run_DZjmC5uq/rober_vf_fit_extrapolated.png
┌ Warning: Attempting to store StiffNN.var"#12#13"{Float64, Float64, Float64}.
│ JLD2 only stores functions by name.
│  This may not be useful for anonymous functions.
└ @ JLD2 ~/.julia/packages/JLD2/ADycq/src/data/writing_datatypes.jl:447
saved run → /orcd/home/002/txenakis/projects/BVPsolver/src/../data/runs/run_DZjmC5uq
--------------------------------------
Done: Thu Sep 24 16:04:32 EDT 2026
