Task 1045/1800: --problem hires --model mlp --profile fast --seed 145 --pretraining derivmatch --training shooting
Logging to /home/txenakis/projects/BVPsolver/logs/run_main_23553922_1045.log
hires  model=mlp width=21 d=8 tlen=50 profile=fast seed=145  solver=Rodas5  N=827
  derivmatch lr=0.01 iter=170/3400 loss=44.4
  derivmatch lr=0.01 iter=340/3400 loss=36.66
  derivmatch lr=0.01 iter=510/3400 loss=39.63
  derivmatch lr=0.01 iter=680/3400 loss=31.41
  derivmatch lr=0.01 iter=850/3400 loss=29.8
  derivmatch lr=0.01 iter=1020/3400 loss=25.07
  derivmatch lr=0.01 iter=1190/3400 loss=17.73
  derivmatch lr=0.01 iter=1360/3400 loss=24.1
  derivmatch lr=0.01 iter=1530/3400 loss=18.25
  derivmatch lr=0.01 iter=1700/3400 loss=18.37
  derivmatch lr=0.01 iter=1870/3400 loss=12.48
  derivmatch lr=0.01 iter=2040/3400 loss=20.04
  derivmatch lr=0.01 iter=2210/3400 loss=13.75
  derivmatch lr=0.01 iter=2380/3400 loss=12.66
  derivmatch lr=0.01 iter=2550/3400 loss=14.37
  derivmatch lr=0.01 iter=2720/3400 loss=14.7
  derivmatch lr=0.01 iter=2890/3400 loss=13.94
  derivmatch lr=0.01 iter=3060/3400 loss=14.18
  derivmatch lr=0.01 iter=3230/3400 loss=9.91
  derivmatch lr=0.01 iter=3400/3400 loss=13.56
  derivmatch lr=0.01 iter=3400/3400 loss=8.977
  derivmatch lr=0.003 iter=125/2500 loss=6.6
  derivmatch lr=0.003 iter=250/2500 loss=5.789
  derivmatch lr=0.003 iter=375/2500 loss=4.875
  derivmatch lr=0.003 iter=500/2500 loss=4.916
  derivmatch lr=0.003 iter=625/2500 loss=5.375
  derivmatch lr=0.003 iter=750/2500 loss=3.915
  derivmatch lr=0.003 iter=875/2500 loss=5.351
  derivmatch lr=0.003 iter=1000/2500 loss=5.734
  derivmatch lr=0.003 iter=1125/2500 loss=5.486
  derivmatch lr=0.003 iter=1250/2500 loss=5.131
  derivmatch lr=0.003 iter=1375/2500 loss=5.257
  derivmatch lr=0.003 iter=1500/2500 loss=4.21
  derivmatch lr=0.003 iter=1625/2500 loss=3.659
  derivmatch lr=0.003 iter=1750/2500 loss=6.652
  derivmatch lr=0.003 iter=1875/2500 loss=5.608
  derivmatch lr=0.003 iter=2000/2500 loss=5.175
  derivmatch lr=0.003 iter=2125/2500 loss=4.466
  derivmatch lr=0.003 iter=2250/2500 loss=5.733
  derivmatch lr=0.003 iter=2375/2500 loss=4.064
  derivmatch lr=0.003 iter=2500/2500 loss=6.117
  derivmatch lr=0.003 iter=2500/2500 loss=2.977
  derivmatch lr=0.001 iter=125/2500 loss=2.41
  derivmatch lr=0.001 iter=250/2500 loss=2.074
  derivmatch lr=0.001 iter=375/2500 loss=2.329
  derivmatch lr=0.001 iter=500/2500 loss=2.022
  derivmatch lr=0.001 iter=625/2500 loss=2.014
  derivmatch lr=0.001 iter=750/2500 loss=1.478
  derivmatch lr=0.001 iter=875/2500 loss=2.559
  derivmatch lr=0.001 iter=1000/2500 loss=2.252
  derivmatch lr=0.001 iter=1125/2500 loss=2.237
  derivmatch lr=0.001 iter=1250/2500 loss=1.321
  derivmatch lr=0.001 iter=1375/2500 loss=1.64
  derivmatch lr=0.001 iter=1500/2500 loss=2.212
  derivmatch lr=0.001 iter=1625/2500 loss=1.825
  derivmatch lr=0.001 iter=1750/2500 loss=2.043
  derivmatch lr=0.001 iter=1875/2500 loss=1.908
  derivmatch lr=0.001 iter=2000/2500 loss=1.463
  derivmatch lr=0.001 iter=2125/2500 loss=1.564
  derivmatch lr=0.001 iter=2250/2500 loss=2.172
  derivmatch lr=0.001 iter=2375/2500 loss=1.675
  derivmatch lr=0.001 iter=2500/2500 loss=1.93
  derivmatch lr=0.001 iter=2500/2500 loss=0.9999
  derivmatch lr=0.0003 iter=80/1600 loss=0.9347
  derivmatch lr=0.0003 iter=160/1600 loss=0.8766
  derivmatch lr=0.0003 iter=240/1600 loss=0.6595
  derivmatch lr=0.0003 iter=320/1600 loss=0.6653
  derivmatch lr=0.0003 iter=400/1600 loss=0.7263
  derivmatch lr=0.0003 iter=480/1600 loss=0.7224
  derivmatch lr=0.0003 iter=560/1600 loss=0.4793
  derivmatch lr=0.0003 iter=640/1600 loss=0.6542
  derivmatch lr=0.0003 iter=720/1600 loss=0.781
  derivmatch lr=0.0003 iter=800/1600 loss=0.7161
  derivmatch lr=0.0003 iter=880/1600 loss=0.7974
  derivmatch lr=0.0003 iter=960/1600 loss=0.7945
  derivmatch lr=0.0003 iter=1040/1600 loss=0.7578
  derivmatch lr=0.0003 iter=1120/1600 loss=0.5363
  derivmatch lr=0.0003 iter=1200/1600 loss=0.8922
  derivmatch lr=0.0003 iter=1280/1600 loss=0.7886
  derivmatch lr=0.0003 iter=1360/1600 loss=0.7889
  derivmatch lr=0.0003 iter=1440/1600 loss=0.6145
  derivmatch lr=0.0003 iter=1520/1600 loss=0.9881
  derivmatch lr=0.0003 iter=1600/1600 loss=0.7585
  derivmatch lr=0.0003 iter=1600/1600 loss=0.4252
derivative matching [26s]  fitloss=0.425
  [derivative matching]  nrmse=0.4579  l2=1.09
  shooting iter=50/1000 loss=0.0971
  shooting iter=100/1000 loss=0.08899
  shooting iter=150/1000 loss=0.06558
  shooting iter=200/1000 loss=0.08909
  shooting iter=250/1000 loss=0.06408
  shooting iter=300/1000 loss=0.04329
  shooting iter=350/1000 loss=0.04482
  shooting iter=400/1000 loss=0.04158
  shooting iter=450/1000 loss=0.04005
  shooting iter=500/1000 loss=0.05537
  shooting iter=550/1000 loss=0.06477
  shooting iter=600/1000 loss=0.04328
  shooting iter=650/1000 loss=0.04743
  shooting iter=700/1000 loss=0.0379
  shooting iter=750/1000 loss=0.06414
  shooting iter=800/1000 loss=0.04285
  shooting iter=850/1000 loss=0.04949
  shooting iter=900/1000 loss=0.05347
  shooting iter=950/1000 loss=0.04883
  shooting iter=1000/1000 loss=0.03581
  shooting iter=1000/1000 loss=0.03127
shooting [2602s]  loss=0.0313
  [final]  nrmse=0.1034  l2=1.056
extrapolation window: T=321.8122 -> T_test=643.624  n_test=100
  [train]  E_traj=0.03939  E_VF=0.4093  E_spec=1.571e20
  [test ]  E_traj=35450.0  E_VF=5.738e11  E_spec=7.352e31
saved /orcd/home/002/txenakis/projects/BVPsolver/src/../data/runs/run_eecgnfEL/hires_fit.png
saved /orcd/home/002/txenakis/projects/BVPsolver/src/../data/runs/run_eecgnfEL/hires_fit_extrapolated.png
saved /orcd/home/002/txenakis/projects/BVPsolver/src/../data/runs/run_eecgnfEL/hires_spectral_fit_extrapolated.png
saved /orcd/home/002/txenakis/projects/BVPsolver/src/../data/runs/run_eecgnfEL/hires_vf_fit_extrapolated.png
┌ Warning: Attempting to store StiffNN.var"#18#19"{Type{Float64}}.
│ JLD2 only stores functions by name.
│  This may not be useful for anonymous functions.
└ @ JLD2 ~/.julia/packages/JLD2/ADycq/src/data/writing_datatypes.jl:447
saved run → /orcd/home/002/txenakis/projects/BVPsolver/src/../data/runs/run_eecgnfEL
--------------------------------------
Done: Wed Sep 23 17:11:31 EDT 2026
