Task 917/1800: --problem hires --model stiff --profile fast --seed 117 --pretraining derivmatch --training shooting
Logging to /home/txenakis/projects/BVPsolver/logs/run_main_23553922_917.log
hires  model=stiff width=16 d=8 tlen=50 profile=fast seed=117  solver=Rodas5  N=816
  derivmatch lr=0.01 iter=170/3400 loss=0.1013
  derivmatch lr=0.01 iter=340/3400 loss=0.03793
  derivmatch lr=0.01 iter=510/3400 loss=0.01812
  derivmatch lr=0.01 iter=680/3400 loss=0.01144
  derivmatch lr=0.01 iter=850/3400 loss=0.008738
  derivmatch lr=0.01 iter=1020/3400 loss=0.007163
  derivmatch lr=0.01 iter=1190/3400 loss=0.006093
  derivmatch lr=0.01 iter=1360/3400 loss=0.005334
  derivmatch lr=0.01 iter=1530/3400 loss=0.004953
  derivmatch lr=0.01 iter=1700/3400 loss=0.004313
  derivmatch lr=0.01 iter=1870/3400 loss=0.003921
  derivmatch lr=0.01 iter=2040/3400 loss=0.003518
  derivmatch lr=0.01 iter=2210/3400 loss=0.003187
  derivmatch lr=0.01 iter=2380/3400 loss=0.02043
  derivmatch lr=0.01 iter=2550/3400 loss=0.009853
  derivmatch lr=0.01 iter=2720/3400 loss=0.006751
  derivmatch lr=0.01 iter=2890/3400 loss=0.00521
  derivmatch lr=0.01 iter=3060/3400 loss=0.00431
  derivmatch lr=0.01 iter=3230/3400 loss=0.003703
  derivmatch lr=0.01 iter=3400/3400 loss=0.003244
  derivmatch lr=0.01 iter=3400/3400 loss=0.003105
  derivmatch lr=0.003 iter=125/2500 loss=0.003038
  derivmatch lr=0.003 iter=250/2500 loss=0.002907
  derivmatch lr=0.003 iter=375/2500 loss=0.002756
  derivmatch lr=0.003 iter=500/2500 loss=0.002587
  derivmatch lr=0.003 iter=625/2500 loss=0.002406
  derivmatch lr=0.003 iter=750/2500 loss=0.002214
  derivmatch lr=0.003 iter=875/2500 loss=0.002016
  derivmatch lr=0.003 iter=1000/2500 loss=0.001812
  derivmatch lr=0.003 iter=1125/2500 loss=0.001606
  derivmatch lr=0.003 iter=1250/2500 loss=0.003173
  derivmatch lr=0.003 iter=1375/2500 loss=0.001238
  derivmatch lr=0.003 iter=1500/2500 loss=0.001092
  derivmatch lr=0.003 iter=1625/2500 loss=0.001069
  derivmatch lr=0.003 iter=1750/2500 loss=0.00103
  derivmatch lr=0.003 iter=1875/2500 loss=0.0007798
  derivmatch lr=0.003 iter=2000/2500 loss=0.000711
  derivmatch lr=0.003 iter=2125/2500 loss=0.00066
  derivmatch lr=0.003 iter=2250/2500 loss=0.0006114
  derivmatch lr=0.003 iter=2375/2500 loss=0.0006258
  derivmatch lr=0.003 iter=2500/2500 loss=0.0005275
  derivmatch lr=0.003 iter=2500/2500 loss=0.0005194
  derivmatch lr=0.001 iter=125/2500 loss=0.0005169
  derivmatch lr=0.001 iter=250/2500 loss=0.0004978
  derivmatch lr=0.001 iter=375/2500 loss=0.0004765
  derivmatch lr=0.001 iter=500/2500 loss=0.0004538
  derivmatch lr=0.001 iter=625/2500 loss=0.0004297
  derivmatch lr=0.001 iter=750/2500 loss=0.0004047
  derivmatch lr=0.001 iter=875/2500 loss=0.00038
  derivmatch lr=0.001 iter=1000/2500 loss=0.0003568
  derivmatch lr=0.001 iter=1125/2500 loss=0.0003356
  derivmatch lr=0.001 iter=1250/2500 loss=0.0003164
  derivmatch lr=0.001 iter=1375/2500 loss=0.0003004
  derivmatch lr=0.001 iter=1500/2500 loss=0.0002869
  derivmatch lr=0.001 iter=1625/2500 loss=0.0002742
  derivmatch lr=0.001 iter=1750/2500 loss=0.0002634
  derivmatch lr=0.001 iter=1875/2500 loss=0.0002537
  derivmatch lr=0.001 iter=2000/2500 loss=0.0002445
  derivmatch lr=0.001 iter=2125/2500 loss=0.0002641
  derivmatch lr=0.001 iter=2250/2500 loss=0.000241
  derivmatch lr=0.001 iter=2375/2500 loss=0.0002276
  derivmatch lr=0.001 iter=2500/2500 loss=0.0002177
  derivmatch lr=0.001 iter=2500/2500 loss=0.0002173
  derivmatch lr=0.0003 iter=80/1600 loss=0.0002171
  derivmatch lr=0.0003 iter=160/1600 loss=0.0002162
  derivmatch lr=0.0003 iter=240/1600 loss=0.0002153
  derivmatch lr=0.0003 iter=320/1600 loss=0.0002143
  derivmatch lr=0.0003 iter=400/1600 loss=0.0002132
  derivmatch lr=0.0003 iter=480/1600 loss=0.0002119
  derivmatch lr=0.0003 iter=560/1600 loss=0.0002106
  derivmatch lr=0.0003 iter=640/1600 loss=0.0002092
  derivmatch lr=0.0003 iter=720/1600 loss=0.0002077
  derivmatch lr=0.0003 iter=800/1600 loss=0.0002062
  derivmatch lr=0.0003 iter=880/1600 loss=0.0002046
  derivmatch lr=0.0003 iter=960/1600 loss=0.0002029
  derivmatch lr=0.0003 iter=1040/1600 loss=0.0002011
  derivmatch lr=0.0003 iter=1120/1600 loss=0.0001994
  derivmatch lr=0.0003 iter=1200/1600 loss=0.0001975
  derivmatch lr=0.0003 iter=1280/1600 loss=0.0001957
  derivmatch lr=0.0003 iter=1360/1600 loss=0.0001938
  derivmatch lr=0.0003 iter=1440/1600 loss=0.0001999
  derivmatch lr=0.0003 iter=1520/1600 loss=0.0001904
  derivmatch lr=0.0003 iter=1600/1600 loss=0.0001888
  derivmatch lr=0.0003 iter=1600/1600 loss=0.0001888
derivative matching [28s]  fitloss=0.000189
  [derivative matching]  nrmse=0.5486  l2=1.269
  shooting iter=50/1000 loss=0.0492
  shooting iter=100/1000 loss=0.01466
  shooting iter=150/1000 loss=0.009451
  shooting iter=200/1000 loss=0.007724
  shooting iter=250/1000 loss=0.005308
  shooting iter=300/1000 loss=0.01087
  shooting iter=350/1000 loss=0.005313
  shooting iter=400/1000 loss=0.004795
  shooting iter=450/1000 loss=0.003853
  shooting iter=500/1000 loss=0.003955
  shooting iter=550/1000 loss=0.00363
  shooting iter=600/1000 loss=0.003816
  shooting iter=650/1000 loss=0.003112
  shooting iter=700/1000 loss=0.07502
  shooting iter=750/1000 loss=0.01732
