Task 45/160: --problem vanderpol --model GELU-scaled --profile fast --seed 505 --pretraining derivmatch --training collocation --track-sensitivity
Logging to /home/txenakis/projects/BVPsolver/logs/run_main_23713020_45.log
vanderpol  model=GELU-scaled width=7 d=2 tlen=151 profile=fast seed=505  solver=Kvaerno5  N=317
  derivmatch lr=0.01 iter=170/3400 loss=3.201
  derivmatch lr=0.01 iter=340/3400 loss=3.076
  derivmatch lr=0.01 iter=510/3400 loss=2.441
  derivmatch lr=0.01 iter=680/3400 loss=1.913
  derivmatch lr=0.01 iter=850/3400 loss=1.641
  derivmatch lr=0.01 iter=1020/3400 loss=1.752
  derivmatch lr=0.01 iter=1190/3400 loss=2.249
  derivmatch lr=0.01 iter=1360/3400 loss=1.535
  derivmatch lr=0.01 iter=1530/3400 loss=1.418
  derivmatch lr=0.01 iter=1700/3400 loss=1.292
  derivmatch lr=0.01 iter=1870/3400 loss=1.257
  derivmatch lr=0.01 iter=2040/3400 loss=1.244
  derivmatch lr=0.01 iter=2210/3400 loss=1.228
  derivmatch lr=0.01 iter=2380/3400 loss=1.218
  derivmatch lr=0.01 iter=2550/3400 loss=1.232
  derivmatch lr=0.01 iter=2720/3400 loss=1.206
  derivmatch lr=0.01 iter=2890/3400 loss=1.204
  derivmatch lr=0.01 iter=3060/3400 loss=1.405
  derivmatch lr=0.01 iter=3230/3400 loss=1.192
  derivmatch lr=0.01 iter=3400/3400 loss=1.194
  derivmatch lr=0.01 iter=3400/3400 loss=1.189
  derivmatch lr=0.003 iter=125/2500 loss=2.248
  derivmatch lr=0.003 iter=250/2500 loss=1.208
  derivmatch lr=0.003 iter=375/2500 loss=1.188
  derivmatch lr=0.003 iter=500/2500 loss=1.187
  derivmatch lr=0.003 iter=625/2500 loss=1.186
  derivmatch lr=0.003 iter=750/2500 loss=1.184
  derivmatch lr=0.003 iter=875/2500 loss=1.183
  derivmatch lr=0.003 iter=1000/2500 loss=1.182
  derivmatch lr=0.003 iter=1125/2500 loss=1.181
  derivmatch lr=0.003 iter=1250/2500 loss=1.179
  derivmatch lr=0.003 iter=1375/2500 loss=1.178
  derivmatch lr=0.003 iter=1500/2500 loss=1.18
  derivmatch lr=0.003 iter=1625/2500 loss=1.178
  derivmatch lr=0.003 iter=1750/2500 loss=1.175
  derivmatch lr=0.003 iter=1875/2500 loss=1.173
  derivmatch lr=0.003 iter=2000/2500 loss=1.172
  derivmatch lr=0.003 iter=2125/2500 loss=1.172
  derivmatch lr=0.003 iter=2250/2500 loss=1.175
  derivmatch lr=0.003 iter=2375/2500 loss=1.168
  derivmatch lr=0.003 iter=2500/2500 loss=1.168
  derivmatch lr=0.003 iter=2500/2500 loss=1.167
  derivmatch lr=0.001 iter=125/2500 loss=1.166
  derivmatch lr=0.001 iter=250/2500 loss=1.163
  derivmatch lr=0.001 iter=375/2500 loss=1.163
  derivmatch lr=0.001 iter=500/2500 loss=1.162
  derivmatch lr=0.001 iter=625/2500 loss=1.161
  derivmatch lr=0.001 iter=750/2500 loss=1.161
  derivmatch lr=0.001 iter=875/2500 loss=1.16
  derivmatch lr=0.001 iter=1000/2500 loss=1.16
  derivmatch lr=0.001 iter=1125/2500 loss=1.159
  derivmatch lr=0.001 iter=1250/2500 loss=1.159
  derivmatch lr=0.001 iter=1375/2500 loss=1.159
  derivmatch lr=0.001 iter=1500/2500 loss=1.158
  derivmatch lr=0.001 iter=1625/2500 loss=1.158
  derivmatch lr=0.001 iter=1750/2500 loss=1.158
  derivmatch lr=0.001 iter=1875/2500 loss=1.158
  derivmatch lr=0.001 iter=2000/2500 loss=1.157
  derivmatch lr=0.001 iter=2125/2500 loss=1.157
  derivmatch lr=0.001 iter=2250/2500 loss=1.156
  derivmatch lr=0.001 iter=2375/2500 loss=1.157
  derivmatch lr=0.001 iter=2500/2500 loss=1.156
  derivmatch lr=0.001 iter=2500/2500 loss=1.156
  derivmatch lr=0.0003 iter=80/1600 loss=1.156
  derivmatch lr=0.0003 iter=160/1600 loss=1.156
  derivmatch lr=0.0003 iter=240/1600 loss=1.156
  derivmatch lr=0.0003 iter=320/1600 loss=1.156
  derivmatch lr=0.0003 iter=400/1600 loss=1.156
  derivmatch lr=0.0003 iter=480/1600 loss=1.156
  derivmatch lr=0.0003 iter=560/1600 loss=1.156
  derivmatch lr=0.0003 iter=640/1600 loss=1.155
  derivmatch lr=0.0003 iter=720/1600 loss=1.155
  derivmatch lr=0.0003 iter=800/1600 loss=1.155
  derivmatch lr=0.0003 iter=880/1600 loss=1.155
  derivmatch lr=0.0003 iter=960/1600 loss=1.155
  derivmatch lr=0.0003 iter=1040/1600 loss=1.155
  derivmatch lr=0.0003 iter=1120/1600 loss=1.155
  derivmatch lr=0.0003 iter=1200/1600 loss=1.155
  derivmatch lr=0.0003 iter=1280/1600 loss=1.155
  derivmatch lr=0.0003 iter=1360/1600 loss=1.155
  derivmatch lr=0.0003 iter=1440/1600 loss=1.155
  derivmatch lr=0.0003 iter=1520/1600 loss=1.155
  derivmatch lr=0.0003 iter=1600/1600 loss=1.155
  derivmatch lr=0.0003 iter=1600/1600 loss=1.155
derivative matching [42s]  fitloss=1.15
  [derivative matching]  nrmse=27.51  l2=9185.0
  collocation: M=163 residuals=1274  detecting sparsity + solving...

Algorithm: LevenbergMarquardt(
    trustregion = LevenbergMarquardtTrustRegion(
        β_uphill = 0.0
    ),
    descent = GeodesicAcceleration(
        descent = DampedNewtonDescent(
            linsolve = KLUFactorization(
                reuse_symbolic = true,
                check_pattern = true
            ),
            initial_damping = 1.0,
            damping_fn = LevenbergMarquardtDampingFunction(
                increase_factor = 2.0,
                decrease_factor = 3.0,
                min_damping = 1.0e-8
            ),
            min_norm_mode = :auto
        ),
        finite_diff_step_geodesic = 0.1,
        α = 0.75
    ),
    autodiff = AutoForwardDiff(),
    vjp_autodiff = AutoFiniteDiff(
        fdtype = Val{:forward}(),
        fdjtype = Val{:forward}(),
        fdhtype = Val{:hcentral}(),
        dir = true
    ),
    jvp_autodiff = AutoForwardDiff(),
    concrete_jac = Val{true}()
)

----    	-------------       	-----------         
Iter    	f(u) 2-norm         	Step 2-norm         
----    	-------------       	-----------         
0       	4.89372166e+02      	3.70771687e-315     
1       	3.57944981e+02      	1.97005225e-01      
8       	6.33550641e+02      	0.00000000e+00      
15      	6.33550641e+02      	0.00000000e+00      
22      	5.89345358e+02      	2.23134999e-02      
29      	4.32180158e+02      	0.00000000e+00      
36      	3.39567909e+02      	2.60867837e-02      
43      	3.65278595e+02      	0.00000000e+00      
50      	3.80037217e+02      	1.28188352e-02      
57      	4.03785751e+02      	0.00000000e+00      
64      	4.63901865e+02      	1.79662974e-02      
71      	4.74230355e+02      	0.00000000e+00      
78      	4.63864903e+02      	3.27144809e-02      
85      	4.60179706e+02      	0.00000000e+00      
92      	4.60179706e+02      	0.00000000e+00      
99      	4.36098069e+02      	0.00000000e+00      
106     	4.36098069e+02      	0.00000000e+00      
113     	4.26490084e+02      	0.00000000e+00      
120     	4.26426993e+02      	6.10731954e-03      
127     	4.11533225e+02      	0.00000000e+00      
134     	3.99392482e+02      	0.00000000e+00      
141     	3.99392482e+02      	0.00000000e+00      
148     	3.93536181e+02      	1.11803162e-02      
Final   	2.58581765e+02      
----------------------      
  AMR 1/1: M=163  err=6590.0  obs=0.0023  nrmse=0.43  best=0.43  refined=0
collocation [56s]
  [final]  nrmse=0.4299  l2=325.8
extrapolation window: T=200.0 -> T_test=400.0  n_test=302
  [train]  E_traj=1.62  E_VF=0.3286  E_spec=0.7623
  [test ]  E_traj=1.661  E_VF=14.27  E_spec=0.4595
saved /orcd/home/002/txenakis/projects/BVPsolver/src/../data/runs/run_gQlxXr4x/vanderpol_fit.png
saved /orcd/home/002/txenakis/projects/BVPsolver/src/../data/runs/run_gQlxXr4x/vanderpol_fit_extrapolated.png
saved /orcd/home/002/txenakis/projects/BVPsolver/src/../data/runs/run_gQlxXr4x/vanderpol_spectral_fit_extrapolated.png
saved /orcd/home/002/txenakis/projects/BVPsolver/src/../data/runs/run_gQlxXr4x/vanderpol_vf_fit_extrapolated.png
┌ Warning: No strict ticks found
└ @ PlotUtils ~/.julia/packages/PlotUtils/HX80C/src/ticks.jl:194
┌ Warning: No strict ticks found
└ @ PlotUtils ~/.julia/packages/PlotUtils/HX80C/src/ticks.jl:194
┌ Warning: Invalid negative or zero value 0.0 found at series index 120 for log10 based xscale
└ @ Plots ~/.julia/packages/Plots/GIume/src/utils.jl:105
saved /orcd/home/002/txenakis/projects/BVPsolver/src/../data/runs/run_gQlxXr4x/vanderpol_sensitivity_vs_stiffness_derivmatch.png
┌ Warning: No strict ticks found
└ @ PlotUtils ~/.julia/packages/PlotUtils/HX80C/src/ticks.jl:194
┌ Warning: No strict ticks found
└ @ PlotUtils ~/.julia/packages/PlotUtils/HX80C/src/ticks.jl:194
┌ Warning: Invalid negative or zero value 0.0 found at series index 120 for log10 based xscale
└ @ Plots ~/.julia/packages/Plots/GIume/src/utils.jl:105
saved /orcd/home/002/txenakis/projects/BVPsolver/src/../data/runs/run_gQlxXr4x/vanderpol_sensitivity_vs_stiffness_collocation.png
┌ Warning: Attempting to store StiffNN.var"#14#15"{Float64}.
│ JLD2 only stores functions by name.
│  This may not be useful for anonymous functions.
└ @ JLD2 ~/.julia/packages/JLD2/ADycq/src/data/writing_datatypes.jl:447
saved run → /orcd/home/002/txenakis/projects/BVPsolver/src/../data/runs/run_gQlxXr4x
--------------------------------------
Done: Thu Sep 24 21:35:21 EDT 2026
