Task 619/1800: --problem vanderpol --model stiff --profile fast --seed 119 --pretraining derivmatch --training shooting
Logging to /home/txenakis/projects/BVPsolver/logs/run_main_23544358_619.log
vanderpol  model=stiff width=12 d=2 tlen=151 profile=fast seed=119  solver=Kvaerno5  N=268
  derivmatch lr=0.01 iter=170/3400 loss=6.577
  derivmatch lr=0.01 iter=340/3400 loss=3.643
  derivmatch lr=0.01 iter=510/3400 loss=4.207
  derivmatch lr=0.01 iter=680/3400 loss=4.454
  derivmatch lr=0.01 iter=850/3400 loss=1.783
  derivmatch lr=0.01 iter=1020/3400 loss=5.048
  derivmatch lr=0.01 iter=1190/3400 loss=2.535
  derivmatch lr=0.01 iter=1360/3400 loss=2.538
  derivmatch lr=0.01 iter=1530/3400 loss=2.567
  derivmatch lr=0.01 iter=1700/3400 loss=3.569
  derivmatch lr=0.01 iter=1870/3400 loss=2.187
  derivmatch lr=0.01 iter=2040/3400 loss=0.6378
  derivmatch lr=0.01 iter=2210/3400 loss=1.449
  derivmatch lr=0.01 iter=2380/3400 loss=2.546
  derivmatch lr=0.01 iter=2550/3400 loss=2.264
  derivmatch lr=0.01 iter=2720/3400 loss=1.618
  derivmatch lr=0.01 iter=2890/3400 loss=2.691
  derivmatch lr=0.01 iter=3060/3400 loss=2.349
  derivmatch lr=0.01 iter=3230/3400 loss=2.11
  derivmatch lr=0.01 iter=3400/3400 loss=2.254
  derivmatch lr=0.01 iter=3400/3400 loss=0.09971
  derivmatch lr=0.003 iter=125/2500 loss=0.07826
  derivmatch lr=0.003 iter=250/2500 loss=0.06982
  derivmatch lr=0.003 iter=375/2500 loss=0.06105
  derivmatch lr=0.003 iter=500/2500 loss=0.05983
  derivmatch lr=0.003 iter=625/2500 loss=0.0546
  derivmatch lr=0.003 iter=750/2500 loss=0.05491
  derivmatch lr=0.003 iter=875/2500 loss=0.05098
  derivmatch lr=0.003 iter=1000/2500 loss=0.05197
  derivmatch lr=0.003 iter=1125/2500 loss=0.04855
  derivmatch lr=0.003 iter=1250/2500 loss=0.04981
  derivmatch lr=0.003 iter=1375/2500 loss=0.04655
  derivmatch lr=0.003 iter=1500/2500 loss=0.04789
  derivmatch lr=0.003 iter=1625/2500 loss=0.04463
  derivmatch lr=0.003 iter=1750/2500 loss=0.04594
  derivmatch lr=0.003 iter=1875/2500 loss=0.04271
  derivmatch lr=0.003 iter=2000/2500 loss=0.04407
  derivmatch lr=0.003 iter=2125/2500 loss=0.04097
  derivmatch lr=0.003 iter=2250/2500 loss=0.04243
  derivmatch lr=0.003 iter=2375/2500 loss=0.0395
  derivmatch lr=0.003 iter=2500/2500 loss=0.04105
  derivmatch lr=0.003 iter=2500/2500 loss=0.03886
  derivmatch lr=0.001 iter=125/2500 loss=0.009264
  derivmatch lr=0.001 iter=250/2500 loss=0.008994
  derivmatch lr=0.001 iter=375/2500 loss=0.008693
  derivmatch lr=0.001 iter=500/2500 loss=0.009022
  derivmatch lr=0.001 iter=625/2500 loss=0.00806
  derivmatch lr=0.001 iter=750/2500 loss=0.007995
  derivmatch lr=0.001 iter=875/2500 loss=0.01103
  derivmatch lr=0.001 iter=1000/2500 loss=0.01077
  derivmatch lr=0.001 iter=1125/2500 loss=0.0106
  derivmatch lr=0.001 iter=1250/2500 loss=0.01023
  derivmatch lr=0.001 iter=1375/2500 loss=0.01004
  derivmatch lr=0.001 iter=1500/2500 loss=0.009688
  derivmatch lr=0.001 iter=1625/2500 loss=0.009527
  derivmatch lr=0.001 iter=1750/2500 loss=0.009205
  derivmatch lr=0.001 iter=1875/2500 loss=0.009082
  derivmatch lr=0.001 iter=2000/2500 loss=0.008802
  derivmatch lr=0.001 iter=2125/2500 loss=0.00872
  derivmatch lr=0.001 iter=2250/2500 loss=0.008479
  derivmatch lr=0.001 iter=2375/2500 loss=0.00843
  derivmatch lr=0.001 iter=2500/2500 loss=0.008218
  derivmatch lr=0.001 iter=2500/2500 loss=0.007978
  derivmatch lr=0.0003 iter=80/1600 loss=0.007776
  derivmatch lr=0.0003 iter=160/1600 loss=0.007707
  derivmatch lr=0.0003 iter=240/1600 loss=0.007632
  derivmatch lr=0.0003 iter=320/1600 loss=0.007546
  derivmatch lr=0.0003 iter=400/1600 loss=0.007453
  derivmatch lr=0.0003 iter=480/1600 loss=0.007355
  derivmatch lr=0.0003 iter=560/1600 loss=0.007251
  derivmatch lr=0.0003 iter=640/1600 loss=0.007144
  derivmatch lr=0.0003 iter=720/1600 loss=0.007034
  derivmatch lr=0.0003 iter=800/1600 loss=0.006922
  derivmatch lr=0.0003 iter=880/1600 loss=0.006808
  derivmatch lr=0.0003 iter=960/1600 loss=0.006692
  derivmatch lr=0.0003 iter=1040/1600 loss=0.006575
  derivmatch lr=0.0003 iter=1120/1600 loss=0.006458
  derivmatch lr=0.0003 iter=1200/1600 loss=0.00634
  derivmatch lr=0.0003 iter=1280/1600 loss=0.006222
  derivmatch lr=0.0003 iter=1360/1600 loss=0.006105
  derivmatch lr=0.0003 iter=1440/1600 loss=0.006047
  derivmatch lr=0.0003 iter=1520/1600 loss=0.005888
  derivmatch lr=0.0003 iter=1600/1600 loss=0.005782
  derivmatch lr=0.0003 iter=1600/1600 loss=0.005782
derivative matching [31s]  fitloss=0.00578
  [derivative matching]  nrmse=0.3688  l2=325.4
  shooting iter=50/1000 loss=0.1933
  shooting iter=100/1000 loss=0.1933
  shooting iter=150/1000 loss=0.1933
  shooting iter=200/1000 loss=0.1933
  shooting iter=250/1000 loss=0.1933
  shooting iter=300/1000 loss=0.1933
  shooting iter=350/1000 loss=0.1933
  shooting iter=400/1000 loss=0.1933
  shooting iter=450/1000 loss=0.1933
  shooting iter=500/1000 loss=0.1933
  shooting iter=550/1000 loss=0.1933
  shooting iter=600/1000 loss=0.1933
  shooting iter=650/1000 loss=0.1933
  shooting iter=700/1000 loss=0.1933
  shooting iter=750/1000 loss=0.1933
  shooting iter=800/1000 loss=0.1933
  shooting iter=850/1000 loss=0.1933
  shooting iter=900/1000 loss=0.1933
  shooting iter=950/1000 loss=0.1933
  shooting iter=1000/1000 loss=0.1933
  shooting iter=1000/1000 loss=0.1867
shooting [221s]  loss=0.187
  [final]  nrmse=0.2748  l2=325.0
extrapolation window: T=200.0 -> T_test=400.0  n_test=302
  [train]  E_traj=0.9387  E_VF=0.0197  E_spec=0.3457
  [test ]  E_traj=7.021  E_VF=1568.0  E_spec=1.428
saved /orcd/home/002/txenakis/projects/BVPsolver/src/../data/runs/run_AEy8Dgfo/vanderpol_fit.png
saved /orcd/home/002/txenakis/projects/BVPsolver/src/../data/runs/run_AEy8Dgfo/vanderpol_fit_extrapolated.png
saved /orcd/home/002/txenakis/projects/BVPsolver/src/../data/runs/run_AEy8Dgfo/vanderpol_spectral_fit_extrapolated.png
saved /orcd/home/002/txenakis/projects/BVPsolver/src/../data/runs/run_AEy8Dgfo/vanderpol_vf_fit_extrapolated.png
┌ Warning: Attempting to store StiffNN.var"#14#15"{Float64}.
│ JLD2 only stores functions by name.
│  This may not be useful for anonymous functions.
└ @ JLD2 ~/.julia/packages/JLD2/ADycq/src/data/writing_datatypes.jl:447
saved run → /orcd/home/002/txenakis/projects/BVPsolver/src/../data/runs/run_AEy8Dgfo
--------------------------------------
Done: Wed Sep 23 09:44:38 EDT 2026
