Task 63/600: --problem davis-skodje --param 1e-1 --model GELU-scaled --profile fast --seed 313 --pretraining derivmatch --training shooting
Logging to /home/txenakis/projects/BVPsolver/logs/run_main_23642156_63.log
davis-skodje  model=GELU-scaled width=7 d=2 tlen=300 profile=fast seed=313  solver=Rodas5P  N=317
  derivmatch lr=0.01 iter=170/3400 loss=0.348
  derivmatch lr=0.01 iter=340/3400 loss=0.07238
  derivmatch lr=0.01 iter=510/3400 loss=0.02456
  derivmatch lr=0.01 iter=680/3400 loss=0.007636
  derivmatch lr=0.01 iter=850/3400 loss=0.008167
  derivmatch lr=0.01 iter=1020/3400 loss=0.01295
  derivmatch lr=0.01 iter=1190/3400 loss=0.003606
  derivmatch lr=0.01 iter=1360/3400 loss=0.005192
  derivmatch lr=0.01 iter=1530/3400 loss=0.008558
  derivmatch lr=0.01 iter=1700/3400 loss=0.001894
  derivmatch lr=0.01 iter=1870/3400 loss=0.003859
  derivmatch lr=0.01 iter=2040/3400 loss=0.006331
  derivmatch lr=0.01 iter=2210/3400 loss=0.001181
  derivmatch lr=0.01 iter=2380/3400 loss=0.003313
  derivmatch lr=0.01 iter=2550/3400 loss=0.005159
  derivmatch lr=0.01 iter=2720/3400 loss=0.000931
  derivmatch lr=0.01 iter=2890/3400 loss=0.0031
  derivmatch lr=0.01 iter=3060/3400 loss=0.004547
  derivmatch lr=0.01 iter=3230/3400 loss=0.0007879
  derivmatch lr=0.01 iter=3400/3400 loss=0.001029
  derivmatch lr=0.01 iter=3400/3400 loss=0.0004558
  derivmatch lr=0.003 iter=125/2500 loss=0.000432
  derivmatch lr=0.003 iter=250/2500 loss=0.000321
  derivmatch lr=0.003 iter=375/2500 loss=0.0002681
  derivmatch lr=0.003 iter=500/2500 loss=0.0002266
  derivmatch lr=0.003 iter=625/2500 loss=0.0001917
  derivmatch lr=0.003 iter=750/2500 loss=0.0001889
  derivmatch lr=0.003 iter=875/2500 loss=0.0004073
  derivmatch lr=0.003 iter=1000/2500 loss=0.0002763
  derivmatch lr=0.003 iter=1125/2500 loss=0.0001458
  derivmatch lr=0.003 iter=1250/2500 loss=0.0004951
  derivmatch lr=0.003 iter=1375/2500 loss=0.0001155
  derivmatch lr=0.003 iter=1500/2500 loss=0.0002708
  derivmatch lr=0.003 iter=1625/2500 loss=0.0001509
  derivmatch lr=0.003 iter=1750/2500 loss=0.0001317
  derivmatch lr=0.003 iter=1875/2500 loss=0.0002094
  derivmatch lr=0.003 iter=2000/2500 loss=0.0001088
  derivmatch lr=0.003 iter=2125/2500 loss=7.388e-5
  derivmatch lr=0.003 iter=2250/2500 loss=0.0007595
  derivmatch lr=0.003 iter=2375/2500 loss=0.0004208
  derivmatch lr=0.003 iter=2500/2500 loss=0.0007332
  derivmatch lr=0.003 iter=2500/2500 loss=4.147e-5
  derivmatch lr=0.001 iter=125/2500 loss=4.3e-5
  derivmatch lr=0.001 iter=250/2500 loss=3.985e-5
  derivmatch lr=0.001 iter=375/2500 loss=3.808e-5
  derivmatch lr=0.001 iter=500/2500 loss=3.652e-5
  derivmatch lr=0.001 iter=625/2500 loss=3.499e-5
  derivmatch lr=0.001 iter=750/2500 loss=3.348e-5
  derivmatch lr=0.001 iter=875/2500 loss=3.198e-5
  derivmatch lr=0.001 iter=1000/2500 loss=3.052e-5
  derivmatch lr=0.001 iter=1125/2500 loss=2.909e-5
  derivmatch lr=0.001 iter=1250/2500 loss=2.77e-5
  derivmatch lr=0.001 iter=1375/2500 loss=2.635e-5
  derivmatch lr=0.001 iter=1500/2500 loss=2.505e-5
  derivmatch lr=0.001 iter=1625/2500 loss=2.381e-5
  derivmatch lr=0.001 iter=1750/2500 loss=0.0002719
  derivmatch lr=0.001 iter=1875/2500 loss=2.214e-5
  derivmatch lr=0.001 iter=2000/2500 loss=2.123e-5
  derivmatch lr=0.001 iter=2125/2500 loss=2.038e-5
  derivmatch lr=0.001 iter=2250/2500 loss=1.99e-5
  derivmatch lr=0.001 iter=2375/2500 loss=1.916e-5
  derivmatch lr=0.001 iter=2500/2500 loss=2.246e-5
  derivmatch lr=0.001 iter=2500/2500 loss=1.873e-5
  derivmatch lr=0.0003 iter=80/1600 loss=1.926e-5
  derivmatch lr=0.0003 iter=160/1600 loss=1.863e-5
  derivmatch lr=0.0003 iter=240/1600 loss=1.854e-5
  derivmatch lr=0.0003 iter=320/1600 loss=1.843e-5
  derivmatch lr=0.0003 iter=400/1600 loss=1.831e-5
  derivmatch lr=0.0003 iter=480/1600 loss=1.818e-5
  derivmatch lr=0.0003 iter=560/1600 loss=1.804e-5
  derivmatch lr=0.0003 iter=640/1600 loss=1.789e-5
  derivmatch lr=0.0003 iter=720/1600 loss=1.772e-5
  derivmatch lr=0.0003 iter=800/1600 loss=1.755e-5
  derivmatch lr=0.0003 iter=880/1600 loss=1.738e-5
  derivmatch lr=0.0003 iter=960/1600 loss=1.719e-5
  derivmatch lr=0.0003 iter=1040/1600 loss=1.7e-5
  derivmatch lr=0.0003 iter=1120/1600 loss=1.681e-5
  derivmatch lr=0.0003 iter=1200/1600 loss=1.661e-5
  derivmatch lr=0.0003 iter=1280/1600 loss=1.64e-5
  derivmatch lr=0.0003 iter=1360/1600 loss=1.619e-5
  derivmatch lr=0.0003 iter=1440/1600 loss=1.598e-5
  derivmatch lr=0.0003 iter=1520/1600 loss=1.576e-5
  derivmatch lr=0.0003 iter=1600/1600 loss=1.554e-5
  derivmatch lr=0.0003 iter=1600/1600 loss=1.554e-5
derivative matching [30s]  fitloss=1.55e-5
  [derivative matching]  nrmse=0.0001551  l2=0.005146
  shooting iter=50/1000 loss=0.001684
  shooting iter=100/1000 loss=0.001288
  shooting iter=150/1000 loss=0.002917
  shooting iter=200/1000 loss=0.001879
  shooting iter=250/1000 loss=0.002935
  shooting iter=300/1000 loss=0.002105
  shooting iter=350/1000 loss=0.0009741
  shooting iter=400/1000 loss=0.0007152
  shooting iter=450/1000 loss=0.001396
  shooting iter=500/1000 loss=0.002216
  shooting iter=550/1000 loss=0.001338
  shooting iter=600/1000 loss=0.001063
  shooting iter=650/1000 loss=0.0009868
  shooting iter=700/1000 loss=0.001109
  shooting iter=750/1000 loss=0.001445
  shooting iter=800/1000 loss=0.0005293
  shooting iter=850/1000 loss=0.00219
  shooting iter=900/1000 loss=0.001672
  shooting iter=950/1000 loss=0.0009126
  shooting iter=1000/1000 loss=0.003348
  shooting iter=1000/1000 loss=8.66e-5
shooting [369s]  loss=8.66e-5
  [final]  nrmse=0.0001551  l2=0.005146
extrapolation window: T=15.0 -> T_test=30.0  n_test=600
  [train]  E_traj=3.916e-8  E_VF=3.408e-6  E_spec=0.3375
  [test ]  E_traj=5.442e6  E_VF=20020.0  E_spec=0.9053
saved /orcd/home/002/txenakis/projects/BVPsolver/src/../data/runs/run_Achsion5/davis-skodje_fit.png
saved /orcd/home/002/txenakis/projects/BVPsolver/src/../data/runs/run_Achsion5/davis-skodje_fit_extrapolated.png
saved /orcd/home/002/txenakis/projects/BVPsolver/src/../data/runs/run_Achsion5/davis-skodje_spectral_fit_extrapolated.png
saved /orcd/home/002/txenakis/projects/BVPsolver/src/../data/runs/run_Achsion5/davis-skodje_vf_fit_extrapolated.png
┌ Warning: Attempting to store StiffNN.var"#22#23"{Float64}.
│ JLD2 only stores functions by name.
│  This may not be useful for anonymous functions.
└ @ JLD2 ~/.julia/packages/JLD2/ADycq/src/data/writing_datatypes.jl:447
saved run → /orcd/home/002/txenakis/projects/BVPsolver/src/../data/runs/run_Achsion5
--------------------------------------
Done: Thu Sep 24 07:56:07 EDT 2026
