Task 1547/1800: --problem davis-skodje --model stiff --profile fast --seed 147 --pretraining derivmatch --training shooting
Logging to /home/txenakis/projects/BVPsolver/logs/run_main_23593274_1547.log
davis-skodje  model=stiff width=12 d=2 tlen=300 profile=fast seed=147  solver=Rodas5P  N=268
  derivmatch lr=0.01 iter=170/3400 loss=0.08177
  derivmatch lr=0.01 iter=340/3400 loss=0.01721
  derivmatch lr=0.01 iter=510/3400 loss=0.009926
  derivmatch lr=0.01 iter=680/3400 loss=0.006486
  derivmatch lr=0.01 iter=850/3400 loss=0.004517
  derivmatch lr=0.01 iter=1020/3400 loss=0.003251
  derivmatch lr=0.01 iter=1190/3400 loss=0.002365
  derivmatch lr=0.01 iter=1360/3400 loss=0.001716
  derivmatch lr=0.01 iter=1530/3400 loss=0.001241
  derivmatch lr=0.01 iter=1700/3400 loss=0.0009048
  derivmatch lr=0.01 iter=1870/3400 loss=0.0006736
  derivmatch lr=0.01 iter=2040/3400 loss=0.0005137
  derivmatch lr=0.01 iter=2210/3400 loss=0.0004019
  derivmatch lr=0.01 iter=2380/3400 loss=0.0003228
  derivmatch lr=0.01 iter=2550/3400 loss=0.0002657
  derivmatch lr=0.01 iter=2720/3400 loss=0.0002234
  derivmatch lr=0.01 iter=2890/3400 loss=0.0001911
  derivmatch lr=0.01 iter=3060/3400 loss=0.0001655
  derivmatch lr=0.01 iter=3230/3400 loss=0.0001446
  derivmatch lr=0.01 iter=3400/3400 loss=0.0001271
  derivmatch lr=0.01 iter=3400/3400 loss=0.0001271
  derivmatch lr=0.003 iter=125/2500 loss=7.855e-5
  derivmatch lr=0.003 iter=250/2500 loss=4.584e-5
  derivmatch lr=0.003 iter=375/2500 loss=2.954e-5
  derivmatch lr=0.003 iter=500/2500 loss=2.233e-5
  derivmatch lr=0.003 iter=625/2500 loss=1.856e-5
  derivmatch lr=0.003 iter=750/2500 loss=1.941e-5
  derivmatch lr=0.003 iter=875/2500 loss=1.493e-5
  derivmatch lr=0.003 iter=1000/2500 loss=1.388e-5
  derivmatch lr=0.003 iter=1125/2500 loss=2.036e-5
  derivmatch lr=0.003 iter=1250/2500 loss=1.228e-5
  derivmatch lr=0.003 iter=1375/2500 loss=1.16e-5
  derivmatch lr=0.003 iter=1500/2500 loss=6.503e-5
  derivmatch lr=0.003 iter=1625/2500 loss=1.039e-5
  derivmatch lr=0.003 iter=1750/2500 loss=9.842e-6
  derivmatch lr=0.003 iter=1875/2500 loss=9.292e-6
  derivmatch lr=0.003 iter=2000/2500 loss=8.812e-6
  derivmatch lr=0.003 iter=2125/2500 loss=8.342e-6
  derivmatch lr=0.003 iter=2250/2500 loss=7.873e-6
  derivmatch lr=0.003 iter=2375/2500 loss=7.462e-6
  derivmatch lr=0.003 iter=2500/2500 loss=7.056e-6
  derivmatch lr=0.003 iter=2500/2500 loss=7.056e-6
  derivmatch lr=0.001 iter=125/2500 loss=6.795e-6
  derivmatch lr=0.001 iter=250/2500 loss=6.637e-6
  derivmatch lr=0.001 iter=375/2500 loss=6.436e-6
  derivmatch lr=0.001 iter=500/2500 loss=6.199e-6
  derivmatch lr=0.001 iter=625/2500 loss=5.935e-6
  derivmatch lr=0.001 iter=750/2500 loss=5.698e-6
  derivmatch lr=0.001 iter=875/2500 loss=5.462e-6
  derivmatch lr=0.001 iter=1000/2500 loss=5.214e-6
  derivmatch lr=0.001 iter=1125/2500 loss=5.011e-6
  derivmatch lr=0.001 iter=1250/2500 loss=4.753e-6
  derivmatch lr=0.001 iter=1375/2500 loss=4.535e-6
  derivmatch lr=0.001 iter=1500/2500 loss=4.311e-6
  derivmatch lr=0.001 iter=1625/2500 loss=4.112e-6
  derivmatch lr=0.001 iter=1750/2500 loss=3.92e-6
  derivmatch lr=0.001 iter=1875/2500 loss=3.728e-6
  derivmatch lr=0.001 iter=2000/2500 loss=3.567e-6
  derivmatch lr=0.001 iter=2125/2500 loss=3.391e-6
  derivmatch lr=0.001 iter=2250/2500 loss=3.228e-6
  derivmatch lr=0.001 iter=2375/2500 loss=3.124e-6
  derivmatch lr=0.001 iter=2500/2500 loss=2.937e-6
  derivmatch lr=0.001 iter=2500/2500 loss=2.937e-6
  derivmatch lr=0.0003 iter=80/1600 loss=2.895e-6
  derivmatch lr=0.0003 iter=160/1600 loss=2.866e-6
  derivmatch lr=0.0003 iter=240/1600 loss=2.833e-6
  derivmatch lr=0.0003 iter=320/1600 loss=2.795e-6
  derivmatch lr=0.0003 iter=400/1600 loss=2.751e-6
  derivmatch lr=0.0003 iter=480/1600 loss=2.703e-6
  derivmatch lr=0.0003 iter=560/1600 loss=2.652e-6
  derivmatch lr=0.0003 iter=640/1600 loss=2.597e-6
  derivmatch lr=0.0003 iter=720/1600 loss=2.54e-6
  derivmatch lr=0.0003 iter=800/1600 loss=2.483e-6
  derivmatch lr=0.0003 iter=880/1600 loss=2.426e-6
  derivmatch lr=0.0003 iter=960/1600 loss=2.371e-6
  derivmatch lr=0.0003 iter=1040/1600 loss=2.315e-6
  derivmatch lr=0.0003 iter=1120/1600 loss=2.26e-6
  derivmatch lr=0.0003 iter=1200/1600 loss=2.208e-6
  derivmatch lr=0.0003 iter=1280/1600 loss=2.155e-6
  derivmatch lr=0.0003 iter=1360/1600 loss=2.199e-6
  derivmatch lr=0.0003 iter=1440/1600 loss=2.055e-6
  derivmatch lr=0.0003 iter=1520/1600 loss=2.007e-6
  derivmatch lr=0.0003 iter=1600/1600 loss=2.772e-6
  derivmatch lr=0.0003 iter=1600/1600 loss=1.966e-6
derivative matching [39s]  fitloss=1.97e-6
  [derivative matching]  nrmse=8.002e-5  l2=0.003747
  shooting iter=50/1000 loss=0.0003833
  shooting iter=100/1000 loss=0.001017
  shooting iter=150/1000 loss=0.001308
  shooting iter=200/1000 loss=0.0007659
  shooting iter=250/1000 loss=0.0008499
  shooting iter=300/1000 loss=0.0005882
  shooting iter=350/1000 loss=0.0007091
  shooting iter=400/1000 loss=0.0006563
  shooting iter=450/1000 loss=0.0007127
  shooting iter=500/1000 loss=0.0007774
  shooting iter=550/1000 loss=0.000732
  shooting iter=600/1000 loss=0.0003898
  shooting iter=650/1000 loss=0.000809
  shooting iter=700/1000 loss=0.0006038
  shooting iter=750/1000 loss=0.00048
  shooting iter=800/1000 loss=0.0007798
  shooting iter=850/1000 loss=0.0005564
  shooting iter=900/1000 loss=0.0004378
  shooting iter=950/1000 loss=0.001009
  shooting iter=1000/1000 loss=0.0009581
  shooting iter=1000/1000 loss=4.944e-5
shooting [410s]  loss=4.94e-5
  [final]  nrmse=8.002e-5  l2=0.003747
extrapolation window: T=15.0 -> T_test=30.0  n_test=600
  [train]  E_traj=1.815e-8  E_VF=8.053e-7  E_spec=0.2817
  [test ]  E_traj=1060.0  E_VF=163300.0  E_spec=0.4043
saved /orcd/home/002/txenakis/projects/BVPsolver/src/../data/runs/run_Rmo8FDcA/davis-skodje_fit.png
saved /orcd/home/002/txenakis/projects/BVPsolver/src/../data/runs/run_Rmo8FDcA/davis-skodje_fit_extrapolated.png
saved /orcd/home/002/txenakis/projects/BVPsolver/src/../data/runs/run_Rmo8FDcA/davis-skodje_spectral_fit_extrapolated.png
saved /orcd/home/002/txenakis/projects/BVPsolver/src/../data/runs/run_Rmo8FDcA/davis-skodje_vf_fit_extrapolated.png
┌ Warning: Attempting to store StiffNN.var"#22#23"{Float64}.
│ JLD2 only stores functions by name.
│  This may not be useful for anonymous functions.
└ @ JLD2 ~/.julia/packages/JLD2/ADycq/src/data/writing_datatypes.jl:447
saved run → /orcd/home/002/txenakis/projects/BVPsolver/src/../data/runs/run_Rmo8FDcA
--------------------------------------
Done: Thu Sep 24 01:16:01 EDT 2026
