Task 36/360: --problem pollu --model mlp --profile fast --seed 26 --pretraining derivmatch --training collocation
Logging to /home/txenakis/projects/BVPsolver/logs/run_main_22227913_36.log
┌ Warning: Verbosity toggle: dt_epsilon 
│  Initial timestep too small (near machine epsilon), using default: dt = 1.0e-6
└ @ OrdinaryDiffEqCore ~/.julia/packages/OrdinaryDiffEqCore/NVUZl/src/initdt.jl:222
pollu  model=mlp width=40 d=20 tlen=50 profile=fast seed=26  solver=Rodas5  N=4940
  derivmatch lr=0.01 iter=510/10200 loss=289.5
  derivmatch lr=0.01 iter=1020/10200 loss=314.1
  derivmatch lr=0.01 iter=1530/10200 loss=266.4
  derivmatch lr=0.01 iter=2040/10200 loss=277.3
  derivmatch lr=0.01 iter=2550/10200 loss=290.0
  derivmatch lr=0.01 iter=3060/10200 loss=301.6
  derivmatch lr=0.01 iter=3570/10200 loss=332.7
  derivmatch lr=0.01 iter=4080/10200 loss=352.4
  derivmatch lr=0.01 iter=4590/10200 loss=315.5
  derivmatch lr=0.01 iter=5100/10200 loss=294.5
  derivmatch lr=0.01 iter=5610/10200 loss=303.3
  derivmatch lr=0.01 iter=6120/10200 loss=310.5
  derivmatch lr=0.01 iter=6630/10200 loss=284.6
  derivmatch lr=0.01 iter=7140/10200 loss=299.4
  derivmatch lr=0.01 iter=7650/10200 loss=323.0
  derivmatch lr=0.01 iter=8160/10200 loss=320.6
  derivmatch lr=0.01 iter=8670/10200 loss=308.6
  derivmatch lr=0.01 iter=9180/10200 loss=349.0
  derivmatch lr=0.01 iter=9690/10200 loss=298.7
  derivmatch lr=0.01 iter=10200/10200 loss=335.0
  derivmatch lr=0.01 iter=10200/10200 loss=208.3
  derivmatch lr=0.003 iter=375/7500 loss=248.1
  derivmatch lr=0.003 iter=750/7500 loss=220.8
  derivmatch lr=0.003 iter=1125/7500 loss=221.4
  derivmatch lr=0.003 iter=1500/7500 loss=281.5
  derivmatch lr=0.003 iter=1875/7500 loss=286.1
  derivmatch lr=0.003 iter=2250/7500 loss=266.2
  derivmatch lr=0.003 iter=2625/7500 loss=253.8
  derivmatch lr=0.003 iter=3000/7500 loss=238.5
  derivmatch lr=0.003 iter=3375/7500 loss=227.1
  derivmatch lr=0.003 iter=3750/7500 loss=260.7
  derivmatch lr=0.003 iter=4125/7500 loss=267.0
  derivmatch lr=0.003 iter=4500/7500 loss=237.0
  derivmatch lr=0.003 iter=4875/7500 loss=269.1
  derivmatch lr=0.003 iter=5250/7500 loss=254.3
  derivmatch lr=0.003 iter=5625/7500 loss=264.2
  derivmatch lr=0.003 iter=6000/7500 loss=295.1
  derivmatch lr=0.003 iter=6375/7500 loss=261.5
  derivmatch lr=0.003 iter=6750/7500 loss=256.2
  derivmatch lr=0.003 iter=7125/7500 loss=237.5
  derivmatch lr=0.003 iter=7500/7500 loss=262.8
  derivmatch lr=0.003 iter=7500/7500 loss=204.8
  derivmatch lr=0.001 iter=375/7500 loss=209.0
  derivmatch lr=0.001 iter=750/7500 loss=219.7
  derivmatch lr=0.001 iter=1125/7500 loss=243.4
  derivmatch lr=0.001 iter=1500/7500 loss=249.1
  derivmatch lr=0.001 iter=1875/7500 loss=218.2
  derivmatch lr=0.001 iter=2250/7500 loss=218.1
  derivmatch lr=0.001 iter=2625/7500 loss=206.9
  derivmatch lr=0.001 iter=3000/7500 loss=205.5
  derivmatch lr=0.001 iter=3375/7500 loss=220.2
  derivmatch lr=0.001 iter=3750/7500 loss=218.1
  derivmatch lr=0.001 iter=4125/7500 loss=230.0
  derivmatch lr=0.001 iter=4500/7500 loss=236.9
  derivmatch lr=0.001 iter=4875/7500 loss=245.1
  derivmatch lr=0.001 iter=5250/7500 loss=236.7
  derivmatch lr=0.001 iter=5625/7500 loss=217.4
  derivmatch lr=0.001 iter=6000/7500 loss=229.4
  derivmatch lr=0.001 iter=6375/7500 loss=210.2
  derivmatch lr=0.001 iter=6750/7500 loss=233.9
  derivmatch lr=0.001 iter=7125/7500 loss=208.0
  derivmatch lr=0.001 iter=7500/7500 loss=211.1
  derivmatch lr=0.001 iter=7500/7500 loss=178.2
  derivmatch lr=0.0003 iter=240/4800 loss=170.8
  derivmatch lr=0.0003 iter=480/4800 loss=220.3
  derivmatch lr=0.0003 iter=720/4800 loss=217.3
  derivmatch lr=0.0003 iter=960/4800 loss=215.6
  derivmatch lr=0.0003 iter=1200/4800 loss=164.7
  derivmatch lr=0.0003 iter=1440/4800 loss=172.8
  derivmatch lr=0.0003 iter=1680/4800 loss=182.8
  derivmatch lr=0.0003 iter=1920/4800 loss=199.1
  derivmatch lr=0.0003 iter=2160/4800 loss=201.1
  derivmatch lr=0.0003 iter=2400/4800 loss=188.8
  derivmatch lr=0.0003 iter=2640/4800 loss=189.7
  derivmatch lr=0.0003 iter=2880/4800 loss=173.9
  derivmatch lr=0.0003 iter=3120/4800 loss=203.7
  derivmatch lr=0.0003 iter=3360/4800 loss=205.1
  derivmatch lr=0.0003 iter=3600/4800 loss=204.5
  derivmatch lr=0.0003 iter=3840/4800 loss=190.4
  derivmatch lr=0.0003 iter=4080/4800 loss=182.1
  derivmatch lr=0.0003 iter=4320/4800 loss=199.3
  derivmatch lr=0.0003 iter=4560/4800 loss=210.2
  derivmatch lr=0.0003 iter=4800/4800 loss=203.7
  derivmatch lr=0.0003 iter=4800/4800 loss=155.9
derivative matching [39s]  fitloss=156.0
  [derivative matching]  nrmse=2.375e17  l2=158.9
  collocation: M=72 residuals=5260  detecting sparsity + solving...

Algorithm: LevenbergMarquardt(
    trustregion = LevenbergMarquardtTrustRegion(
        β_uphill = 0.0
    ),
    descent = GeodesicAcceleration(
        descent = DampedNewtonDescent(
            linsolve = KLUFactorization(
                reuse_symbolic = true,
                check_pattern = true
            ),
            initial_damping = 1.0,
            damping_fn = LevenbergMarquardtDampingFunction(
                increase_factor = 2.0,
                decrease_factor = 3.0,
                min_damping = 1.0e-8
            ),
            min_norm_mode = :auto
        ),
        finite_diff_step_geodesic = 0.1,
        α = 0.75
    ),
    autodiff = AutoForwardDiff(),
    vjp_autodiff = AutoFiniteDiff(
        fdtype = Val{:forward}(),
        fdjtype = Val{:forward}(),
        fdhtype = Val{:hcentral}(),
        dir = true
    ),
    jvp_autodiff = AutoForwardDiff(),
    concrete_jac = Val{true}()
)

----    	-------------       	-----------         
Iter    	f(u) 2-norm         	Step 2-norm         
----    	-------------       	-----------         
0       	2.61206670e+20      	NaN                 
1       	1.60023909e+20      	1.49871632e-01      
8       	1.99880860e+18      	1.88825923e-01      
15      	2.40433732e+17      	2.29986667e-01      
22      	2.12154451e+19      	0.00000000e+00      
29      	6.82699560e+18      	7.82570977e-01      
36      	7.23676527e+17      	0.00000000e+00      
43      	7.29839580e+18      	4.93364601e-01      
50      	1.12748880e+18      	0.00000000e+00      
57      	3.13729145e+19      	0.00000000e+00      
64      	9.17835762e+18      	1.47635421e+00      
71      	1.50030585e+19      	0.00000000e+00      
78      	1.19330734e+18      	0.00000000e+00      
85      	1.06786921e+18      	0.00000000e+00      
92      	2.72843991e+17      	3.02794009e-01      
99      	1.56738069e+18      	5.31602856e-01      
106     	4.69420492e+16      	0.00000000e+00      
113     	1.13120023e+17      	0.00000000e+00      
120     	2.55014578e+16      	1.80700714e-01      
127     	1.21801478e+16      	0.00000000e+00      
134     	4.16184693e+17      	0.00000000e+00      
141     	1.59954483e+16      	1.23766047e-01      
148     	5.98333532e+16      	0.00000000e+00      
Final   	5.68840921e+15      
----------------------      
  AMR 1/1: M=72  err=1.12e31  obs=8.24e-10  nrmse=1.35e16  best=1.35e16  refined=0
collocation [5899s]
  [final]  nrmse=1.353e16  l2=151.5
┌ Warning: Verbosity toggle: dt_epsilon 
│  Initial timestep too small (near machine epsilon), using default: dt = 1.0e-6
└ @ OrdinaryDiffEqCore ~/.julia/packages/OrdinaryDiffEqCore/NVUZl/src/initdt.jl:222
extrapolation window: T=60.0 -> T_test=120.0  n_test=100
  [train]  E_traj=3.3629999999999994e32  E_VF=0.1589  E_spec=Inf
  [test ]  E_traj=3.908e35  E_VF=5.127e28  E_spec=7.632e306
saved /orcd/home/002/txenakis/projects/BVPsolver/src/../data/runs/run_GeCJzlHA/pollu_fit.png
saved /orcd/home/002/txenakis/projects/BVPsolver/src/../data/runs/run_GeCJzlHA/pollu_fit_extrapolated.png
saved /orcd/home/002/txenakis/projects/BVPsolver/src/../data/runs/run_GeCJzlHA/pollu_spectral_fit_extrapolated.png
saved /orcd/home/002/txenakis/projects/BVPsolver/src/../data/runs/run_GeCJzlHA/pollu_vf_fit_extrapolated.png
┌ Warning: Attempting to store StiffNN.var"#16#17"{Vector{Float64}}.
│ JLD2 only stores functions by name.
│  This may not be useful for anonymous functions.
└ @ JLD2 ~/.julia/packages/JLD2/ADycq/src/data/writing_datatypes.jl:447
saved run → /orcd/home/002/txenakis/projects/BVPsolver/src/../data/runs/run_GeCJzlHA
--------------------------------------
Done: Mon Sep  7 18:28:13 EDT 2026
