Task 325/360: --problem davis-skodje --model mlp --profile fast --seed 25 --pretraining derivmatch --training shooting
Logging to /home/txenakis/projects/BVPsolver/logs/run_main_22227913_325.log
davis-skodje  model=mlp width=14 d=2 tlen=300 profile=fast seed=25  solver=Rodas5P  N=282
  derivmatch lr=0.01 iter=170/3400 loss=4.617
  derivmatch lr=0.01 iter=340/3400 loss=3.379
  derivmatch lr=0.01 iter=510/3400 loss=2.015
  derivmatch lr=0.01 iter=680/3400 loss=2.841
  derivmatch lr=0.01 iter=850/3400 loss=2.328
  derivmatch lr=0.01 iter=1020/3400 loss=2.083
  derivmatch lr=0.01 iter=1190/3400 loss=2.423
  derivmatch lr=0.01 iter=1360/3400 loss=2.073
  derivmatch lr=0.01 iter=1530/3400 loss=1.332
  derivmatch lr=0.01 iter=1700/3400 loss=1.3
  derivmatch lr=0.01 iter=1870/3400 loss=1.302
  derivmatch lr=0.01 iter=2040/3400 loss=0.7162
  derivmatch lr=0.01 iter=2210/3400 loss=1.539
  derivmatch lr=0.01 iter=2380/3400 loss=1.642
  derivmatch lr=0.01 iter=2550/3400 loss=0.8994
  derivmatch lr=0.01 iter=2720/3400 loss=0.714
  derivmatch lr=0.01 iter=2890/3400 loss=1.216
  derivmatch lr=0.01 iter=3060/3400 loss=1.641
  derivmatch lr=0.01 iter=3230/3400 loss=1.956
  derivmatch lr=0.01 iter=3400/3400 loss=1.372
  derivmatch lr=0.01 iter=3400/3400 loss=0.4301
  derivmatch lr=0.003 iter=125/2500 loss=0.517
  derivmatch lr=0.003 iter=250/2500 loss=0.5032
  derivmatch lr=0.003 iter=375/2500 loss=0.487
  derivmatch lr=0.003 iter=500/2500 loss=0.4017
  derivmatch lr=0.003 iter=625/2500 loss=0.3347
  derivmatch lr=0.003 iter=750/2500 loss=0.3261
  derivmatch lr=0.003 iter=875/2500 loss=0.4927
  derivmatch lr=0.003 iter=1000/2500 loss=0.3166
  derivmatch lr=0.003 iter=1125/2500 loss=0.479
  derivmatch lr=0.003 iter=1250/2500 loss=0.287
  derivmatch lr=0.003 iter=1375/2500 loss=0.3241
  derivmatch lr=0.003 iter=1500/2500 loss=0.3728
  derivmatch lr=0.003 iter=1625/2500 loss=0.2729
  derivmatch lr=0.003 iter=1750/2500 loss=0.2787
  derivmatch lr=0.003 iter=1875/2500 loss=0.3172
  derivmatch lr=0.003 iter=2000/2500 loss=0.255
  derivmatch lr=0.003 iter=2125/2500 loss=0.2611
  derivmatch lr=0.003 iter=2250/2500 loss=0.3019
  derivmatch lr=0.003 iter=2375/2500 loss=0.2378
  derivmatch lr=0.003 iter=2500/2500 loss=0.2444
  derivmatch lr=0.003 iter=2500/2500 loss=0.2324
  derivmatch lr=0.001 iter=125/2500 loss=0.2238
  derivmatch lr=0.001 iter=250/2500 loss=0.2218
  derivmatch lr=0.001 iter=375/2500 loss=0.2218
  derivmatch lr=0.001 iter=500/2500 loss=0.2198
  derivmatch lr=0.001 iter=625/2500 loss=0.2169
  derivmatch lr=0.001 iter=750/2500 loss=0.2143
  derivmatch lr=0.001 iter=875/2500 loss=0.211
  derivmatch lr=0.001 iter=1000/2500 loss=0.2081
  derivmatch lr=0.001 iter=1125/2500 loss=0.2044
  derivmatch lr=0.001 iter=1250/2500 loss=0.2013
  derivmatch lr=0.001 iter=1375/2500 loss=0.1975
  derivmatch lr=0.001 iter=1500/2500 loss=0.1943
  derivmatch lr=0.001 iter=1625/2500 loss=0.1905
  derivmatch lr=0.001 iter=1750/2500 loss=0.1873
  derivmatch lr=0.001 iter=1875/2500 loss=0.1834
  derivmatch lr=0.001 iter=2000/2500 loss=0.1803
  derivmatch lr=0.001 iter=2125/2500 loss=0.1765
  derivmatch lr=0.001 iter=2250/2500 loss=0.1735
  derivmatch lr=0.001 iter=2375/2500 loss=0.1699
  derivmatch lr=0.001 iter=2500/2500 loss=0.1671
  derivmatch lr=0.001 iter=2500/2500 loss=0.1668
  derivmatch lr=0.0003 iter=80/1600 loss=0.1639
  derivmatch lr=0.0003 iter=160/1600 loss=0.1635
  derivmatch lr=0.0003 iter=240/1600 loss=0.1629
  derivmatch lr=0.0003 iter=320/1600 loss=0.1622
  derivmatch lr=0.0003 iter=400/1600 loss=0.1615
  derivmatch lr=0.0003 iter=480/1600 loss=0.1607
  derivmatch lr=0.0003 iter=560/1600 loss=0.1598
  derivmatch lr=0.0003 iter=640/1600 loss=0.1589
  derivmatch lr=0.0003 iter=720/1600 loss=0.158
  derivmatch lr=0.0003 iter=800/1600 loss=0.157
  derivmatch lr=0.0003 iter=880/1600 loss=0.1564
  derivmatch lr=0.0003 iter=960/1600 loss=0.1549
  derivmatch lr=0.0003 iter=1040/1600 loss=0.1543
  derivmatch lr=0.0003 iter=1120/1600 loss=0.1532
  derivmatch lr=0.0003 iter=1200/1600 loss=0.1521
  derivmatch lr=0.0003 iter=1280/1600 loss=0.1506
  derivmatch lr=0.0003 iter=1360/1600 loss=0.1497
  derivmatch lr=0.0003 iter=1440/1600 loss=0.1486
  derivmatch lr=0.0003 iter=1520/1600 loss=0.1475
  derivmatch lr=0.0003 iter=1600/1600 loss=0.1464
  derivmatch lr=0.0003 iter=1600/1600 loss=0.1463
derivative matching [25s]  fitloss=0.146
  [derivative matching]  nrmse=0.05406  l2=2.647
  shooting iter=50/1000 loss=0.01934
  shooting iter=100/1000 loss=0.0178
  shooting iter=150/1000 loss=0.01603
  shooting iter=200/1000 loss=0.0157
  shooting iter=250/1000 loss=0.01399
  shooting iter=300/1000 loss=0.01357
  shooting iter=350/1000 loss=0.01274
  shooting iter=400/1000 loss=0.01193
  shooting iter=450/1000 loss=0.01112
  shooting iter=500/1000 loss=0.01043
  shooting iter=550/1000 loss=0.009949
  shooting iter=600/1000 loss=0.00919
  shooting iter=650/1000 loss=0.008797
  shooting iter=700/1000 loss=0.008123
  shooting iter=750/1000 loss=0.007693
  shooting iter=800/1000 loss=0.007221
  shooting iter=850/1000 loss=0.007459
  shooting iter=900/1000 loss=0.007333
  shooting iter=950/1000 loss=0.006194
  shooting iter=1000/1000 loss=0.005936
  shooting iter=1000/1000 loss=0.005757
shooting [548s]  loss=0.00576
  [final]  nrmse=0.01485  l2=0.7273
extrapolation window: T=15.0 -> T_test=30.0  n_test=600
  [train]  E_traj=0.0006632  E_VF=0.04854  E_spec=1.102
  [test ]  E_traj=6.512e8  E_VF=1.291e13  E_spec=2.348
saved /orcd/home/002/txenakis/projects/BVPsolver/src/../data/runs/run_UG8Lah9h/davis-skodje_fit.png
saved /orcd/home/002/txenakis/projects/BVPsolver/src/../data/runs/run_UG8Lah9h/davis-skodje_fit_extrapolated.png
saved /orcd/home/002/txenakis/projects/BVPsolver/src/../data/runs/run_UG8Lah9h/davis-skodje_spectral_fit_extrapolated.png
saved /orcd/home/002/txenakis/projects/BVPsolver/src/../data/runs/run_UG8Lah9h/davis-skodje_vf_fit_extrapolated.png
┌ Warning: Attempting to store StiffNN.var"#22#23"{Float64}.
│ JLD2 only stores functions by name.
│  This may not be useful for anonymous functions.
└ @ JLD2 ~/.julia/packages/JLD2/ADycq/src/data/writing_datatypes.jl:447
saved run → /orcd/home/002/txenakis/projects/BVPsolver/src/../data/runs/run_UG8Lah9h
--------------------------------------
Done: Mon Sep  7 22:00:27 EDT 2026
