Task 259/1800: --problem pollu --model GELU-scaled --profile fast --seed 109 --pretraining derivmatch --training collocation
Logging to /home/txenakis/projects/BVPsolver/logs/run_main_23493023_259.log
┌ Warning: Verbosity toggle: dt_epsilon 
│  Initial timestep too small (near machine epsilon), using default: dt = 1.0e-6
└ @ OrdinaryDiffEqCore ~/.julia/packages/OrdinaryDiffEqCore/NVUZl/src/initdt.jl:222
pollu  model=GELU-scaled width=40 d=20 tlen=50 profile=fast seed=109  solver=Rodas5  N=4940
  derivmatch lr=0.01 iter=510/10200 loss=7.869
  derivmatch lr=0.01 iter=1020/10200 loss=5.816
  derivmatch lr=0.01 iter=1530/10200 loss=5.75
  derivmatch lr=0.01 iter=2040/10200 loss=5.089
  derivmatch lr=0.01 iter=2550/10200 loss=4.43
  derivmatch lr=0.01 iter=3060/10200 loss=4.158
  derivmatch lr=0.01 iter=3570/10200 loss=3.278
  derivmatch lr=0.01 iter=4080/10200 loss=2.963
  derivmatch lr=0.01 iter=4590/10200 loss=2.361
  derivmatch lr=0.01 iter=5100/10200 loss=2.346
  derivmatch lr=0.01 iter=5610/10200 loss=2.466
  derivmatch lr=0.01 iter=6120/10200 loss=2.639
  derivmatch lr=0.01 iter=6630/10200 loss=2.396
  derivmatch lr=0.01 iter=7140/10200 loss=2.413
  derivmatch lr=0.01 iter=7650/10200 loss=1.463
  derivmatch lr=0.01 iter=8160/10200 loss=2.237
  derivmatch lr=0.01 iter=8670/10200 loss=1.819
  derivmatch lr=0.01 iter=9180/10200 loss=1.735
  derivmatch lr=0.01 iter=9690/10200 loss=1.29
  derivmatch lr=0.01 iter=10200/10200 loss=1.215
  derivmatch lr=0.01 iter=10200/10200 loss=0.9259
  derivmatch lr=0.003 iter=375/7500 loss=0.666
  derivmatch lr=0.003 iter=750/7500 loss=0.5188
  derivmatch lr=0.003 iter=1125/7500 loss=0.6801
  derivmatch lr=0.003 iter=1500/7500 loss=0.7573
  derivmatch lr=0.003 iter=1875/7500 loss=0.5336
  derivmatch lr=0.003 iter=2250/7500 loss=0.6094
  derivmatch lr=0.003 iter=2625/7500 loss=0.7028
  derivmatch lr=0.003 iter=3000/7500 loss=0.5291
  derivmatch lr=0.003 iter=3375/7500 loss=0.5327
  derivmatch lr=0.003 iter=3750/7500 loss=0.5851
  derivmatch lr=0.003 iter=4125/7500 loss=0.4769
  derivmatch lr=0.003 iter=4500/7500 loss=0.5333
  derivmatch lr=0.003 iter=4875/7500 loss=0.5496
  derivmatch lr=0.003 iter=5250/7500 loss=0.5542
  derivmatch lr=0.003 iter=5625/7500 loss=0.4628
  derivmatch lr=0.003 iter=6000/7500 loss=0.5011
  derivmatch lr=0.003 iter=6375/7500 loss=0.5967
  derivmatch lr=0.003 iter=6750/7500 loss=0.5179
  derivmatch lr=0.003 iter=7125/7500 loss=0.51
  derivmatch lr=0.003 iter=7500/7500 loss=0.5301
  derivmatch lr=0.003 iter=7500/7500 loss=0.3976
  derivmatch lr=0.001 iter=375/7500 loss=0.384
  derivmatch lr=0.001 iter=750/7500 loss=0.3692
  derivmatch lr=0.001 iter=1125/7500 loss=0.3729
  derivmatch lr=0.001 iter=1500/7500 loss=0.3652
  derivmatch lr=0.001 iter=1875/7500 loss=0.3709
  derivmatch lr=0.001 iter=2250/7500 loss=0.3578
  derivmatch lr=0.001 iter=2625/7500 loss=0.3645
  derivmatch lr=0.001 iter=3000/7500 loss=0.3561
  derivmatch lr=0.001 iter=3375/7500 loss=0.3408
  derivmatch lr=0.001 iter=3750/7500 loss=0.3409
  derivmatch lr=0.001 iter=4125/7500 loss=0.3389
  derivmatch lr=0.001 iter=4500/7500 loss=0.3388
  derivmatch lr=0.001 iter=4875/7500 loss=0.3781
  derivmatch lr=0.001 iter=5250/7500 loss=0.3375
  derivmatch lr=0.001 iter=5625/7500 loss=0.3364
  derivmatch lr=0.001 iter=6000/7500 loss=0.3817
  derivmatch lr=0.001 iter=6375/7500 loss=0.3329
  derivmatch lr=0.001 iter=6750/7500 loss=0.3308
  derivmatch lr=0.001 iter=7125/7500 loss=0.3445
  derivmatch lr=0.001 iter=7500/7500 loss=0.3253
  derivmatch lr=0.001 iter=7500/7500 loss=0.3221
  derivmatch lr=0.0003 iter=240/4800 loss=0.3185
  derivmatch lr=0.0003 iter=480/4800 loss=0.3194
  derivmatch lr=0.0003 iter=720/4800 loss=0.3174
  derivmatch lr=0.0003 iter=960/4800 loss=0.3171
  derivmatch lr=0.0003 iter=1200/4800 loss=0.3165
  derivmatch lr=0.0003 iter=1440/4800 loss=0.3157
  derivmatch lr=0.0003 iter=1680/4800 loss=0.315
  derivmatch lr=0.0003 iter=1920/4800 loss=0.3144
  derivmatch lr=0.0003 iter=2160/4800 loss=0.3135
  derivmatch lr=0.0003 iter=2400/4800 loss=0.3132
  derivmatch lr=0.0003 iter=2640/4800 loss=0.3127
  derivmatch lr=0.0003 iter=2880/4800 loss=0.3117
  derivmatch lr=0.0003 iter=3120/4800 loss=0.3116
  derivmatch lr=0.0003 iter=3360/4800 loss=0.3109
  derivmatch lr=0.0003 iter=3600/4800 loss=0.31
  derivmatch lr=0.0003 iter=3840/4800 loss=0.3097
  derivmatch lr=0.0003 iter=4080/4800 loss=0.3093
  derivmatch lr=0.0003 iter=4320/4800 loss=0.3086
  derivmatch lr=0.0003 iter=4560/4800 loss=0.308
  derivmatch lr=0.0003 iter=4800/4800 loss=0.3073
  derivmatch lr=0.0003 iter=4800/4800 loss=0.307
derivative matching [39s]  fitloss=0.307
  [derivative matching]  nrmse=0.4534  l2=0.002475
  collocation: M=72 residuals=5260  detecting sparsity + solving...

Algorithm: LevenbergMarquardt(
    trustregion = LevenbergMarquardtTrustRegion(
        β_uphill = 0.0
    ),
    descent = GeodesicAcceleration(
        descent = DampedNewtonDescent(
            linsolve = KLUFactorization(
                reuse_symbolic = true,
                check_pattern = true
            ),
            initial_damping = 1.0,
            damping_fn = LevenbergMarquardtDampingFunction(
                increase_factor = 2.0,
                decrease_factor = 3.0,
                min_damping = 1.0e-8
            ),
            min_norm_mode = :auto
        ),
        finite_diff_step_geodesic = 0.1,
        α = 0.75
    ),
    autodiff = AutoForwardDiff(),
    vjp_autodiff = AutoFiniteDiff(
        fdtype = Val{:forward}(),
        fdjtype = Val{:forward}(),
        fdhtype = Val{:hcentral}(),
        dir = true
    ),
    jvp_autodiff = AutoForwardDiff(),
    concrete_jac = Val{true}()
)

----    	-------------       	-----------         
Iter    	f(u) 2-norm         	Step 2-norm         
----    	-------------       	-----------         
0       	7.64903581e+03      	NaN                 
1       	7.64903581e+03      	0.00000000e+00      
8       	4.23064317e+03      	6.35824742e-02      
15      	2.96266939e+03      	3.58230428e-02      
22      	1.88040361e+03      	0.00000000e+00      
29      	1.45197218e+03      	7.77829632e-02      
36      	1.44429561e+03      	9.02052348e-03      
43      	1.35180615e+03      	0.00000000e+00      
50      	1.30056088e+03      	0.00000000e+00      
57      	1.29490338e+03      	9.47699538e-03      
64      	1.16708949e+03      	0.00000000e+00      
71      	1.16952816e+03      	0.00000000e+00      
78      	1.16420509e+03      	0.00000000e+00      
85      	1.15311558e+03      	0.00000000e+00      
92      	1.14693948e+03      	1.48235374e-02      
99      	1.09059311e+03      	0.00000000e+00      
106     	1.09555393e+03      	7.43355887e-03      
113     	1.07836042e+03      	0.00000000e+00      
120     	1.07151721e+03      	1.78880945e-02      
127     	1.06771684e+03      	0.00000000e+00      
134     	1.06032183e+03      	1.13637474e-02      
141     	1.05137305e+03      	9.86441385e-03      
148     	1.02431311e+03      	0.00000000e+00      
Final   	1.02431311e+03      
----------------------      
  AMR 1/1: M=72  err=343000.0  obs=0.00182  nrmse=3.84  best=0.453  refined=0
 derivative matching was best (1/1 rounds ran)
collocation [7882s]
  [final]  nrmse=0.4534  l2=0.002475
┌ Warning: Verbosity toggle: dt_epsilon 
│  Initial timestep too small (near machine epsilon), using default: dt = 1.0e-6
└ @ OrdinaryDiffEqCore ~/.julia/packages/OrdinaryDiffEqCore/NVUZl/src/initdt.jl:222
extrapolation window: T=60.0 -> T_test=120.0  n_test=100
  [train]  E_traj=0.5148  E_VF=0.2025  E_spec=1.085e293
  [test ]  E_traj=22.76  E_VF=645.9  E_spec=6.2e265
┌ Warning: No strict ticks found
└ @ PlotUtils ~/.julia/packages/PlotUtils/HX80C/src/ticks.jl:194
┌ Warning: No strict ticks found
└ @ PlotUtils ~/.julia/packages/PlotUtils/HX80C/src/ticks.jl:194
saved /orcd/home/002/txenakis/projects/BVPsolver/src/../data/runs/run_n1ewSgjn/pollu_fit.png
┌ Warning: No strict ticks found
└ @ PlotUtils ~/.julia/packages/PlotUtils/HX80C/src/ticks.jl:194
┌ Warning: No strict ticks found
└ @ PlotUtils ~/.julia/packages/PlotUtils/HX80C/src/ticks.jl:194
saved /orcd/home/002/txenakis/projects/BVPsolver/src/../data/runs/run_n1ewSgjn/pollu_fit_extrapolated.png
┌ Warning: No strict ticks found
└ @ PlotUtils ~/.julia/packages/PlotUtils/HX80C/src/ticks.jl:194
┌ Warning: No strict ticks found
└ @ PlotUtils ~/.julia/packages/PlotUtils/HX80C/src/ticks.jl:194
saved /orcd/home/002/txenakis/projects/BVPsolver/src/../data/runs/run_n1ewSgjn/pollu_spectral_fit_extrapolated.png
saved /orcd/home/002/txenakis/projects/BVPsolver/src/../data/runs/run_n1ewSgjn/pollu_vf_fit_extrapolated.png
┌ Warning: Attempting to store StiffNN.var"#16#17"{Vector{Float64}}.
│ JLD2 only stores functions by name.
│  This may not be useful for anonymous functions.
└ @ JLD2 ~/.julia/packages/JLD2/ADycq/src/data/writing_datatypes.jl:447
saved run → /orcd/home/002/txenakis/projects/BVPsolver/src/../data/runs/run_n1ewSgjn
--------------------------------------
Done: Wed Sep 23 05:12:17 EDT 2026
