Task 945/1800: --problem hires --model stiff --profile fast --seed 145 --pretraining derivmatch --training shooting
Logging to /home/txenakis/projects/BVPsolver/logs/run_main_23553922_945.log
hires  model=stiff width=16 d=8 tlen=50 profile=fast seed=145  solver=Rodas5  N=816
  derivmatch lr=0.01 iter=170/3400 loss=0.0967
  derivmatch lr=0.01 iter=340/3400 loss=1.572
  derivmatch lr=0.01 iter=510/3400 loss=0.0383
  derivmatch lr=0.01 iter=680/3400 loss=0.01964
  derivmatch lr=0.01 iter=850/3400 loss=0.01207
  derivmatch lr=0.01 iter=1020/3400 loss=0.008431
  derivmatch lr=0.01 iter=1190/3400 loss=0.006352
  derivmatch lr=0.01 iter=1360/3400 loss=0.005023
  derivmatch lr=0.01 iter=1530/3400 loss=0.004115
  derivmatch lr=0.01 iter=1700/3400 loss=0.003449
  derivmatch lr=0.01 iter=1870/3400 loss=0.002931
  derivmatch lr=0.01 iter=2040/3400 loss=0.002528
  derivmatch lr=0.01 iter=2210/3400 loss=0.002281
  derivmatch lr=0.01 iter=2380/3400 loss=0.002665
  derivmatch lr=0.01 iter=2550/3400 loss=0.001703
  derivmatch lr=0.01 iter=2720/3400 loss=0.001698
  derivmatch lr=0.01 iter=2890/3400 loss=0.001808
  derivmatch lr=0.01 iter=3060/3400 loss=0.002706
  derivmatch lr=0.01 iter=3230/3400 loss=0.002559
  derivmatch lr=0.01 iter=3400/3400 loss=0.0009134
  derivmatch lr=0.01 iter=3400/3400 loss=0.0009134
  derivmatch lr=0.003 iter=125/2500 loss=0.000901
  derivmatch lr=0.003 iter=250/2500 loss=0.0008155
  derivmatch lr=0.003 iter=375/2500 loss=0.000743
  derivmatch lr=0.003 iter=500/2500 loss=0.0006746
  derivmatch lr=0.003 iter=625/2500 loss=0.0006108
  derivmatch lr=0.003 iter=750/2500 loss=0.0005528
  derivmatch lr=0.003 iter=875/2500 loss=0.0005009
  derivmatch lr=0.003 iter=1000/2500 loss=0.0004546
  derivmatch lr=0.003 iter=1125/2500 loss=0.0004134
  derivmatch lr=0.003 iter=1250/2500 loss=0.0003763
  derivmatch lr=0.003 iter=1375/2500 loss=0.0003426
  derivmatch lr=0.003 iter=1500/2500 loss=0.0003161
  derivmatch lr=0.003 iter=1625/2500 loss=0.0002884
  derivmatch lr=0.003 iter=1750/2500 loss=0.0008563
  derivmatch lr=0.003 iter=1875/2500 loss=0.0002434
  derivmatch lr=0.003 iter=2000/2500 loss=0.0002266
  derivmatch lr=0.003 iter=2125/2500 loss=0.0002158
  derivmatch lr=0.003 iter=2250/2500 loss=0.0001995
  derivmatch lr=0.003 iter=2375/2500 loss=0.0002272
  derivmatch lr=0.003 iter=2500/2500 loss=0.0001762
  derivmatch lr=0.003 iter=2500/2500 loss=0.0001749
  derivmatch lr=0.001 iter=125/2500 loss=0.0001708
  derivmatch lr=0.001 iter=250/2500 loss=0.0001675
  derivmatch lr=0.001 iter=375/2500 loss=0.0001643
  derivmatch lr=0.001 iter=500/2500 loss=0.0001609
  derivmatch lr=0.001 iter=625/2500 loss=0.0001572
  derivmatch lr=0.001 iter=750/2500 loss=0.0001532
  derivmatch lr=0.001 iter=875/2500 loss=0.0001492
  derivmatch lr=0.001 iter=1000/2500 loss=0.000145
  derivmatch lr=0.001 iter=1125/2500 loss=0.0001407
  derivmatch lr=0.001 iter=1250/2500 loss=0.0001364
  derivmatch lr=0.001 iter=1375/2500 loss=0.000132
  derivmatch lr=0.001 iter=1500/2500 loss=0.0001286
  derivmatch lr=0.001 iter=1625/2500 loss=0.0001249
  derivmatch lr=0.001 iter=1750/2500 loss=0.0001212
  derivmatch lr=0.001 iter=1875/2500 loss=0.0001176
  derivmatch lr=0.001 iter=2000/2500 loss=0.0001308
  derivmatch lr=0.001 iter=2125/2500 loss=0.0001113
  derivmatch lr=0.001 iter=2250/2500 loss=0.0001082
  derivmatch lr=0.001 iter=2375/2500 loss=0.0001051
  derivmatch lr=0.001 iter=2500/2500 loss=0.0001031
  derivmatch lr=0.001 iter=2500/2500 loss=0.0001025
  derivmatch lr=0.0003 iter=80/1600 loss=0.0001022
  derivmatch lr=0.0003 iter=160/1600 loss=0.0001017
  derivmatch lr=0.0003 iter=240/1600 loss=0.0001011
  derivmatch lr=0.0003 iter=320/1600 loss=0.0001005
  derivmatch lr=0.0003 iter=400/1600 loss=9.973e-5
  derivmatch lr=0.0003 iter=480/1600 loss=9.892e-5
  derivmatch lr=0.0003 iter=560/1600 loss=9.803e-5
  derivmatch lr=0.0003 iter=640/1600 loss=9.708e-5
  derivmatch lr=0.0003 iter=720/1600 loss=9.607e-5
  derivmatch lr=0.0003 iter=800/1600 loss=9.501e-5
  derivmatch lr=0.0003 iter=880/1600 loss=9.39e-5
  derivmatch lr=0.0003 iter=960/1600 loss=9.275e-5
  derivmatch lr=0.0003 iter=1040/1600 loss=9.155e-5
  derivmatch lr=0.0003 iter=1120/1600 loss=9.031e-5
  derivmatch lr=0.0003 iter=1200/1600 loss=9.174e-5
  derivmatch lr=0.0003 iter=1280/1600 loss=8.815e-5
  derivmatch lr=0.0003 iter=1360/1600 loss=8.71e-5
  derivmatch lr=0.0003 iter=1440/1600 loss=8.603e-5
  derivmatch lr=0.0003 iter=1520/1600 loss=8.493e-5
  derivmatch lr=0.0003 iter=1600/1600 loss=8.381e-5
  derivmatch lr=0.0003 iter=1600/1600 loss=8.381e-5
derivative matching [28s]  fitloss=8.38e-5
  [derivative matching]  nrmse=0.02726  l2=0.1664
  shooting iter=50/1000 loss=0.006855
  shooting iter=100/1000 loss=0.005538
  shooting iter=150/1000 loss=0.004655
  shooting iter=200/1000 loss=0.004374
  shooting iter=250/1000 loss=0.003341
  shooting iter=300/1000 loss=0.002677
  shooting iter=350/1000 loss=0.004005
  shooting iter=400/1000 loss=0.003406
  shooting iter=450/1000 loss=0.002347
  shooting iter=500/1000 loss=0.005592
  shooting iter=550/1000 loss=0.003428
  shooting iter=600/1000 loss=0.002855
  shooting iter=650/1000 loss=0.003858
  shooting iter=700/1000 loss=0.004337
  shooting iter=750/1000 loss=0.00206
  shooting iter=800/1000 loss=0.004105
  shooting iter=850/1000 loss=0.005029
  shooting iter=900/1000 loss=0.003922
  shooting iter=950/1000 loss=0.0017
  shooting iter=1000/1000 loss=0.005792
  shooting iter=1000/1000 loss=0.001466
shooting [6497s]  loss=0.00147
  [final]  nrmse=0.003927  l2=0.03457
extrapolation window: T=321.8122 -> T_test=643.624  n_test=100
  [train]  E_traj=5.776e-5  E_VF=0.0002955  E_spec=9.626e17
  [test ]  E_traj=13510.0  E_VF=8.99e6  E_spec=4.957e28
saved /orcd/home/002/txenakis/projects/BVPsolver/src/../data/runs/run_ONilorPD/hires_fit.png
saved /orcd/home/002/txenakis/projects/BVPsolver/src/../data/runs/run_ONilorPD/hires_fit_extrapolated.png
saved /orcd/home/002/txenakis/projects/BVPsolver/src/../data/runs/run_ONilorPD/hires_spectral_fit_extrapolated.png
saved /orcd/home/002/txenakis/projects/BVPsolver/src/../data/runs/run_ONilorPD/hires_vf_fit_extrapolated.png
┌ Warning: Attempting to store StiffNN.var"#18#19"{Type{Float64}}.
│ JLD2 only stores functions by name.
│  This may not be useful for anonymous functions.
└ @ JLD2 ~/.julia/packages/JLD2/ADycq/src/data/writing_datatypes.jl:447
saved run → /orcd/home/002/txenakis/projects/BVPsolver/src/../data/runs/run_ONilorPD
--------------------------------------
Done: Wed Sep 23 16:42:06 EDT 2026
