Task 872/1800: --problem vanderpol --model GELU-scaled --profile fast --seed 122 --pretraining derivmatch --training collocation
Logging to /home/txenakis/projects/BVPsolver/logs/run_main_23553922_872.log
vanderpol  model=GELU-scaled width=7 d=2 tlen=151 profile=fast seed=122  solver=Kvaerno5  N=317
  derivmatch lr=0.01 iter=170/3400 loss=2.733
  derivmatch lr=0.01 iter=340/3400 loss=2.527
  derivmatch lr=0.01 iter=510/3400 loss=2.239
  derivmatch lr=0.01 iter=680/3400 loss=0.8354
  derivmatch lr=0.01 iter=850/3400 loss=1.44
  derivmatch lr=0.01 iter=1020/3400 loss=1.949
  derivmatch lr=0.01 iter=1190/3400 loss=0.6499
  derivmatch lr=0.01 iter=1360/3400 loss=0.1779
  derivmatch lr=0.01 iter=1530/3400 loss=0.1283
  derivmatch lr=0.01 iter=1700/3400 loss=0.08784
  derivmatch lr=0.01 iter=1870/3400 loss=0.07975
  derivmatch lr=0.01 iter=2040/3400 loss=0.05695
  derivmatch lr=0.01 iter=2210/3400 loss=0.05153
  derivmatch lr=0.01 iter=2380/3400 loss=0.05778
  derivmatch lr=0.01 iter=2550/3400 loss=0.03468
  derivmatch lr=0.01 iter=2720/3400 loss=0.03972
  derivmatch lr=0.01 iter=2890/3400 loss=0.02578
  derivmatch lr=0.01 iter=3060/3400 loss=1.39
  derivmatch lr=0.01 iter=3230/3400 loss=1.066
  derivmatch lr=0.01 iter=3400/3400 loss=1.099
  derivmatch lr=0.01 iter=3400/3400 loss=0.0248
  derivmatch lr=0.003 iter=125/2500 loss=0.04411
  derivmatch lr=0.003 iter=250/2500 loss=0.02141
  derivmatch lr=0.003 iter=375/2500 loss=0.01919
  derivmatch lr=0.003 iter=500/2500 loss=0.01698
  derivmatch lr=0.003 iter=625/2500 loss=0.01466
  derivmatch lr=0.003 iter=750/2500 loss=0.01274
  derivmatch lr=0.003 iter=875/2500 loss=0.01099
  derivmatch lr=0.003 iter=1000/2500 loss=0.009615
  derivmatch lr=0.003 iter=1125/2500 loss=0.008549
  derivmatch lr=0.003 iter=1250/2500 loss=0.007952
  derivmatch lr=0.003 iter=1375/2500 loss=0.00697
  derivmatch lr=0.003 iter=1500/2500 loss=0.006487
  derivmatch lr=0.003 iter=1625/2500 loss=0.006114
  derivmatch lr=0.003 iter=1750/2500 loss=0.006033
  derivmatch lr=0.003 iter=1875/2500 loss=0.005313
  derivmatch lr=0.003 iter=2000/2500 loss=0.006182
  derivmatch lr=0.003 iter=2125/2500 loss=0.008584
  derivmatch lr=0.003 iter=2250/2500 loss=0.006624
  derivmatch lr=0.003 iter=2375/2500 loss=0.005247
  derivmatch lr=0.003 iter=2500/2500 loss=0.005898
  derivmatch lr=0.003 iter=2500/2500 loss=0.003881
  derivmatch lr=0.001 iter=125/2500 loss=0.003692
  derivmatch lr=0.001 iter=250/2500 loss=0.003437
  derivmatch lr=0.001 iter=375/2500 loss=0.003209
  derivmatch lr=0.001 iter=500/2500 loss=0.003005
  derivmatch lr=0.001 iter=625/2500 loss=0.002819
  derivmatch lr=0.001 iter=750/2500 loss=0.00276
  derivmatch lr=0.001 iter=875/2500 loss=0.002528
  derivmatch lr=0.001 iter=1000/2500 loss=0.002372
  derivmatch lr=0.001 iter=1125/2500 loss=0.002268
  derivmatch lr=0.001 iter=1250/2500 loss=0.002334
  derivmatch lr=0.001 iter=1375/2500 loss=0.002087
  derivmatch lr=0.001 iter=1500/2500 loss=0.002003
  derivmatch lr=0.001 iter=1625/2500 loss=0.002405
  derivmatch lr=0.001 iter=1750/2500 loss=0.001889
  derivmatch lr=0.001 iter=1875/2500 loss=0.001934
  derivmatch lr=0.001 iter=2000/2500 loss=0.001887
  derivmatch lr=0.001 iter=2125/2500 loss=0.001775
  derivmatch lr=0.001 iter=2250/2500 loss=0.001764
  derivmatch lr=0.001 iter=2375/2500 loss=0.00241
  derivmatch lr=0.001 iter=2500/2500 loss=0.001593
  derivmatch lr=0.001 iter=2500/2500 loss=0.001557
  derivmatch lr=0.0003 iter=80/1600 loss=0.001578
  derivmatch lr=0.0003 iter=160/1600 loss=0.001528
  derivmatch lr=0.0003 iter=240/1600 loss=0.001507
  derivmatch lr=0.0003 iter=320/1600 loss=0.001484
  derivmatch lr=0.0003 iter=400/1600 loss=0.00146
  derivmatch lr=0.0003 iter=480/1600 loss=0.001434
  derivmatch lr=0.0003 iter=560/1600 loss=0.001408
  derivmatch lr=0.0003 iter=640/1600 loss=0.00138
  derivmatch lr=0.0003 iter=720/1600 loss=0.001353
  derivmatch lr=0.0003 iter=800/1600 loss=0.001407
  derivmatch lr=0.0003 iter=880/1600 loss=0.001312
  derivmatch lr=0.0003 iter=960/1600 loss=0.001292
  derivmatch lr=0.0003 iter=1040/1600 loss=0.001267
  derivmatch lr=0.0003 iter=1120/1600 loss=0.001245
  derivmatch lr=0.0003 iter=1200/1600 loss=0.001413
  derivmatch lr=0.0003 iter=1280/1600 loss=0.00119
  derivmatch lr=0.0003 iter=1360/1600 loss=0.001164
  derivmatch lr=0.0003 iter=1440/1600 loss=0.001139
  derivmatch lr=0.0003 iter=1520/1600 loss=0.001114
  derivmatch lr=0.0003 iter=1600/1600 loss=0.001093
  derivmatch lr=0.0003 iter=1600/1600 loss=0.001092
derivative matching [27s]  fitloss=0.00109
  [derivative matching]  nrmse=0.3622  l2=325.4
  collocation: M=163 residuals=1274  detecting sparsity + solving...

Algorithm: LevenbergMarquardt(
    trustregion = LevenbergMarquardtTrustRegion(
        β_uphill = 0.0
    ),
    descent = GeodesicAcceleration(
        descent = DampedNewtonDescent(
            linsolve = KLUFactorization(
                reuse_symbolic = true,
                check_pattern = true
            ),
            initial_damping = 1.0,
            damping_fn = LevenbergMarquardtDampingFunction(
                increase_factor = 2.0,
                decrease_factor = 3.0,
                min_damping = 1.0e-8
            ),
            min_norm_mode = :auto
        ),
        finite_diff_step_geodesic = 0.1,
        α = 0.75
    ),
    autodiff = AutoForwardDiff(),
    vjp_autodiff = AutoFiniteDiff(
        fdtype = Val{:forward}(),
        fdjtype = Val{:forward}(),
        fdhtype = Val{:hcentral}(),
        dir = true
    ),
    jvp_autodiff = AutoForwardDiff(),
    concrete_jac = Val{true}()
)

----    	-------------       	-----------         
Iter    	f(u) 2-norm         	Step 2-norm         
----    	-------------       	-----------         
0       	1.86533913e+02      	NaN                 
1       	1.72461779e+02      	4.69052766e-02      
8       	6.53196033e+02      	3.90671879e-02      
15      	6.57824720e+02      	4.46289082e-02      
22      	5.08430967e+02      	4.55983039e-02      
29      	5.08430967e+02      	0.00000000e+00      
36      	4.30796218e+02      	1.80545318e-02      
43      	4.39608431e+02      	0.00000000e+00      
50      	4.32776453e+02      	0.00000000e+00      
57      	4.92380059e+02      	0.00000000e+00      
64      	4.62688947e+02      	0.00000000e+00      
71      	4.14988311e+02      	0.00000000e+00      
78      	4.78318033e+02      	5.64727519e-02      
85      	3.54236507e+02      	0.00000000e+00      
92      	3.54236507e+02      	0.00000000e+00      
99      	3.54236507e+02      	0.00000000e+00      
106     	3.21807226e+02      	7.80096840e-03      
113     	2.92904967e+02      	4.41378373e-02      
120     	2.50480227e+02      	1.88748741e-02      
127     	3.51132399e+02      	0.00000000e+00      
134     	2.02306268e+02      	4.53815584e-02      
141     	2.04092378e+02      	1.48745177e-02      
148     	2.10019956e+02      	0.00000000e+00      
Final   	1.72461779e+02      
----------------------      
  AMR 1/1: M=163  err=2470.0  obs=0.000509  nrmse=0.318  best=0.318  refined=0
collocation [45s]
  [final]  nrmse=0.318  l2=325.2
extrapolation window: T=200.0 -> T_test=400.0  n_test=302
  [train]  E_traj=1.099  E_VF=0.01899  E_spec=0.1238
  [test ]  E_traj=1.746  E_VF=53.71  E_spec=0.2111
saved /orcd/home/002/txenakis/projects/BVPsolver/src/../data/runs/run_X5yrZNj8/vanderpol_fit.png
saved /orcd/home/002/txenakis/projects/BVPsolver/src/../data/runs/run_X5yrZNj8/vanderpol_fit_extrapolated.png
saved /orcd/home/002/txenakis/projects/BVPsolver/src/../data/runs/run_X5yrZNj8/vanderpol_spectral_fit_extrapolated.png
saved /orcd/home/002/txenakis/projects/BVPsolver/src/../data/runs/run_X5yrZNj8/vanderpol_vf_fit_extrapolated.png
┌ Warning: Attempting to store StiffNN.var"#14#15"{Float64}.
│ JLD2 only stores functions by name.
│  This may not be useful for anonymous functions.
└ @ JLD2 ~/.julia/packages/JLD2/ADycq/src/data/writing_datatypes.jl:447
saved run → /orcd/home/002/txenakis/projects/BVPsolver/src/../data/runs/run_X5yrZNj8
--------------------------------------
Done: Wed Sep 23 13:01:57 EDT 2026
