Task 1759/1800: --problem davis-skodje --model GELU-scaled --profile fast --seed 109 --pretraining derivmatch --training collocation
Logging to /home/txenakis/projects/BVPsolver/logs/run_main_23640313_1759.log
davis-skodje  model=GELU-scaled width=7 d=2 tlen=300 profile=fast seed=109  solver=Rodas5P  N=317
  derivmatch lr=0.01 iter=170/3400 loss=0.502
  derivmatch lr=0.01 iter=340/3400 loss=0.03687
  derivmatch lr=0.01 iter=510/3400 loss=0.02036
  derivmatch lr=0.01 iter=680/3400 loss=0.02028
  derivmatch lr=0.01 iter=850/3400 loss=0.02685
  derivmatch lr=0.01 iter=1020/3400 loss=0.007925
  derivmatch lr=0.01 iter=1190/3400 loss=0.01291
  derivmatch lr=0.01 iter=1360/3400 loss=0.01816
  derivmatch lr=0.01 iter=1530/3400 loss=0.004352
  derivmatch lr=0.01 iter=1700/3400 loss=0.0103
  derivmatch lr=0.01 iter=1870/3400 loss=0.01351
  derivmatch lr=0.01 iter=2040/3400 loss=0.003005
  derivmatch lr=0.01 iter=2210/3400 loss=0.009243
  derivmatch lr=0.01 iter=2380/3400 loss=0.01094
  derivmatch lr=0.01 iter=2550/3400 loss=0.002462
  derivmatch lr=0.01 iter=2720/3400 loss=0.008668
  derivmatch lr=0.01 iter=2890/3400 loss=0.009437
  derivmatch lr=0.01 iter=3060/3400 loss=0.002169
  derivmatch lr=0.01 iter=3230/3400 loss=0.008166
  derivmatch lr=0.01 iter=3400/3400 loss=0.008225
  derivmatch lr=0.01 iter=3400/3400 loss=0.001984
  derivmatch lr=0.003 iter=125/2500 loss=0.0005578
  derivmatch lr=0.003 iter=250/2500 loss=0.0004103
  derivmatch lr=0.003 iter=375/2500 loss=0.0003356
  derivmatch lr=0.003 iter=500/2500 loss=0.0002834
  derivmatch lr=0.003 iter=625/2500 loss=0.0003008
  derivmatch lr=0.003 iter=750/2500 loss=0.0006295
  derivmatch lr=0.003 iter=875/2500 loss=0.0003044
  derivmatch lr=0.003 iter=1000/2500 loss=0.0001918
  derivmatch lr=0.003 iter=1125/2500 loss=0.0009838
  derivmatch lr=0.003 iter=1250/2500 loss=0.0002262
  derivmatch lr=0.003 iter=1375/2500 loss=0.0001764
  derivmatch lr=0.003 iter=1500/2500 loss=0.0007362
  derivmatch lr=0.003 iter=1625/2500 loss=0.001126
  derivmatch lr=0.003 iter=1750/2500 loss=0.0001876
  derivmatch lr=0.003 iter=1875/2500 loss=0.0001426
  derivmatch lr=0.003 iter=2000/2500 loss=0.0002468
  derivmatch lr=0.003 iter=2125/2500 loss=0.0001487
  derivmatch lr=0.003 iter=2250/2500 loss=0.001325
  derivmatch lr=0.003 iter=2375/2500 loss=0.001731
  derivmatch lr=0.003 iter=2500/2500 loss=0.001312
  derivmatch lr=0.003 iter=2500/2500 loss=9.471e-5
  derivmatch lr=0.001 iter=125/2500 loss=9.414e-5
  derivmatch lr=0.001 iter=250/2500 loss=9.135e-5
  derivmatch lr=0.001 iter=375/2500 loss=8.959e-5
  derivmatch lr=0.001 iter=500/2500 loss=8.786e-5
  derivmatch lr=0.001 iter=625/2500 loss=8.608e-5
  derivmatch lr=0.001 iter=750/2500 loss=8.422e-5
  derivmatch lr=0.001 iter=875/2500 loss=8.231e-5
  derivmatch lr=0.001 iter=1000/2500 loss=8.034e-5
  derivmatch lr=0.001 iter=1125/2500 loss=7.832e-5
  derivmatch lr=0.001 iter=1250/2500 loss=7.625e-5
  derivmatch lr=0.001 iter=1375/2500 loss=7.412e-5
  derivmatch lr=0.001 iter=1500/2500 loss=0.0001081
  derivmatch lr=0.001 iter=1625/2500 loss=0.0002042
  derivmatch lr=0.001 iter=1750/2500 loss=0.0001241
  derivmatch lr=0.001 iter=1875/2500 loss=0.0001895
  derivmatch lr=0.001 iter=2000/2500 loss=6.573e-5
  derivmatch lr=0.001 iter=2125/2500 loss=6.5e-5
  derivmatch lr=0.001 iter=2250/2500 loss=7.123e-5
  derivmatch lr=0.001 iter=2375/2500 loss=0.0002621
  derivmatch lr=0.001 iter=2500/2500 loss=0.0001364
  derivmatch lr=0.001 iter=2500/2500 loss=5.919e-5
  derivmatch lr=0.0003 iter=80/1600 loss=5.947e-5
  derivmatch lr=0.0003 iter=160/1600 loss=5.893e-5
  derivmatch lr=0.0003 iter=240/1600 loss=5.874e-5
  derivmatch lr=0.0003 iter=320/1600 loss=5.851e-5
  derivmatch lr=0.0003 iter=400/1600 loss=5.826e-5
  derivmatch lr=0.0003 iter=480/1600 loss=5.797e-5
  derivmatch lr=0.0003 iter=560/1600 loss=5.766e-5
  derivmatch lr=0.0003 iter=640/1600 loss=5.731e-5
  derivmatch lr=0.0003 iter=720/1600 loss=5.694e-5
  derivmatch lr=0.0003 iter=800/1600 loss=5.655e-5
  derivmatch lr=0.0003 iter=880/1600 loss=5.612e-5
  derivmatch lr=0.0003 iter=960/1600 loss=5.567e-5
  derivmatch lr=0.0003 iter=1040/1600 loss=5.52e-5
  derivmatch lr=0.0003 iter=1120/1600 loss=5.47e-5
  derivmatch lr=0.0003 iter=1200/1600 loss=5.417e-5
  derivmatch lr=0.0003 iter=1280/1600 loss=5.362e-5
  derivmatch lr=0.0003 iter=1360/1600 loss=5.305e-5
  derivmatch lr=0.0003 iter=1440/1600 loss=5.767e-5
  derivmatch lr=0.0003 iter=1520/1600 loss=5.197e-5
  derivmatch lr=0.0003 iter=1600/1600 loss=5.14e-5
  derivmatch lr=0.0003 iter=1600/1600 loss=5.14e-5
derivative matching [34s]  fitloss=5.14e-5
  [derivative matching]  nrmse=0.0003986  l2=0.01684
  collocation: M=300 residuals=2394  detecting sparsity + solving...

Algorithm: LevenbergMarquardt(
    trustregion = LevenbergMarquardtTrustRegion(
        β_uphill = 0.0
    ),
    descent = GeodesicAcceleration(
        descent = DampedNewtonDescent(
            linsolve = KLUFactorization(
                reuse_symbolic = true,
                check_pattern = true
            ),
            initial_damping = 1.0,
            damping_fn = LevenbergMarquardtDampingFunction(
                increase_factor = 2.0,
                decrease_factor = 3.0,
                min_damping = 1.0e-8
            ),
            min_norm_mode = :auto
        ),
        finite_diff_step_geodesic = 0.1,
        α = 0.75
    ),
    autodiff = AutoForwardDiff(),
    vjp_autodiff = AutoFiniteDiff(
        fdtype = Val{:forward}(),
        fdjtype = Val{:forward}(),
        fdhtype = Val{:hcentral}(),
        dir = true
    ),
    jvp_autodiff = AutoForwardDiff(),
    concrete_jac = Val{true}()
)

----    	-------------       	-----------         
Iter    	f(u) 2-norm         	Step 2-norm         
----    	-------------       	-----------         
0       	2.85546038e+01      	7.15912445e-316     
1       	1.27210657e+01      	1.78515804e-01      
8       	2.84240608e-02      	1.70997199e-02      
15      	1.36951008e-03      	3.41327264e-02      
22      	9.75882154e-02      	0.00000000e+00      
29      	2.96295152e-01      	5.32338229e-01      
36      	6.24144248e-01      	0.00000000e+00      
43      	4.09605491e-01      	0.00000000e+00      
50      	7.58573714e-01      	0.00000000e+00      
57      	3.19923091e-01      	0.00000000e+00      
64      	5.14880540e-03      	4.36778474e-02      
71      	2.21655786e-01      	0.00000000e+00      
78      	5.09356999e-03      	0.00000000e+00      
85      	1.41047900e-05      	1.33394172e-02      
92      	8.14041829e-02      	0.00000000e+00      
99      	3.95485621e-04      	4.32610576e-03      
106     	8.99001885e-04      	0.00000000e+00      
113     	7.49918440e-02      	7.79957701e-02      
120     	5.84897422e-01      	0.00000000e+00      
127     	7.17792388e-02      	0.00000000e+00      
134     	2.77746351e-03      	1.04452691e-01      
141     	5.13712316e-03      	0.00000000e+00      
148     	2.38724471e-03      	0.00000000e+00      
Final   	1.27266196e-05      
----------------------      
  AMR 1/3: M=300  err=8.21e-12  obs=2.11e-7  nrmse=6.13e-6  best=6.13e-6  refined=11
  collocation: M=311 residuals=2460  detecting sparsity + solving...

Algorithm: LevenbergMarquardt(
    trustregion = LevenbergMarquardtTrustRegion(
        β_uphill = 0.0
    ),
    descent = GeodesicAcceleration(
        descent = DampedNewtonDescent(
            linsolve = KLUFactorization(
                reuse_symbolic = true,
                check_pattern = true
            ),
            initial_damping = 1.0,
            damping_fn = LevenbergMarquardtDampingFunction(
                increase_factor = 2.0,
                decrease_factor = 3.0,
                min_damping = 1.0e-8
            ),
            min_norm_mode = :auto
        ),
        finite_diff_step_geodesic = 0.1,
        α = 0.75
    ),
    autodiff = AutoForwardDiff(),
    vjp_autodiff = AutoFiniteDiff(
        fdtype = Val{:forward}(),
        fdjtype = Val{:forward}(),
        fdhtype = Val{:hcentral}(),
        dir = true
    ),
    jvp_autodiff = AutoForwardDiff(),
    concrete_jac = Val{true}()
)

----    	-------------       	-----------         
Iter    	f(u) 2-norm         	Step 2-norm         
----    	-------------       	-----------         
0       	2.47682566e+01      	NaN                 
1       	1.13406789e+01      	1.04352213e-01      
8       	1.06118149e-02      	7.31379587e-03      
15      	8.21878942e-04      	4.73499912e-03      
22      	1.10744633e-05      	3.23794414e-03      
29      	5.27863159e-03      	0.00000000e+00      
36      	3.28244695e-01      	0.00000000e+00      
43      	3.28244695e-01      	0.00000000e+00      
50      	5.03383036e-03      	5.20920742e-02      
57      	9.55089751e-04      	6.59015286e-03      
64      	6.14113673e-01      	0.00000000e+00      
71      	5.15843164e-01      	0.00000000e+00      
78      	1.58717105e-02      	2.97779409e-01      
85      	1.82853269e-02      	0.00000000e+00      
92      	1.58034945e-02      	8.24600971e-02      
99      	6.48917355e-04      	6.57670634e-02      
106     	9.23433996e-03      	0.00000000e+00      
113     	8.10350793e-02      	2.48189481e-01      
120     	2.72290821e-01      	0.00000000e+00      
127     	3.77018474e-03      	0.00000000e+00      
134     	1.35976500e-01      	0.00000000e+00      
141     	1.04340660e-05      	6.01012421e-03      
148     	1.52425127e-05      	1.14256795e-02      
Final   	1.04340660e-05      
----------------------      
  AMR 2/3: M=311  err=1.77e-11  obs=9.8e-8  nrmse=2.29e-6  best=2.29e-6  refined=1
  collocation: M=313 residuals=2472  detecting sparsity + solving...

Algorithm: LevenbergMarquardt(
    trustregion = LevenbergMarquardtTrustRegion(
        β_uphill = 0.0
    ),
    descent = GeodesicAcceleration(
        descent = DampedNewtonDescent(
            linsolve = KLUFactorization(
                reuse_symbolic = true,
                check_pattern = true
            ),
            initial_damping = 1.0,
            damping_fn = LevenbergMarquardtDampingFunction(
                increase_factor = 2.0,
                decrease_factor = 3.0,
                min_damping = 1.0e-8
            ),
            min_norm_mode = :auto
        ),
        finite_diff_step_geodesic = 0.1,
        α = 0.75
    ),
    autodiff = AutoForwardDiff(),
    vjp_autodiff = AutoFiniteDiff(
        fdtype = Val{:forward}(),
        fdjtype = Val{:forward}(),
        fdhtype = Val{:hcentral}(),
        dir = true
    ),
    jvp_autodiff = AutoForwardDiff(),
    concrete_jac = Val{true}()
)

----    	-------------       	-----------         
Iter    	f(u) 2-norm         	Step 2-norm         
----    	-------------       	-----------         
0       	2.47650989e+01      	7.02719138e-316     
1       	1.13340854e+01      	8.09555313e-02      
8       	9.90774038e-03      	7.25798556e-03      
15      	8.28809885e-04      	4.19308413e-03      
22      	5.36739989e-06      	1.29002610e-03      
29      	4.91890023e-05      	7.21439990e-02      
36      	1.39650584e-02      	1.46826494e-01      
43      	9.28475532e-03      	0.00000000e+00      
50      	5.21691959e-02      	0.00000000e+00      
57      	3.66504453e-03      	9.32377290e-02      
64      	1.07959984e-03      	1.41210048e-01      
71      	2.44088897e-02      	2.82512236e-01      
78      	2.04529692e-01      	0.00000000e+00      
85      	1.06478497e-04      	3.34603469e-02      
92      	3.04545485e-03      	9.58274668e-02      
99      	2.73099226e-05      	0.00000000e+00      
106     	2.76368990e-01      	0.00000000e+00      
113     	4.20417712e-02      	0.00000000e+00      
120     	7.45211277e-05      	7.57159044e-03      
127     	1.15207347e-01      	3.66700556e-01      
134     	7.39892112e-02      	0.00000000e+00      
141     	7.39892112e-02      	0.00000000e+00      
148     	4.70840112e-05      	6.70085551e-03      
Final   	5.36512608e-06      
----------------------      
  AMR 3/3: M=313  err=1.18e-12  obs=9.55e-8  nrmse=2.36e-6  best=2.29e-6  refined=0
collocation [202s]
  [final]  nrmse=2.294e-6  l2=9.036e-5
extrapolation window: T=15.0 -> T_test=30.0  n_test=600
  [train]  E_traj=1.209e-11  E_VF=2.433e-6  E_spec=0.3515
  [test ]  E_traj=21.03  E_VF=0.7286  E_spec=0.9457
saved /orcd/home/002/txenakis/projects/BVPsolver/src/../data/runs/run_uhOWll7P/davis-skodje_fit.png
saved /orcd/home/002/txenakis/projects/BVPsolver/src/../data/runs/run_uhOWll7P/davis-skodje_fit_extrapolated.png
saved /orcd/home/002/txenakis/projects/BVPsolver/src/../data/runs/run_uhOWll7P/davis-skodje_spectral_fit_extrapolated.png
saved /orcd/home/002/txenakis/projects/BVPsolver/src/../data/runs/run_uhOWll7P/davis-skodje_vf_fit_extrapolated.png
┌ Warning: Attempting to store StiffNN.var"#22#23"{Float64}.
│ JLD2 only stores functions by name.
│  This may not be useful for anonymous functions.
└ @ JLD2 ~/.julia/packages/JLD2/ADycq/src/data/writing_datatypes.jl:447
saved run → /orcd/home/002/txenakis/projects/BVPsolver/src/../data/runs/run_uhOWll7P
--------------------------------------
Done: Thu Sep 24 06:58:28 EDT 2026
