Task 1433/1800: --problem orego --model GELU-scaled --profile fast --seed 133 --pretraining derivmatch --training shooting
Logging to /home/txenakis/projects/BVPsolver/logs/run_main_23593274_1433.log
orego  model=GELU-scaled width=9 d=3 tlen=112 profile=fast seed=133  solver=Rodas5  N=516
  derivmatch lr=0.01 iter=170/3400 loss=7.541
  derivmatch lr=0.01 iter=340/3400 loss=5.639
  derivmatch lr=0.01 iter=510/3400 loss=5.264
  derivmatch lr=0.01 iter=680/3400 loss=4.813
  derivmatch lr=0.01 iter=850/3400 loss=4.921
  derivmatch lr=0.01 iter=1020/3400 loss=5.345
  derivmatch lr=0.01 iter=1190/3400 loss=5.416
  derivmatch lr=0.01 iter=1360/3400 loss=7.996
  derivmatch lr=0.01 iter=1530/3400 loss=16.7
  derivmatch lr=0.01 iter=1700/3400 loss=16.69
  derivmatch lr=0.01 iter=1870/3400 loss=16.69
  derivmatch lr=0.01 iter=2040/3400 loss=16.68
  derivmatch lr=0.01 iter=2210/3400 loss=16.68
  derivmatch lr=0.01 iter=2380/3400 loss=16.67
  derivmatch lr=0.01 iter=2550/3400 loss=16.67
  derivmatch lr=0.01 iter=2720/3400 loss=16.67
  derivmatch lr=0.01 iter=2890/3400 loss=16.7
  derivmatch lr=0.01 iter=3060/3400 loss=16.7
  derivmatch lr=0.01 iter=3230/3400 loss=16.7
  derivmatch lr=0.01 iter=3400/3400 loss=16.7
  derivmatch lr=0.01 iter=3400/3400 loss=4.516
  derivmatch lr=0.003 iter=125/2500 loss=3.672
  derivmatch lr=0.003 iter=250/2500 loss=5.307
  derivmatch lr=0.003 iter=375/2500 loss=5.268
  derivmatch lr=0.003 iter=500/2500 loss=5.214
  derivmatch lr=0.003 iter=625/2500 loss=5.049
  derivmatch lr=0.003 iter=750/2500 loss=6.845
  derivmatch lr=0.003 iter=875/2500 loss=5.526
  derivmatch lr=0.003 iter=1000/2500 loss=5.065
  derivmatch lr=0.003 iter=1125/2500 loss=4.877
  derivmatch lr=0.003 iter=1250/2500 loss=4.761
  derivmatch lr=0.003 iter=1375/2500 loss=4.679
  derivmatch lr=0.003 iter=1500/2500 loss=4.585
  derivmatch lr=0.003 iter=1625/2500 loss=4.0
  derivmatch lr=0.003 iter=1750/2500 loss=3.779
  derivmatch lr=0.003 iter=1875/2500 loss=3.7
  derivmatch lr=0.003 iter=2000/2500 loss=3.592
  derivmatch lr=0.003 iter=2125/2500 loss=3.525
  derivmatch lr=0.003 iter=2250/2500 loss=3.451
  derivmatch lr=0.003 iter=2375/2500 loss=3.41
  derivmatch lr=0.003 iter=2500/2500 loss=3.371
  derivmatch lr=0.003 iter=2500/2500 loss=3.371
  derivmatch lr=0.001 iter=125/2500 loss=3.369
  derivmatch lr=0.001 iter=250/2500 loss=3.305
  derivmatch lr=0.001 iter=375/2500 loss=3.228
  derivmatch lr=0.001 iter=500/2500 loss=3.158
  derivmatch lr=0.001 iter=625/2500 loss=3.087
  derivmatch lr=0.001 iter=750/2500 loss=3.239
  derivmatch lr=0.001 iter=875/2500 loss=2.976
  derivmatch lr=0.001 iter=1000/2500 loss=2.929
  derivmatch lr=0.001 iter=1125/2500 loss=2.897
  derivmatch lr=0.001 iter=1250/2500 loss=2.868
  derivmatch lr=0.001 iter=1375/2500 loss=6.49
  derivmatch lr=0.001 iter=1500/2500 loss=5.509
  derivmatch lr=0.001 iter=1625/2500 loss=5.145
  derivmatch lr=0.001 iter=1750/2500 loss=4.916
  derivmatch lr=0.001 iter=1875/2500 loss=4.786
  derivmatch lr=0.001 iter=2000/2500 loss=4.682
  derivmatch lr=0.001 iter=2125/2500 loss=4.596
  derivmatch lr=0.001 iter=2250/2500 loss=4.525
  derivmatch lr=0.001 iter=2375/2500 loss=4.467
  derivmatch lr=0.001 iter=2500/2500 loss=4.421
  derivmatch lr=0.001 iter=2500/2500 loss=2.841
  derivmatch lr=0.0003 iter=80/1600 loss=2.832
  derivmatch lr=0.0003 iter=160/1600 loss=2.822
  derivmatch lr=0.0003 iter=240/1600 loss=2.81
  derivmatch lr=0.0003 iter=320/1600 loss=2.8
  derivmatch lr=0.0003 iter=400/1600 loss=2.783
  derivmatch lr=0.0003 iter=480/1600 loss=2.756
  derivmatch lr=0.0003 iter=560/1600 loss=2.726
  derivmatch lr=0.0003 iter=640/1600 loss=2.71
  derivmatch lr=0.0003 iter=720/1600 loss=2.699
  derivmatch lr=0.0003 iter=800/1600 loss=2.857
  derivmatch lr=0.0003 iter=880/1600 loss=2.871
  derivmatch lr=0.0003 iter=960/1600 loss=2.791
  derivmatch lr=0.0003 iter=1040/1600 loss=2.764
  derivmatch lr=0.0003 iter=1120/1600 loss=2.742
  derivmatch lr=0.0003 iter=1200/1600 loss=2.736
  derivmatch lr=0.0003 iter=1280/1600 loss=2.712
  derivmatch lr=0.0003 iter=1360/1600 loss=2.687
  derivmatch lr=0.0003 iter=1440/1600 loss=2.674
  derivmatch lr=0.0003 iter=1520/1600 loss=2.659
  derivmatch lr=0.0003 iter=1600/1600 loss=2.653
  derivmatch lr=0.0003 iter=1600/1600 loss=2.653
derivative matching [26s]  fitloss=2.65
  [derivative matching]  nrmse=0.7288  l2=778200.0
  shooting iter=50/1000 loss=0.2214
  shooting iter=100/1000 loss=0.2214
  shooting iter=150/1000 loss=0.2214
  shooting iter=200/1000 loss=0.2199
  shooting iter=250/1000 loss=0.2203
