Task 111/140: --problem vanderpol --param 150 --model GELU-scaled --profile fast --seed 41 --pretraining derivmatch --training shooting
Logging to /home/txenakis/projects/BVPsolver/logs/run_main_22314790_111.log
vanderpol  model=GELU-scaled width=7 d=2 tlen=127 profile=fast seed=41  solver=Kvaerno5  N=317
  derivmatch lr=0.01 iter=170/3400 loss=1.759
  derivmatch lr=0.01 iter=340/3400 loss=1.075
  derivmatch lr=0.01 iter=510/3400 loss=3.121
  derivmatch lr=0.01 iter=680/3400 loss=1.368
  derivmatch lr=0.01 iter=850/3400 loss=1.081
  derivmatch lr=0.01 iter=1020/3400 loss=0.2138
  derivmatch lr=0.01 iter=1190/3400 loss=0.1119
  derivmatch lr=0.01 iter=1360/3400 loss=0.06216
  derivmatch lr=0.01 iter=1530/3400 loss=0.0436
  derivmatch lr=0.01 iter=1700/3400 loss=0.02676
  derivmatch lr=0.01 iter=1870/3400 loss=0.02404
  derivmatch lr=0.01 iter=2040/3400 loss=0.01893
  derivmatch lr=0.01 iter=2210/3400 loss=0.01887
  derivmatch lr=0.01 iter=2380/3400 loss=0.01514
  derivmatch lr=0.01 iter=2550/3400 loss=0.01528
  derivmatch lr=0.01 iter=2720/3400 loss=0.01466
  derivmatch lr=0.01 iter=2890/3400 loss=0.01347
  derivmatch lr=0.01 iter=3060/3400 loss=0.01361
  derivmatch lr=0.01 iter=3230/3400 loss=0.01271
  derivmatch lr=0.01 iter=3400/3400 loss=0.01282
  derivmatch lr=0.01 iter=3400/3400 loss=0.01246
  derivmatch lr=0.003 iter=125/2500 loss=0.01211
  derivmatch lr=0.003 iter=250/2500 loss=0.01181
  derivmatch lr=0.003 iter=375/2500 loss=0.01169
  derivmatch lr=0.003 iter=500/2500 loss=0.01168
  derivmatch lr=0.003 iter=625/2500 loss=0.01165
  derivmatch lr=0.003 iter=750/2500 loss=0.0116
  derivmatch lr=0.003 iter=875/2500 loss=0.01167
  derivmatch lr=0.003 iter=1000/2500 loss=0.01156
  derivmatch lr=0.003 iter=1125/2500 loss=0.01156
  derivmatch lr=0.003 iter=1250/2500 loss=0.01152
  derivmatch lr=0.003 iter=1375/2500 loss=0.01154
  derivmatch lr=0.003 iter=1500/2500 loss=0.01153
  derivmatch lr=0.003 iter=1625/2500 loss=0.01161
  derivmatch lr=0.003 iter=1750/2500 loss=0.01151
  derivmatch lr=0.003 iter=1875/2500 loss=0.01149
  derivmatch lr=0.003 iter=2000/2500 loss=0.03099
  derivmatch lr=0.003 iter=2125/2500 loss=0.01154
  derivmatch lr=0.003 iter=2250/2500 loss=0.01149
  derivmatch lr=0.003 iter=2375/2500 loss=0.01147
  derivmatch lr=0.003 iter=2500/2500 loss=0.01146
  derivmatch lr=0.003 iter=2500/2500 loss=0.01146
  derivmatch lr=0.001 iter=125/2500 loss=0.01144
  derivmatch lr=0.001 iter=250/2500 loss=0.01143
  derivmatch lr=0.001 iter=375/2500 loss=0.01142
  derivmatch lr=0.001 iter=500/2500 loss=0.01141
  derivmatch lr=0.001 iter=625/2500 loss=0.0114
  derivmatch lr=0.001 iter=750/2500 loss=0.01139
  derivmatch lr=0.001 iter=875/2500 loss=0.01139
  derivmatch lr=0.001 iter=1000/2500 loss=0.01138
  derivmatch lr=0.001 iter=1125/2500 loss=0.01137
  derivmatch lr=0.001 iter=1250/2500 loss=0.01137
  derivmatch lr=0.001 iter=1375/2500 loss=0.01136
  derivmatch lr=0.001 iter=1500/2500 loss=0.01136
  derivmatch lr=0.001 iter=1625/2500 loss=0.01137
  derivmatch lr=0.001 iter=1750/2500 loss=0.01142
  derivmatch lr=0.001 iter=1875/2500 loss=0.01142
  derivmatch lr=0.001 iter=2000/2500 loss=0.01134
  derivmatch lr=0.001 iter=2125/2500 loss=0.01135
  derivmatch lr=0.001 iter=2250/2500 loss=0.01133
  derivmatch lr=0.001 iter=2375/2500 loss=0.01133
  derivmatch lr=0.001 iter=2500/2500 loss=0.01133
  derivmatch lr=0.001 iter=2500/2500 loss=0.01133
  derivmatch lr=0.0003 iter=80/1600 loss=0.01133
  derivmatch lr=0.0003 iter=160/1600 loss=0.01133
  derivmatch lr=0.0003 iter=240/1600 loss=0.01133
  derivmatch lr=0.0003 iter=320/1600 loss=0.01133
  derivmatch lr=0.0003 iter=400/1600 loss=0.01133
  derivmatch lr=0.0003 iter=480/1600 loss=0.01132
  derivmatch lr=0.0003 iter=560/1600 loss=0.01132
  derivmatch lr=0.0003 iter=640/1600 loss=0.01132
  derivmatch lr=0.0003 iter=720/1600 loss=0.01132
  derivmatch lr=0.0003 iter=800/1600 loss=0.01132
  derivmatch lr=0.0003 iter=880/1600 loss=0.01132
  derivmatch lr=0.0003 iter=960/1600 loss=0.01132
  derivmatch lr=0.0003 iter=1040/1600 loss=0.01132
  derivmatch lr=0.0003 iter=1120/1600 loss=0.01132
  derivmatch lr=0.0003 iter=1200/1600 loss=0.01132
  derivmatch lr=0.0003 iter=1280/1600 loss=0.01132
  derivmatch lr=0.0003 iter=1360/1600 loss=0.01131
  derivmatch lr=0.0003 iter=1440/1600 loss=0.01131
  derivmatch lr=0.0003 iter=1520/1600 loss=0.01131
  derivmatch lr=0.0003 iter=1600/1600 loss=0.01131
  derivmatch lr=0.0003 iter=1600/1600 loss=0.01131
derivative matching [26s]  fitloss=0.0113
  [derivative matching]  nrmse=0.2874  l2=370.7
  shooting iter=50/1000 loss=0.1615
  shooting iter=100/1000 loss=0.1641
  shooting iter=150/1000 loss=0.1641
  shooting iter=200/1000 loss=0.1641
  shooting iter=250/1000 loss=0.1641
  shooting iter=300/1000 loss=0.1641
  shooting iter=350/1000 loss=0.1641
  shooting iter=400/1000 loss=0.1641
  shooting iter=450/1000 loss=0.1641
  shooting iter=500/1000 loss=0.1641
  shooting iter=550/1000 loss=0.1641
  shooting iter=600/1000 loss=0.1641
  shooting iter=650/1000 loss=0.1641
  shooting iter=700/1000 loss=0.1641
  shooting iter=750/1000 loss=0.1641
  shooting iter=800/1000 loss=0.1641
  shooting iter=850/1000 loss=0.1641
  shooting iter=900/1000 loss=0.1641
  shooting iter=950/1000 loss=0.1641
  shooting iter=1000/1000 loss=0.1641
  shooting iter=1000/1000 loss=0.1538
shooting [1657s]  loss=0.154
  [final]  nrmse=0.2874  l2=370.7
extrapolation window: T=200.0 -> T_test=400.0  n_test=254
  [train]  E_traj=0.8748  E_VF=0.05364  E_spec=0.4242
  [test ]  E_traj=2.703  E_VF=4920.0  E_spec=1.354
saved /orcd/home/002/txenakis/projects/BVPsolver/src/../data/runs/run_dLKHkm0O/vanderpol_fit.png
saved /orcd/home/002/txenakis/projects/BVPsolver/src/../data/runs/run_dLKHkm0O/vanderpol_fit_extrapolated.png
saved /orcd/home/002/txenakis/projects/BVPsolver/src/../data/runs/run_dLKHkm0O/vanderpol_spectral_fit_extrapolated.png
saved /orcd/home/002/txenakis/projects/BVPsolver/src/../data/runs/run_dLKHkm0O/vanderpol_vf_fit_extrapolated.png
┌ Warning: Attempting to store StiffNN.var"#14#15"{Float64}.
│ JLD2 only stores functions by name.
│  This may not be useful for anonymous functions.
└ @ JLD2 ~/.julia/packages/JLD2/ADycq/src/data/writing_datatypes.jl:447
saved run → /orcd/home/002/txenakis/projects/BVPsolver/src/../data/runs/run_dLKHkm0O
--------------------------------------
Done: Tue Sep  8 17:55:32 EDT 2026
