Task 66/80: --problem rober --model GELU-scaled --profile fast --seed 606 --pretraining derivmatch --training collocation --track-sensitivity
Logging to /home/txenakis/projects/BVPsolver/logs/run_main_23877927_66.log
rober  model=GELU-scaled width=7 d=3 tlen=50 profile=fast seed=606  solver=Rodas5  N=332
  derivmatch lr=0.01 iter=170/3400 loss=8.921
  derivmatch lr=0.01 iter=340/3400 loss=8.589
  derivmatch lr=0.01 iter=510/3400 loss=6.028
  derivmatch lr=0.01 iter=680/3400 loss=8.204
  derivmatch lr=0.01 iter=850/3400 loss=5.7
  derivmatch lr=0.01 iter=1020/3400 loss=9.579
  derivmatch lr=0.01 iter=1190/3400 loss=6.168
  derivmatch lr=0.01 iter=1360/3400 loss=12.55
  derivmatch lr=0.01 iter=1530/3400 loss=8.753
  derivmatch lr=0.01 iter=1700/3400 loss=8.497
  derivmatch lr=0.01 iter=1870/3400 loss=8.33
  derivmatch lr=0.01 iter=2040/3400 loss=8.174
  derivmatch lr=0.01 iter=2210/3400 loss=8.029
  derivmatch lr=0.01 iter=2380/3400 loss=7.894
  derivmatch lr=0.01 iter=2550/3400 loss=7.754
  derivmatch lr=0.01 iter=2720/3400 loss=7.606
  derivmatch lr=0.01 iter=2890/3400 loss=7.44
  derivmatch lr=0.01 iter=3060/3400 loss=7.244
  derivmatch lr=0.01 iter=3230/3400 loss=6.982
  derivmatch lr=0.01 iter=3400/3400 loss=6.548
  derivmatch lr=0.01 iter=3400/3400 loss=5.098
  derivmatch lr=0.003 iter=125/2500 loss=5.346
  derivmatch lr=0.003 iter=250/2500 loss=5.029
  derivmatch lr=0.003 iter=375/2500 loss=4.934
  derivmatch lr=0.003 iter=500/2500 loss=4.847
  derivmatch lr=0.003 iter=625/2500 loss=6.001
  derivmatch lr=0.003 iter=750/2500 loss=7.949
  derivmatch lr=0.003 iter=875/2500 loss=7.721
  derivmatch lr=0.003 iter=1000/2500 loss=7.412
  derivmatch lr=0.003 iter=1125/2500 loss=7.002
  derivmatch lr=0.003 iter=1250/2500 loss=6.28
  derivmatch lr=0.003 iter=1375/2500 loss=4.844
  derivmatch lr=0.003 iter=1500/2500 loss=4.6
  derivmatch lr=0.003 iter=1625/2500 loss=8.119
  derivmatch lr=0.003 iter=1750/2500 loss=5.848
  derivmatch lr=0.003 iter=1875/2500 loss=5.525
  derivmatch lr=0.003 iter=2000/2500 loss=5.336
  derivmatch lr=0.003 iter=2125/2500 loss=5.188
  derivmatch lr=0.003 iter=2250/2500 loss=5.719
  derivmatch lr=0.003 iter=2375/2500 loss=7.752
  derivmatch lr=0.003 iter=2500/2500 loss=7.59
  derivmatch lr=0.003 iter=2500/2500 loss=4.595
  derivmatch lr=0.001 iter=125/2500 loss=4.569
  derivmatch lr=0.001 iter=250/2500 loss=4.365
  derivmatch lr=0.001 iter=375/2500 loss=6.121
  derivmatch lr=0.001 iter=500/2500 loss=5.552
  derivmatch lr=0.001 iter=625/2500 loss=4.784
  derivmatch lr=0.001 iter=750/2500 loss=4.604
  derivmatch lr=0.001 iter=875/2500 loss=4.283
  derivmatch lr=0.001 iter=1000/2500 loss=5.438
  derivmatch lr=0.001 iter=1125/2500 loss=4.604
  derivmatch lr=0.001 iter=1250/2500 loss=6.629
  derivmatch lr=0.001 iter=1375/2500 loss=6.428
  derivmatch lr=0.001 iter=1500/2500 loss=6.132
  derivmatch lr=0.001 iter=1625/2500 loss=5.47
  derivmatch lr=0.001 iter=1750/2500 loss=4.705
  derivmatch lr=0.001 iter=1875/2500 loss=4.682
  derivmatch lr=0.001 iter=2000/2500 loss=4.66
  derivmatch lr=0.001 iter=2125/2500 loss=4.64
  derivmatch lr=0.001 iter=2250/2500 loss=4.62
  derivmatch lr=0.001 iter=2375/2500 loss=4.6
  derivmatch lr=0.001 iter=2500/2500 loss=4.58
  derivmatch lr=0.001 iter=2500/2500 loss=4.223
  derivmatch lr=0.0003 iter=80/1600 loss=4.44
  derivmatch lr=0.0003 iter=160/1600 loss=4.779
  derivmatch lr=0.0003 iter=240/1600 loss=4.209
  derivmatch lr=0.0003 iter=320/1600 loss=4.193
  derivmatch lr=0.0003 iter=400/1600 loss=4.179
  derivmatch lr=0.0003 iter=480/1600 loss=4.161
  derivmatch lr=0.0003 iter=560/1600 loss=4.14
  derivmatch lr=0.0003 iter=640/1600 loss=4.118
  derivmatch lr=0.0003 iter=720/1600 loss=4.098
  derivmatch lr=0.0003 iter=800/1600 loss=4.082
  derivmatch lr=0.0003 iter=880/1600 loss=4.07
  derivmatch lr=0.0003 iter=960/1600 loss=4.059
  derivmatch lr=0.0003 iter=1040/1600 loss=4.05
  derivmatch lr=0.0003 iter=1120/1600 loss=4.041
  derivmatch lr=0.0003 iter=1200/1600 loss=4.032
  derivmatch lr=0.0003 iter=1280/1600 loss=4.024
  derivmatch lr=0.0003 iter=1360/1600 loss=4.015
  derivmatch lr=0.0003 iter=1440/1600 loss=6.132
  derivmatch lr=0.0003 iter=1520/1600 loss=5.903
  derivmatch lr=0.0003 iter=1600/1600 loss=5.269
  derivmatch lr=0.0003 iter=1600/1600 loss=4.011
derivative matching [25s]  fitloss=4.01
  [derivative matching]  nrmse=19.37  l2=0.5804
  collocation: M=54 residuals=627  detecting sparsity + solving...

Algorithm: LevenbergMarquardt(
    trustregion = LevenbergMarquardtTrustRegion(
        β_uphill = 0.0
    ),
    descent = GeodesicAcceleration(
        descent = DampedNewtonDescent(
            linsolve = KLUFactorization(
                reuse_symbolic = true,
                check_pattern = true
            ),
            initial_damping = 1.0,
            damping_fn = LevenbergMarquardtDampingFunction(
                increase_factor = 2.0,
                decrease_factor = 3.0,
                min_damping = 1.0e-8
            ),
            min_norm_mode = :auto
        ),
        finite_diff_step_geodesic = 0.1,
        α = 0.75
    ),
    autodiff = AutoForwardDiff(),
    vjp_autodiff = AutoFiniteDiff(
        fdtype = Val{:forward}(),
        fdjtype = Val{:forward}(),
        fdhtype = Val{:hcentral}(),
        dir = true
    ),
    jvp_autodiff = AutoForwardDiff(),
    concrete_jac = Val{true}()
)

----    	-------------       	-----------         
Iter    	f(u) 2-norm         	Step 2-norm         
----    	-------------       	-----------         
0       	1.01171276e+05      	NaN                 
1       	5.40901799e+03      	2.09248998e-01      
8       	1.97825976e+04      	0.00000000e+00      
15      	3.24161125e+04      	6.52560493e-01      
22      	2.16533538e+04      	0.00000000e+00      
29      	2.16533538e+04      	0.00000000e+00      
36      	1.76098629e+04      	3.54002809e-01      
43      	1.39292697e+04      	0.00000000e+00      
50      	1.39292697e+04      	0.00000000e+00      
57      	9.11043525e+03      	1.90791008e-02      
64      	1.05524040e+04      	1.92450248e+00      
71      	1.05524040e+04      	0.00000000e+00      
78      	1.04844204e+04      	0.00000000e+00      
85      	1.04844204e+04      	0.00000000e+00      
92      	1.04992821e+04      	5.38277029e-02      
99      	2.39803278e+04      	0.00000000e+00      
106     	2.39803278e+04      	0.00000000e+00      
113     	1.15840824e+04      	7.59843263e-04      
120     	9.52322552e+03      	1.53223083e-02      
127     	9.34899920e+03      	0.00000000e+00      
134     	1.04094013e+04      	0.00000000e+00      
141     	1.05090550e+04      	0.00000000e+00      
148     	1.73018864e+04      	2.08371550e-02      
Final   	5.40901799e+03      
----------------------      
  AMR 1/1: M=54  err=1.41e7  obs=0.00496  nrmse=9.0  best=9.0  refined=0
collocation [16s]
  [final]  nrmse=9.004  l2=1.471
extrapolation window: T=1000.0 -> T_test=1.0e12  n_test=100
  [train]  E_traj=211.0  E_VF=0.4966  E_spec=4.082e17
  [test ]  E_traj=NaN  E_VF=NaN  E_spec=NaN
saved /orcd/home/002/txenakis/projects/BVPsolver/src/../data/runs/run_zwr1UIBJ/rober_fit.png
saved /orcd/home/002/txenakis/projects/BVPsolver/src/../data/runs/run_zwr1UIBJ/rober_fit_extrapolated.png
saved /orcd/home/002/txenakis/projects/BVPsolver/src/../data/runs/run_zwr1UIBJ/rober_spectral_fit_extrapolated.png
saved /orcd/home/002/txenakis/projects/BVPsolver/src/../data/runs/run_zwr1UIBJ/rober_vf_fit_extrapolated.png
saved /orcd/home/002/txenakis/projects/BVPsolver/src/../data/runs/run_zwr1UIBJ/rober_sensitivity_vs_stiffness_derivmatch_pointwise.png
┌ Warning: No strict ticks found
└ @ PlotUtils ~/.julia/packages/PlotUtils/HX80C/src/ticks.jl:194
┌ Warning: No strict ticks found
└ @ PlotUtils ~/.julia/packages/PlotUtils/HX80C/src/ticks.jl:194
┌ Warning: Invalid negative or zero value 0.0 found at series index 1 for log10 based yscale
└ @ Plots ~/.julia/packages/Plots/GIume/src/utils.jl:105
saved /orcd/home/002/txenakis/projects/BVPsolver/src/../data/runs/run_zwr1UIBJ/rober_sensitivity_vs_stiffness_derivmatch_trajectory.png
saved /orcd/home/002/txenakis/projects/BVPsolver/src/../data/runs/run_zwr1UIBJ/rober_sensitivity_vs_stiffness_collocation_pointwise.png
┌ Warning: No strict ticks found
└ @ PlotUtils ~/.julia/packages/PlotUtils/HX80C/src/ticks.jl:194
┌ Warning: No strict ticks found
└ @ PlotUtils ~/.julia/packages/PlotUtils/HX80C/src/ticks.jl:194
┌ Warning: Invalid negative or zero value 0.0 found at series index 1 for log10 based yscale
└ @ Plots ~/.julia/packages/Plots/GIume/src/utils.jl:105
saved /orcd/home/002/txenakis/projects/BVPsolver/src/../data/runs/run_zwr1UIBJ/rober_sensitivity_vs_stiffness_collocation_trajectory.png
┌ Warning: Attempting to store StiffNN.var"#12#13"{Float64, Float64, Float64}.
│ JLD2 only stores functions by name.
│  This may not be useful for anonymous functions.
└ @ JLD2 ~/.julia/packages/JLD2/ADycq/src/data/writing_datatypes.jl:447
saved run → /orcd/home/002/txenakis/projects/BVPsolver/src/../data/runs/run_zwr1UIBJ
--------------------------------------
Done: Fri Sep 25 12:00:02 EDT 2026
