Task 87/140: --problem vanderpol --param 100 --model stiff --profile fast --seed 47 --pretraining derivmatch --training collocation
Logging to /home/txenakis/projects/BVPsolver/logs/run_main_22314790_87.log
vanderpol  model=stiff width=12 d=2 tlen=151 profile=fast seed=47  solver=Kvaerno5  N=268
  derivmatch lr=0.01 iter=170/3400 loss=7.965
  derivmatch lr=0.01 iter=340/3400 loss=4.321
  derivmatch lr=0.01 iter=510/3400 loss=1.794
  derivmatch lr=0.01 iter=680/3400 loss=2.618
  derivmatch lr=0.01 iter=850/3400 loss=3.851
  derivmatch lr=0.01 iter=1020/3400 loss=4.338
  derivmatch lr=0.01 iter=1190/3400 loss=2.374
  derivmatch lr=0.01 iter=1360/3400 loss=2.572
  derivmatch lr=0.01 iter=1530/3400 loss=2.602
  derivmatch lr=0.01 iter=1700/3400 loss=0.8761
  derivmatch lr=0.01 iter=1870/3400 loss=1.544
  derivmatch lr=0.01 iter=2040/3400 loss=0.4707
  derivmatch lr=0.01 iter=2210/3400 loss=0.3955
  derivmatch lr=0.01 iter=2380/3400 loss=1.653
  derivmatch lr=0.01 iter=2550/3400 loss=0.7365
  derivmatch lr=0.01 iter=2720/3400 loss=3.322
  derivmatch lr=0.01 iter=2890/3400 loss=1.899
  derivmatch lr=0.01 iter=3060/3400 loss=1.7
  derivmatch lr=0.01 iter=3230/3400 loss=1.251
  derivmatch lr=0.01 iter=3400/3400 loss=0.3177
  derivmatch lr=0.01 iter=3400/3400 loss=0.04469
  derivmatch lr=0.003 iter=125/2500 loss=0.02549
  derivmatch lr=0.003 iter=250/2500 loss=0.04192
  derivmatch lr=0.003 iter=375/2500 loss=0.03542
  derivmatch lr=0.003 iter=500/2500 loss=0.03557
  derivmatch lr=0.003 iter=625/2500 loss=0.03597
  derivmatch lr=0.003 iter=750/2500 loss=0.03152
  derivmatch lr=0.003 iter=875/2500 loss=0.03574
  derivmatch lr=0.003 iter=1000/2500 loss=0.04059
  derivmatch lr=0.003 iter=1125/2500 loss=0.03076
  derivmatch lr=0.003 iter=1250/2500 loss=0.02902
  derivmatch lr=0.003 iter=1375/2500 loss=0.02772
  derivmatch lr=0.003 iter=1500/2500 loss=0.0291
  derivmatch lr=0.003 iter=1625/2500 loss=0.02743
  derivmatch lr=0.003 iter=1750/2500 loss=0.02641
  derivmatch lr=0.003 iter=1875/2500 loss=0.0268
  derivmatch lr=0.003 iter=2000/2500 loss=0.02596
  derivmatch lr=0.003 iter=2125/2500 loss=0.02627
  derivmatch lr=0.003 iter=2250/2500 loss=0.03061
  derivmatch lr=0.003 iter=2375/2500 loss=0.02436
  derivmatch lr=0.003 iter=2500/2500 loss=0.02507
  derivmatch lr=0.003 iter=2500/2500 loss=0.02106
  derivmatch lr=0.001 iter=125/2500 loss=0.01947
  derivmatch lr=0.001 iter=250/2500 loss=0.01778
  derivmatch lr=0.001 iter=375/2500 loss=0.01646
  derivmatch lr=0.001 iter=500/2500 loss=0.01518
  derivmatch lr=0.001 iter=625/2500 loss=0.01399
  derivmatch lr=0.001 iter=750/2500 loss=0.01581
  derivmatch lr=0.001 iter=875/2500 loss=0.01765
  derivmatch lr=0.001 iter=1000/2500 loss=0.022
  derivmatch lr=0.001 iter=1125/2500 loss=0.01442
  derivmatch lr=0.001 iter=1250/2500 loss=0.01141
  derivmatch lr=0.001 iter=1375/2500 loss=0.01242
  derivmatch lr=0.001 iter=1500/2500 loss=0.01105
  derivmatch lr=0.001 iter=1625/2500 loss=0.01073
  derivmatch lr=0.001 iter=1750/2500 loss=0.01161
  derivmatch lr=0.001 iter=1875/2500 loss=0.009767
  derivmatch lr=0.001 iter=2000/2500 loss=0.01032
  derivmatch lr=0.001 iter=2125/2500 loss=0.01071
  derivmatch lr=0.001 iter=2250/2500 loss=0.00942
  derivmatch lr=0.001 iter=2375/2500 loss=0.008987
  derivmatch lr=0.001 iter=2500/2500 loss=0.00883
  derivmatch lr=0.001 iter=2500/2500 loss=0.008786
  derivmatch lr=0.0003 iter=80/1600 loss=0.006721
  derivmatch lr=0.0003 iter=160/1600 loss=0.006662
  derivmatch lr=0.0003 iter=240/1600 loss=0.006633
  derivmatch lr=0.0003 iter=320/1600 loss=0.0066
  derivmatch lr=0.0003 iter=400/1600 loss=0.006563
  derivmatch lr=0.0003 iter=480/1600 loss=0.006522
  derivmatch lr=0.0003 iter=560/1600 loss=0.006478
  derivmatch lr=0.0003 iter=640/1600 loss=0.006431
  derivmatch lr=0.0003 iter=720/1600 loss=0.006381
  derivmatch lr=0.0003 iter=800/1600 loss=0.006328
  derivmatch lr=0.0003 iter=880/1600 loss=0.006273
  derivmatch lr=0.0003 iter=960/1600 loss=0.006215
  derivmatch lr=0.0003 iter=1040/1600 loss=0.006154
  derivmatch lr=0.0003 iter=1120/1600 loss=0.006091
  derivmatch lr=0.0003 iter=1200/1600 loss=0.006026
  derivmatch lr=0.0003 iter=1280/1600 loss=0.005974
  derivmatch lr=0.0003 iter=1360/1600 loss=0.00591
  derivmatch lr=0.0003 iter=1440/1600 loss=0.005849
  derivmatch lr=0.0003 iter=1520/1600 loss=0.005785
  derivmatch lr=0.0003 iter=1600/1600 loss=0.005738
  derivmatch lr=0.0003 iter=1600/1600 loss=0.005729
derivative matching [31s]  fitloss=0.00573
  rollout FAILED: Unstable at t=80.72706563755867 of 200.0
  [derivative matching]  nrmse=Inf  l2=Inf
  rollout FAILED: Unstable at t=80.72706563755867 of 200.0
  collocation: M=163 residuals=1274  detecting sparsity + solving...

Algorithm: LevenbergMarquardt(
    trustregion = LevenbergMarquardtTrustRegion(
        β_uphill = 0.0
    ),
    descent = GeodesicAcceleration(
        descent = DampedNewtonDescent(
            linsolve = KLUFactorization(
                reuse_symbolic = true,
                check_pattern = true
            ),
            initial_damping = 1.0,
            damping_fn = LevenbergMarquardtDampingFunction(
                increase_factor = 2.0,
                decrease_factor = 3.0,
                min_damping = 1.0e-8
            ),
            min_norm_mode = :auto
        ),
        finite_diff_step_geodesic = 0.1,
        α = 0.75
    ),
    autodiff = AutoForwardDiff(),
    vjp_autodiff = AutoFiniteDiff(
        fdtype = Val{:forward}(),
        fdjtype = Val{:forward}(),
        fdhtype = Val{:hcentral}(),
        dir = true
    ),
    jvp_autodiff = AutoForwardDiff(),
    concrete_jac = Val{true}()
)

----    	-------------       	-----------         
Iter    	f(u) 2-norm         	Step 2-norm         
----    	-------------       	-----------         
0       	2.59978740e+02      	2.46162224e-309     
1       	8.20520080e+01      	3.13014367e-01      
8       	2.81926505e-01      	5.33513542e-02      
15      	5.19048528e-02      	1.03962442e-01      
22      	1.54354114e+01      	5.31470830e-01      
29      	3.36291088e+00      	0.00000000e+00      
36      	2.94559932e+00      	6.66218383e-01      
43      	4.05618884e+01      	1.54974156e+00      
50      	1.37798390e+00      	0.00000000e+00      
57      	3.09505329e+00      	0.00000000e+00      
64      	1.40718900e-01      	3.68219677e-01      
71      	9.32417054e-02      	0.00000000e+00      
78      	1.35551947e-02      	0.00000000e+00      
85      	1.67646303e-01      	0.00000000e+00      
92      	5.02770257e-02      	1.81029701e-01      
99      	3.93236712e-02      	0.00000000e+00      
106     	1.56981423e-02      	0.00000000e+00      
113     	1.39549195e-02      	1.16659927e-01      
120     	1.34976670e+01      	4.52583829e-01      
127     	1.35483673e+01      	7.48548692e-01      
134     	1.23731354e-01      	0.00000000e+00      
141     	6.75876168e-02      	1.47904385e-01      
148     	4.25683277e+00      	0.00000000e+00      
Final   	6.57981263e-03      
----------------------      
  AMR 1/1: M=163  err=8.7e-6  obs=8.86e-6  nrmse=1.86  best=1.86  refined=0
collocation [30s]
  [final]  nrmse=1.863  l2=6708.0
extrapolation window: T=200.0 -> T_test=400.0  n_test=302
  [train]  E_traj=221.5  E_VF=0.004696  E_spec=0.5582
  [test ]  E_traj=4.187e8  E_VF=5.089  E_spec=0.1298
saved /orcd/home/002/txenakis/projects/BVPsolver/src/../data/runs/run_uPMJG6nP/vanderpol_fit.png
saved /orcd/home/002/txenakis/projects/BVPsolver/src/../data/runs/run_uPMJG6nP/vanderpol_fit_extrapolated.png
saved /orcd/home/002/txenakis/projects/BVPsolver/src/../data/runs/run_uPMJG6nP/vanderpol_spectral_fit_extrapolated.png
saved /orcd/home/002/txenakis/projects/BVPsolver/src/../data/runs/run_uPMJG6nP/vanderpol_vf_fit_extrapolated.png
┌ Warning: Attempting to store StiffNN.var"#14#15"{Float64}.
│ JLD2 only stores functions by name.
│  This may not be useful for anonymous functions.
└ @ JLD2 ~/.julia/packages/JLD2/ADycq/src/data/writing_datatypes.jl:447
saved run → /orcd/home/002/txenakis/projects/BVPsolver/src/../data/runs/run_uPMJG6nP
--------------------------------------
Done: Tue Sep  8 17:01:40 EDT 2026
