Task 84/150: --problem rober --model mlp --profile fast --seed 34 --pretraining none --training shooting
Logging to /home/txenakis/projects/BVPsolver/logs/run_main_22277775_84.log
rober  model=mlp width=15 d=3 tlen=50 profile=fast seed=34  solver=Rodas5  N=348
  shooting iter=50/1000 loss=894.4
  shooting iter=100/1000 loss=628.9
  shooting iter=150/1000 loss=485.1
  shooting iter=200/1000 loss=455.6
  shooting iter=250/1000 loss=426.8
  shooting iter=300/1000 loss=398.1
  shooting iter=350/1000 loss=373.1
  shooting iter=400/1000 loss=352.9
  shooting iter=450/1000 loss=332.0
  shooting iter=500/1000 loss=315.3
  shooting iter=550/1000 loss=292.2
  shooting iter=600/1000 loss=273.8
  shooting iter=650/1000 loss=251.7
  shooting iter=700/1000 loss=232.8
  shooting iter=750/1000 loss=210.9
  shooting iter=800/1000 loss=183.9
  shooting iter=850/1000 loss=160.3
  shooting iter=900/1000 loss=152.7
  shooting iter=950/1000 loss=134.0
  shooting iter=1000/1000 loss=128.6
  shooting iter=1000/1000 loss=121.6
shooting [1188s]  loss=122.0
  [final]  nrmse=462.8  l2=2.663
extrapolation window: T=1000.0 -> T_test=1.0e12  n_test=100
  [train]  E_traj=557400.0  E_VF=177.2  E_spec=1.2480000000000002e28
  [test ]  E_traj=3.802e6  E_VF=1.911e18  E_spec=6.2150000000000005e29
saved /orcd/home/002/txenakis/projects/BVPsolver/src/../data/runs/run_VPF6mRUy/rober_fit.png
saved /orcd/home/002/txenakis/projects/BVPsolver/src/../data/runs/run_VPF6mRUy/rober_fit_extrapolated.png
saved /orcd/home/002/txenakis/projects/BVPsolver/src/../data/runs/run_VPF6mRUy/rober_spectral_fit_extrapolated.png
saved /orcd/home/002/txenakis/projects/BVPsolver/src/../data/runs/run_VPF6mRUy/rober_vf_fit_extrapolated.png
┌ Warning: Attempting to store StiffNN.var"#12#13"{Float64, Float64, Float64}.
│ JLD2 only stores functions by name.
│  This may not be useful for anonymous functions.
└ @ JLD2 ~/.julia/packages/JLD2/ADycq/src/data/writing_datatypes.jl:447
saved run → /orcd/home/002/txenakis/projects/BVPsolver/src/../data/runs/run_VPF6mRUy
--------------------------------------
Done: Tue Sep  8 06:25:02 EDT 2026
