Task 407/1800: --problem rober --model mlp --profile fast --seed 107 --pretraining derivmatch --training shooting
Logging to /home/txenakis/projects/BVPsolver/logs/run_main_23544358_407.log
rober  model=mlp width=15 d=3 tlen=50 profile=fast seed=107  solver=Rodas5  N=348
  derivmatch lr=0.01 iter=170/3400 loss=44.01
  derivmatch lr=0.01 iter=340/3400 loss=50.32
  derivmatch lr=0.01 iter=510/3400 loss=53.14
  derivmatch lr=0.01 iter=680/3400 loss=57.24
  derivmatch lr=0.01 iter=850/3400 loss=54.44
  derivmatch lr=0.01 iter=1020/3400 loss=45.4
  derivmatch lr=0.01 iter=1190/3400 loss=38.24
  derivmatch lr=0.01 iter=1360/3400 loss=41.09
  derivmatch lr=0.01 iter=1530/3400 loss=42.62
  derivmatch lr=0.01 iter=1700/3400 loss=50.05
  derivmatch lr=0.01 iter=1870/3400 loss=46.73
  derivmatch lr=0.01 iter=2040/3400 loss=41.48
  derivmatch lr=0.01 iter=2210/3400 loss=39.98
  derivmatch lr=0.01 iter=2380/3400 loss=53.33
  derivmatch lr=0.01 iter=2550/3400 loss=40.89
  derivmatch lr=0.01 iter=2720/3400 loss=42.82
  derivmatch lr=0.01 iter=2890/3400 loss=56.74
  derivmatch lr=0.01 iter=3060/3400 loss=53.66
  derivmatch lr=0.01 iter=3230/3400 loss=56.44
  derivmatch lr=0.01 iter=3400/3400 loss=54.46
  derivmatch lr=0.01 iter=3400/3400 loss=16.37
  derivmatch lr=0.003 iter=125/2500 loss=25.33
  derivmatch lr=0.003 iter=250/2500 loss=29.88
  derivmatch lr=0.003 iter=375/2500 loss=24.33
  derivmatch lr=0.003 iter=500/2500 loss=22.63
  derivmatch lr=0.003 iter=625/2500 loss=38.69
  derivmatch lr=0.003 iter=750/2500 loss=34.02
  derivmatch lr=0.003 iter=875/2500 loss=32.09
  derivmatch lr=0.003 iter=1000/2500 loss=34.74
  derivmatch lr=0.003 iter=1125/2500 loss=35.52
  derivmatch lr=0.003 iter=1250/2500 loss=20.62
  derivmatch lr=0.003 iter=1375/2500 loss=40.33
  derivmatch lr=0.003 iter=1500/2500 loss=42.08
  derivmatch lr=0.003 iter=1625/2500 loss=36.73
  derivmatch lr=0.003 iter=1750/2500 loss=34.65
  derivmatch lr=0.003 iter=1875/2500 loss=38.08
  derivmatch lr=0.003 iter=2000/2500 loss=42.87
  derivmatch lr=0.003 iter=2125/2500 loss=38.76
  derivmatch lr=0.003 iter=2250/2500 loss=32.08
  derivmatch lr=0.003 iter=2375/2500 loss=46.73
  derivmatch lr=0.003 iter=2500/2500 loss=44.09
  derivmatch lr=0.003 iter=2500/2500 loss=15.4
  derivmatch lr=0.001 iter=125/2500 loss=22.49
  derivmatch lr=0.001 iter=250/2500 loss=12.73
  derivmatch lr=0.001 iter=375/2500 loss=33.05
  derivmatch lr=0.001 iter=500/2500 loss=26.51
  derivmatch lr=0.001 iter=625/2500 loss=25.61
  derivmatch lr=0.001 iter=750/2500 loss=27.04
  derivmatch lr=0.001 iter=875/2500 loss=23.5
  derivmatch lr=0.001 iter=1000/2500 loss=23.71
  derivmatch lr=0.001 iter=1125/2500 loss=23.46
  derivmatch lr=0.001 iter=1250/2500 loss=18.72
  derivmatch lr=0.001 iter=1375/2500 loss=17.0
  derivmatch lr=0.001 iter=1500/2500 loss=14.96
  derivmatch lr=0.001 iter=1625/2500 loss=15.09
  derivmatch lr=0.001 iter=1750/2500 loss=31.15
  derivmatch lr=0.001 iter=1875/2500 loss=26.32
  derivmatch lr=0.001 iter=2000/2500 loss=24.54
  derivmatch lr=0.001 iter=2125/2500 loss=30.74
  derivmatch lr=0.001 iter=2250/2500 loss=30.29
  derivmatch lr=0.001 iter=2375/2500 loss=24.6
  derivmatch lr=0.001 iter=2500/2500 loss=26.86
  derivmatch lr=0.001 iter=2500/2500 loss=10.49
  derivmatch lr=0.0003 iter=80/1600 loss=8.259
  derivmatch lr=0.0003 iter=160/1600 loss=7.843
  derivmatch lr=0.0003 iter=240/1600 loss=15.61
  derivmatch lr=0.0003 iter=320/1600 loss=8.76
  derivmatch lr=0.0003 iter=400/1600 loss=7.811
  derivmatch lr=0.0003 iter=480/1600 loss=7.613
  derivmatch lr=0.0003 iter=560/1600 loss=7.316
  derivmatch lr=0.0003 iter=640/1600 loss=17.08
  derivmatch lr=0.0003 iter=720/1600 loss=16.26
  derivmatch lr=0.0003 iter=800/1600 loss=13.26
  derivmatch lr=0.0003 iter=880/1600 loss=7.306
  derivmatch lr=0.0003 iter=960/1600 loss=7.021
  derivmatch lr=0.0003 iter=1040/1600 loss=7.344
  derivmatch lr=0.0003 iter=1120/1600 loss=7.173
  derivmatch lr=0.0003 iter=1200/1600 loss=7.967
  derivmatch lr=0.0003 iter=1280/1600 loss=7.424
  derivmatch lr=0.0003 iter=1360/1600 loss=10.87
  derivmatch lr=0.0003 iter=1440/1600 loss=17.8
  derivmatch lr=0.0003 iter=1520/1600 loss=17.22
  derivmatch lr=0.0003 iter=1600/1600 loss=14.22
  derivmatch lr=0.0003 iter=1600/1600 loss=6.688
derivative matching [26s]  fitloss=6.69
  [derivative matching]  nrmse=161.3  l2=1.553
  shooting iter=50/1000 loss=10.38
  shooting iter=100/1000 loss=8.88
  shooting iter=150/1000 loss=9.663
  shooting iter=200/1000 loss=13.91
  shooting iter=250/1000 loss=3.846
  shooting iter=300/1000 loss=4.518
  shooting iter=350/1000 loss=6.908
  shooting iter=400/1000 loss=5.868
  shooting iter=450/1000 loss=10.81
  shooting iter=500/1000 loss=6.793
  shooting iter=550/1000 loss=3.335
  shooting iter=600/1000 loss=9.07
  shooting iter=650/1000 loss=18.39
  shooting iter=700/1000 loss=5.885
  shooting iter=750/1000 loss=15.16
  shooting iter=800/1000 loss=10.74
  shooting iter=850/1000 loss=3.606
  shooting iter=900/1000 loss=18.11
  shooting iter=950/1000 loss=2.296
  shooting iter=1000/1000 loss=4.104
  shooting iter=1000/1000 loss=0.799
shooting [380s]  loss=0.799
  [final]  nrmse=2.595  l2=4.041
extrapolation window: T=1000.0 -> T_test=1.0e12  n_test=100
  [train]  E_traj=18.28  E_VF=206.5  E_spec=2.679e27
  [test ]  E_traj=540.2  E_VF=2.218e17  E_spec=1.369e30
saved /orcd/home/002/txenakis/projects/BVPsolver/src/../data/runs/run_BLHrUVCo/rober_fit.png
saved /orcd/home/002/txenakis/projects/BVPsolver/src/../data/runs/run_BLHrUVCo/rober_fit_extrapolated.png
saved /orcd/home/002/txenakis/projects/BVPsolver/src/../data/runs/run_BLHrUVCo/rober_spectral_fit_extrapolated.png
saved /orcd/home/002/txenakis/projects/BVPsolver/src/../data/runs/run_BLHrUVCo/rober_vf_fit_extrapolated.png
┌ Warning: Attempting to store StiffNN.var"#12#13"{Float64, Float64, Float64}.
│ JLD2 only stores functions by name.
│  This may not be useful for anonymous functions.
└ @ JLD2 ~/.julia/packages/JLD2/ADycq/src/data/writing_datatypes.jl:447
saved run → /orcd/home/002/txenakis/projects/BVPsolver/src/../data/runs/run_BLHrUVCo
--------------------------------------
Done: Wed Sep 23 09:17:59 EDT 2026
