Task 152/750: --problem rober --model stiff --profile fast --seed 202 --pretraining none --training shooting
Logging to /home/txenakis/projects/BVPsolver/logs/run_main_23648109_152.log
rober  model=stiff width=12 d=3 tlen=50 profile=fast seed=202  solver=Rodas5  N=318
  shooting iter=50/1000 loss=0.1647
  shooting iter=100/1000 loss=0.0914
  shooting iter=150/1000 loss=0.06138
  shooting iter=200/1000 loss=0.03985
  shooting iter=250/1000 loss=0.02135
  shooting iter=300/1000 loss=0.004036
  shooting iter=350/1000 loss=0.002214
  shooting iter=400/1000 loss=0.002295
  shooting iter=450/1000 loss=0.002776
  shooting iter=500/1000 loss=0.001856
  shooting iter=550/1000 loss=0.001996
  shooting iter=600/1000 loss=0.001684
  shooting iter=650/1000 loss=0.001188
  shooting iter=700/1000 loss=0.001419
  shooting iter=750/1000 loss=0.001088
  shooting iter=800/1000 loss=0.001485
  shooting iter=850/1000 loss=0.001678
  shooting iter=900/1000 loss=0.001646
  shooting iter=950/1000 loss=0.00142
  shooting iter=1000/1000 loss=0.001204
  shooting iter=1000/1000 loss=0.0007235
shooting [427s]  loss=0.000724
  [final]  nrmse=0.001426  l2=0.004856
extrapolation window: T=1000.0 -> T_test=1.0e12  n_test=100
  [train]  E_traj=6.292e-6  E_VF=1.618  E_spec=4.396e27
  [test ]  E_traj=11.23  E_VF=5.853e11  E_spec=6.58e23
saved /orcd/home/002/txenakis/projects/BVPsolver/src/../data/runs/run_kkvobqz1/rober_fit.png
saved /orcd/home/002/txenakis/projects/BVPsolver/src/../data/runs/run_kkvobqz1/rober_fit_extrapolated.png
saved /orcd/home/002/txenakis/projects/BVPsolver/src/../data/runs/run_kkvobqz1/rober_spectral_fit_extrapolated.png
saved /orcd/home/002/txenakis/projects/BVPsolver/src/../data/runs/run_kkvobqz1/rober_vf_fit_extrapolated.png
┌ Warning: Attempting to store StiffNN.var"#12#13"{Float64, Float64, Float64}.
│ JLD2 only stores functions by name.
│  This may not be useful for anonymous functions.
└ @ JLD2 ~/.julia/packages/JLD2/ADycq/src/data/writing_datatypes.jl:447
saved run → /orcd/home/002/txenakis/projects/BVPsolver/src/../data/runs/run_kkvobqz1
--------------------------------------
Done: Thu Sep 24 11:07:33 EDT 2026
