Task 457/1800: --problem rober --model mlp --profile fast --seed 107 --pretraining derivmatch --training collocation
Logging to /home/txenakis/projects/BVPsolver/logs/run_main_23544358_457.log
rober  model=mlp width=15 d=3 tlen=50 profile=fast seed=107  solver=Rodas5  N=348
  derivmatch lr=0.01 iter=170/3400 loss=44.01
  derivmatch lr=0.01 iter=340/3400 loss=50.32
  derivmatch lr=0.01 iter=510/3400 loss=53.14
  derivmatch lr=0.01 iter=680/3400 loss=57.24
  derivmatch lr=0.01 iter=850/3400 loss=54.44
  derivmatch lr=0.01 iter=1020/3400 loss=45.4
  derivmatch lr=0.01 iter=1190/3400 loss=38.24
  derivmatch lr=0.01 iter=1360/3400 loss=41.09
  derivmatch lr=0.01 iter=1530/3400 loss=42.62
  derivmatch lr=0.01 iter=1700/3400 loss=50.05
  derivmatch lr=0.01 iter=1870/3400 loss=46.73
  derivmatch lr=0.01 iter=2040/3400 loss=41.48
  derivmatch lr=0.01 iter=2210/3400 loss=39.98
  derivmatch lr=0.01 iter=2380/3400 loss=53.33
  derivmatch lr=0.01 iter=2550/3400 loss=40.89
  derivmatch lr=0.01 iter=2720/3400 loss=42.82
  derivmatch lr=0.01 iter=2890/3400 loss=56.74
  derivmatch lr=0.01 iter=3060/3400 loss=53.66
  derivmatch lr=0.01 iter=3230/3400 loss=56.44
  derivmatch lr=0.01 iter=3400/3400 loss=54.46
  derivmatch lr=0.01 iter=3400/3400 loss=16.37
  derivmatch lr=0.003 iter=125/2500 loss=25.33
  derivmatch lr=0.003 iter=250/2500 loss=29.88
  derivmatch lr=0.003 iter=375/2500 loss=24.33
  derivmatch lr=0.003 iter=500/2500 loss=22.63
  derivmatch lr=0.003 iter=625/2500 loss=38.69
  derivmatch lr=0.003 iter=750/2500 loss=34.02
  derivmatch lr=0.003 iter=875/2500 loss=32.09
  derivmatch lr=0.003 iter=1000/2500 loss=34.74
  derivmatch lr=0.003 iter=1125/2500 loss=35.52
  derivmatch lr=0.003 iter=1250/2500 loss=20.62
  derivmatch lr=0.003 iter=1375/2500 loss=40.33
  derivmatch lr=0.003 iter=1500/2500 loss=42.08
  derivmatch lr=0.003 iter=1625/2500 loss=36.73
  derivmatch lr=0.003 iter=1750/2500 loss=34.65
  derivmatch lr=0.003 iter=1875/2500 loss=38.08
  derivmatch lr=0.003 iter=2000/2500 loss=42.87
  derivmatch lr=0.003 iter=2125/2500 loss=38.76
  derivmatch lr=0.003 iter=2250/2500 loss=32.08
  derivmatch lr=0.003 iter=2375/2500 loss=46.73
  derivmatch lr=0.003 iter=2500/2500 loss=44.09
  derivmatch lr=0.003 iter=2500/2500 loss=15.4
  derivmatch lr=0.001 iter=125/2500 loss=22.49
  derivmatch lr=0.001 iter=250/2500 loss=12.73
  derivmatch lr=0.001 iter=375/2500 loss=33.05
  derivmatch lr=0.001 iter=500/2500 loss=26.51
  derivmatch lr=0.001 iter=625/2500 loss=25.61
  derivmatch lr=0.001 iter=750/2500 loss=27.04
  derivmatch lr=0.001 iter=875/2500 loss=23.5
  derivmatch lr=0.001 iter=1000/2500 loss=23.71
  derivmatch lr=0.001 iter=1125/2500 loss=23.46
  derivmatch lr=0.001 iter=1250/2500 loss=18.72
  derivmatch lr=0.001 iter=1375/2500 loss=17.0
  derivmatch lr=0.001 iter=1500/2500 loss=14.96
  derivmatch lr=0.001 iter=1625/2500 loss=15.09
  derivmatch lr=0.001 iter=1750/2500 loss=31.15
  derivmatch lr=0.001 iter=1875/2500 loss=26.32
  derivmatch lr=0.001 iter=2000/2500 loss=24.54
  derivmatch lr=0.001 iter=2125/2500 loss=30.74
  derivmatch lr=0.001 iter=2250/2500 loss=30.29
  derivmatch lr=0.001 iter=2375/2500 loss=24.6
  derivmatch lr=0.001 iter=2500/2500 loss=26.86
  derivmatch lr=0.001 iter=2500/2500 loss=10.49
  derivmatch lr=0.0003 iter=80/1600 loss=8.259
  derivmatch lr=0.0003 iter=160/1600 loss=7.843
  derivmatch lr=0.0003 iter=240/1600 loss=15.61
  derivmatch lr=0.0003 iter=320/1600 loss=8.76
  derivmatch lr=0.0003 iter=400/1600 loss=7.811
  derivmatch lr=0.0003 iter=480/1600 loss=7.613
  derivmatch lr=0.0003 iter=560/1600 loss=7.316
  derivmatch lr=0.0003 iter=640/1600 loss=17.08
  derivmatch lr=0.0003 iter=720/1600 loss=16.26
  derivmatch lr=0.0003 iter=800/1600 loss=13.26
  derivmatch lr=0.0003 iter=880/1600 loss=7.306
  derivmatch lr=0.0003 iter=960/1600 loss=7.021
  derivmatch lr=0.0003 iter=1040/1600 loss=7.344
  derivmatch lr=0.0003 iter=1120/1600 loss=7.173
  derivmatch lr=0.0003 iter=1200/1600 loss=7.967
  derivmatch lr=0.0003 iter=1280/1600 loss=7.424
  derivmatch lr=0.0003 iter=1360/1600 loss=10.87
  derivmatch lr=0.0003 iter=1440/1600 loss=17.8
  derivmatch lr=0.0003 iter=1520/1600 loss=17.22
  derivmatch lr=0.0003 iter=1600/1600 loss=14.22
  derivmatch lr=0.0003 iter=1600/1600 loss=6.688
derivative matching [27s]  fitloss=6.69
  [derivative matching]  nrmse=161.3  l2=1.553
  collocation: M=54 residuals=627  detecting sparsity + solving...

Algorithm: LevenbergMarquardt(
    trustregion = LevenbergMarquardtTrustRegion(
        β_uphill = 0.0
    ),
    descent = GeodesicAcceleration(
        descent = DampedNewtonDescent(
            linsolve = KLUFactorization(
                reuse_symbolic = true,
                check_pattern = true
            ),
            initial_damping = 1.0,
            damping_fn = LevenbergMarquardtDampingFunction(
                increase_factor = 2.0,
                decrease_factor = 3.0,
                min_damping = 1.0e-8
            ),
            min_norm_mode = :auto
        ),
        finite_diff_step_geodesic = 0.1,
        α = 0.75
    ),
    autodiff = AutoForwardDiff(),
    vjp_autodiff = AutoFiniteDiff(
        fdtype = Val{:forward}(),
        fdjtype = Val{:forward}(),
        fdhtype = Val{:hcentral}(),
        dir = true
    ),
    jvp_autodiff = AutoForwardDiff(),
    concrete_jac = Val{true}()
)

----    	-------------       	-----------         
Iter    	f(u) 2-norm         	Step 2-norm         
----    	-------------       	-----------         
0       	2.64229426e+07      	1.23989927e-275     
1       	8.81345944e+07      	1.28315162e-02      
8       	1.85134228e+07      	1.09843794e-01      
15      	1.09405698e+08      	0.00000000e+00      
22      	3.29433119e+08      	0.00000000e+00      
29      	3.04831629e+08      	3.02473734e-01      
36      	7.29015735e+07      	0.00000000e+00      
43      	2.49235908e+07      	0.00000000e+00      
50      	2.23452538e+08      	0.00000000e+00      
57      	1.18477560e+08      	0.00000000e+00      
64      	5.99290954e+06      	0.00000000e+00      
71      	3.05488676e+08      	4.71348638e-01      
78      	1.97374386e+08      	0.00000000e+00      
85      	5.38027312e+08      	0.00000000e+00      
92      	6.75659516e+08      	0.00000000e+00      
99      	2.01311122e+09      	0.00000000e+00      
106     	1.16922646e+07      	0.00000000e+00      
113     	5.37139945e+08      	0.00000000e+00      
120     	4.88798579e+08      	2.80624779e-01      
127     	8.08447277e+06      	2.08338180e-01      
134     	5.51334994e+08      	0.00000000e+00      
141     	1.84241478e+09      	0.00000000e+00      
148     	7.53545166e+07      	0.00000000e+00      
Final   	4.25551994e+06      
----------------------      
  AMR 1/1: M=54  err=7.97e12  obs=7.57e-5  nrmse=3.81  best=3.81  refined=0
collocation [17s]
  [final]  nrmse=3.813  l2=0.06705
extrapolation window: T=1000.0 -> T_test=1.0e12  n_test=100
  [train]  E_traj=37.84  E_VF=0.4957  E_spec=1.3680000000000001e29
  [test ]  E_traj=214900.0  E_VF=1.201e17  E_spec=3.706e29
saved /orcd/home/002/txenakis/projects/BVPsolver/src/../data/runs/run_9nkdnrwz/rober_fit.png
saved /orcd/home/002/txenakis/projects/BVPsolver/src/../data/runs/run_9nkdnrwz/rober_fit_extrapolated.png
saved /orcd/home/002/txenakis/projects/BVPsolver/src/../data/runs/run_9nkdnrwz/rober_spectral_fit_extrapolated.png
saved /orcd/home/002/txenakis/projects/BVPsolver/src/../data/runs/run_9nkdnrwz/rober_vf_fit_extrapolated.png
┌ Warning: Attempting to store StiffNN.var"#12#13"{Float64, Float64, Float64}.
│ JLD2 only stores functions by name.
│  This may not be useful for anonymous functions.
└ @ JLD2 ~/.julia/packages/JLD2/ADycq/src/data/writing_datatypes.jl:447
saved run → /orcd/home/002/txenakis/projects/BVPsolver/src/../data/runs/run_9nkdnrwz
--------------------------------------
Done: Wed Sep 23 09:20:58 EDT 2026
