Task 120/160: --problem rober --model GELU-scaled --profile fast --seed 500 --pretraining derivmatch --training collocation --track-sensitivity
Logging to /home/txenakis/projects/BVPsolver/logs/run_main_23713020_120.log
rober  model=GELU-scaled width=7 d=3 tlen=50 profile=fast seed=500  solver=Rodas5  N=332
  derivmatch lr=0.01 iter=170/3400 loss=8.582
  derivmatch lr=0.01 iter=340/3400 loss=9.145
  derivmatch lr=0.01 iter=510/3400 loss=5.923
  derivmatch lr=0.01 iter=680/3400 loss=9.677
  derivmatch lr=0.01 iter=850/3400 loss=9.316
  derivmatch lr=0.01 iter=1020/3400 loss=9.09
  derivmatch lr=0.01 iter=1190/3400 loss=8.914
  derivmatch lr=0.01 iter=1360/3400 loss=8.758
  derivmatch lr=0.01 iter=1530/3400 loss=8.607
  derivmatch lr=0.01 iter=1700/3400 loss=8.456
  derivmatch lr=0.01 iter=1870/3400 loss=8.301
  derivmatch lr=0.01 iter=2040/3400 loss=8.135
  derivmatch lr=0.01 iter=2210/3400 loss=7.952
  derivmatch lr=0.01 iter=2380/3400 loss=7.728
  derivmatch lr=0.01 iter=2550/3400 loss=7.42
  derivmatch lr=0.01 iter=2720/3400 loss=6.79
  derivmatch lr=0.01 iter=2890/3400 loss=7.722
  derivmatch lr=0.01 iter=3060/3400 loss=7.895
  derivmatch lr=0.01 iter=3230/3400 loss=7.284
  derivmatch lr=0.01 iter=3400/3400 loss=6.728
  derivmatch lr=0.01 iter=3400/3400 loss=5.613
  derivmatch lr=0.003 iter=125/2500 loss=5.554
  derivmatch lr=0.003 iter=250/2500 loss=5.43
  derivmatch lr=0.003 iter=375/2500 loss=5.282
  derivmatch lr=0.003 iter=500/2500 loss=5.131
  derivmatch lr=0.003 iter=625/2500 loss=4.979
  derivmatch lr=0.003 iter=750/2500 loss=7.34
  derivmatch lr=0.003 iter=875/2500 loss=5.302
  derivmatch lr=0.003 iter=1000/2500 loss=7.432
  derivmatch lr=0.003 iter=1125/2500 loss=7.498
  derivmatch lr=0.003 iter=1250/2500 loss=6.974
  derivmatch lr=0.003 iter=1375/2500 loss=5.259
  derivmatch lr=0.003 iter=1500/2500 loss=5.073
  derivmatch lr=0.003 iter=1625/2500 loss=4.873
  derivmatch lr=0.003 iter=1750/2500 loss=7.417
  derivmatch lr=0.003 iter=1875/2500 loss=6.718
  derivmatch lr=0.003 iter=2000/2500 loss=5.029
  derivmatch lr=0.003 iter=2125/2500 loss=4.907
  derivmatch lr=0.003 iter=2250/2500 loss=4.832
  derivmatch lr=0.003 iter=2375/2500 loss=4.767
  derivmatch lr=0.003 iter=2500/2500 loss=4.705
  derivmatch lr=0.003 iter=2500/2500 loss=4.705
  derivmatch lr=0.001 iter=125/2500 loss=4.671
  derivmatch lr=0.001 iter=250/2500 loss=6.127
  derivmatch lr=0.001 iter=375/2500 loss=5.842
  derivmatch lr=0.001 iter=500/2500 loss=5.714
  derivmatch lr=0.001 iter=625/2500 loss=4.479
  derivmatch lr=0.001 iter=750/2500 loss=4.397
  derivmatch lr=0.001 iter=875/2500 loss=4.37
  derivmatch lr=0.001 iter=1000/2500 loss=4.346
  derivmatch lr=0.001 iter=1125/2500 loss=4.317
  derivmatch lr=0.001 iter=1250/2500 loss=4.281
  derivmatch lr=0.001 iter=1375/2500 loss=4.248
  derivmatch lr=0.001 iter=1500/2500 loss=4.215
  derivmatch lr=0.001 iter=1625/2500 loss=4.179
  derivmatch lr=0.001 iter=1750/2500 loss=6.057
  derivmatch lr=0.001 iter=1875/2500 loss=6.601
  derivmatch lr=0.001 iter=2000/2500 loss=6.148
  derivmatch lr=0.001 iter=2125/2500 loss=4.652
  derivmatch lr=0.001 iter=2250/2500 loss=4.454
  derivmatch lr=0.001 iter=2375/2500 loss=4.425
  derivmatch lr=0.001 iter=2500/2500 loss=4.394
  derivmatch lr=0.001 iter=2500/2500 loss=4.16
  derivmatch lr=0.0003 iter=80/1600 loss=4.194
  derivmatch lr=0.0003 iter=160/1600 loss=4.156
  derivmatch lr=0.0003 iter=240/1600 loss=4.152
  derivmatch lr=0.0003 iter=320/1600 loss=4.148
  derivmatch lr=0.0003 iter=400/1600 loss=4.144
  derivmatch lr=0.0003 iter=480/1600 loss=4.139
  derivmatch lr=0.0003 iter=560/1600 loss=4.134
  derivmatch lr=0.0003 iter=640/1600 loss=4.129
  derivmatch lr=0.0003 iter=720/1600 loss=4.123
  derivmatch lr=0.0003 iter=800/1600 loss=4.117
  derivmatch lr=0.0003 iter=880/1600 loss=4.11
  derivmatch lr=0.0003 iter=960/1600 loss=4.103
  derivmatch lr=0.0003 iter=1040/1600 loss=4.095
  derivmatch lr=0.0003 iter=1120/1600 loss=4.086
  derivmatch lr=0.0003 iter=1200/1600 loss=4.072
  derivmatch lr=0.0003 iter=1280/1600 loss=4.049
  derivmatch lr=0.0003 iter=1360/1600 loss=4.034
  derivmatch lr=0.0003 iter=1440/1600 loss=4.026
  derivmatch lr=0.0003 iter=1520/1600 loss=4.018
  derivmatch lr=0.0003 iter=1600/1600 loss=4.01
  derivmatch lr=0.0003 iter=1600/1600 loss=4.01
derivative matching [26s]  fitloss=4.01
  [derivative matching]  nrmse=14.41  l2=0.3131
  collocation: M=54 residuals=627  detecting sparsity + solving...

Algorithm: LevenbergMarquardt(
    trustregion = LevenbergMarquardtTrustRegion(
        β_uphill = 0.0
    ),
    descent = GeodesicAcceleration(
        descent = DampedNewtonDescent(
            linsolve = KLUFactorization(
                reuse_symbolic = true,
                check_pattern = true
            ),
            initial_damping = 1.0,
            damping_fn = LevenbergMarquardtDampingFunction(
                increase_factor = 2.0,
                decrease_factor = 3.0,
                min_damping = 1.0e-8
            ),
            min_norm_mode = :auto
        ),
        finite_diff_step_geodesic = 0.1,
        α = 0.75
    ),
    autodiff = AutoForwardDiff(),
    vjp_autodiff = AutoFiniteDiff(
        fdtype = Val{:forward}(),
        fdjtype = Val{:forward}(),
        fdhtype = Val{:hcentral}(),
        dir = true
    ),
    jvp_autodiff = AutoForwardDiff(),
    concrete_jac = Val{true}()
)

----    	-------------       	-----------         
Iter    	f(u) 2-norm         	Step 2-norm         
----    	-------------       	-----------         
0       	2.45269761e+04      	NaN                 
1       	2.45269761e+04      	0.00000000e+00      
8       	4.47742031e+03      	1.55431959e-01      
15      	4.04379618e+03      	3.45690257e-02      
22      	3.05536675e+03      	0.00000000e+00      
29      	3.20169635e+03      	0.00000000e+00      
36      	3.00299479e+03      	1.82705034e-02      
43      	2.98134251e+03      	0.00000000e+00      
50      	2.64689384e+03      	2.06793627e-02      
57      	2.64189581e+03      	3.34435995e-02      
64      	2.44710484e+03      	0.00000000e+00      
71      	2.46722530e+03      	0.00000000e+00      
78      	2.32693511e+03      	0.00000000e+00      
85      	2.29022738e+03      	0.00000000e+00      
92      	2.29893231e+03      	0.00000000e+00      
99      	2.27988753e+03      	0.00000000e+00      
106     	2.10531175e+03      	0.00000000e+00      
113     	2.03082387e+03      	0.00000000e+00      
120     	2.06729396e+03      	2.33466783e-02      
127     	2.00308700e+03      	0.00000000e+00      
134     	2.04295703e+03      	0.00000000e+00      
141     	1.99804208e+03      	0.00000000e+00      
148     	1.99053846e+03      	0.00000000e+00      
Final   	1.79584802e+03      
----------------------      
  AMR 1/1: M=54  err=560000.0  obs=0.00249  nrmse=1.7  best=1.7  refined=0
collocation [16s]
  [final]  nrmse=1.704  l2=1.07
extrapolation window: T=1000.0 -> T_test=1.0e12  n_test=100
  [train]  E_traj=7.599  E_VF=0.5509  E_spec=3.505e14
  [test ]  E_traj=1.025e20  E_VF=19870.0  E_spec=3.861e10
saved /orcd/home/002/txenakis/projects/BVPsolver/src/../data/runs/run_ThbE73hJ/rober_fit.png
saved /orcd/home/002/txenakis/projects/BVPsolver/src/../data/runs/run_ThbE73hJ/rober_fit_extrapolated.png
saved /orcd/home/002/txenakis/projects/BVPsolver/src/../data/runs/run_ThbE73hJ/rober_spectral_fit_extrapolated.png
saved /orcd/home/002/txenakis/projects/BVPsolver/src/../data/runs/run_ThbE73hJ/rober_vf_fit_extrapolated.png
saved /orcd/home/002/txenakis/projects/BVPsolver/src/../data/runs/run_ThbE73hJ/rober_sensitivity_vs_stiffness_derivmatch.png
saved /orcd/home/002/txenakis/projects/BVPsolver/src/../data/runs/run_ThbE73hJ/rober_sensitivity_vs_stiffness_collocation.png
┌ Warning: Attempting to store StiffNN.var"#12#13"{Float64, Float64, Float64}.
│ JLD2 only stores functions by name.
│  This may not be useful for anonymous functions.
└ @ JLD2 ~/.julia/packages/JLD2/ADycq/src/data/writing_datatypes.jl:447
saved run → /orcd/home/002/txenakis/projects/BVPsolver/src/../data/runs/run_ThbE73hJ
--------------------------------------
Done: Thu Sep 24 21:44:13 EDT 2026
