Task 187/600: --problem davis-skodje --param 1e-2 --model GELU-scaled --profile fast --seed 337 --pretraining derivmatch --training shooting
Logging to /home/txenakis/projects/BVPsolver/logs/run_main_23642156_187.log
davis-skodje  model=GELU-scaled width=7 d=2 tlen=300 profile=fast seed=337  solver=Rodas5P  N=317
  derivmatch lr=0.01 iter=170/3400 loss=0.04298
  derivmatch lr=0.01 iter=340/3400 loss=0.03853
  derivmatch lr=0.01 iter=510/3400 loss=0.01692
  derivmatch lr=0.01 iter=680/3400 loss=0.0167
  derivmatch lr=0.01 iter=850/3400 loss=0.02085
  derivmatch lr=0.01 iter=1020/3400 loss=0.007312
  derivmatch lr=0.01 iter=1190/3400 loss=0.009216
  derivmatch lr=0.01 iter=1360/3400 loss=0.01038
  derivmatch lr=0.01 iter=1530/3400 loss=0.004533
  derivmatch lr=0.01 iter=1700/3400 loss=0.004605
  derivmatch lr=0.01 iter=1870/3400 loss=0.004641
  derivmatch lr=0.01 iter=2040/3400 loss=0.00445
  derivmatch lr=0.01 iter=2210/3400 loss=0.004232
  derivmatch lr=0.01 iter=2380/3400 loss=0.004035
  derivmatch lr=0.01 iter=2550/3400 loss=0.003858
  derivmatch lr=0.01 iter=2720/3400 loss=0.003698
  derivmatch lr=0.01 iter=2890/3400 loss=0.003553
  derivmatch lr=0.01 iter=3060/3400 loss=0.003825
  derivmatch lr=0.01 iter=3230/3400 loss=0.002921
  derivmatch lr=0.01 iter=3400/3400 loss=0.003188
  derivmatch lr=0.01 iter=3400/3400 loss=0.00137
  derivmatch lr=0.003 iter=125/2500 loss=0.001052
  derivmatch lr=0.003 iter=250/2500 loss=0.0007587
  derivmatch lr=0.003 iter=375/2500 loss=0.0006797
  derivmatch lr=0.003 iter=500/2500 loss=0.0006282
  derivmatch lr=0.003 iter=625/2500 loss=0.0005826
  derivmatch lr=0.003 iter=750/2500 loss=0.000555
  derivmatch lr=0.003 iter=875/2500 loss=0.0007789
  derivmatch lr=0.003 iter=1000/2500 loss=0.002731
  derivmatch lr=0.003 iter=1125/2500 loss=0.0005637
  derivmatch lr=0.003 iter=1250/2500 loss=0.001028
  derivmatch lr=0.003 iter=1375/2500 loss=0.0005745
  derivmatch lr=0.003 iter=1500/2500 loss=0.0004553
  derivmatch lr=0.003 iter=1625/2500 loss=0.0004326
  derivmatch lr=0.003 iter=1750/2500 loss=0.0006669
  derivmatch lr=0.003 iter=1875/2500 loss=0.0003962
  derivmatch lr=0.003 iter=2000/2500 loss=0.0009299
  derivmatch lr=0.003 iter=2125/2500 loss=0.0009464
  derivmatch lr=0.003 iter=2250/2500 loss=0.0009185
  derivmatch lr=0.003 iter=2375/2500 loss=0.0007584
  derivmatch lr=0.003 iter=2500/2500 loss=0.0003801
  derivmatch lr=0.003 iter=2500/2500 loss=0.0003249
  derivmatch lr=0.001 iter=125/2500 loss=0.0003168
  derivmatch lr=0.001 iter=250/2500 loss=0.0003107
  derivmatch lr=0.001 iter=375/2500 loss=0.0003058
  derivmatch lr=0.001 iter=500/2500 loss=0.0003007
  derivmatch lr=0.001 iter=625/2500 loss=0.0002952
  derivmatch lr=0.001 iter=750/2500 loss=0.0002894
  derivmatch lr=0.001 iter=875/2500 loss=0.0002832
  derivmatch lr=0.001 iter=1000/2500 loss=0.0002766
  derivmatch lr=0.001 iter=1125/2500 loss=0.0002698
  derivmatch lr=0.001 iter=1250/2500 loss=0.0002627
  derivmatch lr=0.001 iter=1375/2500 loss=0.001696
  derivmatch lr=0.001 iter=1500/2500 loss=0.0002494
  derivmatch lr=0.001 iter=1625/2500 loss=0.0002428
  derivmatch lr=0.001 iter=1750/2500 loss=0.001076
  derivmatch lr=0.001 iter=1875/2500 loss=0.0002302
  derivmatch lr=0.001 iter=2000/2500 loss=0.001158
  derivmatch lr=0.001 iter=2125/2500 loss=0.0002182
  derivmatch lr=0.001 iter=2250/2500 loss=0.0002128
  derivmatch lr=0.001 iter=2375/2500 loss=0.0004849
  derivmatch lr=0.001 iter=2500/2500 loss=0.0002047
  derivmatch lr=0.001 iter=2500/2500 loss=0.0002021
  derivmatch lr=0.0003 iter=80/1600 loss=0.0002022
  derivmatch lr=0.0003 iter=160/1600 loss=0.000201
  derivmatch lr=0.0003 iter=240/1600 loss=0.0002002
  derivmatch lr=0.0003 iter=320/1600 loss=0.0001992
  derivmatch lr=0.0003 iter=400/1600 loss=0.0001981
  derivmatch lr=0.0003 iter=480/1600 loss=0.0001969
  derivmatch lr=0.0003 iter=560/1600 loss=0.0001956
  derivmatch lr=0.0003 iter=640/1600 loss=0.0001942
  derivmatch lr=0.0003 iter=720/1600 loss=0.0001926
  derivmatch lr=0.0003 iter=800/1600 loss=0.000191
  derivmatch lr=0.0003 iter=880/1600 loss=0.0001892
  derivmatch lr=0.0003 iter=960/1600 loss=0.0001874
  derivmatch lr=0.0003 iter=1040/1600 loss=0.0001855
  derivmatch lr=0.0003 iter=1120/1600 loss=0.0001835
  derivmatch lr=0.0003 iter=1200/1600 loss=0.0001816
  derivmatch lr=0.0003 iter=1280/1600 loss=0.0001794
  derivmatch lr=0.0003 iter=1360/1600 loss=0.0001772
  derivmatch lr=0.0003 iter=1440/1600 loss=0.000175
  derivmatch lr=0.0003 iter=1520/1600 loss=0.0001728
  derivmatch lr=0.0003 iter=1600/1600 loss=0.0001705
  derivmatch lr=0.0003 iter=1600/1600 loss=0.0001705
derivative matching [32s]  fitloss=0.00017
  [derivative matching]  nrmse=0.0008766  l2=0.04055
  shooting iter=50/1000 loss=0.001708
  shooting iter=100/1000 loss=0.00126
  shooting iter=150/1000 loss=0.001112
  shooting iter=200/1000 loss=0.002241
  shooting iter=250/1000 loss=0.002031
  shooting iter=300/1000 loss=0.0005039
  shooting iter=350/1000 loss=0.0008223
  shooting iter=400/1000 loss=0.0006907
  shooting iter=450/1000 loss=0.0008893
  shooting iter=500/1000 loss=0.001159
  shooting iter=550/1000 loss=0.0006676
  shooting iter=600/1000 loss=0.000867
  shooting iter=650/1000 loss=0.0006038
  shooting iter=700/1000 loss=0.001816
  shooting iter=750/1000 loss=0.00128
  shooting iter=800/1000 loss=0.001885
  shooting iter=850/1000 loss=0.001258
  shooting iter=900/1000 loss=0.000544
  shooting iter=950/1000 loss=0.001256
  shooting iter=1000/1000 loss=0.0009721
  shooting iter=1000/1000 loss=0.0003092
shooting [472s]  loss=0.000309
  [final]  nrmse=0.000475  l2=0.01841
extrapolation window: T=15.0 -> T_test=30.0  n_test=600
  [train]  E_traj=5.091e-7  E_VF=0.0001921  E_spec=0.4653
  [test ]  E_traj=6.371e8  E_VF=6.651e7  E_spec=0.9775
saved /orcd/home/002/txenakis/projects/BVPsolver/src/../data/runs/run_jGgaY9fq/davis-skodje_fit.png
saved /orcd/home/002/txenakis/projects/BVPsolver/src/../data/runs/run_jGgaY9fq/davis-skodje_fit_extrapolated.png
saved /orcd/home/002/txenakis/projects/BVPsolver/src/../data/runs/run_jGgaY9fq/davis-skodje_spectral_fit_extrapolated.png
saved /orcd/home/002/txenakis/projects/BVPsolver/src/../data/runs/run_jGgaY9fq/davis-skodje_vf_fit_extrapolated.png
┌ Warning: Attempting to store StiffNN.var"#22#23"{Float64}.
│ JLD2 only stores functions by name.
│  This may not be useful for anonymous functions.
└ @ JLD2 ~/.julia/packages/JLD2/ADycq/src/data/writing_datatypes.jl:447
saved run → /orcd/home/002/txenakis/projects/BVPsolver/src/../data/runs/run_jGgaY9fq
--------------------------------------
Done: Thu Sep 24 08:12:55 EDT 2026
