Task 65/600: --problem davis-skodje --param 1e-1 --model GELU-scaled --profile fast --seed 315 --pretraining derivmatch --training shooting
Logging to /home/txenakis/projects/BVPsolver/logs/run_main_23642156_65.log
davis-skodje  model=GELU-scaled width=7 d=2 tlen=300 profile=fast seed=315  solver=Rodas5P  N=317
  derivmatch lr=0.01 iter=170/3400 loss=0.3929
  derivmatch lr=0.01 iter=340/3400 loss=0.3102
  derivmatch lr=0.01 iter=510/3400 loss=0.2401
  derivmatch lr=0.01 iter=680/3400 loss=0.1035
  derivmatch lr=0.01 iter=850/3400 loss=0.0342
  derivmatch lr=0.01 iter=1020/3400 loss=0.01814
  derivmatch lr=0.01 iter=1190/3400 loss=0.02105
  derivmatch lr=0.01 iter=1360/3400 loss=0.005703
  derivmatch lr=0.01 iter=1530/3400 loss=0.007216
  derivmatch lr=0.01 iter=1700/3400 loss=0.01115
  derivmatch lr=0.01 iter=1870/3400 loss=0.003142
  derivmatch lr=0.01 iter=2040/3400 loss=0.005643
  derivmatch lr=0.01 iter=2210/3400 loss=0.008439
  derivmatch lr=0.01 iter=2380/3400 loss=0.002239
  derivmatch lr=0.01 iter=2550/3400 loss=0.005333
  derivmatch lr=0.01 iter=2720/3400 loss=0.006955
  derivmatch lr=0.01 iter=2890/3400 loss=0.001598
  derivmatch lr=0.01 iter=3060/3400 loss=0.004679
  derivmatch lr=0.01 iter=3230/3400 loss=0.005623
  derivmatch lr=0.01 iter=3400/3400 loss=0.001058
  derivmatch lr=0.01 iter=3400/3400 loss=0.001058
  derivmatch lr=0.003 iter=125/2500 loss=0.0009106
  derivmatch lr=0.003 iter=250/2500 loss=0.000661
  derivmatch lr=0.003 iter=375/2500 loss=0.0005082
  derivmatch lr=0.003 iter=500/2500 loss=0.0003974
  derivmatch lr=0.003 iter=625/2500 loss=0.0003179
  derivmatch lr=0.003 iter=750/2500 loss=0.0005079
  derivmatch lr=0.003 iter=875/2500 loss=0.001981
  derivmatch lr=0.003 iter=1000/2500 loss=0.000659
  derivmatch lr=0.003 iter=1125/2500 loss=0.0006266
  derivmatch lr=0.003 iter=1250/2500 loss=0.002086
  derivmatch lr=0.003 iter=1375/2500 loss=0.0004623
  derivmatch lr=0.003 iter=1500/2500 loss=0.0006913
  derivmatch lr=0.003 iter=1625/2500 loss=0.0008081
  derivmatch lr=0.003 iter=1750/2500 loss=0.0007474
  derivmatch lr=0.003 iter=1875/2500 loss=0.0009785
  derivmatch lr=0.003 iter=2000/2500 loss=0.0009415
  derivmatch lr=0.003 iter=2125/2500 loss=0.0009319
  derivmatch lr=0.003 iter=2250/2500 loss=9.556e-5
  derivmatch lr=0.003 iter=2375/2500 loss=0.001094
  derivmatch lr=0.003 iter=2500/2500 loss=0.0001069
  derivmatch lr=0.003 iter=2500/2500 loss=7.768e-5
  derivmatch lr=0.001 iter=125/2500 loss=7.77e-5
  derivmatch lr=0.001 iter=250/2500 loss=7.308e-5
  derivmatch lr=0.001 iter=375/2500 loss=6.939e-5
  derivmatch lr=0.001 iter=500/2500 loss=6.557e-5
  derivmatch lr=0.001 iter=625/2500 loss=6.149e-5
  derivmatch lr=0.001 iter=750/2500 loss=5.721e-5
  derivmatch lr=0.001 iter=875/2500 loss=5.282e-5
  derivmatch lr=0.001 iter=1000/2500 loss=4.84e-5
  derivmatch lr=0.001 iter=1125/2500 loss=4.401e-5
  derivmatch lr=0.001 iter=1250/2500 loss=3.972e-5
  derivmatch lr=0.001 iter=1375/2500 loss=3.559e-5
  derivmatch lr=0.001 iter=1500/2500 loss=6.588e-5
  derivmatch lr=0.001 iter=1625/2500 loss=2.885e-5
  derivmatch lr=0.001 iter=1750/2500 loss=2.574e-5
  derivmatch lr=0.001 iter=1875/2500 loss=2.876e-5
  derivmatch lr=0.001 iter=2000/2500 loss=2.059e-5
  derivmatch lr=0.001 iter=2125/2500 loss=1.875e-5
  derivmatch lr=0.001 iter=2250/2500 loss=7.707e-5
  derivmatch lr=0.001 iter=2375/2500 loss=0.0003832
  derivmatch lr=0.001 iter=2500/2500 loss=1.342e-5
  derivmatch lr=0.001 iter=2500/2500 loss=1.342e-5
  derivmatch lr=0.0003 iter=80/1600 loss=1.374e-5
  derivmatch lr=0.0003 iter=160/1600 loss=1.312e-5
  derivmatch lr=0.0003 iter=240/1600 loss=1.291e-5
  derivmatch lr=0.0003 iter=320/1600 loss=1.268e-5
  derivmatch lr=0.0003 iter=400/1600 loss=1.242e-5
  derivmatch lr=0.0003 iter=480/1600 loss=1.214e-5
  derivmatch lr=0.0003 iter=560/1600 loss=1.184e-5
  derivmatch lr=0.0003 iter=640/1600 loss=1.153e-5
  derivmatch lr=0.0003 iter=720/1600 loss=1.12e-5
  derivmatch lr=0.0003 iter=800/1600 loss=1.088e-5
  derivmatch lr=0.0003 iter=880/1600 loss=1.054e-5
  derivmatch lr=0.0003 iter=960/1600 loss=1.021e-5
  derivmatch lr=0.0003 iter=1040/1600 loss=9.873e-6
  derivmatch lr=0.0003 iter=1120/1600 loss=9.542e-6
  derivmatch lr=0.0003 iter=1200/1600 loss=9.217e-6
  derivmatch lr=0.0003 iter=1280/1600 loss=8.899e-6
  derivmatch lr=0.0003 iter=1360/1600 loss=8.59e-6
  derivmatch lr=0.0003 iter=1440/1600 loss=8.291e-6
  derivmatch lr=0.0003 iter=1520/1600 loss=8.004e-6
  derivmatch lr=0.0003 iter=1600/1600 loss=7.729e-6
  derivmatch lr=0.0003 iter=1600/1600 loss=7.729e-6
derivative matching [28s]  fitloss=7.73e-6
  [derivative matching]  nrmse=0.0003438  l2=0.009629
  shooting iter=50/1000 loss=0.001556
  shooting iter=100/1000 loss=0.002148
  shooting iter=150/1000 loss=0.002174
  shooting iter=200/1000 loss=0.00122
  shooting iter=250/1000 loss=0.001586
  shooting iter=300/1000 loss=0.001231
  shooting iter=350/1000 loss=0.001627
  shooting iter=400/1000 loss=0.001444
  shooting iter=450/1000 loss=0.001226
  shooting iter=500/1000 loss=0.001646
  shooting iter=550/1000 loss=0.002227
  shooting iter=600/1000 loss=0.001815
  shooting iter=650/1000 loss=0.002034
  shooting iter=700/1000 loss=0.001686
  shooting iter=750/1000 loss=0.001194
  shooting iter=800/1000 loss=0.002196
  shooting iter=850/1000 loss=0.001591
  shooting iter=900/1000 loss=0.0009275
  shooting iter=950/1000 loss=0.001773
  shooting iter=1000/1000 loss=0.0008423
  shooting iter=1000/1000 loss=0.0001522
shooting [430s]  loss=0.000152
  [final]  nrmse=0.0003438  l2=0.009629
extrapolation window: T=15.0 -> T_test=30.0  n_test=600
  [train]  E_traj=1.829e-7  E_VF=1.362e-6  E_spec=0.2292
  [test ]  E_traj=1.084e7  E_VF=23060.0  E_spec=0.886
saved /orcd/home/002/txenakis/projects/BVPsolver/src/../data/runs/run_uIsDihPi/davis-skodje_fit.png
saved /orcd/home/002/txenakis/projects/BVPsolver/src/../data/runs/run_uIsDihPi/davis-skodje_fit_extrapolated.png
saved /orcd/home/002/txenakis/projects/BVPsolver/src/../data/runs/run_uIsDihPi/davis-skodje_spectral_fit_extrapolated.png
saved /orcd/home/002/txenakis/projects/BVPsolver/src/../data/runs/run_uIsDihPi/davis-skodje_vf_fit_extrapolated.png
┌ Warning: Attempting to store StiffNN.var"#22#23"{Float64}.
│ JLD2 only stores functions by name.
│  This may not be useful for anonymous functions.
└ @ JLD2 ~/.julia/packages/JLD2/ADycq/src/data/writing_datatypes.jl:447
saved run → /orcd/home/002/txenakis/projects/BVPsolver/src/../data/runs/run_uIsDihPi
--------------------------------------
Done: Thu Sep 24 07:57:03 EDT 2026
