Task 94/160: --problem rober --model stiff --profile fast --seed 514 --pretraining derivmatch --training collocation --track-sensitivity
Logging to /home/txenakis/projects/BVPsolver/logs/run_main_23713020_94.log
rober  model=stiff width=12 d=3 tlen=50 profile=fast seed=514  solver=Rodas5  N=318
  derivmatch lr=0.01 iter=170/3400 loss=0.4772
  derivmatch lr=0.01 iter=340/3400 loss=0.1603
  derivmatch lr=0.01 iter=510/3400 loss=0.0817
  derivmatch lr=0.01 iter=680/3400 loss=0.06039
  derivmatch lr=0.01 iter=850/3400 loss=0.04723
  derivmatch lr=0.01 iter=1020/3400 loss=0.04764
  derivmatch lr=0.01 iter=1190/3400 loss=0.04177
  derivmatch lr=0.01 iter=1360/3400 loss=0.03329
  derivmatch lr=0.01 iter=1530/3400 loss=0.03689
  derivmatch lr=0.01 iter=1700/3400 loss=0.02551
  derivmatch lr=0.01 iter=1870/3400 loss=0.02287
  derivmatch lr=0.01 iter=2040/3400 loss=0.02183
  derivmatch lr=0.01 iter=2210/3400 loss=0.01809
  derivmatch lr=0.01 iter=2380/3400 loss=0.01474
  derivmatch lr=0.01 iter=2550/3400 loss=0.01251
  derivmatch lr=0.01 iter=2720/3400 loss=0.01173
  derivmatch lr=0.01 iter=2890/3400 loss=0.05451
  derivmatch lr=0.01 iter=3060/3400 loss=0.03809
  derivmatch lr=0.01 iter=3230/3400 loss=0.005738
  derivmatch lr=0.01 iter=3400/3400 loss=0.005554
  derivmatch lr=0.01 iter=3400/3400 loss=0.005344
  derivmatch lr=0.003 iter=125/2500 loss=0.005038
  derivmatch lr=0.003 iter=250/2500 loss=0.004004
  derivmatch lr=0.003 iter=375/2500 loss=0.003161
  derivmatch lr=0.003 iter=500/2500 loss=0.003011
  derivmatch lr=0.003 iter=625/2500 loss=0.004061
  derivmatch lr=0.003 iter=750/2500 loss=0.003264
  derivmatch lr=0.003 iter=875/2500 loss=0.002918
  derivmatch lr=0.003 iter=1000/2500 loss=0.002778
  derivmatch lr=0.003 iter=1125/2500 loss=0.003178
  derivmatch lr=0.003 iter=1250/2500 loss=0.001801
  derivmatch lr=0.003 iter=1375/2500 loss=0.002203
  derivmatch lr=0.003 iter=1500/2500 loss=0.002224
  derivmatch lr=0.003 iter=1625/2500 loss=0.001519
  derivmatch lr=0.003 iter=1750/2500 loss=0.002149
  derivmatch lr=0.003 iter=1875/2500 loss=0.001567
  derivmatch lr=0.003 iter=2000/2500 loss=0.001469
  derivmatch lr=0.003 iter=2125/2500 loss=0.001098
  derivmatch lr=0.003 iter=2250/2500 loss=0.001624
  derivmatch lr=0.003 iter=2375/2500 loss=0.001092
  derivmatch lr=0.003 iter=2500/2500 loss=0.001007
  derivmatch lr=0.003 iter=2500/2500 loss=0.0008765
  derivmatch lr=0.001 iter=125/2500 loss=0.0008629
  derivmatch lr=0.001 iter=250/2500 loss=0.0008409
  derivmatch lr=0.001 iter=375/2500 loss=0.0008195
  derivmatch lr=0.001 iter=500/2500 loss=0.0007982
  derivmatch lr=0.001 iter=625/2500 loss=0.0007761
  derivmatch lr=0.001 iter=750/2500 loss=0.0007529
  derivmatch lr=0.001 iter=875/2500 loss=0.0007284
  derivmatch lr=0.001 iter=1000/2500 loss=0.0007029
  derivmatch lr=0.001 iter=1125/2500 loss=0.0006764
  derivmatch lr=0.001 iter=1250/2500 loss=0.0006598
  derivmatch lr=0.001 iter=1375/2500 loss=0.0006549
  derivmatch lr=0.001 iter=1500/2500 loss=0.0006835
  derivmatch lr=0.001 iter=1625/2500 loss=0.000715
  derivmatch lr=0.001 iter=1750/2500 loss=0.0005691
  derivmatch lr=0.001 iter=1875/2500 loss=0.0005726
  derivmatch lr=0.001 iter=2000/2500 loss=0.0005406
  derivmatch lr=0.001 iter=2125/2500 loss=0.0004717
  derivmatch lr=0.001 iter=2250/2500 loss=0.0005212
  derivmatch lr=0.001 iter=2375/2500 loss=0.0004723
  derivmatch lr=0.001 iter=2500/2500 loss=0.0004499
  derivmatch lr=0.001 iter=2500/2500 loss=0.0004102
  derivmatch lr=0.0003 iter=80/1600 loss=0.0004104
  derivmatch lr=0.0003 iter=160/1600 loss=0.0004067
  derivmatch lr=0.0003 iter=240/1600 loss=0.0004041
  derivmatch lr=0.0003 iter=320/1600 loss=0.0004011
  derivmatch lr=0.0003 iter=400/1600 loss=0.0003976
  derivmatch lr=0.0003 iter=480/1600 loss=0.0003938
  derivmatch lr=0.0003 iter=560/1600 loss=0.0003896
  derivmatch lr=0.0003 iter=640/1600 loss=0.0003851
  derivmatch lr=0.0003 iter=720/1600 loss=0.0003804
  derivmatch lr=0.0003 iter=800/1600 loss=0.0003753
  derivmatch lr=0.0003 iter=880/1600 loss=0.00037
  derivmatch lr=0.0003 iter=960/1600 loss=0.0003644
  derivmatch lr=0.0003 iter=1040/1600 loss=0.0003586
  derivmatch lr=0.0003 iter=1120/1600 loss=0.0003526
  derivmatch lr=0.0003 iter=1200/1600 loss=0.0003463
  derivmatch lr=0.0003 iter=1280/1600 loss=0.0003399
  derivmatch lr=0.0003 iter=1360/1600 loss=0.0003332
  derivmatch lr=0.0003 iter=1440/1600 loss=0.0003264
  derivmatch lr=0.0003 iter=1520/1600 loss=0.0003194
  derivmatch lr=0.0003 iter=1600/1600 loss=0.0003123
  derivmatch lr=0.0003 iter=1600/1600 loss=0.0003123
derivative matching [29s]  fitloss=0.000312
  [derivative matching]  nrmse=0.003859  l2=0.02662
  collocation: M=54 residuals=627  detecting sparsity + solving...

Algorithm: LevenbergMarquardt(
    trustregion = LevenbergMarquardtTrustRegion(
        β_uphill = 0.0
    ),
    descent = GeodesicAcceleration(
        descent = DampedNewtonDescent(
            linsolve = KLUFactorization(
                reuse_symbolic = true,
                check_pattern = true
            ),
            initial_damping = 1.0,
            damping_fn = LevenbergMarquardtDampingFunction(
                increase_factor = 2.0,
                decrease_factor = 3.0,
                min_damping = 1.0e-8
            ),
            min_norm_mode = :auto
        ),
        finite_diff_step_geodesic = 0.1,
        α = 0.75
    ),
    autodiff = AutoForwardDiff(),
    vjp_autodiff = AutoFiniteDiff(
        fdtype = Val{:forward}(),
        fdjtype = Val{:forward}(),
        fdhtype = Val{:hcentral}(),
        dir = true
    ),
    jvp_autodiff = AutoForwardDiff(),
    concrete_jac = Val{true}()
)

----    	-------------       	-----------         
Iter    	f(u) 2-norm         	Step 2-norm         
----    	-------------       	-----------         
0       	1.81678605e+03      	NaN                 
1       	1.59470798e+03      	2.18118809e-02      
8       	6.75015141e+02      	4.14190862e-02      
15      	1.96581689e+01      	1.52656980e-01      
22      	2.57886169e+01      	3.96103598e-01      
29      	1.94084566e+02      	3.25495817e-01      
36      	4.43666613e+02      	5.19208719e-01      
43      	4.11665348e+02      	2.56590120e-01      
50      	1.61396440e+01      	0.00000000e+00      
57      	2.70614950e+02      	1.97181393e-01      
64      	1.91899408e+01      	0.00000000e+00      
71      	6.85667128e+01      	0.00000000e+00      
78      	9.00554831e+00      	1.81072654e-01      
85      	2.85958719e+02      	4.30098867e-01      
92      	2.97847761e+01      	1.46855767e-01      
99      	4.36716906e-01      	0.00000000e+00      
106     	1.35996343e+01      	8.52018165e-02      
113     	8.88580398e+00      	0.00000000e+00      
120     	8.47058735e+01      	0.00000000e+00      
127     	1.20526576e+01      	0.00000000e+00      
134     	1.11900528e+01      	0.00000000e+00      
141     	3.78927782e-01      	6.44789564e-02      
148     	2.06504906e+02      	0.00000000e+00      
Final   	3.78927782e-01      
----------------------      
  AMR 1/1: M=54  err=0.115  obs=1.43e-10  nrmse=0.000126  best=0.000126  refined=0
collocation [17s]
  [final]  nrmse=0.0001263  l2=0.0002305
extrapolation window: T=1000.0 -> T_test=1.0e12  n_test=100
  [train]  E_traj=4.367e-8  E_VF=1.209e-5  E_spec=1.567e27
  [test ]  E_traj=1.274  E_VF=4.174e9  E_spec=1.16e24
saved /orcd/home/002/txenakis/projects/BVPsolver/src/../data/runs/run_2MIjrfHX/rober_fit.png
saved /orcd/home/002/txenakis/projects/BVPsolver/src/../data/runs/run_2MIjrfHX/rober_fit_extrapolated.png
saved /orcd/home/002/txenakis/projects/BVPsolver/src/../data/runs/run_2MIjrfHX/rober_spectral_fit_extrapolated.png
saved /orcd/home/002/txenakis/projects/BVPsolver/src/../data/runs/run_2MIjrfHX/rober_vf_fit_extrapolated.png
saved /orcd/home/002/txenakis/projects/BVPsolver/src/../data/runs/run_2MIjrfHX/rober_sensitivity_vs_stiffness_derivmatch.png
saved /orcd/home/002/txenakis/projects/BVPsolver/src/../data/runs/run_2MIjrfHX/rober_sensitivity_vs_stiffness_collocation.png
┌ Warning: Attempting to store StiffNN.var"#12#13"{Float64, Float64, Float64}.
│ JLD2 only stores functions by name.
│  This may not be useful for anonymous functions.
└ @ JLD2 ~/.julia/packages/JLD2/ADycq/src/data/writing_datatypes.jl:447
saved run → /orcd/home/002/txenakis/projects/BVPsolver/src/../data/runs/run_2MIjrfHX
--------------------------------------
Done: Thu Sep 24 21:40:25 EDT 2026
