Task 1591/1800: --problem davis-skodje --model stiff --profile fast --seed 141 --pretraining derivmatch --training collocation
Logging to /home/txenakis/projects/BVPsolver/logs/run_main_23593274_1591.log
davis-skodje  model=stiff width=12 d=2 tlen=300 profile=fast seed=141  solver=Rodas5P  N=268
  derivmatch lr=0.01 iter=170/3400 loss=0.07272
  derivmatch lr=0.01 iter=340/3400 loss=0.02889
  derivmatch lr=0.01 iter=510/3400 loss=0.01368
  derivmatch lr=0.01 iter=680/3400 loss=0.005098
  derivmatch lr=0.01 iter=850/3400 loss=0.002766
  derivmatch lr=0.01 iter=1020/3400 loss=0.001817
  derivmatch lr=0.01 iter=1190/3400 loss=0.001336
  derivmatch lr=0.01 iter=1360/3400 loss=0.001043
  derivmatch lr=0.01 iter=1530/3400 loss=0.0008364
  derivmatch lr=0.01 iter=1700/3400 loss=0.0006807
  derivmatch lr=0.01 iter=1870/3400 loss=0.0005593
  derivmatch lr=0.01 iter=2040/3400 loss=0.0004635
  derivmatch lr=0.01 iter=2210/3400 loss=0.0003875
  derivmatch lr=0.01 iter=2380/3400 loss=0.0003271
  derivmatch lr=0.01 iter=2550/3400 loss=0.0002789
  derivmatch lr=0.01 iter=2720/3400 loss=0.00024
  derivmatch lr=0.01 iter=2890/3400 loss=0.000208
  derivmatch lr=0.01 iter=3060/3400 loss=0.0001809
  derivmatch lr=0.01 iter=3230/3400 loss=0.0001572
  derivmatch lr=0.01 iter=3400/3400 loss=0.0001362
  derivmatch lr=0.01 iter=3400/3400 loss=0.0001362
  derivmatch lr=0.003 iter=125/2500 loss=9.867e-5
  derivmatch lr=0.003 iter=250/2500 loss=6.851e-5
  derivmatch lr=0.003 iter=375/2500 loss=4.472e-5
  derivmatch lr=0.003 iter=500/2500 loss=2.816e-5
  derivmatch lr=0.003 iter=625/2500 loss=1.892e-5
  derivmatch lr=0.003 iter=750/2500 loss=1.436e-5
  derivmatch lr=0.003 iter=875/2500 loss=1.23e-5
  derivmatch lr=0.003 iter=1000/2500 loss=4.346e-5
  derivmatch lr=0.003 iter=1125/2500 loss=7.558e-6
  derivmatch lr=0.003 iter=1250/2500 loss=7.898e-6
  derivmatch lr=0.003 iter=1375/2500 loss=5.912e-6
  derivmatch lr=0.003 iter=1500/2500 loss=5.097e-6
  derivmatch lr=0.003 iter=1625/2500 loss=4.447e-6
  derivmatch lr=0.003 iter=1750/2500 loss=3.978e-6
  derivmatch lr=0.003 iter=1875/2500 loss=3.692e-6
  derivmatch lr=0.003 iter=2000/2500 loss=8.638e-6
  derivmatch lr=0.003 iter=2125/2500 loss=5.156e-6
  derivmatch lr=0.003 iter=2250/2500 loss=1.027e-5
  derivmatch lr=0.003 iter=2375/2500 loss=9.803e-6
  derivmatch lr=0.003 iter=2500/2500 loss=2.46e-6
  derivmatch lr=0.003 iter=2500/2500 loss=2.439e-6
  derivmatch lr=0.001 iter=125/2500 loss=2.4e-6
  derivmatch lr=0.001 iter=250/2500 loss=2.349e-6
  derivmatch lr=0.001 iter=375/2500 loss=2.293e-6
  derivmatch lr=0.001 iter=500/2500 loss=2.23e-6
  derivmatch lr=0.001 iter=625/2500 loss=2.166e-6
  derivmatch lr=0.001 iter=750/2500 loss=2.1e-6
  derivmatch lr=0.001 iter=875/2500 loss=2.276e-6
  derivmatch lr=0.001 iter=1000/2500 loss=1.965e-6
  derivmatch lr=0.001 iter=1125/2500 loss=1.897e-6
  derivmatch lr=0.001 iter=1250/2500 loss=1.832e-6
  derivmatch lr=0.001 iter=1375/2500 loss=1.769e-6
  derivmatch lr=0.001 iter=1500/2500 loss=4.109e-6
  derivmatch lr=0.001 iter=1625/2500 loss=1.649e-6
  derivmatch lr=0.001 iter=1750/2500 loss=1.592e-6
  derivmatch lr=0.001 iter=1875/2500 loss=1.54e-6
  derivmatch lr=0.001 iter=2000/2500 loss=1.491e-6
  derivmatch lr=0.001 iter=2125/2500 loss=1.484e-6
  derivmatch lr=0.001 iter=2250/2500 loss=1.403e-6
  derivmatch lr=0.001 iter=2375/2500 loss=2.257e-6
  derivmatch lr=0.001 iter=2500/2500 loss=2.59e-6
  derivmatch lr=0.001 iter=2500/2500 loss=1.335e-6
  derivmatch lr=0.0003 iter=80/1600 loss=1.339e-6
  derivmatch lr=0.0003 iter=160/1600 loss=1.327e-6
  derivmatch lr=0.0003 iter=240/1600 loss=1.322e-6
  derivmatch lr=0.0003 iter=320/1600 loss=1.316e-6
  derivmatch lr=0.0003 iter=400/1600 loss=1.31e-6
  derivmatch lr=0.0003 iter=480/1600 loss=1.302e-6
  derivmatch lr=0.0003 iter=560/1600 loss=1.294e-6
  derivmatch lr=0.0003 iter=640/1600 loss=1.286e-6
  derivmatch lr=0.0003 iter=720/1600 loss=1.277e-6
  derivmatch lr=0.0003 iter=800/1600 loss=1.267e-6
  derivmatch lr=0.0003 iter=880/1600 loss=1.257e-6
  derivmatch lr=0.0003 iter=960/1600 loss=1.247e-6
  derivmatch lr=0.0003 iter=1040/1600 loss=1.236e-6
  derivmatch lr=0.0003 iter=1120/1600 loss=1.225e-6
  derivmatch lr=0.0003 iter=1200/1600 loss=1.213e-6
  derivmatch lr=0.0003 iter=1280/1600 loss=1.201e-6
  derivmatch lr=0.0003 iter=1360/1600 loss=1.189e-6
  derivmatch lr=0.0003 iter=1440/1600 loss=1.177e-6
  derivmatch lr=0.0003 iter=1520/1600 loss=1.168e-6
  derivmatch lr=0.0003 iter=1600/1600 loss=1.154e-6
  derivmatch lr=0.0003 iter=1600/1600 loss=1.154e-6
derivative matching [30s]  fitloss=1.15e-6
  [derivative matching]  nrmse=6.422e-5  l2=0.002588
  collocation: M=300 residuals=2394  detecting sparsity + solving...

Algorithm: LevenbergMarquardt(
    trustregion = LevenbergMarquardtTrustRegion(
        β_uphill = 0.0
    ),
    descent = GeodesicAcceleration(
        descent = DampedNewtonDescent(
            linsolve = KLUFactorization(
                reuse_symbolic = true,
                check_pattern = true
            ),
            initial_damping = 1.0,
            damping_fn = LevenbergMarquardtDampingFunction(
                increase_factor = 2.0,
                decrease_factor = 3.0,
                min_damping = 1.0e-8
            ),
            min_norm_mode = :auto
        ),
        finite_diff_step_geodesic = 0.1,
        α = 0.75
    ),
    autodiff = AutoForwardDiff(),
    vjp_autodiff = AutoFiniteDiff(
        fdtype = Val{:forward}(),
        fdjtype = Val{:forward}(),
        fdhtype = Val{:hcentral}(),
        dir = true
    ),
    jvp_autodiff = AutoForwardDiff(),
    concrete_jac = Val{true}()
)

----    	-------------       	-----------         
Iter    	f(u) 2-norm         	Step 2-norm         
----    	-------------       	-----------         
0       	2.52396536e+01      	1.59741159e-315     
1       	1.18482707e+01      	2.79521304e-02      
8       	3.83140693e-03      	1.54370242e-03      
15      	8.63382232e-04      	2.15085528e-03      
22      	5.81821446e-03      	2.43228997e-01      
29      	3.54044307e-01      	2.20857864e+00      
36      	5.22791384e-02      	9.23901773e-01      
43      	7.34799769e-03      	8.32463781e-01      
50      	7.78956810e-02      	6.22375896e-01      
57      	1.16364049e-03      	0.00000000e+00      
64      	1.92962548e-02      	0.00000000e+00      
71      	1.69960751e-01      	0.00000000e+00      
78      	1.82779612e-01      	0.00000000e+00      
85      	1.02440610e+00      	0.00000000e+00      
92      	5.68646268e-05      	7.99886817e-02      
99      	1.26711413e-04      	1.87437266e-01      
106     	4.61251083e-03      	1.90829992e-01      
113     	8.75489296e-02      	0.00000000e+00      
120     	3.51905086e-02      	0.00000000e+00      
127     	2.36984072e-02      	0.00000000e+00      
134     	1.51565950e-04      	0.00000000e+00      
141     	3.57161807e-02      	0.00000000e+00      
148     	2.90956838e-04      	1.42579987e-01      
Final   	4.58764124e-06      
----------------------      
  AMR 1/3: M=300  err=4.82e-13  obs=2.84e-8  nrmse=3.8e-7  best=3.8e-7  refined=38
  collocation: M=338 residuals=2622  detecting sparsity + solving...

Algorithm: LevenbergMarquardt(
    trustregion = LevenbergMarquardtTrustRegion(
        β_uphill = 0.0
    ),
    descent = GeodesicAcceleration(
        descent = DampedNewtonDescent(
            linsolve = KLUFactorization(
                reuse_symbolic = true,
                check_pattern = true
            ),
            initial_damping = 1.0,
            damping_fn = LevenbergMarquardtDampingFunction(
                increase_factor = 2.0,
                decrease_factor = 3.0,
                min_damping = 1.0e-8
            ),
            min_norm_mode = :auto
        ),
        finite_diff_step_geodesic = 0.1,
        α = 0.75
    ),
    autodiff = AutoForwardDiff(),
    vjp_autodiff = AutoFiniteDiff(
        fdtype = Val{:forward}(),
        fdjtype = Val{:forward}(),
        fdhtype = Val{:hcentral}(),
        dir = true
    ),
    jvp_autodiff = AutoForwardDiff(),
    concrete_jac = Val{true}()
)

----    	-------------       	-----------         
Iter    	f(u) 2-norm         	Step 2-norm         
----    	-------------       	-----------         
0       	2.34255852e+01      	2.16767512e-309     
1       	1.05435287e+01      	2.45384695e-01      
8       	1.74721746e-02      	4.06191053e-03      
15      	7.47783021e-04      	8.31748647e-03      
22      	1.76900492e-06      	1.02800922e-02      
29      	1.08828807e-03      	3.48542431e-01      
36      	4.19295188e-03      	0.00000000e+00      
43      	8.39727163e-04      	3.29919043e-01      
50      	7.01223136e-02      	0.00000000e+00      
57      	3.22798774e-03      	1.03413025e+00      
64      	9.06456870e-02      	0.00000000e+00      
71      	2.76040675e-03      	3.70156989e-01      
78      	5.11756771e-02      	9.50736622e-01      
85      	1.35963417e-02      	8.41881608e-01      
92      	7.81791373e-01      	2.77747914e+00      
99      	1.26214790e-02      	0.00000000e+00      
106     	1.53085562e-01      	0.00000000e+00      
113     	2.15967929e+00      	0.00000000e+00      
120     	9.38963847e-05      	0.00000000e+00      
127     	1.24154661e-02      	1.43191486e+00      
134     	1.98174825e-06      	1.06391637e-01      
141     	4.78301951e-04      	2.29395694e-01      
148     	2.66715633e-02      	0.00000000e+00      
Final   	1.73653747e-06      
----------------------      
  AMR 2/3: M=338  err=6.95e-14  obs=2.5e-8  nrmse=3.94e-7  best=3.8e-7  refined=29
  collocation: M=376 residuals=2850  detecting sparsity + solving...

Algorithm: LevenbergMarquardt(
    trustregion = LevenbergMarquardtTrustRegion(
        β_uphill = 0.0
    ),
    descent = GeodesicAcceleration(
        descent = DampedNewtonDescent(
            linsolve = KLUFactorization(
                reuse_symbolic = true,
                check_pattern = true
            ),
            initial_damping = 1.0,
            damping_fn = LevenbergMarquardtDampingFunction(
                increase_factor = 2.0,
                decrease_factor = 3.0,
                min_damping = 1.0e-8
            ),
            min_norm_mode = :auto
        ),
        finite_diff_step_geodesic = 0.1,
        α = 0.75
    ),
    autodiff = AutoForwardDiff(),
    vjp_autodiff = AutoFiniteDiff(
        fdtype = Val{:forward}(),
        fdjtype = Val{:forward}(),
        fdhtype = Val{:hcentral}(),
        dir = true
    ),
    jvp_autodiff = AutoForwardDiff(),
    concrete_jac = Val{true}()
)

----    	-------------       	-----------         
Iter    	f(u) 2-norm         	Step 2-norm         
----    	-------------       	-----------         
0       	2.32566466e+01      	1.52546380e+02      
1       	1.04782964e+01      	2.66858164e-01      
8       	1.79746730e-02      	4.06051257e-03      
15      	7.44615203e-04      	8.34468224e-03      
22      	1.54552488e-06      	1.21450912e-02      
29      	7.18928789e-04      	4.17890049e-01      
36      	1.16878888e-01      	0.00000000e+00      
43      	2.69653099e-03      	4.83324062e-01      
50      	8.68093371e-03      	7.19089948e-01      
57      	4.88569777e-01      	0.00000000e+00      
64      	4.63629808e-02      	0.00000000e+00      
71      	9.53760355e-03      	0.00000000e+00      
78      	3.70149555e-02      	0.00000000e+00      
85      	4.02719493e-02      	0.00000000e+00      
92      	4.28123313e-05      	8.61891695e-02      
99      	5.28236737e-02      	0.00000000e+00      
106     	1.82876241e-02      	0.00000000e+00      
113     	8.19047100e-02      	0.00000000e+00      
120     	2.14264358e-02      	0.00000000e+00      
127     	2.71121457e-06      	0.00000000e+00      
134     	5.04281009e-03      	0.00000000e+00      
141     	4.16851410e-01      	1.79781522e+00      
148     	3.15799155e-02      	5.00952958e-01      
Final   	1.51479819e-06      
----------------------      
  AMR 3/3: M=376  err=3.99e-14  obs=2.1e-8  nrmse=3.79e-7  best=3.79e-7  refined=0
collocation [134s]
  [final]  nrmse=3.789e-7  l2=1.431e-5
extrapolation window: T=15.0 -> T_test=30.0  n_test=600
  [train]  E_traj=3.146e-13  E_VF=7.609e-9  E_spec=1.103
  [test ]  E_traj=2.098  E_VF=94.58  E_spec=0.4506
saved /orcd/home/002/txenakis/projects/BVPsolver/src/../data/runs/run_CGgQzdq8/davis-skodje_fit.png
saved /orcd/home/002/txenakis/projects/BVPsolver/src/../data/runs/run_CGgQzdq8/davis-skodje_fit_extrapolated.png
saved /orcd/home/002/txenakis/projects/BVPsolver/src/../data/runs/run_CGgQzdq8/davis-skodje_spectral_fit_extrapolated.png
saved /orcd/home/002/txenakis/projects/BVPsolver/src/../data/runs/run_CGgQzdq8/davis-skodje_vf_fit_extrapolated.png
┌ Warning: Attempting to store StiffNN.var"#22#23"{Float64}.
│ JLD2 only stores functions by name.
│  This may not be useful for anonymous functions.
└ @ JLD2 ~/.julia/packages/JLD2/ADycq/src/data/writing_datatypes.jl:447
saved run → /orcd/home/002/txenakis/projects/BVPsolver/src/../data/runs/run_CGgQzdq8
--------------------------------------
Done: Thu Sep 24 01:22:02 EDT 2026
