Task 518/1800: --problem rober --model GELU-scaled --profile fast --seed 118 --pretraining derivmatch --training shooting
Logging to /home/txenakis/projects/BVPsolver/logs/run_main_23544358_518.log
rober  model=GELU-scaled width=7 d=3 tlen=50 profile=fast seed=118  solver=Rodas5  N=332
  derivmatch lr=0.01 iter=170/3400 loss=8.347
  derivmatch lr=0.01 iter=340/3400 loss=9.995
  derivmatch lr=0.01 iter=510/3400 loss=7.393
  derivmatch lr=0.01 iter=680/3400 loss=6.075
  derivmatch lr=0.01 iter=850/3400 loss=5.543
  derivmatch lr=0.01 iter=1020/3400 loss=9.583
  derivmatch lr=0.01 iter=1190/3400 loss=9.425
  derivmatch lr=0.01 iter=1360/3400 loss=9.327
  derivmatch lr=0.01 iter=1530/3400 loss=9.242
  derivmatch lr=0.01 iter=1700/3400 loss=9.17
  derivmatch lr=0.01 iter=1870/3400 loss=9.104
  derivmatch lr=0.01 iter=2040/3400 loss=9.028
  derivmatch lr=0.01 iter=2210/3400 loss=9.02
  derivmatch lr=0.01 iter=2380/3400 loss=8.902
  derivmatch lr=0.01 iter=2550/3400 loss=8.821
  derivmatch lr=0.01 iter=2720/3400 loss=8.72
  derivmatch lr=0.01 iter=2890/3400 loss=8.588
  derivmatch lr=0.01 iter=3060/3400 loss=8.425
  derivmatch lr=0.01 iter=3230/3400 loss=8.248
  derivmatch lr=0.01 iter=3400/3400 loss=8.068
  derivmatch lr=0.01 iter=3400/3400 loss=5.494
  derivmatch lr=0.003 iter=125/2500 loss=6.587
  derivmatch lr=0.003 iter=250/2500 loss=8.233
  derivmatch lr=0.003 iter=375/2500 loss=7.916
  derivmatch lr=0.003 iter=500/2500 loss=7.285
  derivmatch lr=0.003 iter=625/2500 loss=5.33
  derivmatch lr=0.003 iter=750/2500 loss=8.978
  derivmatch lr=0.003 iter=875/2500 loss=8.108
  derivmatch lr=0.003 iter=1000/2500 loss=7.405
  derivmatch lr=0.003 iter=1125/2500 loss=6.815
  derivmatch lr=0.003 iter=1250/2500 loss=5.316
  derivmatch lr=0.003 iter=1375/2500 loss=5.116
  derivmatch lr=0.003 iter=1500/2500 loss=4.975
  derivmatch lr=0.003 iter=1625/2500 loss=4.849
  derivmatch lr=0.003 iter=1750/2500 loss=7.667
  derivmatch lr=0.003 iter=1875/2500 loss=5.61
  derivmatch lr=0.003 iter=2000/2500 loss=7.951
  derivmatch lr=0.003 iter=2125/2500 loss=7.375
  derivmatch lr=0.003 iter=2250/2500 loss=5.248
  derivmatch lr=0.003 iter=2375/2500 loss=5.911
  derivmatch lr=0.003 iter=2500/2500 loss=8.544
  derivmatch lr=0.003 iter=2500/2500 loss=4.81
  derivmatch lr=0.001 iter=125/2500 loss=6.056
  derivmatch lr=0.001 iter=250/2500 loss=4.814
  derivmatch lr=0.001 iter=375/2500 loss=4.779
  derivmatch lr=0.001 iter=500/2500 loss=4.729
  derivmatch lr=0.001 iter=625/2500 loss=4.631
  derivmatch lr=0.001 iter=750/2500 loss=4.574
  derivmatch lr=0.001 iter=875/2500 loss=4.523
  derivmatch lr=0.001 iter=1000/2500 loss=4.473
  derivmatch lr=0.001 iter=1125/2500 loss=4.427
  derivmatch lr=0.001 iter=1250/2500 loss=6.864
  derivmatch lr=0.001 iter=1375/2500 loss=5.301
  derivmatch lr=0.001 iter=1500/2500 loss=7.082
  derivmatch lr=0.001 iter=1625/2500 loss=6.561
  derivmatch lr=0.001 iter=1750/2500 loss=5.354
  derivmatch lr=0.001 iter=1875/2500 loss=4.64
  derivmatch lr=0.001 iter=2000/2500 loss=4.599
  derivmatch lr=0.001 iter=2125/2500 loss=4.55
  derivmatch lr=0.001 iter=2250/2500 loss=4.353
  derivmatch lr=0.001 iter=2375/2500 loss=5.316
  derivmatch lr=0.001 iter=2500/2500 loss=5.339
  derivmatch lr=0.001 iter=2500/2500 loss=4.346
  derivmatch lr=0.0003 iter=80/1600 loss=4.956
  derivmatch lr=0.0003 iter=160/1600 loss=4.231
  derivmatch lr=0.0003 iter=240/1600 loss=4.181
  derivmatch lr=0.0003 iter=320/1600 loss=4.168
  derivmatch lr=0.0003 iter=400/1600 loss=4.155
  derivmatch lr=0.0003 iter=480/1600 loss=4.144
  derivmatch lr=0.0003 iter=560/1600 loss=4.133
  derivmatch lr=0.0003 iter=640/1600 loss=4.124
  derivmatch lr=0.0003 iter=720/1600 loss=4.115
  derivmatch lr=0.0003 iter=800/1600 loss=4.107
  derivmatch lr=0.0003 iter=880/1600 loss=4.1
  derivmatch lr=0.0003 iter=960/1600 loss=5.96
  derivmatch lr=0.0003 iter=1040/1600 loss=4.496
  derivmatch lr=0.0003 iter=1120/1600 loss=4.427
  derivmatch lr=0.0003 iter=1200/1600 loss=4.396
  derivmatch lr=0.0003 iter=1280/1600 loss=4.356
  derivmatch lr=0.0003 iter=1360/1600 loss=4.288
  derivmatch lr=0.0003 iter=1440/1600 loss=4.271
  derivmatch lr=0.0003 iter=1520/1600 loss=4.254
  derivmatch lr=0.0003 iter=1600/1600 loss=4.238
  derivmatch lr=0.0003 iter=1600/1600 loss=4.09
derivative matching [28s]  fitloss=4.09
  [derivative matching]  nrmse=7.554  l2=0.07064
  shooting iter=50/1000 loss=0.2009
  shooting iter=100/1000 loss=0.1747
  shooting iter=150/1000 loss=0.1694
  shooting iter=200/1000 loss=0.1652
  shooting iter=250/1000 loss=0.1602
  shooting iter=300/1000 loss=0.1549
  shooting iter=350/1000 loss=0.1528
  shooting iter=400/1000 loss=0.1509
  shooting iter=450/1000 loss=0.1499
  shooting iter=500/1000 loss=0.1483
  shooting iter=550/1000 loss=0.1459
  shooting iter=600/1000 loss=0.1444
  shooting iter=650/1000 loss=0.1398
  shooting iter=700/1000 loss=0.139
  shooting iter=750/1000 loss=0.1362
  shooting iter=800/1000 loss=0.1338
  shooting iter=850/1000 loss=0.1336
  shooting iter=900/1000 loss=0.1265
  shooting iter=950/1000 loss=0.1223
  shooting iter=1000/1000 loss=0.119
  shooting iter=1000/1000 loss=0.1163
shooting [549s]  loss=0.116
  [final]  nrmse=0.2449  l2=0.3482
extrapolation window: T=1000.0 -> T_test=1.0e12  n_test=100
  [train]  E_traj=0.1667  E_VF=27.3  E_spec=1.003e24
  [test ]  E_traj=NaN  E_VF=NaN  E_spec=NaN
saved /orcd/home/002/txenakis/projects/BVPsolver/src/../data/runs/run_YR5GdYEZ/rober_fit.png
saved /orcd/home/002/txenakis/projects/BVPsolver/src/../data/runs/run_YR5GdYEZ/rober_fit_extrapolated.png
saved /orcd/home/002/txenakis/projects/BVPsolver/src/../data/runs/run_YR5GdYEZ/rober_spectral_fit_extrapolated.png
saved /orcd/home/002/txenakis/projects/BVPsolver/src/../data/runs/run_YR5GdYEZ/rober_vf_fit_extrapolated.png
┌ Warning: Attempting to store StiffNN.var"#12#13"{Float64, Float64, Float64}.
│ JLD2 only stores functions by name.
│  This may not be useful for anonymous functions.
└ @ JLD2 ~/.julia/packages/JLD2/ADycq/src/data/writing_datatypes.jl:447
saved run → /orcd/home/002/txenakis/projects/BVPsolver/src/../data/runs/run_YR5GdYEZ
--------------------------------------
Done: Wed Sep 23 09:34:48 EDT 2026
