Task 151/200: --problem dahlquist --param -1000 --model GELU-scaled --profile fast --seed 801 --pretraining derivmatch --training none
Logging to /home/txenakis/projects/BVPsolver/logs/run_main_23927197_151.log
dahlquist  model=GELU-scaled width=5 d=1 tlen=50 profile=fast seed=801  solver=Rodas5  N=166
  derivmatch lr=0.01 iter=170/3400 loss=0.1273
  derivmatch lr=0.01 iter=340/3400 loss=0.02697
  derivmatch lr=0.01 iter=510/3400 loss=0.02168
  derivmatch lr=0.01 iter=680/3400 loss=0.02001
  derivmatch lr=0.01 iter=850/3400 loss=0.01864
  derivmatch lr=0.01 iter=1020/3400 loss=0.01745
  derivmatch lr=0.01 iter=1190/3400 loss=0.0164
  derivmatch lr=0.01 iter=1360/3400 loss=0.01545
  derivmatch lr=0.01 iter=1530/3400 loss=0.01455
  derivmatch lr=0.01 iter=1700/3400 loss=0.0137
  derivmatch lr=0.01 iter=1870/3400 loss=0.01289
  derivmatch lr=0.01 iter=2040/3400 loss=0.0121
  derivmatch lr=0.01 iter=2210/3400 loss=0.01132
  derivmatch lr=0.01 iter=2380/3400 loss=0.01056
  derivmatch lr=0.01 iter=2550/3400 loss=0.009788
  derivmatch lr=0.01 iter=2720/3400 loss=0.009006
  derivmatch lr=0.01 iter=2890/3400 loss=0.008204
  derivmatch lr=0.01 iter=3060/3400 loss=0.007378
  derivmatch lr=0.01 iter=3230/3400 loss=0.006538
  derivmatch lr=0.01 iter=3400/3400 loss=0.005706
  derivmatch lr=0.01 iter=3400/3400 loss=0.005706
  derivmatch lr=0.003 iter=125/2500 loss=0.003168
  derivmatch lr=0.003 iter=250/2500 loss=0.002099
  derivmatch lr=0.003 iter=375/2500 loss=0.1779
  derivmatch lr=0.003 iter=500/2500 loss=0.002346
  derivmatch lr=0.003 iter=625/2500 loss=0.003477
  derivmatch lr=0.003 iter=750/2500 loss=0.002435
  derivmatch lr=0.003 iter=875/2500 loss=0.001821
  derivmatch lr=0.003 iter=1000/2500 loss=0.002164
  derivmatch lr=0.003 iter=1125/2500 loss=0.001747
  derivmatch lr=0.003 iter=1250/2500 loss=0.001856
  derivmatch lr=0.003 iter=1375/2500 loss=0.00171
  derivmatch lr=0.003 iter=1500/2500 loss=0.001429
  derivmatch lr=0.003 iter=1625/2500 loss=0.003577
  derivmatch lr=0.003 iter=1750/2500 loss=0.003097
  derivmatch lr=0.003 iter=1875/2500 loss=0.00684
  derivmatch lr=0.003 iter=2000/2500 loss=0.00297
  derivmatch lr=0.003 iter=2125/2500 loss=0.003503
  derivmatch lr=0.003 iter=2250/2500 loss=0.003364
  derivmatch lr=0.003 iter=2375/2500 loss=0.002144
  derivmatch lr=0.003 iter=2500/2500 loss=0.006749
  derivmatch lr=0.003 iter=2500/2500 loss=0.0009645
  derivmatch lr=0.001 iter=125/2500 loss=0.00155
  derivmatch lr=0.001 iter=250/2500 loss=0.001156
  derivmatch lr=0.001 iter=375/2500 loss=0.0009442
  derivmatch lr=0.001 iter=500/2500 loss=0.0008187
  derivmatch lr=0.001 iter=625/2500 loss=0.0007415
  derivmatch lr=0.001 iter=750/2500 loss=0.0006831
  derivmatch lr=0.001 iter=875/2500 loss=0.0006358
  derivmatch lr=0.001 iter=1000/2500 loss=0.0005964
  derivmatch lr=0.001 iter=1125/2500 loss=0.0005631
  derivmatch lr=0.001 iter=1250/2500 loss=0.001557
  derivmatch lr=0.001 iter=1375/2500 loss=0.0006389
  derivmatch lr=0.001 iter=1500/2500 loss=0.000573
  derivmatch lr=0.001 iter=1625/2500 loss=0.0005356
  derivmatch lr=0.001 iter=1750/2500 loss=0.0005087
  derivmatch lr=0.001 iter=1875/2500 loss=0.0005355
  derivmatch lr=0.001 iter=2000/2500 loss=0.0005435
  derivmatch lr=0.001 iter=2125/2500 loss=0.0005007
  derivmatch lr=0.001 iter=2250/2500 loss=0.000477
  derivmatch lr=0.001 iter=2375/2500 loss=0.0004994
  derivmatch lr=0.001 iter=2500/2500 loss=0.0004666
  derivmatch lr=0.001 iter=2500/2500 loss=0.0004666
  derivmatch lr=0.0003 iter=80/1600 loss=0.0004669
  derivmatch lr=0.0003 iter=160/1600 loss=0.0004636
  derivmatch lr=0.0003 iter=240/1600 loss=0.0004599
  derivmatch lr=0.0003 iter=320/1600 loss=0.0004559
  derivmatch lr=0.0003 iter=400/1600 loss=0.0004516
  derivmatch lr=0.0003 iter=480/1600 loss=0.0004473
  derivmatch lr=0.0003 iter=560/1600 loss=0.0004429
  derivmatch lr=0.0003 iter=640/1600 loss=0.0004386
  derivmatch lr=0.0003 iter=720/1600 loss=0.0004343
  derivmatch lr=0.0003 iter=800/1600 loss=0.0004301
  derivmatch lr=0.0003 iter=880/1600 loss=0.000426
  derivmatch lr=0.0003 iter=960/1600 loss=0.0004219
  derivmatch lr=0.0003 iter=1040/1600 loss=0.0004179
  derivmatch lr=0.0003 iter=1120/1600 loss=0.000414
  derivmatch lr=0.0003 iter=1200/1600 loss=0.0004101
  derivmatch lr=0.0003 iter=1280/1600 loss=0.0004061
  derivmatch lr=0.0003 iter=1360/1600 loss=0.0006814
  derivmatch lr=0.0003 iter=1440/1600 loss=0.0004023
  derivmatch lr=0.0003 iter=1520/1600 loss=0.0003991
  derivmatch lr=0.0003 iter=1600/1600 loss=0.0003961
  derivmatch lr=0.0003 iter=1600/1600 loss=0.0003961
derivative matching [25s]  fitloss=0.000396
  [derivative matching]  nrmse=0.003037  l2=0.02147
  trajectory_parameter_sensitivity_rms = 0.3478
extrapolation window: T=1.0 -> T_test=2.0  n_test=100
  [train]  E_traj=5.924e-5  E_VF=0.0006411  E_spec=0.01798
  [test ]  E_traj=1.405e28  E_VF=1.8550000000000001e28  E_spec=0.02253
saved /orcd/home/002/txenakis/projects/BVPsolver/src/../data/runs/run_dslVYlZD/dahlquist_fit.png
saved /orcd/home/002/txenakis/projects/BVPsolver/src/../data/runs/run_dslVYlZD/dahlquist_fit_extrapolated.png
saved /orcd/home/002/txenakis/projects/BVPsolver/src/../data/runs/run_dslVYlZD/dahlquist_spectral_fit_extrapolated.png
saved /orcd/home/002/txenakis/projects/BVPsolver/src/../data/runs/run_dslVYlZD/dahlquist_vf_fit_extrapolated.png
┌ Warning: Attempting to store StiffNN.var"#25#26"{Float64}.
│ JLD2 only stores functions by name.
│  This may not be useful for anonymous functions.
└ @ JLD2 ~/.julia/packages/JLD2/ADycq/src/data/writing_datatypes.jl:447
saved run → /orcd/home/002/txenakis/projects/BVPsolver/src/../data/runs/run_dslVYlZD
--------------------------------------
Done: Fri Sep 25 16:25:30 EDT 2026
