Task 1753/1800: --problem davis-skodje --model GELU-scaled --profile fast --seed 103 --pretraining derivmatch --training collocation
Logging to /home/txenakis/projects/BVPsolver/logs/run_main_23640313_1753.log
davis-skodje  model=GELU-scaled width=7 d=2 tlen=300 profile=fast seed=103  solver=Rodas5P  N=317
  derivmatch lr=0.01 iter=170/3400 loss=1.501
  derivmatch lr=0.01 iter=340/3400 loss=0.1449
  derivmatch lr=0.01 iter=510/3400 loss=0.04962
  derivmatch lr=0.01 iter=680/3400 loss=0.0267
  derivmatch lr=0.01 iter=850/3400 loss=0.01776
  derivmatch lr=0.01 iter=1020/3400 loss=0.02511
  derivmatch lr=0.01 iter=1190/3400 loss=0.01565
  derivmatch lr=0.01 iter=1360/3400 loss=0.02527
  derivmatch lr=0.01 iter=1530/3400 loss=0.01687
  derivmatch lr=0.01 iter=1700/3400 loss=0.01405
  derivmatch lr=0.01 iter=1870/3400 loss=0.01328
  derivmatch lr=0.01 iter=2040/3400 loss=2.697
  derivmatch lr=0.01 iter=2210/3400 loss=1.396
  derivmatch lr=0.01 iter=2380/3400 loss=0.9457
  derivmatch lr=0.01 iter=2550/3400 loss=0.7619
  derivmatch lr=0.01 iter=2720/3400 loss=0.6466
  derivmatch lr=0.01 iter=2890/3400 loss=0.5475
  derivmatch lr=0.01 iter=3060/3400 loss=0.4132
  derivmatch lr=0.01 iter=3230/3400 loss=0.1862
  derivmatch lr=0.01 iter=3400/3400 loss=0.1213
  derivmatch lr=0.01 iter=3400/3400 loss=0.007167
  derivmatch lr=0.003 iter=125/2500 loss=0.003147
  derivmatch lr=0.003 iter=250/2500 loss=0.006684
  derivmatch lr=0.003 iter=375/2500 loss=0.003762
  derivmatch lr=0.003 iter=500/2500 loss=0.002999
  derivmatch lr=0.003 iter=625/2500 loss=0.003352
  derivmatch lr=0.003 iter=750/2500 loss=0.002972
  derivmatch lr=0.003 iter=875/2500 loss=0.003044
  derivmatch lr=0.003 iter=1000/2500 loss=0.002714
  derivmatch lr=0.003 iter=1125/2500 loss=0.002805
  derivmatch lr=0.003 iter=1250/2500 loss=0.002501
  derivmatch lr=0.003 iter=1375/2500 loss=0.002602
  derivmatch lr=0.003 iter=1500/2500 loss=0.002323
  derivmatch lr=0.003 iter=1625/2500 loss=0.002429
  derivmatch lr=0.003 iter=1750/2500 loss=0.002173
  derivmatch lr=0.003 iter=1875/2500 loss=0.002283
  derivmatch lr=0.003 iter=2000/2500 loss=0.002047
  derivmatch lr=0.003 iter=2125/2500 loss=0.00216
  derivmatch lr=0.003 iter=2250/2500 loss=0.001944
  derivmatch lr=0.003 iter=2375/2500 loss=0.002058
  derivmatch lr=0.003 iter=2500/2500 loss=0.001859
  derivmatch lr=0.003 iter=2500/2500 loss=0.001859
  derivmatch lr=0.001 iter=125/2500 loss=0.0004632
  derivmatch lr=0.001 iter=250/2500 loss=0.0004042
  derivmatch lr=0.001 iter=375/2500 loss=0.0003782
  derivmatch lr=0.001 iter=500/2500 loss=0.0003569
  derivmatch lr=0.001 iter=625/2500 loss=0.0003371
  derivmatch lr=0.001 iter=750/2500 loss=0.0004401
  derivmatch lr=0.001 iter=875/2500 loss=0.001169
  derivmatch lr=0.001 iter=1000/2500 loss=0.0009709
  derivmatch lr=0.001 iter=1125/2500 loss=0.0006899
  derivmatch lr=0.001 iter=1250/2500 loss=0.0004103
  derivmatch lr=0.001 iter=1375/2500 loss=0.0003562
  derivmatch lr=0.001 iter=1500/2500 loss=0.0002624
  derivmatch lr=0.001 iter=1625/2500 loss=0.0007674
  derivmatch lr=0.001 iter=1750/2500 loss=0.0003856
  derivmatch lr=0.001 iter=1875/2500 loss=0.0002279
  derivmatch lr=0.001 iter=2000/2500 loss=0.0002891
  derivmatch lr=0.001 iter=2125/2500 loss=0.0003342
  derivmatch lr=0.001 iter=2250/2500 loss=0.000375
  derivmatch lr=0.001 iter=2375/2500 loss=0.001024
  derivmatch lr=0.001 iter=2500/2500 loss=0.000407
  derivmatch lr=0.001 iter=2500/2500 loss=0.0001823
  derivmatch lr=0.0003 iter=80/1600 loss=0.0001866
  derivmatch lr=0.0003 iter=160/1600 loss=0.0001809
  derivmatch lr=0.0003 iter=240/1600 loss=0.0001793
  derivmatch lr=0.0003 iter=320/1600 loss=0.0001778
  derivmatch lr=0.0003 iter=400/1600 loss=0.0001764
  derivmatch lr=0.0003 iter=480/1600 loss=0.0001749
  derivmatch lr=0.0003 iter=560/1600 loss=0.0001733
  derivmatch lr=0.0003 iter=640/1600 loss=0.0001716
  derivmatch lr=0.0003 iter=720/1600 loss=0.0001698
  derivmatch lr=0.0003 iter=800/1600 loss=0.000168
  derivmatch lr=0.0003 iter=880/1600 loss=0.0001661
  derivmatch lr=0.0003 iter=960/1600 loss=0.0001641
  derivmatch lr=0.0003 iter=1040/1600 loss=0.0001621
  derivmatch lr=0.0003 iter=1120/1600 loss=0.00016
  derivmatch lr=0.0003 iter=1200/1600 loss=0.0001579
  derivmatch lr=0.0003 iter=1280/1600 loss=0.0001557
  derivmatch lr=0.0003 iter=1360/1600 loss=0.0001536
  derivmatch lr=0.0003 iter=1440/1600 loss=0.0001513
  derivmatch lr=0.0003 iter=1520/1600 loss=0.0001491
  derivmatch lr=0.0003 iter=1600/1600 loss=0.0001692
  derivmatch lr=0.0003 iter=1600/1600 loss=0.0001482
derivative matching [28s]  fitloss=0.000148
  [derivative matching]  nrmse=0.0007913  l2=0.02566
  collocation: M=300 residuals=2394  detecting sparsity + solving...

Algorithm: LevenbergMarquardt(
    trustregion = LevenbergMarquardtTrustRegion(
        β_uphill = 0.0
    ),
    descent = GeodesicAcceleration(
        descent = DampedNewtonDescent(
            linsolve = KLUFactorization(
                reuse_symbolic = true,
                check_pattern = true
            ),
            initial_damping = 1.0,
            damping_fn = LevenbergMarquardtDampingFunction(
                increase_factor = 2.0,
                decrease_factor = 3.0,
                min_damping = 1.0e-8
            ),
            min_norm_mode = :auto
        ),
        finite_diff_step_geodesic = 0.1,
        α = 0.75
    ),
    autodiff = AutoForwardDiff(),
    vjp_autodiff = AutoFiniteDiff(
        fdtype = Val{:forward}(),
        fdjtype = Val{:forward}(),
        fdhtype = Val{:hcentral}(),
        dir = true
    ),
    jvp_autodiff = AutoForwardDiff(),
    concrete_jac = Val{true}()
)

----    	-------------       	-----------         
Iter    	f(u) 2-norm         	Step 2-norm         
----    	-------------       	-----------         
0       	2.96953999e+01      	9.43874418e-316     
1       	2.96953999e+01      	0.00000000e+00      
8       	4.85471752e+00      	2.10888191e+00      
15      	1.69486716e-02      	4.16321206e-02      
22      	1.30750990e-03      	2.03454518e-01      
29      	1.09923316e-03      	2.74049058e-01      
36      	1.03274756e-03      	0.00000000e+00      
43      	9.99055012e-04      	1.42721689e-01      
50      	9.64558342e-04      	0.00000000e+00      
57      	9.41736288e-04      	4.18025241e-01      
64      	9.58309692e-04      	6.96042980e-01      
71      	9.52638098e-04      	7.53652763e-01      
78      	9.08600932e-04      	3.82650079e-01      
85      	2.49714055e-02      	5.25144276e+00      
92      	1.66584268e-02      	0.00000000e+00      
99      	3.66346550e-01      	0.00000000e+00      
106     	2.02598837e+00      	3.60248042e+00      
113     	3.21557027e-01      	0.00000000e+00      
120     	7.67393181e-02      	0.00000000e+00      
127     	8.01175238e-02      	1.06270749e+00      
134     	3.06831658e-01      	1.24380819e+00      
141     	1.76482842e-01      	0.00000000e+00      
148     	1.48465806e-02      	0.00000000e+00      
Final   	7.87847534e-04      
----------------------      
  AMR 1/3: M=300  err=2.88e-8  obs=8.79e-6  nrmse=0.000778  best=0.000778  refined=8
  collocation: M=308 residuals=2442  detecting sparsity + solving...

Algorithm: LevenbergMarquardt(
    trustregion = LevenbergMarquardtTrustRegion(
        β_uphill = 0.0
    ),
    descent = GeodesicAcceleration(
        descent = DampedNewtonDescent(
            linsolve = KLUFactorization(
                reuse_symbolic = true,
                check_pattern = true
            ),
            initial_damping = 1.0,
            damping_fn = LevenbergMarquardtDampingFunction(
                increase_factor = 2.0,
                decrease_factor = 3.0,
                min_damping = 1.0e-8
            ),
            min_norm_mode = :auto
        ),
        finite_diff_step_geodesic = 0.1,
        α = 0.75
    ),
    autodiff = AutoForwardDiff(),
    vjp_autodiff = AutoFiniteDiff(
        fdtype = Val{:forward}(),
        fdjtype = Val{:forward}(),
        fdhtype = Val{:hcentral}(),
        dir = true
    ),
    jvp_autodiff = AutoForwardDiff(),
    concrete_jac = Val{true}()
)

----    	-------------       	-----------         
Iter    	f(u) 2-norm         	Step 2-norm         
----    	-------------       	-----------         
0       	2.59754193e+01      	NaN                 
1       	2.59754193e+01      	0.00000000e+00      
8       	1.09855570e+01      	1.53759687e+00      
15      	7.83612616e-02      	1.53884167e-01      
22      	3.65543208e-02      	3.39997329e+00      
29      	3.45271335e+00      	0.00000000e+00      
36      	1.68554133e-01      	0.00000000e+00      
43      	2.28406869e-01      	0.00000000e+00      
50      	7.65432043e-01      	0.00000000e+00      
57      	2.65091416e-02      	8.09819724e-02      
64      	1.16645029e+00      	0.00000000e+00      
71      	3.46182198e-02      	2.87097285e-01      
78      	7.26044693e-03      	8.55795102e-02      
85      	1.96221886e-02      	1.45407988e-01      
92      	2.73113459e-02      	0.00000000e+00      
99      	1.84511509e-01      	9.02905377e-01      
106     	1.84511509e-01      	0.00000000e+00      
113     	1.13244748e-02      	0.00000000e+00      
120     	2.32966002e-02      	0.00000000e+00      
127     	2.61412159e-04      	3.48174048e-02      
134     	1.35333847e+00      	0.00000000e+00      
141     	1.35333847e+00      	0.00000000e+00      
148     	4.19608760e-02      	0.00000000e+00      
Final   	1.18043657e-04      
----------------------      
  AMR 2/3: M=308  err=5.57e-10  obs=1.79e-6  nrmse=0.000127  best=0.000127  refined=10
  collocation: M=318 residuals=2502  detecting sparsity + solving...

Algorithm: LevenbergMarquardt(
    trustregion = LevenbergMarquardtTrustRegion(
        β_uphill = 0.0
    ),
    descent = GeodesicAcceleration(
        descent = DampedNewtonDescent(
            linsolve = KLUFactorization(
                reuse_symbolic = true,
                check_pattern = true
            ),
            initial_damping = 1.0,
            damping_fn = LevenbergMarquardtDampingFunction(
                increase_factor = 2.0,
                decrease_factor = 3.0,
                min_damping = 1.0e-8
            ),
            min_norm_mode = :auto
        ),
        finite_diff_step_geodesic = 0.1,
        α = 0.75
    ),
    autodiff = AutoForwardDiff(),
    vjp_autodiff = AutoFiniteDiff(
        fdtype = Val{:forward}(),
        fdjtype = Val{:forward}(),
        fdhtype = Val{:hcentral}(),
        dir = true
    ),
    jvp_autodiff = AutoForwardDiff(),
    concrete_jac = Val{true}()
)

----    	-------------       	-----------         
Iter    	f(u) 2-norm         	Step 2-norm         
----    	-------------       	-----------         
0       	2.46033998e+01      	1.45295616e-315     
1       	1.12348178e+01      	1.80900217e-01      
8       	5.99126661e-02      	8.08013448e-03      
15      	3.18415090e-03      	6.85335434e-03      
22      	2.28842184e-04      	9.08207816e-02      
29      	1.17715887e-01      	1.73658491e+00      
36      	1.26377287e+00      	0.00000000e+00      
43      	2.20809779e-01      	0.00000000e+00      
50      	5.49438721e-02      	0.00000000e+00      
57      	6.26075935e-02      	0.00000000e+00      
64      	1.31553622e-04      	2.15096381e-01      
71      	1.73205453e-02      	0.00000000e+00      
78      	1.23332468e-05      	3.65979231e-02      
85      	3.22975680e-05      	5.48232291e-02      
92      	1.28150704e-04      	8.86792508e-02      
99      	4.87843025e-04      	1.26817400e-01      
106     	1.01839203e-03      	1.83647650e-01      
113     	3.20263307e-02      	0.00000000e+00      
120     	1.91384107e-04      	0.00000000e+00      
127     	6.20919288e-04      	1.01957887e-01      
134     	6.10002858e-03      	0.00000000e+00      
141     	1.18158650e-01      	0.00000000e+00      
148     	1.13573042e-03      	0.00000000e+00      
Final   	1.23332468e-05      
----------------------      
  AMR 3/3: M=318  err=5.02e-12  obs=1.73e-7  nrmse=1.23e-6  best=1.23e-6  refined=0
collocation [173s]
  [final]  nrmse=1.227e-6  l2=4.301e-5
extrapolation window: T=15.0 -> T_test=30.0  n_test=600
  [train]  E_traj=3.052e-12  E_VF=1.28e-6  E_spec=0.4025
  [test ]  E_traj=6514.0  E_VF=14.92  E_spec=0.9441
saved /orcd/home/002/txenakis/projects/BVPsolver/src/../data/runs/run_oSfd7jg0/davis-skodje_fit.png
saved /orcd/home/002/txenakis/projects/BVPsolver/src/../data/runs/run_oSfd7jg0/davis-skodje_fit_extrapolated.png
saved /orcd/home/002/txenakis/projects/BVPsolver/src/../data/runs/run_oSfd7jg0/davis-skodje_spectral_fit_extrapolated.png
saved /orcd/home/002/txenakis/projects/BVPsolver/src/../data/runs/run_oSfd7jg0/davis-skodje_vf_fit_extrapolated.png
┌ Warning: Attempting to store StiffNN.var"#22#23"{Float64}.
│ JLD2 only stores functions by name.
│  This may not be useful for anonymous functions.
└ @ JLD2 ~/.julia/packages/JLD2/ADycq/src/data/writing_datatypes.jl:447
saved run → /orcd/home/002/txenakis/projects/BVPsolver/src/../data/runs/run_oSfd7jg0
--------------------------------------
Done: Thu Sep 24 06:56:42 EDT 2026
