Task 812/1800: --problem vanderpol --model GELU-scaled --profile fast --seed 112 --pretraining derivmatch --training shooting
Logging to /home/txenakis/projects/BVPsolver/logs/run_main_23553922_812.log
vanderpol  model=GELU-scaled width=7 d=2 tlen=151 profile=fast seed=112  solver=Kvaerno5  N=317
  derivmatch lr=0.01 iter=170/3400 loss=3.274
  derivmatch lr=0.01 iter=340/3400 loss=2.357
  derivmatch lr=0.01 iter=510/3400 loss=1.842
  derivmatch lr=0.01 iter=680/3400 loss=1.253
  derivmatch lr=0.01 iter=850/3400 loss=1.172
  derivmatch lr=0.01 iter=1020/3400 loss=0.9728
  derivmatch lr=0.01 iter=1190/3400 loss=0.6272
  derivmatch lr=0.01 iter=1360/3400 loss=1.095
  derivmatch lr=0.01 iter=1530/3400 loss=2.198
  derivmatch lr=0.01 iter=1700/3400 loss=1.879
  derivmatch lr=0.01 iter=1870/3400 loss=1.427
  derivmatch lr=0.01 iter=2040/3400 loss=1.276
  derivmatch lr=0.01 iter=2210/3400 loss=1.266
  derivmatch lr=0.01 iter=2380/3400 loss=0.4684
  derivmatch lr=0.01 iter=2550/3400 loss=0.3453
  derivmatch lr=0.01 iter=2720/3400 loss=0.2734
  derivmatch lr=0.01 iter=2890/3400 loss=0.2238
  derivmatch lr=0.01 iter=3060/3400 loss=0.1861
  derivmatch lr=0.01 iter=3230/3400 loss=0.1556
  derivmatch lr=0.01 iter=3400/3400 loss=0.1258
  derivmatch lr=0.01 iter=3400/3400 loss=0.1245
  derivmatch lr=0.003 iter=125/2500 loss=0.1217
  derivmatch lr=0.003 iter=250/2500 loss=0.1149
  derivmatch lr=0.003 iter=375/2500 loss=0.1102
  derivmatch lr=0.003 iter=500/2500 loss=0.1051
  derivmatch lr=0.003 iter=625/2500 loss=0.1001
  derivmatch lr=0.003 iter=750/2500 loss=0.09512
  derivmatch lr=0.003 iter=875/2500 loss=0.09016
  derivmatch lr=0.003 iter=1000/2500 loss=0.08528
  derivmatch lr=0.003 iter=1125/2500 loss=0.08043
  derivmatch lr=0.003 iter=1250/2500 loss=0.07563
  derivmatch lr=0.003 iter=1375/2500 loss=0.07193
  derivmatch lr=0.003 iter=1500/2500 loss=0.06826
  derivmatch lr=0.003 iter=1625/2500 loss=0.06259
  derivmatch lr=0.003 iter=1750/2500 loss=0.05979
  derivmatch lr=0.003 iter=1875/2500 loss=0.05509
  derivmatch lr=0.003 iter=2000/2500 loss=0.05245
  derivmatch lr=0.003 iter=2125/2500 loss=0.04802
  derivmatch lr=0.003 iter=2250/2500 loss=0.04515
  derivmatch lr=0.003 iter=2375/2500 loss=0.04225
  derivmatch lr=0.003 iter=2500/2500 loss=0.03933
  derivmatch lr=0.003 iter=2500/2500 loss=0.03933
  derivmatch lr=0.001 iter=125/2500 loss=0.03306
  derivmatch lr=0.001 iter=250/2500 loss=0.02924
  derivmatch lr=0.001 iter=375/2500 loss=0.02657
  derivmatch lr=0.001 iter=500/2500 loss=0.02442
  derivmatch lr=0.001 iter=625/2500 loss=0.02251
  derivmatch lr=0.001 iter=750/2500 loss=0.02073
  derivmatch lr=0.001 iter=875/2500 loss=0.01906
  derivmatch lr=0.001 iter=1000/2500 loss=0.01751
  derivmatch lr=0.001 iter=1125/2500 loss=0.0161
  derivmatch lr=0.001 iter=1250/2500 loss=0.01468
  derivmatch lr=0.001 iter=1375/2500 loss=0.01359
  derivmatch lr=0.001 iter=1500/2500 loss=0.01286
  derivmatch lr=0.001 iter=1625/2500 loss=0.01184
  derivmatch lr=0.001 iter=1750/2500 loss=0.01111
  derivmatch lr=0.001 iter=1875/2500 loss=0.01065
  derivmatch lr=0.001 iter=2000/2500 loss=0.009816
  derivmatch lr=0.001 iter=2125/2500 loss=0.009217
  derivmatch lr=0.001 iter=2250/2500 loss=0.00857
  derivmatch lr=0.001 iter=2375/2500 loss=0.007815
  derivmatch lr=0.001 iter=2500/2500 loss=0.007188
  derivmatch lr=0.001 iter=2500/2500 loss=0.007188
  derivmatch lr=0.0003 iter=80/1600 loss=0.007129
  derivmatch lr=0.0003 iter=160/1600 loss=0.007044
  derivmatch lr=0.0003 iter=240/1600 loss=0.006933
  derivmatch lr=0.0003 iter=320/1600 loss=0.006824
  derivmatch lr=0.0003 iter=400/1600 loss=0.006681
  derivmatch lr=0.0003 iter=480/1600 loss=0.006548
  derivmatch lr=0.0003 iter=560/1600 loss=0.006421
  derivmatch lr=0.0003 iter=640/1600 loss=0.006285
  derivmatch lr=0.0003 iter=720/1600 loss=0.006155
  derivmatch lr=0.0003 iter=800/1600 loss=0.005995
  derivmatch lr=0.0003 iter=880/1600 loss=0.005856
  derivmatch lr=0.0003 iter=960/1600 loss=0.005733
  derivmatch lr=0.0003 iter=1040/1600 loss=0.005622
  derivmatch lr=0.0003 iter=1120/1600 loss=0.005516
  derivmatch lr=0.0003 iter=1200/1600 loss=0.005415
  derivmatch lr=0.0003 iter=1280/1600 loss=0.005302
  derivmatch lr=0.0003 iter=1360/1600 loss=0.005208
  derivmatch lr=0.0003 iter=1440/1600 loss=0.00512
  derivmatch lr=0.0003 iter=1520/1600 loss=0.005034
  derivmatch lr=0.0003 iter=1600/1600 loss=0.00495
  derivmatch lr=0.0003 iter=1600/1600 loss=0.00495
derivative matching [26s]  fitloss=0.00495
  [derivative matching]  nrmse=0.3201  l2=325.2
  shooting iter=50/1000 loss=0.2619
  shooting iter=100/1000 loss=0.2569
  shooting iter=150/1000 loss=0.2569
  shooting iter=200/1000 loss=0.2569
  shooting iter=250/1000 loss=0.2569
  shooting iter=300/1000 loss=0.2569
  shooting iter=350/1000 loss=0.2569
  shooting iter=400/1000 loss=0.2569
  shooting iter=450/1000 loss=0.2569
  shooting iter=500/1000 loss=0.2569
  shooting iter=550/1000 loss=0.2569
  shooting iter=600/1000 loss=0.2569
  shooting iter=650/1000 loss=0.2569
  shooting iter=700/1000 loss=0.2569
  shooting iter=750/1000 loss=0.2569
  shooting iter=800/1000 loss=0.2569
  shooting iter=850/1000 loss=0.2569
  shooting iter=900/1000 loss=0.2569
  shooting iter=950/1000 loss=0.2569
  shooting iter=1000/1000 loss=0.2569
  shooting iter=1000/1000 loss=0.1826
shooting [461s]  loss=0.183
  [final]  nrmse=0.3201  l2=325.2
extrapolation window: T=200.0 -> T_test=400.0  n_test=302
  [train]  E_traj=1.107  E_VF=0.05331  E_spec=0.1935
  [test ]  E_traj=1.058  E_VF=2.998  E_spec=0.4502
saved /orcd/home/002/txenakis/projects/BVPsolver/src/../data/runs/run_gRIZeXKC/vanderpol_fit.png
saved /orcd/home/002/txenakis/projects/BVPsolver/src/../data/runs/run_gRIZeXKC/vanderpol_fit_extrapolated.png
saved /orcd/home/002/txenakis/projects/BVPsolver/src/../data/runs/run_gRIZeXKC/vanderpol_spectral_fit_extrapolated.png
saved /orcd/home/002/txenakis/projects/BVPsolver/src/../data/runs/run_gRIZeXKC/vanderpol_vf_fit_extrapolated.png
┌ Warning: Attempting to store StiffNN.var"#14#15"{Float64}.
│ JLD2 only stores functions by name.
│  This may not be useful for anonymous functions.
└ @ JLD2 ~/.julia/packages/JLD2/ADycq/src/data/writing_datatypes.jl:447
saved run → /orcd/home/002/txenakis/projects/BVPsolver/src/../data/runs/run_gRIZeXKC
--------------------------------------
Done: Wed Sep 23 12:15:39 EDT 2026
