Task 98/360: --problem rober --model mlp --profile fast --seed 28 --pretraining derivmatch --training collocation
Logging to /home/txenakis/projects/BVPsolver/logs/run_main_22227913_98.log
rober  model=mlp width=15 d=3 tlen=50 profile=fast seed=28  solver=Rodas5  N=348
  derivmatch lr=0.01 iter=170/3400 loss=38.53
  derivmatch lr=0.01 iter=340/3400 loss=39.49
  derivmatch lr=0.01 iter=510/3400 loss=46.07
  derivmatch lr=0.01 iter=680/3400 loss=40.75
  derivmatch lr=0.01 iter=850/3400 loss=41.33
  derivmatch lr=0.01 iter=1020/3400 loss=36.15
  derivmatch lr=0.01 iter=1190/3400 loss=44.22
  derivmatch lr=0.01 iter=1360/3400 loss=44.67
  derivmatch lr=0.01 iter=1530/3400 loss=42.5
  derivmatch lr=0.01 iter=1700/3400 loss=38.7
  derivmatch lr=0.01 iter=1870/3400 loss=41.58
  derivmatch lr=0.01 iter=2040/3400 loss=43.11
  derivmatch lr=0.01 iter=2210/3400 loss=34.99
  derivmatch lr=0.01 iter=2380/3400 loss=39.05
  derivmatch lr=0.01 iter=2550/3400 loss=32.27
  derivmatch lr=0.01 iter=2720/3400 loss=40.66
  derivmatch lr=0.01 iter=2890/3400 loss=38.75
  derivmatch lr=0.01 iter=3060/3400 loss=46.82
  derivmatch lr=0.01 iter=3230/3400 loss=43.05
  derivmatch lr=0.01 iter=3400/3400 loss=32.71
  derivmatch lr=0.01 iter=3400/3400 loss=21.26
  derivmatch lr=0.003 iter=125/2500 loss=29.35
  derivmatch lr=0.003 iter=250/2500 loss=36.82
  derivmatch lr=0.003 iter=375/2500 loss=35.86
  derivmatch lr=0.003 iter=500/2500 loss=34.51
  derivmatch lr=0.003 iter=625/2500 loss=26.97
  derivmatch lr=0.003 iter=750/2500 loss=31.56
  derivmatch lr=0.003 iter=875/2500 loss=44.69
  derivmatch lr=0.003 iter=1000/2500 loss=42.6
  derivmatch lr=0.003 iter=1125/2500 loss=39.04
  derivmatch lr=0.003 iter=1250/2500 loss=35.23
  derivmatch lr=0.003 iter=1375/2500 loss=31.79
  derivmatch lr=0.003 iter=1500/2500 loss=25.9
  derivmatch lr=0.003 iter=1625/2500 loss=23.9
  derivmatch lr=0.003 iter=1750/2500 loss=33.21
  derivmatch lr=0.003 iter=1875/2500 loss=30.91
  derivmatch lr=0.003 iter=2000/2500 loss=26.81
  derivmatch lr=0.003 iter=2125/2500 loss=31.03
  derivmatch lr=0.003 iter=2250/2500 loss=28.22
  derivmatch lr=0.003 iter=2375/2500 loss=27.86
  derivmatch lr=0.003 iter=2500/2500 loss=34.13
  derivmatch lr=0.003 iter=2500/2500 loss=17.82
  derivmatch lr=0.001 iter=125/2500 loss=18.02
  derivmatch lr=0.001 iter=250/2500 loss=23.47
  derivmatch lr=0.001 iter=375/2500 loss=23.12
  derivmatch lr=0.001 iter=500/2500 loss=24.13
  derivmatch lr=0.001 iter=625/2500 loss=30.97
  derivmatch lr=0.001 iter=750/2500 loss=29.19
  derivmatch lr=0.001 iter=875/2500 loss=26.39
  derivmatch lr=0.001 iter=1000/2500 loss=22.14
  derivmatch lr=0.001 iter=1125/2500 loss=21.68
  derivmatch lr=0.001 iter=1250/2500 loss=21.4
  derivmatch lr=0.001 iter=1375/2500 loss=21.94
  derivmatch lr=0.001 iter=1500/2500 loss=30.96
  derivmatch lr=0.001 iter=1625/2500 loss=27.83
  derivmatch lr=0.001 iter=1750/2500 loss=21.69
  derivmatch lr=0.001 iter=1875/2500 loss=18.04
  derivmatch lr=0.001 iter=2000/2500 loss=15.76
  derivmatch lr=0.001 iter=2125/2500 loss=32.06
  derivmatch lr=0.001 iter=2250/2500 loss=29.13
  derivmatch lr=0.001 iter=2375/2500 loss=25.65
  derivmatch lr=0.001 iter=2500/2500 loss=21.39
  derivmatch lr=0.001 iter=2500/2500 loss=12.77
  derivmatch lr=0.0003 iter=80/1600 loss=12.42
  derivmatch lr=0.0003 iter=160/1600 loss=12.25
  derivmatch lr=0.0003 iter=240/1600 loss=11.84
  derivmatch lr=0.0003 iter=320/1600 loss=11.74
  derivmatch lr=0.0003 iter=400/1600 loss=17.01
  derivmatch lr=0.0003 iter=480/1600 loss=21.78
  derivmatch lr=0.0003 iter=560/1600 loss=17.95
  derivmatch lr=0.0003 iter=640/1600 loss=15.77
  derivmatch lr=0.0003 iter=720/1600 loss=14.01
  derivmatch lr=0.0003 iter=800/1600 loss=13.34
  derivmatch lr=0.0003 iter=880/1600 loss=12.35
  derivmatch lr=0.0003 iter=960/1600 loss=11.13
  derivmatch lr=0.0003 iter=1040/1600 loss=10.15
  derivmatch lr=0.0003 iter=1120/1600 loss=22.06
  derivmatch lr=0.0003 iter=1200/1600 loss=19.63
  derivmatch lr=0.0003 iter=1280/1600 loss=18.76
  derivmatch lr=0.0003 iter=1360/1600 loss=17.54
  derivmatch lr=0.0003 iter=1440/1600 loss=16.18
  derivmatch lr=0.0003 iter=1520/1600 loss=14.92
  derivmatch lr=0.0003 iter=1600/1600 loss=13.05
  derivmatch lr=0.0003 iter=1600/1600 loss=9.036
derivative matching [30s]  fitloss=9.04
  [derivative matching]  nrmse=2112.0  l2=15.37
  collocation: M=54 residuals=627  detecting sparsity + solving...

Algorithm: LevenbergMarquardt(
    trustregion = LevenbergMarquardtTrustRegion(
        β_uphill = 0.0
    ),
    descent = GeodesicAcceleration(
        descent = DampedNewtonDescent(
            linsolve = KLUFactorization(
                reuse_symbolic = true,
                check_pattern = true
            ),
            initial_damping = 1.0,
            damping_fn = LevenbergMarquardtDampingFunction(
                increase_factor = 2.0,
                decrease_factor = 3.0,
                min_damping = 1.0e-8
            ),
            min_norm_mode = :auto
        ),
        finite_diff_step_geodesic = 0.1,
        α = 0.75
    ),
    autodiff = AutoForwardDiff(),
    vjp_autodiff = AutoFiniteDiff(
        fdtype = Val{:forward}(),
        fdjtype = Val{:forward}(),
        fdhtype = Val{:hcentral}(),
        dir = true
    ),
    jvp_autodiff = AutoForwardDiff(),
    concrete_jac = Val{true}()
)

----    	-------------       	-----------         
Iter    	f(u) 2-norm         	Step 2-norm         
----    	-------------       	-----------         
0       	3.34314370e+07      	NaN                 
1       	1.06467918e+07      	3.91663764e-02      
8       	1.48953889e+07      	2.46642853e-01      
15      	6.77227698e+08      	6.72875185e-01      
22      	9.32213526e+08      	9.00425434e-01      
29      	1.74398704e+07      	0.00000000e+00      
36      	2.69622401e+08      	0.00000000e+00      
43      	4.93878560e+08      	0.00000000e+00      
50      	1.84835197e+08      	0.00000000e+00      
57      	2.87935437e+07      	6.91721102e-01      
64      	2.75236718e+08      	0.00000000e+00      
71      	4.22106966e+08      	0.00000000e+00      
78      	3.01585322e+06      	5.07422427e-01      
85      	1.06843703e+06      	2.70792650e-01      
92      	1.04103136e+09      	1.01237111e+00      
99      	1.35351754e+07      	1.55115204e-01      
106     	4.19699338e+08      	0.00000000e+00      
113     	2.15546234e+08      	0.00000000e+00      
120     	2.44961012e+08      	0.00000000e+00      
127     	1.01448619e+08      	0.00000000e+00      
134     	1.90875714e+08      	0.00000000e+00      
141     	3.99033016e+08      	2.90260057e-01      
148     	7.15410361e+08      	0.00000000e+00      
Final   	1.06843703e+06      
----------------------      
  AMR 1/1: M=54  err=4.4e11  obs=1.24e-6  nrmse=0.323  best=0.323  refined=0
collocation [19s]
  [final]  nrmse=0.3225  l2=0.02299
extrapolation window: T=1000.0 -> T_test=1.0e12  n_test=100
  [train]  E_traj=0.2707  E_VF=0.3263  E_spec=7.518000000000001e28
  [test ]  E_traj=3.185e31  E_VF=2.614e17  E_spec=1.579e29
saved /orcd/home/002/txenakis/projects/BVPsolver/src/../data/runs/run_yoJWQQ0u/rober_fit.png
saved /orcd/home/002/txenakis/projects/BVPsolver/src/../data/runs/run_yoJWQQ0u/rober_fit_extrapolated.png
saved /orcd/home/002/txenakis/projects/BVPsolver/src/../data/runs/run_yoJWQQ0u/rober_spectral_fit_extrapolated.png
saved /orcd/home/002/txenakis/projects/BVPsolver/src/../data/runs/run_yoJWQQ0u/rober_vf_fit_extrapolated.png
┌ Warning: Attempting to store StiffNN.var"#12#13"{Float64, Float64, Float64}.
│ JLD2 only stores functions by name.
│  This may not be useful for anonymous functions.
└ @ JLD2 ~/.julia/packages/JLD2/ADycq/src/data/writing_datatypes.jl:447
saved run → /orcd/home/002/txenakis/projects/BVPsolver/src/../data/runs/run_yoJWQQ0u
--------------------------------------
Done: Mon Sep  7 19:08:20 EDT 2026
