Task 1073/1800: --problem hires --model mlp --profile fast --seed 123 --pretraining derivmatch --training collocation
Logging to /home/txenakis/projects/BVPsolver/logs/run_main_23553922_1073.log
hires  model=mlp width=21 d=8 tlen=50 profile=fast seed=123  solver=Rodas5  N=827
  derivmatch lr=0.01 iter=170/3400 loss=48.39
  derivmatch lr=0.01 iter=340/3400 loss=36.11
  derivmatch lr=0.01 iter=510/3400 loss=40.67
  derivmatch lr=0.01 iter=680/3400 loss=45.72
  derivmatch lr=0.01 iter=850/3400 loss=37.32
  derivmatch lr=0.01 iter=1020/3400 loss=27.84
  derivmatch lr=0.01 iter=1190/3400 loss=30.87
  derivmatch lr=0.01 iter=1360/3400 loss=28.28
  derivmatch lr=0.01 iter=1530/3400 loss=38.41
  derivmatch lr=0.01 iter=1700/3400 loss=36.37
  derivmatch lr=0.01 iter=1870/3400 loss=28.67
  derivmatch lr=0.01 iter=2040/3400 loss=24.83
  derivmatch lr=0.01 iter=2210/3400 loss=23.13
  derivmatch lr=0.01 iter=2380/3400 loss=22.34
  derivmatch lr=0.01 iter=2550/3400 loss=21.8
  derivmatch lr=0.01 iter=2720/3400 loss=18.26
  derivmatch lr=0.01 iter=2890/3400 loss=18.13
  derivmatch lr=0.01 iter=3060/3400 loss=16.37
  derivmatch lr=0.01 iter=3230/3400 loss=25.48
  derivmatch lr=0.01 iter=3400/3400 loss=17.52
  derivmatch lr=0.01 iter=3400/3400 loss=10.67
  derivmatch lr=0.003 iter=125/2500 loss=6.754
  derivmatch lr=0.003 iter=250/2500 loss=8.39
  derivmatch lr=0.003 iter=375/2500 loss=7.265
  derivmatch lr=0.003 iter=500/2500 loss=6.222
  derivmatch lr=0.003 iter=625/2500 loss=6.203
  derivmatch lr=0.003 iter=750/2500 loss=8.31
  derivmatch lr=0.003 iter=875/2500 loss=6.728
  derivmatch lr=0.003 iter=1000/2500 loss=6.313
  derivmatch lr=0.003 iter=1125/2500 loss=5.949
  derivmatch lr=0.003 iter=1250/2500 loss=7.147
  derivmatch lr=0.003 iter=1375/2500 loss=9.536
  derivmatch lr=0.003 iter=1500/2500 loss=4.374
  derivmatch lr=0.003 iter=1625/2500 loss=5.104
  derivmatch lr=0.003 iter=1750/2500 loss=7.244
  derivmatch lr=0.003 iter=1875/2500 loss=6.677
  derivmatch lr=0.003 iter=2000/2500 loss=5.463
  derivmatch lr=0.003 iter=2125/2500 loss=6.422
  derivmatch lr=0.003 iter=2250/2500 loss=4.433
  derivmatch lr=0.003 iter=2375/2500 loss=5.134
  derivmatch lr=0.003 iter=2500/2500 loss=5.97
  derivmatch lr=0.003 iter=2500/2500 loss=3.426
  derivmatch lr=0.001 iter=125/2500 loss=2.692
  derivmatch lr=0.001 iter=250/2500 loss=2.18
  derivmatch lr=0.001 iter=375/2500 loss=2.878
  derivmatch lr=0.001 iter=500/2500 loss=2.71
  derivmatch lr=0.001 iter=625/2500 loss=1.995
  derivmatch lr=0.001 iter=750/2500 loss=2.195
  derivmatch lr=0.001 iter=875/2500 loss=2.005
  derivmatch lr=0.001 iter=1000/2500 loss=2.167
  derivmatch lr=0.001 iter=1125/2500 loss=2.205
  derivmatch lr=0.001 iter=1250/2500 loss=2.68
  derivmatch lr=0.001 iter=1375/2500 loss=2.126
  derivmatch lr=0.001 iter=1500/2500 loss=2.308
  derivmatch lr=0.001 iter=1625/2500 loss=2.151
  derivmatch lr=0.001 iter=1750/2500 loss=1.938
  derivmatch lr=0.001 iter=1875/2500 loss=1.631
  derivmatch lr=0.001 iter=2000/2500 loss=2.402
  derivmatch lr=0.001 iter=2125/2500 loss=2.37
  derivmatch lr=0.001 iter=2250/2500 loss=2.087
  derivmatch lr=0.001 iter=2375/2500 loss=2.149
  derivmatch lr=0.001 iter=2500/2500 loss=2.565
  derivmatch lr=0.001 iter=2500/2500 loss=1.188
  derivmatch lr=0.0003 iter=80/1600 loss=0.7704
  derivmatch lr=0.0003 iter=160/1600 loss=0.8105
  derivmatch lr=0.0003 iter=240/1600 loss=0.8357
  derivmatch lr=0.0003 iter=320/1600 loss=0.7802
  derivmatch lr=0.0003 iter=400/1600 loss=0.6636
  derivmatch lr=0.0003 iter=480/1600 loss=0.7818
  derivmatch lr=0.0003 iter=560/1600 loss=0.7736
  derivmatch lr=0.0003 iter=640/1600 loss=0.7916
  derivmatch lr=0.0003 iter=720/1600 loss=0.8582
  derivmatch lr=0.0003 iter=800/1600 loss=0.7953
  derivmatch lr=0.0003 iter=880/1600 loss=0.6356
  derivmatch lr=0.0003 iter=960/1600 loss=0.7913
  derivmatch lr=0.0003 iter=1040/1600 loss=0.7083
  derivmatch lr=0.0003 iter=1120/1600 loss=0.5315
  derivmatch lr=0.0003 iter=1200/1600 loss=0.7826
  derivmatch lr=0.0003 iter=1280/1600 loss=0.6821
  derivmatch lr=0.0003 iter=1360/1600 loss=0.6733
  derivmatch lr=0.0003 iter=1440/1600 loss=0.6678
  derivmatch lr=0.0003 iter=1520/1600 loss=0.841
  derivmatch lr=0.0003 iter=1600/1600 loss=0.5222
  derivmatch lr=0.0003 iter=1600/1600 loss=0.4507
derivative matching [25s]  fitloss=0.451
  [derivative matching]  nrmse=55.15  l2=89.98
  collocation: M=75 residuals=2176  detecting sparsity + solving...

Algorithm: LevenbergMarquardt(
    trustregion = LevenbergMarquardtTrustRegion(
        β_uphill = 0.0
    ),
    descent = GeodesicAcceleration(
        descent = DampedNewtonDescent(
            linsolve = QRFactorization(
                pivot = NoPivot(),
                blocksize = 16,
                inplace = true
            ),
            initial_damping = 1.0,
            damping_fn = LevenbergMarquardtDampingFunction(
                increase_factor = 2.0,
                decrease_factor = 3.0,
                min_damping = 1.0e-8
            ),
            min_norm_mode = :auto
        ),
        finite_diff_step_geodesic = 0.1,
        α = 0.75
    ),
    autodiff = AutoForwardDiff(),
    vjp_autodiff = AutoFiniteDiff(
        fdtype = Val{:forward}(),
        fdjtype = Val{:forward}(),
        fdhtype = Val{:hcentral}(),
        dir = true
    ),
    jvp_autodiff = AutoForwardDiff(),
    concrete_jac = Val{true}()
)

----    	-------------       	-----------         
Iter    	f(u) 2-norm         	Step 2-norm         
----    	-------------       	-----------         
0       	9.23809027e+02      	NaN                 
1       	4.98965882e+03      	1.19816183e-01      
8       	5.99481278e+02      	2.60208927e-02      
15      	1.61093833e+02      	3.41557168e-02      
22      	2.82507825e+03      	0.00000000e+00      
29      	3.42495548e+02      	5.50052807e-02      
36      	2.74738121e+01      	4.29635283e-02      
43      	2.52810151e-01      	3.34606672e-03      
50      	2.05074409e-01      	1.19065251e-04      
57      	2.05074409e-01      	3.94072158e-06      
64      	2.05074409e-01      	5.48240858e-06      
71      	2.05074409e-01      	3.80224972e-06      
78      	2.05074409e-01      	2.50126778e-06      
85      	2.05074409e-01      	3.90486183e-06      
92      	2.05074409e-01      	4.68688883e-06      
99      	2.05074409e-01      	2.13387938e-06      
106     	2.05074409e-01      	6.12108790e-06      
113     	2.05074409e-01      	3.98589413e-06      
120     	2.05074409e-01      	6.88614989e-06      
127     	2.05074408e-01      	4.33101322e-06      
134     	2.05074408e-01      	4.21376672e-06      
141     	2.05074408e-01      	5.56853935e-06      
148     	2.05074408e-01      	6.60782892e-06      
Final   	2.05074408e-01      
----------------------      
  AMR 1/1: M=75  err=0.00764  obs=0.00362  nrmse=119.0  best=55.1  refined=0
 derivative matching was best (1/1 rounds ran)
collocation [180s]
  [final]  nrmse=55.15  l2=89.98
extrapolation window: T=321.8122 -> T_test=643.624  n_test=100
  [train]  E_traj=19170.0  E_VF=0.3824  E_spec=1.047e15
  [test ]  E_traj=3.396e10  E_VF=2.997e7  E_spec=2.591e25
saved /orcd/home/002/txenakis/projects/BVPsolver/src/../data/runs/run_5zJ0Bdlo/hires_fit.png
saved /orcd/home/002/txenakis/projects/BVPsolver/src/../data/runs/run_5zJ0Bdlo/hires_fit_extrapolated.png
saved /orcd/home/002/txenakis/projects/BVPsolver/src/../data/runs/run_5zJ0Bdlo/hires_spectral_fit_extrapolated.png
saved /orcd/home/002/txenakis/projects/BVPsolver/src/../data/runs/run_5zJ0Bdlo/hires_vf_fit_extrapolated.png
┌ Warning: Attempting to store StiffNN.var"#18#19"{Type{Float64}}.
│ JLD2 only stores functions by name.
│  This may not be useful for anonymous functions.
└ @ JLD2 ~/.julia/packages/JLD2/ADycq/src/data/writing_datatypes.jl:447
saved run → /orcd/home/002/txenakis/projects/BVPsolver/src/../data/runs/run_5zJ0Bdlo
--------------------------------------
Done: Wed Sep 23 16:43:48 EDT 2026
