Task 194/750: --problem rober --model stiff --profile fast --seed 244 --pretraining none --training shooting
Logging to /home/txenakis/projects/BVPsolver/logs/run_main_23648109_194.log
rober  model=stiff width=12 d=3 tlen=50 profile=fast seed=244  solver=Rodas5  N=318
  shooting iter=50/1000 loss=0.1089
  shooting iter=100/1000 loss=0.03842
  shooting iter=150/1000 loss=0.007214
  shooting iter=200/1000 loss=0.003527
  shooting iter=250/1000 loss=0.00191
  shooting iter=300/1000 loss=0.002081
  shooting iter=350/1000 loss=0.002627
  shooting iter=400/1000 loss=0.002577
  shooting iter=450/1000 loss=0.001197
  shooting iter=500/1000 loss=0.0007313
  shooting iter=550/1000 loss=0.002348
  shooting iter=600/1000 loss=0.001992
  shooting iter=650/1000 loss=0.001516
  shooting iter=700/1000 loss=0.001293
  shooting iter=750/1000 loss=0.001105
  shooting iter=800/1000 loss=0.0008926
  shooting iter=850/1000 loss=0.0009824
  shooting iter=900/1000 loss=0.0009786
  shooting iter=950/1000 loss=0.0007805
  shooting iter=1000/1000 loss=0.0005626
  shooting iter=1000/1000 loss=0.0004804
shooting [416s]  loss=0.00048
  [final]  nrmse=0.0008307  l2=0.005556
extrapolation window: T=1000.0 -> T_test=1.0e12  n_test=100
  [train]  E_traj=2.777e-6  E_VF=0.1583  E_spec=7.149999999999999e26
  [test ]  E_traj=3.603  E_VF=1.502e12  E_spec=1.124e23
saved /orcd/home/002/txenakis/projects/BVPsolver/src/../data/runs/run_Q1M10xuO/rober_fit.png
saved /orcd/home/002/txenakis/projects/BVPsolver/src/../data/runs/run_Q1M10xuO/rober_fit_extrapolated.png
saved /orcd/home/002/txenakis/projects/BVPsolver/src/../data/runs/run_Q1M10xuO/rober_spectral_fit_extrapolated.png
saved /orcd/home/002/txenakis/projects/BVPsolver/src/../data/runs/run_Q1M10xuO/rober_vf_fit_extrapolated.png
┌ Warning: Attempting to store StiffNN.var"#12#13"{Float64, Float64, Float64}.
│ JLD2 only stores functions by name.
│  This may not be useful for anonymous functions.
└ @ JLD2 ~/.julia/packages/JLD2/ADycq/src/data/writing_datatypes.jl:447
saved run → /orcd/home/002/txenakis/projects/BVPsolver/src/../data/runs/run_Q1M10xuO
--------------------------------------
Done: Thu Sep 24 11:22:08 EDT 2026
