Task 1598/1800: --problem davis-skodje --model stiff --profile fast --seed 148 --pretraining derivmatch --training collocation
Logging to /home/txenakis/projects/BVPsolver/logs/run_main_23593274_1598.log
davis-skodje  model=stiff width=12 d=2 tlen=300 profile=fast seed=148  solver=Rodas5P  N=268
  derivmatch lr=0.01 iter=170/3400 loss=0.07525
  derivmatch lr=0.01 iter=340/3400 loss=0.02427
  derivmatch lr=0.01 iter=510/3400 loss=0.01114
  derivmatch lr=0.01 iter=680/3400 loss=0.005895
  derivmatch lr=0.01 iter=850/3400 loss=0.003973
  derivmatch lr=0.01 iter=1020/3400 loss=0.002905
  derivmatch lr=0.01 iter=1190/3400 loss=0.002126
  derivmatch lr=0.01 iter=1360/3400 loss=0.001537
  derivmatch lr=0.01 iter=1530/3400 loss=0.001113
  derivmatch lr=0.01 iter=1700/3400 loss=0.0008195
  derivmatch lr=0.01 iter=1870/3400 loss=0.0006137
  derivmatch lr=0.01 iter=2040/3400 loss=0.0004651
  derivmatch lr=0.01 iter=2210/3400 loss=0.0003557
  derivmatch lr=0.01 iter=2380/3400 loss=0.0002748
  derivmatch lr=0.01 iter=2550/3400 loss=0.0002152
  derivmatch lr=0.01 iter=2720/3400 loss=0.0001715
  derivmatch lr=0.01 iter=2890/3400 loss=0.0001395
  derivmatch lr=0.01 iter=3060/3400 loss=0.0001156
  derivmatch lr=0.01 iter=3230/3400 loss=9.766e-5
  derivmatch lr=0.01 iter=3400/3400 loss=8.352e-5
  derivmatch lr=0.01 iter=3400/3400 loss=8.352e-5
  derivmatch lr=0.003 iter=125/2500 loss=6.238e-5
  derivmatch lr=0.003 iter=250/2500 loss=4.763e-5
  derivmatch lr=0.003 iter=375/2500 loss=3.633e-5
  derivmatch lr=0.003 iter=500/2500 loss=2.841e-5
  derivmatch lr=0.003 iter=625/2500 loss=2.269e-5
  derivmatch lr=0.003 iter=750/2500 loss=1.835e-5
  derivmatch lr=0.003 iter=875/2500 loss=1.503e-5
  derivmatch lr=0.003 iter=1000/2500 loss=1.255e-5
  derivmatch lr=0.003 iter=1125/2500 loss=1.972e-5
  derivmatch lr=0.003 iter=1250/2500 loss=9.521e-6
  derivmatch lr=0.003 iter=1375/2500 loss=9.089e-6
  derivmatch lr=0.003 iter=1500/2500 loss=7.933e-6
  derivmatch lr=0.003 iter=1625/2500 loss=7.403e-6
  derivmatch lr=0.003 iter=1750/2500 loss=6.966e-6
  derivmatch lr=0.003 iter=1875/2500 loss=6.596e-6
  derivmatch lr=0.003 iter=2000/2500 loss=6.288e-6
  derivmatch lr=0.003 iter=2125/2500 loss=6.013e-6
  derivmatch lr=0.003 iter=2250/2500 loss=8.962e-6
  derivmatch lr=0.003 iter=2375/2500 loss=5.554e-6
  derivmatch lr=0.003 iter=2500/2500 loss=5.354e-6
  derivmatch lr=0.003 iter=2500/2500 loss=5.354e-6
  derivmatch lr=0.001 iter=125/2500 loss=5.199e-6
  derivmatch lr=0.001 iter=250/2500 loss=5.127e-6
  derivmatch lr=0.001 iter=375/2500 loss=5.039e-6
  derivmatch lr=0.001 iter=500/2500 loss=4.937e-6
  derivmatch lr=0.001 iter=625/2500 loss=4.824e-6
  derivmatch lr=0.001 iter=750/2500 loss=4.702e-6
  derivmatch lr=0.001 iter=875/2500 loss=4.594e-6
  derivmatch lr=0.001 iter=1000/2500 loss=4.483e-6
  derivmatch lr=0.001 iter=1125/2500 loss=4.374e-6
  derivmatch lr=0.001 iter=1250/2500 loss=4.288e-6
  derivmatch lr=0.001 iter=1375/2500 loss=4.178e-6
  derivmatch lr=0.001 iter=1500/2500 loss=4.081e-6
  derivmatch lr=0.001 iter=1625/2500 loss=4.007e-6
  derivmatch lr=0.001 iter=1750/2500 loss=3.908e-6
  derivmatch lr=0.001 iter=1875/2500 loss=3.823e-6
  derivmatch lr=0.001 iter=2000/2500 loss=3.757e-6
  derivmatch lr=0.001 iter=2125/2500 loss=3.67e-6
  derivmatch lr=0.001 iter=2250/2500 loss=3.595e-6
  derivmatch lr=0.001 iter=2375/2500 loss=3.534e-6
  derivmatch lr=0.001 iter=2500/2500 loss=9.12e-6
  derivmatch lr=0.001 iter=2500/2500 loss=3.465e-6
  derivmatch lr=0.0003 iter=80/1600 loss=3.465e-6
  derivmatch lr=0.0003 iter=160/1600 loss=3.452e-6
  derivmatch lr=0.0003 iter=240/1600 loss=3.443e-6
  derivmatch lr=0.0003 iter=320/1600 loss=3.432e-6
  derivmatch lr=0.0003 iter=400/1600 loss=3.419e-6
  derivmatch lr=0.0003 iter=480/1600 loss=3.405e-6
  derivmatch lr=0.0003 iter=560/1600 loss=3.389e-6
  derivmatch lr=0.0003 iter=640/1600 loss=3.372e-6
  derivmatch lr=0.0003 iter=720/1600 loss=3.354e-6
  derivmatch lr=0.0003 iter=800/1600 loss=3.334e-6
  derivmatch lr=0.0003 iter=880/1600 loss=3.313e-6
  derivmatch lr=0.0003 iter=960/1600 loss=3.292e-6
  derivmatch lr=0.0003 iter=1040/1600 loss=3.269e-6
  derivmatch lr=0.0003 iter=1120/1600 loss=3.244e-6
  derivmatch lr=0.0003 iter=1200/1600 loss=3.219e-6
  derivmatch lr=0.0003 iter=1280/1600 loss=3.193e-6
  derivmatch lr=0.0003 iter=1360/1600 loss=3.166e-6
  derivmatch lr=0.0003 iter=1440/1600 loss=3.137e-6
  derivmatch lr=0.0003 iter=1520/1600 loss=3.108e-6
  derivmatch lr=0.0003 iter=1600/1600 loss=3.078e-6
  derivmatch lr=0.0003 iter=1600/1600 loss=3.078e-6
derivative matching [31s]  fitloss=3.08e-6
  [derivative matching]  nrmse=9.436e-5  l2=0.004281
  collocation: M=300 residuals=2394  detecting sparsity + solving...

Algorithm: LevenbergMarquardt(
    trustregion = LevenbergMarquardtTrustRegion(
        β_uphill = 0.0
    ),
    descent = GeodesicAcceleration(
        descent = DampedNewtonDescent(
            linsolve = KLUFactorization(
                reuse_symbolic = true,
                check_pattern = true
            ),
            initial_damping = 1.0,
            damping_fn = LevenbergMarquardtDampingFunction(
                increase_factor = 2.0,
                decrease_factor = 3.0,
                min_damping = 1.0e-8
            ),
            min_norm_mode = :auto
        ),
        finite_diff_step_geodesic = 0.1,
        α = 0.75
    ),
    autodiff = AutoForwardDiff(),
    vjp_autodiff = AutoFiniteDiff(
        fdtype = Val{:forward}(),
        fdjtype = Val{:forward}(),
        fdhtype = Val{:hcentral}(),
        dir = true
    ),
    jvp_autodiff = AutoForwardDiff(),
    concrete_jac = Val{true}()
)

----    	-------------       	-----------         
Iter    	f(u) 2-norm         	Step 2-norm         
----    	-------------       	-----------         
0       	2.53788989e+01      	NaN                 
1       	2.53788989e+01      	0.00000000e+00      
8       	3.53881265e-02      	4.92904869e-03      
15      	2.48575869e-03      	9.83976308e-03      
22      	2.80917172e-04      	2.43788982e-02      
29      	2.07251005e-01      	7.40672385e-01      
36      	2.03554851e+00      	0.00000000e+00      
43      	3.73538415e-03      	4.42669221e-01      
50      	1.65497590e-01      	1.60232855e+00      
57      	5.56405699e-02      	0.00000000e+00      
64      	8.82154192e-01      	0.00000000e+00      
71      	7.50320955e-04      	1.85152197e-01      
78      	2.19172821e-03      	0.00000000e+00      
85      	9.72522956e-02      	0.00000000e+00      
92      	5.07793284e-05      	1.10940386e-01      
99      	8.12636439e-04      	2.23809895e-01      
106     	2.54640964e-02      	0.00000000e+00      
113     	7.43089829e-03      	0.00000000e+00      
120     	2.50914238e-03      	4.43236224e-01      
127     	8.59039159e-04      	0.00000000e+00      
134     	2.70188303e-04      	0.00000000e+00      
141     	5.86453649e-01      	1.14439310e+00      
148     	4.77241131e-03      	1.18820318e+00      
Final   	1.46744034e-05      
----------------------      
  AMR 1/3: M=300  err=7.13e-12  obs=6.64e-8  nrmse=3.59e-6  best=3.59e-6  refined=22
  collocation: M=322 residuals=2526  detecting sparsity + solving...

Algorithm: LevenbergMarquardt(
    trustregion = LevenbergMarquardtTrustRegion(
        β_uphill = 0.0
    ),
    descent = GeodesicAcceleration(
        descent = DampedNewtonDescent(
            linsolve = KLUFactorization(
                reuse_symbolic = true,
                check_pattern = true
            ),
            initial_damping = 1.0,
            damping_fn = LevenbergMarquardtDampingFunction(
                increase_factor = 2.0,
                decrease_factor = 3.0,
                min_damping = 1.0e-8
            ),
            min_norm_mode = :auto
        ),
        finite_diff_step_geodesic = 0.1,
        α = 0.75
    ),
    autodiff = AutoForwardDiff(),
    vjp_autodiff = AutoFiniteDiff(
        fdtype = Val{:forward}(),
        fdjtype = Val{:forward}(),
        fdhtype = Val{:hcentral}(),
        dir = true
    ),
    jvp_autodiff = AutoForwardDiff(),
    concrete_jac = Val{true}()
)

----    	-------------       	-----------         
Iter    	f(u) 2-norm         	Step 2-norm         
----    	-------------       	-----------         
0       	2.46858057e+01      	2.93642976e-319     
1       	2.46858057e+01      	0.00000000e+00      
8       	2.39288280e-02      	2.48991255e-03      
15      	3.50316079e-03      	2.99745941e-03      
22      	1.11314836e-04      	9.67791032e-03      
29      	4.17868759e-06      	1.44901604e-03      
36      	2.27924205e-03      	0.00000000e+00      
43      	7.97121272e-01      	0.00000000e+00      
50      	1.00038648e-01      	0.00000000e+00      
57      	5.82108172e-05      	0.00000000e+00      
64      	4.93245120e-02      	0.00000000e+00      
71      	2.79249962e-03      	2.50056449e-01      
78      	1.64253357e-01      	0.00000000e+00      
85      	1.59763652e-03      	0.00000000e+00      
92      	8.14116510e-04      	1.86998807e-01      
99      	4.12380760e-01      	0.00000000e+00      
106     	4.14250327e-02      	0.00000000e+00      
113     	1.38339440e+00      	0.00000000e+00      
120     	2.68714304e-01      	0.00000000e+00      
127     	2.95867380e-03      	0.00000000e+00      
134     	4.21920812e-04      	0.00000000e+00      
141     	1.57742610e-02      	0.00000000e+00      
148     	2.78890205e-02      	0.00000000e+00      
Final   	3.29842078e-06      
----------------------      
  AMR 2/3: M=322  err=1.68e-13  obs=4.58e-8  nrmse=2.13e-6  best=2.13e-6  refined=41
  collocation: M=377 residuals=2856  detecting sparsity + solving...

Algorithm: LevenbergMarquardt(
    trustregion = LevenbergMarquardtTrustRegion(
        β_uphill = 0.0
    ),
    descent = GeodesicAcceleration(
        descent = DampedNewtonDescent(
            linsolve = KLUFactorization(
                reuse_symbolic = true,
                check_pattern = true
            ),
            initial_damping = 1.0,
            damping_fn = LevenbergMarquardtDampingFunction(
                increase_factor = 2.0,
                decrease_factor = 3.0,
                min_damping = 1.0e-8
            ),
            min_norm_mode = :auto
        ),
        finite_diff_step_geodesic = 0.1,
        α = 0.75
    ),
    autodiff = AutoForwardDiff(),
    vjp_autodiff = AutoFiniteDiff(
        fdtype = Val{:forward}(),
        fdjtype = Val{:forward}(),
        fdhtype = Val{:hcentral}(),
        dir = true
    ),
    jvp_autodiff = AutoForwardDiff(),
    concrete_jac = Val{true}()
)

----    	-------------       	-----------         
Iter    	f(u) 2-norm         	Step 2-norm         
----    	-------------       	-----------         
0       	2.30307775e+01      	7.00199369e-317     
1       	2.30307775e+01      	0.00000000e+00      
8       	2.83733600e-02      	3.75538157e-03      
15      	1.03696035e-03      	5.39584385e-03      
22      	5.86460332e-06      	2.76344488e-03      
29      	2.72935772e-06      	9.42567629e-03      
36      	2.25854105e-02      	0.00000000e+00      
43      	2.53415239e-02      	1.01797725e+00      
50      	4.17179622e-03      	4.08195882e-01      
57      	6.38849840e-06      	0.00000000e+00      
64      	1.74131230e+00      	0.00000000e+00      
71      	5.01126878e-03      	0.00000000e+00      
78      	3.93393538e-02      	0.00000000e+00      
85      	2.04978149e-02      	4.11806064e-01      
92      	2.03647382e-01      	0.00000000e+00      
99      	2.26068425e-01      	0.00000000e+00      
106     	1.07664669e-01      	0.00000000e+00      
113     	3.56773345e-03      	0.00000000e+00      
120     	1.22813719e-04      	3.30445619e-01      
127     	1.50802937e+00      	0.00000000e+00      
134     	1.15973092e-04      	0.00000000e+00      
141     	9.84865750e-04      	0.00000000e+00      
148     	1.57789710e-02      	0.00000000e+00      
Final   	2.72546135e-06      
----------------------      
  AMR 3/3: M=377  err=8.85e-14  obs=3.92e-8  nrmse=2.07e-6  best=2.07e-6  refined=0
collocation [137s]
  [final]  nrmse=2.065e-6  l2=6.612e-5
extrapolation window: T=15.0 -> T_test=30.0  n_test=600
  [train]  E_traj=7.915e-12  E_VF=3.08e-6  E_spec=0.3331
  [test ]  E_traj=4.895  E_VF=1837.0  E_spec=0.3561
saved /orcd/home/002/txenakis/projects/BVPsolver/src/../data/runs/run_brgli5O9/davis-skodje_fit.png
saved /orcd/home/002/txenakis/projects/BVPsolver/src/../data/runs/run_brgli5O9/davis-skodje_fit_extrapolated.png
saved /orcd/home/002/txenakis/projects/BVPsolver/src/../data/runs/run_brgli5O9/davis-skodje_spectral_fit_extrapolated.png
saved /orcd/home/002/txenakis/projects/BVPsolver/src/../data/runs/run_brgli5O9/davis-skodje_vf_fit_extrapolated.png
┌ Warning: Attempting to store StiffNN.var"#22#23"{Float64}.
│ JLD2 only stores functions by name.
│  This may not be useful for anonymous functions.
└ @ JLD2 ~/.julia/packages/JLD2/ADycq/src/data/writing_datatypes.jl:447
saved run → /orcd/home/002/txenakis/projects/BVPsolver/src/../data/runs/run_brgli5O9
--------------------------------------
Done: Thu Sep 24 01:24:20 EDT 2026
