Task 321/750: --problem rober --model mlp --profile fast --seed 221 --pretraining derivmatch --training shooting
Logging to /home/txenakis/projects/BVPsolver/logs/run_main_23648109_321.log
rober  model=mlp width=15 d=3 tlen=50 profile=fast seed=221  solver=Rodas5  N=348
  derivmatch lr=0.01 iter=170/3400 loss=42.88
  derivmatch lr=0.01 iter=340/3400 loss=35.31
  derivmatch lr=0.01 iter=510/3400 loss=34.38
  derivmatch lr=0.01 iter=680/3400 loss=39.95
  derivmatch lr=0.01 iter=850/3400 loss=47.85
  derivmatch lr=0.01 iter=1020/3400 loss=39.57
  derivmatch lr=0.01 iter=1190/3400 loss=40.28
  derivmatch lr=0.01 iter=1360/3400 loss=36.52
  derivmatch lr=0.01 iter=1530/3400 loss=40.01
  derivmatch lr=0.01 iter=1700/3400 loss=46.54
  derivmatch lr=0.01 iter=1870/3400 loss=45.9
  derivmatch lr=0.01 iter=2040/3400 loss=48.7
  derivmatch lr=0.01 iter=2210/3400 loss=49.95
  derivmatch lr=0.01 iter=2380/3400 loss=44.57
  derivmatch lr=0.01 iter=2550/3400 loss=55.95
  derivmatch lr=0.01 iter=2720/3400 loss=43.88
  derivmatch lr=0.01 iter=2890/3400 loss=46.95
  derivmatch lr=0.01 iter=3060/3400 loss=48.73
  derivmatch lr=0.01 iter=3230/3400 loss=46.23
  derivmatch lr=0.01 iter=3400/3400 loss=46.64
  derivmatch lr=0.01 iter=3400/3400 loss=19.97
  derivmatch lr=0.003 iter=125/2500 loss=44.93
  derivmatch lr=0.003 iter=250/2500 loss=33.16
  derivmatch lr=0.003 iter=375/2500 loss=36.44
  derivmatch lr=0.003 iter=500/2500 loss=29.25
  derivmatch lr=0.003 iter=625/2500 loss=25.24
  derivmatch lr=0.003 iter=750/2500 loss=35.37
  derivmatch lr=0.003 iter=875/2500 loss=37.75
  derivmatch lr=0.003 iter=1000/2500 loss=26.96
  derivmatch lr=0.003 iter=1125/2500 loss=25.38
  derivmatch lr=0.003 iter=1250/2500 loss=24.32
  derivmatch lr=0.003 iter=1375/2500 loss=37.81
  derivmatch lr=0.003 iter=1500/2500 loss=45.62
  derivmatch lr=0.003 iter=1625/2500 loss=42.08
  derivmatch lr=0.003 iter=1750/2500 loss=41.63
  derivmatch lr=0.003 iter=1875/2500 loss=38.35
  derivmatch lr=0.003 iter=2000/2500 loss=33.85
  derivmatch lr=0.003 iter=2125/2500 loss=25.54
  derivmatch lr=0.003 iter=2250/2500 loss=29.35
  derivmatch lr=0.003 iter=2375/2500 loss=23.42
  derivmatch lr=0.003 iter=2500/2500 loss=36.08
  derivmatch lr=0.003 iter=2500/2500 loss=17.32
  derivmatch lr=0.001 iter=125/2500 loss=14.19
  derivmatch lr=0.001 iter=250/2500 loss=16.01
  derivmatch lr=0.001 iter=375/2500 loss=18.92
  derivmatch lr=0.001 iter=500/2500 loss=27.83
  derivmatch lr=0.001 iter=625/2500 loss=20.78
  derivmatch lr=0.001 iter=750/2500 loss=22.47
  derivmatch lr=0.001 iter=875/2500 loss=18.85
  derivmatch lr=0.001 iter=1000/2500 loss=28.74
  derivmatch lr=0.001 iter=1125/2500 loss=21.0
  derivmatch lr=0.001 iter=1250/2500 loss=18.33
  derivmatch lr=0.001 iter=1375/2500 loss=29.0
  derivmatch lr=0.001 iter=1500/2500 loss=29.74
  derivmatch lr=0.001 iter=1625/2500 loss=24.94
  derivmatch lr=0.001 iter=1750/2500 loss=34.39
  derivmatch lr=0.001 iter=1875/2500 loss=32.2
  derivmatch lr=0.001 iter=2000/2500 loss=31.01
  derivmatch lr=0.001 iter=2125/2500 loss=30.14
  derivmatch lr=0.001 iter=2250/2500 loss=25.25
  derivmatch lr=0.001 iter=2375/2500 loss=23.82
  derivmatch lr=0.001 iter=2500/2500 loss=24.89
  derivmatch lr=0.001 iter=2500/2500 loss=13.07
  derivmatch lr=0.0003 iter=80/1600 loss=13.6
  derivmatch lr=0.0003 iter=160/1600 loss=11.87
  derivmatch lr=0.0003 iter=240/1600 loss=11.89
  derivmatch lr=0.0003 iter=320/1600 loss=11.74
  derivmatch lr=0.0003 iter=400/1600 loss=12.39
  derivmatch lr=0.0003 iter=480/1600 loss=11.52
  derivmatch lr=0.0003 iter=560/1600 loss=10.81
  derivmatch lr=0.0003 iter=640/1600 loss=14.94
  derivmatch lr=0.0003 iter=720/1600 loss=16.02
  derivmatch lr=0.0003 iter=800/1600 loss=11.33
  derivmatch lr=0.0003 iter=880/1600 loss=11.91
  derivmatch lr=0.0003 iter=960/1600 loss=10.97
  derivmatch lr=0.0003 iter=1040/1600 loss=10.7
  derivmatch lr=0.0003 iter=1120/1600 loss=10.36
  derivmatch lr=0.0003 iter=1200/1600 loss=10.84
  derivmatch lr=0.0003 iter=1280/1600 loss=19.33
  derivmatch lr=0.0003 iter=1360/1600 loss=20.04
  derivmatch lr=0.0003 iter=1440/1600 loss=18.75
  derivmatch lr=0.0003 iter=1520/1600 loss=18.47
  derivmatch lr=0.0003 iter=1600/1600 loss=16.79
  derivmatch lr=0.0003 iter=1600/1600 loss=10.08
derivative matching [26s]  fitloss=10.1
  [derivative matching]  nrmse=89.72  l2=0.7463
  shooting iter=50/1000 loss=89.37
  shooting iter=100/1000 loss=58.08
  shooting iter=150/1000 loss=24.96
  shooting iter=200/1000 loss=8.444
  shooting iter=250/1000 loss=6.523
  shooting iter=300/1000 loss=4.99
  shooting iter=350/1000 loss=2.882
  shooting iter=400/1000 loss=1.458
  shooting iter=450/1000 loss=2.336
  shooting iter=500/1000 loss=2.24
  shooting iter=550/1000 loss=3.517
  shooting iter=600/1000 loss=4.604
  shooting iter=650/1000 loss=2.831
  shooting iter=700/1000 loss=2.068
  shooting iter=750/1000 loss=4.355
  shooting iter=800/1000 loss=3.086
  shooting iter=850/1000 loss=2.3
  shooting iter=900/1000 loss=4.29
  shooting iter=950/1000 loss=2.807
  shooting iter=1000/1000 loss=2.366
  shooting iter=1000/1000 loss=1.115
shooting [399s]  loss=1.12
  [final]  nrmse=3.404  l2=2.856
extrapolation window: T=1000.0 -> T_test=1.0e12  n_test=100
  [train]  E_traj=30.35  E_VF=92.1  E_spec=6.907000000000001e28
  [test ]  E_traj=436.0  E_VF=2.8e16  E_spec=2.919e29
saved /orcd/home/002/txenakis/projects/BVPsolver/src/../data/runs/run_MXeYHnux/rober_fit.png
saved /orcd/home/002/txenakis/projects/BVPsolver/src/../data/runs/run_MXeYHnux/rober_fit_extrapolated.png
saved /orcd/home/002/txenakis/projects/BVPsolver/src/../data/runs/run_MXeYHnux/rober_spectral_fit_extrapolated.png
saved /orcd/home/002/txenakis/projects/BVPsolver/src/../data/runs/run_MXeYHnux/rober_vf_fit_extrapolated.png
┌ Warning: Attempting to store StiffNN.var"#12#13"{Float64, Float64, Float64}.
│ JLD2 only stores functions by name.
│  This may not be useful for anonymous functions.
└ @ JLD2 ~/.julia/packages/JLD2/ADycq/src/data/writing_datatypes.jl:447
saved run → /orcd/home/002/txenakis/projects/BVPsolver/src/../data/runs/run_MXeYHnux
--------------------------------------
Done: Thu Sep 24 11:32:57 EDT 2026
