Task 55/120: --problem davis-skodje --param 1e-3 --model GELU-scaled --profile fast --seed 45 --pretraining derivmatch --training shooting
Logging to /home/txenakis/projects/BVPsolver/logs/run_main_22277856_55.log
davis-skodje  model=GELU-scaled width=7 d=2 tlen=300 profile=fast seed=45  solver=Rodas5P  N=317
  derivmatch lr=0.01 iter=170/3400 loss=2.094
  derivmatch lr=0.01 iter=340/3400 loss=2.094
  derivmatch lr=0.01 iter=510/3400 loss=1.461
  derivmatch lr=0.01 iter=680/3400 loss=1.178
  derivmatch lr=0.01 iter=850/3400 loss=0.9613
  derivmatch lr=0.01 iter=1020/3400 loss=0.6254
  derivmatch lr=0.01 iter=1190/3400 loss=0.226
  derivmatch lr=0.01 iter=1360/3400 loss=0.1598
  derivmatch lr=0.01 iter=1530/3400 loss=0.1512
  derivmatch lr=0.01 iter=1700/3400 loss=0.1028
  derivmatch lr=0.01 iter=1870/3400 loss=0.09478
  derivmatch lr=0.01 iter=2040/3400 loss=0.05792
  derivmatch lr=0.01 iter=2210/3400 loss=0.04994
  derivmatch lr=0.01 iter=2380/3400 loss=0.04785
  derivmatch lr=0.01 iter=2550/3400 loss=0.07368
  derivmatch lr=0.01 iter=2720/3400 loss=0.03754
  derivmatch lr=0.01 iter=2890/3400 loss=0.024
  derivmatch lr=0.01 iter=3060/3400 loss=0.01659
  derivmatch lr=0.01 iter=3230/3400 loss=0.04864
  derivmatch lr=0.01 iter=3400/3400 loss=0.02573
  derivmatch lr=0.01 iter=3400/3400 loss=0.01336
  derivmatch lr=0.003 iter=125/2500 loss=0.008054
  derivmatch lr=0.003 iter=250/2500 loss=0.006919
  derivmatch lr=0.003 iter=375/2500 loss=0.006305
  derivmatch lr=0.003 iter=500/2500 loss=0.00783
  derivmatch lr=0.003 iter=625/2500 loss=0.006787
  derivmatch lr=0.003 iter=750/2500 loss=0.005997
  derivmatch lr=0.003 iter=875/2500 loss=0.005853
  derivmatch lr=0.003 iter=1000/2500 loss=0.005477
  derivmatch lr=0.003 iter=1125/2500 loss=0.005587
  derivmatch lr=0.003 iter=1250/2500 loss=0.005456
  derivmatch lr=0.003 iter=1375/2500 loss=0.005316
  derivmatch lr=0.003 iter=1500/2500 loss=0.005158
  derivmatch lr=0.003 iter=1625/2500 loss=0.005037
  derivmatch lr=0.003 iter=1750/2500 loss=0.004927
  derivmatch lr=0.003 iter=1875/2500 loss=0.004792
  derivmatch lr=0.003 iter=2000/2500 loss=0.004704
  derivmatch lr=0.003 iter=2125/2500 loss=0.004555
  derivmatch lr=0.003 iter=2250/2500 loss=0.00561
  derivmatch lr=0.003 iter=2375/2500 loss=0.00363
  derivmatch lr=0.003 iter=2500/2500 loss=0.004015
  derivmatch lr=0.003 iter=2500/2500 loss=0.003165
  derivmatch lr=0.001 iter=125/2500 loss=0.003034
  derivmatch lr=0.001 iter=250/2500 loss=0.00268
  derivmatch lr=0.001 iter=375/2500 loss=0.002619
  derivmatch lr=0.001 iter=500/2500 loss=0.002563
  derivmatch lr=0.001 iter=625/2500 loss=0.002506
  derivmatch lr=0.001 iter=750/2500 loss=0.002448
  derivmatch lr=0.001 iter=875/2500 loss=0.002388
  derivmatch lr=0.001 iter=1000/2500 loss=0.002327
  derivmatch lr=0.001 iter=1125/2500 loss=0.002671
  derivmatch lr=0.001 iter=1250/2500 loss=0.002207
  derivmatch lr=0.001 iter=1375/2500 loss=0.002176
  derivmatch lr=0.001 iter=1500/2500 loss=0.002349
  derivmatch lr=0.001 iter=1625/2500 loss=0.002251
  derivmatch lr=0.001 iter=1750/2500 loss=0.002191
  derivmatch lr=0.001 iter=1875/2500 loss=0.002029
  derivmatch lr=0.001 iter=2000/2500 loss=0.001856
  derivmatch lr=0.001 iter=2125/2500 loss=0.001976
  derivmatch lr=0.001 iter=2250/2500 loss=0.001782
  derivmatch lr=0.001 iter=2375/2500 loss=0.002832
  derivmatch lr=0.001 iter=2500/2500 loss=0.002445
  derivmatch lr=0.001 iter=2500/2500 loss=0.00165
  derivmatch lr=0.0003 iter=80/1600 loss=0.001646
  derivmatch lr=0.0003 iter=160/1600 loss=0.001629
  derivmatch lr=0.0003 iter=240/1600 loss=0.001616
  derivmatch lr=0.0003 iter=320/1600 loss=0.0016
  derivmatch lr=0.0003 iter=400/1600 loss=0.001584
  derivmatch lr=0.0003 iter=480/1600 loss=0.001566
  derivmatch lr=0.0003 iter=560/1600 loss=0.001546
  derivmatch lr=0.0003 iter=640/1600 loss=0.001526
  derivmatch lr=0.0003 iter=720/1600 loss=0.001504
  derivmatch lr=0.0003 iter=800/1600 loss=0.001482
  derivmatch lr=0.0003 iter=880/1600 loss=0.00146
  derivmatch lr=0.0003 iter=960/1600 loss=0.001506
  derivmatch lr=0.0003 iter=1040/1600 loss=0.001416
  derivmatch lr=0.0003 iter=1120/1600 loss=0.001394
  derivmatch lr=0.0003 iter=1200/1600 loss=0.001372
  derivmatch lr=0.0003 iter=1280/1600 loss=0.001349
  derivmatch lr=0.0003 iter=1360/1600 loss=0.001326
  derivmatch lr=0.0003 iter=1440/1600 loss=0.001312
  derivmatch lr=0.0003 iter=1520/1600 loss=0.001282
  derivmatch lr=0.0003 iter=1600/1600 loss=0.00126
  derivmatch lr=0.0003 iter=1600/1600 loss=0.00126
derivative matching [28s]  fitloss=0.00126
  [derivative matching]  nrmse=0.939  l2=23.05
  shooting iter=50/1000 loss=0.0167
  shooting iter=100/1000 loss=0.01327
  shooting iter=150/1000 loss=0.01165
  shooting iter=200/1000 loss=0.009291
  shooting iter=250/1000 loss=0.007072
  shooting iter=300/1000 loss=0.01418
  shooting iter=350/1000 loss=0.008624
  shooting iter=400/1000 loss=0.006771
  shooting iter=450/1000 loss=0.004826
  shooting iter=500/1000 loss=0.004467
  shooting iter=550/1000 loss=0.004112
  shooting iter=600/1000 loss=0.00387
  shooting iter=650/1000 loss=0.003755
  shooting iter=700/1000 loss=0.003361
  shooting iter=750/1000 loss=0.003186
  shooting iter=800/1000 loss=0.003256
  shooting iter=850/1000 loss=0.003204
  shooting iter=900/1000 loss=0.003012
  shooting iter=950/1000 loss=0.002737
  shooting iter=1000/1000 loss=0.002603
  shooting iter=1000/1000 loss=0.002586
shooting [778s]  loss=0.00259
  [final]  nrmse=0.005588  l2=0.2447
extrapolation window: T=15.0 -> T_test=30.0  n_test=600
  [train]  E_traj=0.0001527  E_VF=0.007958  E_spec=0.41
  [test ]  E_traj=2.56e10  E_VF=1.306e9  E_spec=0.9491
saved /orcd/home/002/txenakis/projects/BVPsolver/src/../data/runs/run_oWwgYTw6/davis-skodje_fit.png
saved /orcd/home/002/txenakis/projects/BVPsolver/src/../data/runs/run_oWwgYTw6/davis-skodje_fit_extrapolated.png
saved /orcd/home/002/txenakis/projects/BVPsolver/src/../data/runs/run_oWwgYTw6/davis-skodje_spectral_fit_extrapolated.png
saved /orcd/home/002/txenakis/projects/BVPsolver/src/../data/runs/run_oWwgYTw6/davis-skodje_vf_fit_extrapolated.png
┌ Warning: Attempting to store StiffNN.var"#22#23"{Float64}.
│ JLD2 only stores functions by name.
│  This may not be useful for anonymous functions.
└ @ JLD2 ~/.julia/packages/JLD2/ADycq/src/data/writing_datatypes.jl:447
saved run → /orcd/home/002/txenakis/projects/BVPsolver/src/../data/runs/run_oWwgYTw6
--------------------------------------
Done: Tue Sep  8 06:52:20 EDT 2026
