Task 131/750: --problem rober --model stiff --profile fast --seed 231 --pretraining derivmatch --training collocation
Logging to /home/txenakis/projects/BVPsolver/logs/run_main_23648109_131.log
rober  model=stiff width=12 d=3 tlen=50 profile=fast seed=231  solver=Rodas5  N=318
  derivmatch lr=0.01 iter=170/3400 loss=0.2607
  derivmatch lr=0.01 iter=340/3400 loss=0.1165
  derivmatch lr=0.01 iter=510/3400 loss=0.05744
  derivmatch lr=0.01 iter=680/3400 loss=0.04363
  derivmatch lr=0.01 iter=850/3400 loss=0.02809
  derivmatch lr=0.01 iter=1020/3400 loss=0.02395
  derivmatch lr=0.01 iter=1190/3400 loss=0.01803
  derivmatch lr=0.01 iter=1360/3400 loss=0.01527
  derivmatch lr=0.01 iter=1530/3400 loss=0.01298
  derivmatch lr=0.01 iter=1700/3400 loss=0.011
  derivmatch lr=0.01 iter=1870/3400 loss=0.009372
  derivmatch lr=0.01 iter=2040/3400 loss=0.007966
  derivmatch lr=0.01 iter=2210/3400 loss=0.006738
  derivmatch lr=0.01 iter=2380/3400 loss=0.005685
  derivmatch lr=0.01 iter=2550/3400 loss=0.004792
  derivmatch lr=0.01 iter=2720/3400 loss=0.004034
  derivmatch lr=0.01 iter=2890/3400 loss=0.003409
  derivmatch lr=0.01 iter=3060/3400 loss=0.002886
  derivmatch lr=0.01 iter=3230/3400 loss=0.002443
  derivmatch lr=0.01 iter=3400/3400 loss=0.002144
  derivmatch lr=0.01 iter=3400/3400 loss=0.002096
  derivmatch lr=0.003 iter=125/2500 loss=0.001915
  derivmatch lr=0.003 iter=250/2500 loss=0.001713
  derivmatch lr=0.003 iter=375/2500 loss=0.001514
  derivmatch lr=0.003 iter=500/2500 loss=0.001326
  derivmatch lr=0.003 iter=625/2500 loss=0.001153
  derivmatch lr=0.003 iter=750/2500 loss=0.0009978
  derivmatch lr=0.003 iter=875/2500 loss=0.0008585
  derivmatch lr=0.003 iter=1000/2500 loss=0.0007338
  derivmatch lr=0.003 iter=1125/2500 loss=0.0006228
  derivmatch lr=0.003 iter=1250/2500 loss=0.0005282
  derivmatch lr=0.003 iter=1375/2500 loss=0.0004511
  derivmatch lr=0.003 iter=1500/2500 loss=0.0003881
  derivmatch lr=0.003 iter=1625/2500 loss=0.0003353
  derivmatch lr=0.003 iter=1750/2500 loss=0.0002901
  derivmatch lr=0.003 iter=1875/2500 loss=0.0002514
  derivmatch lr=0.003 iter=2000/2500 loss=0.0002185
  derivmatch lr=0.003 iter=2125/2500 loss=0.0001911
  derivmatch lr=0.003 iter=2250/2500 loss=0.0001694
  derivmatch lr=0.003 iter=2375/2500 loss=0.0001516
  derivmatch lr=0.003 iter=2500/2500 loss=0.0001376
  derivmatch lr=0.003 iter=2500/2500 loss=0.0001376
  derivmatch lr=0.001 iter=125/2500 loss=0.0001314
  derivmatch lr=0.001 iter=250/2500 loss=0.0001254
  derivmatch lr=0.001 iter=375/2500 loss=0.0001191
  derivmatch lr=0.001 iter=500/2500 loss=0.0001129
  derivmatch lr=0.001 iter=625/2500 loss=0.0001074
  derivmatch lr=0.001 iter=750/2500 loss=0.0001025
  derivmatch lr=0.001 iter=875/2500 loss=9.828e-5
  derivmatch lr=0.001 iter=1000/2500 loss=9.46e-5
  derivmatch lr=0.001 iter=1125/2500 loss=9.132e-5
  derivmatch lr=0.001 iter=1250/2500 loss=8.85e-5
  derivmatch lr=0.001 iter=1375/2500 loss=8.617e-5
  derivmatch lr=0.001 iter=1500/2500 loss=8.385e-5
  derivmatch lr=0.001 iter=1625/2500 loss=8.146e-5
  derivmatch lr=0.001 iter=1750/2500 loss=8.787e-5
  derivmatch lr=0.001 iter=1875/2500 loss=7.66e-5
  derivmatch lr=0.001 iter=2000/2500 loss=7.329e-5
  derivmatch lr=0.001 iter=2125/2500 loss=9.184e-5
  derivmatch lr=0.001 iter=2250/2500 loss=6.484e-5
  derivmatch lr=0.001 iter=2375/2500 loss=6.253e-5
  derivmatch lr=0.001 iter=2500/2500 loss=5.799e-5
  derivmatch lr=0.001 iter=2500/2500 loss=5.799e-5
  derivmatch lr=0.0003 iter=80/1600 loss=5.783e-5
  derivmatch lr=0.0003 iter=160/1600 loss=5.748e-5
  derivmatch lr=0.0003 iter=240/1600 loss=5.709e-5
  derivmatch lr=0.0003 iter=320/1600 loss=5.662e-5
  derivmatch lr=0.0003 iter=400/1600 loss=5.61e-5
  derivmatch lr=0.0003 iter=480/1600 loss=5.551e-5
  derivmatch lr=0.0003 iter=560/1600 loss=5.488e-5
  derivmatch lr=0.0003 iter=640/1600 loss=5.421e-5
  derivmatch lr=0.0003 iter=720/1600 loss=5.35e-5
  derivmatch lr=0.0003 iter=800/1600 loss=5.276e-5
  derivmatch lr=0.0003 iter=880/1600 loss=5.2e-5
  derivmatch lr=0.0003 iter=960/1600 loss=5.121e-5
  derivmatch lr=0.0003 iter=1040/1600 loss=5.041e-5
  derivmatch lr=0.0003 iter=1120/1600 loss=4.96e-5
  derivmatch lr=0.0003 iter=1200/1600 loss=4.878e-5
  derivmatch lr=0.0003 iter=1280/1600 loss=4.795e-5
  derivmatch lr=0.0003 iter=1360/1600 loss=4.712e-5
  derivmatch lr=0.0003 iter=1440/1600 loss=4.635e-5
  derivmatch lr=0.0003 iter=1520/1600 loss=4.547e-5
  derivmatch lr=0.0003 iter=1600/1600 loss=4.464e-5
  derivmatch lr=0.0003 iter=1600/1600 loss=4.464e-5
derivative matching [31s]  fitloss=4.46e-5
  [derivative matching]  nrmse=0.0044  l2=0.02653
  collocation: M=54 residuals=627  detecting sparsity + solving...

Algorithm: LevenbergMarquardt(
    trustregion = LevenbergMarquardtTrustRegion(
        β_uphill = 0.0
    ),
    descent = GeodesicAcceleration(
        descent = DampedNewtonDescent(
            linsolve = KLUFactorization(
                reuse_symbolic = true,
                check_pattern = true
            ),
            initial_damping = 1.0,
            damping_fn = LevenbergMarquardtDampingFunction(
                increase_factor = 2.0,
                decrease_factor = 3.0,
                min_damping = 1.0e-8
            ),
            min_norm_mode = :auto
        ),
        finite_diff_step_geodesic = 0.1,
        α = 0.75
    ),
    autodiff = AutoForwardDiff(),
    vjp_autodiff = AutoFiniteDiff(
        fdtype = Val{:forward}(),
        fdjtype = Val{:forward}(),
        fdhtype = Val{:hcentral}(),
        dir = true
    ),
    jvp_autodiff = AutoForwardDiff(),
    concrete_jac = Val{true}()
)

----    	-------------       	-----------         
Iter    	f(u) 2-norm         	Step 2-norm         
----    	-------------       	-----------         
0       	4.18142171e+03      	NaN                 
1       	4.18142171e+03      	0.00000000e+00      
8       	4.81878124e+03      	7.38515155e-03      
15      	1.96415830e+03      	2.39981403e-02      
22      	1.35085431e+02      	1.51229880e-01      
29      	9.53737182e+01      	2.82539162e-01      
36      	9.70342679e+02      	4.52518802e-01      
43      	1.19081111e+03      	0.00000000e+00      
50      	7.31543767e+01      	0.00000000e+00      
57      	4.22135962e+02      	0.00000000e+00      
64      	1.00869138e+02      	0.00000000e+00      
71      	3.74910791e+01      	0.00000000e+00      
78      	1.02451111e+02      	0.00000000e+00      
85      	1.20945259e+02      	0.00000000e+00      
92      	1.74265052e+02      	0.00000000e+00      
99      	1.03522525e+02      	0.00000000e+00      
106     	2.82464872e+02      	2.72009576e-01      
113     	3.35169329e+01      	0.00000000e+00      
120     	4.01524818e+00      	8.12138305e-02      
127     	4.80285412e+01      	2.67170458e-01      
134     	3.30328017e+02      	0.00000000e+00      
141     	8.04024313e+01      	0.00000000e+00      
148     	1.96339837e+02      	1.65513596e-01      
Final   	3.89410015e+00      
----------------------      
  AMR 1/1: M=54  err=9.51  obs=1.98e-10  nrmse=0.000148  best=0.000148  refined=0
collocation [19s]
  [final]  nrmse=0.0001485  l2=0.0002319
extrapolation window: T=1000.0 -> T_test=1.0e12  n_test=100
  [train]  E_traj=5.938e-8  E_VF=1.199e-6  E_spec=4.8250000000000005e28
  [test ]  E_traj=638.3  E_VF=9.479e6  E_spec=4.198e25
saved /orcd/home/002/txenakis/projects/BVPsolver/src/../data/runs/run_20m4QKCM/rober_fit.png
saved /orcd/home/002/txenakis/projects/BVPsolver/src/../data/runs/run_20m4QKCM/rober_fit_extrapolated.png
saved /orcd/home/002/txenakis/projects/BVPsolver/src/../data/runs/run_20m4QKCM/rober_spectral_fit_extrapolated.png
saved /orcd/home/002/txenakis/projects/BVPsolver/src/../data/runs/run_20m4QKCM/rober_vf_fit_extrapolated.png
┌ Warning: Attempting to store StiffNN.var"#12#13"{Float64, Float64, Float64}.
│ JLD2 only stores functions by name.
│  This may not be useful for anonymous functions.
└ @ JLD2 ~/.julia/packages/JLD2/ADycq/src/data/writing_datatypes.jl:447
saved run → /orcd/home/002/txenakis/projects/BVPsolver/src/../data/runs/run_20m4QKCM
--------------------------------------
Done: Thu Sep 24 10:55:27 EDT 2026
