Task 500/1800: --problem rober --model GELU-scaled --profile fast --seed 100 --pretraining derivmatch --training shooting
Logging to /home/txenakis/projects/BVPsolver/logs/run_main_23544358_500.log
rober  model=GELU-scaled width=7 d=3 tlen=50 profile=fast seed=100  solver=Rodas5  N=332
  derivmatch lr=0.01 iter=170/3400 loss=8.833
  derivmatch lr=0.01 iter=340/3400 loss=9.418
  derivmatch lr=0.01 iter=510/3400 loss=9.136
  derivmatch lr=0.01 iter=680/3400 loss=8.783
  derivmatch lr=0.01 iter=850/3400 loss=8.38
  derivmatch lr=0.01 iter=1020/3400 loss=7.883
  derivmatch lr=0.01 iter=1190/3400 loss=6.916
  derivmatch lr=0.01 iter=1360/3400 loss=8.678
  derivmatch lr=0.01 iter=1530/3400 loss=7.9
  derivmatch lr=0.01 iter=1700/3400 loss=6.252
  derivmatch lr=0.01 iter=1870/3400 loss=6.035
  derivmatch lr=0.01 iter=2040/3400 loss=6.072
  derivmatch lr=0.01 iter=2210/3400 loss=5.941
  derivmatch lr=0.01 iter=2380/3400 loss=5.864
  derivmatch lr=0.01 iter=2550/3400 loss=5.769
  derivmatch lr=0.01 iter=2720/3400 loss=5.976
  derivmatch lr=0.01 iter=2890/3400 loss=5.692
  derivmatch lr=0.01 iter=3060/3400 loss=5.616
  derivmatch lr=0.01 iter=3230/3400 loss=5.645
  derivmatch lr=0.01 iter=3400/3400 loss=5.464
  derivmatch lr=0.01 iter=3400/3400 loss=5.353
  derivmatch lr=0.003 iter=125/2500 loss=7.222
  derivmatch lr=0.003 iter=250/2500 loss=7.931
  derivmatch lr=0.003 iter=375/2500 loss=7.506
  derivmatch lr=0.003 iter=500/2500 loss=7.013
  derivmatch lr=0.003 iter=625/2500 loss=6.248
  derivmatch lr=0.003 iter=750/2500 loss=5.77
  derivmatch lr=0.003 iter=875/2500 loss=5.559
  derivmatch lr=0.003 iter=1000/2500 loss=5.329
  derivmatch lr=0.003 iter=1125/2500 loss=5.136
  derivmatch lr=0.003 iter=1250/2500 loss=5.75
  derivmatch lr=0.003 iter=1375/2500 loss=5.584
  derivmatch lr=0.003 iter=1500/2500 loss=5.477
  derivmatch lr=0.003 iter=1625/2500 loss=5.376
  derivmatch lr=0.003 iter=1750/2500 loss=5.304
  derivmatch lr=0.003 iter=1875/2500 loss=5.237
  derivmatch lr=0.003 iter=2000/2500 loss=5.17
  derivmatch lr=0.003 iter=2125/2500 loss=5.1
  derivmatch lr=0.003 iter=2250/2500 loss=5.033
  derivmatch lr=0.003 iter=2375/2500 loss=4.967
  derivmatch lr=0.003 iter=2500/2500 loss=4.898
  derivmatch lr=0.003 iter=2500/2500 loss=4.898
  derivmatch lr=0.001 iter=125/2500 loss=5.016
  derivmatch lr=0.001 iter=250/2500 loss=5.495
  derivmatch lr=0.001 iter=375/2500 loss=4.873
  derivmatch lr=0.001 iter=500/2500 loss=4.859
  derivmatch lr=0.001 iter=625/2500 loss=4.813
  derivmatch lr=0.001 iter=750/2500 loss=4.794
  derivmatch lr=0.001 iter=875/2500 loss=4.776
  derivmatch lr=0.001 iter=1000/2500 loss=4.757
  derivmatch lr=0.001 iter=1125/2500 loss=4.738
  derivmatch lr=0.001 iter=1250/2500 loss=4.719
  derivmatch lr=0.001 iter=1375/2500 loss=4.699
  derivmatch lr=0.001 iter=1500/2500 loss=4.679
  derivmatch lr=0.001 iter=1625/2500 loss=4.658
  derivmatch lr=0.001 iter=1750/2500 loss=4.636
  derivmatch lr=0.001 iter=1875/2500 loss=4.613
  derivmatch lr=0.001 iter=2000/2500 loss=4.589
  derivmatch lr=0.001 iter=2125/2500 loss=4.564
  derivmatch lr=0.001 iter=2250/2500 loss=4.538
  derivmatch lr=0.001 iter=2375/2500 loss=4.51
  derivmatch lr=0.001 iter=2500/2500 loss=4.481
  derivmatch lr=0.001 iter=2500/2500 loss=4.481
  derivmatch lr=0.0003 iter=80/1600 loss=4.472
  derivmatch lr=0.0003 iter=160/1600 loss=4.46
  derivmatch lr=0.0003 iter=240/1600 loss=4.444
  derivmatch lr=0.0003 iter=320/1600 loss=4.426
  derivmatch lr=0.0003 iter=400/1600 loss=4.406
  derivmatch lr=0.0003 iter=480/1600 loss=4.384
  derivmatch lr=0.0003 iter=560/1600 loss=4.36
  derivmatch lr=0.0003 iter=640/1600 loss=4.334
  derivmatch lr=0.0003 iter=720/1600 loss=4.308
  derivmatch lr=0.0003 iter=800/1600 loss=4.282
  derivmatch lr=0.0003 iter=880/1600 loss=4.257
  derivmatch lr=0.0003 iter=960/1600 loss=4.235
  derivmatch lr=0.0003 iter=1040/1600 loss=4.214
  derivmatch lr=0.0003 iter=1120/1600 loss=4.195
  derivmatch lr=0.0003 iter=1200/1600 loss=4.176
  derivmatch lr=0.0003 iter=1280/1600 loss=4.158
  derivmatch lr=0.0003 iter=1360/1600 loss=4.141
  derivmatch lr=0.0003 iter=1440/1600 loss=4.125
  derivmatch lr=0.0003 iter=1520/1600 loss=4.11
  derivmatch lr=0.0003 iter=1600/1600 loss=4.088
  derivmatch lr=0.0003 iter=1600/1600 loss=4.088
derivative matching [26s]  fitloss=4.09
  [derivative matching]  nrmse=21.97  l2=0.7912
  shooting iter=50/1000 loss=0.7282
  shooting iter=100/1000 loss=0.2439
  shooting iter=150/1000 loss=0.205
  shooting iter=200/1000 loss=0.2012
  shooting iter=250/1000 loss=0.2
  shooting iter=300/1000 loss=0.1993
  shooting iter=350/1000 loss=0.1982
  shooting iter=400/1000 loss=0.2019
  shooting iter=450/1000 loss=0.1984
  shooting iter=500/1000 loss=0.1987
  shooting iter=550/1000 loss=0.1994
  shooting iter=600/1000 loss=0.1968
  shooting iter=650/1000 loss=0.1985
  shooting iter=700/1000 loss=0.1963
  shooting iter=750/1000 loss=0.1988
  shooting iter=800/1000 loss=0.1961
  shooting iter=850/1000 loss=0.1971
  shooting iter=900/1000 loss=0.1959
  shooting iter=950/1000 loss=0.1964
  shooting iter=1000/1000 loss=0.1945
  shooting iter=1000/1000 loss=0.1945
shooting [493s]  loss=0.194
  [final]  nrmse=0.3472  l2=1.692
extrapolation window: T=1000.0 -> T_test=1.0e12  n_test=100
  [train]  E_traj=0.5446  E_VF=0.6814  E_spec=1.526e16
  [test ]  E_traj=1.097e21  E_VF=9.136e6  E_spec=1.0
saved /orcd/home/002/txenakis/projects/BVPsolver/src/../data/runs/run_5MRCIqNV/rober_fit.png
saved /orcd/home/002/txenakis/projects/BVPsolver/src/../data/runs/run_5MRCIqNV/rober_fit_extrapolated.png
saved /orcd/home/002/txenakis/projects/BVPsolver/src/../data/runs/run_5MRCIqNV/rober_spectral_fit_extrapolated.png
saved /orcd/home/002/txenakis/projects/BVPsolver/src/../data/runs/run_5MRCIqNV/rober_vf_fit_extrapolated.png
┌ Warning: Attempting to store StiffNN.var"#12#13"{Float64, Float64, Float64}.
│ JLD2 only stores functions by name.
│  This may not be useful for anonymous functions.
└ @ JLD2 ~/.julia/packages/JLD2/ADycq/src/data/writing_datatypes.jl:447
saved run → /orcd/home/002/txenakis/projects/BVPsolver/src/../data/runs/run_5MRCIqNV
--------------------------------------
Done: Wed Sep 23 09:33:00 EDT 2026
