Task 479/1800: --problem rober --model mlp --profile fast --seed 129 --pretraining derivmatch --training collocation
Logging to /home/txenakis/projects/BVPsolver/logs/run_main_23544358_479.log
rober  model=mlp width=15 d=3 tlen=50 profile=fast seed=129  solver=Rodas5  N=348
  derivmatch lr=0.01 iter=170/3400 loss=44.55
  derivmatch lr=0.01 iter=340/3400 loss=37.96
  derivmatch lr=0.01 iter=510/3400 loss=37.1
  derivmatch lr=0.01 iter=680/3400 loss=45.91
  derivmatch lr=0.01 iter=850/3400 loss=36.5
  derivmatch lr=0.01 iter=1020/3400 loss=39.09
  derivmatch lr=0.01 iter=1190/3400 loss=51.55
  derivmatch lr=0.01 iter=1360/3400 loss=30.31
  derivmatch lr=0.01 iter=1530/3400 loss=31.86
  derivmatch lr=0.01 iter=1700/3400 loss=38.44
  derivmatch lr=0.01 iter=1870/3400 loss=51.82
  derivmatch lr=0.01 iter=2040/3400 loss=45.88
  derivmatch lr=0.01 iter=2210/3400 loss=34.21
  derivmatch lr=0.01 iter=2380/3400 loss=34.59
  derivmatch lr=0.01 iter=2550/3400 loss=47.73
  derivmatch lr=0.01 iter=2720/3400 loss=52.0
  derivmatch lr=0.01 iter=2890/3400 loss=49.67
  derivmatch lr=0.01 iter=3060/3400 loss=28.8
  derivmatch lr=0.01 iter=3230/3400 loss=42.08
  derivmatch lr=0.01 iter=3400/3400 loss=38.76
  derivmatch lr=0.01 iter=3400/3400 loss=18.57
  derivmatch lr=0.003 iter=125/2500 loss=25.98
  derivmatch lr=0.003 iter=250/2500 loss=31.32
  derivmatch lr=0.003 iter=375/2500 loss=20.01
  derivmatch lr=0.003 iter=500/2500 loss=33.3
  derivmatch lr=0.003 iter=625/2500 loss=26.21
  derivmatch lr=0.003 iter=750/2500 loss=33.97
  derivmatch lr=0.003 iter=875/2500 loss=31.02
  derivmatch lr=0.003 iter=1000/2500 loss=24.63
  derivmatch lr=0.003 iter=1125/2500 loss=29.28
  derivmatch lr=0.003 iter=1250/2500 loss=25.29
  derivmatch lr=0.003 iter=1375/2500 loss=20.67
  derivmatch lr=0.003 iter=1500/2500 loss=33.66
  derivmatch lr=0.003 iter=1625/2500 loss=30.24
  derivmatch lr=0.003 iter=1750/2500 loss=30.51
  derivmatch lr=0.003 iter=1875/2500 loss=41.82
  derivmatch lr=0.003 iter=2000/2500 loss=41.42
  derivmatch lr=0.003 iter=2125/2500 loss=40.55
  derivmatch lr=0.003 iter=2250/2500 loss=37.85
  derivmatch lr=0.003 iter=2375/2500 loss=37.24
  derivmatch lr=0.003 iter=2500/2500 loss=36.34
  derivmatch lr=0.003 iter=2500/2500 loss=13.26
  derivmatch lr=0.001 iter=125/2500 loss=20.32
  derivmatch lr=0.001 iter=250/2500 loss=18.25
  derivmatch lr=0.001 iter=375/2500 loss=16.25
  derivmatch lr=0.001 iter=500/2500 loss=11.98
  derivmatch lr=0.001 iter=625/2500 loss=17.06
  derivmatch lr=0.001 iter=750/2500 loss=16.95
  derivmatch lr=0.001 iter=875/2500 loss=11.27
  derivmatch lr=0.001 iter=1000/2500 loss=10.04
  derivmatch lr=0.001 iter=1125/2500 loss=19.45
  derivmatch lr=0.001 iter=1250/2500 loss=25.43
  derivmatch lr=0.001 iter=1375/2500 loss=17.74
  derivmatch lr=0.001 iter=1500/2500 loss=15.25
  derivmatch lr=0.001 iter=1625/2500 loss=20.67
  derivmatch lr=0.001 iter=1750/2500 loss=24.82
  derivmatch lr=0.001 iter=1875/2500 loss=25.34
  derivmatch lr=0.001 iter=2000/2500 loss=25.29
  derivmatch lr=0.001 iter=2125/2500 loss=24.4
  derivmatch lr=0.001 iter=2250/2500 loss=24.25
  derivmatch lr=0.001 iter=2375/2500 loss=22.91
  derivmatch lr=0.001 iter=2500/2500 loss=23.79
  derivmatch lr=0.001 iter=2500/2500 loss=9.416
  derivmatch lr=0.0003 iter=80/1600 loss=9.408
  derivmatch lr=0.0003 iter=160/1600 loss=9.673
  derivmatch lr=0.0003 iter=240/1600 loss=9.009
  derivmatch lr=0.0003 iter=320/1600 loss=9.332
  derivmatch lr=0.0003 iter=400/1600 loss=9.242
  derivmatch lr=0.0003 iter=480/1600 loss=8.348
  derivmatch lr=0.0003 iter=560/1600 loss=9.092
  derivmatch lr=0.0003 iter=640/1600 loss=9.537
  derivmatch lr=0.0003 iter=720/1600 loss=11.07
  derivmatch lr=0.0003 iter=800/1600 loss=8.328
  derivmatch lr=0.0003 iter=880/1600 loss=9.967
  derivmatch lr=0.0003 iter=960/1600 loss=14.5
  derivmatch lr=0.0003 iter=1040/1600 loss=8.112
  derivmatch lr=0.0003 iter=1120/1600 loss=9.003
  derivmatch lr=0.0003 iter=1200/1600 loss=8.818
  derivmatch lr=0.0003 iter=1280/1600 loss=8.081
  derivmatch lr=0.0003 iter=1360/1600 loss=8.953
  derivmatch lr=0.0003 iter=1440/1600 loss=9.339
  derivmatch lr=0.0003 iter=1520/1600 loss=8.252
  derivmatch lr=0.0003 iter=1600/1600 loss=8.801
  derivmatch lr=0.0003 iter=1600/1600 loss=7.915
derivative matching [23s]  fitloss=7.92
  [derivative matching]  nrmse=185200.0  l2=264.6
  collocation: M=54 residuals=627  detecting sparsity + solving...

Algorithm: LevenbergMarquardt(
    trustregion = LevenbergMarquardtTrustRegion(
        β_uphill = 0.0
    ),
    descent = GeodesicAcceleration(
        descent = DampedNewtonDescent(
            linsolve = KLUFactorization(
                reuse_symbolic = true,
                check_pattern = true
            ),
            initial_damping = 1.0,
            damping_fn = LevenbergMarquardtDampingFunction(
                increase_factor = 2.0,
                decrease_factor = 3.0,
                min_damping = 1.0e-8
            ),
            min_norm_mode = :auto
        ),
        finite_diff_step_geodesic = 0.1,
        α = 0.75
    ),
    autodiff = AutoForwardDiff(),
    vjp_autodiff = AutoFiniteDiff(
        fdtype = Val{:forward}(),
        fdjtype = Val{:forward}(),
        fdhtype = Val{:hcentral}(),
        dir = true
    ),
    jvp_autodiff = AutoForwardDiff(),
    concrete_jac = Val{true}()
)

----    	-------------       	-----------         
Iter    	f(u) 2-norm         	Step 2-norm         
----    	-------------       	-----------         
0       	1.19104089e+08      	NaN                 
1       	1.85044630e+08      	1.55608491e-02      
8       	8.72797271e+06      	1.47981433e-01      
15      	8.37778080e+07      	8.74305324e-01      
22      	8.52796751e+07      	0.00000000e+00      
29      	1.26797248e+08      	0.00000000e+00      
36      	9.76772026e+07      	6.38731406e-01      
43      	2.34898354e+07      	0.00000000e+00      
50      	2.29442293e+07      	0.00000000e+00      
57      	6.06455514e+06      	3.86368042e-01      
64      	1.14511860e+07      	0.00000000e+00      
71      	1.43866631e+06      	0.00000000e+00      
78      	8.05190139e+06      	0.00000000e+00      
85      	2.40415926e+07      	0.00000000e+00      
92      	7.54986407e+06      	1.29790306e-01      
99      	3.56598948e+07      	0.00000000e+00      
106     	3.38950849e+07      	0.00000000e+00      
113     	7.88516916e+07      	0.00000000e+00      
120     	5.18251004e+07      	0.00000000e+00      
127     	7.81986392e+05      	1.30866483e-01      
134     	7.56514811e+07      	0.00000000e+00      
141     	4.34282015e+07      	0.00000000e+00      
148     	4.30347870e+07      	0.00000000e+00      
Final   	7.81986392e+05      
----------------------      
  AMR 1/1: M=54  err=3.72e11  obs=4.64e-6  nrmse=1.16e6  best=185000.0  refined=0
 derivative matching was best (1/1 rounds ran)
collocation [15s]
  [final]  nrmse=185200.0  l2=264.6
extrapolation window: T=1000.0 -> T_test=1.0e12  n_test=100
  [train]  E_traj=8.926e10  E_VF=0.6237  E_spec=7.684999999999999e26
  [test ]  E_traj=2.6069999999999997e32  E_VF=4.902e15  E_spec=4.212000000000001e28
saved /orcd/home/002/txenakis/projects/BVPsolver/src/../data/runs/run_58Df9BSz/rober_fit.png
saved /orcd/home/002/txenakis/projects/BVPsolver/src/../data/runs/run_58Df9BSz/rober_fit_extrapolated.png
saved /orcd/home/002/txenakis/projects/BVPsolver/src/../data/runs/run_58Df9BSz/rober_spectral_fit_extrapolated.png
saved /orcd/home/002/txenakis/projects/BVPsolver/src/../data/runs/run_58Df9BSz/rober_vf_fit_extrapolated.png
┌ Warning: Attempting to store StiffNN.var"#12#13"{Float64, Float64, Float64}.
│ JLD2 only stores functions by name.
│  This may not be useful for anonymous functions.
└ @ JLD2 ~/.julia/packages/JLD2/ADycq/src/data/writing_datatypes.jl:447
saved run → /orcd/home/002/txenakis/projects/BVPsolver/src/../data/runs/run_58Df9BSz
--------------------------------------
Done: Wed Sep 23 09:22:47 EDT 2026
