Task 25/120: --problem davis-skodje --param 1e-2 --model stiff --profile fast --seed 45 --pretraining derivmatch --training collocation
Logging to /home/txenakis/projects/BVPsolver/logs/run_main_22277856_25.log
davis-skodje  model=stiff width=12 d=2 tlen=300 profile=fast seed=45  solver=Rodas5P  N=268
  derivmatch lr=0.01 iter=170/3400 loss=0.07553
  derivmatch lr=0.01 iter=340/3400 loss=0.03001
  derivmatch lr=0.01 iter=510/3400 loss=0.01778
  derivmatch lr=0.01 iter=680/3400 loss=0.01177
  derivmatch lr=0.01 iter=850/3400 loss=0.007481
  derivmatch lr=0.01 iter=1020/3400 loss=0.003944
  derivmatch lr=0.01 iter=1190/3400 loss=0.001802
  derivmatch lr=0.01 iter=1360/3400 loss=0.0008602
  derivmatch lr=0.01 iter=1530/3400 loss=0.0005081
  derivmatch lr=0.01 iter=1700/3400 loss=0.000372
  derivmatch lr=0.01 iter=1870/3400 loss=0.0003033
  derivmatch lr=0.01 iter=2040/3400 loss=0.0002581
  derivmatch lr=0.01 iter=2210/3400 loss=0.0002241
  derivmatch lr=0.01 iter=2380/3400 loss=0.0001971
  derivmatch lr=0.01 iter=2550/3400 loss=0.0001752
  derivmatch lr=0.01 iter=2720/3400 loss=0.0001574
  derivmatch lr=0.01 iter=2890/3400 loss=0.0001427
  derivmatch lr=0.01 iter=3060/3400 loss=0.0001305
  derivmatch lr=0.01 iter=3230/3400 loss=0.0001203
  derivmatch lr=0.01 iter=3400/3400 loss=0.0001116
  derivmatch lr=0.01 iter=3400/3400 loss=0.0001116
  derivmatch lr=0.003 iter=125/2500 loss=9.667e-5
  derivmatch lr=0.003 iter=250/2500 loss=8.367e-5
  derivmatch lr=0.003 iter=375/2500 loss=6.982e-5
  derivmatch lr=0.003 iter=500/2500 loss=5.646e-5
  derivmatch lr=0.003 iter=625/2500 loss=4.527e-5
  derivmatch lr=0.003 iter=750/2500 loss=3.603e-5
  derivmatch lr=0.003 iter=875/2500 loss=2.909e-5
  derivmatch lr=0.003 iter=1000/2500 loss=2.369e-5
  derivmatch lr=0.003 iter=1125/2500 loss=2.65e-5
  derivmatch lr=0.003 iter=1250/2500 loss=1.678e-5
  derivmatch lr=0.003 iter=1375/2500 loss=1.445e-5
  derivmatch lr=0.003 iter=1500/2500 loss=7.195e-5
  derivmatch lr=0.003 iter=1625/2500 loss=1.102e-5
  derivmatch lr=0.003 iter=1750/2500 loss=9.877e-6
  derivmatch lr=0.003 iter=1875/2500 loss=9.616e-6
  derivmatch lr=0.003 iter=2000/2500 loss=2.023e-5
  derivmatch lr=0.003 iter=2125/2500 loss=7.618e-6
  derivmatch lr=0.003 iter=2250/2500 loss=6.733e-6
  derivmatch lr=0.003 iter=2375/2500 loss=9.643e-6
  derivmatch lr=0.003 iter=2500/2500 loss=1.53e-5
  derivmatch lr=0.003 iter=2500/2500 loss=5.895e-6
  derivmatch lr=0.001 iter=125/2500 loss=5.833e-6
  derivmatch lr=0.001 iter=250/2500 loss=5.748e-6
  derivmatch lr=0.001 iter=375/2500 loss=5.638e-6
  derivmatch lr=0.001 iter=500/2500 loss=5.507e-6
  derivmatch lr=0.001 iter=625/2500 loss=5.361e-6
  derivmatch lr=0.001 iter=750/2500 loss=5.201e-6
  derivmatch lr=0.001 iter=875/2500 loss=5.03e-6
  derivmatch lr=0.001 iter=1000/2500 loss=4.901e-6
  derivmatch lr=0.001 iter=1125/2500 loss=4.67e-6
  derivmatch lr=0.001 iter=1250/2500 loss=4.484e-6
  derivmatch lr=0.001 iter=1375/2500 loss=4.317e-6
  derivmatch lr=0.001 iter=1500/2500 loss=4.115e-6
  derivmatch lr=0.001 iter=1625/2500 loss=1.318e-5
  derivmatch lr=0.001 iter=1750/2500 loss=3.76e-6
  derivmatch lr=0.001 iter=1875/2500 loss=3.59e-6
  derivmatch lr=0.001 iter=2000/2500 loss=3.436e-6
  derivmatch lr=0.001 iter=2125/2500 loss=3.281e-6
  derivmatch lr=0.001 iter=2250/2500 loss=3.249e-6
  derivmatch lr=0.001 iter=2375/2500 loss=3.008e-6
  derivmatch lr=0.001 iter=2500/2500 loss=3.39e-6
  derivmatch lr=0.001 iter=2500/2500 loss=2.933e-6
  derivmatch lr=0.0003 iter=80/1600 loss=2.928e-6
  derivmatch lr=0.0003 iter=160/1600 loss=2.907e-6
  derivmatch lr=0.0003 iter=240/1600 loss=2.89e-6
  derivmatch lr=0.0003 iter=320/1600 loss=2.869e-6
  derivmatch lr=0.0003 iter=400/1600 loss=2.845e-6
  derivmatch lr=0.0003 iter=480/1600 loss=2.819e-6
  derivmatch lr=0.0003 iter=560/1600 loss=2.79e-6
  derivmatch lr=0.0003 iter=640/1600 loss=2.759e-6
  derivmatch lr=0.0003 iter=720/1600 loss=2.727e-6
  derivmatch lr=0.0003 iter=800/1600 loss=2.693e-6
  derivmatch lr=0.0003 iter=880/1600 loss=2.657e-6
  derivmatch lr=0.0003 iter=960/1600 loss=2.62e-6
  derivmatch lr=0.0003 iter=1040/1600 loss=2.582e-6
  derivmatch lr=0.0003 iter=1120/1600 loss=2.543e-6
  derivmatch lr=0.0003 iter=1200/1600 loss=2.504e-6
  derivmatch lr=0.0003 iter=1280/1600 loss=2.463e-6
  derivmatch lr=0.0003 iter=1360/1600 loss=2.422e-6
  derivmatch lr=0.0003 iter=1440/1600 loss=2.38e-6
  derivmatch lr=0.0003 iter=1520/1600 loss=2.338e-6
  derivmatch lr=0.0003 iter=1600/1600 loss=2.351e-6
  derivmatch lr=0.0003 iter=1600/1600 loss=2.302e-6
derivative matching [31s]  fitloss=2.3e-6
  [derivative matching]  nrmse=8.542e-5  l2=0.003246
  collocation: M=300 residuals=2394  detecting sparsity + solving...

Algorithm: LevenbergMarquardt(
    trustregion = LevenbergMarquardtTrustRegion(
        β_uphill = 0.0
    ),
    descent = GeodesicAcceleration(
        descent = DampedNewtonDescent(
            linsolve = KLUFactorization(
                reuse_symbolic = true,
                check_pattern = true
            ),
            initial_damping = 1.0,
            damping_fn = LevenbergMarquardtDampingFunction(
                increase_factor = 2.0,
                decrease_factor = 3.0,
                min_damping = 1.0e-8
            ),
            min_norm_mode = :auto
        ),
        finite_diff_step_geodesic = 0.1,
        α = 0.75
    ),
    autodiff = AutoForwardDiff(),
    vjp_autodiff = AutoFiniteDiff(
        fdtype = Val{:forward}(),
        fdjtype = Val{:forward}(),
        fdhtype = Val{:hcentral}(),
        dir = true
    ),
    jvp_autodiff = AutoForwardDiff(),
    concrete_jac = Val{true}()
)

----    	-------------       	-----------         
Iter    	f(u) 2-norm         	Step 2-norm         
----    	-------------       	-----------         
0       	2.52599771e+01      	NaN                 
1       	1.18468708e+01      	6.35385481e-02      
8       	1.00946252e-02      	4.78339090e-03      
15      	8.95444599e-04      	5.54392462e-03      
22      	3.51262492e-02      	6.65715008e-01      
29      	1.38321041e+00      	2.04330692e+00      
36      	1.26523786e-02      	4.88474309e-01      
43      	2.11606591e-01      	0.00000000e+00      
50      	1.53156194e-03      	0.00000000e+00      
57      	4.72147885e-02      	4.79666916e-01      
64      	2.29141836e-03      	0.00000000e+00      
71      	2.99524100e-02      	5.68964083e-01      
78      	2.96671535e-02      	3.40721543e-01      
85      	3.32767766e-01      	0.00000000e+00      
92      	7.50816912e-01      	1.63205175e+00      
99      	8.74361529e-02      	8.86630536e-01      
106     	4.14169193e-02      	6.50079283e-01      
113     	5.56758627e-02      	0.00000000e+00      
120     	5.39482772e-02      	0.00000000e+00      
127     	1.80708965e-01      	0.00000000e+00      
134     	2.07568807e-02      	0.00000000e+00      
141     	1.56267755e-02      	0.00000000e+00      
148     	3.15369762e-02      	0.00000000e+00      
Final   	1.16158462e-05      
----------------------      
  AMR 1/3: M=300  err=5.85e-12  obs=3.25e-8  nrmse=4.53e-7  best=4.53e-7  refined=12
  collocation: M=312 residuals=2466  detecting sparsity + solving...

Algorithm: LevenbergMarquardt(
    trustregion = LevenbergMarquardtTrustRegion(
        β_uphill = 0.0
    ),
    descent = GeodesicAcceleration(
        descent = DampedNewtonDescent(
            linsolve = KLUFactorization(
                reuse_symbolic = true,
                check_pattern = true
            ),
            initial_damping = 1.0,
            damping_fn = LevenbergMarquardtDampingFunction(
                increase_factor = 2.0,
                decrease_factor = 3.0,
                min_damping = 1.0e-8
            ),
            min_norm_mode = :auto
        ),
        finite_diff_step_geodesic = 0.1,
        α = 0.75
    ),
    autodiff = AutoForwardDiff(),
    vjp_autodiff = AutoFiniteDiff(
        fdtype = Val{:forward}(),
        fdjtype = Val{:forward}(),
        fdhtype = Val{:hcentral}(),
        dir = true
    ),
    jvp_autodiff = AutoForwardDiff(),
    concrete_jac = Val{true}()
)

----    	-------------       	-----------         
Iter    	f(u) 2-norm         	Step 2-norm         
----    	-------------       	-----------         
0       	2.54844603e+01      	7.08343963e+01      
1       	1.17974211e+01      	2.36450075e-01      
8       	3.61832528e-03      	6.86100320e-03      
15      	8.59595161e-04      	2.01774064e-02      
22      	2.26869396e-06      	1.62905461e-02      
29      	4.96486194e-06      	1.57218352e-02      
36      	1.61936023e-02      	0.00000000e+00      
43      	1.07180593e-01      	0.00000000e+00      
50      	4.40551426e-02      	0.00000000e+00      
57      	8.58807801e-02      	0.00000000e+00      
64      	2.73229894e-05      	3.30648142e-02      
71      	2.36772300e-01      	0.00000000e+00      
78      	5.64046475e-03      	0.00000000e+00      
85      	1.48930458e-02      	0.00000000e+00      
92      	2.82424268e-02      	0.00000000e+00      
99      	1.32229558e-02      	6.84813973e-01      
106     	5.95416771e-04      	0.00000000e+00      
113     	3.05040703e-02      	3.86946447e-01      
120     	3.98600477e-04      	2.19718395e-01      
127     	2.40877414e-02      	0.00000000e+00      
134     	5.54821654e-05      	0.00000000e+00      
141     	1.75217587e-02      	4.60964825e-01      
148     	2.32927255e-01      	0.00000000e+00      
Final   	2.25992081e-06      
----------------------      
  AMR 2/3: M=312  err=1.23e-13  obs=3.25e-8  nrmse=4.53e-7  best=4.53e-7  refined=25
  collocation: M=337 residuals=2616  detecting sparsity + solving...

Algorithm: LevenbergMarquardt(
    trustregion = LevenbergMarquardtTrustRegion(
        β_uphill = 0.0
    ),
    descent = GeodesicAcceleration(
        descent = DampedNewtonDescent(
            linsolve = KLUFactorization(
                reuse_symbolic = true,
                check_pattern = true
            ),
            initial_damping = 1.0,
            damping_fn = LevenbergMarquardtDampingFunction(
                increase_factor = 2.0,
                decrease_factor = 3.0,
                min_damping = 1.0e-8
            ),
            min_norm_mode = :auto
        ),
        finite_diff_step_geodesic = 0.1,
        α = 0.75
    ),
    autodiff = AutoForwardDiff(),
    vjp_autodiff = AutoFiniteDiff(
        fdtype = Val{:forward}(),
        fdjtype = Val{:forward}(),
        fdhtype = Val{:hcentral}(),
        dir = true
    ),
    jvp_autodiff = AutoForwardDiff(),
    concrete_jac = Val{true}()
)

----    	-------------       	-----------         
Iter    	f(u) 2-norm         	Step 2-norm         
----    	-------------       	-----------         
0       	2.48630127e+01      	2.25630994e-310     
1       	1.14351383e+01      	2.63495942e-01      
8       	7.30664296e-03      	9.72935309e-03      
15      	8.34504958e-04      	1.84281969e-02      
22      	2.02580545e-06      	1.45885248e-02      
29      	5.11256191e-06      	1.61112681e-02      
36      	1.15217428e-03      	0.00000000e+00      
43      	6.02701999e-05      	5.72582674e-02      
50      	1.25327576e-02      	0.00000000e+00      
57      	4.00395364e-05      	0.00000000e+00      
64      	5.96875371e-06      	4.50531733e-02      
71      	1.09345335e-04      	8.01194934e-02      
78      	2.08351825e-01      	0.00000000e+00      
85      	2.92552485e-04      	0.00000000e+00      
92      	8.96512826e-03      	0.00000000e+00      
99      	5.11817886e-03      	6.05781478e-01      
106     	5.63956055e-04      	0.00000000e+00      
113     	4.33171143e-06      	3.13716819e-02      
120     	2.11397880e-04      	2.03355297e-01      
127     	3.67296630e-03      	3.39704869e-01      
134     	1.38489534e-01      	1.00536793e+00      
141     	1.16539736e-01      	0.00000000e+00      
148     	1.26461512e-03      	2.94632606e-01      
Final   	1.97828092e-06      
----------------------      
  AMR 3/3: M=337  err=6.16e-14  obs=2.13e-8  nrmse=5.14e-7  best=4.53e-7  refined=0
collocation [130s]
  [final]  nrmse=4.532e-7  l2=1.633e-5
extrapolation window: T=15.0 -> T_test=30.0  n_test=600
  [train]  E_traj=4.284e-13  E_VF=1.973e-7  E_spec=0.8487
  [test ]  E_traj=12.3  E_VF=0.6268  E_spec=0.8427
saved /orcd/home/002/txenakis/projects/BVPsolver/src/../data/runs/run_2enGJbGC/davis-skodje_fit.png
saved /orcd/home/002/txenakis/projects/BVPsolver/src/../data/runs/run_2enGJbGC/davis-skodje_fit_extrapolated.png
saved /orcd/home/002/txenakis/projects/BVPsolver/src/../data/runs/run_2enGJbGC/davis-skodje_spectral_fit_extrapolated.png
saved /orcd/home/002/txenakis/projects/BVPsolver/src/../data/runs/run_2enGJbGC/davis-skodje_vf_fit_extrapolated.png
┌ Warning: Attempting to store StiffNN.var"#22#23"{Float64}.
│ JLD2 only stores functions by name.
│  This may not be useful for anonymous functions.
└ @ JLD2 ~/.julia/packages/JLD2/ADycq/src/data/writing_datatypes.jl:447
saved run → /orcd/home/002/txenakis/projects/BVPsolver/src/../data/runs/run_2enGJbGC
--------------------------------------
Done: Tue Sep  8 06:37:22 EDT 2026
