Task 65/150: --problem rober --model mlp --profile fast --seed 35 --pretraining derivmatch --training shooting
Logging to /home/txenakis/projects/BVPsolver/logs/run_main_22277775_65.log
rober  model=mlp width=15 d=3 tlen=50 profile=fast seed=35  solver=Rodas5  N=348
  derivmatch lr=0.01 iter=170/3400 loss=36.61
  derivmatch lr=0.01 iter=340/3400 loss=48.59
  derivmatch lr=0.01 iter=510/3400 loss=55.78
  derivmatch lr=0.01 iter=680/3400 loss=52.44
  derivmatch lr=0.01 iter=850/3400 loss=40.03
  derivmatch lr=0.01 iter=1020/3400 loss=44.01
  derivmatch lr=0.01 iter=1190/3400 loss=52.03
  derivmatch lr=0.01 iter=1360/3400 loss=44.81
  derivmatch lr=0.01 iter=1530/3400 loss=42.39
  derivmatch lr=0.01 iter=1700/3400 loss=36.12
  derivmatch lr=0.01 iter=1870/3400 loss=38.56
  derivmatch lr=0.01 iter=2040/3400 loss=37.77
  derivmatch lr=0.01 iter=2210/3400 loss=49.68
  derivmatch lr=0.01 iter=2380/3400 loss=53.98
  derivmatch lr=0.01 iter=2550/3400 loss=48.35
  derivmatch lr=0.01 iter=2720/3400 loss=37.08
  derivmatch lr=0.01 iter=2890/3400 loss=53.18
  derivmatch lr=0.01 iter=3060/3400 loss=49.34
  derivmatch lr=0.01 iter=3230/3400 loss=40.95
  derivmatch lr=0.01 iter=3400/3400 loss=70.41
  derivmatch lr=0.01 iter=3400/3400 loss=25.43
  derivmatch lr=0.003 iter=125/2500 loss=34.97
  derivmatch lr=0.003 iter=250/2500 loss=35.17
  derivmatch lr=0.003 iter=375/2500 loss=36.14
  derivmatch lr=0.003 iter=500/2500 loss=30.25
  derivmatch lr=0.003 iter=625/2500 loss=28.28
  derivmatch lr=0.003 iter=750/2500 loss=32.34
  derivmatch lr=0.003 iter=875/2500 loss=25.72
  derivmatch lr=0.003 iter=1000/2500 loss=40.1
  derivmatch lr=0.003 iter=1125/2500 loss=36.18
  derivmatch lr=0.003 iter=1250/2500 loss=57.71
  derivmatch lr=0.003 iter=1375/2500 loss=36.15
  derivmatch lr=0.003 iter=1500/2500 loss=33.3
  derivmatch lr=0.003 iter=1625/2500 loss=58.5
  derivmatch lr=0.003 iter=1750/2500 loss=40.32
  derivmatch lr=0.003 iter=1875/2500 loss=37.43
  derivmatch lr=0.003 iter=2000/2500 loss=36.13
  derivmatch lr=0.003 iter=2125/2500 loss=37.32
  derivmatch lr=0.003 iter=2250/2500 loss=38.06
  derivmatch lr=0.003 iter=2375/2500 loss=34.27
  derivmatch lr=0.003 iter=2500/2500 loss=28.75
  derivmatch lr=0.003 iter=2500/2500 loss=20.45
  derivmatch lr=0.001 iter=125/2500 loss=19.3
  derivmatch lr=0.001 iter=250/2500 loss=25.76
  derivmatch lr=0.001 iter=375/2500 loss=23.76
  derivmatch lr=0.001 iter=500/2500 loss=27.8
  derivmatch lr=0.001 iter=625/2500 loss=25.47
  derivmatch lr=0.001 iter=750/2500 loss=20.02
  derivmatch lr=0.001 iter=875/2500 loss=19.9
  derivmatch lr=0.001 iter=1000/2500 loss=18.12
  derivmatch lr=0.001 iter=1125/2500 loss=27.01
  derivmatch lr=0.001 iter=1250/2500 loss=23.39
  derivmatch lr=0.001 iter=1375/2500 loss=23.26
  derivmatch lr=0.001 iter=1500/2500 loss=21.84
  derivmatch lr=0.001 iter=1625/2500 loss=30.88
  derivmatch lr=0.001 iter=1750/2500 loss=31.06
  derivmatch lr=0.001 iter=1875/2500 loss=30.31
  derivmatch lr=0.001 iter=2000/2500 loss=28.41
  derivmatch lr=0.001 iter=2125/2500 loss=20.49
  derivmatch lr=0.001 iter=2250/2500 loss=20.74
  derivmatch lr=0.001 iter=2375/2500 loss=19.6
  derivmatch lr=0.001 iter=2500/2500 loss=30.94
  derivmatch lr=0.001 iter=2500/2500 loss=13.65
  derivmatch lr=0.0003 iter=80/1600 loss=12.85
  derivmatch lr=0.0003 iter=160/1600 loss=12.72
  derivmatch lr=0.0003 iter=240/1600 loss=13.37
  derivmatch lr=0.0003 iter=320/1600 loss=12.95
  derivmatch lr=0.0003 iter=400/1600 loss=12.59
  derivmatch lr=0.0003 iter=480/1600 loss=12.82
  derivmatch lr=0.0003 iter=560/1600 loss=12.35
  derivmatch lr=0.0003 iter=640/1600 loss=18.96
  derivmatch lr=0.0003 iter=720/1600 loss=23.31
  derivmatch lr=0.0003 iter=800/1600 loss=22.74
  derivmatch lr=0.0003 iter=880/1600 loss=22.45
  derivmatch lr=0.0003 iter=960/1600 loss=20.87
  derivmatch lr=0.0003 iter=1040/1600 loss=19.72
  derivmatch lr=0.0003 iter=1120/1600 loss=14.21
  derivmatch lr=0.0003 iter=1200/1600 loss=12.83
  derivmatch lr=0.0003 iter=1280/1600 loss=11.99
  derivmatch lr=0.0003 iter=1360/1600 loss=11.98
  derivmatch lr=0.0003 iter=1440/1600 loss=11.92
  derivmatch lr=0.0003 iter=1520/1600 loss=12.41
  derivmatch lr=0.0003 iter=1600/1600 loss=12.17
  derivmatch lr=0.0003 iter=1600/1600 loss=11.66
derivative matching [23s]  fitloss=11.7
  [derivative matching]  nrmse=1.248e6  l2=1253.0
  shooting iter=50/1000 loss=815.2
  shooting iter=100/1000 loss=230.8
  shooting iter=150/1000 loss=192.7
  shooting iter=200/1000 loss=168.6
  shooting iter=250/1000 loss=146.7
  shooting iter=300/1000 loss=132.5
  shooting iter=350/1000 loss=129.6
  shooting iter=400/1000 loss=120.5
  shooting iter=450/1000 loss=114.3
  shooting iter=500/1000 loss=106.1
  shooting iter=550/1000 loss=101.6
  shooting iter=600/1000 loss=93.43
  shooting iter=650/1000 loss=87.42
  shooting iter=700/1000 loss=83.02
  shooting iter=750/1000 loss=80.45
  shooting iter=800/1000 loss=74.21
  shooting iter=850/1000 loss=73.46
  shooting iter=900/1000 loss=65.97
  shooting iter=950/1000 loss=58.0
  shooting iter=1000/1000 loss=45.79
  shooting iter=1000/1000 loss=44.94
shooting [1126s]  loss=44.9
  [final]  nrmse=168.9  l2=3.213
extrapolation window: T=1000.0 -> T_test=1.0e12  n_test=100
  [train]  E_traj=74210.0  E_VF=126.2  E_spec=1.3780000000000001e29
  [test ]  E_traj=48760.0  E_VF=8.516e17  E_spec=8.022e29
saved /orcd/home/002/txenakis/projects/BVPsolver/src/../data/runs/run_ER8KPsEt/rober_fit.png
saved /orcd/home/002/txenakis/projects/BVPsolver/src/../data/runs/run_ER8KPsEt/rober_fit_extrapolated.png
saved /orcd/home/002/txenakis/projects/BVPsolver/src/../data/runs/run_ER8KPsEt/rober_spectral_fit_extrapolated.png
saved /orcd/home/002/txenakis/projects/BVPsolver/src/../data/runs/run_ER8KPsEt/rober_vf_fit_extrapolated.png
┌ Warning: Attempting to store StiffNN.var"#12#13"{Float64, Float64, Float64}.
│ JLD2 only stores functions by name.
│  This may not be useful for anonymous functions.
└ @ JLD2 ~/.julia/packages/JLD2/ADycq/src/data/writing_datatypes.jl:447
saved run → /orcd/home/002/txenakis/projects/BVPsolver/src/../data/runs/run_ER8KPsEt
--------------------------------------
Done: Tue Sep  8 06:23:01 EDT 2026
