Task 80/200: --problem dahlquist --param -100 --model stiff --profile fast --seed 800 --pretraining derivmatch --training shooting
Logging to /home/txenakis/projects/BVPsolver/logs/run_main_23927197_80.log
dahlquist  model=stiff width=8 d=1 tlen=50 profile=fast seed=800  solver=Rodas5  N=114
  derivmatch lr=0.01 iter=170/3400 loss=0.002034
  derivmatch lr=0.01 iter=340/3400 loss=0.0005922
  derivmatch lr=0.01 iter=510/3400 loss=0.0004383
  derivmatch lr=0.01 iter=680/3400 loss=0.0003825
  derivmatch lr=0.01 iter=850/3400 loss=0.0003406
  derivmatch lr=0.01 iter=1020/3400 loss=0.0003081
  derivmatch lr=0.01 iter=1190/3400 loss=0.0002823
  derivmatch lr=0.01 iter=1360/3400 loss=0.0002613
  derivmatch lr=0.01 iter=1530/3400 loss=0.0002438
  derivmatch lr=0.01 iter=1700/3400 loss=0.000229
  derivmatch lr=0.01 iter=1870/3400 loss=0.0002161
  derivmatch lr=0.01 iter=2040/3400 loss=0.0002047
  derivmatch lr=0.01 iter=2210/3400 loss=0.0001941
  derivmatch lr=0.01 iter=2380/3400 loss=0.0001838
  derivmatch lr=0.01 iter=2550/3400 loss=0.0001734
  derivmatch lr=0.01 iter=2720/3400 loss=0.0001627
  derivmatch lr=0.01 iter=2890/3400 loss=0.0001514
  derivmatch lr=0.01 iter=3060/3400 loss=0.0001393
  derivmatch lr=0.01 iter=3230/3400 loss=0.0001264
  derivmatch lr=0.01 iter=3400/3400 loss=0.0001125
  derivmatch lr=0.01 iter=3400/3400 loss=0.0001125
  derivmatch lr=0.003 iter=125/2500 loss=5.547e-5
  derivmatch lr=0.003 iter=250/2500 loss=1.721e-5
  derivmatch lr=0.003 iter=375/2500 loss=5.87e-6
  derivmatch lr=0.003 iter=500/2500 loss=4.991e-6
  derivmatch lr=0.003 iter=625/2500 loss=4.225e-6
  derivmatch lr=0.003 iter=750/2500 loss=3.391e-6
  derivmatch lr=0.003 iter=875/2500 loss=3.006e-6
  derivmatch lr=0.003 iter=1000/2500 loss=2.819e-6
  derivmatch lr=0.003 iter=1125/2500 loss=5.684e-6
  derivmatch lr=0.003 iter=1250/2500 loss=2.714e-6
  derivmatch lr=0.003 iter=1375/2500 loss=3.304e-6
  derivmatch lr=0.003 iter=1500/2500 loss=2.643e-6
  derivmatch lr=0.003 iter=1625/2500 loss=2.745e-6
  derivmatch lr=0.003 iter=1750/2500 loss=2.588e-6
  derivmatch lr=0.003 iter=1875/2500 loss=6.796e-6
  derivmatch lr=0.003 iter=2000/2500 loss=2.54e-6
  derivmatch lr=0.003 iter=2125/2500 loss=2.517e-6
  derivmatch lr=0.003 iter=2250/2500 loss=2.519e-6
  derivmatch lr=0.003 iter=2375/2500 loss=2.476e-6
  derivmatch lr=0.003 iter=2500/2500 loss=2.456e-6
  derivmatch lr=0.003 iter=2500/2500 loss=2.455e-6
  derivmatch lr=0.001 iter=125/2500 loss=2.453e-6
  derivmatch lr=0.001 iter=250/2500 loss=2.447e-6
  derivmatch lr=0.001 iter=375/2500 loss=2.44e-6
  derivmatch lr=0.001 iter=500/2500 loss=2.432e-6
  derivmatch lr=0.001 iter=625/2500 loss=2.422e-6
  derivmatch lr=0.001 iter=750/2500 loss=2.411e-6
  derivmatch lr=0.001 iter=875/2500 loss=2.399e-6
  derivmatch lr=0.001 iter=1000/2500 loss=2.385e-6
  derivmatch lr=0.001 iter=1125/2500 loss=2.371e-6
  derivmatch lr=0.001 iter=1250/2500 loss=2.356e-6
  derivmatch lr=0.001 iter=1375/2500 loss=2.339e-6
  derivmatch lr=0.001 iter=1500/2500 loss=2.322e-6
  derivmatch lr=0.001 iter=1625/2500 loss=2.303e-6
  derivmatch lr=0.001 iter=1750/2500 loss=2.284e-6
  derivmatch lr=0.001 iter=1875/2500 loss=2.263e-6
  derivmatch lr=0.001 iter=2000/2500 loss=2.242e-6
  derivmatch lr=0.001 iter=2125/2500 loss=2.227e-6
  derivmatch lr=0.001 iter=2250/2500 loss=2.211e-6
  derivmatch lr=0.001 iter=2375/2500 loss=2.197e-6
  derivmatch lr=0.001 iter=2500/2500 loss=2.181e-6
  derivmatch lr=0.001 iter=2500/2500 loss=2.181e-6
  derivmatch lr=0.0003 iter=80/1600 loss=2.175e-6
  derivmatch lr=0.0003 iter=160/1600 loss=2.172e-6
  derivmatch lr=0.0003 iter=240/1600 loss=2.169e-6
  derivmatch lr=0.0003 iter=320/1600 loss=2.165e-6
  derivmatch lr=0.0003 iter=400/1600 loss=2.16e-6
  derivmatch lr=0.0003 iter=480/1600 loss=2.154e-6
  derivmatch lr=0.0003 iter=560/1600 loss=2.148e-6
  derivmatch lr=0.0003 iter=640/1600 loss=2.142e-6
  derivmatch lr=0.0003 iter=720/1600 loss=2.135e-6
  derivmatch lr=0.0003 iter=800/1600 loss=2.127e-6
  derivmatch lr=0.0003 iter=880/1600 loss=2.119e-6
  derivmatch lr=0.0003 iter=960/1600 loss=2.111e-6
  derivmatch lr=0.0003 iter=1040/1600 loss=2.108e-6
  derivmatch lr=0.0003 iter=1120/1600 loss=2.095e-6
  derivmatch lr=0.0003 iter=1200/1600 loss=2.088e-6
  derivmatch lr=0.0003 iter=1280/1600 loss=2.081e-6
  derivmatch lr=0.0003 iter=1360/1600 loss=2.073e-6
  derivmatch lr=0.0003 iter=1440/1600 loss=2.065e-6
  derivmatch lr=0.0003 iter=1520/1600 loss=2.056e-6
  derivmatch lr=0.0003 iter=1600/1600 loss=2.188e-6
  derivmatch lr=0.0003 iter=1600/1600 loss=2.05e-6
derivative matching [28s]  fitloss=2.05e-6
  [derivative matching]  nrmse=0.0008845  l2=0.006254
  shooting iter=50/1000 loss=0.000175
  shooting iter=100/1000 loss=0.0005807
  shooting iter=150/1000 loss=0.0003164
  shooting iter=200/1000 loss=0.0008428
  shooting iter=250/1000 loss=0.0003776
  shooting iter=300/1000 loss=0.0002578
  shooting iter=350/1000 loss=0.0007753
  shooting iter=400/1000 loss=0.0003759
  shooting iter=450/1000 loss=0.0003461
  shooting iter=500/1000 loss=0.0007657
  shooting iter=550/1000 loss=0.0003973
  shooting iter=600/1000 loss=0.0003465
  shooting iter=650/1000 loss=0.0007335
  shooting iter=700/1000 loss=0.0004791
  shooting iter=750/1000 loss=0.0002864
  shooting iter=800/1000 loss=0.0007095
  shooting iter=850/1000 loss=0.0004703
  shooting iter=900/1000 loss=0.0003627
  shooting iter=950/1000 loss=0.0006637
  shooting iter=1000/1000 loss=0.0004802
  shooting iter=1000/1000 loss=9.829e-5
shooting [50s]  loss=9.83e-5
  [final]  nrmse=0.0001628  l2=0.001151
  trajectory_parameter_sensitivity_rms = 0.4815
extrapolation window: T=1.0 -> T_test=2.0  n_test=100
  [train]  E_traj=6.985e-8  E_VF=8.59e-7  E_spec=0.01554
  [test ]  E_traj=6.031e24  E_VF=9.379e24  E_spec=0.05933
saved /orcd/home/002/txenakis/projects/BVPsolver/src/../data/runs/run_GCEOotXP/dahlquist_fit.png
saved /orcd/home/002/txenakis/projects/BVPsolver/src/../data/runs/run_GCEOotXP/dahlquist_fit_extrapolated.png
saved /orcd/home/002/txenakis/projects/BVPsolver/src/../data/runs/run_GCEOotXP/dahlquist_spectral_fit_extrapolated.png
saved /orcd/home/002/txenakis/projects/BVPsolver/src/../data/runs/run_GCEOotXP/dahlquist_vf_fit_extrapolated.png
┌ Warning: Attempting to store StiffNN.var"#25#26"{Float64}.
│ JLD2 only stores functions by name.
│  This may not be useful for anonymous functions.
└ @ JLD2 ~/.julia/packages/JLD2/ADycq/src/data/writing_datatypes.jl:447
saved run → /orcd/home/002/txenakis/projects/BVPsolver/src/../data/runs/run_GCEOotXP
--------------------------------------
Done: Fri Sep 25 16:21:30 EDT 2026
