Task 1660/1800: --problem davis-skodje --model mlp --profile fast --seed 110 --pretraining derivmatch --training collocation
Logging to /home/txenakis/projects/BVPsolver/logs/run_main_23640313_1660.log
davis-skodje  model=mlp width=14 d=2 tlen=300 profile=fast seed=110  solver=Rodas5P  N=282
  derivmatch lr=0.01 iter=170/3400 loss=3.852
  derivmatch lr=0.01 iter=340/3400 loss=2.603
  derivmatch lr=0.01 iter=510/3400 loss=3.377
  derivmatch lr=0.01 iter=680/3400 loss=3.172
  derivmatch lr=0.01 iter=850/3400 loss=2.226
  derivmatch lr=0.01 iter=1020/3400 loss=2.337
  derivmatch lr=0.01 iter=1190/3400 loss=2.462
  derivmatch lr=0.01 iter=1360/3400 loss=1.547
  derivmatch lr=0.01 iter=1530/3400 loss=2.171
  derivmatch lr=0.01 iter=1700/3400 loss=1.916
  derivmatch lr=0.01 iter=1870/3400 loss=0.9656
  derivmatch lr=0.01 iter=2040/3400 loss=0.8495
  derivmatch lr=0.01 iter=2210/3400 loss=1.375
  derivmatch lr=0.01 iter=2380/3400 loss=1.351
  derivmatch lr=0.01 iter=2550/3400 loss=1.493
  derivmatch lr=0.01 iter=2720/3400 loss=0.7794
  derivmatch lr=0.01 iter=2890/3400 loss=1.505
  derivmatch lr=0.01 iter=3060/3400 loss=1.707
  derivmatch lr=0.01 iter=3230/3400 loss=0.58
  derivmatch lr=0.01 iter=3400/3400 loss=1.116
  derivmatch lr=0.01 iter=3400/3400 loss=0.4415
  derivmatch lr=0.003 iter=125/2500 loss=0.491
  derivmatch lr=0.003 iter=250/2500 loss=0.7235
  derivmatch lr=0.003 iter=375/2500 loss=0.4448
  derivmatch lr=0.003 iter=500/2500 loss=0.4478
  derivmatch lr=0.003 iter=625/2500 loss=0.45
  derivmatch lr=0.003 iter=750/2500 loss=0.5123
  derivmatch lr=0.003 iter=875/2500 loss=0.3698
  derivmatch lr=0.003 iter=1000/2500 loss=0.4143
  derivmatch lr=0.003 iter=1125/2500 loss=0.5989
  derivmatch lr=0.003 iter=1250/2500 loss=0.4491
  derivmatch lr=0.003 iter=1375/2500 loss=0.458
  derivmatch lr=0.003 iter=1500/2500 loss=0.405
  derivmatch lr=0.003 iter=1625/2500 loss=0.3348
  derivmatch lr=0.003 iter=1750/2500 loss=0.3591
  derivmatch lr=0.003 iter=1875/2500 loss=0.3163
  derivmatch lr=0.003 iter=2000/2500 loss=0.2959
  derivmatch lr=0.003 iter=2125/2500 loss=0.3016
  derivmatch lr=0.003 iter=2250/2500 loss=0.3518
  derivmatch lr=0.003 iter=2375/2500 loss=0.2792
  derivmatch lr=0.003 iter=2500/2500 loss=0.2849
  derivmatch lr=0.003 iter=2500/2500 loss=0.2737
  derivmatch lr=0.001 iter=125/2500 loss=0.2643
  derivmatch lr=0.001 iter=250/2500 loss=0.2655
  derivmatch lr=0.001 iter=375/2500 loss=0.2615
  derivmatch lr=0.001 iter=500/2500 loss=0.2575
  derivmatch lr=0.001 iter=625/2500 loss=0.254
  derivmatch lr=0.001 iter=750/2500 loss=0.2494
  derivmatch lr=0.001 iter=875/2500 loss=0.2454
  derivmatch lr=0.001 iter=1000/2500 loss=0.2404
  derivmatch lr=0.001 iter=1125/2500 loss=0.2361
  derivmatch lr=0.001 iter=1250/2500 loss=0.2309
  derivmatch lr=0.001 iter=1375/2500 loss=0.2264
  derivmatch lr=0.001 iter=1500/2500 loss=0.2211
  derivmatch lr=0.001 iter=1625/2500 loss=0.2166
  derivmatch lr=0.001 iter=1750/2500 loss=0.2114
  derivmatch lr=0.001 iter=1875/2500 loss=0.207
  derivmatch lr=0.001 iter=2000/2500 loss=0.2019
  derivmatch lr=0.001 iter=2125/2500 loss=0.1978
  derivmatch lr=0.001 iter=2250/2500 loss=0.1931
  derivmatch lr=0.001 iter=2375/2500 loss=0.1894
  derivmatch lr=0.001 iter=2500/2500 loss=0.1851
  derivmatch lr=0.001 iter=2500/2500 loss=0.1851
  derivmatch lr=0.0003 iter=80/1600 loss=0.182
  derivmatch lr=0.0003 iter=160/1600 loss=0.1814
  derivmatch lr=0.0003 iter=240/1600 loss=0.1808
  derivmatch lr=0.0003 iter=320/1600 loss=0.1801
  derivmatch lr=0.0003 iter=400/1600 loss=0.1793
  derivmatch lr=0.0003 iter=480/1600 loss=0.1784
  derivmatch lr=0.0003 iter=560/1600 loss=0.1775
  derivmatch lr=0.0003 iter=640/1600 loss=0.1766
  derivmatch lr=0.0003 iter=720/1600 loss=0.1756
  derivmatch lr=0.0003 iter=800/1600 loss=0.1749
  derivmatch lr=0.0003 iter=880/1600 loss=0.1742
  derivmatch lr=0.0003 iter=960/1600 loss=0.1729
  derivmatch lr=0.0003 iter=1040/1600 loss=0.1713
  derivmatch lr=0.0003 iter=1120/1600 loss=0.1705
  derivmatch lr=0.0003 iter=1200/1600 loss=0.1691
  derivmatch lr=0.0003 iter=1280/1600 loss=0.1678
  derivmatch lr=0.0003 iter=1360/1600 loss=0.1669
  derivmatch lr=0.0003 iter=1440/1600 loss=0.1654
  derivmatch lr=0.0003 iter=1520/1600 loss=0.1648
  derivmatch lr=0.0003 iter=1600/1600 loss=0.1633
  derivmatch lr=0.0003 iter=1600/1600 loss=0.1631
derivative matching [25s]  fitloss=0.163
  [derivative matching]  nrmse=0.05793  l2=2.837
  collocation: M=300 residuals=2394  detecting sparsity + solving...

Algorithm: LevenbergMarquardt(
    trustregion = LevenbergMarquardtTrustRegion(
        β_uphill = 0.0
    ),
    descent = GeodesicAcceleration(
        descent = DampedNewtonDescent(
            linsolve = KLUFactorization(
                reuse_symbolic = true,
                check_pattern = true
            ),
            initial_damping = 1.0,
            damping_fn = LevenbergMarquardtDampingFunction(
                increase_factor = 2.0,
                decrease_factor = 3.0,
                min_damping = 1.0e-8
            ),
            min_norm_mode = :auto
        ),
        finite_diff_step_geodesic = 0.1,
        α = 0.75
    ),
    autodiff = AutoForwardDiff(),
    vjp_autodiff = AutoFiniteDiff(
        fdtype = Val{:forward}(),
        fdjtype = Val{:forward}(),
        fdhtype = Val{:hcentral}(),
        dir = true
    ),
    jvp_autodiff = AutoForwardDiff(),
    concrete_jac = Val{true}()
)

----    	-------------       	-----------         
Iter    	f(u) 2-norm         	Step 2-norm         
----    	-------------       	-----------         
0       	3.38074727e+02      	NaN                 
1       	3.38074727e+02      	0.00000000e+00      
8       	6.23237846e+01      	7.89341656e-01      
15      	1.60634037e-01      	1.42415814e-01      
22      	2.60956228e-02      	8.93926875e-03      
29      	4.68002580e-01      	1.57673319e+00      
36      	2.00138063e+00      	0.00000000e+00      
43      	2.10049216e+00      	8.66179509e-01      
50      	4.79468260e+00      	0.00000000e+00      
57      	5.94515712e+00      	0.00000000e+00      
64      	3.83375804e-02      	3.55870993e-01      
71      	1.75576235e+00      	0.00000000e+00      
78      	3.52942420e-01      	6.69091099e-01      
85      	3.12598809e-01      	3.99849211e-01      
92      	2.22338426e+00      	0.00000000e+00      
99      	3.01014802e-01      	0.00000000e+00      
106     	1.05958689e-01      	3.96602584e-01      
113     	9.45648076e-01      	1.26426923e+00      
120     	1.06194581e+00      	1.28329846e+00      
127     	7.37080684e-01      	1.19177895e+00      
134     	2.22704732e-01      	0.00000000e+00      
141     	1.61347550e-01      	0.00000000e+00      
148     	7.77177043e-02      	0.00000000e+00      
Final   	1.66821097e-02      
----------------------      
  AMR 1/3: M=300  err=8.12e-6  obs=5.93e-5  nrmse=0.0179  best=0.0179  refined=29
  collocation: M=329 residuals=2568  detecting sparsity + solving...

Algorithm: LevenbergMarquardt(
    trustregion = LevenbergMarquardtTrustRegion(
        β_uphill = 0.0
    ),
    descent = GeodesicAcceleration(
        descent = DampedNewtonDescent(
            linsolve = KLUFactorization(
                reuse_symbolic = true,
                check_pattern = true
            ),
            initial_damping = 1.0,
            damping_fn = LevenbergMarquardtDampingFunction(
                increase_factor = 2.0,
                decrease_factor = 3.0,
                min_damping = 1.0e-8
            ),
            min_norm_mode = :auto
        ),
        finite_diff_step_geodesic = 0.1,
        α = 0.75
    ),
    autodiff = AutoForwardDiff(),
    vjp_autodiff = AutoFiniteDiff(
        fdtype = Val{:forward}(),
        fdjtype = Val{:forward}(),
        fdhtype = Val{:hcentral}(),
        dir = true
    ),
    jvp_autodiff = AutoForwardDiff(),
    concrete_jac = Val{true}()
)

----    	-------------       	-----------         
Iter    	f(u) 2-norm         	Step 2-norm         
----    	-------------       	-----------         
0       	1.55281359e+02      	4.05299974e-309     
1       	1.55281359e+02      	0.00000000e+00      
8       	2.22659269e+01      	4.42174508e-01      
15      	3.40060097e-02      	3.36184325e-02      
22      	8.17081252e-03      	8.02538317e-04      
29      	8.09715574e-03      	1.83275105e-01      
36      	4.53647897e+00      	0.00000000e+00      
43      	1.74360850e-02      	3.20451280e-01      
50      	1.02199663e+00      	0.00000000e+00      
57      	1.51219878e+00      	0.00000000e+00      
64      	1.12453370e-01      	0.00000000e+00      
71      	6.60523866e-02      	0.00000000e+00      
78      	1.27748957e-01      	0.00000000e+00      
85      	2.48958459e-01      	0.00000000e+00      
92      	1.33971104e-01      	5.42082696e-01      
99      	2.96271442e-01      	5.51597609e-01      
106     	8.95031010e-01      	6.01550194e-01      
113     	6.18898023e+00      	0.00000000e+00      
120     	5.46031334e+00      	1.31582542e+00      
127     	2.26956630e+00      	0.00000000e+00      
134     	2.73641871e-01      	0.00000000e+00      
141     	1.90927290e-01      	2.63207135e-01      
148     	6.95375701e-01      	3.70764281e-01      
Final   	8.08754897e-03      
----------------------      
  AMR 2/3: M=329  err=1.71e-6  obs=5.92e-5  nrmse=0.0178  best=0.0178  refined=38
  collocation: M=367 residuals=2796  detecting sparsity + solving...

Algorithm: LevenbergMarquardt(
    trustregion = LevenbergMarquardtTrustRegion(
        β_uphill = 0.0
    ),
    descent = GeodesicAcceleration(
        descent = DampedNewtonDescent(
            linsolve = KLUFactorization(
                reuse_symbolic = true,
                check_pattern = true
            ),
            initial_damping = 1.0,
            damping_fn = LevenbergMarquardtDampingFunction(
                increase_factor = 2.0,
                decrease_factor = 3.0,
                min_damping = 1.0e-8
            ),
            min_norm_mode = :auto
        ),
        finite_diff_step_geodesic = 0.1,
        α = 0.75
    ),
    autodiff = AutoForwardDiff(),
    vjp_autodiff = AutoFiniteDiff(
        fdtype = Val{:forward}(),
        fdjtype = Val{:forward}(),
        fdhtype = Val{:hcentral}(),
        dir = true
    ),
    jvp_autodiff = AutoForwardDiff(),
    concrete_jac = Val{true}()
)

----    	-------------       	-----------         
Iter    	f(u) 2-norm         	Step 2-norm         
----    	-------------       	-----------         
0       	1.23072324e+02      	7.85494889e+01      
1       	1.23072324e+02      	0.00000000e+00      
8       	3.56937475e+00      	1.03150334e+00      
15      	1.54886534e-02      	8.79938552e-03      
22      	6.36145426e-03      	2.17373296e-03      
29      	7.32956562e-02      	6.23551251e-01      
36      	1.15479041e-01      	7.52689247e-01      
43      	4.51905076e-01      	8.59860154e-01      
50      	3.14453301e-01      	1.03715160e+00      
57      	2.20395566e-01      	1.18873263e+00      
64      	4.26903558e-01      	1.31228446e+00      
71      	9.06097424e-01      	1.37113446e+00      
78      	1.17763441e+00      	0.00000000e+00      
85      	3.29340002e+00      	0.00000000e+00      
92      	3.53274380e+00      	1.21126883e+00      
99      	2.05168957e+01      	2.85271482e+00      
106     	1.70753371e+00      	0.00000000e+00      
113     	3.26097284e-01      	0.00000000e+00      
120     	4.84875614e-01      	3.93400130e-01      
127     	3.89155586e-01      	0.00000000e+00      
134     	5.69716555e+00      	0.00000000e+00      
141     	6.30154127e-01      	2.26746317e-01      
148     	1.40617931e-02      	1.94015367e-01      
Final   	6.29236122e-03      
----------------------      
  AMR 3/3: M=367  err=1.35e-6  obs=4.52e-5  nrmse=0.0177  best=0.0177  refined=0
collocation [146s]
  [final]  nrmse=0.01774  l2=0.8688
extrapolation window: T=15.0 -> T_test=30.0  n_test=600
  [train]  E_traj=0.0009464  E_VF=0.06128  E_spec=0.3716
  [test ]  E_traj=1123.0  E_VF=4.056e6  E_spec=0.01434
saved /orcd/home/002/txenakis/projects/BVPsolver/src/../data/runs/run_zd1mpPYB/davis-skodje_fit.png
saved /orcd/home/002/txenakis/projects/BVPsolver/src/../data/runs/run_zd1mpPYB/davis-skodje_fit_extrapolated.png
saved /orcd/home/002/txenakis/projects/BVPsolver/src/../data/runs/run_zd1mpPYB/davis-skodje_spectral_fit_extrapolated.png
saved /orcd/home/002/txenakis/projects/BVPsolver/src/../data/runs/run_zd1mpPYB/davis-skodje_vf_fit_extrapolated.png
┌ Warning: Attempting to store StiffNN.var"#22#23"{Float64}.
│ JLD2 only stores functions by name.
│  This may not be useful for anonymous functions.
└ @ JLD2 ~/.julia/packages/JLD2/ADycq/src/data/writing_datatypes.jl:447
saved run → /orcd/home/002/txenakis/projects/BVPsolver/src/../data/runs/run_zd1mpPYB
--------------------------------------
Done: Thu Sep 24 06:41:33 EDT 2026
