Task 38/600: --problem davis-skodje --param 1e-1 --model stiff --profile fast --seed 338 --pretraining derivmatch --training collocation
Logging to /home/txenakis/projects/BVPsolver/logs/run_main_23642156_38.log
davis-skodje  model=stiff width=12 d=2 tlen=300 profile=fast seed=338  solver=Rodas5P  N=268
  derivmatch lr=0.01 iter=170/3400 loss=0.01309
  derivmatch lr=0.01 iter=340/3400 loss=0.005463
  derivmatch lr=0.01 iter=510/3400 loss=0.003173
  derivmatch lr=0.01 iter=680/3400 loss=0.002353
  derivmatch lr=0.01 iter=850/3400 loss=0.001975
  derivmatch lr=0.01 iter=1020/3400 loss=0.00171
  derivmatch lr=0.01 iter=1190/3400 loss=0.001466
  derivmatch lr=0.01 iter=1360/3400 loss=0.001219
  derivmatch lr=0.01 iter=1530/3400 loss=0.0009675
  derivmatch lr=0.01 iter=1700/3400 loss=0.0007247
  derivmatch lr=0.01 iter=1870/3400 loss=0.0005173
  derivmatch lr=0.01 iter=2040/3400 loss=0.000367
  derivmatch lr=0.01 iter=2210/3400 loss=0.0002725
  derivmatch lr=0.01 iter=2380/3400 loss=0.0002162
  derivmatch lr=0.01 iter=2550/3400 loss=0.0001809
  derivmatch lr=0.01 iter=2720/3400 loss=0.0001563
  derivmatch lr=0.01 iter=2890/3400 loss=0.0001375
  derivmatch lr=0.01 iter=3060/3400 loss=0.0001222
  derivmatch lr=0.01 iter=3230/3400 loss=0.0001095
  derivmatch lr=0.01 iter=3400/3400 loss=9.86e-5
  derivmatch lr=0.01 iter=3400/3400 loss=9.86e-5
  derivmatch lr=0.003 iter=125/2500 loss=6.709e-5
  derivmatch lr=0.003 iter=250/2500 loss=4.488e-5
  derivmatch lr=0.003 iter=375/2500 loss=3.106e-5
  derivmatch lr=0.003 iter=500/2500 loss=2.451e-5
  derivmatch lr=0.003 iter=625/2500 loss=1.726e-5
  derivmatch lr=0.003 iter=750/2500 loss=1.374e-5
  derivmatch lr=0.003 iter=875/2500 loss=1.132e-5
  derivmatch lr=0.003 iter=1000/2500 loss=1.21e-5
  derivmatch lr=0.003 iter=1125/2500 loss=8.2e-6
  derivmatch lr=0.003 iter=1250/2500 loss=7.192e-6
  derivmatch lr=0.003 iter=1375/2500 loss=1.811e-5
  derivmatch lr=0.003 iter=1500/2500 loss=5.666e-6
  derivmatch lr=0.003 iter=1625/2500 loss=5.904e-6
  derivmatch lr=0.003 iter=1750/2500 loss=4.619e-6
  derivmatch lr=0.003 iter=1875/2500 loss=6.884e-6
  derivmatch lr=0.003 iter=2000/2500 loss=3.874e-6
  derivmatch lr=0.003 iter=2125/2500 loss=3.557e-6
  derivmatch lr=0.003 iter=2250/2500 loss=3.313e-6
  derivmatch lr=0.003 iter=2375/2500 loss=3.07e-6
  derivmatch lr=0.003 iter=2500/2500 loss=3.561e-6
  derivmatch lr=0.003 iter=2500/2500 loss=2.953e-6
  derivmatch lr=0.001 iter=125/2500 loss=2.925e-6
  derivmatch lr=0.001 iter=250/2500 loss=2.883e-6
  derivmatch lr=0.001 iter=375/2500 loss=2.83e-6
  derivmatch lr=0.001 iter=500/2500 loss=2.768e-6
  derivmatch lr=0.001 iter=625/2500 loss=2.698e-6
  derivmatch lr=0.001 iter=750/2500 loss=2.621e-6
  derivmatch lr=0.001 iter=875/2500 loss=2.538e-6
  derivmatch lr=0.001 iter=1000/2500 loss=2.452e-6
  derivmatch lr=0.001 iter=1125/2500 loss=2.362e-6
  derivmatch lr=0.001 iter=1250/2500 loss=2.27e-6
  derivmatch lr=0.001 iter=1375/2500 loss=2.176e-6
  derivmatch lr=0.001 iter=1500/2500 loss=2.081e-6
  derivmatch lr=0.001 iter=1625/2500 loss=1.986e-6
  derivmatch lr=0.001 iter=1750/2500 loss=1.892e-6
  derivmatch lr=0.001 iter=1875/2500 loss=1.798e-6
  derivmatch lr=0.001 iter=2000/2500 loss=1.706e-6
  derivmatch lr=0.001 iter=2125/2500 loss=1.637e-6
  derivmatch lr=0.001 iter=2250/2500 loss=1.573e-6
  derivmatch lr=0.001 iter=2375/2500 loss=1.515e-6
  derivmatch lr=0.001 iter=2500/2500 loss=1.458e-6
  derivmatch lr=0.001 iter=2500/2500 loss=1.458e-6
  derivmatch lr=0.0003 iter=80/1600 loss=1.457e-6
  derivmatch lr=0.0003 iter=160/1600 loss=1.444e-6
  derivmatch lr=0.0003 iter=240/1600 loss=1.437e-6
  derivmatch lr=0.0003 iter=320/1600 loss=1.427e-6
  derivmatch lr=0.0003 iter=400/1600 loss=1.417e-6
  derivmatch lr=0.0003 iter=480/1600 loss=1.406e-6
  derivmatch lr=0.0003 iter=560/1600 loss=1.393e-6
  derivmatch lr=0.0003 iter=640/1600 loss=1.379e-6
  derivmatch lr=0.0003 iter=720/1600 loss=1.365e-6
  derivmatch lr=0.0003 iter=800/1600 loss=1.35e-6
  derivmatch lr=0.0003 iter=880/1600 loss=1.334e-6
  derivmatch lr=0.0003 iter=960/1600 loss=1.317e-6
  derivmatch lr=0.0003 iter=1040/1600 loss=1.299e-6
  derivmatch lr=0.0003 iter=1120/1600 loss=1.281e-6
  derivmatch lr=0.0003 iter=1200/1600 loss=1.263e-6
  derivmatch lr=0.0003 iter=1280/1600 loss=1.244e-6
  derivmatch lr=0.0003 iter=1360/1600 loss=1.224e-6
  derivmatch lr=0.0003 iter=1440/1600 loss=1.204e-6
  derivmatch lr=0.0003 iter=1520/1600 loss=1.184e-6
  derivmatch lr=0.0003 iter=1600/1600 loss=1.164e-6
  derivmatch lr=0.0003 iter=1600/1600 loss=1.164e-6
derivative matching [34s]  fitloss=1.16e-6
  [derivative matching]  nrmse=8.604e-5  l2=0.003691
  collocation: M=300 residuals=2394  detecting sparsity + solving...

Algorithm: LevenbergMarquardt(
    trustregion = LevenbergMarquardtTrustRegion(
        β_uphill = 0.0
    ),
    descent = GeodesicAcceleration(
        descent = DampedNewtonDescent(
            linsolve = KLUFactorization(
                reuse_symbolic = true,
                check_pattern = true
            ),
            initial_damping = 1.0,
            damping_fn = LevenbergMarquardtDampingFunction(
                increase_factor = 2.0,
                decrease_factor = 3.0,
                min_damping = 1.0e-8
            ),
            min_norm_mode = :auto
        ),
        finite_diff_step_geodesic = 0.1,
        α = 0.75
    ),
    autodiff = AutoForwardDiff(),
    vjp_autodiff = AutoFiniteDiff(
        fdtype = Val{:forward}(),
        fdjtype = Val{:forward}(),
        fdhtype = Val{:hcentral}(),
        dir = true
    ),
    jvp_autodiff = AutoForwardDiff(),
    concrete_jac = Val{true}()
)

----    	-------------       	-----------         
Iter    	f(u) 2-norm         	Step 2-norm         
----    	-------------       	-----------         
0       	2.46817408e+01      	NaN                 
1       	1.15147704e+01      	2.72219433e-01      
8       	3.16108098e-03      	4.36108522e-03      
15      	9.03753486e-04      	4.10040470e-03      
22      	1.17366241e-02      	0.00000000e+00      
29      	1.71119312e-01      	0.00000000e+00      
36      	1.22379881e-02      	6.68112139e-01      
43      	4.00933096e-03      	0.00000000e+00      
50      	1.73084107e-02      	0.00000000e+00      
57      	1.17224618e+00      	0.00000000e+00      
64      	1.17224618e+00      	0.00000000e+00      
71      	3.92288541e-03      	0.00000000e+00      
78      	5.65401816e-02      	0.00000000e+00      
85      	2.98960542e-01      	8.57739946e-01      
92      	2.23050661e-01      	6.43750303e-01      
99      	6.71931375e-02      	0.00000000e+00      
106     	1.25516798e-01      	0.00000000e+00      
113     	1.15756955e-02      	1.84505900e-01      
120     	2.34633111e-02      	0.00000000e+00      
127     	2.91567402e-03      	0.00000000e+00      
134     	1.45506441e-02      	0.00000000e+00      
141     	7.39416867e-02      	0.00000000e+00      
148     	1.27208790e-02      	2.85320134e-01      
Final   	7.41358167e-05      
----------------------      
  AMR 1/3: M=300  err=1.45e-10  obs=1.63e-8  nrmse=2.85e-7  best=2.85e-7  refined=32
  collocation: M=332 residuals=2586  detecting sparsity + solving...

Algorithm: LevenbergMarquardt(
    trustregion = LevenbergMarquardtTrustRegion(
        β_uphill = 0.0
    ),
    descent = GeodesicAcceleration(
        descent = DampedNewtonDescent(
            linsolve = KLUFactorization(
                reuse_symbolic = true,
                check_pattern = true
            ),
            initial_damping = 1.0,
            damping_fn = LevenbergMarquardtDampingFunction(
                increase_factor = 2.0,
                decrease_factor = 3.0,
                min_damping = 1.0e-8
            ),
            min_norm_mode = :auto
        ),
        finite_diff_step_geodesic = 0.1,
        α = 0.75
    ),
    autodiff = AutoForwardDiff(),
    vjp_autodiff = AutoFiniteDiff(
        fdtype = Val{:forward}(),
        fdjtype = Val{:forward}(),
        fdhtype = Val{:hcentral}(),
        dir = true
    ),
    jvp_autodiff = AutoForwardDiff(),
    concrete_jac = Val{true}()
)

----    	-------------       	-----------         
Iter    	f(u) 2-norm         	Step 2-norm         
----    	-------------       	-----------         
0       	2.37422937e+01      	NaN                 
1       	1.07339231e+01      	1.58409246e-01      
8       	9.60439327e-03      	9.82782892e-04      
15      	8.25044767e-04      	2.48603266e-02      
22      	9.52142626e-07      	5.04588691e-03      
29      	1.08705824e-04      	1.49182749e-01      
36      	8.24542897e-02      	0.00000000e+00      
43      	8.69027441e-03      	7.21592520e-01      
50      	1.42792260e-01      	0.00000000e+00      
57      	2.62021164e-02      	0.00000000e+00      
64      	1.20835269e-04      	0.00000000e+00      
71      	2.33998059e-02      	0.00000000e+00      
78      	5.00715017e-06      	0.00000000e+00      
85      	6.83311457e-04      	0.00000000e+00      
92      	8.30784984e-04      	0.00000000e+00      
99      	6.63306429e-04      	2.04747628e-01      
106     	9.75771324e-04      	5.03463263e-01      
113     	5.61128679e-04      	0.00000000e+00      
120     	1.40100339e-03      	1.62268734e-01      
127     	1.47582468e-01      	1.09363614e+00      
134     	1.69738181e-04      	0.00000000e+00      
141     	3.70247495e-03      	0.00000000e+00      
148     	8.34045853e-03      	8.31026642e-01      
Final   	9.36149621e-07      
----------------------      
  AMR 2/3: M=332  err=2.55e-14  obs=1.4e-8  nrmse=2.27e-7  best=2.27e-7  refined=26
  collocation: M=361 residuals=2760  detecting sparsity + solving...

Algorithm: LevenbergMarquardt(
    trustregion = LevenbergMarquardtTrustRegion(
        β_uphill = 0.0
    ),
    descent = GeodesicAcceleration(
        descent = DampedNewtonDescent(
            linsolve = KLUFactorization(
                reuse_symbolic = true,
                check_pattern = true
            ),
            initial_damping = 1.0,
            damping_fn = LevenbergMarquardtDampingFunction(
                increase_factor = 2.0,
                decrease_factor = 3.0,
                min_damping = 1.0e-8
            ),
            min_norm_mode = :auto
        ),
        finite_diff_step_geodesic = 0.1,
        α = 0.75
    ),
    autodiff = AutoForwardDiff(),
    vjp_autodiff = AutoFiniteDiff(
        fdtype = Val{:forward}(),
        fdjtype = Val{:forward}(),
        fdhtype = Val{:hcentral}(),
        dir = true
    ),
    jvp_autodiff = AutoForwardDiff(),
    concrete_jac = Val{true}()
)

----    	-------------       	-----------         
Iter    	f(u) 2-norm         	Step 2-norm         
----    	-------------       	-----------         
0       	2.18866922e+01      	NaN                 
1       	9.69352115e+00      	1.02589005e-01      
8       	2.51331843e-02      	3.09582444e-03      
15      	7.04932592e-04      	2.26118881e-02      
22      	8.07104487e-07      	3.53504013e-03      
29      	5.19143868e-05      	1.13342732e-01      
36      	6.20340312e-03      	0.00000000e+00      
43      	4.09928350e-03      	3.67316126e-01      
50      	3.38658067e-03      	0.00000000e+00      
57      	7.83953246e-04      	0.00000000e+00      
64      	4.10155828e-03      	0.00000000e+00      
71      	5.61168718e-02      	0.00000000e+00      
78      	3.82421308e-03      	1.96291037e-01      
85      	1.16622292e-03      	0.00000000e+00      
92      	1.00221316e-02      	0.00000000e+00      
99      	7.93441145e-02      	0.00000000e+00      
106     	3.36046768e-04      	0.00000000e+00      
113     	2.15486648e-03      	1.87141742e-01      
120     	1.92578371e-02      	2.11024127e-01      
127     	1.42968764e-04      	0.00000000e+00      
134     	1.24039207e-05      	0.00000000e+00      
141     	3.13321892e-04      	4.15823045e-02      
148     	2.37060516e-02      	0.00000000e+00      
Final   	7.96757103e-07      
----------------------      
  AMR 3/3: M=361  err=1.75e-14  obs=1.12e-8  nrmse=2.25e-7  best=2.25e-7  refined=0
collocation [144s]
  [final]  nrmse=2.245e-7  l2=9.086e-6
extrapolation window: T=15.0 -> T_test=30.0  n_test=600
  [train]  E_traj=8.901e-14  E_VF=1.008e-9  E_spec=0.4683
  [test ]  E_traj=3.95  E_VF=0.8324  E_spec=0.8062
saved /orcd/home/002/txenakis/projects/BVPsolver/src/../data/runs/run_xNS0yx94/davis-skodje_fit.png
saved /orcd/home/002/txenakis/projects/BVPsolver/src/../data/runs/run_xNS0yx94/davis-skodje_fit_extrapolated.png
saved /orcd/home/002/txenakis/projects/BVPsolver/src/../data/runs/run_xNS0yx94/davis-skodje_spectral_fit_extrapolated.png
saved /orcd/home/002/txenakis/projects/BVPsolver/src/../data/runs/run_xNS0yx94/davis-skodje_vf_fit_extrapolated.png
┌ Warning: Attempting to store StiffNN.var"#22#23"{Float64}.
│ JLD2 only stores functions by name.
│  This may not be useful for anonymous functions.
└ @ JLD2 ~/.julia/packages/JLD2/ADycq/src/data/writing_datatypes.jl:447
saved run → /orcd/home/002/txenakis/projects/BVPsolver/src/../data/runs/run_xNS0yx94
--------------------------------------
Done: Thu Sep 24 07:48:29 EDT 2026
