Task 135/200: --problem dahlquist --param -1000 --model stiff --profile fast --seed 805 --pretraining derivmatch --training none
Logging to /home/txenakis/projects/BVPsolver/logs/run_main_23927197_135.log
dahlquist  model=stiff width=8 d=1 tlen=50 profile=fast seed=805  solver=Rodas5  N=114
  derivmatch lr=0.01 iter=170/3400 loss=0.006929
  derivmatch lr=0.01 iter=340/3400 loss=0.002562
  derivmatch lr=0.01 iter=510/3400 loss=0.001027
  derivmatch lr=0.01 iter=680/3400 loss=0.0004284
  derivmatch lr=0.01 iter=850/3400 loss=0.0002092
  derivmatch lr=0.01 iter=1020/3400 loss=0.0001351
  derivmatch lr=0.01 iter=1190/3400 loss=0.00011
  derivmatch lr=0.01 iter=1360/3400 loss=9.938e-5
  derivmatch lr=0.01 iter=1530/3400 loss=9.247e-5
  derivmatch lr=0.01 iter=1700/3400 loss=8.645e-5
  derivmatch lr=0.01 iter=1870/3400 loss=8.075e-5
  derivmatch lr=0.01 iter=2040/3400 loss=7.518e-5
  derivmatch lr=0.01 iter=2210/3400 loss=7.003e-5
  derivmatch lr=0.01 iter=2380/3400 loss=6.516e-5
  derivmatch lr=0.01 iter=2550/3400 loss=6.036e-5
  derivmatch lr=0.01 iter=2720/3400 loss=5.614e-5
  derivmatch lr=0.01 iter=2890/3400 loss=6.589e-5
  derivmatch lr=0.01 iter=3060/3400 loss=4.828e-5
  derivmatch lr=0.01 iter=3230/3400 loss=4.499e-5
  derivmatch lr=0.01 iter=3400/3400 loss=4.15e-5
  derivmatch lr=0.01 iter=3400/3400 loss=4.15e-5
  derivmatch lr=0.003 iter=125/2500 loss=3.726e-5
  derivmatch lr=0.003 iter=250/2500 loss=3.461e-5
  derivmatch lr=0.003 iter=375/2500 loss=3.173e-5
  derivmatch lr=0.003 iter=500/2500 loss=2.895e-5
  derivmatch lr=0.003 iter=625/2500 loss=2.647e-5
  derivmatch lr=0.003 iter=750/2500 loss=2.439e-5
  derivmatch lr=0.003 iter=875/2500 loss=2.274e-5
  derivmatch lr=0.003 iter=1000/2500 loss=2.38e-5
  derivmatch lr=0.003 iter=1125/2500 loss=2.056e-5
  derivmatch lr=0.003 iter=1250/2500 loss=1.995e-5
  derivmatch lr=0.003 iter=1375/2500 loss=1.94e-5
  derivmatch lr=0.003 iter=1500/2500 loss=1.891e-5
  derivmatch lr=0.003 iter=1625/2500 loss=1.902e-5
  derivmatch lr=0.003 iter=1750/2500 loss=1.81e-5
  derivmatch lr=0.003 iter=1875/2500 loss=1.78e-5
  derivmatch lr=0.003 iter=2000/2500 loss=1.752e-5
  derivmatch lr=0.003 iter=2125/2500 loss=1.724e-5
  derivmatch lr=0.003 iter=2250/2500 loss=1.732e-5
  derivmatch lr=0.003 iter=2375/2500 loss=1.677e-5
  derivmatch lr=0.003 iter=2500/2500 loss=1.658e-5
  derivmatch lr=0.003 iter=2500/2500 loss=1.658e-5
  derivmatch lr=0.001 iter=125/2500 loss=1.642e-5
  derivmatch lr=0.001 iter=250/2500 loss=1.636e-5
  derivmatch lr=0.001 iter=375/2500 loss=1.629e-5
  derivmatch lr=0.001 iter=500/2500 loss=1.621e-5
  derivmatch lr=0.001 iter=625/2500 loss=1.612e-5
  derivmatch lr=0.001 iter=750/2500 loss=1.602e-5
  derivmatch lr=0.001 iter=875/2500 loss=1.592e-5
  derivmatch lr=0.001 iter=1000/2500 loss=1.581e-5
  derivmatch lr=0.001 iter=1125/2500 loss=1.569e-5
  derivmatch lr=0.001 iter=1250/2500 loss=1.558e-5
  derivmatch lr=0.001 iter=1375/2500 loss=1.674e-5
  derivmatch lr=0.001 iter=1500/2500 loss=1.538e-5
  derivmatch lr=0.001 iter=1625/2500 loss=1.529e-5
  derivmatch lr=0.001 iter=1750/2500 loss=1.519e-5
  derivmatch lr=0.001 iter=1875/2500 loss=1.51e-5
  derivmatch lr=0.001 iter=2000/2500 loss=1.502e-5
  derivmatch lr=0.001 iter=2125/2500 loss=1.494e-5
  derivmatch lr=0.001 iter=2250/2500 loss=1.486e-5
  derivmatch lr=0.001 iter=2375/2500 loss=1.478e-5
  derivmatch lr=0.001 iter=2500/2500 loss=1.472e-5
  derivmatch lr=0.001 iter=2500/2500 loss=1.47e-5
  derivmatch lr=0.0003 iter=80/1600 loss=1.467e-5
  derivmatch lr=0.0003 iter=160/1600 loss=1.466e-5
  derivmatch lr=0.0003 iter=240/1600 loss=1.464e-5
  derivmatch lr=0.0003 iter=320/1600 loss=1.462e-5
  derivmatch lr=0.0003 iter=400/1600 loss=1.459e-5
  derivmatch lr=0.0003 iter=480/1600 loss=1.456e-5
  derivmatch lr=0.0003 iter=560/1600 loss=1.453e-5
  derivmatch lr=0.0003 iter=640/1600 loss=1.45e-5
  derivmatch lr=0.0003 iter=720/1600 loss=1.447e-5
  derivmatch lr=0.0003 iter=800/1600 loss=1.443e-5
  derivmatch lr=0.0003 iter=880/1600 loss=1.439e-5
  derivmatch lr=0.0003 iter=960/1600 loss=1.439e-5
  derivmatch lr=0.0003 iter=1040/1600 loss=1.432e-5
  derivmatch lr=0.0003 iter=1120/1600 loss=1.429e-5
  derivmatch lr=0.0003 iter=1200/1600 loss=1.425e-5
  derivmatch lr=0.0003 iter=1280/1600 loss=1.422e-5
  derivmatch lr=0.0003 iter=1360/1600 loss=1.418e-5
  derivmatch lr=0.0003 iter=1440/1600 loss=1.414e-5
  derivmatch lr=0.0003 iter=1520/1600 loss=1.568e-5
  derivmatch lr=0.0003 iter=1600/1600 loss=1.406e-5
  derivmatch lr=0.0003 iter=1600/1600 loss=1.406e-5
derivative matching [29s]  fitloss=1.41e-5
  [derivative matching]  nrmse=0.001173  l2=0.008297
  trajectory_parameter_sensitivity_rms = 0.4394
extrapolation window: T=1.0 -> T_test=2.0  n_test=100
  [train]  E_traj=8.844e-6  E_VF=0.0002208  E_spec=0.1355
  [test ]  E_traj=3.553e26  E_VF=8.048999999999999e26  E_spec=0.255
saved /orcd/home/002/txenakis/projects/BVPsolver/src/../data/runs/run_XvAGD2kU/dahlquist_fit.png
saved /orcd/home/002/txenakis/projects/BVPsolver/src/../data/runs/run_XvAGD2kU/dahlquist_fit_extrapolated.png
saved /orcd/home/002/txenakis/projects/BVPsolver/src/../data/runs/run_XvAGD2kU/dahlquist_spectral_fit_extrapolated.png
saved /orcd/home/002/txenakis/projects/BVPsolver/src/../data/runs/run_XvAGD2kU/dahlquist_vf_fit_extrapolated.png
┌ Warning: Attempting to store StiffNN.var"#25#26"{Float64}.
│ JLD2 only stores functions by name.
│  This may not be useful for anonymous functions.
└ @ JLD2 ~/.julia/packages/JLD2/ADycq/src/data/writing_datatypes.jl:447
saved run → /orcd/home/002/txenakis/projects/BVPsolver/src/../data/runs/run_XvAGD2kU
--------------------------------------
Done: Fri Sep 25 16:23:40 EDT 2026
