Task 32/80: --problem vanderpol --model GELU-scaled --profile fast --seed 602 --pretraining derivmatch --training shooting --track-sensitivity
Logging to /home/txenakis/projects/BVPsolver/logs/run_main_23877927_32.log
vanderpol  model=GELU-scaled width=7 d=2 tlen=151 profile=fast seed=602  solver=Kvaerno5  N=317
  derivmatch lr=0.01 iter=170/3400 loss=3.265
  derivmatch lr=0.01 iter=340/3400 loss=2.326
  derivmatch lr=0.01 iter=510/3400 loss=2.119
  derivmatch lr=0.01 iter=680/3400 loss=1.031
  derivmatch lr=0.01 iter=850/3400 loss=1.253
  derivmatch lr=0.01 iter=1020/3400 loss=0.2191
  derivmatch lr=0.01 iter=1190/3400 loss=0.1388
  derivmatch lr=0.01 iter=1360/3400 loss=0.1063
  derivmatch lr=0.01 iter=1530/3400 loss=0.08833
  derivmatch lr=0.01 iter=1700/3400 loss=0.07703
  derivmatch lr=0.01 iter=1870/3400 loss=0.06922
  derivmatch lr=0.01 iter=2040/3400 loss=0.06405
  derivmatch lr=0.01 iter=2210/3400 loss=0.06015
  derivmatch lr=0.01 iter=2380/3400 loss=0.05742
  derivmatch lr=0.01 iter=2550/3400 loss=4.103
  derivmatch lr=0.01 iter=2720/3400 loss=1.317
  derivmatch lr=0.01 iter=2890/3400 loss=1.218
  derivmatch lr=0.01 iter=3060/3400 loss=1.186
  derivmatch lr=0.01 iter=3230/3400 loss=1.091
  derivmatch lr=0.01 iter=3400/3400 loss=1.099
  derivmatch lr=0.01 iter=3400/3400 loss=0.05686
  derivmatch lr=0.003 iter=125/2500 loss=0.02374
  derivmatch lr=0.003 iter=250/2500 loss=0.02216
  derivmatch lr=0.003 iter=375/2500 loss=0.02121
  derivmatch lr=0.003 iter=500/2500 loss=0.02059
  derivmatch lr=0.003 iter=625/2500 loss=0.02013
  derivmatch lr=0.003 iter=750/2500 loss=0.01981
  derivmatch lr=0.003 iter=875/2500 loss=0.01956
  derivmatch lr=0.003 iter=1000/2500 loss=0.01929
  derivmatch lr=0.003 iter=1125/2500 loss=0.01905
  derivmatch lr=0.003 iter=1250/2500 loss=0.01892
  derivmatch lr=0.003 iter=1375/2500 loss=0.01877
  derivmatch lr=0.003 iter=1500/2500 loss=0.01872
  derivmatch lr=0.003 iter=1625/2500 loss=0.1125
  derivmatch lr=0.003 iter=1750/2500 loss=0.07764
  derivmatch lr=0.003 iter=1875/2500 loss=0.07133
  derivmatch lr=0.003 iter=2000/2500 loss=0.06682
  derivmatch lr=0.003 iter=2125/2500 loss=0.1277
  derivmatch lr=0.003 iter=2250/2500 loss=0.06366
  derivmatch lr=0.003 iter=2375/2500 loss=0.06078
  derivmatch lr=0.003 iter=2500/2500 loss=0.05882
  derivmatch lr=0.003 iter=2500/2500 loss=0.01869
  derivmatch lr=0.001 iter=125/2500 loss=0.01865
  derivmatch lr=0.001 iter=250/2500 loss=0.01862
  derivmatch lr=0.001 iter=375/2500 loss=0.01858
  derivmatch lr=0.001 iter=500/2500 loss=0.01855
  derivmatch lr=0.001 iter=625/2500 loss=0.01851
  derivmatch lr=0.001 iter=750/2500 loss=0.01846
  derivmatch lr=0.001 iter=875/2500 loss=0.01842
  derivmatch lr=0.001 iter=1000/2500 loss=0.01839
  derivmatch lr=0.001 iter=1125/2500 loss=0.01834
  derivmatch lr=0.001 iter=1250/2500 loss=0.01836
  derivmatch lr=0.001 iter=1375/2500 loss=0.01832
  derivmatch lr=0.001 iter=1500/2500 loss=0.01831
  derivmatch lr=0.001 iter=1625/2500 loss=0.01828
  derivmatch lr=0.001 iter=1750/2500 loss=0.01822
  derivmatch lr=0.001 iter=1875/2500 loss=0.01821
  derivmatch lr=0.001 iter=2000/2500 loss=0.01822
  derivmatch lr=0.001 iter=2125/2500 loss=0.01817
  derivmatch lr=0.001 iter=2250/2500 loss=0.01818
  derivmatch lr=0.001 iter=2375/2500 loss=0.01822
  derivmatch lr=0.001 iter=2500/2500 loss=0.01813
  derivmatch lr=0.001 iter=2500/2500 loss=0.01813
  derivmatch lr=0.0003 iter=80/1600 loss=0.01813
  derivmatch lr=0.0003 iter=160/1600 loss=0.01812
  derivmatch lr=0.0003 iter=240/1600 loss=0.01812
  derivmatch lr=0.0003 iter=320/1600 loss=0.01812
  derivmatch lr=0.0003 iter=400/1600 loss=0.01812
  derivmatch lr=0.0003 iter=480/1600 loss=0.01811
  derivmatch lr=0.0003 iter=560/1600 loss=0.01811
  derivmatch lr=0.0003 iter=640/1600 loss=0.01811
  derivmatch lr=0.0003 iter=720/1600 loss=0.01811
  derivmatch lr=0.0003 iter=800/1600 loss=0.0181
  derivmatch lr=0.0003 iter=880/1600 loss=0.0181
  derivmatch lr=0.0003 iter=960/1600 loss=0.0181
  derivmatch lr=0.0003 iter=1040/1600 loss=0.01809
  derivmatch lr=0.0003 iter=1120/1600 loss=0.01809
  derivmatch lr=0.0003 iter=1200/1600 loss=0.01808
  derivmatch lr=0.0003 iter=1280/1600 loss=0.01808
  derivmatch lr=0.0003 iter=1360/1600 loss=0.01808
  derivmatch lr=0.0003 iter=1440/1600 loss=0.01807
  derivmatch lr=0.0003 iter=1520/1600 loss=0.01807
  derivmatch lr=0.0003 iter=1600/1600 loss=0.01806
  derivmatch lr=0.0003 iter=1600/1600 loss=0.01806
derivative matching [27s]  fitloss=0.0181
  [derivative matching]  nrmse=0.2923  l2=325.1
  shooting iter=50/1000 loss=0.1843
  shooting iter=100/1000 loss=0.1838
  shooting iter=150/1000 loss=0.1836
  shooting iter=200/1000 loss=0.1833
  shooting iter=250/1000 loss=0.1832
  shooting iter=300/1000 loss=0.1831
  shooting iter=350/1000 loss=0.1831
  shooting iter=400/1000 loss=0.1831
  shooting iter=450/1000 loss=0.1831
  shooting iter=500/1000 loss=0.1831
  shooting iter=550/1000 loss=0.1831
  shooting iter=600/1000 loss=0.1831
  shooting iter=650/1000 loss=0.1831
  shooting iter=700/1000 loss=0.1831
  shooting iter=750/1000 loss=0.1831
  shooting iter=800/1000 loss=0.1831
  shooting iter=850/1000 loss=0.1831
  shooting iter=900/1000 loss=0.1831
  shooting iter=950/1000 loss=0.183
  shooting iter=1000/1000 loss=0.183
  shooting iter=1000/1000 loss=0.1637
shooting [1277s]  loss=0.164
  [final]  nrmse=0.2746  l2=325.2
extrapolation window: T=200.0 -> T_test=400.0  n_test=302
  [train]  E_traj=0.9387  E_VF=0.6344  E_spec=0.7404
  [test ]  E_traj=15.5  E_VF=44390.0  E_spec=1.397
saved /orcd/home/002/txenakis/projects/BVPsolver/src/../data/runs/run_ScPjdVIR/vanderpol_fit.png
saved /orcd/home/002/txenakis/projects/BVPsolver/src/../data/runs/run_ScPjdVIR/vanderpol_fit_extrapolated.png
saved /orcd/home/002/txenakis/projects/BVPsolver/src/../data/runs/run_ScPjdVIR/vanderpol_spectral_fit_extrapolated.png
saved /orcd/home/002/txenakis/projects/BVPsolver/src/../data/runs/run_ScPjdVIR/vanderpol_vf_fit_extrapolated.png
┌ Warning: No strict ticks found
└ @ PlotUtils ~/.julia/packages/PlotUtils/HX80C/src/ticks.jl:194
┌ Warning: No strict ticks found
└ @ PlotUtils ~/.julia/packages/PlotUtils/HX80C/src/ticks.jl:194
┌ Warning: Invalid negative or zero value 0.0 found at series index 68 for log10 based xscale
└ @ Plots ~/.julia/packages/Plots/GIume/src/utils.jl:105
saved /orcd/home/002/txenakis/projects/BVPsolver/src/../data/runs/run_ScPjdVIR/vanderpol_sensitivity_vs_stiffness_derivmatch_pointwise.png
┌ Warning: No strict ticks found
└ @ PlotUtils ~/.julia/packages/PlotUtils/HX80C/src/ticks.jl:194
┌ Warning: No strict ticks found
└ @ PlotUtils ~/.julia/packages/PlotUtils/HX80C/src/ticks.jl:194
┌ Warning: No strict ticks found
└ @ PlotUtils ~/.julia/packages/PlotUtils/HX80C/src/ticks.jl:194
┌ Warning: No strict ticks found
└ @ PlotUtils ~/.julia/packages/PlotUtils/HX80C/src/ticks.jl:194
┌ Warning: Invalid negative or zero value 0.0 found at series index 68 for log10 based xscale
└ @ Plots ~/.julia/packages/Plots/GIume/src/utils.jl:105
┌ Warning: Invalid negative or zero value 0.0 found at series index 1 for log10 based yscale
└ @ Plots ~/.julia/packages/Plots/GIume/src/utils.jl:105
saved /orcd/home/002/txenakis/projects/BVPsolver/src/../data/runs/run_ScPjdVIR/vanderpol_sensitivity_vs_stiffness_derivmatch_trajectory.png
saved /orcd/home/002/txenakis/projects/BVPsolver/src/../data/runs/run_ScPjdVIR/vanderpol_sensitivity_vs_stiffness_shooting_pointwise.png
┌ Warning: No strict ticks found
└ @ PlotUtils ~/.julia/packages/PlotUtils/HX80C/src/ticks.jl:194
┌ Warning: No strict ticks found
└ @ PlotUtils ~/.julia/packages/PlotUtils/HX80C/src/ticks.jl:194
┌ Warning: Invalid negative or zero value 0.0 found at series index 1 for log10 based yscale
└ @ Plots ~/.julia/packages/Plots/GIume/src/utils.jl:105
saved /orcd/home/002/txenakis/projects/BVPsolver/src/../data/runs/run_ScPjdVIR/vanderpol_sensitivity_vs_stiffness_shooting_trajectory.png
┌ Warning: Attempting to store StiffNN.var"#14#15"{Float64}.
│ JLD2 only stores functions by name.
│  This may not be useful for anonymous functions.
└ @ JLD2 ~/.julia/packages/JLD2/ADycq/src/data/writing_datatypes.jl:447
saved run → /orcd/home/002/txenakis/projects/BVPsolver/src/../data/runs/run_ScPjdVIR
--------------------------------------
Done: Fri Sep 25 12:14:23 EDT 2026
