Task 1036/1800: --problem hires --model mlp --profile fast --seed 136 --pretraining derivmatch --training shooting
Logging to /home/txenakis/projects/BVPsolver/logs/run_main_23553922_1036.log
hires  model=mlp width=21 d=8 tlen=50 profile=fast seed=136  solver=Rodas5  N=827
  derivmatch lr=0.01 iter=170/3400 loss=38.8
  derivmatch lr=0.01 iter=340/3400 loss=48.15
  derivmatch lr=0.01 iter=510/3400 loss=44.76
  derivmatch lr=0.01 iter=680/3400 loss=39.53
  derivmatch lr=0.01 iter=850/3400 loss=42.36
  derivmatch lr=0.01 iter=1020/3400 loss=36.42
  derivmatch lr=0.01 iter=1190/3400 loss=42.82
  derivmatch lr=0.01 iter=1360/3400 loss=33.78
  derivmatch lr=0.01 iter=1530/3400 loss=31.37
  derivmatch lr=0.01 iter=1700/3400 loss=33.16
  derivmatch lr=0.01 iter=1870/3400 loss=29.31
  derivmatch lr=0.01 iter=2040/3400 loss=23.87
  derivmatch lr=0.01 iter=2210/3400 loss=25.71
  derivmatch lr=0.01 iter=2380/3400 loss=21.32
  derivmatch lr=0.01 iter=2550/3400 loss=21.28
  derivmatch lr=0.01 iter=2720/3400 loss=22.46
  derivmatch lr=0.01 iter=2890/3400 loss=15.19
  derivmatch lr=0.01 iter=3060/3400 loss=17.16
  derivmatch lr=0.01 iter=3230/3400 loss=18.09
  derivmatch lr=0.01 iter=3400/3400 loss=17.89
  derivmatch lr=0.01 iter=3400/3400 loss=11.33
  derivmatch lr=0.003 iter=125/2500 loss=7.98
  derivmatch lr=0.003 iter=250/2500 loss=6.95
  derivmatch lr=0.003 iter=375/2500 loss=5.79
  derivmatch lr=0.003 iter=500/2500 loss=5.985
  derivmatch lr=0.003 iter=625/2500 loss=6.856
  derivmatch lr=0.003 iter=750/2500 loss=6.074
  derivmatch lr=0.003 iter=875/2500 loss=6.445
  derivmatch lr=0.003 iter=1000/2500 loss=5.836
  derivmatch lr=0.003 iter=1125/2500 loss=4.561
  derivmatch lr=0.003 iter=1250/2500 loss=7.671
  derivmatch lr=0.003 iter=1375/2500 loss=5.753
  derivmatch lr=0.003 iter=1500/2500 loss=5.247
  derivmatch lr=0.003 iter=1625/2500 loss=5.661
  derivmatch lr=0.003 iter=1750/2500 loss=5.234
  derivmatch lr=0.003 iter=1875/2500 loss=4.728
  derivmatch lr=0.003 iter=2000/2500 loss=6.227
  derivmatch lr=0.003 iter=2125/2500 loss=4.615
  derivmatch lr=0.003 iter=2250/2500 loss=5.352
  derivmatch lr=0.003 iter=2375/2500 loss=5.929
  derivmatch lr=0.003 iter=2500/2500 loss=5.014
  derivmatch lr=0.003 iter=2500/2500 loss=3.285
  derivmatch lr=0.001 iter=125/2500 loss=2.05
  derivmatch lr=0.001 iter=250/2500 loss=1.762
  derivmatch lr=0.001 iter=375/2500 loss=2.272
  derivmatch lr=0.001 iter=500/2500 loss=2.008
  derivmatch lr=0.001 iter=625/2500 loss=2.3
  derivmatch lr=0.001 iter=750/2500 loss=1.796
  derivmatch lr=0.001 iter=875/2500 loss=1.563
  derivmatch lr=0.001 iter=1000/2500 loss=1.841
  derivmatch lr=0.001 iter=1125/2500 loss=1.887
  derivmatch lr=0.001 iter=1250/2500 loss=1.535
  derivmatch lr=0.001 iter=1375/2500 loss=1.818
  derivmatch lr=0.001 iter=1500/2500 loss=1.669
  derivmatch lr=0.001 iter=1625/2500 loss=1.99
  derivmatch lr=0.001 iter=1750/2500 loss=2.408
  derivmatch lr=0.001 iter=1875/2500 loss=1.51
  derivmatch lr=0.001 iter=2000/2500 loss=1.765
  derivmatch lr=0.001 iter=2125/2500 loss=2.017
  derivmatch lr=0.001 iter=2250/2500 loss=1.976
  derivmatch lr=0.001 iter=2375/2500 loss=1.785
  derivmatch lr=0.001 iter=2500/2500 loss=2.069
  derivmatch lr=0.001 iter=2500/2500 loss=1.184
  derivmatch lr=0.0003 iter=80/1600 loss=1.09
  derivmatch lr=0.0003 iter=160/1600 loss=0.7917
  derivmatch lr=0.0003 iter=240/1600 loss=1.042
  derivmatch lr=0.0003 iter=320/1600 loss=0.9643
  derivmatch lr=0.0003 iter=400/1600 loss=0.882
  derivmatch lr=0.0003 iter=480/1600 loss=0.7956
  derivmatch lr=0.0003 iter=560/1600 loss=0.7618
  derivmatch lr=0.0003 iter=640/1600 loss=0.8563
  derivmatch lr=0.0003 iter=720/1600 loss=0.9123
  derivmatch lr=0.0003 iter=800/1600 loss=0.831
  derivmatch lr=0.0003 iter=880/1600 loss=0.7063
  derivmatch lr=0.0003 iter=960/1600 loss=0.7312
  derivmatch lr=0.0003 iter=1040/1600 loss=0.8085
  derivmatch lr=0.0003 iter=1120/1600 loss=0.6679
  derivmatch lr=0.0003 iter=1200/1600 loss=0.7624
  derivmatch lr=0.0003 iter=1280/1600 loss=0.9144
  derivmatch lr=0.0003 iter=1360/1600 loss=0.8539
  derivmatch lr=0.0003 iter=1440/1600 loss=0.6903
  derivmatch lr=0.0003 iter=1520/1600 loss=1.035
  derivmatch lr=0.0003 iter=1600/1600 loss=0.7895
  derivmatch lr=0.0003 iter=1600/1600 loss=0.5234
derivative matching [24s]  fitloss=0.523
  [derivative matching]  nrmse=13.37  l2=8.833
  shooting iter=50/1000 loss=0.1804
  shooting iter=100/1000 loss=0.1222
  shooting iter=150/1000 loss=0.1096
  shooting iter=200/1000 loss=0.07503
  shooting iter=250/1000 loss=0.07002
  shooting iter=300/1000 loss=0.07117
  shooting iter=350/1000 loss=0.05145
  shooting iter=400/1000 loss=0.08004
  shooting iter=450/1000 loss=0.04693
  shooting iter=500/1000 loss=0.04104
  shooting iter=550/1000 loss=0.06203
  shooting iter=600/1000 loss=0.07664
  shooting iter=650/1000 loss=0.05296
  shooting iter=700/1000 loss=0.05184
  shooting iter=750/1000 loss=0.04135
  shooting iter=800/1000 loss=0.04444
  shooting iter=850/1000 loss=0.05141
  shooting iter=900/1000 loss=0.04784
  shooting iter=950/1000 loss=0.04285
  shooting iter=1000/1000 loss=0.0355
  shooting iter=1000/1000 loss=0.03286
shooting [2345s]  loss=0.0329
  [final]  nrmse=0.09712  l2=0.9178
extrapolation window: T=321.8122 -> T_test=643.624  n_test=100
  [train]  E_traj=0.03438  E_VF=0.2401  E_spec=5.742e19
  [test ]  E_traj=29410.0  E_VF=7.35e9  E_spec=3.2279999999999997e31
saved /orcd/home/002/txenakis/projects/BVPsolver/src/../data/runs/run_DrIIWSaS/hires_fit.png
saved /orcd/home/002/txenakis/projects/BVPsolver/src/../data/runs/run_DrIIWSaS/hires_fit_extrapolated.png
saved /orcd/home/002/txenakis/projects/BVPsolver/src/../data/runs/run_DrIIWSaS/hires_spectral_fit_extrapolated.png
saved /orcd/home/002/txenakis/projects/BVPsolver/src/../data/runs/run_DrIIWSaS/hires_vf_fit_extrapolated.png
┌ Warning: Attempting to store StiffNN.var"#18#19"{Type{Float64}}.
│ JLD2 only stores functions by name.
│  This may not be useful for anonymous functions.
└ @ JLD2 ~/.julia/packages/JLD2/ADycq/src/data/writing_datatypes.jl:447
saved run → /orcd/home/002/txenakis/projects/BVPsolver/src/../data/runs/run_DrIIWSaS
--------------------------------------
Done: Wed Sep 23 16:57:10 EDT 2026
