Task 127/600: --problem davis-skodje --param 1e-2 --model stiff --profile fast --seed 327 --pretraining derivmatch --training collocation
Logging to /home/txenakis/projects/BVPsolver/logs/run_main_23642156_127.log
davis-skodje  model=stiff width=12 d=2 tlen=300 profile=fast seed=327  solver=Rodas5P  N=268
  derivmatch lr=0.01 iter=170/3400 loss=0.07924
  derivmatch lr=0.01 iter=340/3400 loss=0.05113
  derivmatch lr=0.01 iter=510/3400 loss=0.03745
  derivmatch lr=0.01 iter=680/3400 loss=0.01909
  derivmatch lr=0.01 iter=850/3400 loss=0.01095
  derivmatch lr=0.01 iter=1020/3400 loss=0.007934
  derivmatch lr=0.01 iter=1190/3400 loss=0.006235
  derivmatch lr=0.01 iter=1360/3400 loss=0.00504
  derivmatch lr=0.01 iter=1530/3400 loss=0.004118
  derivmatch lr=0.01 iter=1700/3400 loss=0.003347
  derivmatch lr=0.01 iter=1870/3400 loss=0.002648
  derivmatch lr=0.01 iter=2040/3400 loss=0.001968
  derivmatch lr=0.01 iter=2210/3400 loss=0.001388
  derivmatch lr=0.01 iter=2380/3400 loss=0.0009682
  derivmatch lr=0.01 iter=2550/3400 loss=0.0006835
  derivmatch lr=0.01 iter=2720/3400 loss=0.0004963
  derivmatch lr=0.01 iter=2890/3400 loss=0.0003772
  derivmatch lr=0.01 iter=3060/3400 loss=0.0003046
  derivmatch lr=0.01 iter=3230/3400 loss=0.0002619
  derivmatch lr=0.01 iter=3400/3400 loss=0.0002369
  derivmatch lr=0.01 iter=3400/3400 loss=0.0002369
  derivmatch lr=0.003 iter=125/2500 loss=0.0002126
  derivmatch lr=0.003 iter=250/2500 loss=0.0002021
  derivmatch lr=0.003 iter=375/2500 loss=0.0001906
  derivmatch lr=0.003 iter=500/2500 loss=0.0001775
  derivmatch lr=0.003 iter=625/2500 loss=0.0001649
  derivmatch lr=0.003 iter=750/2500 loss=0.0001525
  derivmatch lr=0.003 iter=875/2500 loss=0.00014
  derivmatch lr=0.003 iter=1000/2500 loss=0.0001294
  derivmatch lr=0.003 iter=1125/2500 loss=0.000119
  derivmatch lr=0.003 iter=1250/2500 loss=0.0001099
  derivmatch lr=0.003 iter=1375/2500 loss=0.0001012
  derivmatch lr=0.003 iter=1500/2500 loss=9.343e-5
  derivmatch lr=0.003 iter=1625/2500 loss=8.614e-5
  derivmatch lr=0.003 iter=1750/2500 loss=8.046e-5
  derivmatch lr=0.003 iter=1875/2500 loss=7.376e-5
  derivmatch lr=0.003 iter=2000/2500 loss=7.038e-5
  derivmatch lr=0.003 iter=2125/2500 loss=6.372e-5
  derivmatch lr=0.003 iter=2250/2500 loss=0.0001264
  derivmatch lr=0.003 iter=2375/2500 loss=5.572e-5
  derivmatch lr=0.003 iter=2500/2500 loss=5.222e-5
  derivmatch lr=0.003 iter=2500/2500 loss=5.222e-5
  derivmatch lr=0.001 iter=125/2500 loss=5.167e-5
  derivmatch lr=0.001 iter=250/2500 loss=5.104e-5
  derivmatch lr=0.001 iter=375/2500 loss=5.023e-5
  derivmatch lr=0.001 iter=500/2500 loss=4.927e-5
  derivmatch lr=0.001 iter=625/2500 loss=4.819e-5
  derivmatch lr=0.001 iter=750/2500 loss=4.702e-5
  derivmatch lr=0.001 iter=875/2500 loss=4.576e-5
  derivmatch lr=0.001 iter=1000/2500 loss=4.445e-5
  derivmatch lr=0.001 iter=1125/2500 loss=4.309e-5
  derivmatch lr=0.001 iter=1250/2500 loss=4.171e-5
  derivmatch lr=0.001 iter=1375/2500 loss=4.03e-5
  derivmatch lr=0.001 iter=1500/2500 loss=3.889e-5
  derivmatch lr=0.001 iter=1625/2500 loss=3.747e-5
  derivmatch lr=0.001 iter=1750/2500 loss=3.606e-5
  derivmatch lr=0.001 iter=1875/2500 loss=3.592e-5
  derivmatch lr=0.001 iter=2000/2500 loss=3.36e-5
  derivmatch lr=0.001 iter=2125/2500 loss=3.242e-5
  derivmatch lr=0.001 iter=2250/2500 loss=3.138e-5
  derivmatch lr=0.001 iter=2375/2500 loss=3.303e-5
  derivmatch lr=0.001 iter=2500/2500 loss=2.942e-5
  derivmatch lr=0.001 iter=2500/2500 loss=2.942e-5
  derivmatch lr=0.0003 iter=80/1600 loss=2.926e-5
  derivmatch lr=0.0003 iter=160/1600 loss=2.913e-5
  derivmatch lr=0.0003 iter=240/1600 loss=2.896e-5
  derivmatch lr=0.0003 iter=320/1600 loss=2.876e-5
  derivmatch lr=0.0003 iter=400/1600 loss=2.853e-5
  derivmatch lr=0.0003 iter=480/1600 loss=2.827e-5
  derivmatch lr=0.0003 iter=560/1600 loss=2.799e-5
  derivmatch lr=0.0003 iter=640/1600 loss=2.768e-5
  derivmatch lr=0.0003 iter=720/1600 loss=2.735e-5
  derivmatch lr=0.0003 iter=800/1600 loss=2.699e-5
  derivmatch lr=0.0003 iter=880/1600 loss=2.662e-5
  derivmatch lr=0.0003 iter=960/1600 loss=2.622e-5
  derivmatch lr=0.0003 iter=1040/1600 loss=2.579e-5
  derivmatch lr=0.0003 iter=1120/1600 loss=2.535e-5
  derivmatch lr=0.0003 iter=1200/1600 loss=2.683e-5
  derivmatch lr=0.0003 iter=1280/1600 loss=2.451e-5
  derivmatch lr=0.0003 iter=1360/1600 loss=2.412e-5
  derivmatch lr=0.0003 iter=1440/1600 loss=2.371e-5
  derivmatch lr=0.0003 iter=1520/1600 loss=2.331e-5
  derivmatch lr=0.0003 iter=1600/1600 loss=2.284e-5
  derivmatch lr=0.0003 iter=1600/1600 loss=2.284e-5
derivative matching [31s]  fitloss=2.28e-5
  [derivative matching]  nrmse=0.0001319  l2=0.006025
  collocation: M=300 residuals=2394  detecting sparsity + solving...

Algorithm: LevenbergMarquardt(
    trustregion = LevenbergMarquardtTrustRegion(
        β_uphill = 0.0
    ),
    descent = GeodesicAcceleration(
        descent = DampedNewtonDescent(
            linsolve = KLUFactorization(
                reuse_symbolic = true,
                check_pattern = true
            ),
            initial_damping = 1.0,
            damping_fn = LevenbergMarquardtDampingFunction(
                increase_factor = 2.0,
                decrease_factor = 3.0,
                min_damping = 1.0e-8
            ),
            min_norm_mode = :auto
        ),
        finite_diff_step_geodesic = 0.1,
        α = 0.75
    ),
    autodiff = AutoForwardDiff(),
    vjp_autodiff = AutoFiniteDiff(
        fdtype = Val{:forward}(),
        fdjtype = Val{:forward}(),
        fdhtype = Val{:hcentral}(),
        dir = true
    ),
    jvp_autodiff = AutoForwardDiff(),
    concrete_jac = Val{true}()
)

----    	-------------       	-----------         
Iter    	f(u) 2-norm         	Step 2-norm         
----    	-------------       	-----------         
0       	2.60695023e+01      	NaN                 
1       	2.60695023e+01      	0.00000000e+00      
8       	3.80675517e-02      	3.29678968e-03      
15      	3.92631795e-03      	1.62214272e-02      
22      	2.54070663e-03      	1.55192945e-01      
29      	1.39919372e-01      	0.00000000e+00      
36      	1.67453044e-01      	3.68122743e-01      
43      	1.21638912e-02      	4.62253029e-01      
50      	1.25555776e+00      	1.73132849e+00      
57      	2.29253738e-02      	2.70040891e-01      
64      	6.21127191e-01      	5.43554900e-01      
71      	9.95404777e-02      	0.00000000e+00      
78      	8.44431566e-03      	0.00000000e+00      
85      	2.14940920e-02      	0.00000000e+00      
92      	1.28188661e-01      	3.85687071e-01      
99      	1.89000419e-01      	0.00000000e+00      
106     	8.21434196e-02      	0.00000000e+00      
113     	2.32238918e-01      	0.00000000e+00      
120     	5.34761106e-01      	0.00000000e+00      
127     	4.91572285e-02      	0.00000000e+00      
134     	9.68056226e-02      	0.00000000e+00      
141     	4.66174954e-01      	2.58978477e-01      
148     	1.28355072e-03      	0.00000000e+00      
Final   	2.28336407e-05      
----------------------      
  AMR 1/3: M=300  err=1.18e-11  obs=5.15e-8  nrmse=1.85e-6  best=1.85e-6  refined=39
  collocation: M=339 residuals=2628  detecting sparsity + solving...

Algorithm: LevenbergMarquardt(
    trustregion = LevenbergMarquardtTrustRegion(
        β_uphill = 0.0
    ),
    descent = GeodesicAcceleration(
        descent = DampedNewtonDescent(
            linsolve = KLUFactorization(
                reuse_symbolic = true,
                check_pattern = true
            ),
            initial_damping = 1.0,
            damping_fn = LevenbergMarquardtDampingFunction(
                increase_factor = 2.0,
                decrease_factor = 3.0,
                min_damping = 1.0e-8
            ),
            min_norm_mode = :auto
        ),
        finite_diff_step_geodesic = 0.1,
        α = 0.75
    ),
    autodiff = AutoForwardDiff(),
    vjp_autodiff = AutoFiniteDiff(
        fdtype = Val{:forward}(),
        fdjtype = Val{:forward}(),
        fdhtype = Val{:hcentral}(),
        dir = true
    ),
    jvp_autodiff = AutoForwardDiff(),
    concrete_jac = Val{true}()
)

----    	-------------       	-----------         
Iter    	f(u) 2-norm         	Step 2-norm         
----    	-------------       	-----------         
0       	2.53248541e+01      	3.61234795e-310     
1       	2.53248541e+01      	0.00000000e+00      
8       	3.55959061e-02      	6.69981396e-03      
15      	2.99707859e-03      	1.61784345e-02      
22      	1.70024341e-03      	1.48799363e-01      
29      	7.64350482e-06      	6.92460484e-02      
36      	4.67588628e-04      	0.00000000e+00      
43      	2.33357721e-01      	0.00000000e+00      
50      	3.37712849e-02      	0.00000000e+00      
57      	1.37947272e-04      	0.00000000e+00      
64      	4.68565595e-03      	0.00000000e+00      
71      	1.68157162e-01      	0.00000000e+00      
78      	8.16416520e-04      	0.00000000e+00      
85      	5.88560036e-06      	4.58650713e-02      
92      	1.03828803e-01      	1.06033106e+00      
99      	7.64004037e-03      	1.68298876e-01      
106     	3.21931855e-02      	0.00000000e+00      
113     	8.48306151e-02      	0.00000000e+00      
120     	2.18475015e-02      	3.09096189e-01      
127     	3.95012251e-02      	3.71112816e-01      
134     	8.19344607e-02      	0.00000000e+00      
141     	2.67227970e-04      	6.18415407e-02      
148     	6.29646540e-03      	2.12495677e-01      
Final   	3.39811478e-06      
----------------------      
  AMR 2/3: M=339  err=2.01e-13  obs=4.87e-8  nrmse=2.01e-6  best=1.85e-6  refined=41
  collocation: M=381 residuals=2880  detecting sparsity + solving...

Algorithm: LevenbergMarquardt(
    trustregion = LevenbergMarquardtTrustRegion(
        β_uphill = 0.0
    ),
    descent = GeodesicAcceleration(
        descent = DampedNewtonDescent(
            linsolve = KLUFactorization(
                reuse_symbolic = true,
                check_pattern = true
            ),
            initial_damping = 1.0,
            damping_fn = LevenbergMarquardtDampingFunction(
                increase_factor = 2.0,
                decrease_factor = 3.0,
                min_damping = 1.0e-8
            ),
            min_norm_mode = :auto
        ),
        finite_diff_step_geodesic = 0.1,
        α = 0.75
    ),
    autodiff = AutoForwardDiff(),
    vjp_autodiff = AutoFiniteDiff(
        fdtype = Val{:forward}(),
        fdjtype = Val{:forward}(),
        fdhtype = Val{:hcentral}(),
        dir = true
    ),
    jvp_autodiff = AutoForwardDiff(),
    concrete_jac = Val{true}()
)

----    	-------------       	-----------         
Iter    	f(u) 2-norm         	Step 2-norm         
----    	-------------       	-----------         
0       	2.35777659e+01      	2.54726374e+03      
1       	2.35777659e+01      	0.00000000e+00      
8       	2.19442032e+01      	0.00000000e+00      
15      	1.88215458e+00      	1.57042614e-02      
22      	1.99741674e-02      	5.80215325e-03      
29      	6.33780496e-04      	2.32593266e-02      
36      	4.23652950e-06      	7.76629018e-02      
43      	1.02815276e-03      	8.08889424e-01      
50      	1.44114630e-05      	0.00000000e+00      
57      	4.68972089e-02      	0.00000000e+00      
64      	7.34541926e-05      	1.48225092e-01      
71      	3.66945007e-01      	0.00000000e+00      
78      	9.56716599e-05      	2.60130461e-01      
85      	6.49597712e-02      	0.00000000e+00      
92      	3.13809965e-01      	0.00000000e+00      
99      	1.86530986e-03      	1.60333022e-01      
106     	7.56726458e-01      	0.00000000e+00      
113     	4.17148634e-02      	0.00000000e+00      
120     	4.11902071e-04      	3.58275285e-01      
127     	2.43340768e-03      	0.00000000e+00      
134     	4.33582864e-03      	0.00000000e+00      
141     	1.19305167e-03      	8.82304288e-02      
148     	1.17596972e-03      	8.94431708e-02      
Final   	4.23652950e-06      
----------------------      
  AMR 3/3: M=381  err=6.89e-13  obs=4.02e-8  nrmse=2.28e-6  best=1.85e-6  refined=0
collocation [140s]
  [final]  nrmse=1.851e-6  l2=7.632e-5
extrapolation window: T=15.0 -> T_test=30.0  n_test=600
  [train]  E_traj=8.295e-12  E_VF=2.272e-6  E_spec=0.2953
  [test ]  E_traj=12.92  E_VF=14.34  E_spec=0.4887
saved /orcd/home/002/txenakis/projects/BVPsolver/src/../data/runs/run_3m3NeMwJ/davis-skodje_fit.png
saved /orcd/home/002/txenakis/projects/BVPsolver/src/../data/runs/run_3m3NeMwJ/davis-skodje_fit_extrapolated.png
saved /orcd/home/002/txenakis/projects/BVPsolver/src/../data/runs/run_3m3NeMwJ/davis-skodje_spectral_fit_extrapolated.png
saved /orcd/home/002/txenakis/projects/BVPsolver/src/../data/runs/run_3m3NeMwJ/davis-skodje_vf_fit_extrapolated.png
┌ Warning: Attempting to store StiffNN.var"#22#23"{Float64}.
│ JLD2 only stores functions by name.
│  This may not be useful for anonymous functions.
└ @ JLD2 ~/.julia/packages/JLD2/ADycq/src/data/writing_datatypes.jl:447
saved run → /orcd/home/002/txenakis/projects/BVPsolver/src/../data/runs/run_3m3NeMwJ
--------------------------------------
Done: Thu Sep 24 08:02:15 EDT 2026
