Task 390/1800: --problem rober --model stiff --profile fast --seed 140 --pretraining derivmatch --training collocation
Logging to /home/txenakis/projects/BVPsolver/logs/run_main_23493023_390.log
rober  model=stiff width=12 d=3 tlen=50 profile=fast seed=140  solver=Rodas5  N=318
  derivmatch lr=0.01 iter=170/3400 loss=0.2449
  derivmatch lr=0.01 iter=340/3400 loss=0.1012
  derivmatch lr=0.01 iter=510/3400 loss=0.06546
  derivmatch lr=0.01 iter=680/3400 loss=0.05719
  derivmatch lr=0.01 iter=850/3400 loss=0.04605
  derivmatch lr=0.01 iter=1020/3400 loss=0.03931
  derivmatch lr=0.01 iter=1190/3400 loss=0.0228
  derivmatch lr=0.01 iter=1360/3400 loss=0.01761
  derivmatch lr=0.01 iter=1530/3400 loss=0.01599
  derivmatch lr=0.01 iter=1700/3400 loss=0.01211
  derivmatch lr=0.01 iter=1870/3400 loss=0.01356
  derivmatch lr=0.01 iter=2040/3400 loss=0.007658
  derivmatch lr=0.01 iter=2210/3400 loss=0.00794
  derivmatch lr=0.01 iter=2380/3400 loss=0.004949
  derivmatch lr=0.01 iter=2550/3400 loss=0.004744
  derivmatch lr=0.01 iter=2720/3400 loss=0.003726
  derivmatch lr=0.01 iter=2890/3400 loss=0.004484
  derivmatch lr=0.01 iter=3060/3400 loss=0.002624
  derivmatch lr=0.01 iter=3230/3400 loss=0.002552
  derivmatch lr=0.01 iter=3400/3400 loss=0.002155
  derivmatch lr=0.01 iter=3400/3400 loss=0.001964
  derivmatch lr=0.003 iter=125/2500 loss=0.001807
  derivmatch lr=0.003 iter=250/2500 loss=0.00165
  derivmatch lr=0.003 iter=375/2500 loss=0.001506
  derivmatch lr=0.003 iter=500/2500 loss=0.001372
  derivmatch lr=0.003 iter=625/2500 loss=0.001248
  derivmatch lr=0.003 iter=750/2500 loss=0.001132
  derivmatch lr=0.003 iter=875/2500 loss=0.001021
  derivmatch lr=0.003 iter=1000/2500 loss=0.0009148
  derivmatch lr=0.003 iter=1125/2500 loss=0.0008132
  derivmatch lr=0.003 iter=1250/2500 loss=0.0007175
  derivmatch lr=0.003 iter=1375/2500 loss=0.0006283
  derivmatch lr=0.003 iter=1500/2500 loss=0.0005443
  derivmatch lr=0.003 iter=1625/2500 loss=0.0004614
  derivmatch lr=0.003 iter=1750/2500 loss=0.0003908
  derivmatch lr=0.003 iter=1875/2500 loss=0.000334
  derivmatch lr=0.003 iter=2000/2500 loss=0.0002879
  derivmatch lr=0.003 iter=2125/2500 loss=0.0002519
  derivmatch lr=0.003 iter=2250/2500 loss=0.0002236
  derivmatch lr=0.003 iter=2375/2500 loss=0.0002043
  derivmatch lr=0.003 iter=2500/2500 loss=0.000182
  derivmatch lr=0.003 iter=2500/2500 loss=0.000182
  derivmatch lr=0.001 iter=125/2500 loss=0.0001749
  derivmatch lr=0.001 iter=250/2500 loss=0.0001704
  derivmatch lr=0.001 iter=375/2500 loss=0.0001649
  derivmatch lr=0.001 iter=500/2500 loss=0.0001587
  derivmatch lr=0.001 iter=625/2500 loss=0.0001522
  derivmatch lr=0.001 iter=750/2500 loss=0.0001456
  derivmatch lr=0.001 iter=875/2500 loss=0.0001389
  derivmatch lr=0.001 iter=1000/2500 loss=0.0001322
  derivmatch lr=0.001 iter=1125/2500 loss=0.0001256
  derivmatch lr=0.001 iter=1250/2500 loss=0.0001192
  derivmatch lr=0.001 iter=1375/2500 loss=0.0001129
  derivmatch lr=0.001 iter=1500/2500 loss=0.0001069
  derivmatch lr=0.001 iter=1625/2500 loss=0.0001011
  derivmatch lr=0.001 iter=1750/2500 loss=0.0001193
  derivmatch lr=0.001 iter=1875/2500 loss=9.127e-5
  derivmatch lr=0.001 iter=2000/2500 loss=8.723e-5
  derivmatch lr=0.001 iter=2125/2500 loss=8.335e-5
  derivmatch lr=0.001 iter=2250/2500 loss=7.986e-5
  derivmatch lr=0.001 iter=2375/2500 loss=7.645e-5
  derivmatch lr=0.001 iter=2500/2500 loss=7.351e-5
  derivmatch lr=0.001 iter=2500/2500 loss=7.351e-5
  derivmatch lr=0.0003 iter=80/1600 loss=7.312e-5
  derivmatch lr=0.0003 iter=160/1600 loss=7.274e-5
  derivmatch lr=0.0003 iter=240/1600 loss=7.226e-5
  derivmatch lr=0.0003 iter=320/1600 loss=7.17e-5
  derivmatch lr=0.0003 iter=400/1600 loss=7.108e-5
  derivmatch lr=0.0003 iter=480/1600 loss=7.039e-5
  derivmatch lr=0.0003 iter=560/1600 loss=6.967e-5
  derivmatch lr=0.0003 iter=640/1600 loss=6.89e-5
  derivmatch lr=0.0003 iter=720/1600 loss=6.814e-5
  derivmatch lr=0.0003 iter=800/1600 loss=6.736e-5
  derivmatch lr=0.0003 iter=880/1600 loss=6.656e-5
  derivmatch lr=0.0003 iter=960/1600 loss=6.574e-5
  derivmatch lr=0.0003 iter=1040/1600 loss=6.491e-5
  derivmatch lr=0.0003 iter=1120/1600 loss=6.409e-5
  derivmatch lr=0.0003 iter=1200/1600 loss=6.328e-5
  derivmatch lr=0.0003 iter=1280/1600 loss=6.246e-5
  derivmatch lr=0.0003 iter=1360/1600 loss=6.193e-5
  derivmatch lr=0.0003 iter=1440/1600 loss=6.084e-5
  derivmatch lr=0.0003 iter=1520/1600 loss=6.026e-5
  derivmatch lr=0.0003 iter=1600/1600 loss=5.926e-5
  derivmatch lr=0.0003 iter=1600/1600 loss=5.926e-5
derivative matching [35s]  fitloss=5.93e-5
  [derivative matching]  nrmse=0.005228  l2=0.02704
  collocation: M=54 residuals=627  detecting sparsity + solving...

Algorithm: LevenbergMarquardt(
    trustregion = LevenbergMarquardtTrustRegion(
        β_uphill = 0.0
    ),
    descent = GeodesicAcceleration(
        descent = DampedNewtonDescent(
            linsolve = KLUFactorization(
                reuse_symbolic = true,
                check_pattern = true
            ),
            initial_damping = 1.0,
            damping_fn = LevenbergMarquardtDampingFunction(
                increase_factor = 2.0,
                decrease_factor = 3.0,
                min_damping = 1.0e-8
            ),
            min_norm_mode = :auto
        ),
        finite_diff_step_geodesic = 0.1,
        α = 0.75
    ),
    autodiff = AutoForwardDiff(),
    vjp_autodiff = AutoFiniteDiff(
        fdtype = Val{:forward}(),
        fdjtype = Val{:forward}(),
        fdhtype = Val{:hcentral}(),
        dir = true
    ),
    jvp_autodiff = AutoForwardDiff(),
    concrete_jac = Val{true}()
)

----    	-------------       	-----------         
Iter    	f(u) 2-norm         	Step 2-norm         
----    	-------------       	-----------         
0       	1.30565851e+03      	NaN                 
1       	5.54707301e+03      	2.20433439e-02      
8       	1.26150238e+03      	2.67787729e-02      
15      	1.99944305e+02      	1.70565483e-01      
22      	1.68794434e+03      	5.67432178e-01      
29      	3.75954910e+02      	5.78835963e-01      
36      	7.16919440e+01      	2.52343248e-01      
43      	1.88170254e+02      	2.99083457e-01      
50      	1.77205919e+01      	0.00000000e+00      
57      	3.07265358e+01      	0.00000000e+00      
64      	1.09208181e+01      	1.20889869e-01      
71      	2.67029471e+01      	0.00000000e+00      
78      	1.07409847e+01      	0.00000000e+00      
85      	1.41816735e+00      	0.00000000e+00      
92      	3.28394070e+01      	2.02984940e-01      
99      	3.44240351e+00      	0.00000000e+00      
106     	4.90836854e+01      	2.71676904e-01      
113     	1.02025050e+01      	0.00000000e+00      
120     	9.46428987e+01      	2.76619328e-01      
127     	6.50626039e+02      	0.00000000e+00      
134     	9.34222293e+01      	0.00000000e+00      
141     	1.17300342e+02      	3.17935080e-01      
148     	6.29181227e+00      	0.00000000e+00      
Final   	3.29336578e-02      
----------------------      
  AMR 1/1: M=54  err=0.000371  obs=2.72e-10  nrmse=0.000144  best=0.000144  refined=0
collocation [20s]
  [final]  nrmse=0.0001442  l2=0.0002328
extrapolation window: T=1000.0 -> T_test=1.0e12  n_test=100
  [train]  E_traj=5.63e-8  E_VF=9.574e-7  E_spec=2.484e27
  [test ]  E_traj=1.1  E_VF=1.285e9  E_spec=8.709e24
saved /orcd/home/002/txenakis/projects/BVPsolver/src/../data/runs/run_hDANzF4B/rober_fit.png
saved /orcd/home/002/txenakis/projects/BVPsolver/src/../data/runs/run_hDANzF4B/rober_fit_extrapolated.png
saved /orcd/home/002/txenakis/projects/BVPsolver/src/../data/runs/run_hDANzF4B/rober_spectral_fit_extrapolated.png
saved /orcd/home/002/txenakis/projects/BVPsolver/src/../data/runs/run_hDANzF4B/rober_vf_fit_extrapolated.png
┌ Warning: Attempting to store StiffNN.var"#12#13"{Float64, Float64, Float64}.
│ JLD2 only stores functions by name.
│  This may not be useful for anonymous functions.
└ @ JLD2 ~/.julia/packages/JLD2/ADycq/src/data/writing_datatypes.jl:447
saved run → /orcd/home/002/txenakis/projects/BVPsolver/src/../data/runs/run_hDANzF4B
--------------------------------------
Done: Wed Sep 23 05:31:16 EDT 2026
