Task 26/600: --problem davis-skodje --param 1e-1 --model stiff --profile fast --seed 326 --pretraining derivmatch --training collocation
Logging to /home/txenakis/projects/BVPsolver/logs/run_main_23642156_26.log
davis-skodje  model=stiff width=12 d=2 tlen=300 profile=fast seed=326  solver=Rodas5P  N=268
  derivmatch lr=0.01 iter=170/3400 loss=0.01449
  derivmatch lr=0.01 iter=340/3400 loss=0.0023
  derivmatch lr=0.01 iter=510/3400 loss=0.001613
  derivmatch lr=0.01 iter=680/3400 loss=0.001168
  derivmatch lr=0.01 iter=850/3400 loss=0.0008535
  derivmatch lr=0.01 iter=1020/3400 loss=0.000625
  derivmatch lr=0.01 iter=1190/3400 loss=0.0004551
  derivmatch lr=0.01 iter=1360/3400 loss=0.0003285
  derivmatch lr=0.01 iter=1530/3400 loss=0.0002355
  derivmatch lr=0.01 iter=1700/3400 loss=0.0001689
  derivmatch lr=0.01 iter=1870/3400 loss=0.0001227
  derivmatch lr=0.01 iter=2040/3400 loss=9.182e-5
  derivmatch lr=0.01 iter=2210/3400 loss=7.17e-5
  derivmatch lr=0.01 iter=2380/3400 loss=5.866e-5
  derivmatch lr=0.01 iter=2550/3400 loss=4.995e-5
  derivmatch lr=0.01 iter=2720/3400 loss=4.378e-5
  derivmatch lr=0.01 iter=2890/3400 loss=3.907e-5
  derivmatch lr=0.01 iter=3060/3400 loss=3.524e-5
  derivmatch lr=0.01 iter=3230/3400 loss=3.2e-5
  derivmatch lr=0.01 iter=3400/3400 loss=2.918e-5
  derivmatch lr=0.01 iter=3400/3400 loss=2.918e-5
  derivmatch lr=0.003 iter=125/2500 loss=2.258e-5
  derivmatch lr=0.003 iter=250/2500 loss=1.786e-5
  derivmatch lr=0.003 iter=375/2500 loss=1.425e-5
  derivmatch lr=0.003 iter=500/2500 loss=1.187e-5
  derivmatch lr=0.003 iter=625/2500 loss=1.053e-5
  derivmatch lr=0.003 iter=750/2500 loss=9.345e-6
  derivmatch lr=0.003 iter=875/2500 loss=8.493e-6
  derivmatch lr=0.003 iter=1000/2500 loss=8.826e-6
  derivmatch lr=0.003 iter=1125/2500 loss=7.188e-6
  derivmatch lr=0.003 iter=1250/2500 loss=6.636e-6
  derivmatch lr=0.003 iter=1375/2500 loss=2.97e-5
  derivmatch lr=0.003 iter=1500/2500 loss=5.728e-6
  derivmatch lr=0.003 iter=1625/2500 loss=5.316e-6
  derivmatch lr=0.003 iter=1750/2500 loss=2.162e-5
  derivmatch lr=0.003 iter=1875/2500 loss=4.636e-6
  derivmatch lr=0.003 iter=2000/2500 loss=4.318e-6
  derivmatch lr=0.003 iter=2125/2500 loss=3.835e-5
  derivmatch lr=0.003 iter=2250/2500 loss=3.8e-6
  derivmatch lr=0.003 iter=2375/2500 loss=3.559e-6
  derivmatch lr=0.003 iter=2500/2500 loss=4.949e-6
  derivmatch lr=0.003 iter=2500/2500 loss=3.424e-6
  derivmatch lr=0.001 iter=125/2500 loss=3.362e-6
  derivmatch lr=0.001 iter=250/2500 loss=3.306e-6
  derivmatch lr=0.001 iter=375/2500 loss=3.238e-6
  derivmatch lr=0.001 iter=500/2500 loss=3.158e-6
  derivmatch lr=0.001 iter=625/2500 loss=3.073e-6
  derivmatch lr=0.001 iter=750/2500 loss=2.981e-6
  derivmatch lr=0.001 iter=875/2500 loss=2.882e-6
  derivmatch lr=0.001 iter=1000/2500 loss=2.781e-6
  derivmatch lr=0.001 iter=1125/2500 loss=2.678e-6
  derivmatch lr=0.001 iter=1250/2500 loss=2.868e-6
  derivmatch lr=0.001 iter=1375/2500 loss=2.468e-6
  derivmatch lr=0.001 iter=1500/2500 loss=2.362e-6
  derivmatch lr=0.001 iter=1625/2500 loss=2.262e-6
  derivmatch lr=0.001 iter=1750/2500 loss=2.158e-6
  derivmatch lr=0.001 iter=1875/2500 loss=3.201e-6
  derivmatch lr=0.001 iter=2000/2500 loss=1.966e-6
  derivmatch lr=0.001 iter=2125/2500 loss=1.873e-6
  derivmatch lr=0.001 iter=2250/2500 loss=1.792e-6
  derivmatch lr=0.001 iter=2375/2500 loss=1.711e-6
  derivmatch lr=0.001 iter=2500/2500 loss=1.95e-5
  derivmatch lr=0.001 iter=2500/2500 loss=1.644e-6
  derivmatch lr=0.0003 iter=80/1600 loss=1.641e-6
  derivmatch lr=0.0003 iter=160/1600 loss=1.628e-6
  derivmatch lr=0.0003 iter=240/1600 loss=1.616e-6
  derivmatch lr=0.0003 iter=320/1600 loss=1.601e-6
  derivmatch lr=0.0003 iter=400/1600 loss=1.584e-6
  derivmatch lr=0.0003 iter=480/1600 loss=1.566e-6
  derivmatch lr=0.0003 iter=560/1600 loss=1.546e-6
  derivmatch lr=0.0003 iter=640/1600 loss=1.524e-6
  derivmatch lr=0.0003 iter=720/1600 loss=1.501e-6
  derivmatch lr=0.0003 iter=800/1600 loss=1.477e-6
  derivmatch lr=0.0003 iter=880/1600 loss=1.452e-6
  derivmatch lr=0.0003 iter=960/1600 loss=1.426e-6
  derivmatch lr=0.0003 iter=1040/1600 loss=1.399e-6
  derivmatch lr=0.0003 iter=1120/1600 loss=1.372e-6
  derivmatch lr=0.0003 iter=1200/1600 loss=1.344e-6
  derivmatch lr=0.0003 iter=1280/1600 loss=1.315e-6
  derivmatch lr=0.0003 iter=1360/1600 loss=1.286e-6
  derivmatch lr=0.0003 iter=1440/1600 loss=1.257e-6
  derivmatch lr=0.0003 iter=1520/1600 loss=1.227e-6
  derivmatch lr=0.0003 iter=1600/1600 loss=1.198e-6
  derivmatch lr=0.0003 iter=1600/1600 loss=1.198e-6
derivative matching [42s]  fitloss=1.2e-6
  [derivative matching]  nrmse=6.719e-5  l2=0.003081
  collocation: M=300 residuals=2394  detecting sparsity + solving...

Algorithm: LevenbergMarquardt(
    trustregion = LevenbergMarquardtTrustRegion(
        β_uphill = 0.0
    ),
    descent = GeodesicAcceleration(
        descent = DampedNewtonDescent(
            linsolve = KLUFactorization(
                reuse_symbolic = true,
                check_pattern = true
            ),
            initial_damping = 1.0,
            damping_fn = LevenbergMarquardtDampingFunction(
                increase_factor = 2.0,
                decrease_factor = 3.0,
                min_damping = 1.0e-8
            ),
            min_norm_mode = :auto
        ),
        finite_diff_step_geodesic = 0.1,
        α = 0.75
    ),
    autodiff = AutoForwardDiff(),
    vjp_autodiff = AutoFiniteDiff(
        fdtype = Val{:forward}(),
        fdjtype = Val{:forward}(),
        fdhtype = Val{:hcentral}(),
        dir = true
    ),
    jvp_autodiff = AutoForwardDiff(),
    concrete_jac = Val{true}()
)

----    	-------------       	-----------         
Iter    	f(u) 2-norm         	Step 2-norm         
----    	-------------       	-----------         
0       	2.46990634e+01      	NaN                 
1       	1.15146854e+01      	5.65188236e-02      
8       	3.94592691e-03      	1.51603728e-03      
15      	8.97688231e-04      	4.19118727e-03      
22      	2.35663713e-02      	2.84781854e-01      
29      	7.55113551e-01      	9.59124640e-01      
36      	2.47477787e-01      	1.81790536e+00      
43      	3.20374951e-02      	4.89901145e-01      
50      	6.47885003e-01      	1.19584163e+00      
57      	9.28938566e-03      	0.00000000e+00      
64      	5.59122477e-02      	0.00000000e+00      
71      	2.00476979e-03      	9.03523812e-02      
78      	7.14486846e-02      	5.90098392e-01      
85      	9.56572620e-04      	0.00000000e+00      
92      	6.08894879e-02      	0.00000000e+00      
99      	5.09041276e-03      	0.00000000e+00      
106     	6.21962504e-06      	0.00000000e+00      
113     	3.03575559e-04      	0.00000000e+00      
120     	1.29731792e-02      	0.00000000e+00      
127     	7.16518142e-04      	6.90389515e-02      
134     	6.14301161e-04      	0.00000000e+00      
141     	7.50262337e-04      	1.91736681e-01      
148     	7.61492294e-03      	0.00000000e+00      
Final   	1.32508891e-06      
----------------------      
  AMR 1/3: M=300  err=2.32e-14  obs=7.71e-9  nrmse=3.38e-7  best=3.38e-7  refined=77
  collocation: M=377 residuals=2856  detecting sparsity + solving...

Algorithm: LevenbergMarquardt(
    trustregion = LevenbergMarquardtTrustRegion(
        β_uphill = 0.0
    ),
    descent = GeodesicAcceleration(
        descent = DampedNewtonDescent(
            linsolve = KLUFactorization(
                reuse_symbolic = true,
                check_pattern = true
            ),
            initial_damping = 1.0,
            damping_fn = LevenbergMarquardtDampingFunction(
                increase_factor = 2.0,
                decrease_factor = 3.0,
                min_damping = 1.0e-8
            ),
            min_norm_mode = :auto
        ),
        finite_diff_step_geodesic = 0.1,
        α = 0.75
    ),
    autodiff = AutoForwardDiff(),
    vjp_autodiff = AutoFiniteDiff(
        fdtype = Val{:forward}(),
        fdjtype = Val{:forward}(),
        fdhtype = Val{:hcentral}(),
        dir = true
    ),
    jvp_autodiff = AutoForwardDiff(),
    concrete_jac = Val{true}()
)

----    	-------------       	-----------         
Iter    	f(u) 2-norm         	Step 2-norm         
----    	-------------       	-----------         
0       	2.24240913e+01      	1.03383965e+243     
1       	9.79836803e+00      	7.48799110e-02      
8       	3.02538380e-02      	6.28678001e-03      
15      	6.88692529e-04      	4.76319393e-03      
22      	4.52451688e-07      	8.95936578e-04      
29      	4.03502194e-07      	5.52008949e-03      
36      	7.51369223e-03      	0.00000000e+00      
43      	5.10264191e-06      	1.32358954e-02      
50      	3.36999621e-04      	6.92591766e-02      
57      	1.20444199e-06      	0.00000000e+00      
64      	4.38153757e-03      	0.00000000e+00      
71      	7.72205553e-03      	0.00000000e+00      
78      	1.42966709e-03      	1.81767879e-01      
85      	1.43046776e-02      	0.00000000e+00      
92      	1.78390879e-03      	2.72689615e-01      
99      	6.46840508e-03      	0.00000000e+00      
106     	3.01650782e-03      	0.00000000e+00      
113     	1.02609270e-02      	4.82617945e-01      
120     	4.72948365e-04      	1.24889979e-01      
127     	1.99415298e-02      	0.00000000e+00      
134     	1.14980488e-03      	2.03741921e-01      
141     	1.21467685e-03      	0.00000000e+00      
148     	2.05623016e-02      	0.00000000e+00      
Final   	4.03057952e-07      
----------------------      
  AMR 2/3: M=377  err=4.55e-15  obs=6.87e-9  nrmse=2.46e-7  best=2.46e-7  refined=18
  collocation: M=396 residuals=2970  detecting sparsity + solving...

Algorithm: LevenbergMarquardt(
    trustregion = LevenbergMarquardtTrustRegion(
        β_uphill = 0.0
    ),
    descent = GeodesicAcceleration(
        descent = DampedNewtonDescent(
            linsolve = KLUFactorization(
                reuse_symbolic = true,
                check_pattern = true
            ),
            initial_damping = 1.0,
            damping_fn = LevenbergMarquardtDampingFunction(
                increase_factor = 2.0,
                decrease_factor = 3.0,
                min_damping = 1.0e-8
            ),
            min_norm_mode = :auto
        ),
        finite_diff_step_geodesic = 0.1,
        α = 0.75
    ),
    autodiff = AutoForwardDiff(),
    vjp_autodiff = AutoFiniteDiff(
        fdtype = Val{:forward}(),
        fdjtype = Val{:forward}(),
        fdhtype = Val{:hcentral}(),
        dir = true
    ),
    jvp_autodiff = AutoForwardDiff(),
    concrete_jac = Val{true}()
)

----    	-------------       	-----------         
Iter    	f(u) 2-norm         	Step 2-norm         
----    	-------------       	-----------         
0       	2.16600145e+01      	7.53577381e-317     
1       	9.34508926e+00      	7.54956096e-02      
8       	3.48119877e-02      	6.53267437e-03      
15      	6.46132918e-04      	5.01688930e-03      
22      	4.45328863e-07      	1.10282640e-03      
29      	4.78874194e-07      	6.92537270e-03      
36      	1.21959901e-02      	0.00000000e+00      
43      	1.53231362e-03      	0.00000000e+00      
50      	2.24353408e-04      	6.65491883e-02      
57      	8.79859405e-04      	1.37129238e-01      
64      	2.38133423e-02      	6.66272246e-01      
71      	2.18116824e-03      	0.00000000e+00      
78      	2.18110910e-02      	0.00000000e+00      
85      	3.05314597e-04      	0.00000000e+00      
92      	1.79512495e-04      	0.00000000e+00      
99      	2.04061751e-02      	0.00000000e+00      
106     	1.94143229e-02      	0.00000000e+00      
113     	9.36923256e-03      	0.00000000e+00      
120     	1.01226884e-03      	2.13967989e-01      
127     	2.23089363e-03      	1.89053390e-01      
134     	2.26596277e-03      	2.46714458e-01      
141     	4.80467466e-03      	2.32252573e-01      
148     	2.95962138e-03      	1.73111516e-01      
Final   	3.71635950e-07      
----------------------      
  AMR 3/3: M=396  err=3.49e-15  obs=5.92e-9  nrmse=2.43e-7  best=2.43e-7  refined=0
collocation [194s]
  [final]  nrmse=2.432e-7  l2=9.364e-6
extrapolation window: T=15.0 -> T_test=30.0  n_test=600
  [train]  E_traj=1.021e-13  E_VF=9.979e-10  E_spec=0.2579
  [test ]  E_traj=0.1597  E_VF=2.928  E_spec=0.182
saved /orcd/home/002/txenakis/projects/BVPsolver/src/../data/runs/run_bRIxIg2X/davis-skodje_fit.png
saved /orcd/home/002/txenakis/projects/BVPsolver/src/../data/runs/run_bRIxIg2X/davis-skodje_fit_extrapolated.png
saved /orcd/home/002/txenakis/projects/BVPsolver/src/../data/runs/run_bRIxIg2X/davis-skodje_spectral_fit_extrapolated.png
saved /orcd/home/002/txenakis/projects/BVPsolver/src/../data/runs/run_bRIxIg2X/davis-skodje_vf_fit_extrapolated.png
┌ Warning: Attempting to store StiffNN.var"#22#23"{Float64}.
│ JLD2 only stores functions by name.
│  This may not be useful for anonymous functions.
└ @ JLD2 ~/.julia/packages/JLD2/ADycq/src/data/writing_datatypes.jl:447
saved run → /orcd/home/002/txenakis/projects/BVPsolver/src/../data/runs/run_bRIxIg2X
--------------------------------------
Done: Thu Sep 24 07:49:34 EDT 2026
