Task 324/600: --problem davis-skodje --param 1e-4 --model stiff --profile fast --seed 324 --pretraining derivmatch --training collocation
Logging to /home/txenakis/projects/BVPsolver/logs/run_main_23642156_324.log
davis-skodje  model=stiff width=12 d=2 tlen=300 profile=fast seed=324  solver=Rodas5P  N=268
  derivmatch lr=0.01 iter=170/3400 loss=0.8434
  derivmatch lr=0.01 iter=340/3400 loss=0.5531
  derivmatch lr=0.01 iter=510/3400 loss=0.4491
  derivmatch lr=0.01 iter=680/3400 loss=0.4941
  derivmatch lr=0.01 iter=850/3400 loss=0.4147
  derivmatch lr=0.01 iter=1020/3400 loss=0.379
  derivmatch lr=0.01 iter=1190/3400 loss=0.3106
  derivmatch lr=0.01 iter=1360/3400 loss=0.2911
  derivmatch lr=0.01 iter=1530/3400 loss=0.243
  derivmatch lr=0.01 iter=1700/3400 loss=0.2074
  derivmatch lr=0.01 iter=1870/3400 loss=0.1793
  derivmatch lr=0.01 iter=2040/3400 loss=0.1556
  derivmatch lr=0.01 iter=2210/3400 loss=0.1374
  derivmatch lr=0.01 iter=2380/3400 loss=0.1233
  derivmatch lr=0.01 iter=2550/3400 loss=0.1121
  derivmatch lr=0.01 iter=2720/3400 loss=0.1028
  derivmatch lr=0.01 iter=2890/3400 loss=0.09509
  derivmatch lr=0.01 iter=3060/3400 loss=0.08855
  derivmatch lr=0.01 iter=3230/3400 loss=0.08293
  derivmatch lr=0.01 iter=3400/3400 loss=0.078
  derivmatch lr=0.01 iter=3400/3400 loss=0.06925
  derivmatch lr=0.003 iter=125/2500 loss=0.03328
  derivmatch lr=0.003 iter=250/2500 loss=0.03088
  derivmatch lr=0.003 iter=375/2500 loss=0.03105
  derivmatch lr=0.003 iter=500/2500 loss=0.02968
  derivmatch lr=0.003 iter=625/2500 loss=0.02687
  derivmatch lr=0.003 iter=750/2500 loss=0.02722
  derivmatch lr=0.003 iter=875/2500 loss=0.02496
  derivmatch lr=0.003 iter=1000/2500 loss=0.02559
  derivmatch lr=0.003 iter=1125/2500 loss=0.02368
  derivmatch lr=0.003 iter=1250/2500 loss=0.02445
  derivmatch lr=0.003 iter=1375/2500 loss=0.02277
  derivmatch lr=0.003 iter=1500/2500 loss=0.02361
  derivmatch lr=0.003 iter=1625/2500 loss=0.02207
  derivmatch lr=0.003 iter=1750/2500 loss=0.02288
  derivmatch lr=0.003 iter=1875/2500 loss=0.02133
  derivmatch lr=0.003 iter=2000/2500 loss=0.02223
  derivmatch lr=0.003 iter=2125/2500 loss=0.02091
  derivmatch lr=0.003 iter=2250/2500 loss=0.02176
  derivmatch lr=0.003 iter=2375/2500 loss=0.0205
  derivmatch lr=0.003 iter=2500/2500 loss=0.02134
  derivmatch lr=0.003 iter=2500/2500 loss=0.02031
  derivmatch lr=0.001 iter=125/2500 loss=0.009648
  derivmatch lr=0.001 iter=250/2500 loss=0.007595
  derivmatch lr=0.001 iter=375/2500 loss=0.00658
  derivmatch lr=0.001 iter=500/2500 loss=0.0061
  derivmatch lr=0.001 iter=625/2500 loss=0.008563
  derivmatch lr=0.001 iter=750/2500 loss=0.005935
  derivmatch lr=0.001 iter=875/2500 loss=0.005508
  derivmatch lr=0.001 iter=1000/2500 loss=0.005477
  derivmatch lr=0.001 iter=1125/2500 loss=0.006034
  derivmatch lr=0.001 iter=1250/2500 loss=0.005416
  derivmatch lr=0.001 iter=1375/2500 loss=0.005917
  derivmatch lr=0.001 iter=1500/2500 loss=0.005076
  derivmatch lr=0.001 iter=1625/2500 loss=0.00507
  derivmatch lr=0.001 iter=1750/2500 loss=0.005337
  derivmatch lr=0.001 iter=1875/2500 loss=0.01191
  derivmatch lr=0.001 iter=2000/2500 loss=0.01047
  derivmatch lr=0.001 iter=2125/2500 loss=0.007016
  derivmatch lr=0.001 iter=2250/2500 loss=0.004764
  derivmatch lr=0.001 iter=2375/2500 loss=0.004973
  derivmatch lr=0.001 iter=2500/2500 loss=0.004686
  derivmatch lr=0.001 iter=2500/2500 loss=0.004686
  derivmatch lr=0.0003 iter=80/1600 loss=0.004664
  derivmatch lr=0.0003 iter=160/1600 loss=0.004626
  derivmatch lr=0.0003 iter=240/1600 loss=0.00461
  derivmatch lr=0.0003 iter=320/1600 loss=0.004592
  derivmatch lr=0.0003 iter=400/1600 loss=0.004574
  derivmatch lr=0.0003 iter=480/1600 loss=0.004555
  derivmatch lr=0.0003 iter=560/1600 loss=0.004536
  derivmatch lr=0.0003 iter=640/1600 loss=0.004517
  derivmatch lr=0.0003 iter=720/1600 loss=0.004496
  derivmatch lr=0.0003 iter=800/1600 loss=0.004475
  derivmatch lr=0.0003 iter=880/1600 loss=0.004453
  derivmatch lr=0.0003 iter=960/1600 loss=0.004431
  derivmatch lr=0.0003 iter=1040/1600 loss=0.004408
  derivmatch lr=0.0003 iter=1120/1600 loss=0.004384
  derivmatch lr=0.0003 iter=1200/1600 loss=0.004359
  derivmatch lr=0.0003 iter=1280/1600 loss=0.004458
  derivmatch lr=0.0003 iter=1360/1600 loss=0.004321
  derivmatch lr=0.0003 iter=1440/1600 loss=0.004299
  derivmatch lr=0.0003 iter=1520/1600 loss=0.004278
  derivmatch lr=0.0003 iter=1600/1600 loss=0.00445
  derivmatch lr=0.0003 iter=1600/1600 loss=0.004262
derivative matching [32s]  fitloss=0.00426
  [derivative matching]  nrmse=0.01507  l2=0.738
  collocation: M=304 residuals=2418  detecting sparsity + solving...

Algorithm: LevenbergMarquardt(
    trustregion = LevenbergMarquardtTrustRegion(
        β_uphill = 0.0
    ),
    descent = GeodesicAcceleration(
        descent = DampedNewtonDescent(
            linsolve = KLUFactorization(
                reuse_symbolic = true,
                check_pattern = true
            ),
            initial_damping = 1.0,
            damping_fn = LevenbergMarquardtDampingFunction(
                increase_factor = 2.0,
                decrease_factor = 3.0,
                min_damping = 1.0e-8
            ),
            min_norm_mode = :auto
        ),
        finite_diff_step_geodesic = 0.1,
        α = 0.75
    ),
    autodiff = AutoForwardDiff(),
    vjp_autodiff = AutoFiniteDiff(
        fdtype = Val{:forward}(),
        fdjtype = Val{:forward}(),
        fdhtype = Val{:hcentral}(),
        dir = true
    ),
    jvp_autodiff = AutoForwardDiff(),
    concrete_jac = Val{true}()
)

----    	-------------       	-----------         
Iter    	f(u) 2-norm         	Step 2-norm         
----    	-------------       	-----------         
0       	1.59559093e+02      	NaN                 
1       	3.98510397e+01      	1.51400355e+00      
8       	2.14518695e-01      	1.19747358e-01      
15      	1.22152290e-01      	6.07316846e-01      
22      	8.15298076e-01      	0.00000000e+00      
29      	7.21677944e-02      	3.00635503e-01      
36      	2.39800994e+01      	0.00000000e+00      
43      	1.36299476e+00      	9.15047534e-01      
50      	4.46013268e-01      	0.00000000e+00      
57      	3.19551021e-01      	4.06989738e-01      
64      	5.19709950e+00      	8.21769069e-01      
71      	1.45646935e+01      	0.00000000e+00      
78      	6.80923353e+00      	0.00000000e+00      
85      	5.27815972e+01      	1.79914925e+00      
92      	7.66454339e+02      	0.00000000e+00      
99      	7.66454339e+02      	0.00000000e+00      
106     	6.70120296e-03      	7.66826925e-02      
113     	1.20243655e+00      	4.41284080e-01      
120     	2.83898063e-01      	0.00000000e+00      
127     	1.61107201e+01      	1.12343786e+00      
134     	2.58676803e-02      	1.36939331e-01      
141     	6.21377630e-02      	1.55602173e-01      
148     	2.09192362e+00      	3.03037978e-01      
Final   	1.39938927e-03      
----------------------      
  AMR 1/3: M=304  err=5.5e-8  obs=5.06e-6  nrmse=2.21e-5  best=2.21e-5  refined=36
  collocation: M=340 residuals=2634  detecting sparsity + solving...

Algorithm: LevenbergMarquardt(
    trustregion = LevenbergMarquardtTrustRegion(
        β_uphill = 0.0
    ),
    descent = GeodesicAcceleration(
        descent = DampedNewtonDescent(
            linsolve = KLUFactorization(
                reuse_symbolic = true,
                check_pattern = true
            ),
            initial_damping = 1.0,
            damping_fn = LevenbergMarquardtDampingFunction(
                increase_factor = 2.0,
                decrease_factor = 3.0,
                min_damping = 1.0e-8
            ),
            min_norm_mode = :auto
        ),
        finite_diff_step_geodesic = 0.1,
        α = 0.75
    ),
    autodiff = AutoForwardDiff(),
    vjp_autodiff = AutoFiniteDiff(
        fdtype = Val{:forward}(),
        fdjtype = Val{:forward}(),
        fdhtype = Val{:hcentral}(),
        dir = true
    ),
    jvp_autodiff = AutoForwardDiff(),
    concrete_jac = Val{true}()
)

----    	-------------       	-----------         
Iter    	f(u) 2-norm         	Step 2-norm         
----    	-------------       	-----------         
0       	1.04266058e+02      	6.03302392e-303     
1       	1.04266058e+02      	0.00000000e+00      
8       	1.04266058e+02      	0.00000000e+00      
15      	2.45070728e+01      	6.15365463e-02      
22      	9.67815385e-02      	7.92549726e-03      
29      	1.62425504e-01      	5.44804950e-02      
36      	3.73839527e-02      	5.93716279e-02      
43      	1.61335101e-03      	6.77899423e-02      
50      	2.14207826e+00      	0.00000000e+00      
57      	7.17293457e+00      	0.00000000e+00      
64      	3.91148921e+00      	0.00000000e+00      
71      	5.40572791e+00      	0.00000000e+00      
78      	3.90636374e-02      	0.00000000e+00      
85      	9.56896189e-01      	0.00000000e+00      
92      	1.36342143e-01      	0.00000000e+00      
99      	8.78490972e-01      	0.00000000e+00      
106     	1.17012957e+00      	0.00000000e+00      
113     	2.24576235e+00      	6.91826406e-01      
120     	3.58885078e+00      	0.00000000e+00      
127     	5.65791793e-02      	1.46223649e-01      
134     	3.39950507e-01      	0.00000000e+00      
141     	3.55164101e-04      	3.57843655e-02      
148     	1.05921045e-03      	3.88137828e-02      
Final   	3.55164101e-04      
----------------------      
  AMR 2/3: M=340  err=4.07e-9  obs=3.24e-7  nrmse=4.83e-6  best=4.83e-6  refined=20
  collocation: M=368 residuals=2802  detecting sparsity + solving...

Algorithm: LevenbergMarquardt(
    trustregion = LevenbergMarquardtTrustRegion(
        β_uphill = 0.0
    ),
    descent = GeodesicAcceleration(
        descent = DampedNewtonDescent(
            linsolve = KLUFactorization(
                reuse_symbolic = true,
                check_pattern = true
            ),
            initial_damping = 1.0,
            damping_fn = LevenbergMarquardtDampingFunction(
                increase_factor = 2.0,
                decrease_factor = 3.0,
                min_damping = 1.0e-8
            ),
            min_norm_mode = :auto
        ),
        finite_diff_step_geodesic = 0.1,
        α = 0.75
    ),
    autodiff = AutoForwardDiff(),
    vjp_autodiff = AutoFiniteDiff(
        fdtype = Val{:forward}(),
        fdjtype = Val{:forward}(),
        fdhtype = Val{:hcentral}(),
        dir = true
    ),
    jvp_autodiff = AutoForwardDiff(),
    concrete_jac = Val{true}()
)

----    	-------------       	-----------         
Iter    	f(u) 2-norm         	Step 2-norm         
----    	-------------       	-----------         
0       	8.97550457e+01      	NaN                 
1       	8.97550457e+01      	0.00000000e+00      
8       	8.97550457e+01      	0.00000000e+00      
15      	2.08180140e+02      	2.02880464e-02      
22      	1.44300705e+01      	4.43628049e-02      
29      	8.79806463e-02      	9.03946886e-03      
36      	3.58306456e-01      	7.00939175e-02      
43      	1.63807451e-02      	5.32752997e-02      
50      	5.72015178e-04      	3.62963491e-02      
57      	5.35592332e-03      	0.00000000e+00      
64      	4.84105550e-02      	0.00000000e+00      
71      	1.11448203e-02      	6.47022454e-02      
78      	1.16381420e-02      	0.00000000e+00      
85      	3.34875264e-02      	0.00000000e+00      
92      	2.90900753e-02      	0.00000000e+00      
99      	5.08029227e-02      	9.77257717e-02      
106     	1.76329821e-02      	1.01803379e-01      
113     	6.66108289e-04      	2.47801377e-02      
120     	2.98218450e+00      	1.03642809e+00      
127     	2.77986148e-01      	2.23349066e-01      
134     	5.99865703e-05      	3.00631369e-02      
141     	1.29351410e-03      	4.77375456e-02      
148     	1.14702348e-02      	7.44016387e-02      
Final   	1.67115821e-05      
----------------------      
  AMR 3/3: M=368  err=1.05e-11  obs=2.79e-7  nrmse=4.75e-6  best=4.75e-6  refined=0
collocation [138s]
  [final]  nrmse=4.749e-6  l2=0.0002264
extrapolation window: T=15.0 -> T_test=30.0  n_test=600
  [train]  E_traj=3.694e-10  E_VF=0.0004707  E_spec=0.1512
  [test ]  E_traj=6.341  E_VF=291.1  E_spec=0.4633
saved /orcd/home/002/txenakis/projects/BVPsolver/src/../data/runs/run_jLAVep61/davis-skodje_fit.png
saved /orcd/home/002/txenakis/projects/BVPsolver/src/../data/runs/run_jLAVep61/davis-skodje_fit_extrapolated.png
saved /orcd/home/002/txenakis/projects/BVPsolver/src/../data/runs/run_jLAVep61/davis-skodje_spectral_fit_extrapolated.png
saved /orcd/home/002/txenakis/projects/BVPsolver/src/../data/runs/run_jLAVep61/davis-skodje_vf_fit_extrapolated.png
┌ Warning: Attempting to store StiffNN.var"#22#23"{Float64}.
│ JLD2 only stores functions by name.
│  This may not be useful for anonymous functions.
└ @ JLD2 ~/.julia/packages/JLD2/ADycq/src/data/writing_datatypes.jl:447
saved run → /orcd/home/002/txenakis/projects/BVPsolver/src/../data/runs/run_jLAVep61
--------------------------------------
Done: Thu Sep 24 08:37:10 EDT 2026
