Task 133/600: --problem davis-skodje --param 1e-2 --model stiff --profile fast --seed 333 --pretraining derivmatch --training collocation
Logging to /home/txenakis/projects/BVPsolver/logs/run_main_23642156_133.log
davis-skodje  model=stiff width=12 d=2 tlen=300 profile=fast seed=333  solver=Rodas5P  N=268
  derivmatch lr=0.01 iter=170/3400 loss=0.0604
  derivmatch lr=0.01 iter=340/3400 loss=0.03227
  derivmatch lr=0.01 iter=510/3400 loss=0.01755
  derivmatch lr=0.01 iter=680/3400 loss=0.01159
  derivmatch lr=0.01 iter=850/3400 loss=0.008496
  derivmatch lr=0.01 iter=1020/3400 loss=0.006619
  derivmatch lr=0.01 iter=1190/3400 loss=0.005316
  derivmatch lr=0.01 iter=1360/3400 loss=0.004336
  derivmatch lr=0.01 iter=1530/3400 loss=0.003571
  derivmatch lr=0.01 iter=1700/3400 loss=0.002963
  derivmatch lr=0.01 iter=1870/3400 loss=0.002465
  derivmatch lr=0.01 iter=2040/3400 loss=0.001957
  derivmatch lr=0.01 iter=2210/3400 loss=0.001092
  derivmatch lr=0.01 iter=2380/3400 loss=0.0006958
  derivmatch lr=0.01 iter=2550/3400 loss=0.0005049
  derivmatch lr=0.01 iter=2720/3400 loss=0.0004035
  derivmatch lr=0.01 iter=2890/3400 loss=0.000343
  derivmatch lr=0.01 iter=3060/3400 loss=0.0002985
  derivmatch lr=0.01 iter=3230/3400 loss=0.000259
  derivmatch lr=0.01 iter=3400/3400 loss=0.000223
  derivmatch lr=0.01 iter=3400/3400 loss=0.0002207
  derivmatch lr=0.003 iter=125/2500 loss=0.0001691
  derivmatch lr=0.003 iter=250/2500 loss=0.0001038
  derivmatch lr=0.003 iter=375/2500 loss=6.646e-5
  derivmatch lr=0.003 iter=500/2500 loss=4.7e-5
  derivmatch lr=0.003 iter=625/2500 loss=3.513e-5
  derivmatch lr=0.003 iter=750/2500 loss=2.816e-5
  derivmatch lr=0.003 iter=875/2500 loss=2.29e-5
  derivmatch lr=0.003 iter=1000/2500 loss=1.994e-5
  derivmatch lr=0.003 iter=1125/2500 loss=1.913e-5
  derivmatch lr=0.003 iter=1250/2500 loss=1.562e-5
  derivmatch lr=0.003 iter=1375/2500 loss=1.417e-5
  derivmatch lr=0.003 iter=1500/2500 loss=1.522e-5
  derivmatch lr=0.003 iter=1625/2500 loss=1.18e-5
  derivmatch lr=0.003 iter=1750/2500 loss=1.091e-5
  derivmatch lr=0.003 iter=1875/2500 loss=9.995e-6
  derivmatch lr=0.003 iter=2000/2500 loss=9.208e-6
  derivmatch lr=0.003 iter=2125/2500 loss=5.993e-5
  derivmatch lr=0.003 iter=2250/2500 loss=7.889e-6
  derivmatch lr=0.003 iter=2375/2500 loss=1.892e-5
  derivmatch lr=0.003 iter=2500/2500 loss=6.835e-6
  derivmatch lr=0.003 iter=2500/2500 loss=6.835e-6
  derivmatch lr=0.001 iter=125/2500 loss=6.593e-6
  derivmatch lr=0.001 iter=250/2500 loss=6.452e-6
  derivmatch lr=0.001 iter=375/2500 loss=6.277e-6
  derivmatch lr=0.001 iter=500/2500 loss=6.075e-6
  derivmatch lr=0.001 iter=625/2500 loss=5.853e-6
  derivmatch lr=0.001 iter=750/2500 loss=5.64e-6
  derivmatch lr=0.001 iter=875/2500 loss=5.422e-6
  derivmatch lr=0.001 iter=1000/2500 loss=5.198e-6
  derivmatch lr=0.001 iter=1125/2500 loss=7.003e-6
  derivmatch lr=0.001 iter=1250/2500 loss=4.772e-6
  derivmatch lr=0.001 iter=1375/2500 loss=4.567e-6
  derivmatch lr=0.001 iter=1500/2500 loss=4.889e-6
  derivmatch lr=0.001 iter=1625/2500 loss=4.186e-6
  derivmatch lr=0.001 iter=1750/2500 loss=4.013e-6
  derivmatch lr=0.001 iter=1875/2500 loss=3.84e-6
  derivmatch lr=0.001 iter=2000/2500 loss=3.692e-6
  derivmatch lr=0.001 iter=2125/2500 loss=3.548e-6
  derivmatch lr=0.001 iter=2250/2500 loss=3.408e-6
  derivmatch lr=0.001 iter=2375/2500 loss=3.293e-6
  derivmatch lr=0.001 iter=2500/2500 loss=3.164e-6
  derivmatch lr=0.001 iter=2500/2500 loss=3.164e-6
  derivmatch lr=0.0003 iter=80/1600 loss=3.116e-6
  derivmatch lr=0.0003 iter=160/1600 loss=3.083e-6
  derivmatch lr=0.0003 iter=240/1600 loss=3.042e-6
  derivmatch lr=0.0003 iter=320/1600 loss=2.994e-6
  derivmatch lr=0.0003 iter=400/1600 loss=2.94e-6
  derivmatch lr=0.0003 iter=480/1600 loss=2.882e-6
  derivmatch lr=0.0003 iter=560/1600 loss=3.148e-6
  derivmatch lr=0.0003 iter=640/1600 loss=2.776e-6
  derivmatch lr=0.0003 iter=720/1600 loss=2.73e-6
  derivmatch lr=0.0003 iter=800/1600 loss=2.683e-6
  derivmatch lr=0.0003 iter=880/1600 loss=2.634e-6
  derivmatch lr=0.0003 iter=960/1600 loss=2.813e-6
  derivmatch lr=0.0003 iter=1040/1600 loss=2.542e-6
  derivmatch lr=0.0003 iter=1120/1600 loss=2.499e-6
  derivmatch lr=0.0003 iter=1200/1600 loss=2.455e-6
  derivmatch lr=0.0003 iter=1280/1600 loss=2.412e-6
  derivmatch lr=0.0003 iter=1360/1600 loss=2.372e-6
  derivmatch lr=0.0003 iter=1440/1600 loss=2.332e-6
  derivmatch lr=0.0003 iter=1520/1600 loss=2.293e-6
  derivmatch lr=0.0003 iter=1600/1600 loss=2.252e-6
  derivmatch lr=0.0003 iter=1600/1600 loss=2.252e-6
derivative matching [32s]  fitloss=2.25e-6
  [derivative matching]  nrmse=8.701e-5  l2=0.003711
  collocation: M=300 residuals=2394  detecting sparsity + solving...

Algorithm: LevenbergMarquardt(
    trustregion = LevenbergMarquardtTrustRegion(
        β_uphill = 0.0
    ),
    descent = GeodesicAcceleration(
        descent = DampedNewtonDescent(
            linsolve = KLUFactorization(
                reuse_symbolic = true,
                check_pattern = true
            ),
            initial_damping = 1.0,
            damping_fn = LevenbergMarquardtDampingFunction(
                increase_factor = 2.0,
                decrease_factor = 3.0,
                min_damping = 1.0e-8
            ),
            min_norm_mode = :auto
        ),
        finite_diff_step_geodesic = 0.1,
        α = 0.75
    ),
    autodiff = AutoForwardDiff(),
    vjp_autodiff = AutoFiniteDiff(
        fdtype = Val{:forward}(),
        fdjtype = Val{:forward}(),
        fdhtype = Val{:hcentral}(),
        dir = true
    ),
    jvp_autodiff = AutoForwardDiff(),
    concrete_jac = Val{true}()
)

----    	-------------       	-----------         
Iter    	f(u) 2-norm         	Step 2-norm         
----    	-------------       	-----------         
0       	2.58757621e+01      	2.67576072e-319     
1       	1.19843227e+01      	1.44202754e+00      
8       	4.56079602e-03      	2.27334737e-02      
15      	1.02012803e-03      	1.00426803e-01      
22      	1.81999781e-02      	0.00000000e+00      
29      	3.79954449e-01      	0.00000000e+00      
36      	1.53240067e+00      	1.60070642e+00      
43      	3.82937357e-01      	1.23884473e+00      
50      	1.30133485e-01      	0.00000000e+00      
57      	3.89125377e-02      	0.00000000e+00      
64      	2.67003373e-02      	0.00000000e+00      
71      	8.16091462e-02      	0.00000000e+00      
78      	2.95624625e-02      	4.11332471e-01      
85      	6.54743301e-02      	5.41514960e-01      
92      	1.31021057e-02      	0.00000000e+00      
99      	1.05284065e-01      	0.00000000e+00      
106     	1.44602518e-01      	0.00000000e+00      
113     	1.28532671e-04      	6.01201502e-02      
120     	2.08886082e-02      	0.00000000e+00      
127     	1.67873867e-03      	1.47639151e-01      
134     	2.53153776e-03      	0.00000000e+00      
141     	4.67823314e-02      	0.00000000e+00      
148     	5.37355825e-04      	0.00000000e+00      
Final   	1.25190394e-05      
----------------------      
  AMR 1/3: M=300  err=5.97e-12  obs=4.15e-8  nrmse=7.59e-7  best=7.59e-7  refined=25
  collocation: M=325 residuals=2544  detecting sparsity + solving...

Algorithm: LevenbergMarquardt(
    trustregion = LevenbergMarquardtTrustRegion(
        β_uphill = 0.0
    ),
    descent = GeodesicAcceleration(
        descent = DampedNewtonDescent(
            linsolve = KLUFactorization(
                reuse_symbolic = true,
                check_pattern = true
            ),
            initial_damping = 1.0,
            damping_fn = LevenbergMarquardtDampingFunction(
                increase_factor = 2.0,
                decrease_factor = 3.0,
                min_damping = 1.0e-8
            ),
            min_norm_mode = :auto
        ),
        finite_diff_step_geodesic = 0.1,
        α = 0.75
    ),
    autodiff = AutoForwardDiff(),
    vjp_autodiff = AutoFiniteDiff(
        fdtype = Val{:forward}(),
        fdjtype = Val{:forward}(),
        fdhtype = Val{:hcentral}(),
        dir = true
    ),
    jvp_autodiff = AutoForwardDiff(),
    concrete_jac = Val{true}()
)

----    	-------------       	-----------         
Iter    	f(u) 2-norm         	Step 2-norm         
----    	-------------       	-----------         
0       	2.52701943e+01      	NaN                 
1       	2.52701943e+01      	0.00000000e+00      
8       	2.52701943e+01      	0.00000000e+00      
15      	2.10017786e+00      	2.69903140e-01      
22      	1.25690628e-02      	1.72732731e-02      
29      	7.39132496e-04      	1.84757084e-01      
36      	1.46401977e-05      	1.52038048e+00      
43      	7.35923908e-03      	0.00000000e+00      
50      	5.92360982e-04      	0.00000000e+00      
57      	8.65679042e-02      	0.00000000e+00      
64      	6.55948510e-03      	1.54720099e+00      
71      	6.90153663e-02      	1.73900482e+00      
78      	2.96978537e-03      	0.00000000e+00      
85      	6.82979468e+02      	0.00000000e+00      
92      	6.82979468e+02      	0.00000000e+00      
99      	6.82979468e+02      	0.00000000e+00      
106     	6.82979468e+02      	0.00000000e+00      
113     	6.82979468e+02      	0.00000000e+00      
120     	6.82979468e+02      	0.00000000e+00      
127     	6.82979468e+02      	0.00000000e+00      
134     	3.02554594e+02      	0.00000000e+00      
141     	1.71481399e+00      	7.82108321e-02      
148     	1.89126754e-01      	1.39307638e-01      
Final   	1.19751138e-05      
----------------------      
  AMR 2/3: M=325  err=1.06e-11  obs=4.11e-8  nrmse=6.26e-7  best=6.26e-7  refined=9
  collocation: M=334 residuals=2598  detecting sparsity + solving...

Algorithm: LevenbergMarquardt(
    trustregion = LevenbergMarquardtTrustRegion(
        β_uphill = 0.0
    ),
    descent = GeodesicAcceleration(
        descent = DampedNewtonDescent(
            linsolve = KLUFactorization(
                reuse_symbolic = true,
                check_pattern = true
            ),
            initial_damping = 1.0,
            damping_fn = LevenbergMarquardtDampingFunction(
                increase_factor = 2.0,
                decrease_factor = 3.0,
                min_damping = 1.0e-8
            ),
            min_norm_mode = :auto
        ),
        finite_diff_step_geodesic = 0.1,
        α = 0.75
    ),
    autodiff = AutoForwardDiff(),
    vjp_autodiff = AutoFiniteDiff(
        fdtype = Val{:forward}(),
        fdjtype = Val{:forward}(),
        fdhtype = Val{:hcentral}(),
        dir = true
    ),
    jvp_autodiff = AutoForwardDiff(),
    concrete_jac = Val{true}()
)

----    	-------------       	-----------         
Iter    	f(u) 2-norm         	Step 2-norm         
----    	-------------       	-----------         
0       	2.52700496e+01      	NaN                 
1       	2.52700496e+01      	0.00000000e+00      
8       	4.46456606e+00      	1.79886283e-01      
15      	1.37790156e-02      	4.30973891e-02      
22      	7.94893073e-04      	1.87118976e-01      
29      	9.30484734e-06      	2.48749183e-01      
36      	5.59462720e-03      	1.10998168e+00      
43      	1.09443550e-03      	0.00000000e+00      
50      	3.10578427e-04      	3.12874767e-01      
57      	1.78714492e-02      	0.00000000e+00      
64      	1.52209379e-01      	0.00000000e+00      
71      	6.50798181e-02      	6.74229540e-01      
78      	1.36033213e-03      	0.00000000e+00      
85      	7.88123700e-04      	2.99851777e-01      
92      	1.67668253e-02      	0.00000000e+00      
99      	2.25359030e-01      	0.00000000e+00      
106     	1.07963682e-02      	0.00000000e+00      
113     	5.38806788e-03      	7.19607986e-01      
120     	5.43687716e-01      	1.60010385e+01      
127     	4.68646807e-04      	0.00000000e+00      
134     	9.36897360e-03      	0.00000000e+00      
141     	7.04989792e-04      	1.13369016e+00      
148     	5.12292069e-02      	3.68829709e+00      
Final   	7.03504314e-06      
----------------------      
  AMR 3/3: M=334  err=1.01e-12  obs=4.13e-8  nrmse=6.86e-7  best=6.26e-7  refined=0
collocation [134s]
  [final]  nrmse=6.264e-7  l2=2.79e-5
extrapolation window: T=15.0 -> T_test=30.0  n_test=600
  [train]  E_traj=1.043e-12  E_VF=3.145e-9  E_spec=0.2563
  [test ]  E_traj=41.92  E_VF=27.2  E_spec=0.5098
saved /orcd/home/002/txenakis/projects/BVPsolver/src/../data/runs/run_p4awJBlS/davis-skodje_fit.png
saved /orcd/home/002/txenakis/projects/BVPsolver/src/../data/runs/run_p4awJBlS/davis-skodje_fit_extrapolated.png
saved /orcd/home/002/txenakis/projects/BVPsolver/src/../data/runs/run_p4awJBlS/davis-skodje_spectral_fit_extrapolated.png
saved /orcd/home/002/txenakis/projects/BVPsolver/src/../data/runs/run_p4awJBlS/davis-skodje_vf_fit_extrapolated.png
┌ Warning: Attempting to store StiffNN.var"#22#23"{Float64}.
│ JLD2 only stores functions by name.
│  This may not be useful for anonymous functions.
└ @ JLD2 ~/.julia/packages/JLD2/ADycq/src/data/writing_datatypes.jl:447
saved run → /orcd/home/002/txenakis/projects/BVPsolver/src/../data/runs/run_p4awJBlS
--------------------------------------
Done: Thu Sep 24 08:02:16 EDT 2026
