Task 30/120: --problem davis-skodje --param 1e-2 --model GELU-scaled --profile fast --seed 40 --pretraining derivmatch --training shooting
Logging to /home/txenakis/projects/BVPsolver/logs/run_main_22277856_30.log
davis-skodje  model=GELU-scaled width=7 d=2 tlen=300 profile=fast seed=40  solver=Rodas5P  N=317
  derivmatch lr=0.01 iter=170/3400 loss=1.636
  derivmatch lr=0.01 iter=340/3400 loss=1.641
  derivmatch lr=0.01 iter=510/3400 loss=0.09344
  derivmatch lr=0.01 iter=680/3400 loss=0.03193
  derivmatch lr=0.01 iter=850/3400 loss=0.01758
  derivmatch lr=0.01 iter=1020/3400 loss=0.0178
  derivmatch lr=0.01 iter=1190/3400 loss=0.01008
  derivmatch lr=0.01 iter=1360/3400 loss=0.03388
  derivmatch lr=0.01 iter=1530/3400 loss=0.051
  derivmatch lr=0.01 iter=1700/3400 loss=0.02418
  derivmatch lr=0.01 iter=1870/3400 loss=0.008278
  derivmatch lr=0.01 iter=2040/3400 loss=0.01235
  derivmatch lr=0.01 iter=2210/3400 loss=0.01809
  derivmatch lr=0.01 iter=2380/3400 loss=0.006461
  derivmatch lr=0.01 iter=2550/3400 loss=0.006099
  derivmatch lr=0.01 iter=2720/3400 loss=0.006317
  derivmatch lr=0.01 iter=2890/3400 loss=0.006692
  derivmatch lr=0.01 iter=3060/3400 loss=0.09232
  derivmatch lr=0.01 iter=3230/3400 loss=0.007445
  derivmatch lr=0.01 iter=3400/3400 loss=0.007158
  derivmatch lr=0.01 iter=3400/3400 loss=0.002495
  derivmatch lr=0.003 iter=125/2500 loss=0.001769
  derivmatch lr=0.003 iter=250/2500 loss=0.001204
  derivmatch lr=0.003 iter=375/2500 loss=0.001796
  derivmatch lr=0.003 iter=500/2500 loss=0.0009403
  derivmatch lr=0.003 iter=625/2500 loss=0.001826
  derivmatch lr=0.003 iter=750/2500 loss=0.001966
  derivmatch lr=0.003 iter=875/2500 loss=0.0008735
  derivmatch lr=0.003 iter=1000/2500 loss=0.001071
  derivmatch lr=0.003 iter=1125/2500 loss=0.001046
  derivmatch lr=0.003 iter=1250/2500 loss=0.002599
  derivmatch lr=0.003 iter=1375/2500 loss=0.00153
  derivmatch lr=0.003 iter=1500/2500 loss=0.001729
  derivmatch lr=0.003 iter=1625/2500 loss=0.001743
  derivmatch lr=0.003 iter=1750/2500 loss=0.001524
  derivmatch lr=0.003 iter=1875/2500 loss=0.001343
  derivmatch lr=0.003 iter=2000/2500 loss=0.00155
  derivmatch lr=0.003 iter=2125/2500 loss=0.001485
  derivmatch lr=0.003 iter=2250/2500 loss=0.001707
  derivmatch lr=0.003 iter=2375/2500 loss=0.001678
  derivmatch lr=0.003 iter=2500/2500 loss=0.00156
  derivmatch lr=0.003 iter=2500/2500 loss=0.0006909
  derivmatch lr=0.001 iter=125/2500 loss=0.0006058
  derivmatch lr=0.001 iter=250/2500 loss=0.0005667
  derivmatch lr=0.001 iter=375/2500 loss=0.0005278
  derivmatch lr=0.001 iter=500/2500 loss=0.0004906
  derivmatch lr=0.001 iter=625/2500 loss=0.0004663
  derivmatch lr=0.001 iter=750/2500 loss=0.0004514
  derivmatch lr=0.001 iter=875/2500 loss=0.0005717
  derivmatch lr=0.001 iter=1000/2500 loss=0.0004566
  derivmatch lr=0.001 iter=1125/2500 loss=0.0009718
  derivmatch lr=0.001 iter=1250/2500 loss=0.001343
  derivmatch lr=0.001 iter=1375/2500 loss=0.000999
  derivmatch lr=0.001 iter=1500/2500 loss=0.0006494
  derivmatch lr=0.001 iter=1625/2500 loss=0.0003862
  derivmatch lr=0.001 iter=1750/2500 loss=0.0004718
  derivmatch lr=0.001 iter=1875/2500 loss=0.0003147
  derivmatch lr=0.001 iter=2000/2500 loss=0.0003111
  derivmatch lr=0.001 iter=2125/2500 loss=0.0003552
  derivmatch lr=0.001 iter=2250/2500 loss=0.0003645
  derivmatch lr=0.001 iter=2375/2500 loss=0.000369
  derivmatch lr=0.001 iter=2500/2500 loss=0.000702
  derivmatch lr=0.001 iter=2500/2500 loss=0.0002772
  derivmatch lr=0.0003 iter=80/1600 loss=0.0002817
  derivmatch lr=0.0003 iter=160/1600 loss=0.0002751
  derivmatch lr=0.0003 iter=240/1600 loss=0.000273
  derivmatch lr=0.0003 iter=320/1600 loss=0.0002708
  derivmatch lr=0.0003 iter=400/1600 loss=0.0002685
  derivmatch lr=0.0003 iter=480/1600 loss=0.000266
  derivmatch lr=0.0003 iter=560/1600 loss=0.0002634
  derivmatch lr=0.0003 iter=640/1600 loss=0.0002607
  derivmatch lr=0.0003 iter=720/1600 loss=0.0002578
  derivmatch lr=0.0003 iter=800/1600 loss=0.0002548
  derivmatch lr=0.0003 iter=880/1600 loss=0.0002844
  derivmatch lr=0.0003 iter=960/1600 loss=0.0002487
  derivmatch lr=0.0003 iter=1040/1600 loss=0.0002456
  derivmatch lr=0.0003 iter=1120/1600 loss=0.0002424
  derivmatch lr=0.0003 iter=1200/1600 loss=0.0002392
  derivmatch lr=0.0003 iter=1280/1600 loss=0.0002359
  derivmatch lr=0.0003 iter=1360/1600 loss=0.0002329
  derivmatch lr=0.0003 iter=1440/1600 loss=0.0002296
  derivmatch lr=0.0003 iter=1520/1600 loss=0.0002265
  derivmatch lr=0.0003 iter=1600/1600 loss=0.0002234
  derivmatch lr=0.0003 iter=1600/1600 loss=0.0002234
derivative matching [39s]  fitloss=0.000223
  [derivative matching]  nrmse=0.004197  l2=0.1058
  shooting iter=50/1000 loss=0.01736
  shooting iter=100/1000 loss=0.003663
  shooting iter=150/1000 loss=0.004072
  shooting iter=200/1000 loss=0.0018
  shooting iter=250/1000 loss=0.002319
  shooting iter=300/1000 loss=0.003927
  shooting iter=350/1000 loss=0.003304
  shooting iter=400/1000 loss=0.001062
  shooting iter=450/1000 loss=0.003205
  shooting iter=500/1000 loss=0.0008926
  shooting iter=550/1000 loss=0.002071
  shooting iter=600/1000 loss=0.0007244
  shooting iter=650/1000 loss=0.001969
  shooting iter=700/1000 loss=0.001987
  shooting iter=750/1000 loss=0.0006696
  shooting iter=800/1000 loss=0.001665
  shooting iter=850/1000 loss=0.001952
  shooting iter=900/1000 loss=0.00187
  shooting iter=950/1000 loss=0.000693
  shooting iter=1000/1000 loss=0.001578
  shooting iter=1000/1000 loss=0.0004769
shooting [650s]  loss=0.000477
  [final]  nrmse=0.0007909  l2=0.02709
extrapolation window: T=15.0 -> T_test=30.0  n_test=600
  [train]  E_traj=1.239e-6  E_VF=0.00102  E_spec=0.3838
  [test ]  E_traj=9.488e8  E_VF=3.227e8  E_spec=0.8971
saved /orcd/home/002/txenakis/projects/BVPsolver/src/../data/runs/run_e3QvzNhV/davis-skodje_fit.png
saved /orcd/home/002/txenakis/projects/BVPsolver/src/../data/runs/run_e3QvzNhV/davis-skodje_fit_extrapolated.png
saved /orcd/home/002/txenakis/projects/BVPsolver/src/../data/runs/run_e3QvzNhV/davis-skodje_spectral_fit_extrapolated.png
saved /orcd/home/002/txenakis/projects/BVPsolver/src/../data/runs/run_e3QvzNhV/davis-skodje_vf_fit_extrapolated.png
┌ Warning: Attempting to store StiffNN.var"#22#23"{Float64}.
│ JLD2 only stores functions by name.
│  This may not be useful for anonymous functions.
└ @ JLD2 ~/.julia/packages/JLD2/ADycq/src/data/writing_datatypes.jl:447
saved run → /orcd/home/002/txenakis/projects/BVPsolver/src/../data/runs/run_e3QvzNhV
--------------------------------------
Done: Tue Sep  8 06:47:40 EDT 2026
