Task 56/80: --problem rober --model stiff --profile fast --seed 606 --pretraining derivmatch --training shooting --track-sensitivity
Logging to /home/txenakis/projects/BVPsolver/logs/run_main_23877927_56.log
rober  model=stiff width=12 d=3 tlen=50 profile=fast seed=606  solver=Rodas5  N=318
  derivmatch lr=0.01 iter=170/3400 loss=0.3422
  derivmatch lr=0.01 iter=340/3400 loss=0.1491
  derivmatch lr=0.01 iter=510/3400 loss=0.1179
  derivmatch lr=0.01 iter=680/3400 loss=0.06838
  derivmatch lr=0.01 iter=850/3400 loss=0.05527
  derivmatch lr=0.01 iter=1020/3400 loss=0.07524
  derivmatch lr=0.01 iter=1190/3400 loss=0.05631
  derivmatch lr=0.01 iter=1360/3400 loss=0.05642
  derivmatch lr=0.01 iter=1530/3400 loss=0.05057
  derivmatch lr=0.01 iter=1700/3400 loss=0.0457
  derivmatch lr=0.01 iter=1870/3400 loss=0.04168
  derivmatch lr=0.01 iter=2040/3400 loss=0.03837
  derivmatch lr=0.01 iter=2210/3400 loss=0.03562
  derivmatch lr=0.01 iter=2380/3400 loss=0.03324
  derivmatch lr=0.01 iter=2550/3400 loss=0.03109
  derivmatch lr=0.01 iter=2720/3400 loss=0.02899
  derivmatch lr=0.01 iter=2890/3400 loss=0.02686
  derivmatch lr=0.01 iter=3060/3400 loss=0.02549
  derivmatch lr=0.01 iter=3230/3400 loss=0.0191
  derivmatch lr=0.01 iter=3400/3400 loss=0.01554
  derivmatch lr=0.01 iter=3400/3400 loss=0.01227
  derivmatch lr=0.003 iter=125/2500 loss=0.01195
  derivmatch lr=0.003 iter=250/2500 loss=0.01112
  derivmatch lr=0.003 iter=375/2500 loss=0.01526
  derivmatch lr=0.003 iter=500/2500 loss=0.01014
  derivmatch lr=0.003 iter=625/2500 loss=0.01096
  derivmatch lr=0.003 iter=750/2500 loss=0.01071
  derivmatch lr=0.003 iter=875/2500 loss=0.009194
  derivmatch lr=0.003 iter=1000/2500 loss=0.009335
  derivmatch lr=0.003 iter=1125/2500 loss=0.009598
  derivmatch lr=0.003 iter=1250/2500 loss=0.007914
  derivmatch lr=0.003 iter=1375/2500 loss=0.007557
  derivmatch lr=0.003 iter=1500/2500 loss=0.008331
  derivmatch lr=0.003 iter=1625/2500 loss=0.00886
  derivmatch lr=0.003 iter=1750/2500 loss=0.006572
  derivmatch lr=0.003 iter=1875/2500 loss=0.00672
  derivmatch lr=0.003 iter=2000/2500 loss=0.007928
  derivmatch lr=0.003 iter=2125/2500 loss=0.006304
  derivmatch lr=0.003 iter=2250/2500 loss=0.005894
  derivmatch lr=0.003 iter=2375/2500 loss=0.006402
  derivmatch lr=0.003 iter=2500/2500 loss=0.008538
  derivmatch lr=0.003 iter=2500/2500 loss=0.005622
  derivmatch lr=0.001 iter=125/2500 loss=0.005571
  derivmatch lr=0.001 iter=250/2500 loss=0.005499
  derivmatch lr=0.001 iter=375/2500 loss=0.005417
  derivmatch lr=0.001 iter=500/2500 loss=0.005325
  derivmatch lr=0.001 iter=625/2500 loss=0.005224
  derivmatch lr=0.001 iter=750/2500 loss=0.005115
  derivmatch lr=0.001 iter=875/2500 loss=0.005
  derivmatch lr=0.001 iter=1000/2500 loss=0.00488
  derivmatch lr=0.001 iter=1125/2500 loss=0.004802
  derivmatch lr=0.001 iter=1250/2500 loss=0.004683
  derivmatch lr=0.001 iter=1375/2500 loss=0.00465
  derivmatch lr=0.001 iter=1500/2500 loss=0.00751
  derivmatch lr=0.001 iter=1625/2500 loss=0.004499
  derivmatch lr=0.001 iter=1750/2500 loss=0.004589
  derivmatch lr=0.001 iter=1875/2500 loss=0.004682
  derivmatch lr=0.001 iter=2000/2500 loss=0.004294
  derivmatch lr=0.001 iter=2125/2500 loss=0.004201
  derivmatch lr=0.001 iter=2250/2500 loss=0.004022
  derivmatch lr=0.001 iter=2375/2500 loss=0.00417
  derivmatch lr=0.001 iter=2500/2500 loss=0.004121
  derivmatch lr=0.001 iter=2500/2500 loss=0.003886
  derivmatch lr=0.0003 iter=80/1600 loss=0.003886
  derivmatch lr=0.0003 iter=160/1600 loss=0.003871
  derivmatch lr=0.0003 iter=240/1600 loss=0.003861
  derivmatch lr=0.0003 iter=320/1600 loss=0.003849
  derivmatch lr=0.0003 iter=400/1600 loss=0.003835
  derivmatch lr=0.0003 iter=480/1600 loss=0.00382
  derivmatch lr=0.0003 iter=560/1600 loss=0.003803
  derivmatch lr=0.0003 iter=640/1600 loss=0.003785
  derivmatch lr=0.0003 iter=720/1600 loss=0.003766
  derivmatch lr=0.0003 iter=800/1600 loss=0.003745
  derivmatch lr=0.0003 iter=880/1600 loss=0.003722
  derivmatch lr=0.0003 iter=960/1600 loss=0.003699
  derivmatch lr=0.0003 iter=1040/1600 loss=0.003674
  derivmatch lr=0.0003 iter=1120/1600 loss=0.003648
  derivmatch lr=0.0003 iter=1200/1600 loss=0.003621
  derivmatch lr=0.0003 iter=1280/1600 loss=0.003593
  derivmatch lr=0.0003 iter=1360/1600 loss=0.003563
  derivmatch lr=0.0003 iter=1440/1600 loss=0.003533
  derivmatch lr=0.0003 iter=1520/1600 loss=0.003501
  derivmatch lr=0.0003 iter=1600/1600 loss=0.003468
  derivmatch lr=0.0003 iter=1600/1600 loss=0.003468
derivative matching [29s]  fitloss=0.00347
  [derivative matching]  nrmse=0.005079  l2=0.02694
  shooting iter=50/1000 loss=0.001014
  shooting iter=100/1000 loss=0.00103
  shooting iter=150/1000 loss=0.002013
  shooting iter=200/1000 loss=0.001135
  shooting iter=250/1000 loss=0.0009757
  shooting iter=300/1000 loss=0.0007561
  shooting iter=350/1000 loss=0.00182
  shooting iter=400/1000 loss=0.0006937
  shooting iter=450/1000 loss=0.00222
  shooting iter=500/1000 loss=0.001866
  shooting iter=550/1000 loss=0.0007687
  shooting iter=600/1000 loss=0.001274
  shooting iter=650/1000 loss=0.0004038
  shooting iter=700/1000 loss=0.0007128
  shooting iter=750/1000 loss=0.0005802
  shooting iter=800/1000 loss=0.0007623
  shooting iter=850/1000 loss=0.001404
  shooting iter=900/1000 loss=0.001035
  shooting iter=950/1000 loss=0.0008894
  shooting iter=1000/1000 loss=0.001238
  shooting iter=1000/1000 loss=0.0004038
shooting [514s]  loss=0.000404
  [final]  nrmse=0.0008833  l2=0.004127
extrapolation window: T=1000.0 -> T_test=1.0e12  n_test=100
  [train]  E_traj=3.441e-6  E_VF=0.007028  E_spec=5.443999999999999e26
  [test ]  E_traj=NaN  E_VF=NaN  E_spec=NaN
saved /orcd/home/002/txenakis/projects/BVPsolver/src/../data/runs/run_eXmS68O8/rober_fit.png
saved /orcd/home/002/txenakis/projects/BVPsolver/src/../data/runs/run_eXmS68O8/rober_fit_extrapolated.png
saved /orcd/home/002/txenakis/projects/BVPsolver/src/../data/runs/run_eXmS68O8/rober_spectral_fit_extrapolated.png
saved /orcd/home/002/txenakis/projects/BVPsolver/src/../data/runs/run_eXmS68O8/rober_vf_fit_extrapolated.png
saved /orcd/home/002/txenakis/projects/BVPsolver/src/../data/runs/run_eXmS68O8/rober_sensitivity_vs_stiffness_derivmatch_pointwise.png
┌ Warning: No strict ticks found
└ @ PlotUtils ~/.julia/packages/PlotUtils/HX80C/src/ticks.jl:194
┌ Warning: No strict ticks found
└ @ PlotUtils ~/.julia/packages/PlotUtils/HX80C/src/ticks.jl:194
┌ Warning: Invalid negative or zero value 0.0 found at series index 1 for log10 based yscale
└ @ Plots ~/.julia/packages/Plots/GIume/src/utils.jl:105
saved /orcd/home/002/txenakis/projects/BVPsolver/src/../data/runs/run_eXmS68O8/rober_sensitivity_vs_stiffness_derivmatch_trajectory.png
saved /orcd/home/002/txenakis/projects/BVPsolver/src/../data/runs/run_eXmS68O8/rober_sensitivity_vs_stiffness_shooting_pointwise.png
┌ Warning: No strict ticks found
└ @ PlotUtils ~/.julia/packages/PlotUtils/HX80C/src/ticks.jl:194
┌ Warning: No strict ticks found
└ @ PlotUtils ~/.julia/packages/PlotUtils/HX80C/src/ticks.jl:194
┌ Warning: Invalid negative or zero value 0.0 found at series index 1 for log10 based yscale
└ @ Plots ~/.julia/packages/Plots/GIume/src/utils.jl:105
saved /orcd/home/002/txenakis/projects/BVPsolver/src/../data/runs/run_eXmS68O8/rober_sensitivity_vs_stiffness_shooting_trajectory.png
┌ Warning: Attempting to store StiffNN.var"#12#13"{Float64, Float64, Float64}.
│ JLD2 only stores functions by name.
│  This may not be useful for anonymous functions.
└ @ JLD2 ~/.julia/packages/JLD2/ADycq/src/data/writing_datatypes.jl:447
saved run → /orcd/home/002/txenakis/projects/BVPsolver/src/../data/runs/run_eXmS68O8
--------------------------------------
Done: Fri Sep 25 12:07:10 EDT 2026
