Task 147/160: --problem rober --model GELU-scaled --profile fast --seed 507 --pretraining derivmatch --training shooting --track-sensitivity
Logging to /home/txenakis/projects/BVPsolver/logs/run_main_23713020_147.log
rober  model=GELU-scaled width=7 d=3 tlen=50 profile=fast seed=507  solver=Rodas5  N=332
  derivmatch lr=0.01 iter=170/3400 loss=8.738
  derivmatch lr=0.01 iter=340/3400 loss=8.561
  derivmatch lr=0.01 iter=510/3400 loss=9.981
  derivmatch lr=0.01 iter=680/3400 loss=8.107
  derivmatch lr=0.01 iter=850/3400 loss=9.672
  derivmatch lr=0.01 iter=1020/3400 loss=9.238
  derivmatch lr=0.01 iter=1190/3400 loss=7.951
  derivmatch lr=0.01 iter=1360/3400 loss=5.955
  derivmatch lr=0.01 iter=1530/3400 loss=5.488
  derivmatch lr=0.01 iter=1700/3400 loss=9.23
  derivmatch lr=0.01 iter=1870/3400 loss=8.925
  derivmatch lr=0.01 iter=2040/3400 loss=8.583
  derivmatch lr=0.01 iter=2210/3400 loss=8.322
  derivmatch lr=0.01 iter=2380/3400 loss=6.968
  derivmatch lr=0.01 iter=2550/3400 loss=9.837
  derivmatch lr=0.01 iter=2720/3400 loss=8.135
  derivmatch lr=0.01 iter=2890/3400 loss=7.738
  derivmatch lr=0.01 iter=3060/3400 loss=7.096
  derivmatch lr=0.01 iter=3230/3400 loss=6.381
  derivmatch lr=0.01 iter=3400/3400 loss=5.982
  derivmatch lr=0.01 iter=3400/3400 loss=5.308
  derivmatch lr=0.003 iter=125/2500 loss=5.182
  derivmatch lr=0.003 iter=250/2500 loss=5.018
  derivmatch lr=0.003 iter=375/2500 loss=8.373
  derivmatch lr=0.003 iter=500/2500 loss=8.001
  derivmatch lr=0.003 iter=625/2500 loss=7.603
  derivmatch lr=0.003 iter=750/2500 loss=7.122
  derivmatch lr=0.003 iter=875/2500 loss=6.291
  derivmatch lr=0.003 iter=1000/2500 loss=6.624
  derivmatch lr=0.003 iter=1125/2500 loss=5.18
  derivmatch lr=0.003 iter=1250/2500 loss=9.046
  derivmatch lr=0.003 iter=1375/2500 loss=7.573
  derivmatch lr=0.003 iter=1500/2500 loss=7.003
  derivmatch lr=0.003 iter=1625/2500 loss=6.51
  derivmatch lr=0.003 iter=1750/2500 loss=6.151
  derivmatch lr=0.003 iter=1875/2500 loss=5.916
  derivmatch lr=0.003 iter=2000/2500 loss=5.743
  derivmatch lr=0.003 iter=2125/2500 loss=5.62
  derivmatch lr=0.003 iter=2250/2500 loss=5.513
  derivmatch lr=0.003 iter=2375/2500 loss=5.414
  derivmatch lr=0.003 iter=2500/2500 loss=5.335
  derivmatch lr=0.003 iter=2500/2500 loss=4.957
  derivmatch lr=0.001 iter=125/2500 loss=4.88
  derivmatch lr=0.001 iter=250/2500 loss=4.821
  derivmatch lr=0.001 iter=375/2500 loss=5.552
  derivmatch lr=0.001 iter=500/2500 loss=4.83
  derivmatch lr=0.001 iter=625/2500 loss=4.786
  derivmatch lr=0.001 iter=750/2500 loss=7.342
  derivmatch lr=0.001 iter=875/2500 loss=6.941
  derivmatch lr=0.001 iter=1000/2500 loss=6.27
  derivmatch lr=0.001 iter=1125/2500 loss=5.19
  derivmatch lr=0.001 iter=1250/2500 loss=5.157
  derivmatch lr=0.001 iter=1375/2500 loss=5.128
  derivmatch lr=0.001 iter=1500/2500 loss=5.102
  derivmatch lr=0.001 iter=1625/2500 loss=5.077
  derivmatch lr=0.001 iter=1750/2500 loss=5.053
  derivmatch lr=0.001 iter=1875/2500 loss=5.028
  derivmatch lr=0.001 iter=2000/2500 loss=5.003
  derivmatch lr=0.001 iter=2125/2500 loss=4.976
  derivmatch lr=0.001 iter=2250/2500 loss=4.949
  derivmatch lr=0.001 iter=2375/2500 loss=4.921
  derivmatch lr=0.001 iter=2500/2500 loss=4.892
  derivmatch lr=0.001 iter=2500/2500 loss=4.775
  derivmatch lr=0.0003 iter=80/1600 loss=4.808
  derivmatch lr=0.0003 iter=160/1600 loss=4.768
  derivmatch lr=0.0003 iter=240/1600 loss=4.762
  derivmatch lr=0.0003 iter=320/1600 loss=4.755
  derivmatch lr=0.0003 iter=400/1600 loss=4.749
  derivmatch lr=0.0003 iter=480/1600 loss=4.742
  derivmatch lr=0.0003 iter=560/1600 loss=4.734
  derivmatch lr=0.0003 iter=640/1600 loss=4.727
  derivmatch lr=0.0003 iter=720/1600 loss=4.719
  derivmatch lr=0.0003 iter=800/1600 loss=4.711
  derivmatch lr=0.0003 iter=880/1600 loss=4.703
  derivmatch lr=0.0003 iter=960/1600 loss=4.695
  derivmatch lr=0.0003 iter=1040/1600 loss=4.686
  derivmatch lr=0.0003 iter=1120/1600 loss=4.677
  derivmatch lr=0.0003 iter=1200/1600 loss=4.668
  derivmatch lr=0.0003 iter=1280/1600 loss=4.659
  derivmatch lr=0.0003 iter=1360/1600 loss=4.65
  derivmatch lr=0.0003 iter=1440/1600 loss=4.641
  derivmatch lr=0.0003 iter=1520/1600 loss=4.631
  derivmatch lr=0.0003 iter=1600/1600 loss=4.622
  derivmatch lr=0.0003 iter=1600/1600 loss=4.622
derivative matching [31s]  fitloss=4.62
  [derivative matching]  nrmse=9.846  l2=0.1157
  shooting iter=50/1000 loss=0.3735
  shooting iter=100/1000 loss=0.2378
  shooting iter=150/1000 loss=0.2245
  shooting iter=200/1000 loss=0.2189
  shooting iter=250/1000 loss=0.2128
  shooting iter=300/1000 loss=0.2111
  shooting iter=350/1000 loss=0.2098
  shooting iter=400/1000 loss=0.2103
  shooting iter=450/1000 loss=0.2085
  shooting iter=500/1000 loss=0.2076
  shooting iter=550/1000 loss=0.2029
  shooting iter=600/1000 loss=0.195
  shooting iter=650/1000 loss=0.1889
  shooting iter=700/1000 loss=0.1864
  shooting iter=750/1000 loss=0.1842
  shooting iter=800/1000 loss=0.1816
  shooting iter=850/1000 loss=0.18
  shooting iter=900/1000 loss=0.1794
  shooting iter=950/1000 loss=0.1787
  shooting iter=1000/1000 loss=0.178
  shooting iter=1000/1000 loss=0.178
shooting [567s]  loss=0.178
  [final]  nrmse=0.3312  l2=1.153
extrapolation window: T=1000.0 -> T_test=1.0e12  n_test=100
  [train]  E_traj=0.3458  E_VF=0.6652  E_spec=8.006e16
  [test ]  E_traj=9.1e18  E_VF=4527.0  E_spec=1.0
saved /orcd/home/002/txenakis/projects/BVPsolver/src/../data/runs/run_F0GGq2q7/rober_fit.png
saved /orcd/home/002/txenakis/projects/BVPsolver/src/../data/runs/run_F0GGq2q7/rober_fit_extrapolated.png
saved /orcd/home/002/txenakis/projects/BVPsolver/src/../data/runs/run_F0GGq2q7/rober_spectral_fit_extrapolated.png
saved /orcd/home/002/txenakis/projects/BVPsolver/src/../data/runs/run_F0GGq2q7/rober_vf_fit_extrapolated.png
saved /orcd/home/002/txenakis/projects/BVPsolver/src/../data/runs/run_F0GGq2q7/rober_sensitivity_vs_stiffness_derivmatch.png
┌ Warning: No strict ticks found
└ @ PlotUtils ~/.julia/packages/PlotUtils/HX80C/src/ticks.jl:194
┌ Warning: No strict ticks found
└ @ PlotUtils ~/.julia/packages/PlotUtils/HX80C/src/ticks.jl:194
┌ Warning: Invalid negative or zero value 0.0 found at series index 50 for log10 based xscale
└ @ Plots ~/.julia/packages/Plots/GIume/src/utils.jl:105
saved /orcd/home/002/txenakis/projects/BVPsolver/src/../data/runs/run_F0GGq2q7/rober_sensitivity_vs_stiffness_shooting.png
┌ Warning: Attempting to store StiffNN.var"#12#13"{Float64, Float64, Float64}.
│ JLD2 only stores functions by name.
│  This may not be useful for anonymous functions.
└ @ JLD2 ~/.julia/packages/JLD2/ADycq/src/data/writing_datatypes.jl:447
saved run → /orcd/home/002/txenakis/projects/BVPsolver/src/../data/runs/run_F0GGq2q7
--------------------------------------
Done: Thu Sep 24 22:06:44 EDT 2026
