Task 48/1800: --problem pollu --model stiff --profile fast --seed 148 --pretraining derivmatch --training shooting
Logging to /home/txenakis/projects/BVPsolver/logs/run_main_23493023_48.log
┌ Warning: Verbosity toggle: dt_epsilon 
│  Initial timestep too small (near machine epsilon), using default: dt = 1.0e-6
└ @ OrdinaryDiffEqCore ~/.julia/packages/OrdinaryDiffEqCore/NVUZl/src/initdt.jl:222
pollu  model=stiff width=32 d=20 tlen=50 profile=fast seed=148  solver=Rodas5  N=4744
  derivmatch lr=0.01 iter=510/10200 loss=0.03372
  derivmatch lr=0.01 iter=1020/10200 loss=0.04792
  derivmatch lr=0.01 iter=1530/10200 loss=0.006126
  derivmatch lr=0.01 iter=2040/10200 loss=0.003706
  derivmatch lr=0.01 iter=2550/10200 loss=0.002881
  derivmatch lr=0.01 iter=3060/10200 loss=0.00204
  derivmatch lr=0.01 iter=3570/10200 loss=0.001669
  derivmatch lr=0.01 iter=4080/10200 loss=0.001585
  derivmatch lr=0.01 iter=4590/10200 loss=0.001182
  derivmatch lr=0.01 iter=5100/10200 loss=0.002614
  derivmatch lr=0.01 iter=5610/10200 loss=0.00211
  derivmatch lr=0.01 iter=6120/10200 loss=0.001226
  derivmatch lr=0.01 iter=6630/10200 loss=0.001005
  derivmatch lr=0.01 iter=7140/10200 loss=0.000973
  derivmatch lr=0.01 iter=7650/10200 loss=0.0008058
  derivmatch lr=0.01 iter=8160/10200 loss=0.0008651
  derivmatch lr=0.01 iter=8670/10200 loss=0.0008282
  derivmatch lr=0.01 iter=9180/10200 loss=0.000652
  derivmatch lr=0.01 iter=9690/10200 loss=0.0009109
  derivmatch lr=0.01 iter=10200/10200 loss=0.001046
  derivmatch lr=0.01 iter=10200/10200 loss=0.0001931
  derivmatch lr=0.003 iter=375/7500 loss=5.273e-5
  derivmatch lr=0.003 iter=750/7500 loss=4.211e-5
  derivmatch lr=0.003 iter=1125/7500 loss=3.556e-5
  derivmatch lr=0.003 iter=1500/7500 loss=3.327e-5
  derivmatch lr=0.003 iter=1875/7500 loss=3.906e-5
  derivmatch lr=0.003 iter=2250/7500 loss=0.000138
  derivmatch lr=0.003 iter=2625/7500 loss=0.0001049
  derivmatch lr=0.003 iter=3000/7500 loss=6.994e-5
  derivmatch lr=0.003 iter=3375/7500 loss=2.771e-5
  derivmatch lr=0.003 iter=3750/7500 loss=4.158e-5
  derivmatch lr=0.003 iter=4125/7500 loss=8.136e-5
  derivmatch lr=0.003 iter=4500/7500 loss=2.861e-5
  derivmatch lr=0.003 iter=4875/7500 loss=9.288e-5
  derivmatch lr=0.003 iter=5250/7500 loss=9.593e-5
  derivmatch lr=0.003 iter=5625/7500 loss=0.000341
  derivmatch lr=0.003 iter=6000/7500 loss=0.0001408
  derivmatch lr=0.003 iter=6375/7500 loss=0.0002797
  derivmatch lr=0.003 iter=6750/7500 loss=6.221e-5
  derivmatch lr=0.003 iter=7125/7500 loss=7.689e-5
  derivmatch lr=0.003 iter=7500/7500 loss=5.169e-5
  derivmatch lr=0.003 iter=7500/7500 loss=1.448e-5
  derivmatch lr=0.001 iter=375/7500 loss=1.38e-5
  derivmatch lr=0.001 iter=750/7500 loss=1.343e-5
  derivmatch lr=0.001 iter=1125/7500 loss=1.889e-5
  derivmatch lr=0.001 iter=1500/7500 loss=1.271e-5
  derivmatch lr=0.001 iter=1875/7500 loss=1.244e-5
  derivmatch lr=0.001 iter=2250/7500 loss=1.206e-5
  derivmatch lr=0.001 iter=2625/7500 loss=2.938e-5
  derivmatch lr=0.001 iter=3000/7500 loss=1.961e-5
  derivmatch lr=0.001 iter=3375/7500 loss=1.385e-5
  derivmatch lr=0.001 iter=3750/7500 loss=1.261e-5
  derivmatch lr=0.001 iter=4125/7500 loss=1.075e-5
  derivmatch lr=0.001 iter=4500/7500 loss=1.262e-5
  derivmatch lr=0.001 iter=4875/7500 loss=1.009e-5
  derivmatch lr=0.001 iter=5250/7500 loss=1.727e-5
  derivmatch lr=0.001 iter=5625/7500 loss=1.68e-5
  derivmatch lr=0.001 iter=6000/7500 loss=2.46e-5
  derivmatch lr=0.001 iter=6375/7500 loss=9.807e-6
  derivmatch lr=0.001 iter=6750/7500 loss=1.669e-5
  derivmatch lr=0.001 iter=7125/7500 loss=1.036e-5
  derivmatch lr=0.001 iter=7500/7500 loss=8.89e-6
  derivmatch lr=0.001 iter=7500/7500 loss=8.807e-6
  derivmatch lr=0.0003 iter=240/4800 loss=8.787e-6
  derivmatch lr=0.0003 iter=480/4800 loss=8.748e-6
  derivmatch lr=0.0003 iter=720/4800 loss=8.699e-6
  derivmatch lr=0.0003 iter=960/4800 loss=8.64e-6
  derivmatch lr=0.0003 iter=1200/4800 loss=8.605e-6
  derivmatch lr=0.0003 iter=1440/4800 loss=8.854e-6
  derivmatch lr=0.0003 iter=1680/4800 loss=8.426e-6
  derivmatch lr=0.0003 iter=1920/4800 loss=8.342e-6
  derivmatch lr=0.0003 iter=2160/4800 loss=1.103e-5
  derivmatch lr=0.0003 iter=2400/4800 loss=9.591e-6
  derivmatch lr=0.0003 iter=2640/4800 loss=9.039e-6
  derivmatch lr=0.0003 iter=2880/4800 loss=1.572e-5
  derivmatch lr=0.0003 iter=3120/4800 loss=9.698e-6
  derivmatch lr=0.0003 iter=3360/4800 loss=7.905e-6
  derivmatch lr=0.0003 iter=3600/4800 loss=7.947e-6
  derivmatch lr=0.0003 iter=3840/4800 loss=7.721e-6
  derivmatch lr=0.0003 iter=4080/4800 loss=7.759e-6
  derivmatch lr=0.0003 iter=4320/4800 loss=7.886e-6
  derivmatch lr=0.0003 iter=4560/4800 loss=1.111e-5
  derivmatch lr=0.0003 iter=4800/4800 loss=7.405e-6
  derivmatch lr=0.0003 iter=4800/4800 loss=7.405e-6
derivative matching [44s]  fitloss=7.41e-6
  [derivative matching]  nrmse=0.05408  l2=0.004866
