Task 1609/1800: --problem davis-skodje --model mlp --profile fast --seed 109 --pretraining derivmatch --training shooting
Logging to /home/txenakis/projects/BVPsolver/logs/run_main_23640313_1609.log
davis-skodje  model=mlp width=14 d=2 tlen=300 profile=fast seed=109  solver=Rodas5P  N=282
  derivmatch lr=0.01 iter=170/3400 loss=1.992
  derivmatch lr=0.01 iter=340/3400 loss=0.8013
  derivmatch lr=0.01 iter=510/3400 loss=2.07
  derivmatch lr=0.01 iter=680/3400 loss=0.7324
  derivmatch lr=0.01 iter=850/3400 loss=1.038
  derivmatch lr=0.01 iter=1020/3400 loss=0.9748
  derivmatch lr=0.01 iter=1190/3400 loss=1.202
  derivmatch lr=0.01 iter=1360/3400 loss=0.9307
  derivmatch lr=0.01 iter=1530/3400 loss=0.6887
  derivmatch lr=0.01 iter=1700/3400 loss=0.4477
  derivmatch lr=0.01 iter=1870/3400 loss=1.016
  derivmatch lr=0.01 iter=2040/3400 loss=0.7777
  derivmatch lr=0.01 iter=2210/3400 loss=0.8699
  derivmatch lr=0.01 iter=2380/3400 loss=0.8225
  derivmatch lr=0.01 iter=2550/3400 loss=0.5752
  derivmatch lr=0.01 iter=2720/3400 loss=0.4623
  derivmatch lr=0.01 iter=2890/3400 loss=0.9866
  derivmatch lr=0.01 iter=3060/3400 loss=0.6708
  derivmatch lr=0.01 iter=3230/3400 loss=0.749
  derivmatch lr=0.01 iter=3400/3400 loss=0.3286
  derivmatch lr=0.01 iter=3400/3400 loss=0.3174
  derivmatch lr=0.003 iter=125/2500 loss=0.297
  derivmatch lr=0.003 iter=250/2500 loss=0.2872
  derivmatch lr=0.003 iter=375/2500 loss=0.274
  derivmatch lr=0.003 iter=500/2500 loss=0.2651
  derivmatch lr=0.003 iter=625/2500 loss=0.2529
  derivmatch lr=0.003 iter=750/2500 loss=0.2458
  derivmatch lr=0.003 iter=875/2500 loss=0.2346
  derivmatch lr=0.003 iter=1000/2500 loss=0.2289
  derivmatch lr=0.003 iter=1125/2500 loss=0.2189
  derivmatch lr=0.003 iter=1250/2500 loss=0.2241
  derivmatch lr=0.003 iter=1375/2500 loss=0.2059
  derivmatch lr=0.003 iter=1500/2500 loss=0.2076
  derivmatch lr=0.003 iter=1625/2500 loss=0.1998
  derivmatch lr=0.003 iter=1750/2500 loss=0.1981
  derivmatch lr=0.003 iter=1875/2500 loss=0.1922
  derivmatch lr=0.003 iter=2000/2500 loss=0.1907
  derivmatch lr=0.003 iter=2125/2500 loss=0.1846
  derivmatch lr=0.003 iter=2250/2500 loss=0.1833
  derivmatch lr=0.003 iter=2375/2500 loss=0.1771
  derivmatch lr=0.003 iter=2500/2500 loss=0.176
  derivmatch lr=0.003 iter=2500/2500 loss=0.1735
  derivmatch lr=0.001 iter=125/2500 loss=0.1641
  derivmatch lr=0.001 iter=250/2500 loss=0.1629
  derivmatch lr=0.001 iter=375/2500 loss=0.1618
  derivmatch lr=0.001 iter=500/2500 loss=0.1617
  derivmatch lr=0.001 iter=625/2500 loss=0.1578
  derivmatch lr=0.001 iter=750/2500 loss=0.1579
  derivmatch lr=0.001 iter=875/2500 loss=0.1547
  derivmatch lr=0.001 iter=1000/2500 loss=0.1524
  derivmatch lr=0.001 iter=1125/2500 loss=0.15
  derivmatch lr=0.001 iter=1250/2500 loss=0.1476
  derivmatch lr=0.001 iter=1375/2500 loss=0.1451
  derivmatch lr=0.001 iter=1500/2500 loss=0.1428
  derivmatch lr=0.001 iter=1625/2500 loss=0.1403
  derivmatch lr=0.001 iter=1750/2500 loss=0.1381
  derivmatch lr=0.001 iter=1875/2500 loss=0.1357
  derivmatch lr=0.001 iter=2000/2500 loss=0.1336
  derivmatch lr=0.001 iter=2125/2500 loss=0.1314
  derivmatch lr=0.001 iter=2250/2500 loss=0.1295
  derivmatch lr=0.001 iter=2375/2500 loss=0.1274
  derivmatch lr=0.001 iter=2500/2500 loss=0.1257
  derivmatch lr=0.001 iter=2500/2500 loss=0.1256
  derivmatch lr=0.0003 iter=80/1600 loss=0.1241
  derivmatch lr=0.0003 iter=160/1600 loss=0.1238
  derivmatch lr=0.0003 iter=240/1600 loss=0.1235
  derivmatch lr=0.0003 iter=320/1600 loss=0.1232
  derivmatch lr=0.0003 iter=400/1600 loss=0.1228
  derivmatch lr=0.0003 iter=480/1600 loss=0.1223
  derivmatch lr=0.0003 iter=560/1600 loss=0.1218
  derivmatch lr=0.0003 iter=640/1600 loss=0.1212
  derivmatch lr=0.0003 iter=720/1600 loss=0.1207
  derivmatch lr=0.0003 iter=800/1600 loss=0.1201
  derivmatch lr=0.0003 iter=880/1600 loss=0.1194
  derivmatch lr=0.0003 iter=960/1600 loss=0.1187
  derivmatch lr=0.0003 iter=1040/1600 loss=0.1181
  derivmatch lr=0.0003 iter=1120/1600 loss=0.1174
  derivmatch lr=0.0003 iter=1200/1600 loss=0.1166
  derivmatch lr=0.0003 iter=1280/1600 loss=0.1159
  derivmatch lr=0.0003 iter=1360/1600 loss=0.1151
  derivmatch lr=0.0003 iter=1440/1600 loss=0.1143
  derivmatch lr=0.0003 iter=1520/1600 loss=0.1135
  derivmatch lr=0.0003 iter=1600/1600 loss=0.1129
  derivmatch lr=0.0003 iter=1600/1600 loss=0.1129
derivative matching [24s]  fitloss=0.113
  [derivative matching]  nrmse=0.04587  l2=2.241
  shooting iter=50/1000 loss=0.0168
  shooting iter=100/1000 loss=0.0149
  shooting iter=150/1000 loss=0.01373
  shooting iter=200/1000 loss=0.01245
  shooting iter=250/1000 loss=0.01148
  shooting iter=300/1000 loss=0.01075
  shooting iter=350/1000 loss=0.01023
  shooting iter=400/1000 loss=0.008997
  shooting iter=450/1000 loss=0.008752
  shooting iter=500/1000 loss=0.00798
  shooting iter=550/1000 loss=0.007434
  shooting iter=600/1000 loss=0.006974
  shooting iter=650/1000 loss=0.007109
  shooting iter=700/1000 loss=0.006198
  shooting iter=750/1000 loss=0.005573
  shooting iter=800/1000 loss=0.005404
  shooting iter=850/1000 loss=0.005074
  shooting iter=900/1000 loss=0.005807
  shooting iter=950/1000 loss=0.004703
  shooting iter=1000/1000 loss=0.004232
  shooting iter=1000/1000 loss=0.004181
shooting [575s]  loss=0.00418
  [final]  nrmse=0.01035  l2=0.5059
extrapolation window: T=15.0 -> T_test=30.0  n_test=600
  [train]  E_traj=0.0003212  E_VF=0.03218  E_spec=1.405
  [test ]  E_traj=1.252e8  E_VF=9.014e12  E_spec=5.385
saved /orcd/home/002/txenakis/projects/BVPsolver/src/../data/runs/run_TWLuHKSH/davis-skodje_fit.png
saved /orcd/home/002/txenakis/projects/BVPsolver/src/../data/runs/run_TWLuHKSH/davis-skodje_fit_extrapolated.png
saved /orcd/home/002/txenakis/projects/BVPsolver/src/../data/runs/run_TWLuHKSH/davis-skodje_spectral_fit_extrapolated.png
saved /orcd/home/002/txenakis/projects/BVPsolver/src/../data/runs/run_TWLuHKSH/davis-skodje_vf_fit_extrapolated.png
┌ Warning: Attempting to store StiffNN.var"#22#23"{Float64}.
│ JLD2 only stores functions by name.
│  This may not be useful for anonymous functions.
└ @ JLD2 ~/.julia/packages/JLD2/ADycq/src/data/writing_datatypes.jl:447
saved run → /orcd/home/002/txenakis/projects/BVPsolver/src/../data/runs/run_TWLuHKSH
--------------------------------------
Done: Thu Sep 24 06:37:26 EDT 2026
