Task 61/750: --problem rober --model stiff --profile fast --seed 211 --pretraining derivmatch --training shooting
Logging to /home/txenakis/projects/BVPsolver/logs/run_main_23648109_61.log
rober  model=stiff width=12 d=3 tlen=50 profile=fast seed=211  solver=Rodas5  N=318
  derivmatch lr=0.01 iter=170/3400 loss=0.525
  derivmatch lr=0.01 iter=340/3400 loss=0.1129
  derivmatch lr=0.01 iter=510/3400 loss=0.07502
  derivmatch lr=0.01 iter=680/3400 loss=0.04016
  derivmatch lr=0.01 iter=850/3400 loss=0.03189
  derivmatch lr=0.01 iter=1020/3400 loss=0.0284
  derivmatch lr=0.01 iter=1190/3400 loss=0.02392
  derivmatch lr=0.01 iter=1360/3400 loss=0.02045
  derivmatch lr=0.01 iter=1530/3400 loss=0.01769
  derivmatch lr=0.01 iter=1700/3400 loss=0.0154
  derivmatch lr=0.01 iter=1870/3400 loss=0.01346
  derivmatch lr=0.01 iter=2040/3400 loss=0.01178
  derivmatch lr=0.01 iter=2210/3400 loss=0.0103
  derivmatch lr=0.01 iter=2380/3400 loss=0.008963
  derivmatch lr=0.01 iter=2550/3400 loss=0.01224
  derivmatch lr=0.01 iter=2720/3400 loss=0.006077
  derivmatch lr=0.01 iter=2890/3400 loss=0.005849
  derivmatch lr=0.01 iter=3060/3400 loss=0.004357
  derivmatch lr=0.01 iter=3230/3400 loss=0.004061
  derivmatch lr=0.01 iter=3400/3400 loss=0.003397
  derivmatch lr=0.01 iter=3400/3400 loss=0.003204
  derivmatch lr=0.003 iter=125/2500 loss=0.003023
  derivmatch lr=0.003 iter=250/2500 loss=0.002761
  derivmatch lr=0.003 iter=375/2500 loss=0.002511
  derivmatch lr=0.003 iter=500/2500 loss=0.00227
  derivmatch lr=0.003 iter=625/2500 loss=0.002042
  derivmatch lr=0.003 iter=750/2500 loss=0.00183
  derivmatch lr=0.003 iter=875/2500 loss=0.001635
  derivmatch lr=0.003 iter=1000/2500 loss=0.001458
  derivmatch lr=0.003 iter=1125/2500 loss=0.001299
  derivmatch lr=0.003 iter=1250/2500 loss=0.001156
  derivmatch lr=0.003 iter=1375/2500 loss=0.001028
  derivmatch lr=0.003 iter=1500/2500 loss=0.0009123
  derivmatch lr=0.003 iter=1625/2500 loss=0.0008179
  derivmatch lr=0.003 iter=1750/2500 loss=0.0007107
  derivmatch lr=0.003 iter=1875/2500 loss=0.0006261
  derivmatch lr=0.003 iter=2000/2500 loss=0.0005533
  derivmatch lr=0.003 iter=2125/2500 loss=0.0005039
  derivmatch lr=0.003 iter=2250/2500 loss=0.0004543
  derivmatch lr=0.003 iter=2375/2500 loss=0.0004061
  derivmatch lr=0.003 iter=2500/2500 loss=0.0003673
  derivmatch lr=0.003 iter=2500/2500 loss=0.0003673
  derivmatch lr=0.001 iter=125/2500 loss=0.0003615
  derivmatch lr=0.001 iter=250/2500 loss=0.0003543
  derivmatch lr=0.001 iter=375/2500 loss=0.0003456
  derivmatch lr=0.001 iter=500/2500 loss=0.0003357
  derivmatch lr=0.001 iter=625/2500 loss=0.0003249
  derivmatch lr=0.001 iter=750/2500 loss=0.0003135
  derivmatch lr=0.001 iter=875/2500 loss=0.0003018
  derivmatch lr=0.001 iter=1000/2500 loss=0.0002898
  derivmatch lr=0.001 iter=1125/2500 loss=0.0002778
  derivmatch lr=0.001 iter=1250/2500 loss=0.0002658
  derivmatch lr=0.001 iter=1375/2500 loss=0.0002539
  derivmatch lr=0.001 iter=1500/2500 loss=0.0002421
  derivmatch lr=0.001 iter=1625/2500 loss=0.0002307
  derivmatch lr=0.001 iter=1750/2500 loss=0.0002195
  derivmatch lr=0.001 iter=1875/2500 loss=0.0002088
  derivmatch lr=0.001 iter=2000/2500 loss=0.0001985
  derivmatch lr=0.001 iter=2125/2500 loss=0.00019
  derivmatch lr=0.001 iter=2250/2500 loss=0.0001825
  derivmatch lr=0.001 iter=2375/2500 loss=0.0001753
  derivmatch lr=0.001 iter=2500/2500 loss=0.0001682
  derivmatch lr=0.001 iter=2500/2500 loss=0.0001682
  derivmatch lr=0.0003 iter=80/1600 loss=0.0001672
  derivmatch lr=0.0003 iter=160/1600 loss=0.0001662
  derivmatch lr=0.0003 iter=240/1600 loss=0.000165
  derivmatch lr=0.0003 iter=320/1600 loss=0.0001637
  derivmatch lr=0.0003 iter=400/1600 loss=0.0001621
  derivmatch lr=0.0003 iter=480/1600 loss=0.0001604
  derivmatch lr=0.0003 iter=560/1600 loss=0.0001586
  derivmatch lr=0.0003 iter=640/1600 loss=0.0001567
  derivmatch lr=0.0003 iter=720/1600 loss=0.0001546
  derivmatch lr=0.0003 iter=800/1600 loss=0.0001525
  derivmatch lr=0.0003 iter=880/1600 loss=0.0001502
  derivmatch lr=0.0003 iter=960/1600 loss=0.0001479
  derivmatch lr=0.0003 iter=1040/1600 loss=0.0001455
  derivmatch lr=0.0003 iter=1120/1600 loss=0.0001431
  derivmatch lr=0.0003 iter=1200/1600 loss=0.0001406
  derivmatch lr=0.0003 iter=1280/1600 loss=0.000138
  derivmatch lr=0.0003 iter=1360/1600 loss=0.0001354
  derivmatch lr=0.0003 iter=1440/1600 loss=0.0001328
  derivmatch lr=0.0003 iter=1520/1600 loss=0.0001302
  derivmatch lr=0.0003 iter=1600/1600 loss=0.0001281
  derivmatch lr=0.0003 iter=1600/1600 loss=0.0001278
derivative matching [30s]  fitloss=0.000128
  [derivative matching]  nrmse=0.00404  l2=0.02664
  shooting iter=50/1000 loss=0.001969
  shooting iter=100/1000 loss=0.0007636
  shooting iter=150/1000 loss=0.00149
  shooting iter=200/1000 loss=0.001616
  shooting iter=250/1000 loss=0.001387
  shooting iter=300/1000 loss=0.000434
  shooting iter=350/1000 loss=0.0005539
  shooting iter=400/1000 loss=0.0009722
  shooting iter=450/1000 loss=0.001578
  shooting iter=500/1000 loss=0.003485
  shooting iter=550/1000 loss=0.0007587
  shooting iter=600/1000 loss=0.001119
  shooting iter=650/1000 loss=0.001264
  shooting iter=700/1000 loss=0.001132
  shooting iter=750/1000 loss=0.002118
  shooting iter=800/1000 loss=0.001933
  shooting iter=850/1000 loss=0.001946
  shooting iter=900/1000 loss=0.0005156
  shooting iter=950/1000 loss=0.0008838
  shooting iter=1000/1000 loss=0.001054
  shooting iter=1000/1000 loss=0.0003532
shooting [504s]  loss=0.000353
  [final]  nrmse=0.0006799  l2=0.003347
extrapolation window: T=1000.0 -> T_test=1.0e12  n_test=100
  [train]  E_traj=1.302e-6  E_VF=0.00181  E_spec=6.308e26
  [test ]  E_traj=1884.0  E_VF=1.735e8  E_spec=1.915e23
saved /orcd/home/002/txenakis/projects/BVPsolver/src/../data/runs/run_5BimMyw5/rober_fit.png
saved /orcd/home/002/txenakis/projects/BVPsolver/src/../data/runs/run_5BimMyw5/rober_fit_extrapolated.png
saved /orcd/home/002/txenakis/projects/BVPsolver/src/../data/runs/run_5BimMyw5/rober_spectral_fit_extrapolated.png
saved /orcd/home/002/txenakis/projects/BVPsolver/src/../data/runs/run_5BimMyw5/rober_vf_fit_extrapolated.png
┌ Warning: Attempting to store StiffNN.var"#12#13"{Float64, Float64, Float64}.
│ JLD2 only stores functions by name.
│  This may not be useful for anonymous functions.
└ @ JLD2 ~/.julia/packages/JLD2/ADycq/src/data/writing_datatypes.jl:447
saved run → /orcd/home/002/txenakis/projects/BVPsolver/src/../data/runs/run_5BimMyw5
--------------------------------------
Done: Thu Sep 24 10:16:13 EDT 2026
