Task 247/360: --problem orego --model stiff --profile fast --seed 27 --pretraining derivmatch --training shooting
Logging to /home/txenakis/projects/BVPsolver/logs/run_main_22227913_247.log
orego  model=stiff width=16 d=3 tlen=112 profile=fast seed=27  solver=Rodas5  N=486
  derivmatch lr=0.01 iter=170/3400 loss=0.104
  derivmatch lr=0.01 iter=340/3400 loss=0.04779
  derivmatch lr=0.01 iter=510/3400 loss=0.02821
  derivmatch lr=0.01 iter=680/3400 loss=0.01892
  derivmatch lr=0.01 iter=850/3400 loss=0.0134
  derivmatch lr=0.01 iter=1020/3400 loss=0.009974
  derivmatch lr=0.01 iter=1190/3400 loss=0.007743
  derivmatch lr=0.01 iter=1360/3400 loss=0.008398
  derivmatch lr=0.01 iter=1530/3400 loss=0.007692
  derivmatch lr=0.01 iter=1700/3400 loss=0.006997
  derivmatch lr=0.01 iter=1870/3400 loss=0.006185
  derivmatch lr=0.01 iter=2040/3400 loss=0.005515
  derivmatch lr=0.01 iter=2210/3400 loss=0.004919
  derivmatch lr=0.01 iter=2380/3400 loss=0.004375
  derivmatch lr=0.01 iter=2550/3400 loss=0.003967
  derivmatch lr=0.01 iter=2720/3400 loss=0.003654
  derivmatch lr=0.01 iter=2890/3400 loss=0.003388
  derivmatch lr=0.01 iter=3060/3400 loss=0.003151
  derivmatch lr=0.01 iter=3230/3400 loss=0.00297
  derivmatch lr=0.01 iter=3400/3400 loss=0.002835
  derivmatch lr=0.01 iter=3400/3400 loss=0.001537
  derivmatch lr=0.003 iter=125/2500 loss=0.001193
  derivmatch lr=0.003 iter=250/2500 loss=0.001067
  derivmatch lr=0.003 iter=375/2500 loss=0.000949
  derivmatch lr=0.003 iter=500/2500 loss=0.0008402
  derivmatch lr=0.003 iter=625/2500 loss=0.0007433
  derivmatch lr=0.003 iter=750/2500 loss=0.0006548
  derivmatch lr=0.003 iter=875/2500 loss=0.0006122
  derivmatch lr=0.003 iter=1000/2500 loss=0.0005557
  derivmatch lr=0.003 iter=1125/2500 loss=0.0005134
  derivmatch lr=0.003 iter=1250/2500 loss=0.0004581
  derivmatch lr=0.003 iter=1375/2500 loss=0.0004267
  derivmatch lr=0.003 iter=1500/2500 loss=0.0003889
  derivmatch lr=0.003 iter=1625/2500 loss=0.0003695
  derivmatch lr=0.003 iter=1750/2500 loss=0.0003404
  derivmatch lr=0.003 iter=1875/2500 loss=0.0003257
  derivmatch lr=0.003 iter=2000/2500 loss=0.0003388
  derivmatch lr=0.003 iter=2125/2500 loss=0.0002891
  derivmatch lr=0.003 iter=2250/2500 loss=0.0002657
  derivmatch lr=0.003 iter=2375/2500 loss=0.0002495
  derivmatch lr=0.003 iter=2500/2500 loss=0.0002475
  derivmatch lr=0.003 iter=2500/2500 loss=0.0002406
  derivmatch lr=0.001 iter=125/2500 loss=0.0002128
  derivmatch lr=0.001 iter=250/2500 loss=0.0002094
  derivmatch lr=0.001 iter=375/2500 loss=0.0002052
  derivmatch lr=0.001 iter=500/2500 loss=0.0002002
  derivmatch lr=0.001 iter=625/2500 loss=0.0001949
  derivmatch lr=0.001 iter=750/2500 loss=0.0001891
  derivmatch lr=0.001 iter=875/2500 loss=0.0001829
  derivmatch lr=0.001 iter=1000/2500 loss=0.0001766
  derivmatch lr=0.001 iter=1125/2500 loss=0.00017
  derivmatch lr=0.001 iter=1250/2500 loss=0.0001818
  derivmatch lr=0.001 iter=1375/2500 loss=0.000157
  derivmatch lr=0.001 iter=1500/2500 loss=0.0001646
  derivmatch lr=0.001 iter=1625/2500 loss=0.000145
  derivmatch lr=0.001 iter=1750/2500 loss=0.0001417
  derivmatch lr=0.001 iter=1875/2500 loss=0.00014
  derivmatch lr=0.001 iter=2000/2500 loss=0.0001287
  derivmatch lr=0.001 iter=2125/2500 loss=0.000125
  derivmatch lr=0.001 iter=2250/2500 loss=0.0001191
  derivmatch lr=0.001 iter=2375/2500 loss=0.0001283
  derivmatch lr=0.001 iter=2500/2500 loss=0.0001217
  derivmatch lr=0.001 iter=2500/2500 loss=0.000112
  derivmatch lr=0.0003 iter=80/1600 loss=0.0001118
  derivmatch lr=0.0003 iter=160/1600 loss=0.0001112
  derivmatch lr=0.0003 iter=240/1600 loss=0.0001106
  derivmatch lr=0.0003 iter=320/1600 loss=0.0001099
  derivmatch lr=0.0003 iter=400/1600 loss=0.0001091
  derivmatch lr=0.0003 iter=480/1600 loss=0.0001082
  derivmatch lr=0.0003 iter=560/1600 loss=0.0001072
  derivmatch lr=0.0003 iter=640/1600 loss=0.0001062
  derivmatch lr=0.0003 iter=720/1600 loss=0.0001051
  derivmatch lr=0.0003 iter=800/1600 loss=0.000104
  derivmatch lr=0.0003 iter=880/1600 loss=0.0001028
  derivmatch lr=0.0003 iter=960/1600 loss=0.0001015
  derivmatch lr=0.0003 iter=1040/1600 loss=0.0001003
  derivmatch lr=0.0003 iter=1120/1600 loss=9.9e-5
  derivmatch lr=0.0003 iter=1200/1600 loss=9.776e-5
  derivmatch lr=0.0003 iter=1280/1600 loss=9.635e-5
  derivmatch lr=0.0003 iter=1360/1600 loss=9.501e-5
  derivmatch lr=0.0003 iter=1440/1600 loss=9.368e-5
  derivmatch lr=0.0003 iter=1520/1600 loss=9.232e-5
  derivmatch lr=0.0003 iter=1600/1600 loss=9.108e-5
  derivmatch lr=0.0003 iter=1600/1600 loss=9.108e-5
derivative matching [33s]  fitloss=9.11e-5
  [derivative matching]  nrmse=0.3372  l2=488200.0
  shooting iter=50/1000 loss=0.2324
  shooting iter=100/1000 loss=0.2248
  shooting iter=150/1000 loss=0.2228
  shooting iter=200/1000 loss=0.2211
  shooting iter=250/1000 loss=0.2206
  shooting iter=300/1000 loss=0.2202
  shooting iter=350/1000 loss=0.2198
  shooting iter=400/1000 loss=0.2186
  shooting iter=450/1000 loss=0.2184
  shooting iter=500/1000 loss=0.2182
  shooting iter=550/1000 loss=0.2181
  shooting iter=600/1000 loss=0.218
  shooting iter=650/1000 loss=0.2198
  shooting iter=700/1000 loss=0.219
  shooting iter=750/1000 loss=0.2186
  shooting iter=800/1000 loss=0.2182
  shooting iter=850/1000 loss=0.2181
  shooting iter=900/1000 loss=0.2177
  shooting iter=950/1000 loss=0.2176
  shooting iter=1000/1000 loss=0.2176
  shooting iter=1000/1000 loss=0.2176
shooting [2597s]  loss=0.218
  [final]  nrmse=0.3917  l2=475600.0
extrapolation window: T=180.0 -> T_test=360.0  n_test=224
  [train]  E_traj=0.906  E_VF=0.5886  E_spec=0.9417
  [test ]  E_traj=1.088  E_VF=39.17  E_spec=1.988
saved /orcd/home/002/txenakis/projects/BVPsolver/src/../data/runs/run_yHqgDH7k/orego_fit.png
saved /orcd/home/002/txenakis/projects/BVPsolver/src/../data/runs/run_yHqgDH7k/orego_fit_extrapolated.png
saved /orcd/home/002/txenakis/projects/BVPsolver/src/../data/runs/run_yHqgDH7k/orego_spectral_fit_extrapolated.png
saved /orcd/home/002/txenakis/projects/BVPsolver/src/../data/runs/run_yHqgDH7k/orego_vf_fit_extrapolated.png
┌ Warning: Attempting to store StiffNN.var"#20#21"{Float64, Float64, Float64}.
│ JLD2 only stores functions by name.
│  This may not be useful for anonymous functions.
└ @ JLD2 ~/.julia/packages/JLD2/ADycq/src/data/writing_datatypes.jl:447
saved run → /orcd/home/002/txenakis/projects/BVPsolver/src/../data/runs/run_yHqgDH7k
--------------------------------------
Done: Mon Sep  7 21:21:29 EDT 2026
