Task 158/200: --problem dahlquist --param -1000 --model GELU-scaled --profile fast --seed 808 --pretraining derivmatch --training none
Logging to /home/txenakis/projects/BVPsolver/logs/run_main_23927197_158.log
dahlquist  model=GELU-scaled width=5 d=1 tlen=50 profile=fast seed=808  solver=Rodas5  N=166
  derivmatch lr=0.01 iter=170/3400 loss=0.151
  derivmatch lr=0.01 iter=340/3400 loss=0.1065
  derivmatch lr=0.01 iter=510/3400 loss=0.2205
  derivmatch lr=0.01 iter=680/3400 loss=0.06168
  derivmatch lr=0.01 iter=850/3400 loss=0.04087
  derivmatch lr=0.01 iter=1020/3400 loss=0.03421
  derivmatch lr=0.01 iter=1190/3400 loss=0.06233
  derivmatch lr=0.01 iter=1360/3400 loss=0.5806
  derivmatch lr=0.01 iter=1530/3400 loss=0.08387
  derivmatch lr=0.01 iter=1700/3400 loss=0.0305
  derivmatch lr=0.01 iter=1870/3400 loss=0.01873
  derivmatch lr=0.01 iter=2040/3400 loss=0.01616
  derivmatch lr=0.01 iter=2210/3400 loss=0.01521
  derivmatch lr=0.01 iter=2380/3400 loss=0.0144
  derivmatch lr=0.01 iter=2550/3400 loss=0.01362
  derivmatch lr=0.01 iter=2720/3400 loss=0.01288
  derivmatch lr=0.01 iter=2890/3400 loss=0.01218
  derivmatch lr=0.01 iter=3060/3400 loss=0.0115
  derivmatch lr=0.01 iter=3230/3400 loss=0.01085
  derivmatch lr=0.01 iter=3400/3400 loss=0.9626
  derivmatch lr=0.01 iter=3400/3400 loss=0.006612
  derivmatch lr=0.003 iter=125/2500 loss=0.0408
  derivmatch lr=0.003 iter=250/2500 loss=0.01176
  derivmatch lr=0.003 iter=375/2500 loss=0.007296
  derivmatch lr=0.003 iter=500/2500 loss=0.004988
  derivmatch lr=0.003 iter=625/2500 loss=0.003852
  derivmatch lr=0.003 iter=750/2500 loss=0.007923
  derivmatch lr=0.003 iter=875/2500 loss=0.002995
  derivmatch lr=0.003 iter=1000/2500 loss=0.003501
  derivmatch lr=0.003 iter=1125/2500 loss=0.007094
  derivmatch lr=0.003 iter=1250/2500 loss=0.002166
  derivmatch lr=0.003 iter=1375/2500 loss=0.001881
  derivmatch lr=0.003 iter=1500/2500 loss=0.00195
  derivmatch lr=0.003 iter=1625/2500 loss=0.002136
  derivmatch lr=0.003 iter=1750/2500 loss=0.003214
  derivmatch lr=0.003 iter=1875/2500 loss=0.00161
  derivmatch lr=0.003 iter=2000/2500 loss=0.003668
  derivmatch lr=0.003 iter=2125/2500 loss=0.001165
  derivmatch lr=0.003 iter=2250/2500 loss=0.001312
  derivmatch lr=0.003 iter=2375/2500 loss=0.001299
  derivmatch lr=0.003 iter=2500/2500 loss=0.001238
  derivmatch lr=0.003 iter=2500/2500 loss=0.0008551
  derivmatch lr=0.001 iter=125/2500 loss=0.0009611
  derivmatch lr=0.001 iter=250/2500 loss=0.0007587
  derivmatch lr=0.001 iter=375/2500 loss=0.0006624
  derivmatch lr=0.001 iter=500/2500 loss=0.0005882
  derivmatch lr=0.001 iter=625/2500 loss=0.0005151
  derivmatch lr=0.001 iter=750/2500 loss=0.0004428
  derivmatch lr=0.001 iter=875/2500 loss=0.0003796
  derivmatch lr=0.001 iter=1000/2500 loss=0.0003313
  derivmatch lr=0.001 iter=1125/2500 loss=0.0002917
  derivmatch lr=0.001 iter=1250/2500 loss=0.000258
  derivmatch lr=0.001 iter=1375/2500 loss=0.0002295
  derivmatch lr=0.001 iter=1500/2500 loss=0.0002058
  derivmatch lr=0.001 iter=1625/2500 loss=0.0002511
  derivmatch lr=0.001 iter=1750/2500 loss=0.000185
  derivmatch lr=0.001 iter=1875/2500 loss=0.0001731
  derivmatch lr=0.001 iter=2000/2500 loss=0.0021
  derivmatch lr=0.001 iter=2125/2500 loss=0.0001628
  derivmatch lr=0.001 iter=2250/2500 loss=0.000155
  derivmatch lr=0.001 iter=2375/2500 loss=0.0001581
  derivmatch lr=0.001 iter=2500/2500 loss=0.0001473
  derivmatch lr=0.001 iter=2500/2500 loss=0.0001473
  derivmatch lr=0.0003 iter=80/1600 loss=0.0001549
  derivmatch lr=0.0003 iter=160/1600 loss=0.0001458
  derivmatch lr=0.0003 iter=240/1600 loss=0.0001441
  derivmatch lr=0.0003 iter=320/1600 loss=0.0001427
  derivmatch lr=0.0003 iter=400/1600 loss=0.0001414
  derivmatch lr=0.0003 iter=480/1600 loss=0.0001401
  derivmatch lr=0.0003 iter=560/1600 loss=0.0001389
  derivmatch lr=0.0003 iter=640/1600 loss=0.0001377
  derivmatch lr=0.0003 iter=720/1600 loss=0.0001365
  derivmatch lr=0.0003 iter=800/1600 loss=0.0001354
  derivmatch lr=0.0003 iter=880/1600 loss=0.0001343
  derivmatch lr=0.0003 iter=960/1600 loss=0.0001333
  derivmatch lr=0.0003 iter=1040/1600 loss=0.0001322
  derivmatch lr=0.0003 iter=1120/1600 loss=0.0001312
  derivmatch lr=0.0003 iter=1200/1600 loss=0.0001302
  derivmatch lr=0.0003 iter=1280/1600 loss=0.0001292
  derivmatch lr=0.0003 iter=1360/1600 loss=0.0001282
  derivmatch lr=0.0003 iter=1440/1600 loss=0.0001272
  derivmatch lr=0.0003 iter=1520/1600 loss=0.0001262
  derivmatch lr=0.0003 iter=1600/1600 loss=0.0001252
  derivmatch lr=0.0003 iter=1600/1600 loss=0.0001252
derivative matching [25s]  fitloss=0.000125
  [derivative matching]  nrmse=0.001227  l2=0.008673
  trajectory_parameter_sensitivity_rms = 0.4703
extrapolation window: T=1.0 -> T_test=2.0  n_test=100
  [train]  E_traj=9.664e-6  E_VF=0.0001105  E_spec=0.07499
  [test ]  E_traj=1.088e28  E_VF=1.556e28  E_spec=0.03845
saved /orcd/home/002/txenakis/projects/BVPsolver/src/../data/runs/run_oZHKtYGy/dahlquist_fit.png
saved /orcd/home/002/txenakis/projects/BVPsolver/src/../data/runs/run_oZHKtYGy/dahlquist_fit_extrapolated.png
saved /orcd/home/002/txenakis/projects/BVPsolver/src/../data/runs/run_oZHKtYGy/dahlquist_spectral_fit_extrapolated.png
saved /orcd/home/002/txenakis/projects/BVPsolver/src/../data/runs/run_oZHKtYGy/dahlquist_vf_fit_extrapolated.png
┌ Warning: Attempting to store StiffNN.var"#25#26"{Float64}.
│ JLD2 only stores functions by name.
│  This may not be useful for anonymous functions.
└ @ JLD2 ~/.julia/packages/JLD2/ADycq/src/data/writing_datatypes.jl:447
saved run → /orcd/home/002/txenakis/projects/BVPsolver/src/../data/runs/run_oZHKtYGy
--------------------------------------
Done: Fri Sep 25 16:25:36 EDT 2026
