Task 11/600: --problem davis-skodje --param 1e-1 --model stiff --profile fast --seed 311 --pretraining derivmatch --training collocation
Logging to /home/txenakis/projects/BVPsolver/logs/run_main_23642156_11.log
davis-skodje  model=stiff width=12 d=2 tlen=300 profile=fast seed=311  solver=Rodas5P  N=268
  derivmatch lr=0.01 iter=170/3400 loss=0.005983
  derivmatch lr=0.01 iter=340/3400 loss=0.00152
  derivmatch lr=0.01 iter=510/3400 loss=0.0009452
  derivmatch lr=0.01 iter=680/3400 loss=0.000668
  derivmatch lr=0.01 iter=850/3400 loss=0.000491
  derivmatch lr=0.01 iter=1020/3400 loss=0.0003562
  derivmatch lr=0.01 iter=1190/3400 loss=0.000245
  derivmatch lr=0.01 iter=1360/3400 loss=0.0001552
  derivmatch lr=0.01 iter=1530/3400 loss=9.053e-5
  derivmatch lr=0.01 iter=1700/3400 loss=5.274e-5
  derivmatch lr=0.01 iter=1870/3400 loss=3.527e-5
  derivmatch lr=0.01 iter=2040/3400 loss=2.812e-5
  derivmatch lr=0.01 iter=2210/3400 loss=2.474e-5
  derivmatch lr=0.01 iter=2380/3400 loss=2.259e-5
  derivmatch lr=0.01 iter=2550/3400 loss=2.088e-5
  derivmatch lr=0.01 iter=2720/3400 loss=1.935e-5
  derivmatch lr=0.01 iter=2890/3400 loss=1.794e-5
  derivmatch lr=0.01 iter=3060/3400 loss=1.661e-5
  derivmatch lr=0.01 iter=3230/3400 loss=1.536e-5
  derivmatch lr=0.01 iter=3400/3400 loss=1.419e-5
  derivmatch lr=0.01 iter=3400/3400 loss=1.419e-5
  derivmatch lr=0.003 iter=125/2500 loss=1.213e-5
  derivmatch lr=0.003 iter=250/2500 loss=1.097e-5
  derivmatch lr=0.003 iter=375/2500 loss=9.751e-6
  derivmatch lr=0.003 iter=500/2500 loss=8.586e-6
  derivmatch lr=0.003 iter=625/2500 loss=7.53e-6
  derivmatch lr=0.003 iter=750/2500 loss=6.701e-6
  derivmatch lr=0.003 iter=875/2500 loss=6.063e-6
  derivmatch lr=0.003 iter=1000/2500 loss=6.416e-6
  derivmatch lr=0.003 iter=1125/2500 loss=5.034e-6
  derivmatch lr=0.003 iter=1250/2500 loss=4.645e-6
  derivmatch lr=0.003 iter=1375/2500 loss=4.294e-6
  derivmatch lr=0.003 iter=1500/2500 loss=4.094e-6
  derivmatch lr=0.003 iter=1625/2500 loss=3.76e-6
  derivmatch lr=0.003 iter=1750/2500 loss=3.771e-6
  derivmatch lr=0.003 iter=1875/2500 loss=3.362e-6
  derivmatch lr=0.003 iter=2000/2500 loss=3.257e-6
  derivmatch lr=0.003 iter=2125/2500 loss=3.043e-6
  derivmatch lr=0.003 iter=2250/2500 loss=2.919e-6
  derivmatch lr=0.003 iter=2375/2500 loss=2.777e-6
  derivmatch lr=0.003 iter=2500/2500 loss=6.386e-6
  derivmatch lr=0.003 iter=2500/2500 loss=2.707e-6
  derivmatch lr=0.001 iter=125/2500 loss=2.692e-6
  derivmatch lr=0.001 iter=250/2500 loss=2.668e-6
  derivmatch lr=0.001 iter=375/2500 loss=2.639e-6
  derivmatch lr=0.001 iter=500/2500 loss=2.604e-6
  derivmatch lr=0.001 iter=625/2500 loss=2.563e-6
  derivmatch lr=0.001 iter=750/2500 loss=2.519e-6
  derivmatch lr=0.001 iter=875/2500 loss=2.47e-6
  derivmatch lr=0.001 iter=1000/2500 loss=2.418e-6
  derivmatch lr=0.001 iter=1125/2500 loss=2.363e-6
  derivmatch lr=0.001 iter=1250/2500 loss=2.304e-6
  derivmatch lr=0.001 iter=1375/2500 loss=2.243e-6
  derivmatch lr=0.001 iter=1500/2500 loss=2.183e-6
  derivmatch lr=0.001 iter=1625/2500 loss=2.123e-6
  derivmatch lr=0.001 iter=1750/2500 loss=2.066e-6
  derivmatch lr=0.001 iter=1875/2500 loss=2.007e-6
  derivmatch lr=0.001 iter=2000/2500 loss=1.946e-6
  derivmatch lr=0.001 iter=2125/2500 loss=2.048e-6
  derivmatch lr=0.001 iter=2250/2500 loss=1.833e-6
  derivmatch lr=0.001 iter=2375/2500 loss=1.778e-6
  derivmatch lr=0.001 iter=2500/2500 loss=1.722e-6
  derivmatch lr=0.001 iter=2500/2500 loss=1.722e-6
  derivmatch lr=0.0003 iter=80/1600 loss=1.698e-6
  derivmatch lr=0.0003 iter=160/1600 loss=1.682e-6
  derivmatch lr=0.0003 iter=240/1600 loss=1.663e-6
  derivmatch lr=0.0003 iter=320/1600 loss=1.64e-6
  derivmatch lr=0.0003 iter=400/1600 loss=1.62e-6
  derivmatch lr=0.0003 iter=480/1600 loss=1.591e-6
  derivmatch lr=0.0003 iter=560/1600 loss=1.565e-6
  derivmatch lr=0.0003 iter=640/1600 loss=1.545e-6
  derivmatch lr=0.0003 iter=720/1600 loss=1.509e-6
  derivmatch lr=0.0003 iter=800/1600 loss=1.48e-6
  derivmatch lr=0.0003 iter=880/1600 loss=1.451e-6
  derivmatch lr=0.0003 iter=960/1600 loss=1.422e-6
  derivmatch lr=0.0003 iter=1040/1600 loss=1.872e-6
  derivmatch lr=0.0003 iter=1120/1600 loss=1.365e-6
  derivmatch lr=0.0003 iter=1200/1600 loss=1.336e-6
  derivmatch lr=0.0003 iter=1280/1600 loss=1.622e-6
  derivmatch lr=0.0003 iter=1360/1600 loss=1.281e-6
  derivmatch lr=0.0003 iter=1440/1600 loss=1.255e-6
  derivmatch lr=0.0003 iter=1520/1600 loss=1.447e-6
  derivmatch lr=0.0003 iter=1600/1600 loss=1.204e-6
  derivmatch lr=0.0003 iter=1600/1600 loss=1.204e-6
derivative matching [33s]  fitloss=1.2e-6
  [derivative matching]  nrmse=6.067e-5  l2=0.002653
  collocation: M=300 residuals=2394  detecting sparsity + solving...

Algorithm: LevenbergMarquardt(
    trustregion = LevenbergMarquardtTrustRegion(
        β_uphill = 0.0
    ),
    descent = GeodesicAcceleration(
        descent = DampedNewtonDescent(
            linsolve = KLUFactorization(
                reuse_symbolic = true,
                check_pattern = true
            ),
            initial_damping = 1.0,
            damping_fn = LevenbergMarquardtDampingFunction(
                increase_factor = 2.0,
                decrease_factor = 3.0,
                min_damping = 1.0e-8
            ),
            min_norm_mode = :auto
        ),
        finite_diff_step_geodesic = 0.1,
        α = 0.75
    ),
    autodiff = AutoForwardDiff(),
    vjp_autodiff = AutoFiniteDiff(
        fdtype = Val{:forward}(),
        fdjtype = Val{:forward}(),
        fdhtype = Val{:hcentral}(),
        dir = true
    ),
    jvp_autodiff = AutoForwardDiff(),
    concrete_jac = Val{true}()
)

----    	-------------       	-----------         
Iter    	f(u) 2-norm         	Step 2-norm         
----    	-------------       	-----------         
0       	2.47243308e+01      	NaN                 
1       	1.15601686e+01      	6.65049771e-02      
8       	5.35394155e-03      	3.63359471e-03      
15      	8.84217560e-04      	3.41372213e-03      
22      	2.85130796e-03      	1.89592955e-01      
29      	1.79860265e-01      	4.54334799e-01      
36      	4.41863182e-01      	8.00324705e-01      
43      	1.91760424e-01      	3.97959563e-01      
50      	2.98086013e-02      	0.00000000e+00      
57      	3.01994408e-04      	0.00000000e+00      
64      	8.43725190e-02      	0.00000000e+00      
71      	6.50957573e-05      	0.00000000e+00      
78      	2.11042968e-05      	0.00000000e+00      
85      	4.36753228e-03      	0.00000000e+00      
92      	1.67639876e-05      	2.69153006e-02      
99      	1.77606308e-03      	0.00000000e+00      
106     	1.73781757e-05      	0.00000000e+00      
113     	1.28268119e-03      	0.00000000e+00      
120     	5.06207058e-03      	1.07848547e-01      
127     	4.04480108e-06      	0.00000000e+00      
134     	1.20880696e-02      	0.00000000e+00      
141     	2.72286087e-04      	0.00000000e+00      
148     	6.19105685e-02      	0.00000000e+00      
Final   	1.67651032e-06      
----------------------      
  AMR 1/3: M=300  err=3.7e-14  obs=1.6e-8  nrmse=6.64e-7  best=6.64e-7  refined=78
  collocation: M=378 residuals=2862  detecting sparsity + solving...

Algorithm: LevenbergMarquardt(
    trustregion = LevenbergMarquardtTrustRegion(
        β_uphill = 0.0
    ),
    descent = GeodesicAcceleration(
        descent = DampedNewtonDescent(
            linsolve = KLUFactorization(
                reuse_symbolic = true,
                check_pattern = true
            ),
            initial_damping = 1.0,
            damping_fn = LevenbergMarquardtDampingFunction(
                increase_factor = 2.0,
                decrease_factor = 3.0,
                min_damping = 1.0e-8
            ),
            min_norm_mode = :auto
        ),
        finite_diff_step_geodesic = 0.1,
        α = 0.75
    ),
    autodiff = AutoForwardDiff(),
    vjp_autodiff = AutoFiniteDiff(
        fdtype = Val{:forward}(),
        fdjtype = Val{:forward}(),
        fdhtype = Val{:hcentral}(),
        dir = true
    ),
    jvp_autodiff = AutoForwardDiff(),
    concrete_jac = Val{true}()
)

----    	-------------       	-----------         
Iter    	f(u) 2-norm         	Step 2-norm         
----    	-------------       	-----------         
0       	2.14645710e+01      	NaN                 
1       	9.25035784e+00      	9.06786167e-02      
8       	3.97769496e-02      	7.71153886e-03      
15      	5.88194944e-04      	3.16492227e-03      
22      	8.76733331e-07      	6.77061487e-03      
29      	1.29781335e-06      	4.19926750e-02      
36      	1.48062063e-03      	0.00000000e+00      
43      	5.95186632e-04      	0.00000000e+00      
50      	3.15080794e-02      	0.00000000e+00      
57      	3.28915615e-04      	0.00000000e+00      
64      	4.11231327e-02      	0.00000000e+00      
71      	7.59949914e-02      	5.82671171e-01      
78      	3.93760259e-04      	0.00000000e+00      
85      	5.26726653e-04      	0.00000000e+00      
92      	4.00436029e-03      	0.00000000e+00      
99      	5.17796393e-03      	0.00000000e+00      
106     	2.58720262e-02      	0.00000000e+00      
113     	4.41348122e-02      	0.00000000e+00      
120     	8.46446931e-04      	6.42416902e-02      
127     	3.22925269e-03      	2.31468763e-01      
134     	1.40240091e-06      	1.23907073e-02      
141     	2.15720239e-03      	0.00000000e+00      
148     	3.87831964e-03      	0.00000000e+00      
Final   	6.08764228e-07      
----------------------      
  AMR 2/3: M=378  err=1.2e-14  obs=7.69e-9  nrmse=3.61e-7  best=3.61e-7  refined=24
  collocation: M=426 residuals=3150  detecting sparsity + solving...

Algorithm: LevenbergMarquardt(
    trustregion = LevenbergMarquardtTrustRegion(
        β_uphill = 0.0
    ),
    descent = GeodesicAcceleration(
        descent = DampedNewtonDescent(
            linsolve = KLUFactorization(
                reuse_symbolic = true,
                check_pattern = true
            ),
            initial_damping = 1.0,
            damping_fn = LevenbergMarquardtDampingFunction(
                increase_factor = 2.0,
                decrease_factor = 3.0,
                min_damping = 1.0e-8
            ),
            min_norm_mode = :auto
        ),
        finite_diff_step_geodesic = 0.1,
        α = 0.75
    ),
    autodiff = AutoForwardDiff(),
    vjp_autodiff = AutoFiniteDiff(
        fdtype = Val{:forward}(),
        fdjtype = Val{:forward}(),
        fdhtype = Val{:hcentral}(),
        dir = true
    ),
    jvp_autodiff = AutoForwardDiff(),
    concrete_jac = Val{true}()
)

----    	-------------       	-----------         
Iter    	f(u) 2-norm         	Step 2-norm         
----    	-------------       	-----------         
0       	2.08439550e+01      	9.27817551e-316     
1       	9.04446112e+00      	1.28862138e-01      
8       	3.91565086e-02      	9.41238726e-03      
15      	5.70153067e-04      	9.48904712e-03      
22      	5.83640531e-07      	1.07293629e-02      
29      	5.21036918e-07      	5.10692913e-03      
36      	4.25716326e-02      	0.00000000e+00      
43      	6.36913255e-03      	0.00000000e+00      
50      	5.95885044e-05      	0.00000000e+00      
57      	1.19205348e-03      	0.00000000e+00      
64      	3.34646574e-02      	0.00000000e+00      
71      	4.56865126e-05      	5.52194115e-02      
78      	3.46724182e-03      	0.00000000e+00      
85      	5.31518220e-03      	0.00000000e+00      
92      	7.47723926e-04      	0.00000000e+00      
99      	8.26162633e-04      	9.01859930e-02      
106     	1.60675076e-02      	2.66175645e-01      
113     	2.91141716e-02      	0.00000000e+00      
120     	3.32151112e-02      	0.00000000e+00      
127     	3.34825007e-04      	6.99588225e-02      
134     	9.63156931e-03      	0.00000000e+00      
141     	5.32316964e-02      	0.00000000e+00      
148     	1.23729518e-02      	1.24539954e-01      
Final   	4.58721427e-07      
----------------------      
  AMR 3/3: M=426  err=6.99e-15  obs=5.55e-9  nrmse=2.65e-7  best=2.65e-7  refined=0
collocation [151s]
  [final]  nrmse=2.654e-7  l2=1.016e-5
extrapolation window: T=15.0 -> T_test=30.0  n_test=600
  [train]  E_traj=1.213e-13  E_VF=2.298e-10  E_spec=0.1636
  [test ]  E_traj=0.01093  E_VF=0.003077  E_spec=0.5434
saved /orcd/home/002/txenakis/projects/BVPsolver/src/../data/runs/run_HfCEthhS/davis-skodje_fit.png
saved /orcd/home/002/txenakis/projects/BVPsolver/src/../data/runs/run_HfCEthhS/davis-skodje_fit_extrapolated.png
saved /orcd/home/002/txenakis/projects/BVPsolver/src/../data/runs/run_HfCEthhS/davis-skodje_spectral_fit_extrapolated.png
saved /orcd/home/002/txenakis/projects/BVPsolver/src/../data/runs/run_HfCEthhS/davis-skodje_vf_fit_extrapolated.png
┌ Warning: Attempting to store StiffNN.var"#22#23"{Float64}.
│ JLD2 only stores functions by name.
│  This may not be useful for anonymous functions.
└ @ JLD2 ~/.julia/packages/JLD2/ADycq/src/data/writing_datatypes.jl:447
saved run → /orcd/home/002/txenakis/projects/BVPsolver/src/../data/runs/run_HfCEthhS
--------------------------------------
Done: Thu Sep 24 07:48:29 EDT 2026
