Task 273/360: --problem orego --model mlp --profile fast --seed 23 --pretraining derivmatch --training collocation
Logging to /home/txenakis/projects/BVPsolver/logs/run_main_22227913_273.log
orego  model=mlp width=19 d=3 tlen=112 profile=fast seed=23  solver=Rodas5  N=516
  derivmatch lr=0.01 iter=170/3400 loss=9.802
  derivmatch lr=0.01 iter=340/3400 loss=8.616
  derivmatch lr=0.01 iter=510/3400 loss=7.969
  derivmatch lr=0.01 iter=680/3400 loss=7.488
  derivmatch lr=0.01 iter=850/3400 loss=7.143
  derivmatch lr=0.01 iter=1020/3400 loss=6.862
  derivmatch lr=0.01 iter=1190/3400 loss=6.6
  derivmatch lr=0.01 iter=1360/3400 loss=6.382
  derivmatch lr=0.01 iter=1530/3400 loss=6.223
  derivmatch lr=0.01 iter=1700/3400 loss=6.074
  derivmatch lr=0.01 iter=1870/3400 loss=5.951
  derivmatch lr=0.01 iter=2040/3400 loss=5.98
  derivmatch lr=0.01 iter=2210/3400 loss=5.766
  derivmatch lr=0.01 iter=2380/3400 loss=5.697
  derivmatch lr=0.01 iter=2550/3400 loss=5.506
  derivmatch lr=0.01 iter=2720/3400 loss=5.676
  derivmatch lr=0.01 iter=2890/3400 loss=5.41
  derivmatch lr=0.01 iter=3060/3400 loss=5.299
  derivmatch lr=0.01 iter=3230/3400 loss=5.303
  derivmatch lr=0.01 iter=3400/3400 loss=5.238
  derivmatch lr=0.01 iter=3400/3400 loss=5.238
  derivmatch lr=0.003 iter=125/2500 loss=5.176
  derivmatch lr=0.003 iter=250/2500 loss=5.144
  derivmatch lr=0.003 iter=375/2500 loss=5.096
  derivmatch lr=0.003 iter=500/2500 loss=4.988
  derivmatch lr=0.003 iter=625/2500 loss=4.955
  derivmatch lr=0.003 iter=750/2500 loss=4.927
  derivmatch lr=0.003 iter=875/2500 loss=4.9
  derivmatch lr=0.003 iter=1000/2500 loss=4.873
  derivmatch lr=0.003 iter=1125/2500 loss=4.846
  derivmatch lr=0.003 iter=1250/2500 loss=4.821
  derivmatch lr=0.003 iter=1375/2500 loss=4.797
  derivmatch lr=0.003 iter=1500/2500 loss=4.774
  derivmatch lr=0.003 iter=1625/2500 loss=4.751
  derivmatch lr=0.003 iter=1750/2500 loss=4.73
  derivmatch lr=0.003 iter=1875/2500 loss=4.709
  derivmatch lr=0.003 iter=2000/2500 loss=4.689
  derivmatch lr=0.003 iter=2125/2500 loss=4.669
  derivmatch lr=0.003 iter=2250/2500 loss=4.649
  derivmatch lr=0.003 iter=2375/2500 loss=4.63
  derivmatch lr=0.003 iter=2500/2500 loss=4.611
  derivmatch lr=0.003 iter=2500/2500 loss=4.611
  derivmatch lr=0.001 iter=125/2500 loss=4.762
  derivmatch lr=0.001 iter=250/2500 loss=4.726
  derivmatch lr=0.001 iter=375/2500 loss=4.724
  derivmatch lr=0.001 iter=500/2500 loss=4.7
  derivmatch lr=0.001 iter=625/2500 loss=4.691
  derivmatch lr=0.001 iter=750/2500 loss=4.681
  derivmatch lr=0.001 iter=875/2500 loss=4.673
  derivmatch lr=0.001 iter=1000/2500 loss=4.666
  derivmatch lr=0.001 iter=1125/2500 loss=4.659
  derivmatch lr=0.001 iter=1250/2500 loss=4.652
  derivmatch lr=0.001 iter=1375/2500 loss=4.646
  derivmatch lr=0.001 iter=1500/2500 loss=4.639
  derivmatch lr=0.001 iter=1625/2500 loss=4.633
  derivmatch lr=0.001 iter=1750/2500 loss=4.626
  derivmatch lr=0.001 iter=1875/2500 loss=4.62
  derivmatch lr=0.001 iter=2000/2500 loss=4.614
  derivmatch lr=0.001 iter=2125/2500 loss=4.608
  derivmatch lr=0.001 iter=2250/2500 loss=4.602
  derivmatch lr=0.001 iter=2375/2500 loss=4.596
  derivmatch lr=0.001 iter=2500/2500 loss=4.591
  derivmatch lr=0.001 iter=2500/2500 loss=4.59
  derivmatch lr=0.0003 iter=80/1600 loss=4.588
  derivmatch lr=0.0003 iter=160/1600 loss=4.589
  derivmatch lr=0.0003 iter=240/1600 loss=4.588
  derivmatch lr=0.0003 iter=320/1600 loss=4.586
  derivmatch lr=0.0003 iter=400/1600 loss=4.584
  derivmatch lr=0.0003 iter=480/1600 loss=4.582
  derivmatch lr=0.0003 iter=560/1600 loss=4.581
  derivmatch lr=0.0003 iter=640/1600 loss=4.579
  derivmatch lr=0.0003 iter=720/1600 loss=4.577
  derivmatch lr=0.0003 iter=800/1600 loss=4.575
  derivmatch lr=0.0003 iter=880/1600 loss=4.574
  derivmatch lr=0.0003 iter=960/1600 loss=4.572
  derivmatch lr=0.0003 iter=1040/1600 loss=4.57
  derivmatch lr=0.0003 iter=1120/1600 loss=4.569
  derivmatch lr=0.0003 iter=1200/1600 loss=4.567
  derivmatch lr=0.0003 iter=1280/1600 loss=4.565
  derivmatch lr=0.0003 iter=1360/1600 loss=4.563
  derivmatch lr=0.0003 iter=1440/1600 loss=4.562
  derivmatch lr=0.0003 iter=1520/1600 loss=4.556
  derivmatch lr=0.0003 iter=1600/1600 loss=4.554
  derivmatch lr=0.0003 iter=1600/1600 loss=4.554
derivative matching [24s]  fitloss=4.55
  [derivative matching]  nrmse=0.557  l2=591100.0
  collocation: M=127 residuals=1470  detecting sparsity + solving...

Algorithm: LevenbergMarquardt(
    trustregion = LevenbergMarquardtTrustRegion(
        β_uphill = 0.0
    ),
    descent = GeodesicAcceleration(
        descent = DampedNewtonDescent(
            linsolve = KLUFactorization(
                reuse_symbolic = true,
                check_pattern = true
            ),
            initial_damping = 1.0,
            damping_fn = LevenbergMarquardtDampingFunction(
                increase_factor = 2.0,
                decrease_factor = 3.0,
                min_damping = 1.0e-8
            ),
            min_norm_mode = :auto
        ),
        finite_diff_step_geodesic = 0.1,
        α = 0.75
    ),
    autodiff = AutoForwardDiff(),
    vjp_autodiff = AutoFiniteDiff(
        fdtype = Val{:forward}(),
        fdjtype = Val{:forward}(),
        fdhtype = Val{:hcentral}(),
        dir = true
    ),
    jvp_autodiff = AutoForwardDiff(),
    concrete_jac = Val{true}()
)

----    	-------------       	-----------         
Iter    	f(u) 2-norm         	Step 2-norm         
----    	-------------       	-----------         
0       	7.49722953e+02      	NaN                 
1       	7.49722953e+02      	0.00000000e+00      
8       	7.42142389e+02      	5.35163014e-03      
15      	6.73610307e+02      	4.68985423e-02      
22      	6.31870895e+02      	0.00000000e+00      
29      	4.82718082e+02      	7.32025439e-02      
36      	6.24532755e+02      	0.00000000e+00      
43      	5.29964309e+02      	2.26925916e-02      
50      	5.23846893e+02      	0.00000000e+00      
57      	7.86430137e+02      	2.20000077e-02      
64      	9.50333045e+02      	1.53036279e-02      
71      	7.74993241e+02      	0.00000000e+00      
78      	7.78082358e+02      	3.73433771e-03      
85      	8.18164970e+02      	0.00000000e+00      
92      	7.88650755e+02      	7.28444739e-03      
99      	8.55061268e+02      	0.00000000e+00      
106     	9.70897178e+02      	5.97652950e-04      
113     	8.81643657e+02      	0.00000000e+00      
120     	8.81643657e+02      	0.00000000e+00      
127     	9.22017301e+02      	0.00000000e+00      
134     	9.41655809e+02      	0.00000000e+00      
141     	9.52696753e+02      	1.11516206e-03      
148     	1.18654011e+03      	0.00000000e+00      
Final   	4.82718082e+02      
----------------------      
  AMR 1/1: M=127  err=63800.0  obs=0.000634  nrmse=0.557  best=0.557  refined=0
 derivative matching was best (1/1 rounds ran)
collocation [63s]
  [final]  nrmse=0.557  l2=591100.0
extrapolation window: T=180.0 -> T_test=360.0  n_test=224
  [train]  E_traj=1.429  E_VF=0.8247  E_spec=0.9998
  [test ]  E_traj=140.1  E_VF=0.785  E_spec=1.177
saved /orcd/home/002/txenakis/projects/BVPsolver/src/../data/runs/run_AWR5dJWP/orego_fit.png
saved /orcd/home/002/txenakis/projects/BVPsolver/src/../data/runs/run_AWR5dJWP/orego_fit_extrapolated.png
saved /orcd/home/002/txenakis/projects/BVPsolver/src/../data/runs/run_AWR5dJWP/orego_spectral_fit_extrapolated.png
saved /orcd/home/002/txenakis/projects/BVPsolver/src/../data/runs/run_AWR5dJWP/orego_vf_fit_extrapolated.png
┌ Warning: Attempting to store StiffNN.var"#20#21"{Float64, Float64, Float64}.
│ JLD2 only stores functions by name.
│  This may not be useful for anonymous functions.
└ @ JLD2 ~/.julia/packages/JLD2/ADycq/src/data/writing_datatypes.jl:447
saved run → /orcd/home/002/txenakis/projects/BVPsolver/src/../data/runs/run_AWR5dJWP
--------------------------------------
Done: Mon Sep  7 21:11:19 EDT 2026
