Task 592/1800: --problem rober --model GELU-scaled --profile fast --seed 142 --pretraining derivmatch --training collocation
Logging to /home/txenakis/projects/BVPsolver/logs/run_main_23544358_592.log
rober  model=GELU-scaled width=7 d=3 tlen=50 profile=fast seed=142  solver=Rodas5  N=332
  derivmatch lr=0.01 iter=170/3400 loss=8.702
  derivmatch lr=0.01 iter=340/3400 loss=6.368
  derivmatch lr=0.01 iter=510/3400 loss=9.076
  derivmatch lr=0.01 iter=680/3400 loss=8.045
  derivmatch lr=0.01 iter=850/3400 loss=9.308
  derivmatch lr=0.01 iter=1020/3400 loss=6.279
  derivmatch lr=0.01 iter=1190/3400 loss=6.13
  derivmatch lr=0.01 iter=1360/3400 loss=8.969
  derivmatch lr=0.01 iter=1530/3400 loss=6.021
  derivmatch lr=0.01 iter=1700/3400 loss=5.33
  derivmatch lr=0.01 iter=1870/3400 loss=7.667
  derivmatch lr=0.01 iter=2040/3400 loss=5.345
  derivmatch lr=0.01 iter=2210/3400 loss=9.429
  derivmatch lr=0.01 iter=2380/3400 loss=9.105
  derivmatch lr=0.01 iter=2550/3400 loss=8.903
  derivmatch lr=0.01 iter=2720/3400 loss=8.706
  derivmatch lr=0.01 iter=2890/3400 loss=8.506
  derivmatch lr=0.01 iter=3060/3400 loss=8.301
  derivmatch lr=0.01 iter=3230/3400 loss=8.074
  derivmatch lr=0.01 iter=3400/3400 loss=7.651
  derivmatch lr=0.01 iter=3400/3400 loss=5.028
  derivmatch lr=0.003 iter=125/2500 loss=5.018
  derivmatch lr=0.003 iter=250/2500 loss=4.943
  derivmatch lr=0.003 iter=375/2500 loss=4.899
  derivmatch lr=0.003 iter=500/2500 loss=4.844
  derivmatch lr=0.003 iter=625/2500 loss=4.788
  derivmatch lr=0.003 iter=750/2500 loss=4.727
  derivmatch lr=0.003 iter=875/2500 loss=5.473
  derivmatch lr=0.003 iter=1000/2500 loss=7.344
  derivmatch lr=0.003 iter=1125/2500 loss=6.217
  derivmatch lr=0.003 iter=1250/2500 loss=7.335
  derivmatch lr=0.003 iter=1375/2500 loss=6.881
  derivmatch lr=0.003 iter=1500/2500 loss=5.996
  derivmatch lr=0.003 iter=1625/2500 loss=4.813
  derivmatch lr=0.003 iter=1750/2500 loss=4.706
  derivmatch lr=0.003 iter=1875/2500 loss=4.615
  derivmatch lr=0.003 iter=2000/2500 loss=4.532
  derivmatch lr=0.003 iter=2125/2500 loss=4.452
  derivmatch lr=0.003 iter=2250/2500 loss=4.372
  derivmatch lr=0.003 iter=2375/2500 loss=8.354
  derivmatch lr=0.003 iter=2500/2500 loss=8.213
  derivmatch lr=0.003 iter=2500/2500 loss=4.308
  derivmatch lr=0.001 iter=125/2500 loss=4.293
  derivmatch lr=0.001 iter=250/2500 loss=4.263
  derivmatch lr=0.001 iter=375/2500 loss=4.239
  derivmatch lr=0.001 iter=500/2500 loss=4.212
  derivmatch lr=0.001 iter=625/2500 loss=6.614
  derivmatch lr=0.001 iter=750/2500 loss=6.067
  derivmatch lr=0.001 iter=875/2500 loss=6.314
  derivmatch lr=0.001 iter=1000/2500 loss=5.673
  derivmatch lr=0.001 iter=1125/2500 loss=4.289
  derivmatch lr=0.001 iter=1250/2500 loss=4.213
  derivmatch lr=0.001 iter=1375/2500 loss=4.191
  derivmatch lr=0.001 iter=1500/2500 loss=4.171
  derivmatch lr=0.001 iter=1625/2500 loss=4.148
  derivmatch lr=0.001 iter=1750/2500 loss=4.128
  derivmatch lr=0.001 iter=1875/2500 loss=4.108
  derivmatch lr=0.001 iter=2000/2500 loss=4.087
  derivmatch lr=0.001 iter=2125/2500 loss=4.066
  derivmatch lr=0.001 iter=2250/2500 loss=4.044
  derivmatch lr=0.001 iter=2375/2500 loss=4.021
  derivmatch lr=0.001 iter=2500/2500 loss=6.71
  derivmatch lr=0.001 iter=2500/2500 loss=4.002
  derivmatch lr=0.0003 iter=80/1600 loss=3.998
  derivmatch lr=0.0003 iter=160/1600 loss=3.976
  derivmatch lr=0.0003 iter=240/1600 loss=3.973
  derivmatch lr=0.0003 iter=320/1600 loss=3.97
  derivmatch lr=0.0003 iter=400/1600 loss=3.967
  derivmatch lr=0.0003 iter=480/1600 loss=3.963
  derivmatch lr=0.0003 iter=560/1600 loss=3.96
  derivmatch lr=0.0003 iter=640/1600 loss=3.956
  derivmatch lr=0.0003 iter=720/1600 loss=3.953
  derivmatch lr=0.0003 iter=800/1600 loss=3.949
  derivmatch lr=0.0003 iter=880/1600 loss=3.945
  derivmatch lr=0.0003 iter=960/1600 loss=3.94
  derivmatch lr=0.0003 iter=1040/1600 loss=3.936
  derivmatch lr=0.0003 iter=1120/1600 loss=3.931
  derivmatch lr=0.0003 iter=1200/1600 loss=3.927
  derivmatch lr=0.0003 iter=1280/1600 loss=3.922
  derivmatch lr=0.0003 iter=1360/1600 loss=3.917
  derivmatch lr=0.0003 iter=1440/1600 loss=3.912
  derivmatch lr=0.0003 iter=1520/1600 loss=3.906
  derivmatch lr=0.0003 iter=1600/1600 loss=3.901
  derivmatch lr=0.0003 iter=1600/1600 loss=3.901
derivative matching [28s]  fitloss=3.9
  [derivative matching]  nrmse=11.31  l2=0.2969
  collocation: M=54 residuals=627  detecting sparsity + solving...

Algorithm: LevenbergMarquardt(
    trustregion = LevenbergMarquardtTrustRegion(
        β_uphill = 0.0
    ),
    descent = GeodesicAcceleration(
        descent = DampedNewtonDescent(
            linsolve = KLUFactorization(
                reuse_symbolic = true,
                check_pattern = true
            ),
            initial_damping = 1.0,
            damping_fn = LevenbergMarquardtDampingFunction(
                increase_factor = 2.0,
                decrease_factor = 3.0,
                min_damping = 1.0e-8
            ),
            min_norm_mode = :auto
        ),
        finite_diff_step_geodesic = 0.1,
        α = 0.75
    ),
    autodiff = AutoForwardDiff(),
    vjp_autodiff = AutoFiniteDiff(
        fdtype = Val{:forward}(),
        fdjtype = Val{:forward}(),
        fdhtype = Val{:hcentral}(),
        dir = true
    ),
    jvp_autodiff = AutoForwardDiff(),
    concrete_jac = Val{true}()
)

----    	-------------       	-----------         
Iter    	f(u) 2-norm         	Step 2-norm         
----    	-------------       	-----------         
0       	1.15506447e+04      	3.15790250e-309     
1       	6.06652712e+03      	3.03321561e-01      
8       	3.32233995e+03      	0.00000000e+00      
15      	2.70670500e+03      	2.07535545e-02      
22      	1.09830858e+03      	4.67297400e-02      
29      	5.97858625e+02      	1.17588347e-01      
36      	6.53283914e+02      	5.47340680e-01      
43      	5.84262284e+02      	0.00000000e+00      
50      	5.84262284e+02      	0.00000000e+00      
57      	8.69253698e+02      	2.17747796e-02      
64      	2.61648075e+03      	0.00000000e+00      
71      	2.71165639e+03      	2.44191302e-02      
78      	1.80103060e+04      	0.00000000e+00      
85      	3.28691456e+03      	0.00000000e+00      
92      	3.28691456e+03      	0.00000000e+00      
99      	3.28691456e+03      	0.00000000e+00      
106     	2.76178513e+03      	4.75817576e-03      
113     	1.91596104e+03      	0.00000000e+00      
120     	2.98818284e+03      	5.49303680e-01      
127     	1.64518294e+03      	1.27613593e-01      
134     	1.93233713e+03      	0.00000000e+00      
141     	1.67508628e+03      	0.00000000e+00      
148     	2.69769718e+03      	0.00000000e+00      
Final   	5.75964909e+02      
----------------------      
  AMR 1/1: M=54  err=84600.0  obs=0.0025  nrmse=1.48  best=1.48  refined=0
collocation [17s]
  [final]  nrmse=1.481  l2=1.5
extrapolation window: T=1000.0 -> T_test=1.0e12  n_test=100
  [train]  E_traj=5.786  E_VF=0.8598  E_spec=2.029e19
  [test ]  E_traj=2.713e19  E_VF=9866.0  E_spec=1.0
saved /orcd/home/002/txenakis/projects/BVPsolver/src/../data/runs/run_8TFP4EXz/rober_fit.png
saved /orcd/home/002/txenakis/projects/BVPsolver/src/../data/runs/run_8TFP4EXz/rober_fit_extrapolated.png
saved /orcd/home/002/txenakis/projects/BVPsolver/src/../data/runs/run_8TFP4EXz/rober_spectral_fit_extrapolated.png
saved /orcd/home/002/txenakis/projects/BVPsolver/src/../data/runs/run_8TFP4EXz/rober_vf_fit_extrapolated.png
┌ Warning: Attempting to store StiffNN.var"#12#13"{Float64, Float64, Float64}.
│ JLD2 only stores functions by name.
│  This may not be useful for anonymous functions.
└ @ JLD2 ~/.julia/packages/JLD2/ADycq/src/data/writing_datatypes.jl:447
saved run → /orcd/home/002/txenakis/projects/BVPsolver/src/../data/runs/run_8TFP4EXz
--------------------------------------
Done: Wed Sep 23 09:39:00 EDT 2026
