Task 236/600: --problem davis-skodje --param 1e-3 --model stiff --profile fast --seed 336 --pretraining derivmatch --training collocation
Logging to /home/txenakis/projects/BVPsolver/logs/run_main_23642156_236.log
davis-skodje  model=stiff width=12 d=2 tlen=300 profile=fast seed=336  solver=Rodas5P  N=268
  derivmatch lr=0.01 iter=170/3400 loss=0.1587
  derivmatch lr=0.01 iter=340/3400 loss=0.07232
  derivmatch lr=0.01 iter=510/3400 loss=0.07219
  derivmatch lr=0.01 iter=680/3400 loss=0.05137
  derivmatch lr=0.01 iter=850/3400 loss=0.05391
  derivmatch lr=0.01 iter=1020/3400 loss=0.04819
  derivmatch lr=0.01 iter=1190/3400 loss=0.04387
  derivmatch lr=0.01 iter=1360/3400 loss=0.0405
  derivmatch lr=0.01 iter=1530/3400 loss=0.0378
  derivmatch lr=0.01 iter=1700/3400 loss=0.0356
  derivmatch lr=0.01 iter=1870/3400 loss=0.03377
  derivmatch lr=0.01 iter=2040/3400 loss=0.03225
  derivmatch lr=0.01 iter=2210/3400 loss=0.03095
  derivmatch lr=0.01 iter=2380/3400 loss=0.02983
  derivmatch lr=0.01 iter=2550/3400 loss=0.02886
  derivmatch lr=0.01 iter=2720/3400 loss=0.028
  derivmatch lr=0.01 iter=2890/3400 loss=0.02723
  derivmatch lr=0.01 iter=3060/3400 loss=0.02652
  derivmatch lr=0.01 iter=3230/3400 loss=0.02585
  derivmatch lr=0.01 iter=3400/3400 loss=0.02522
  derivmatch lr=0.01 iter=3400/3400 loss=0.02138
  derivmatch lr=0.003 iter=125/2500 loss=0.02582
  derivmatch lr=0.003 iter=250/2500 loss=0.008935
  derivmatch lr=0.003 iter=375/2500 loss=0.007455
  derivmatch lr=0.003 iter=500/2500 loss=0.009647
  derivmatch lr=0.003 iter=625/2500 loss=0.01361
  derivmatch lr=0.003 iter=750/2500 loss=0.02349
  derivmatch lr=0.003 iter=875/2500 loss=0.01699
  derivmatch lr=0.003 iter=1000/2500 loss=0.01152
  derivmatch lr=0.003 iter=1125/2500 loss=0.006598
  derivmatch lr=0.003 iter=1250/2500 loss=0.009086
  derivmatch lr=0.003 iter=1375/2500 loss=0.005976
  derivmatch lr=0.003 iter=1500/2500 loss=0.008095
  derivmatch lr=0.003 iter=1625/2500 loss=0.01022
  derivmatch lr=0.003 iter=1750/2500 loss=0.005679
  derivmatch lr=0.003 iter=1875/2500 loss=0.00687
  derivmatch lr=0.003 iter=2000/2500 loss=0.005621
  derivmatch lr=0.003 iter=2125/2500 loss=0.01274
  derivmatch lr=0.003 iter=2250/2500 loss=0.00533
  derivmatch lr=0.003 iter=2375/2500 loss=0.005184
  derivmatch lr=0.003 iter=2500/2500 loss=0.005581
  derivmatch lr=0.003 iter=2500/2500 loss=0.005065
  derivmatch lr=0.001 iter=125/2500 loss=0.005527
  derivmatch lr=0.001 iter=250/2500 loss=0.004819
  derivmatch lr=0.001 iter=375/2500 loss=0.004701
  derivmatch lr=0.001 iter=500/2500 loss=0.004625
  derivmatch lr=0.001 iter=625/2500 loss=0.004549
  derivmatch lr=0.001 iter=750/2500 loss=0.004468
  derivmatch lr=0.001 iter=875/2500 loss=0.004377
  derivmatch lr=0.001 iter=1000/2500 loss=0.0045
  derivmatch lr=0.001 iter=1125/2500 loss=0.004356
  derivmatch lr=0.001 iter=1250/2500 loss=0.004325
  derivmatch lr=0.001 iter=1375/2500 loss=0.004096
  derivmatch lr=0.001 iter=1500/2500 loss=0.003856
  derivmatch lr=0.001 iter=1625/2500 loss=0.004692
  derivmatch lr=0.001 iter=1750/2500 loss=0.003595
  derivmatch lr=0.001 iter=1875/2500 loss=0.00354
  derivmatch lr=0.001 iter=2000/2500 loss=0.004499
  derivmatch lr=0.001 iter=2125/2500 loss=0.003114
  derivmatch lr=0.001 iter=2250/2500 loss=0.004729
  derivmatch lr=0.001 iter=2375/2500 loss=0.002216
  derivmatch lr=0.001 iter=2500/2500 loss=0.002224
  derivmatch lr=0.001 iter=2500/2500 loss=0.001789
  derivmatch lr=0.0003 iter=80/1600 loss=0.001775
  derivmatch lr=0.0003 iter=160/1600 loss=0.001708
  derivmatch lr=0.0003 iter=240/1600 loss=0.001638
  derivmatch lr=0.0003 iter=320/1600 loss=0.001557
  derivmatch lr=0.0003 iter=400/1600 loss=0.001467
  derivmatch lr=0.0003 iter=480/1600 loss=0.00137
  derivmatch lr=0.0003 iter=560/1600 loss=0.001265
  derivmatch lr=0.0003 iter=640/1600 loss=0.001158
  derivmatch lr=0.0003 iter=720/1600 loss=0.001053
  derivmatch lr=0.0003 iter=800/1600 loss=0.000954
  derivmatch lr=0.0003 iter=880/1600 loss=0.0008679
  derivmatch lr=0.0003 iter=960/1600 loss=0.0007979
  derivmatch lr=0.0003 iter=1040/1600 loss=0.0007445
  derivmatch lr=0.0003 iter=1120/1600 loss=0.000706
  derivmatch lr=0.0003 iter=1200/1600 loss=0.0006788
  derivmatch lr=0.0003 iter=1280/1600 loss=0.0006746
  derivmatch lr=0.0003 iter=1360/1600 loss=0.0006545
  derivmatch lr=0.0003 iter=1440/1600 loss=0.0006444
  derivmatch lr=0.0003 iter=1520/1600 loss=0.000636
  derivmatch lr=0.0003 iter=1600/1600 loss=0.0006287
  derivmatch lr=0.0003 iter=1600/1600 loss=0.0006287
derivative matching [32s]  fitloss=0.000629
  [derivative matching]  nrmse=0.01479  l2=0.7242
  collocation: M=300 residuals=2394  detecting sparsity + solving...

Algorithm: LevenbergMarquardt(
    trustregion = LevenbergMarquardtTrustRegion(
        β_uphill = 0.0
    ),
    descent = GeodesicAcceleration(
        descent = DampedNewtonDescent(
            linsolve = KLUFactorization(
                reuse_symbolic = true,
                check_pattern = true
            ),
            initial_damping = 1.0,
            damping_fn = LevenbergMarquardtDampingFunction(
                increase_factor = 2.0,
                decrease_factor = 3.0,
                min_damping = 1.0e-8
            ),
            min_norm_mode = :auto
        ),
        finite_diff_step_geodesic = 0.1,
        α = 0.75
    ),
    autodiff = AutoForwardDiff(),
    vjp_autodiff = AutoFiniteDiff(
        fdtype = Val{:forward}(),
        fdjtype = Val{:forward}(),
        fdhtype = Val{:hcentral}(),
        dir = true
    ),
    jvp_autodiff = AutoForwardDiff(),
    concrete_jac = Val{true}()
)

----    	-------------       	-----------         
Iter    	f(u) 2-norm         	Step 2-norm         
----    	-------------       	-----------         
0       	2.99658017e+01      	1.11893041e-315     
1       	2.99658017e+01      	0.00000000e+00      
8       	2.26416950e-01      	9.30537918e-03      
15      	8.68346974e-03      	2.94677059e-02      
22      	1.24487733e-02      	1.54678807e-01      
29      	4.82038854e-02      	1.59252726e-01      
36      	1.68171788e+00      	4.05263344e+00      
43      	1.12846650e+01      	2.86942753e+00      
50      	3.24515797e-02      	0.00000000e+00      
57      	1.15777021e-01      	0.00000000e+00      
64      	3.44951539e-02      	4.10405452e-01      
71      	5.92277489e-01      	0.00000000e+00      
78      	3.28450624e-01      	7.44894360e-01      
85      	7.67243172e-05      	3.11616865e-02      
92      	3.40857781e-03      	1.50863621e-01      
99      	1.66398558e-03      	2.24069728e-01      
106     	2.88102428e-01      	0.00000000e+00      
113     	6.10888232e-01      	0.00000000e+00      
120     	2.52132113e-02      	0.00000000e+00      
127     	4.62756643e-02      	8.14004787e-01      
134     	2.38626791e-01      	0.00000000e+00      
141     	6.23873066e-03      	0.00000000e+00      
148     	1.35656053e-03      	0.00000000e+00      
Final   	2.31540947e-05      
----------------------      
  AMR 1/3: M=300  err=9.73e-12  obs=7.52e-8  nrmse=0.0074  best=0.0074  refined=51
  collocation: M=351 residuals=2700  detecting sparsity + solving...

Algorithm: LevenbergMarquardt(
    trustregion = LevenbergMarquardtTrustRegion(
        β_uphill = 0.0
    ),
    descent = GeodesicAcceleration(
        descent = DampedNewtonDescent(
            linsolve = KLUFactorization(
                reuse_symbolic = true,
                check_pattern = true
            ),
            initial_damping = 1.0,
            damping_fn = LevenbergMarquardtDampingFunction(
                increase_factor = 2.0,
                decrease_factor = 3.0,
                min_damping = 1.0e-8
            ),
            min_norm_mode = :auto
        ),
        finite_diff_step_geodesic = 0.1,
        α = 0.75
    ),
    autodiff = AutoForwardDiff(),
    vjp_autodiff = AutoFiniteDiff(
        fdtype = Val{:forward}(),
        fdjtype = Val{:forward}(),
        fdhtype = Val{:hcentral}(),
        dir = true
    ),
    jvp_autodiff = AutoForwardDiff(),
    concrete_jac = Val{true}()
)

----    	-------------       	-----------         
Iter    	f(u) 2-norm         	Step 2-norm         
----    	-------------       	-----------         
0       	1.94485614e+01      	8.54501426e-316     
1       	8.76046948e+00      	3.18990459e-02      
8       	2.23212599e-02      	9.13043084e-03      
15      	7.44026270e-04      	2.89587953e-03      
22      	1.13051102e-05      	1.51013613e-03      
29      	8.72179202e-03      	5.98028841e-02      
36      	1.44220259e-02      	0.00000000e+00      
43      	1.43894994e-01      	0.00000000e+00      
50      	4.03824541e-05      	0.00000000e+00      
57      	9.22874040e-02      	0.00000000e+00      
64      	2.51668299e-04      	7.45146918e-02      
71      	2.90092536e-01      	0.00000000e+00      
78      	6.21973245e-02      	4.28235343e-01      
85      	7.31587679e-02      	0.00000000e+00      
92      	2.84580087e-01      	0.00000000e+00      
99      	1.56832612e-02      	0.00000000e+00      
106     	3.67105671e-01      	0.00000000e+00      
113     	1.25902756e-03      	4.42844069e-02      
120     	2.24770037e-02      	0.00000000e+00      
127     	8.79119747e-03      	0.00000000e+00      
134     	1.82876019e-02      	0.00000000e+00      
141     	1.38632877e-01      	4.66283511e-01      
148     	1.58243758e-01      	4.64500229e-01      
Final   	1.07794139e-05      
----------------------      
  AMR 2/3: M=351  err=1.94e-11  obs=2.65e-7  nrmse=0.0056  best=0.0056  refined=2
  collocation: M=354 residuals=2718  detecting sparsity + solving...

Algorithm: LevenbergMarquardt(
    trustregion = LevenbergMarquardtTrustRegion(
        β_uphill = 0.0
    ),
    descent = GeodesicAcceleration(
        descent = DampedNewtonDescent(
            linsolve = KLUFactorization(
                reuse_symbolic = true,
                check_pattern = true
            ),
            initial_damping = 1.0,
            damping_fn = LevenbergMarquardtDampingFunction(
                increase_factor = 2.0,
                decrease_factor = 3.0,
                min_damping = 1.0e-8
            ),
            min_norm_mode = :auto
        ),
        finite_diff_step_geodesic = 0.1,
        α = 0.75
    ),
    autodiff = AutoForwardDiff(),
    vjp_autodiff = AutoFiniteDiff(
        fdtype = Val{:forward}(),
        fdjtype = Val{:forward}(),
        fdhtype = Val{:hcentral}(),
        dir = true
    ),
    jvp_autodiff = AutoForwardDiff(),
    concrete_jac = Val{true}()
)

----    	-------------       	-----------         
Iter    	f(u) 2-norm         	Step 2-norm         
----    	-------------       	-----------         
0       	1.94181250e+01      	1.07656228e-315     
1       	8.76062041e+00      	3.17933791e-02      
8       	2.23327355e-02      	9.10866219e-03      
15      	7.43402307e-04      	2.89085888e-03      
22      	1.48500153e-05      	1.46576898e-03      
29      	2.70530308e-02      	8.42618409e-02      
36      	3.46342734e-04      	5.91646246e-02      
43      	3.12270443e-01      	0.00000000e+00      
50      	1.32480784e-01      	0.00000000e+00      
57      	1.69986317e-02      	5.70478636e-01      
64      	3.15683090e-01      	0.00000000e+00      
71      	1.43347729e-03      	1.16878007e-01      
78      	2.14694965e-01      	0.00000000e+00      
85      	4.00746680e-02      	1.80558413e-01      
92      	1.76442823e-01      	0.00000000e+00      
99      	8.89273944e-03      	0.00000000e+00      
106     	3.92256615e-02      	0.00000000e+00      
113     	6.21789105e-02      	0.00000000e+00      
120     	5.82616554e-02      	0.00000000e+00      
127     	2.09984881e-01      	0.00000000e+00      
134     	3.79070495e-01      	5.80696480e-01      
141     	9.14608865e-01      	0.00000000e+00      
148     	3.06224518e-01      	6.86082982e-01      
Final   	1.46203028e-05      
----------------------      
  AMR 3/3: M=354  err=3.58e-11  obs=3.94e-7  nrmse=0.00566  best=0.0056  refined=0
collocation [144s]
  [final]  nrmse=0.005601  l2=0.2743
extrapolation window: T=15.0 -> T_test=30.0  n_test=600
  [train]  E_traj=0.0001921  E_VF=1.83e-5  E_spec=0.2019
  [test ]  E_traj=6.77e11  E_VF=8.637e6  E_spec=0.4803
saved /orcd/home/002/txenakis/projects/BVPsolver/src/../data/runs/run_8korEAeg/davis-skodje_fit.png
saved /orcd/home/002/txenakis/projects/BVPsolver/src/../data/runs/run_8korEAeg/davis-skodje_fit_extrapolated.png
saved /orcd/home/002/txenakis/projects/BVPsolver/src/../data/runs/run_8korEAeg/davis-skodje_spectral_fit_extrapolated.png
saved /orcd/home/002/txenakis/projects/BVPsolver/src/../data/runs/run_8korEAeg/davis-skodje_vf_fit_extrapolated.png
┌ Warning: Attempting to store StiffNN.var"#22#23"{Float64}.
│ JLD2 only stores functions by name.
│  This may not be useful for anonymous functions.
└ @ JLD2 ~/.julia/packages/JLD2/ADycq/src/data/writing_datatypes.jl:447
saved run → /orcd/home/002/txenakis/projects/BVPsolver/src/../data/runs/run_8korEAeg
--------------------------------------
Done: Thu Sep 24 08:19:25 EDT 2026
