Task 89/160: --problem rober --model stiff --profile fast --seed 509 --pretraining derivmatch --training collocation --track-sensitivity
Logging to /home/txenakis/projects/BVPsolver/logs/run_main_23713020_89.log
rober  model=stiff width=12 d=3 tlen=50 profile=fast seed=509  solver=Rodas5  N=318
  derivmatch lr=0.01 iter=170/3400 loss=0.2557
  derivmatch lr=0.01 iter=340/3400 loss=0.09378
  derivmatch lr=0.01 iter=510/3400 loss=0.05459
  derivmatch lr=0.01 iter=680/3400 loss=0.03172
  derivmatch lr=0.01 iter=850/3400 loss=0.02163
  derivmatch lr=0.01 iter=1020/3400 loss=0.01348
  derivmatch lr=0.01 iter=1190/3400 loss=0.1354
  derivmatch lr=0.01 iter=1360/3400 loss=0.006901
  derivmatch lr=0.01 iter=1530/3400 loss=0.005008
  derivmatch lr=0.01 iter=1700/3400 loss=0.004706
  derivmatch lr=0.01 iter=1870/3400 loss=0.004435
  derivmatch lr=0.01 iter=2040/3400 loss=0.00467
  derivmatch lr=0.01 iter=2210/3400 loss=0.003229
  derivmatch lr=0.01 iter=2380/3400 loss=0.001829
  derivmatch lr=0.01 iter=2550/3400 loss=0.001641
  derivmatch lr=0.01 iter=2720/3400 loss=0.001309
  derivmatch lr=0.01 iter=2890/3400 loss=0.001161
  derivmatch lr=0.01 iter=3060/3400 loss=0.001094
  derivmatch lr=0.01 iter=3230/3400 loss=0.001266
  derivmatch lr=0.01 iter=3400/3400 loss=0.0008894
  derivmatch lr=0.01 iter=3400/3400 loss=0.000874
  derivmatch lr=0.003 iter=125/2500 loss=0.0008024
  derivmatch lr=0.003 iter=250/2500 loss=0.0007147
  derivmatch lr=0.003 iter=375/2500 loss=0.0006363
  derivmatch lr=0.003 iter=500/2500 loss=0.0005613
  derivmatch lr=0.003 iter=625/2500 loss=0.0006088
  derivmatch lr=0.003 iter=750/2500 loss=0.0004415
  derivmatch lr=0.003 iter=875/2500 loss=0.0004765
  derivmatch lr=0.003 iter=1000/2500 loss=0.0003767
  derivmatch lr=0.003 iter=1125/2500 loss=0.0003137
  derivmatch lr=0.003 iter=1250/2500 loss=0.0003409
  derivmatch lr=0.003 iter=1375/2500 loss=0.0003123
  derivmatch lr=0.003 iter=1500/2500 loss=0.0002673
  derivmatch lr=0.003 iter=1625/2500 loss=0.0002228
  derivmatch lr=0.003 iter=1750/2500 loss=0.000271
  derivmatch lr=0.003 iter=1875/2500 loss=0.0002048
  derivmatch lr=0.003 iter=2000/2500 loss=0.0002195
  derivmatch lr=0.003 iter=2125/2500 loss=0.0001754
  derivmatch lr=0.003 iter=2250/2500 loss=0.0001839
  derivmatch lr=0.003 iter=2375/2500 loss=0.0002048
  derivmatch lr=0.003 iter=2500/2500 loss=0.0002038
  derivmatch lr=0.003 iter=2500/2500 loss=0.0001526
  derivmatch lr=0.001 iter=125/2500 loss=0.0001517
  derivmatch lr=0.001 iter=250/2500 loss=0.0001499
  derivmatch lr=0.001 iter=375/2500 loss=0.0001481
  derivmatch lr=0.001 iter=500/2500 loss=0.0001461
  derivmatch lr=0.001 iter=625/2500 loss=0.0001439
  derivmatch lr=0.001 iter=750/2500 loss=0.0001414
  derivmatch lr=0.001 iter=875/2500 loss=0.0001388
  derivmatch lr=0.001 iter=1000/2500 loss=0.0001361
  derivmatch lr=0.001 iter=1125/2500 loss=0.0001332
  derivmatch lr=0.001 iter=1250/2500 loss=0.0001302
  derivmatch lr=0.001 iter=1375/2500 loss=0.0001271
  derivmatch lr=0.001 iter=1500/2500 loss=0.0001239
  derivmatch lr=0.001 iter=1625/2500 loss=0.000121
  derivmatch lr=0.001 iter=1750/2500 loss=0.0001181
  derivmatch lr=0.001 iter=1875/2500 loss=0.0001151
  derivmatch lr=0.001 iter=2000/2500 loss=0.0001122
  derivmatch lr=0.001 iter=2125/2500 loss=0.0001095
  derivmatch lr=0.001 iter=2250/2500 loss=0.0001068
  derivmatch lr=0.001 iter=2375/2500 loss=0.0001455
  derivmatch lr=0.001 iter=2500/2500 loss=0.0001018
  derivmatch lr=0.001 iter=2500/2500 loss=0.0001018
  derivmatch lr=0.0003 iter=80/1600 loss=0.0001015
  derivmatch lr=0.0003 iter=160/1600 loss=0.0001011
  derivmatch lr=0.0003 iter=240/1600 loss=0.0001007
  derivmatch lr=0.0003 iter=320/1600 loss=0.0001002
  derivmatch lr=0.0003 iter=400/1600 loss=9.966e-5
  derivmatch lr=0.0003 iter=480/1600 loss=9.905e-5
  derivmatch lr=0.0003 iter=560/1600 loss=9.838e-5
  derivmatch lr=0.0003 iter=640/1600 loss=9.766e-5
  derivmatch lr=0.0003 iter=720/1600 loss=9.69e-5
  derivmatch lr=0.0003 iter=800/1600 loss=9.608e-5
  derivmatch lr=0.0003 iter=880/1600 loss=9.523e-5
  derivmatch lr=0.0003 iter=960/1600 loss=9.433e-5
  derivmatch lr=0.0003 iter=1040/1600 loss=9.34e-5
  derivmatch lr=0.0003 iter=1120/1600 loss=9.244e-5
  derivmatch lr=0.0003 iter=1200/1600 loss=9.144e-5
  derivmatch lr=0.0003 iter=1280/1600 loss=9.041e-5
  derivmatch lr=0.0003 iter=1360/1600 loss=8.935e-5
  derivmatch lr=0.0003 iter=1440/1600 loss=8.827e-5
  derivmatch lr=0.0003 iter=1520/1600 loss=8.716e-5
  derivmatch lr=0.0003 iter=1600/1600 loss=8.603e-5
  derivmatch lr=0.0003 iter=1600/1600 loss=8.603e-5
derivative matching [29s]  fitloss=8.6e-5
  [derivative matching]  nrmse=0.00515  l2=0.02904
  collocation: M=54 residuals=627  detecting sparsity + solving...

Algorithm: LevenbergMarquardt(
    trustregion = LevenbergMarquardtTrustRegion(
        β_uphill = 0.0
    ),
    descent = GeodesicAcceleration(
        descent = DampedNewtonDescent(
            linsolve = KLUFactorization(
                reuse_symbolic = true,
                check_pattern = true
            ),
            initial_damping = 1.0,
            damping_fn = LevenbergMarquardtDampingFunction(
                increase_factor = 2.0,
                decrease_factor = 3.0,
                min_damping = 1.0e-8
            ),
            min_norm_mode = :auto
        ),
        finite_diff_step_geodesic = 0.1,
        α = 0.75
    ),
    autodiff = AutoForwardDiff(),
    vjp_autodiff = AutoFiniteDiff(
        fdtype = Val{:forward}(),
        fdjtype = Val{:forward}(),
        fdhtype = Val{:hcentral}(),
        dir = true
    ),
    jvp_autodiff = AutoForwardDiff(),
    concrete_jac = Val{true}()
)

----    	-------------       	-----------         
Iter    	f(u) 2-norm         	Step 2-norm         
----    	-------------       	-----------         
0       	4.61083629e+03      	NaN                 
1       	3.73885829e+03      	1.97787874e-02      
8       	1.66987374e+03      	4.34740627e-02      
15      	8.36984070e+01      	2.53601474e-01      
22      	8.96822999e+01      	3.54457143e-01      
29      	2.48083963e+02      	4.69600822e-01      
36      	4.00230012e+02      	0.00000000e+00      
43      	8.10976094e+00      	1.97498052e-01      
50      	3.33459640e+01      	0.00000000e+00      
57      	3.43835382e+01      	0.00000000e+00      
64      	2.31275831e+01      	2.86409203e-01      
71      	6.73084842e+00      	0.00000000e+00      
78      	6.85292018e+01      	0.00000000e+00      
85      	1.28147126e+02      	0.00000000e+00      
92      	5.81686135e+01      	0.00000000e+00      
99      	5.12365014e+01      	1.47413701e-01      
106     	7.57530672e+00      	0.00000000e+00      
113     	2.59850667e+01      	0.00000000e+00      
120     	2.15032240e+01      	0.00000000e+00      
127     	3.08000501e+02      	0.00000000e+00      
134     	1.98505649e+02      	0.00000000e+00      
141     	6.19883850e+01      	0.00000000e+00      
148     	2.23119987e+02      	2.31325285e-01      
Final   	9.19688633e-01      
----------------------      
  AMR 1/1: M=54  err=0.639  obs=7.27e-10  nrmse=0.00013  best=0.00013  refined=0
collocation [17s]
  [final]  nrmse=0.0001303  l2=0.0002231
extrapolation window: T=1000.0 -> T_test=1.0e12  n_test=100
  [train]  E_traj=4.61e-8  E_VF=6.193e-6  E_spec=5.3779999999999994e26
  [test ]  E_traj=0.7642  E_VF=4.118e9  E_spec=4.092e22
saved /orcd/home/002/txenakis/projects/BVPsolver/src/../data/runs/run_CZu2nyFF/rober_fit.png
saved /orcd/home/002/txenakis/projects/BVPsolver/src/../data/runs/run_CZu2nyFF/rober_fit_extrapolated.png
saved /orcd/home/002/txenakis/projects/BVPsolver/src/../data/runs/run_CZu2nyFF/rober_spectral_fit_extrapolated.png
saved /orcd/home/002/txenakis/projects/BVPsolver/src/../data/runs/run_CZu2nyFF/rober_vf_fit_extrapolated.png
saved /orcd/home/002/txenakis/projects/BVPsolver/src/../data/runs/run_CZu2nyFF/rober_sensitivity_vs_stiffness_derivmatch.png
saved /orcd/home/002/txenakis/projects/BVPsolver/src/../data/runs/run_CZu2nyFF/rober_sensitivity_vs_stiffness_collocation.png
┌ Warning: Attempting to store StiffNN.var"#12#13"{Float64, Float64, Float64}.
│ JLD2 only stores functions by name.
│  This may not be useful for anonymous functions.
└ @ JLD2 ~/.julia/packages/JLD2/ADycq/src/data/writing_datatypes.jl:447
saved run → /orcd/home/002/txenakis/projects/BVPsolver/src/../data/runs/run_CZu2nyFF
--------------------------------------
Done: Thu Sep 24 21:40:17 EDT 2026
