Task 319/750: --problem rober --model mlp --profile fast --seed 219 --pretraining derivmatch --training shooting
Logging to /home/txenakis/projects/BVPsolver/logs/run_main_23648109_319.log
rober  model=mlp width=15 d=3 tlen=50 profile=fast seed=219  solver=Rodas5  N=348
  derivmatch lr=0.01 iter=170/3400 loss=38.92
  derivmatch lr=0.01 iter=340/3400 loss=33.7
  derivmatch lr=0.01 iter=510/3400 loss=40.23
  derivmatch lr=0.01 iter=680/3400 loss=47.26
  derivmatch lr=0.01 iter=850/3400 loss=32.75
  derivmatch lr=0.01 iter=1020/3400 loss=37.94
  derivmatch lr=0.01 iter=1190/3400 loss=44.89
  derivmatch lr=0.01 iter=1360/3400 loss=45.73
  derivmatch lr=0.01 iter=1530/3400 loss=39.06
  derivmatch lr=0.01 iter=1700/3400 loss=54.8
  derivmatch lr=0.01 iter=1870/3400 loss=54.74
  derivmatch lr=0.01 iter=2040/3400 loss=44.02
  derivmatch lr=0.01 iter=2210/3400 loss=55.92
  derivmatch lr=0.01 iter=2380/3400 loss=50.12
  derivmatch lr=0.01 iter=2550/3400 loss=44.37
  derivmatch lr=0.01 iter=2720/3400 loss=44.78
  derivmatch lr=0.01 iter=2890/3400 loss=48.3
  derivmatch lr=0.01 iter=3060/3400 loss=51.97
  derivmatch lr=0.01 iter=3230/3400 loss=56.69
  derivmatch lr=0.01 iter=3400/3400 loss=55.11
  derivmatch lr=0.01 iter=3400/3400 loss=21.02
  derivmatch lr=0.003 iter=125/2500 loss=28.17
  derivmatch lr=0.003 iter=250/2500 loss=34.78
  derivmatch lr=0.003 iter=375/2500 loss=25.99
  derivmatch lr=0.003 iter=500/2500 loss=20.2
  derivmatch lr=0.003 iter=625/2500 loss=29.65
  derivmatch lr=0.003 iter=750/2500 loss=28.27
  derivmatch lr=0.003 iter=875/2500 loss=30.5
  derivmatch lr=0.003 iter=1000/2500 loss=30.38
  derivmatch lr=0.003 iter=1125/2500 loss=39.18
  derivmatch lr=0.003 iter=1250/2500 loss=29.94
  derivmatch lr=0.003 iter=1375/2500 loss=40.26
  derivmatch lr=0.003 iter=1500/2500 loss=36.85
  derivmatch lr=0.003 iter=1625/2500 loss=34.94
  derivmatch lr=0.003 iter=1750/2500 loss=33.17
  derivmatch lr=0.003 iter=1875/2500 loss=37.96
  derivmatch lr=0.003 iter=2000/2500 loss=38.39
  derivmatch lr=0.003 iter=2125/2500 loss=31.48
  derivmatch lr=0.003 iter=2250/2500 loss=32.45
  derivmatch lr=0.003 iter=2375/2500 loss=35.1
  derivmatch lr=0.003 iter=2500/2500 loss=41.73
  derivmatch lr=0.003 iter=2500/2500 loss=15.05
  derivmatch lr=0.001 iter=125/2500 loss=17.93
  derivmatch lr=0.001 iter=250/2500 loss=15.38
  derivmatch lr=0.001 iter=375/2500 loss=18.04
  derivmatch lr=0.001 iter=500/2500 loss=30.98
  derivmatch lr=0.001 iter=625/2500 loss=27.02
  derivmatch lr=0.001 iter=750/2500 loss=23.65
  derivmatch lr=0.001 iter=875/2500 loss=26.5
  derivmatch lr=0.001 iter=1000/2500 loss=19.87
  derivmatch lr=0.001 iter=1125/2500 loss=17.58
  derivmatch lr=0.001 iter=1250/2500 loss=27.07
  derivmatch lr=0.001 iter=1375/2500 loss=23.1
  derivmatch lr=0.001 iter=1500/2500 loss=13.9
  derivmatch lr=0.001 iter=1625/2500 loss=26.23
  derivmatch lr=0.001 iter=1750/2500 loss=27.59
  derivmatch lr=0.001 iter=1875/2500 loss=30.72
  derivmatch lr=0.001 iter=2000/2500 loss=30.05
  derivmatch lr=0.001 iter=2125/2500 loss=30.18
  derivmatch lr=0.001 iter=2250/2500 loss=27.07
  derivmatch lr=0.001 iter=2375/2500 loss=24.05
  derivmatch lr=0.001 iter=2500/2500 loss=15.78
  derivmatch lr=0.001 iter=2500/2500 loss=9.403
  derivmatch lr=0.0003 iter=80/1600 loss=9.41
  derivmatch lr=0.0003 iter=160/1600 loss=7.552
  derivmatch lr=0.0003 iter=240/1600 loss=7.878
  derivmatch lr=0.0003 iter=320/1600 loss=7.364
  derivmatch lr=0.0003 iter=400/1600 loss=7.549
  derivmatch lr=0.0003 iter=480/1600 loss=7.24
  derivmatch lr=0.0003 iter=560/1600 loss=7.233
  derivmatch lr=0.0003 iter=640/1600 loss=7.008
  derivmatch lr=0.0003 iter=720/1600 loss=8.477
  derivmatch lr=0.0003 iter=800/1600 loss=9.864
  derivmatch lr=0.0003 iter=880/1600 loss=18.23
  derivmatch lr=0.0003 iter=960/1600 loss=19.28
  derivmatch lr=0.0003 iter=1040/1600 loss=14.51
  derivmatch lr=0.0003 iter=1120/1600 loss=7.546
  derivmatch lr=0.0003 iter=1200/1600 loss=7.5
  derivmatch lr=0.0003 iter=1280/1600 loss=6.479
  derivmatch lr=0.0003 iter=1360/1600 loss=6.777
  derivmatch lr=0.0003 iter=1440/1600 loss=10.66
  derivmatch lr=0.0003 iter=1520/1600 loss=11.87
  derivmatch lr=0.0003 iter=1600/1600 loss=6.532
  derivmatch lr=0.0003 iter=1600/1600 loss=6.049
derivative matching [24s]  fitloss=6.05
  [derivative matching]  nrmse=130300.0  l2=118.9
  shooting iter=50/1000 loss=87.72
  shooting iter=100/1000 loss=13.06
  shooting iter=150/1000 loss=9.709
  shooting iter=200/1000 loss=11.42
  shooting iter=250/1000 loss=6.427
  shooting iter=300/1000 loss=7.565
  shooting iter=350/1000 loss=7.795
  shooting iter=400/1000 loss=4.035
  shooting iter=450/1000 loss=7.798
  shooting iter=500/1000 loss=8.485
  shooting iter=550/1000 loss=8.134
  shooting iter=600/1000 loss=8.072
  shooting iter=650/1000 loss=4.797
  shooting iter=700/1000 loss=2.33
  shooting iter=750/1000 loss=3.188
  shooting iter=800/1000 loss=3.619
  shooting iter=850/1000 loss=3.526
  shooting iter=900/1000 loss=2.94
  shooting iter=950/1000 loss=4.939
  shooting iter=1000/1000 loss=5.454
  shooting iter=1000/1000 loss=1.687
shooting [560s]  loss=1.69
  [final]  nrmse=10.24  l2=4.187
extrapolation window: T=1000.0 -> T_test=1.0e12  n_test=100
  [train]  E_traj=274.0  E_VF=35.59  E_spec=1.4340000000000001e28
  [test ]  E_traj=25590.0  E_VF=1.092e17  E_spec=5.888e28
saved /orcd/home/002/txenakis/projects/BVPsolver/src/../data/runs/run_u37uze9H/rober_fit.png
saved /orcd/home/002/txenakis/projects/BVPsolver/src/../data/runs/run_u37uze9H/rober_fit_extrapolated.png
saved /orcd/home/002/txenakis/projects/BVPsolver/src/../data/runs/run_u37uze9H/rober_spectral_fit_extrapolated.png
saved /orcd/home/002/txenakis/projects/BVPsolver/src/../data/runs/run_u37uze9H/rober_vf_fit_extrapolated.png
┌ Warning: Attempting to store StiffNN.var"#12#13"{Float64, Float64, Float64}.
│ JLD2 only stores functions by name.
│  This may not be useful for anonymous functions.
└ @ JLD2 ~/.julia/packages/JLD2/ADycq/src/data/writing_datatypes.jl:447
saved run → /orcd/home/002/txenakis/projects/BVPsolver/src/../data/runs/run_u37uze9H
--------------------------------------
Done: Thu Sep 24 11:35:35 EDT 2026
