Task 58/750: --problem rober --model stiff --profile fast --seed 208 --pretraining derivmatch --training shooting
Logging to /home/txenakis/projects/BVPsolver/logs/run_main_23648109_58.log
rober  model=stiff width=12 d=3 tlen=50 profile=fast seed=208  solver=Rodas5  N=318
  derivmatch lr=0.01 iter=170/3400 loss=0.4074
  derivmatch lr=0.01 iter=340/3400 loss=0.1889
  derivmatch lr=0.01 iter=510/3400 loss=0.08057
  derivmatch lr=0.01 iter=680/3400 loss=0.04428
  derivmatch lr=0.01 iter=850/3400 loss=0.03135
  derivmatch lr=0.01 iter=1020/3400 loss=0.02485
  derivmatch lr=0.01 iter=1190/3400 loss=0.01863
  derivmatch lr=0.01 iter=1360/3400 loss=0.01571
  derivmatch lr=0.01 iter=1530/3400 loss=0.01164
  derivmatch lr=0.01 iter=1700/3400 loss=0.008069
  derivmatch lr=0.01 iter=1870/3400 loss=0.00679
  derivmatch lr=0.01 iter=2040/3400 loss=0.006779
  derivmatch lr=0.01 iter=2210/3400 loss=0.004889
  derivmatch lr=0.01 iter=2380/3400 loss=0.006302
  derivmatch lr=0.01 iter=2550/3400 loss=0.003611
  derivmatch lr=0.01 iter=2720/3400 loss=0.002359
  derivmatch lr=0.01 iter=2890/3400 loss=0.00204
  derivmatch lr=0.01 iter=3060/3400 loss=0.002251
  derivmatch lr=0.01 iter=3230/3400 loss=0.001434
  derivmatch lr=0.01 iter=3400/3400 loss=0.001065
  derivmatch lr=0.01 iter=3400/3400 loss=0.001065
  derivmatch lr=0.003 iter=125/2500 loss=0.001013
  derivmatch lr=0.003 iter=250/2500 loss=0.0008747
  derivmatch lr=0.003 iter=375/2500 loss=0.0007804
  derivmatch lr=0.003 iter=500/2500 loss=0.000697
  derivmatch lr=0.003 iter=625/2500 loss=0.0006235
  derivmatch lr=0.003 iter=750/2500 loss=0.0005571
  derivmatch lr=0.003 iter=875/2500 loss=0.0004968
  derivmatch lr=0.003 iter=1000/2500 loss=0.0004435
  derivmatch lr=0.003 iter=1125/2500 loss=0.0003981
  derivmatch lr=0.003 iter=1250/2500 loss=0.0003598
  derivmatch lr=0.003 iter=1375/2500 loss=0.0003274
  derivmatch lr=0.003 iter=1500/2500 loss=0.0002997
  derivmatch lr=0.003 iter=1625/2500 loss=0.0002754
  derivmatch lr=0.003 iter=1750/2500 loss=0.0002539
  derivmatch lr=0.003 iter=1875/2500 loss=0.0002364
  derivmatch lr=0.003 iter=2000/2500 loss=0.001294
  derivmatch lr=0.003 iter=2125/2500 loss=0.0002024
  derivmatch lr=0.003 iter=2250/2500 loss=0.0001866
  derivmatch lr=0.003 iter=2375/2500 loss=0.0001723
  derivmatch lr=0.003 iter=2500/2500 loss=0.0001594
  derivmatch lr=0.003 iter=2500/2500 loss=0.0001594
  derivmatch lr=0.001 iter=125/2500 loss=0.0001582
  derivmatch lr=0.001 iter=250/2500 loss=0.0001555
  derivmatch lr=0.001 iter=375/2500 loss=0.0001528
  derivmatch lr=0.001 iter=500/2500 loss=0.0001497
  derivmatch lr=0.001 iter=625/2500 loss=0.0001462
  derivmatch lr=0.001 iter=750/2500 loss=0.0001424
  derivmatch lr=0.001 iter=875/2500 loss=0.0001383
  derivmatch lr=0.001 iter=1000/2500 loss=0.000134
  derivmatch lr=0.001 iter=1125/2500 loss=0.0001295
  derivmatch lr=0.001 iter=1250/2500 loss=0.0001248
  derivmatch lr=0.001 iter=1375/2500 loss=0.0001201
  derivmatch lr=0.001 iter=1500/2500 loss=0.0001154
  derivmatch lr=0.001 iter=1625/2500 loss=0.0001108
  derivmatch lr=0.001 iter=1750/2500 loss=0.0001063
  derivmatch lr=0.001 iter=1875/2500 loss=0.000102
  derivmatch lr=0.001 iter=2000/2500 loss=9.775e-5
  derivmatch lr=0.001 iter=2125/2500 loss=9.418e-5
  derivmatch lr=0.001 iter=2250/2500 loss=9.099e-5
  derivmatch lr=0.001 iter=2375/2500 loss=8.785e-5
  derivmatch lr=0.001 iter=2500/2500 loss=8.476e-5
  derivmatch lr=0.001 iter=2500/2500 loss=8.476e-5
  derivmatch lr=0.0003 iter=80/1600 loss=8.406e-5
  derivmatch lr=0.0003 iter=160/1600 loss=8.361e-5
  derivmatch lr=0.0003 iter=240/1600 loss=8.306e-5
  derivmatch lr=0.0003 iter=320/1600 loss=8.241e-5
  derivmatch lr=0.0003 iter=400/1600 loss=8.167e-5
  derivmatch lr=0.0003 iter=480/1600 loss=8.086e-5
  derivmatch lr=0.0003 iter=560/1600 loss=7.998e-5
  derivmatch lr=0.0003 iter=640/1600 loss=7.905e-5
  derivmatch lr=0.0003 iter=720/1600 loss=7.807e-5
  derivmatch lr=0.0003 iter=800/1600 loss=7.704e-5
  derivmatch lr=0.0003 iter=880/1600 loss=7.597e-5
  derivmatch lr=0.0003 iter=960/1600 loss=7.501e-5
  derivmatch lr=0.0003 iter=1040/1600 loss=7.406e-5
  derivmatch lr=0.0003 iter=1120/1600 loss=7.309e-5
  derivmatch lr=0.0003 iter=1200/1600 loss=7.21e-5
  derivmatch lr=0.0003 iter=1280/1600 loss=7.109e-5
  derivmatch lr=0.0003 iter=1360/1600 loss=7.005e-5
  derivmatch lr=0.0003 iter=1440/1600 loss=6.9e-5
  derivmatch lr=0.0003 iter=1520/1600 loss=6.814e-5
  derivmatch lr=0.0003 iter=1600/1600 loss=6.714e-5
  derivmatch lr=0.0003 iter=1600/1600 loss=6.714e-5
derivative matching [32s]  fitloss=6.71e-5
  [derivative matching]  nrmse=0.06996  l2=0.5664
  shooting iter=50/1000 loss=0.01339
  shooting iter=100/1000 loss=0.001511
  shooting iter=150/1000 loss=0.0007575
  shooting iter=200/1000 loss=0.0009849
  shooting iter=250/1000 loss=0.0005679
  shooting iter=300/1000 loss=0.0009177
  shooting iter=350/1000 loss=0.0009027
  shooting iter=400/1000 loss=0.0008902
  shooting iter=450/1000 loss=0.001045
  shooting iter=500/1000 loss=0.001125
  shooting iter=550/1000 loss=0.0008355
  shooting iter=600/1000 loss=0.001036
  shooting iter=650/1000 loss=0.0005298
  shooting iter=700/1000 loss=0.0006691
  shooting iter=750/1000 loss=0.002249
  shooting iter=800/1000 loss=0.00164
  shooting iter=850/1000 loss=0.00166
  shooting iter=900/1000 loss=0.001316
  shooting iter=950/1000 loss=0.0008934
  shooting iter=1000/1000 loss=0.0009078
  shooting iter=1000/1000 loss=0.0002855
shooting [571s]  loss=0.000285
  [final]  nrmse=0.0005293  l2=0.001955
extrapolation window: T=1000.0 -> T_test=1.0e12  n_test=100
  [train]  E_traj=8.226e-7  E_VF=0.004376  E_spec=7.861e26
  [test ]  E_traj=4.632  E_VF=6.358e10  E_spec=5.974e23
saved /orcd/home/002/txenakis/projects/BVPsolver/src/../data/runs/run_Q9krhYxm/rober_fit.png
saved /orcd/home/002/txenakis/projects/BVPsolver/src/../data/runs/run_Q9krhYxm/rober_fit_extrapolated.png
saved /orcd/home/002/txenakis/projects/BVPsolver/src/../data/runs/run_Q9krhYxm/rober_spectral_fit_extrapolated.png
saved /orcd/home/002/txenakis/projects/BVPsolver/src/../data/runs/run_Q9krhYxm/rober_vf_fit_extrapolated.png
┌ Warning: Attempting to store StiffNN.var"#12#13"{Float64, Float64, Float64}.
│ JLD2 only stores functions by name.
│  This may not be useful for anonymous functions.
└ @ JLD2 ~/.julia/packages/JLD2/ADycq/src/data/writing_datatypes.jl:447
saved run → /orcd/home/002/txenakis/projects/BVPsolver/src/../data/runs/run_Q9krhYxm
--------------------------------------
Done: Thu Sep 24 10:17:26 EDT 2026
