Task 1419/1800: --problem orego --model GELU-scaled --profile fast --seed 119 --pretraining derivmatch --training shooting
Logging to /home/txenakis/projects/BVPsolver/logs/run_main_23593274_1419.log
orego  model=GELU-scaled width=9 d=3 tlen=112 profile=fast seed=119  solver=Rodas5  N=516
  derivmatch lr=0.01 iter=170/3400 loss=13.98
  derivmatch lr=0.01 iter=340/3400 loss=13.86
  derivmatch lr=0.01 iter=510/3400 loss=13.83
  derivmatch lr=0.01 iter=680/3400 loss=13.81
  derivmatch lr=0.01 iter=850/3400 loss=13.8
  derivmatch lr=0.01 iter=1020/3400 loss=13.8
  derivmatch lr=0.01 iter=1190/3400 loss=14.13
  derivmatch lr=0.01 iter=1360/3400 loss=7.881
  derivmatch lr=0.01 iter=1530/3400 loss=6.159
  derivmatch lr=0.01 iter=1700/3400 loss=14.81
  derivmatch lr=0.01 iter=1870/3400 loss=14.03
  derivmatch lr=0.01 iter=2040/3400 loss=14.02
  derivmatch lr=0.01 iter=2210/3400 loss=14.01
  derivmatch lr=0.01 iter=2380/3400 loss=14.01
  derivmatch lr=0.01 iter=2550/3400 loss=14.01
  derivmatch lr=0.01 iter=2720/3400 loss=14.01
  derivmatch lr=0.01 iter=2890/3400 loss=14.01
  derivmatch lr=0.01 iter=3060/3400 loss=14.01
  derivmatch lr=0.01 iter=3230/3400 loss=14.0
  derivmatch lr=0.01 iter=3400/3400 loss=14.0
  derivmatch lr=0.01 iter=3400/3400 loss=5.644
  derivmatch lr=0.003 iter=125/2500 loss=5.239
  derivmatch lr=0.003 iter=250/2500 loss=5.117
  derivmatch lr=0.003 iter=375/2500 loss=4.955
  derivmatch lr=0.003 iter=500/2500 loss=4.851
  derivmatch lr=0.003 iter=625/2500 loss=4.759
  derivmatch lr=0.003 iter=750/2500 loss=4.673
  derivmatch lr=0.003 iter=875/2500 loss=4.614
  derivmatch lr=0.003 iter=1000/2500 loss=4.632
  derivmatch lr=0.003 iter=1125/2500 loss=4.594
  derivmatch lr=0.003 iter=1250/2500 loss=4.554
  derivmatch lr=0.003 iter=1375/2500 loss=5.002
  derivmatch lr=0.003 iter=1500/2500 loss=5.152
  derivmatch lr=0.003 iter=1625/2500 loss=5.312
  derivmatch lr=0.003 iter=1750/2500 loss=5.214
  derivmatch lr=0.003 iter=1875/2500 loss=5.188
  derivmatch lr=0.003 iter=2000/2500 loss=5.165
  derivmatch lr=0.003 iter=2125/2500 loss=5.146
  derivmatch lr=0.003 iter=2250/2500 loss=5.122
  derivmatch lr=0.003 iter=2375/2500 loss=5.105
  derivmatch lr=0.003 iter=2500/2500 loss=5.085
  derivmatch lr=0.003 iter=2500/2500 loss=4.519
  derivmatch lr=0.001 iter=125/2500 loss=4.474
  derivmatch lr=0.001 iter=250/2500 loss=4.462
  derivmatch lr=0.001 iter=375/2500 loss=4.387
  derivmatch lr=0.001 iter=500/2500 loss=4.359
  derivmatch lr=0.001 iter=625/2500 loss=4.333
  derivmatch lr=0.001 iter=750/2500 loss=4.316
  derivmatch lr=0.001 iter=875/2500 loss=4.299
  derivmatch lr=0.001 iter=1000/2500 loss=4.282
  derivmatch lr=0.001 iter=1125/2500 loss=4.264
  derivmatch lr=0.001 iter=1250/2500 loss=4.249
  derivmatch lr=0.001 iter=1375/2500 loss=4.235
  derivmatch lr=0.001 iter=1500/2500 loss=4.22
  derivmatch lr=0.001 iter=1625/2500 loss=4.205
  derivmatch lr=0.001 iter=1750/2500 loss=4.192
  derivmatch lr=0.001 iter=1875/2500 loss=4.179
  derivmatch lr=0.001 iter=2000/2500 loss=4.708
  derivmatch lr=0.001 iter=2125/2500 loss=4.426
  derivmatch lr=0.001 iter=2250/2500 loss=4.325
  derivmatch lr=0.001 iter=2375/2500 loss=4.306
  derivmatch lr=0.001 iter=2500/2500 loss=4.219
  derivmatch lr=0.001 iter=2500/2500 loss=4.164
  derivmatch lr=0.0003 iter=80/1600 loss=4.607
  derivmatch lr=0.0003 iter=160/1600 loss=4.062
  derivmatch lr=0.0003 iter=240/1600 loss=3.89
  derivmatch lr=0.0003 iter=320/1600 loss=3.779
  derivmatch lr=0.0003 iter=400/1600 loss=3.705
  derivmatch lr=0.0003 iter=480/1600 loss=3.645
  derivmatch lr=0.0003 iter=560/1600 loss=3.592
  derivmatch lr=0.0003 iter=640/1600 loss=3.538
  derivmatch lr=0.0003 iter=720/1600 loss=3.479
  derivmatch lr=0.0003 iter=800/1600 loss=3.407
  derivmatch lr=0.0003 iter=880/1600 loss=3.307
  derivmatch lr=0.0003 iter=960/1600 loss=3.138
  derivmatch lr=0.0003 iter=1040/1600 loss=2.793
  derivmatch lr=0.0003 iter=1120/1600 loss=2.911
  derivmatch lr=0.0003 iter=1200/1600 loss=2.89
  derivmatch lr=0.0003 iter=1280/1600 loss=2.871
  derivmatch lr=0.0003 iter=1360/1600 loss=2.854
  derivmatch lr=0.0003 iter=1440/1600 loss=2.837
  derivmatch lr=0.0003 iter=1520/1600 loss=2.821
  derivmatch lr=0.0003 iter=1600/1600 loss=2.806
  derivmatch lr=0.0003 iter=1600/1600 loss=2.716
derivative matching [28s]  fitloss=2.72
  rollout FAILED: Unstable at t=1.2432928849246627 of 180.0
  [derivative matching]  nrmse=Inf  l2=Inf
  shooting iter=50/1000 loss=0.854
  shooting iter=100/1000 loss=0.8548
  shooting iter=150/1000 loss=0.8548
  shooting iter=200/1000 loss=0.8548
  shooting iter=250/1000 loss=0.8548
  shooting iter=300/1000 loss=0.8548
  shooting iter=350/1000 loss=0.8548
  shooting iter=400/1000 loss=0.8548
  shooting iter=450/1000 loss=0.8548
  shooting iter=500/1000 loss=0.8548
  shooting iter=550/1000 loss=0.8548
  shooting iter=600/1000 loss=0.8548
  shooting iter=650/1000 loss=0.8548
  shooting iter=700/1000 loss=0.8548
  shooting iter=750/1000 loss=0.8548
  shooting iter=800/1000 loss=0.8548
  shooting iter=850/1000 loss=0.8548
  shooting iter=900/1000 loss=0.8548
  shooting iter=950/1000 loss=0.8548
  shooting iter=1000/1000 loss=0.8548
  shooting iter=1000/1000 loss=0.4341
shooting [1905s]  loss=0.434
  [final]  nrmse=0.9106  l2=661500.0
extrapolation window: T=180.0 -> T_test=360.0  n_test=224
  [train]  E_traj=3.553  E_VF=3.486  E_spec=1.05
  [test ]  E_traj=1227.0  E_VF=43.44  E_spec=1464.0
saved /orcd/home/002/txenakis/projects/BVPsolver/src/../data/runs/run_UHPItkdg/orego_fit.png
saved /orcd/home/002/txenakis/projects/BVPsolver/src/../data/runs/run_UHPItkdg/orego_fit_extrapolated.png
saved /orcd/home/002/txenakis/projects/BVPsolver/src/../data/runs/run_UHPItkdg/orego_spectral_fit_extrapolated.png
saved /orcd/home/002/txenakis/projects/BVPsolver/src/../data/runs/run_UHPItkdg/orego_vf_fit_extrapolated.png
┌ Warning: Attempting to store StiffNN.var"#20#21"{Float64, Float64, Float64}.
│ JLD2 only stores functions by name.
│  This may not be useful for anonymous functions.
└ @ JLD2 ~/.julia/packages/JLD2/ADycq/src/data/writing_datatypes.jl:447
saved run → /orcd/home/002/txenakis/projects/BVPsolver/src/../data/runs/run_UHPItkdg
--------------------------------------
Done: Wed Sep 23 22:57:59 EDT 2026
