Task 646/750: --problem rober --model GELU-scaled --profile fast --seed 246 --pretraining derivmatch --training collocation
Logging to /home/txenakis/projects/BVPsolver/logs/run_main_23659529_646.log
rober  model=GELU-scaled width=7 d=3 tlen=50 profile=fast seed=246  solver=Rodas5  N=332
  derivmatch lr=0.01 iter=170/3400 loss=9.134
  derivmatch lr=0.01 iter=340/3400 loss=9.457
  derivmatch lr=0.01 iter=510/3400 loss=9.415
  derivmatch lr=0.01 iter=680/3400 loss=6.468
  derivmatch lr=0.01 iter=850/3400 loss=9.575
  derivmatch lr=0.01 iter=1020/3400 loss=6.352
  derivmatch lr=0.01 iter=1190/3400 loss=6.064
  derivmatch lr=0.01 iter=1360/3400 loss=5.94
  derivmatch lr=0.01 iter=1530/3400 loss=5.781
  derivmatch lr=0.01 iter=1700/3400 loss=5.777
  derivmatch lr=0.01 iter=1870/3400 loss=5.517
  derivmatch lr=0.01 iter=2040/3400 loss=9.433
  derivmatch lr=0.01 iter=2210/3400 loss=9.205
  derivmatch lr=0.01 iter=2380/3400 loss=9.019
  derivmatch lr=0.01 iter=2550/3400 loss=8.85
  derivmatch lr=0.01 iter=2720/3400 loss=8.688
  derivmatch lr=0.01 iter=2890/3400 loss=8.527
  derivmatch lr=0.01 iter=3060/3400 loss=8.361
  derivmatch lr=0.01 iter=3230/3400 loss=8.182
  derivmatch lr=0.01 iter=3400/3400 loss=7.981
  derivmatch lr=0.01 iter=3400/3400 loss=5.435
  derivmatch lr=0.003 iter=125/2500 loss=6.362
  derivmatch lr=0.003 iter=250/2500 loss=5.435
  derivmatch lr=0.003 iter=375/2500 loss=5.359
  derivmatch lr=0.003 iter=500/2500 loss=5.314
  derivmatch lr=0.003 iter=625/2500 loss=5.274
  derivmatch lr=0.003 iter=750/2500 loss=5.222
  derivmatch lr=0.003 iter=875/2500 loss=5.161
  derivmatch lr=0.003 iter=1000/2500 loss=5.141
  derivmatch lr=0.003 iter=1125/2500 loss=5.041
  derivmatch lr=0.003 iter=1250/2500 loss=5.087
  derivmatch lr=0.003 iter=1375/2500 loss=4.91
  derivmatch lr=0.003 iter=1500/2500 loss=4.805
  derivmatch lr=0.003 iter=1625/2500 loss=4.681
  derivmatch lr=0.003 iter=1750/2500 loss=4.546
  derivmatch lr=0.003 iter=1875/2500 loss=7.263
  derivmatch lr=0.003 iter=2000/2500 loss=6.851
  derivmatch lr=0.003 iter=2125/2500 loss=6.003
  derivmatch lr=0.003 iter=2250/2500 loss=6.961
  derivmatch lr=0.003 iter=2375/2500 loss=6.428
  derivmatch lr=0.003 iter=2500/2500 loss=6.845
  derivmatch lr=0.003 iter=2500/2500 loss=4.445
  derivmatch lr=0.001 iter=125/2500 loss=4.417
  derivmatch lr=0.001 iter=250/2500 loss=4.388
  derivmatch lr=0.001 iter=375/2500 loss=4.359
  derivmatch lr=0.001 iter=500/2500 loss=4.329
  derivmatch lr=0.001 iter=625/2500 loss=4.297
  derivmatch lr=0.001 iter=750/2500 loss=4.263
  derivmatch lr=0.001 iter=875/2500 loss=4.213
  derivmatch lr=0.001 iter=1000/2500 loss=4.16
  derivmatch lr=0.001 iter=1125/2500 loss=4.11
  derivmatch lr=0.001 iter=1250/2500 loss=4.059
  derivmatch lr=0.001 iter=1375/2500 loss=4.001
  derivmatch lr=0.001 iter=1500/2500 loss=3.93
  derivmatch lr=0.001 iter=1625/2500 loss=5.161
  derivmatch lr=0.001 iter=1750/2500 loss=6.093
  derivmatch lr=0.001 iter=1875/2500 loss=5.655
  derivmatch lr=0.001 iter=2000/2500 loss=5.76
  derivmatch lr=0.001 iter=2125/2500 loss=4.552
  derivmatch lr=0.001 iter=2250/2500 loss=5.817
  derivmatch lr=0.001 iter=2375/2500 loss=5.164
  derivmatch lr=0.001 iter=2500/2500 loss=5.919
  derivmatch lr=0.001 iter=2500/2500 loss=3.892
  derivmatch lr=0.0003 iter=80/1600 loss=3.875
  derivmatch lr=0.0003 iter=160/1600 loss=3.867
  derivmatch lr=0.0003 iter=240/1600 loss=3.858
  derivmatch lr=0.0003 iter=320/1600 loss=3.848
  derivmatch lr=0.0003 iter=400/1600 loss=3.839
  derivmatch lr=0.0003 iter=480/1600 loss=3.832
  derivmatch lr=0.0003 iter=560/1600 loss=3.825
  derivmatch lr=0.0003 iter=640/1600 loss=3.819
  derivmatch lr=0.0003 iter=720/1600 loss=3.812
  derivmatch lr=0.0003 iter=800/1600 loss=3.805
  derivmatch lr=0.0003 iter=880/1600 loss=3.798
  derivmatch lr=0.0003 iter=960/1600 loss=3.79
  derivmatch lr=0.0003 iter=1040/1600 loss=3.782
  derivmatch lr=0.0003 iter=1120/1600 loss=3.773
  derivmatch lr=0.0003 iter=1200/1600 loss=3.764
  derivmatch lr=0.0003 iter=1280/1600 loss=3.755
  derivmatch lr=0.0003 iter=1360/1600 loss=3.745
  derivmatch lr=0.0003 iter=1440/1600 loss=3.734
  derivmatch lr=0.0003 iter=1520/1600 loss=3.723
  derivmatch lr=0.0003 iter=1600/1600 loss=3.711
  derivmatch lr=0.0003 iter=1600/1600 loss=3.711
derivative matching [25s]  fitloss=3.71
  [derivative matching]  nrmse=5.285  l2=1.295
  collocation: M=54 residuals=627  detecting sparsity + solving...

Algorithm: LevenbergMarquardt(
    trustregion = LevenbergMarquardtTrustRegion(
        β_uphill = 0.0
    ),
    descent = GeodesicAcceleration(
        descent = DampedNewtonDescent(
            linsolve = KLUFactorization(
                reuse_symbolic = true,
                check_pattern = true
            ),
            initial_damping = 1.0,
            damping_fn = LevenbergMarquardtDampingFunction(
                increase_factor = 2.0,
                decrease_factor = 3.0,
                min_damping = 1.0e-8
            ),
            min_norm_mode = :auto
        ),
        finite_diff_step_geodesic = 0.1,
        α = 0.75
    ),
    autodiff = AutoForwardDiff(),
    vjp_autodiff = AutoFiniteDiff(
        fdtype = Val{:forward}(),
        fdjtype = Val{:forward}(),
        fdhtype = Val{:hcentral}(),
        dir = true
    ),
    jvp_autodiff = AutoForwardDiff(),
    concrete_jac = Val{true}()
)

----    	-------------       	-----------         
Iter    	f(u) 2-norm         	Step 2-norm         
----    	-------------       	-----------         
0       	1.03508594e+04      	NaN                 
1       	1.31331131e+03      	6.06084700e-01      
8       	7.40363491e+02      	0.00000000e+00      
15      	8.44586701e+02      	7.84956459e-03      
22      	1.54010363e+03      	4.70138080e-02      
29      	2.06847476e+03      	0.00000000e+00      
36      	2.37585302e+03      	1.33994224e-01      
43      	2.36811176e+03      	0.00000000e+00      
50      	2.53533811e+03      	3.26796169e-03      
57      	3.31407772e+03      	2.01411897e-02      
64      	2.50901433e+04      	0.00000000e+00      
71      	2.50901433e+04      	0.00000000e+00      
78      	6.68537023e+03      	3.27052560e-02      
85      	4.25721183e+03      	1.36712797e-02      
92      	4.69578684e+03      	1.05943041e+00      
99      	4.69578684e+03      	0.00000000e+00      
106     	4.69578684e+03      	0.00000000e+00      
113     	4.20147513e+03      	1.76314084e-02      
120     	2.77791192e+03      	0.00000000e+00      
127     	3.25226016e+03      	0.00000000e+00      
134     	1.10920983e+04      	0.00000000e+00      
141     	1.10920983e+04      	0.00000000e+00      
148     	1.10920983e+04      	0.00000000e+00      
Final   	6.08307303e+02      
----------------------      
  rollout FAILED: Unstable at t=51.7947467923121 of 1000.0
  AMR 1/1: M=54  err=72800.0  obs=0.00555  nrmse=Inf  best=5.28  refined=0
 derivative matching was best (1/1 rounds ran)
collocation [16s]
  [final]  nrmse=5.285  l2=1.295
extrapolation window: T=1000.0 -> T_test=1.0e12  n_test=100
  [train]  E_traj=72.71  E_VF=0.5801  E_spec=1.096
  [test ]  E_traj=1.872e22  E_VF=6.717e6  E_spec=1.0
saved /orcd/home/002/txenakis/projects/BVPsolver/src/../data/runs/run_wB9Rf4ap/rober_fit.png
saved /orcd/home/002/txenakis/projects/BVPsolver/src/../data/runs/run_wB9Rf4ap/rober_fit_extrapolated.png
saved /orcd/home/002/txenakis/projects/BVPsolver/src/../data/runs/run_wB9Rf4ap/rober_spectral_fit_extrapolated.png
saved /orcd/home/002/txenakis/projects/BVPsolver/src/../data/runs/run_wB9Rf4ap/rober_vf_fit_extrapolated.png
┌ Warning: Attempting to store StiffNN.var"#12#13"{Float64, Float64, Float64}.
│ JLD2 only stores functions by name.
│  This may not be useful for anonymous functions.
└ @ JLD2 ~/.julia/packages/JLD2/ADycq/src/data/writing_datatypes.jl:447
saved run → /orcd/home/002/txenakis/projects/BVPsolver/src/../data/runs/run_wB9Rf4ap
--------------------------------------
Done: Thu Sep 24 15:35:04 EDT 2026
