Task 1030/1800: --problem hires --model mlp --profile fast --seed 130 --pretraining derivmatch --training shooting
Logging to /home/txenakis/projects/BVPsolver/logs/run_main_23553922_1030.log
hires  model=mlp width=21 d=8 tlen=50 profile=fast seed=130  solver=Rodas5  N=827
  derivmatch lr=0.01 iter=170/3400 loss=58.95
  derivmatch lr=0.01 iter=340/3400 loss=41.2
  derivmatch lr=0.01 iter=510/3400 loss=31.24
  derivmatch lr=0.01 iter=680/3400 loss=45.0
  derivmatch lr=0.01 iter=850/3400 loss=31.82
  derivmatch lr=0.01 iter=1020/3400 loss=38.01
  derivmatch lr=0.01 iter=1190/3400 loss=28.91
  derivmatch lr=0.01 iter=1360/3400 loss=27.77
  derivmatch lr=0.01 iter=1530/3400 loss=29.07
  derivmatch lr=0.01 iter=1700/3400 loss=28.1
  derivmatch lr=0.01 iter=1870/3400 loss=21.18
  derivmatch lr=0.01 iter=2040/3400 loss=20.81
  derivmatch lr=0.01 iter=2210/3400 loss=17.62
  derivmatch lr=0.01 iter=2380/3400 loss=19.79
  derivmatch lr=0.01 iter=2550/3400 loss=21.35
  derivmatch lr=0.01 iter=2720/3400 loss=19.08
  derivmatch lr=0.01 iter=2890/3400 loss=14.16
  derivmatch lr=0.01 iter=3060/3400 loss=15.65
  derivmatch lr=0.01 iter=3230/3400 loss=13.8
  derivmatch lr=0.01 iter=3400/3400 loss=15.06
  derivmatch lr=0.01 iter=3400/3400 loss=10.79
  derivmatch lr=0.003 iter=125/2500 loss=6.908
  derivmatch lr=0.003 iter=250/2500 loss=6.371
  derivmatch lr=0.003 iter=375/2500 loss=6.418
  derivmatch lr=0.003 iter=500/2500 loss=4.988
  derivmatch lr=0.003 iter=625/2500 loss=5.9
  derivmatch lr=0.003 iter=750/2500 loss=4.752
  derivmatch lr=0.003 iter=875/2500 loss=5.759
  derivmatch lr=0.003 iter=1000/2500 loss=4.282
  derivmatch lr=0.003 iter=1125/2500 loss=5.864
  derivmatch lr=0.003 iter=1250/2500 loss=6.023
  derivmatch lr=0.003 iter=1375/2500 loss=4.765
  derivmatch lr=0.003 iter=1500/2500 loss=5.183
  derivmatch lr=0.003 iter=1625/2500 loss=5.858
  derivmatch lr=0.003 iter=1750/2500 loss=4.933
  derivmatch lr=0.003 iter=1875/2500 loss=5.637
  derivmatch lr=0.003 iter=2000/2500 loss=4.805
  derivmatch lr=0.003 iter=2125/2500 loss=3.859
  derivmatch lr=0.003 iter=2250/2500 loss=4.727
  derivmatch lr=0.003 iter=2375/2500 loss=4.938
  derivmatch lr=0.003 iter=2500/2500 loss=5.149
  derivmatch lr=0.003 iter=2500/2500 loss=2.854
  derivmatch lr=0.001 iter=125/2500 loss=2.503
  derivmatch lr=0.001 iter=250/2500 loss=1.825
  derivmatch lr=0.001 iter=375/2500 loss=2.106
  derivmatch lr=0.001 iter=500/2500 loss=2.395
  derivmatch lr=0.001 iter=625/2500 loss=1.862
  derivmatch lr=0.001 iter=750/2500 loss=1.456
  derivmatch lr=0.001 iter=875/2500 loss=1.639
  derivmatch lr=0.001 iter=1000/2500 loss=2.017
  derivmatch lr=0.001 iter=1125/2500 loss=2.14
  derivmatch lr=0.001 iter=1250/2500 loss=2.65
  derivmatch lr=0.001 iter=1375/2500 loss=2.771
  derivmatch lr=0.001 iter=1500/2500 loss=2.024
  derivmatch lr=0.001 iter=1625/2500 loss=1.765
  derivmatch lr=0.001 iter=1750/2500 loss=2.385
  derivmatch lr=0.001 iter=1875/2500 loss=2.89
  derivmatch lr=0.001 iter=2000/2500 loss=2.067
  derivmatch lr=0.001 iter=2125/2500 loss=2.216
  derivmatch lr=0.001 iter=2250/2500 loss=1.566
  derivmatch lr=0.001 iter=2375/2500 loss=1.461
  derivmatch lr=0.001 iter=2500/2500 loss=1.594
  derivmatch lr=0.001 iter=2500/2500 loss=0.9477
  derivmatch lr=0.0003 iter=80/1600 loss=0.7724
  derivmatch lr=0.0003 iter=160/1600 loss=0.7741
  derivmatch lr=0.0003 iter=240/1600 loss=0.6898
  derivmatch lr=0.0003 iter=320/1600 loss=0.8344
  derivmatch lr=0.0003 iter=400/1600 loss=0.5981
  derivmatch lr=0.0003 iter=480/1600 loss=0.6289
  derivmatch lr=0.0003 iter=560/1600 loss=0.7233
  derivmatch lr=0.0003 iter=640/1600 loss=0.7587
  derivmatch lr=0.0003 iter=720/1600 loss=0.4967
  derivmatch lr=0.0003 iter=800/1600 loss=0.6888
  derivmatch lr=0.0003 iter=880/1600 loss=0.905
  derivmatch lr=0.0003 iter=960/1600 loss=0.5899
  derivmatch lr=0.0003 iter=1040/1600 loss=0.5587
  derivmatch lr=0.0003 iter=1120/1600 loss=0.7165
  derivmatch lr=0.0003 iter=1200/1600 loss=0.532
  derivmatch lr=0.0003 iter=1280/1600 loss=0.5214
  derivmatch lr=0.0003 iter=1360/1600 loss=0.64
  derivmatch lr=0.0003 iter=1440/1600 loss=0.5226
  derivmatch lr=0.0003 iter=1520/1600 loss=0.6043
  derivmatch lr=0.0003 iter=1600/1600 loss=0.515
  derivmatch lr=0.0003 iter=1600/1600 loss=0.45
derivative matching [23s]  fitloss=0.45
  [derivative matching]  nrmse=0.7883  l2=2.205
  shooting iter=50/1000 loss=0.125
  shooting iter=100/1000 loss=0.09131
  shooting iter=150/1000 loss=0.03745
  shooting iter=200/1000 loss=0.04849
  shooting iter=250/1000 loss=0.04132
  shooting iter=300/1000 loss=0.04502
  shooting iter=350/1000 loss=0.05775
  shooting iter=400/1000 loss=0.04968
  shooting iter=450/1000 loss=0.0437
  shooting iter=500/1000 loss=0.05631
  shooting iter=550/1000 loss=0.04081
  shooting iter=600/1000 loss=0.04483
  shooting iter=650/1000 loss=0.02652
  shooting iter=700/1000 loss=0.03024
  shooting iter=750/1000 loss=0.04452
  shooting iter=800/1000 loss=0.03493
  shooting iter=850/1000 loss=0.04403
  shooting iter=900/1000 loss=0.05612
  shooting iter=950/1000 loss=0.0298
  shooting iter=1000/1000 loss=0.04752
  shooting iter=1000/1000 loss=0.02413
shooting [2382s]  loss=0.0241
  [final]  nrmse=0.06097  l2=0.457
extrapolation window: T=321.8122 -> T_test=643.624  n_test=100
  [train]  E_traj=0.01289  E_VF=0.4478  E_spec=2.163e17
  [test ]  E_traj=9591.0  E_VF=1.211e10  E_spec=1.2930000000000001e29
saved /orcd/home/002/txenakis/projects/BVPsolver/src/../data/runs/run_mpMTNUja/hires_fit.png
saved /orcd/home/002/txenakis/projects/BVPsolver/src/../data/runs/run_mpMTNUja/hires_fit_extrapolated.png
saved /orcd/home/002/txenakis/projects/BVPsolver/src/../data/runs/run_mpMTNUja/hires_spectral_fit_extrapolated.png
saved /orcd/home/002/txenakis/projects/BVPsolver/src/../data/runs/run_mpMTNUja/hires_vf_fit_extrapolated.png
┌ Warning: Attempting to store StiffNN.var"#18#19"{Type{Float64}}.
│ JLD2 only stores functions by name.
│  This may not be useful for anonymous functions.
└ @ JLD2 ~/.julia/packages/JLD2/ADycq/src/data/writing_datatypes.jl:447
saved run → /orcd/home/002/txenakis/projects/BVPsolver/src/../data/runs/run_mpMTNUja
--------------------------------------
Done: Wed Sep 23 16:51:45 EDT 2026
