Task 791/1800: --problem vanderpol --model mlp --profile fast --seed 141 --pretraining derivmatch --training collocation
Logging to /home/txenakis/projects/BVPsolver/logs/run_main_23544358_791.log
vanderpol  model=mlp width=14 d=2 tlen=151 profile=fast seed=141  solver=Kvaerno5  N=282
  derivmatch lr=0.01 iter=170/3400 loss=3.16
  derivmatch lr=0.01 iter=340/3400 loss=2.328
  derivmatch lr=0.01 iter=510/3400 loss=1.993
  derivmatch lr=0.01 iter=680/3400 loss=1.77
  derivmatch lr=0.01 iter=850/3400 loss=1.616
  derivmatch lr=0.01 iter=1020/3400 loss=1.5
  derivmatch lr=0.01 iter=1190/3400 loss=1.409
  derivmatch lr=0.01 iter=1360/3400 loss=1.333
  derivmatch lr=0.01 iter=1530/3400 loss=1.268
  derivmatch lr=0.01 iter=1700/3400 loss=1.21
  derivmatch lr=0.01 iter=1870/3400 loss=1.157
  derivmatch lr=0.01 iter=2040/3400 loss=1.108
  derivmatch lr=0.01 iter=2210/3400 loss=1.063
  derivmatch lr=0.01 iter=2380/3400 loss=1.023
  derivmatch lr=0.01 iter=2550/3400 loss=0.9853
  derivmatch lr=0.01 iter=2720/3400 loss=0.9512
  derivmatch lr=0.01 iter=2890/3400 loss=0.9203
  derivmatch lr=0.01 iter=3060/3400 loss=0.8914
  derivmatch lr=0.01 iter=3230/3400 loss=0.8641
  derivmatch lr=0.01 iter=3400/3400 loss=0.8389
  derivmatch lr=0.01 iter=3400/3400 loss=0.8389
  derivmatch lr=0.003 iter=125/2500 loss=0.8293
  derivmatch lr=0.003 iter=250/2500 loss=0.8197
  derivmatch lr=0.003 iter=375/2500 loss=0.8104
  derivmatch lr=0.003 iter=500/2500 loss=0.8012
  derivmatch lr=0.003 iter=625/2500 loss=0.7922
  derivmatch lr=0.003 iter=750/2500 loss=0.7834
  derivmatch lr=0.003 iter=875/2500 loss=0.7747
  derivmatch lr=0.003 iter=1000/2500 loss=0.7661
  derivmatch lr=0.003 iter=1125/2500 loss=0.7576
  derivmatch lr=0.003 iter=1250/2500 loss=0.7493
  derivmatch lr=0.003 iter=1375/2500 loss=0.741
  derivmatch lr=0.003 iter=1500/2500 loss=0.7329
  derivmatch lr=0.003 iter=1625/2500 loss=0.7248
  derivmatch lr=0.003 iter=1750/2500 loss=0.7169
  derivmatch lr=0.003 iter=1875/2500 loss=0.709
  derivmatch lr=0.003 iter=2000/2500 loss=0.7013
  derivmatch lr=0.003 iter=2125/2500 loss=0.6937
  derivmatch lr=0.003 iter=2250/2500 loss=0.6863
  derivmatch lr=0.003 iter=2375/2500 loss=0.6791
  derivmatch lr=0.003 iter=2500/2500 loss=0.6721
  derivmatch lr=0.003 iter=2500/2500 loss=0.6721
  derivmatch lr=0.001 iter=125/2500 loss=0.6699
  derivmatch lr=0.001 iter=250/2500 loss=0.6674
  derivmatch lr=0.001 iter=375/2500 loss=0.6648
  derivmatch lr=0.001 iter=500/2500 loss=0.6621
  derivmatch lr=0.001 iter=625/2500 loss=0.6594
  derivmatch lr=0.001 iter=750/2500 loss=0.6565
  derivmatch lr=0.001 iter=875/2500 loss=0.6536
  derivmatch lr=0.001 iter=1000/2500 loss=0.6507
  derivmatch lr=0.001 iter=1125/2500 loss=0.6477
  derivmatch lr=0.001 iter=1250/2500 loss=0.6446
  derivmatch lr=0.001 iter=1375/2500 loss=0.6416
  derivmatch lr=0.001 iter=1500/2500 loss=0.6386
  derivmatch lr=0.001 iter=1625/2500 loss=0.6357
  derivmatch lr=0.001 iter=1750/2500 loss=0.6328
  derivmatch lr=0.001 iter=1875/2500 loss=0.63
  derivmatch lr=0.001 iter=2000/2500 loss=0.6272
  derivmatch lr=0.001 iter=2125/2500 loss=0.6244
  derivmatch lr=0.001 iter=2250/2500 loss=0.6217
  derivmatch lr=0.001 iter=2375/2500 loss=0.6191
  derivmatch lr=0.001 iter=2500/2500 loss=0.6165
  derivmatch lr=0.001 iter=2500/2500 loss=0.6165
  derivmatch lr=0.0003 iter=80/1600 loss=0.6161
  derivmatch lr=0.0003 iter=160/1600 loss=0.6157
  derivmatch lr=0.0003 iter=240/1600 loss=0.6152
  derivmatch lr=0.0003 iter=320/1600 loss=0.6147
  derivmatch lr=0.0003 iter=400/1600 loss=0.6141
  derivmatch lr=0.0003 iter=480/1600 loss=0.6136
  derivmatch lr=0.0003 iter=560/1600 loss=0.613
  derivmatch lr=0.0003 iter=640/1600 loss=0.6124
  derivmatch lr=0.0003 iter=720/1600 loss=0.6118
  derivmatch lr=0.0003 iter=800/1600 loss=0.6112
  derivmatch lr=0.0003 iter=880/1600 loss=0.6106
  derivmatch lr=0.0003 iter=960/1600 loss=0.6099
  derivmatch lr=0.0003 iter=1040/1600 loss=0.6093
  derivmatch lr=0.0003 iter=1120/1600 loss=0.6086
  derivmatch lr=0.0003 iter=1200/1600 loss=0.6079
  derivmatch lr=0.0003 iter=1280/1600 loss=0.6073
  derivmatch lr=0.0003 iter=1360/1600 loss=0.6066
  derivmatch lr=0.0003 iter=1440/1600 loss=0.6059
  derivmatch lr=0.0003 iter=1520/1600 loss=0.6052
  derivmatch lr=0.0003 iter=1600/1600 loss=0.6045
  derivmatch lr=0.0003 iter=1600/1600 loss=0.6045
derivative matching [24s]  fitloss=0.604
  [derivative matching]  nrmse=0.3458  l2=325.4
  collocation: M=163 residuals=1274  detecting sparsity + solving...

Algorithm: LevenbergMarquardt(
    trustregion = LevenbergMarquardtTrustRegion(
        β_uphill = 0.0
    ),
    descent = GeodesicAcceleration(
        descent = DampedNewtonDescent(
            linsolve = KLUFactorization(
                reuse_symbolic = true,
                check_pattern = true
            ),
            initial_damping = 1.0,
            damping_fn = LevenbergMarquardtDampingFunction(
                increase_factor = 2.0,
                decrease_factor = 3.0,
                min_damping = 1.0e-8
            ),
            min_norm_mode = :auto
        ),
        finite_diff_step_geodesic = 0.1,
        α = 0.75
    ),
    autodiff = AutoForwardDiff(),
    vjp_autodiff = AutoFiniteDiff(
        fdtype = Val{:forward}(),
        fdjtype = Val{:forward}(),
        fdhtype = Val{:hcentral}(),
        dir = true
    ),
    jvp_autodiff = AutoForwardDiff(),
    concrete_jac = Val{true}()
)

----    	-------------       	-----------         
Iter    	f(u) 2-norm         	Step 2-norm         
----    	-------------       	-----------         
0       	6.30317087e+02      	NaN                 
1       	6.30317087e+02      	0.00000000e+00      
8       	6.30317087e+02      	0.00000000e+00      
15      	6.22210774e+02      	3.80840209e+00      
22      	6.08616945e+02      	0.00000000e+00      
29      	6.01546188e+02      	0.00000000e+00      
36      	5.94657176e+02      	0.00000000e+00      
43      	5.72577480e+02      	5.07930062e+00      
50      	5.61419814e+02      	2.16732798e+00      
57      	4.95708947e+02      	0.00000000e+00      
64      	4.34284117e+02      	6.31202535e-01      
71      	4.20822200e+02      	0.00000000e+00      
78      	3.70158121e+02      	0.00000000e+00      
85      	3.26415613e+02      	2.46195133e+00      
92      	3.07580354e+02      	1.12443448e+00      
99      	2.75121867e+02      	0.00000000e+00      
106     	2.46566650e+02      	0.00000000e+00      
113     	2.37992701e+02      	0.00000000e+00      
120     	1.55191810e+02      	1.14174609e+00      
127     	1.50860889e+02      	0.00000000e+00      
134     	1.47278128e+02      	2.70958780e+00      
141     	1.41252985e+02      	4.71989347e-01      
148     	1.21552422e+02      	0.00000000e+00      
Final   	1.21552422e+02      
----------------------      
  AMR 1/1: M=163  err=1980.0  obs=0.0254  nrmse=0.348  best=0.346  refined=0
 derivative matching was best (1/1 rounds ran)
collocation [29s]
  [final]  nrmse=0.3458  l2=325.4
extrapolation window: T=200.0 -> T_test=400.0  n_test=302
  [train]  E_traj=1.214  E_VF=0.7645  E_spec=0.7216
  [test ]  E_traj=4004.0  E_VF=0.5503  E_spec=0.6378
saved /orcd/home/002/txenakis/projects/BVPsolver/src/../data/runs/run_xKBElif1/vanderpol_fit.png
saved /orcd/home/002/txenakis/projects/BVPsolver/src/../data/runs/run_xKBElif1/vanderpol_fit_extrapolated.png
saved /orcd/home/002/txenakis/projects/BVPsolver/src/../data/runs/run_xKBElif1/vanderpol_spectral_fit_extrapolated.png
saved /orcd/home/002/txenakis/projects/BVPsolver/src/../data/runs/run_xKBElif1/vanderpol_vf_fit_extrapolated.png
┌ Warning: Attempting to store StiffNN.var"#14#15"{Float64}.
│ JLD2 only stores functions by name.
│  This may not be useful for anonymous functions.
└ @ JLD2 ~/.julia/packages/JLD2/ADycq/src/data/writing_datatypes.jl:447
saved run → /orcd/home/002/txenakis/projects/BVPsolver/src/../data/runs/run_xKBElif1
--------------------------------------
Done: Wed Sep 23 10:33:42 EDT 2026
