Task 54/600: --problem davis-skodje --param 1e-1 --model GELU-scaled --profile fast --seed 304 --pretraining derivmatch --training shooting
Logging to /home/txenakis/projects/BVPsolver/logs/run_main_23642156_54.log
davis-skodje  model=GELU-scaled width=7 d=2 tlen=300 profile=fast seed=304  solver=Rodas5P  N=317
  derivmatch lr=0.01 iter=170/3400 loss=0.4081
  derivmatch lr=0.01 iter=340/3400 loss=0.3341
  derivmatch lr=0.01 iter=510/3400 loss=0.3022
  derivmatch lr=0.01 iter=680/3400 loss=0.01946
  derivmatch lr=0.01 iter=850/3400 loss=0.01473
  derivmatch lr=0.01 iter=1020/3400 loss=0.01966
  derivmatch lr=0.01 iter=1190/3400 loss=0.00658
  derivmatch lr=0.01 iter=1360/3400 loss=0.006862
  derivmatch lr=0.01 iter=1530/3400 loss=0.01068
  derivmatch lr=0.01 iter=1700/3400 loss=0.002604
  derivmatch lr=0.01 iter=1870/3400 loss=0.004392
  derivmatch lr=0.01 iter=2040/3400 loss=0.007135
  derivmatch lr=0.01 iter=2210/3400 loss=0.001489
  derivmatch lr=0.01 iter=2380/3400 loss=0.003448
  derivmatch lr=0.01 iter=2550/3400 loss=0.005334
  derivmatch lr=0.01 iter=2720/3400 loss=0.0008689
  derivmatch lr=0.01 iter=2890/3400 loss=0.002908
  derivmatch lr=0.01 iter=3060/3400 loss=0.004103
  derivmatch lr=0.01 iter=3230/3400 loss=0.0004926
  derivmatch lr=0.01 iter=3400/3400 loss=0.002642
  derivmatch lr=0.01 iter=3400/3400 loss=0.0004007
  derivmatch lr=0.003 iter=125/2500 loss=0.0004258
  derivmatch lr=0.003 iter=250/2500 loss=0.0001652
  derivmatch lr=0.003 iter=375/2500 loss=0.0001085
  derivmatch lr=0.003 iter=500/2500 loss=8.725e-5
  derivmatch lr=0.003 iter=625/2500 loss=7.419e-5
  derivmatch lr=0.003 iter=750/2500 loss=0.0005578
  derivmatch lr=0.003 iter=875/2500 loss=0.0002406
  derivmatch lr=0.003 iter=1000/2500 loss=7.914e-5
  derivmatch lr=0.003 iter=1125/2500 loss=0.0001942
  derivmatch lr=0.003 iter=1250/2500 loss=0.0003663
  derivmatch lr=0.003 iter=1375/2500 loss=0.0001367
  derivmatch lr=0.003 iter=1500/2500 loss=0.0006201
  derivmatch lr=0.003 iter=1625/2500 loss=0.0003279
  derivmatch lr=0.003 iter=1750/2500 loss=0.0003328
  derivmatch lr=0.003 iter=1875/2500 loss=0.0001873
  derivmatch lr=0.003 iter=2000/2500 loss=0.0001218
  derivmatch lr=0.003 iter=2125/2500 loss=6.201e-5
  derivmatch lr=0.003 iter=2250/2500 loss=4.082e-5
  derivmatch lr=0.003 iter=2375/2500 loss=3.922e-5
  derivmatch lr=0.003 iter=2500/2500 loss=0.0004287
  derivmatch lr=0.003 iter=2500/2500 loss=3.768e-5
  derivmatch lr=0.001 iter=125/2500 loss=3.898e-5
  derivmatch lr=0.001 iter=250/2500 loss=3.533e-5
  derivmatch lr=0.001 iter=375/2500 loss=3.381e-5
  derivmatch lr=0.001 iter=500/2500 loss=3.269e-5
  derivmatch lr=0.001 iter=625/2500 loss=3.162e-5
  derivmatch lr=0.001 iter=750/2500 loss=3.055e-5
  derivmatch lr=0.001 iter=875/2500 loss=2.948e-5
  derivmatch lr=0.001 iter=1000/2500 loss=2.842e-5
  derivmatch lr=0.001 iter=1125/2500 loss=2.738e-5
  derivmatch lr=0.001 iter=1250/2500 loss=2.635e-5
  derivmatch lr=0.001 iter=1375/2500 loss=2.536e-5
  derivmatch lr=0.001 iter=1500/2500 loss=2.44e-5
  derivmatch lr=0.001 iter=1625/2500 loss=0.000181
  derivmatch lr=0.001 iter=1750/2500 loss=2.313e-5
  derivmatch lr=0.001 iter=1875/2500 loss=2.236e-5
  derivmatch lr=0.001 iter=2000/2500 loss=0.0004629
  derivmatch lr=0.001 iter=2125/2500 loss=2.121e-5
  derivmatch lr=0.001 iter=2250/2500 loss=0.0001114
  derivmatch lr=0.001 iter=2375/2500 loss=2.012e-5
  derivmatch lr=0.001 iter=2500/2500 loss=2.012e-5
  derivmatch lr=0.001 iter=2500/2500 loss=1.988e-5
  derivmatch lr=0.0003 iter=80/1600 loss=2.04e-5
  derivmatch lr=0.0003 iter=160/1600 loss=1.98e-5
  derivmatch lr=0.0003 iter=240/1600 loss=1.97e-5
  derivmatch lr=0.0003 iter=320/1600 loss=1.959e-5
  derivmatch lr=0.0003 iter=400/1600 loss=1.948e-5
  derivmatch lr=0.0003 iter=480/1600 loss=1.935e-5
  derivmatch lr=0.0003 iter=560/1600 loss=1.921e-5
  derivmatch lr=0.0003 iter=640/1600 loss=1.906e-5
  derivmatch lr=0.0003 iter=720/1600 loss=1.89e-5
  derivmatch lr=0.0003 iter=800/1600 loss=1.873e-5
  derivmatch lr=0.0003 iter=880/1600 loss=1.855e-5
  derivmatch lr=0.0003 iter=960/1600 loss=1.837e-5
  derivmatch lr=0.0003 iter=1040/1600 loss=1.818e-5
  derivmatch lr=0.0003 iter=1120/1600 loss=1.798e-5
  derivmatch lr=0.0003 iter=1200/1600 loss=1.777e-5
  derivmatch lr=0.0003 iter=1280/1600 loss=1.755e-5
  derivmatch lr=0.0003 iter=1360/1600 loss=1.733e-5
  derivmatch lr=0.0003 iter=1440/1600 loss=1.711e-5
  derivmatch lr=0.0003 iter=1520/1600 loss=1.688e-5
  derivmatch lr=0.0003 iter=1600/1600 loss=1.664e-5
  derivmatch lr=0.0003 iter=1600/1600 loss=1.664e-5
derivative matching [28s]  fitloss=1.66e-5
  [derivative matching]  nrmse=0.0002024  l2=0.008635
  shooting iter=50/1000 loss=0.001391
  shooting iter=100/1000 loss=0.0007851
  shooting iter=150/1000 loss=0.0006144
  shooting iter=200/1000 loss=0.0006892
  shooting iter=250/1000 loss=0.001079
  shooting iter=300/1000 loss=0.001371
  shooting iter=350/1000 loss=0.00046
  shooting iter=400/1000 loss=0.0005389
  shooting iter=450/1000 loss=0.0009901
  shooting iter=500/1000 loss=0.0006078
  shooting iter=550/1000 loss=0.0006107
  shooting iter=600/1000 loss=0.0005603
  shooting iter=650/1000 loss=0.0007084
  shooting iter=700/1000 loss=0.0008607
  shooting iter=750/1000 loss=0.0003379
  shooting iter=800/1000 loss=0.0009148
  shooting iter=850/1000 loss=0.0008786
  shooting iter=900/1000 loss=0.0005288
  shooting iter=950/1000 loss=0.0006599
  shooting iter=1000/1000 loss=0.000357
  shooting iter=1000/1000 loss=0.0001085
shooting [413s]  loss=0.000109
  [final]  nrmse=0.0002024  l2=0.008635
extrapolation window: T=15.0 -> T_test=30.0  n_test=600
  [train]  E_traj=7.425e-8  E_VF=4.376e-6  E_spec=0.3279
  [test ]  E_traj=2.186e6  E_VF=6195.0  E_spec=0.8837
saved /orcd/home/002/txenakis/projects/BVPsolver/src/../data/runs/run_swnrkzhV/davis-skodje_fit.png
saved /orcd/home/002/txenakis/projects/BVPsolver/src/../data/runs/run_swnrkzhV/davis-skodje_fit_extrapolated.png
saved /orcd/home/002/txenakis/projects/BVPsolver/src/../data/runs/run_swnrkzhV/davis-skodje_spectral_fit_extrapolated.png
saved /orcd/home/002/txenakis/projects/BVPsolver/src/../data/runs/run_swnrkzhV/davis-skodje_vf_fit_extrapolated.png
┌ Warning: Attempting to store StiffNN.var"#22#23"{Float64}.
│ JLD2 only stores functions by name.
│  This may not be useful for anonymous functions.
└ @ JLD2 ~/.julia/packages/JLD2/ADycq/src/data/writing_datatypes.jl:447
saved run → /orcd/home/002/txenakis/projects/BVPsolver/src/../data/runs/run_swnrkzhV
--------------------------------------
Done: Thu Sep 24 07:56:45 EDT 2026
