Task 962/1800: --problem hires --model stiff --profile fast --seed 112 --pretraining derivmatch --training collocation
Logging to /home/txenakis/projects/BVPsolver/logs/run_main_23553922_962.log
hires  model=stiff width=16 d=8 tlen=50 profile=fast seed=112  solver=Rodas5  N=816
  derivmatch lr=0.01 iter=170/3400 loss=0.1277
  derivmatch lr=0.01 iter=340/3400 loss=0.03337
  derivmatch lr=0.01 iter=510/3400 loss=0.01831
  derivmatch lr=0.01 iter=680/3400 loss=0.01139
  derivmatch lr=0.01 iter=850/3400 loss=0.00906
  derivmatch lr=0.01 iter=1020/3400 loss=0.008377
  derivmatch lr=0.01 iter=1190/3400 loss=0.006804
  derivmatch lr=0.01 iter=1360/3400 loss=0.007303
  derivmatch lr=0.01 iter=1530/3400 loss=0.0056
  derivmatch lr=0.01 iter=1700/3400 loss=0.004958
  derivmatch lr=0.01 iter=1870/3400 loss=0.00461
  derivmatch lr=0.01 iter=2040/3400 loss=0.004555
  derivmatch lr=0.01 iter=2210/3400 loss=0.004057
  derivmatch lr=0.01 iter=2380/3400 loss=0.003824
  derivmatch lr=0.01 iter=2550/3400 loss=0.003521
  derivmatch lr=0.01 iter=2720/3400 loss=0.003321
  derivmatch lr=0.01 iter=2890/3400 loss=0.002992
  derivmatch lr=0.01 iter=3060/3400 loss=0.003008
  derivmatch lr=0.01 iter=3230/3400 loss=0.003008
  derivmatch lr=0.01 iter=3400/3400 loss=0.002665
  derivmatch lr=0.01 iter=3400/3400 loss=0.001832
  derivmatch lr=0.003 iter=125/2500 loss=0.001755
  derivmatch lr=0.003 iter=250/2500 loss=0.001603
  derivmatch lr=0.003 iter=375/2500 loss=0.001466
  derivmatch lr=0.003 iter=500/2500 loss=0.001336
  derivmatch lr=0.003 iter=625/2500 loss=0.001216
  derivmatch lr=0.003 iter=750/2500 loss=0.001108
  derivmatch lr=0.003 iter=875/2500 loss=0.001013
  derivmatch lr=0.003 iter=1000/2500 loss=0.0009292
  derivmatch lr=0.003 iter=1125/2500 loss=0.0008553
  derivmatch lr=0.003 iter=1250/2500 loss=0.001002
  derivmatch lr=0.003 iter=1375/2500 loss=0.000736
  derivmatch lr=0.003 iter=1500/2500 loss=0.0006831
  derivmatch lr=0.003 iter=1625/2500 loss=0.0006332
  derivmatch lr=0.003 iter=1750/2500 loss=0.000591
  derivmatch lr=0.003 iter=1875/2500 loss=0.0007021
  derivmatch lr=0.003 iter=2000/2500 loss=0.000527
  derivmatch lr=0.003 iter=2125/2500 loss=0.0005141
  derivmatch lr=0.003 iter=2250/2500 loss=0.0004851
  derivmatch lr=0.003 iter=2375/2500 loss=0.0005021
  derivmatch lr=0.003 iter=2500/2500 loss=0.0005277
  derivmatch lr=0.003 iter=2500/2500 loss=0.0004278
  derivmatch lr=0.001 iter=125/2500 loss=0.0004258
  derivmatch lr=0.001 iter=250/2500 loss=0.000417
  derivmatch lr=0.001 iter=375/2500 loss=0.000408
  derivmatch lr=0.001 iter=500/2500 loss=0.0003982
  derivmatch lr=0.001 iter=625/2500 loss=0.0003878
  derivmatch lr=0.001 iter=750/2500 loss=0.0003768
  derivmatch lr=0.001 iter=875/2500 loss=0.0003756
  derivmatch lr=0.001 iter=1000/2500 loss=0.0003556
  derivmatch lr=0.001 iter=1125/2500 loss=0.0003448
  derivmatch lr=0.001 iter=1250/2500 loss=0.0003347
  derivmatch lr=0.001 iter=1375/2500 loss=0.000324
  derivmatch lr=0.001 iter=1500/2500 loss=0.0003146
  derivmatch lr=0.001 iter=1625/2500 loss=0.000304
  derivmatch lr=0.001 iter=1750/2500 loss=0.0002949
  derivmatch lr=0.001 iter=1875/2500 loss=0.000285
  derivmatch lr=0.001 iter=2000/2500 loss=0.0002767
  derivmatch lr=0.001 iter=2125/2500 loss=0.0002714
  derivmatch lr=0.001 iter=2250/2500 loss=0.0002713
  derivmatch lr=0.001 iter=2375/2500 loss=0.0002533
  derivmatch lr=0.001 iter=2500/2500 loss=0.0002465
  derivmatch lr=0.001 iter=2500/2500 loss=0.0002464
  derivmatch lr=0.0003 iter=80/1600 loss=0.0002463
  derivmatch lr=0.0003 iter=160/1600 loss=0.000245
  derivmatch lr=0.0003 iter=240/1600 loss=0.0002438
  derivmatch lr=0.0003 iter=320/1600 loss=0.0002424
  derivmatch lr=0.0003 iter=400/1600 loss=0.0002408
  derivmatch lr=0.0003 iter=480/1600 loss=0.0002391
  derivmatch lr=0.0003 iter=560/1600 loss=0.0002372
  derivmatch lr=0.0003 iter=640/1600 loss=0.0002353
  derivmatch lr=0.0003 iter=720/1600 loss=0.0002367
  derivmatch lr=0.0003 iter=800/1600 loss=0.000231
  derivmatch lr=0.0003 iter=880/1600 loss=0.0002288
  derivmatch lr=0.0003 iter=960/1600 loss=0.0002269
  derivmatch lr=0.0003 iter=1040/1600 loss=0.0002242
  derivmatch lr=0.0003 iter=1120/1600 loss=0.000222
  derivmatch lr=0.0003 iter=1200/1600 loss=0.0002196
  derivmatch lr=0.0003 iter=1280/1600 loss=0.0002173
  derivmatch lr=0.0003 iter=1360/1600 loss=0.0002148
  derivmatch lr=0.0003 iter=1440/1600 loss=0.000213
  derivmatch lr=0.0003 iter=1520/1600 loss=0.0002101
  derivmatch lr=0.0003 iter=1600/1600 loss=0.0002101
  derivmatch lr=0.0003 iter=1600/1600 loss=0.0002079
derivative matching [31s]  fitloss=0.000208
  [derivative matching]  nrmse=0.06585  l2=0.854
  collocation: M=75 residuals=2176  detecting sparsity + solving...

Algorithm: LevenbergMarquardt(
    trustregion = LevenbergMarquardtTrustRegion(
        β_uphill = 0.0
    ),
    descent = GeodesicAcceleration(
        descent = DampedNewtonDescent(
            linsolve = QRFactorization(
                pivot = NoPivot(),
                blocksize = 16,
                inplace = true
            ),
            initial_damping = 1.0,
            damping_fn = LevenbergMarquardtDampingFunction(
                increase_factor = 2.0,
                decrease_factor = 3.0,
                min_damping = 1.0e-8
            ),
            min_norm_mode = :auto
        ),
        finite_diff_step_geodesic = 0.1,
        α = 0.75
    ),
    autodiff = AutoForwardDiff(),
    vjp_autodiff = AutoFiniteDiff(
        fdtype = Val{:forward}(),
        fdjtype = Val{:forward}(),
        fdhtype = Val{:hcentral}(),
        dir = true
    ),
    jvp_autodiff = AutoForwardDiff(),
    concrete_jac = Val{true}()
)

----    	-------------       	-----------         
Iter    	f(u) 2-norm         	Step 2-norm         
----    	-------------       	-----------         
0       	4.47268282e+02      	NaN                 
1       	2.65563523e+02      	5.80880271e-02      
8       	7.97693737e+01      	1.17141259e-01      
15      	1.55386632e+01      	5.44884673e-01      
22      	1.18132844e+00      	0.00000000e+00      
29      	5.27661229e+00      	9.20060071e-01      
36      	8.67698513e-01      	5.85891753e-01      
43      	2.05440881e+00      	0.00000000e+00      
50      	2.24976961e+00      	0.00000000e+00      
57      	9.66321642e+00      	0.00000000e+00      
64      	2.30600806e+00      	7.91039906e-01      
71      	2.10382622e+00      	9.71658667e-01      
78      	4.57367903e+00      	7.38711219e-01      
85      	1.58909226e+00      	5.38327992e-01      
92      	1.94025236e-04      	3.41116596e-02      
99      	1.17086425e-03      	4.30408477e-02      
106     	9.10079212e-05      	1.84428989e-02      
113     	9.36623255e-05      	1.36368362e-02      
120     	1.84646113e-03      	5.25291411e-02      
127     	2.47428676e-04      	2.30012619e-02      
134     	1.51913798e-04      	2.14224518e-02      
141     	2.44002908e-04      	2.86906198e-02      
148     	1.13134064e-04      	2.28331854e-02      
Final   	8.51225366e-05      
----------------------      
  AMR 1/1: M=75  err=8.0e-10  obs=3.19e-6  nrmse=0.0005  best=0.0005  refined=0
collocation [169s]
  [final]  nrmse=0.0004996  l2=0.001258
extrapolation window: T=321.8122 -> T_test=643.624  n_test=100
  [train]  E_traj=6.145e-7  E_VF=0.0003313  E_spec=2.719e18
  [test ]  E_traj=873700.0  E_VF=1.444e7  E_spec=2.407e28
saved /orcd/home/002/txenakis/projects/BVPsolver/src/../data/runs/run_whlMxokB/hires_fit.png
saved /orcd/home/002/txenakis/projects/BVPsolver/src/../data/runs/run_whlMxokB/hires_fit_extrapolated.png
saved /orcd/home/002/txenakis/projects/BVPsolver/src/../data/runs/run_whlMxokB/hires_spectral_fit_extrapolated.png
saved /orcd/home/002/txenakis/projects/BVPsolver/src/../data/runs/run_whlMxokB/hires_vf_fit_extrapolated.png
┌ Warning: Attempting to store StiffNN.var"#18#19"{Type{Float64}}.
│ JLD2 only stores functions by name.
│  This may not be useful for anonymous functions.
└ @ JLD2 ~/.julia/packages/JLD2/ADycq/src/data/writing_datatypes.jl:447
saved run → /orcd/home/002/txenakis/projects/BVPsolver/src/../data/runs/run_whlMxokB
--------------------------------------
Done: Wed Sep 23 15:33:47 EDT 2026
