Task 300/600: --problem davis-skodje --param 1e-4 --model stiff --profile fast --seed 300 --pretraining derivmatch --training collocation
Logging to /home/txenakis/projects/BVPsolver/logs/run_main_23642156_300.log
davis-skodje  model=stiff width=12 d=2 tlen=300 profile=fast seed=300  solver=Rodas5P  N=268
  derivmatch lr=0.01 iter=170/3400 loss=0.6156
  derivmatch lr=0.01 iter=340/3400 loss=0.501
  derivmatch lr=0.01 iter=510/3400 loss=0.586
  derivmatch lr=0.01 iter=680/3400 loss=0.3512
  derivmatch lr=0.01 iter=850/3400 loss=0.353
  derivmatch lr=0.01 iter=1020/3400 loss=0.5061
  derivmatch lr=0.01 iter=1190/3400 loss=0.2568
  derivmatch lr=0.01 iter=1360/3400 loss=0.2794
  derivmatch lr=0.01 iter=1530/3400 loss=0.4128
  derivmatch lr=0.01 iter=1700/3400 loss=0.1935
  derivmatch lr=0.01 iter=1870/3400 loss=0.2184
  derivmatch lr=0.01 iter=2040/3400 loss=0.3096
  derivmatch lr=0.01 iter=2210/3400 loss=0.1419
  derivmatch lr=0.01 iter=2380/3400 loss=0.1685
  derivmatch lr=0.01 iter=2550/3400 loss=0.2269
  derivmatch lr=0.01 iter=2720/3400 loss=0.101
  derivmatch lr=0.01 iter=2890/3400 loss=0.1323
  derivmatch lr=0.01 iter=3060/3400 loss=0.1875
  derivmatch lr=0.01 iter=3230/3400 loss=0.07964
  derivmatch lr=0.01 iter=3400/3400 loss=0.1143
  derivmatch lr=0.01 iter=3400/3400 loss=0.075
  derivmatch lr=0.003 iter=125/2500 loss=0.05371
  derivmatch lr=0.003 iter=250/2500 loss=0.07842
  derivmatch lr=0.003 iter=375/2500 loss=0.03583
  derivmatch lr=0.003 iter=500/2500 loss=0.04211
  derivmatch lr=0.003 iter=625/2500 loss=0.04251
  derivmatch lr=0.003 iter=750/2500 loss=0.0398
  derivmatch lr=0.003 iter=875/2500 loss=0.03988
  derivmatch lr=0.003 iter=1000/2500 loss=0.03765
  derivmatch lr=0.003 iter=1125/2500 loss=0.03805
  derivmatch lr=0.003 iter=1250/2500 loss=0.03605
  derivmatch lr=0.003 iter=1375/2500 loss=0.03663
  derivmatch lr=0.003 iter=1500/2500 loss=0.03478
  derivmatch lr=0.003 iter=1625/2500 loss=0.03546
  derivmatch lr=0.003 iter=1750/2500 loss=0.03372
  derivmatch lr=0.003 iter=1875/2500 loss=0.03447
  derivmatch lr=0.003 iter=2000/2500 loss=0.03281
  derivmatch lr=0.003 iter=2125/2500 loss=0.03361
  derivmatch lr=0.003 iter=2250/2500 loss=0.03201
  derivmatch lr=0.003 iter=2375/2500 loss=0.03284
  derivmatch lr=0.003 iter=2500/2500 loss=0.03129
  derivmatch lr=0.003 iter=2500/2500 loss=0.03129
  derivmatch lr=0.001 iter=125/2500 loss=0.01593
  derivmatch lr=0.001 iter=250/2500 loss=0.01445
  derivmatch lr=0.001 iter=375/2500 loss=0.01301
  derivmatch lr=0.001 iter=500/2500 loss=0.01546
  derivmatch lr=0.001 iter=625/2500 loss=0.01247
  derivmatch lr=0.001 iter=750/2500 loss=0.02183
  derivmatch lr=0.001 iter=875/2500 loss=0.009621
  derivmatch lr=0.001 iter=1000/2500 loss=0.01055
  derivmatch lr=0.001 iter=1125/2500 loss=0.008592
  derivmatch lr=0.001 iter=1250/2500 loss=0.008724
  derivmatch lr=0.001 iter=1375/2500 loss=0.01359
  derivmatch lr=0.001 iter=1500/2500 loss=0.007357
  derivmatch lr=0.001 iter=1625/2500 loss=0.01652
  derivmatch lr=0.001 iter=1750/2500 loss=0.0148
  derivmatch lr=0.001 iter=1875/2500 loss=0.006476
  derivmatch lr=0.001 iter=2000/2500 loss=0.006209
  derivmatch lr=0.001 iter=2125/2500 loss=0.006022
  derivmatch lr=0.001 iter=2250/2500 loss=0.0076
  derivmatch lr=0.001 iter=2375/2500 loss=0.009938
  derivmatch lr=0.001 iter=2500/2500 loss=0.009428
  derivmatch lr=0.001 iter=2500/2500 loss=0.005918
  derivmatch lr=0.0003 iter=80/1600 loss=0.005996
  derivmatch lr=0.0003 iter=160/1600 loss=0.005864
  derivmatch lr=0.0003 iter=240/1600 loss=0.005792
  derivmatch lr=0.0003 iter=320/1600 loss=0.005709
  derivmatch lr=0.0003 iter=400/1600 loss=0.005618
  derivmatch lr=0.0003 iter=480/1600 loss=0.00552
  derivmatch lr=0.0003 iter=560/1600 loss=0.005417
  derivmatch lr=0.0003 iter=640/1600 loss=0.00531
  derivmatch lr=0.0003 iter=720/1600 loss=0.0052
  derivmatch lr=0.0003 iter=800/1600 loss=0.005088
  derivmatch lr=0.0003 iter=880/1600 loss=0.004974
  derivmatch lr=0.0003 iter=960/1600 loss=0.00486
  derivmatch lr=0.0003 iter=1040/1600 loss=0.004746
  derivmatch lr=0.0003 iter=1120/1600 loss=0.004634
  derivmatch lr=0.0003 iter=1200/1600 loss=0.004522
  derivmatch lr=0.0003 iter=1280/1600 loss=0.004414
  derivmatch lr=0.0003 iter=1360/1600 loss=0.004355
  derivmatch lr=0.0003 iter=1440/1600 loss=0.004248
  derivmatch lr=0.0003 iter=1520/1600 loss=0.004159
  derivmatch lr=0.0003 iter=1600/1600 loss=0.004072
  derivmatch lr=0.0003 iter=1600/1600 loss=0.004072
derivative matching [30s]  fitloss=0.00407
  [derivative matching]  nrmse=0.03012  l2=1.118
  collocation: M=304 residuals=2418  detecting sparsity + solving...

Algorithm: LevenbergMarquardt(
    trustregion = LevenbergMarquardtTrustRegion(
        β_uphill = 0.0
    ),
    descent = GeodesicAcceleration(
        descent = DampedNewtonDescent(
            linsolve = KLUFactorization(
                reuse_symbolic = true,
                check_pattern = true
            ),
            initial_damping = 1.0,
            damping_fn = LevenbergMarquardtDampingFunction(
                increase_factor = 2.0,
                decrease_factor = 3.0,
                min_damping = 1.0e-8
            ),
            min_norm_mode = :auto
        ),
        finite_diff_step_geodesic = 0.1,
        α = 0.75
    ),
    autodiff = AutoForwardDiff(),
    vjp_autodiff = AutoFiniteDiff(
        fdtype = Val{:forward}(),
        fdjtype = Val{:forward}(),
        fdhtype = Val{:hcentral}(),
        dir = true
    ),
    jvp_autodiff = AutoForwardDiff(),
    concrete_jac = Val{true}()
)

----    	-------------       	-----------         
Iter    	f(u) 2-norm         	Step 2-norm         
----    	-------------       	-----------         
0       	2.50295123e+02      	2.84990751e-310     
1       	2.50295123e+02      	0.00000000e+00      
8       	4.05510779e+00      	6.62878574e-02      
15      	1.21427403e-01      	4.82379211e-02      
22      	3.54059611e+00      	3.12855787e-01      
29      	2.07510659e+01      	0.00000000e+00      
36      	3.41355023e+00      	0.00000000e+00      
43      	3.41355023e+00      	0.00000000e+00      
50      	5.88329587e-01      	2.60105854e-01      
57      	4.43203362e+02      	2.07600272e+00      
64      	6.51566486e+02      	0.00000000e+00      
71      	5.53096152e-02      	2.38112198e-01      
78      	6.48870972e+00      	7.87638646e-01      
85      	1.86980041e+00      	5.58531612e-01      
92      	3.37920192e-01      	0.00000000e+00      
99      	2.30103957e+01      	0.00000000e+00      
106     	1.03852484e-01      	0.00000000e+00      
113     	6.58690669e-02      	0.00000000e+00      
120     	2.97315522e-01      	4.94450404e-01      
127     	3.17407501e-02      	3.06221114e-01      
134     	1.32865249e-03      	1.19323100e-01      
141     	4.13476471e+00      	9.23637341e-01      
148     	6.40743828e-02      	0.00000000e+00      
Final   	9.34971224e-04      
----------------------      
  AMR 1/3: M=304  err=7.06e-8  obs=2.88e-6  nrmse=0.000731  best=0.000731  refined=3
  collocation: M=311 residuals=2460  detecting sparsity + solving...

Algorithm: LevenbergMarquardt(
    trustregion = LevenbergMarquardtTrustRegion(
        β_uphill = 0.0
    ),
    descent = GeodesicAcceleration(
        descent = DampedNewtonDescent(
            linsolve = KLUFactorization(
                reuse_symbolic = true,
                check_pattern = true
            ),
            initial_damping = 1.0,
            damping_fn = LevenbergMarquardtDampingFunction(
                increase_factor = 2.0,
                decrease_factor = 3.0,
                min_damping = 1.0e-8
            ),
            min_norm_mode = :auto
        ),
        finite_diff_step_geodesic = 0.1,
        α = 0.75
    ),
    autodiff = AutoForwardDiff(),
    vjp_autodiff = AutoFiniteDiff(
        fdtype = Val{:forward}(),
        fdjtype = Val{:forward}(),
        fdhtype = Val{:hcentral}(),
        dir = true
    ),
    jvp_autodiff = AutoForwardDiff(),
    concrete_jac = Val{true}()
)

----    	-------------       	-----------         
Iter    	f(u) 2-norm         	Step 2-norm         
----    	-------------       	-----------         
0       	1.48437528e+02      	NaN                 
1       	1.48437528e+02      	0.00000000e+00      
8       	6.48640381e+03      	0.00000000e+00      
15      	4.83246963e+01      	2.24001773e-01      
22      	1.66044611e-01      	2.02712885e-01      
29      	5.70233106e-02      	1.93136590e-01      
36      	1.80452538e+01      	5.44764122e-01      
43      	3.96342176e+00      	3.91202333e-01      
50      	1.68922337e+00      	2.17082950e-01      
57      	7.22516073e+00      	0.00000000e+00      
64      	2.28434858e+00      	0.00000000e+00      
71      	1.21282183e+00      	0.00000000e+00      
78      	8.09370635e-04      	2.71904293e-02      
85      	1.06630133e+00      	0.00000000e+00      
92      	1.50531573e+00      	0.00000000e+00      
99      	1.50531573e+00      	0.00000000e+00      
106     	4.21784083e-04      	1.36785016e-02      
113     	4.95555594e+00      	0.00000000e+00      
120     	4.24577950e+00      	0.00000000e+00      
127     	3.06317835e-02      	6.10613839e-03      
134     	1.85035956e-02      	3.76714876e-03      
141     	9.41327539e-04      	1.10000411e-03      
148     	3.17899519e-03      	1.21077710e-02      
Final   	1.15333892e-04      
----------------------      
  AMR 2/3: M=311  err=3.45e-10  obs=2.98e-6  nrmse=0.492  best=0.000731  refined=17
  collocation: M=330 residuals=2574  detecting sparsity + solving...

Algorithm: LevenbergMarquardt(
    trustregion = LevenbergMarquardtTrustRegion(
        β_uphill = 0.0
    ),
    descent = GeodesicAcceleration(
        descent = DampedNewtonDescent(
            linsolve = KLUFactorization(
                reuse_symbolic = true,
                check_pattern = true
            ),
            initial_damping = 1.0,
            damping_fn = LevenbergMarquardtDampingFunction(
                increase_factor = 2.0,
                decrease_factor = 3.0,
                min_damping = 1.0e-8
            ),
            min_norm_mode = :auto
        ),
        finite_diff_step_geodesic = 0.1,
        α = 0.75
    ),
    autodiff = AutoForwardDiff(),
    vjp_autodiff = AutoFiniteDiff(
        fdtype = Val{:forward}(),
        fdjtype = Val{:forward}(),
        fdhtype = Val{:hcentral}(),
        dir = true
    ),
    jvp_autodiff = AutoForwardDiff(),
    concrete_jac = Val{true}()
)

----    	-------------       	-----------         
Iter    	f(u) 2-norm         	Step 2-norm         
----    	-------------       	-----------         
0       	1.50559190e+02      	1.74051865e-315     
1       	1.50559190e+02      	0.00000000e+00      
8       	1.50559190e+02      	0.00000000e+00      
15      	1.50559190e+02      	0.00000000e+00      
22      	1.09582730e+04      	5.39514655e-01      
29      	3.24298533e+02      	0.00000000e+00      
36      	2.01676380e+02      	3.12585341e-01      
43      	9.00462021e-01      	1.37321142e-01      
50      	9.70970413e-02      	1.17565800e-01      
57      	7.67259848e+00      	0.00000000e+00      
64      	2.24312258e+01      	0.00000000e+00      
71      	1.01217878e+02      	0.00000000e+00      
78      	6.13671333e+00      	7.13825689e-01      
85      	9.83282343e-02      	2.66951741e-02      
92      	2.21713761e+01      	0.00000000e+00      
99      	9.54909968e+00      	2.38733278e-01      
106     	1.81831522e+00      	0.00000000e+00      
113     	1.99944870e+00      	0.00000000e+00      
120     	7.99239688e+00      	0.00000000e+00      
127     	8.51830479e-01      	3.96645821e-01      
134     	5.25920261e-03      	7.04639328e-02      
141     	8.69678036e-02      	2.49532001e-01      
148     	6.22845885e+00      	0.00000000e+00      
Final   	5.25920261e-03      
----------------------      
  AMR 3/3: M=330  err=1.04e-6  obs=1.57e-6  nrmse=0.174  best=0.000731  refined=0
collocation [129s]
  [final]  nrmse=0.0007314  l2=0.0356
extrapolation window: T=15.0 -> T_test=30.0  n_test=600
  [train]  E_traj=9.225e-6  E_VF=0.00626  E_spec=0.1298
  [test ]  E_traj=1.557e10  E_VF=5.31e10  E_spec=0.3966
saved /orcd/home/002/txenakis/projects/BVPsolver/src/../data/runs/run_gvqZqijl/davis-skodje_fit.png
saved /orcd/home/002/txenakis/projects/BVPsolver/src/../data/runs/run_gvqZqijl/davis-skodje_fit_extrapolated.png
saved /orcd/home/002/txenakis/projects/BVPsolver/src/../data/runs/run_gvqZqijl/davis-skodje_spectral_fit_extrapolated.png
saved /orcd/home/002/txenakis/projects/BVPsolver/src/../data/runs/run_gvqZqijl/davis-skodje_vf_fit_extrapolated.png
┌ Warning: Attempting to store StiffNN.var"#22#23"{Float64}.
│ JLD2 only stores functions by name.
│  This may not be useful for anonymous functions.
└ @ JLD2 ~/.julia/packages/JLD2/ADycq/src/data/writing_datatypes.jl:447
saved run → /orcd/home/002/txenakis/projects/BVPsolver/src/../data/runs/run_gvqZqijl
--------------------------------------
Done: Thu Sep 24 08:32:18 EDT 2026
