Task 1002/1800: --problem hires --model mlp --profile fast --seed 102 --pretraining derivmatch --training shooting
Logging to /home/txenakis/projects/BVPsolver/logs/run_main_23553922_1002.log
hires  model=mlp width=21 d=8 tlen=50 profile=fast seed=102  solver=Rodas5  N=827
  derivmatch lr=0.01 iter=170/3400 loss=52.43
  derivmatch lr=0.01 iter=340/3400 loss=40.32
  derivmatch lr=0.01 iter=510/3400 loss=45.63
  derivmatch lr=0.01 iter=680/3400 loss=40.35
  derivmatch lr=0.01 iter=850/3400 loss=43.13
  derivmatch lr=0.01 iter=1020/3400 loss=31.54
  derivmatch lr=0.01 iter=1190/3400 loss=37.04
  derivmatch lr=0.01 iter=1360/3400 loss=28.31
  derivmatch lr=0.01 iter=1530/3400 loss=36.57
  derivmatch lr=0.01 iter=1700/3400 loss=22.84
  derivmatch lr=0.01 iter=1870/3400 loss=18.51
  derivmatch lr=0.01 iter=2040/3400 loss=16.58
  derivmatch lr=0.01 iter=2210/3400 loss=25.88
  derivmatch lr=0.01 iter=2380/3400 loss=21.91
  derivmatch lr=0.01 iter=2550/3400 loss=17.19
  derivmatch lr=0.01 iter=2720/3400 loss=13.89
  derivmatch lr=0.01 iter=2890/3400 loss=18.64
  derivmatch lr=0.01 iter=3060/3400 loss=19.19
  derivmatch lr=0.01 iter=3230/3400 loss=20.5
  derivmatch lr=0.01 iter=3400/3400 loss=19.09
  derivmatch lr=0.01 iter=3400/3400 loss=10.55
  derivmatch lr=0.003 iter=125/2500 loss=4.843
  derivmatch lr=0.003 iter=250/2500 loss=5.615
  derivmatch lr=0.003 iter=375/2500 loss=5.48
  derivmatch lr=0.003 iter=500/2500 loss=5.381
  derivmatch lr=0.003 iter=625/2500 loss=5.933
  derivmatch lr=0.003 iter=750/2500 loss=6.427
  derivmatch lr=0.003 iter=875/2500 loss=4.445
  derivmatch lr=0.003 iter=1000/2500 loss=5.321
  derivmatch lr=0.003 iter=1125/2500 loss=4.481
  derivmatch lr=0.003 iter=1250/2500 loss=4.801
  derivmatch lr=0.003 iter=1375/2500 loss=6.412
  derivmatch lr=0.003 iter=1500/2500 loss=5.931
  derivmatch lr=0.003 iter=1625/2500 loss=3.645
  derivmatch lr=0.003 iter=1750/2500 loss=5.195
  derivmatch lr=0.003 iter=1875/2500 loss=5.948
  derivmatch lr=0.003 iter=2000/2500 loss=4.167
  derivmatch lr=0.003 iter=2125/2500 loss=4.249
  derivmatch lr=0.003 iter=2250/2500 loss=5.936
  derivmatch lr=0.003 iter=2375/2500 loss=4.895
  derivmatch lr=0.003 iter=2500/2500 loss=4.001
  derivmatch lr=0.003 iter=2500/2500 loss=2.958
  derivmatch lr=0.001 iter=125/2500 loss=1.857
  derivmatch lr=0.001 iter=250/2500 loss=1.527
  derivmatch lr=0.001 iter=375/2500 loss=1.786
  derivmatch lr=0.001 iter=500/2500 loss=1.54
  derivmatch lr=0.001 iter=625/2500 loss=2.796
  derivmatch lr=0.001 iter=750/2500 loss=1.745
  derivmatch lr=0.001 iter=875/2500 loss=1.748
  derivmatch lr=0.001 iter=1000/2500 loss=1.63
  derivmatch lr=0.001 iter=1125/2500 loss=1.986
  derivmatch lr=0.001 iter=1250/2500 loss=1.684
  derivmatch lr=0.001 iter=1375/2500 loss=2.446
  derivmatch lr=0.001 iter=1500/2500 loss=1.722
  derivmatch lr=0.001 iter=1625/2500 loss=1.355
  derivmatch lr=0.001 iter=1750/2500 loss=2.707
  derivmatch lr=0.001 iter=1875/2500 loss=2.403
  derivmatch lr=0.001 iter=2000/2500 loss=1.85
  derivmatch lr=0.001 iter=2125/2500 loss=2.211
  derivmatch lr=0.001 iter=2250/2500 loss=2.077
  derivmatch lr=0.001 iter=2375/2500 loss=1.639
  derivmatch lr=0.001 iter=2500/2500 loss=1.494
  derivmatch lr=0.001 iter=2500/2500 loss=1.022
  derivmatch lr=0.0003 iter=80/1600 loss=0.7902
  derivmatch lr=0.0003 iter=160/1600 loss=0.9208
  derivmatch lr=0.0003 iter=240/1600 loss=0.8038
  derivmatch lr=0.0003 iter=320/1600 loss=0.6169
  derivmatch lr=0.0003 iter=400/1600 loss=0.8712
  derivmatch lr=0.0003 iter=480/1600 loss=0.765
  derivmatch lr=0.0003 iter=560/1600 loss=0.7147
  derivmatch lr=0.0003 iter=640/1600 loss=0.6565
  derivmatch lr=0.0003 iter=720/1600 loss=0.6898
  derivmatch lr=0.0003 iter=800/1600 loss=0.542
  derivmatch lr=0.0003 iter=880/1600 loss=0.6129
  derivmatch lr=0.0003 iter=960/1600 loss=0.6533
  derivmatch lr=0.0003 iter=1040/1600 loss=0.8111
  derivmatch lr=0.0003 iter=1120/1600 loss=0.8645
  derivmatch lr=0.0003 iter=1200/1600 loss=0.943
  derivmatch lr=0.0003 iter=1280/1600 loss=0.6121
  derivmatch lr=0.0003 iter=1360/1600 loss=0.8049
  derivmatch lr=0.0003 iter=1440/1600 loss=0.6807
  derivmatch lr=0.0003 iter=1520/1600 loss=0.6146
  derivmatch lr=0.0003 iter=1600/1600 loss=0.5743
  derivmatch lr=0.0003 iter=1600/1600 loss=0.5051
derivative matching [24s]  fitloss=0.505
  [derivative matching]  nrmse=3.689  l2=8.035
  shooting iter=50/1000 loss=0.1375
  shooting iter=100/1000 loss=0.1044
  shooting iter=150/1000 loss=0.08244
  shooting iter=200/1000 loss=0.07873
  shooting iter=250/1000 loss=0.06805
  shooting iter=300/1000 loss=0.06729
  shooting iter=350/1000 loss=0.06065
  shooting iter=400/1000 loss=0.08979
  shooting iter=450/1000 loss=0.04397
  shooting iter=500/1000 loss=0.04766
  shooting iter=550/1000 loss=0.07435
  shooting iter=600/1000 loss=0.05596
  shooting iter=650/1000 loss=0.06218
  shooting iter=700/1000 loss=0.05233
  shooting iter=750/1000 loss=0.03969
  shooting iter=800/1000 loss=0.05064
  shooting iter=850/1000 loss=0.04237
  shooting iter=900/1000 loss=0.04561
  shooting iter=950/1000 loss=0.04003
  shooting iter=1000/1000 loss=0.04105
  shooting iter=1000/1000 loss=0.03134
shooting [2456s]  loss=0.0313
  [final]  nrmse=0.09741  l2=0.9682
extrapolation window: T=321.8122 -> T_test=643.624  n_test=100
  [train]  E_traj=0.03445  E_VF=0.6598  E_spec=9.531e19
  [test ]  E_traj=31730.0  E_VF=3.542e11  E_spec=4.516e31
saved /orcd/home/002/txenakis/projects/BVPsolver/src/../data/runs/run_XyrlralQ/hires_fit.png
saved /orcd/home/002/txenakis/projects/BVPsolver/src/../data/runs/run_XyrlralQ/hires_fit_extrapolated.png
saved /orcd/home/002/txenakis/projects/BVPsolver/src/../data/runs/run_XyrlralQ/hires_spectral_fit_extrapolated.png
saved /orcd/home/002/txenakis/projects/BVPsolver/src/../data/runs/run_XyrlralQ/hires_vf_fit_extrapolated.png
┌ Warning: Attempting to store StiffNN.var"#18#19"{Type{Float64}}.
│ JLD2 only stores functions by name.
│  This may not be useful for anonymous functions.
└ @ JLD2 ~/.julia/packages/JLD2/ADycq/src/data/writing_datatypes.jl:447
saved run → /orcd/home/002/txenakis/projects/BVPsolver/src/../data/runs/run_XyrlralQ
--------------------------------------
Done: Wed Sep 23 16:20:44 EDT 2026
