Task 272/360: --problem orego --model mlp --profile fast --seed 22 --pretraining derivmatch --training collocation
Logging to /home/txenakis/projects/BVPsolver/logs/run_main_22227913_272.log
orego  model=mlp width=19 d=3 tlen=112 profile=fast seed=22  solver=Rodas5  N=516
  derivmatch lr=0.01 iter=170/3400 loss=10.15
  derivmatch lr=0.01 iter=340/3400 loss=8.771
  derivmatch lr=0.01 iter=510/3400 loss=8.133
  derivmatch lr=0.01 iter=680/3400 loss=7.549
  derivmatch lr=0.01 iter=850/3400 loss=7.202
  derivmatch lr=0.01 iter=1020/3400 loss=6.921
  derivmatch lr=0.01 iter=1190/3400 loss=6.7
  derivmatch lr=0.01 iter=1360/3400 loss=6.52
  derivmatch lr=0.01 iter=1530/3400 loss=6.357
  derivmatch lr=0.01 iter=1700/3400 loss=6.208
  derivmatch lr=0.01 iter=1870/3400 loss=6.083
  derivmatch lr=0.01 iter=2040/3400 loss=5.929
  derivmatch lr=0.01 iter=2210/3400 loss=5.814
  derivmatch lr=0.01 iter=2380/3400 loss=5.712
  derivmatch lr=0.01 iter=2550/3400 loss=5.617
  derivmatch lr=0.01 iter=2720/3400 loss=5.519
  derivmatch lr=0.01 iter=2890/3400 loss=5.394
  derivmatch lr=0.01 iter=3060/3400 loss=5.303
  derivmatch lr=0.01 iter=3230/3400 loss=5.247
  derivmatch lr=0.01 iter=3400/3400 loss=5.154
  derivmatch lr=0.01 iter=3400/3400 loss=5.154
  derivmatch lr=0.003 iter=125/2500 loss=5.121
  derivmatch lr=0.003 iter=250/2500 loss=5.073
  derivmatch lr=0.003 iter=375/2500 loss=5.837
  derivmatch lr=0.003 iter=500/2500 loss=5.621
  derivmatch lr=0.003 iter=625/2500 loss=5.54
  derivmatch lr=0.003 iter=750/2500 loss=5.318
  derivmatch lr=0.003 iter=875/2500 loss=5.289
  derivmatch lr=0.003 iter=1000/2500 loss=5.238
  derivmatch lr=0.003 iter=1125/2500 loss=5.369
  derivmatch lr=0.003 iter=1250/2500 loss=5.332
  derivmatch lr=0.003 iter=1375/2500 loss=5.145
  derivmatch lr=0.003 iter=1500/2500 loss=5.039
  derivmatch lr=0.003 iter=1625/2500 loss=4.997
  derivmatch lr=0.003 iter=1750/2500 loss=4.96
  derivmatch lr=0.003 iter=1875/2500 loss=4.925
  derivmatch lr=0.003 iter=2000/2500 loss=4.891
  derivmatch lr=0.003 iter=2125/2500 loss=4.86
  derivmatch lr=0.003 iter=2250/2500 loss=4.833
  derivmatch lr=0.003 iter=2375/2500 loss=4.811
  derivmatch lr=0.003 iter=2500/2500 loss=4.79
  derivmatch lr=0.003 iter=2500/2500 loss=4.79
  derivmatch lr=0.001 iter=125/2500 loss=4.797
  derivmatch lr=0.001 iter=250/2500 loss=4.809
  derivmatch lr=0.001 iter=375/2500 loss=4.765
  derivmatch lr=0.001 iter=500/2500 loss=4.752
  derivmatch lr=0.001 iter=625/2500 loss=4.748
  derivmatch lr=0.001 iter=750/2500 loss=4.736
  derivmatch lr=0.001 iter=875/2500 loss=4.721
  derivmatch lr=0.001 iter=1000/2500 loss=4.708
  derivmatch lr=0.001 iter=1125/2500 loss=4.691
  derivmatch lr=0.001 iter=1250/2500 loss=4.676
  derivmatch lr=0.001 iter=1375/2500 loss=4.665
  derivmatch lr=0.001 iter=1500/2500 loss=4.646
  derivmatch lr=0.001 iter=1625/2500 loss=4.642
  derivmatch lr=0.001 iter=1750/2500 loss=4.64
  derivmatch lr=0.001 iter=1875/2500 loss=4.619
  derivmatch lr=0.001 iter=2000/2500 loss=4.58
  derivmatch lr=0.001 iter=2125/2500 loss=4.612
  derivmatch lr=0.001 iter=2250/2500 loss=4.598
  derivmatch lr=0.001 iter=2375/2500 loss=4.587
  derivmatch lr=0.001 iter=2500/2500 loss=4.578
  derivmatch lr=0.001 iter=2500/2500 loss=4.571
  derivmatch lr=0.0003 iter=80/1600 loss=4.558
  derivmatch lr=0.0003 iter=160/1600 loss=4.533
  derivmatch lr=0.0003 iter=240/1600 loss=4.62
  derivmatch lr=0.0003 iter=320/1600 loss=4.587
  derivmatch lr=0.0003 iter=400/1600 loss=4.516
  derivmatch lr=0.0003 iter=480/1600 loss=4.488
  derivmatch lr=0.0003 iter=560/1600 loss=4.475
  derivmatch lr=0.0003 iter=640/1600 loss=4.47
  derivmatch lr=0.0003 iter=720/1600 loss=4.462
  derivmatch lr=0.0003 iter=800/1600 loss=4.456
  derivmatch lr=0.0003 iter=880/1600 loss=4.451
  derivmatch lr=0.0003 iter=960/1600 loss=4.446
  derivmatch lr=0.0003 iter=1040/1600 loss=4.443
  derivmatch lr=0.0003 iter=1120/1600 loss=4.439
  derivmatch lr=0.0003 iter=1200/1600 loss=4.436
  derivmatch lr=0.0003 iter=1280/1600 loss=4.433
  derivmatch lr=0.0003 iter=1360/1600 loss=4.431
  derivmatch lr=0.0003 iter=1440/1600 loss=4.428
  derivmatch lr=0.0003 iter=1520/1600 loss=4.425
  derivmatch lr=0.0003 iter=1600/1600 loss=4.423
  derivmatch lr=0.0003 iter=1600/1600 loss=4.423
derivative matching [24s]  fitloss=4.42
  [derivative matching]  nrmse=0.4339  l2=477300.0
  collocation: M=127 residuals=1470  detecting sparsity + solving...

Algorithm: LevenbergMarquardt(
    trustregion = LevenbergMarquardtTrustRegion(
        β_uphill = 0.0
    ),
    descent = GeodesicAcceleration(
        descent = DampedNewtonDescent(
            linsolve = KLUFactorization(
                reuse_symbolic = true,
                check_pattern = true
            ),
            initial_damping = 1.0,
            damping_fn = LevenbergMarquardtDampingFunction(
                increase_factor = 2.0,
                decrease_factor = 3.0,
                min_damping = 1.0e-8
            ),
            min_norm_mode = :auto
        ),
        finite_diff_step_geodesic = 0.1,
        α = 0.75
    ),
    autodiff = AutoForwardDiff(),
    vjp_autodiff = AutoFiniteDiff(
        fdtype = Val{:forward}(),
        fdjtype = Val{:forward}(),
        fdhtype = Val{:hcentral}(),
        dir = true
    ),
    jvp_autodiff = AutoForwardDiff(),
    concrete_jac = Val{true}()
)

----    	-------------       	-----------         
Iter    	f(u) 2-norm         	Step 2-norm         
----    	-------------       	-----------         
0       	7.42046105e+02      	NaN                 
1       	7.42046105e+02      	0.00000000e+00      
8       	9.26501812e+02      	0.00000000e+00      
15      	8.36980038e+02      	8.52831187e-03      
22      	8.08682008e+02      	0.00000000e+00      
29      	7.87956395e+02      	1.86689285e-02      
36      	6.50153552e+02      	0.00000000e+00      
43      	6.60031826e+02      	0.00000000e+00      
50      	5.66024721e+02      	3.38007213e-02      
57      	5.34755322e+02      	0.00000000e+00      
64      	5.36204020e+02      	0.00000000e+00      
71      	5.27838862e+02      	3.68708337e-02      
78      	5.64395575e+02      	0.00000000e+00      
85      	5.61247541e+02      	0.00000000e+00      
92      	6.44611729e+02      	0.00000000e+00      
99      	6.24444820e+02      	7.25551571e-03      
106     	5.72114204e+02      	0.00000000e+00      
113     	5.56182139e+02      	0.00000000e+00      
120     	5.24876126e+02      	0.00000000e+00      
127     	5.22440689e+02      	0.00000000e+00      
134     	5.20958513e+02      	1.38920318e-04      
141     	5.41189613e+02      	0.00000000e+00      
148     	5.38639809e+02      	1.88422555e-03      
Final   	5.18399966e+02      
----------------------      
  AMR 1/1: M=127  err=90200.0  obs=0.00191  nrmse=0.433  best=0.433  refined=0
collocation [64s]
  [final]  nrmse=0.4334  l2=476900.0
extrapolation window: T=180.0 -> T_test=360.0  n_test=224
  [train]  E_traj=1.099  E_VF=0.8379  E_spec=1.0
  [test ]  E_traj=87.46  E_VF=0.8109  E_spec=41.3
saved /orcd/home/002/txenakis/projects/BVPsolver/src/../data/runs/run_95mxPp4v/orego_fit.png
saved /orcd/home/002/txenakis/projects/BVPsolver/src/../data/runs/run_95mxPp4v/orego_fit_extrapolated.png
saved /orcd/home/002/txenakis/projects/BVPsolver/src/../data/runs/run_95mxPp4v/orego_spectral_fit_extrapolated.png
saved /orcd/home/002/txenakis/projects/BVPsolver/src/../data/runs/run_95mxPp4v/orego_vf_fit_extrapolated.png
┌ Warning: Attempting to store StiffNN.var"#20#21"{Float64, Float64, Float64}.
│ JLD2 only stores functions by name.
│  This may not be useful for anonymous functions.
└ @ JLD2 ~/.julia/packages/JLD2/ADycq/src/data/writing_datatypes.jl:447
saved run → /orcd/home/002/txenakis/projects/BVPsolver/src/../data/runs/run_95mxPp4v
--------------------------------------
Done: Mon Sep  7 21:01:21 EDT 2026
