Task 62/1800: --problem pollu --model stiff --profile fast --seed 112 --pretraining derivmatch --training collocation
Logging to /home/txenakis/projects/BVPsolver/logs/run_main_23493023_62.log
┌ Warning: Verbosity toggle: dt_epsilon 
│  Initial timestep too small (near machine epsilon), using default: dt = 1.0e-6
└ @ OrdinaryDiffEqCore ~/.julia/packages/OrdinaryDiffEqCore/NVUZl/src/initdt.jl:222
pollu  model=stiff width=32 d=20 tlen=50 profile=fast seed=112  solver=Rodas5  N=4744
  derivmatch lr=0.01 iter=510/10200 loss=0.08255
  derivmatch lr=0.01 iter=1020/10200 loss=0.02432
  derivmatch lr=0.01 iter=1530/10200 loss=0.01004
  derivmatch lr=0.01 iter=2040/10200 loss=0.006052
  derivmatch lr=0.01 iter=2550/10200 loss=0.004109
  derivmatch lr=0.01 iter=3060/10200 loss=0.0183
  derivmatch lr=0.01 iter=3570/10200 loss=0.004944
  derivmatch lr=0.01 iter=4080/10200 loss=0.003544
  derivmatch lr=0.01 iter=4590/10200 loss=0.002813
  derivmatch lr=0.01 iter=5100/10200 loss=0.002393
  derivmatch lr=0.01 iter=5610/10200 loss=0.002008
  derivmatch lr=0.01 iter=6120/10200 loss=0.001893
  derivmatch lr=0.01 iter=6630/10200 loss=0.001649
  derivmatch lr=0.01 iter=7140/10200 loss=0.001554
  derivmatch lr=0.01 iter=7650/10200 loss=0.004953
  derivmatch lr=0.01 iter=8160/10200 loss=0.001574
  derivmatch lr=0.01 iter=8670/10200 loss=0.1676
  derivmatch lr=0.01 iter=9180/10200 loss=0.001698
  derivmatch lr=0.01 iter=9690/10200 loss=0.001507
  derivmatch lr=0.01 iter=10200/10200 loss=0.001607
  derivmatch lr=0.01 iter=10200/10200 loss=0.0006742
  derivmatch lr=0.003 iter=375/7500 loss=0.00023
  derivmatch lr=0.003 iter=750/7500 loss=0.001171
  derivmatch lr=0.003 iter=1125/7500 loss=0.000173
  derivmatch lr=0.003 iter=1500/7500 loss=0.0003157
  derivmatch lr=0.003 iter=1875/7500 loss=0.0001477
  derivmatch lr=0.003 iter=2250/7500 loss=0.0002526
  derivmatch lr=0.003 iter=2625/7500 loss=0.0002197
  derivmatch lr=0.003 iter=3000/7500 loss=0.0001903
  derivmatch lr=0.003 iter=3375/7500 loss=0.0003545
  derivmatch lr=0.003 iter=3750/7500 loss=0.0001262
  derivmatch lr=0.003 iter=4125/7500 loss=0.0003763
  derivmatch lr=0.003 iter=4500/7500 loss=0.0003515
  derivmatch lr=0.003 iter=4875/7500 loss=0.0002431
  derivmatch lr=0.003 iter=5250/7500 loss=0.0004178
  derivmatch lr=0.003 iter=5625/7500 loss=9.364e-5
  derivmatch lr=0.003 iter=6000/7500 loss=0.0003613
  derivmatch lr=0.003 iter=6375/7500 loss=0.0001687
  derivmatch lr=0.003 iter=6750/7500 loss=7.259e-5
  derivmatch lr=0.003 iter=7125/7500 loss=4.065e-5
  derivmatch lr=0.003 iter=7500/7500 loss=0.0003826
  derivmatch lr=0.003 iter=7500/7500 loss=2.164e-5
  derivmatch lr=0.001 iter=375/7500 loss=1.994e-5
  derivmatch lr=0.001 iter=750/7500 loss=1.908e-5
  derivmatch lr=0.001 iter=1125/7500 loss=1.821e-5
  derivmatch lr=0.001 iter=1500/7500 loss=1.783e-5
  derivmatch lr=0.001 iter=1875/7500 loss=1.663e-5
  derivmatch lr=0.001 iter=2250/7500 loss=0.0002268
  derivmatch lr=0.001 iter=2625/7500 loss=1.674e-5
  derivmatch lr=0.001 iter=3000/7500 loss=4.704e-5
  derivmatch lr=0.001 iter=3375/7500 loss=2.791e-5
  derivmatch lr=0.001 iter=3750/7500 loss=3.747e-5
  derivmatch lr=0.001 iter=4125/7500 loss=1.408e-5
  derivmatch lr=0.001 iter=4500/7500 loss=0.0001825
  derivmatch lr=0.001 iter=4875/7500 loss=1.6e-5
  derivmatch lr=0.001 iter=5250/7500 loss=5.45e-5
  derivmatch lr=0.001 iter=5625/7500 loss=1.641e-5
  derivmatch lr=0.001 iter=6000/7500 loss=1.597e-5
  derivmatch lr=0.001 iter=6375/7500 loss=3.758e-5
  derivmatch lr=0.001 iter=6750/7500 loss=4.799e-5
  derivmatch lr=0.001 iter=7125/7500 loss=1.718e-5
  derivmatch lr=0.001 iter=7500/7500 loss=1.38e-5
  derivmatch lr=0.001 iter=7500/7500 loss=1.134e-5
  derivmatch lr=0.0003 iter=240/4800 loss=1.127e-5
  derivmatch lr=0.0003 iter=480/4800 loss=1.12e-5
  derivmatch lr=0.0003 iter=720/4800 loss=1.111e-5
  derivmatch lr=0.0003 iter=960/4800 loss=1.101e-5
  derivmatch lr=0.0003 iter=1200/4800 loss=1.089e-5
  derivmatch lr=0.0003 iter=1440/4800 loss=1.076e-5
  derivmatch lr=0.0003 iter=1680/4800 loss=1.069e-5
  derivmatch lr=0.0003 iter=1920/4800 loss=1.049e-5
  derivmatch lr=0.0003 iter=2160/4800 loss=1.418e-5
  derivmatch lr=0.0003 iter=2400/4800 loss=1.028e-5
  derivmatch lr=0.0003 iter=2640/4800 loss=1.065e-5
  derivmatch lr=0.0003 iter=2880/4800 loss=1.006e-5
  derivmatch lr=0.0003 iter=3120/4800 loss=9.945e-6
  derivmatch lr=0.0003 iter=3360/4800 loss=9.827e-6
  derivmatch lr=0.0003 iter=3600/4800 loss=9.631e-6
  derivmatch lr=0.0003 iter=3840/4800 loss=9.523e-6
  derivmatch lr=0.0003 iter=4080/4800 loss=9.426e-6
  derivmatch lr=0.0003 iter=4320/4800 loss=1.914e-5
  derivmatch lr=0.0003 iter=4560/4800 loss=9.138e-6
  derivmatch lr=0.0003 iter=4800/4800 loss=9.688e-6
  derivmatch lr=0.0003 iter=4800/4800 loss=9.015e-6
derivative matching [45s]  fitloss=9.01e-6
  [derivative matching]  nrmse=0.05292  l2=0.006034
  collocation: M=72 residuals=5260  detecting sparsity + solving...

Algorithm: LevenbergMarquardt(
    trustregion = LevenbergMarquardtTrustRegion(
        β_uphill = 0.0
    ),
    descent = GeodesicAcceleration(
        descent = DampedNewtonDescent(
            linsolve = KLUFactorization(
                reuse_symbolic = true,
                check_pattern = true
            ),
            initial_damping = 1.0,
            damping_fn = LevenbergMarquardtDampingFunction(
                increase_factor = 2.0,
                decrease_factor = 3.0,
                min_damping = 1.0e-8
            ),
            min_norm_mode = :auto
        ),
        finite_diff_step_geodesic = 0.1,
        α = 0.75
    ),
    autodiff = AutoForwardDiff(),
    vjp_autodiff = AutoFiniteDiff(
        fdtype = Val{:forward}(),
        fdjtype = Val{:forward}(),
        fdhtype = Val{:hcentral}(),
        dir = true
    ),
    jvp_autodiff = AutoForwardDiff(),
    concrete_jac = Val{true}()
)

----    	-------------       	-----------         
Iter    	f(u) 2-norm         	Step 2-norm         
----    	-------------       	-----------         
0       	1.51945539e+04      	NaN                 
1       	1.51945539e+04      	0.00000000e+00      
8       	1.49444395e+04      	4.16971529e-03      
15      	4.66640973e+03      	2.87722061e-02      
22      	4.66640973e+03      	0.00000000e+00      
29      	4.54165312e+03      	2.40490105e-03      
36      	4.09361900e+03      	9.76134423e-03      
43      	4.01642898e+03      	0.00000000e+00      
50      	3.95692076e+03      	0.00000000e+00      
57      	3.95181553e+03      	2.27712849e-03      
64      	3.94746863e+03      	0.00000000e+00      
71      	3.90621373e+03      	0.00000000e+00      
78      	3.77852516e+03      	6.74392739e-03      
85      	3.77852516e+03      	0.00000000e+00      
92      	3.69291529e+03      	0.00000000e+00      
99      	3.58386645e+03      	4.71950603e-03      
106     	3.58386645e+03      	0.00000000e+00      
113     	3.39208867e+03      	0.00000000e+00      
120     	3.38128062e+03      	6.22319900e-04      
127     	3.33454519e+03      	0.00000000e+00      
134     	3.30274019e+03      	1.32332659e-03      
141     	3.23714258e+03      	8.08494821e-04      
148     	3.21992881e+03      	5.77959852e-04      
Final   	3.20250083e+03      
----------------------      
  AMR 1/1: M=72  err=4.64e6  obs=5.03e-5  nrmse=0.0502  best=0.0502  refined=0
collocation [5896s]
  [final]  nrmse=0.0502  l2=0.002183
┌ Warning: Verbosity toggle: dt_epsilon 
│  Initial timestep too small (near machine epsilon), using default: dt = 1.0e-6
└ @ OrdinaryDiffEqCore ~/.julia/packages/OrdinaryDiffEqCore/NVUZl/src/initdt.jl:222
extrapolation window: T=60.0 -> T_test=120.0  n_test=100
  [train]  E_traj=0.004835  E_VF=0.09989  E_spec=9.702e301
  [test ]  E_traj=0.004368  E_VF=7.727e7  E_spec=2.5219999999999998e301
┌ Warning: No strict ticks found
└ @ PlotUtils ~/.julia/packages/PlotUtils/HX80C/src/ticks.jl:194
┌ Warning: No strict ticks found
└ @ PlotUtils ~/.julia/packages/PlotUtils/HX80C/src/ticks.jl:194
saved /orcd/home/002/txenakis/projects/BVPsolver/src/../data/runs/run_2LcTQGCW/pollu_fit.png
┌ Warning: No strict ticks found
└ @ PlotUtils ~/.julia/packages/PlotUtils/HX80C/src/ticks.jl:194
┌ Warning: No strict ticks found
└ @ PlotUtils ~/.julia/packages/PlotUtils/HX80C/src/ticks.jl:194
saved /orcd/home/002/txenakis/projects/BVPsolver/src/../data/runs/run_2LcTQGCW/pollu_fit_extrapolated.png
saved /orcd/home/002/txenakis/projects/BVPsolver/src/../data/runs/run_2LcTQGCW/pollu_spectral_fit_extrapolated.png
saved /orcd/home/002/txenakis/projects/BVPsolver/src/../data/runs/run_2LcTQGCW/pollu_vf_fit_extrapolated.png
┌ Warning: Attempting to store StiffNN.var"#16#17"{Vector{Float64}}.
│ JLD2 only stores functions by name.
│  This may not be useful for anonymous functions.
└ @ JLD2 ~/.julia/packages/JLD2/ADycq/src/data/writing_datatypes.jl:447
saved run → /orcd/home/002/txenakis/projects/BVPsolver/src/../data/runs/run_2LcTQGCW
--------------------------------------
Done: Tue Sep 22 19:17:10 EDT 2026
