Task 224/360: --problem hires --model GELU-scaled --profile fast --seed 24 --pretraining derivmatch --training shooting
Logging to /home/txenakis/projects/BVPsolver/logs/run_main_22227913_224.log
hires  model=GELU-scaled width=11 d=8 tlen=50 profile=fast seed=24  solver=Rodas5  N=855
  derivmatch lr=0.01 iter=170/3400 loss=3.742
  derivmatch lr=0.01 iter=340/3400 loss=2.174
  derivmatch lr=0.01 iter=510/3400 loss=1.008
  derivmatch lr=0.01 iter=680/3400 loss=0.7017
  derivmatch lr=0.01 iter=850/3400 loss=0.4758
  derivmatch lr=0.01 iter=1020/3400 loss=0.3631
  derivmatch lr=0.01 iter=1190/3400 loss=0.3829
  derivmatch lr=0.01 iter=1360/3400 loss=0.5441
  derivmatch lr=0.01 iter=1530/3400 loss=0.3156
  derivmatch lr=0.01 iter=1700/3400 loss=0.3398
  derivmatch lr=0.01 iter=1870/3400 loss=0.2396
  derivmatch lr=0.01 iter=2040/3400 loss=0.2902
  derivmatch lr=0.01 iter=2210/3400 loss=0.2182
  derivmatch lr=0.01 iter=2380/3400 loss=0.3522
  derivmatch lr=0.01 iter=2550/3400 loss=0.1695
  derivmatch lr=0.01 iter=2720/3400 loss=0.2055
  derivmatch lr=0.01 iter=2890/3400 loss=0.2068
  derivmatch lr=0.01 iter=3060/3400 loss=0.1072
  derivmatch lr=0.01 iter=3230/3400 loss=0.117
  derivmatch lr=0.01 iter=3400/3400 loss=0.1126
  derivmatch lr=0.01 iter=3400/3400 loss=0.08474
  derivmatch lr=0.003 iter=125/2500 loss=0.07707
  derivmatch lr=0.003 iter=250/2500 loss=0.0572
  derivmatch lr=0.003 iter=375/2500 loss=0.04876
  derivmatch lr=0.003 iter=500/2500 loss=0.0732
  derivmatch lr=0.003 iter=625/2500 loss=0.04503
  derivmatch lr=0.003 iter=750/2500 loss=0.04477
  derivmatch lr=0.003 iter=875/2500 loss=0.04309
  derivmatch lr=0.003 iter=1000/2500 loss=0.03888
  derivmatch lr=0.003 iter=1125/2500 loss=0.03721
  derivmatch lr=0.003 iter=1250/2500 loss=0.03478
  derivmatch lr=0.003 iter=1375/2500 loss=0.03328
  derivmatch lr=0.003 iter=1500/2500 loss=0.03186
  derivmatch lr=0.003 iter=1625/2500 loss=0.03078
  derivmatch lr=0.003 iter=1750/2500 loss=0.02929
  derivmatch lr=0.003 iter=1875/2500 loss=0.02877
  derivmatch lr=0.003 iter=2000/2500 loss=0.02757
  derivmatch lr=0.003 iter=2125/2500 loss=0.02745
  derivmatch lr=0.003 iter=2250/2500 loss=0.02541
  derivmatch lr=0.003 iter=2375/2500 loss=0.02544
  derivmatch lr=0.003 iter=2500/2500 loss=0.0245
  derivmatch lr=0.003 iter=2500/2500 loss=0.02395
  derivmatch lr=0.001 iter=125/2500 loss=0.01537
  derivmatch lr=0.001 iter=250/2500 loss=0.01491
  derivmatch lr=0.001 iter=375/2500 loss=0.01449
  derivmatch lr=0.001 iter=500/2500 loss=0.01411
  derivmatch lr=0.001 iter=625/2500 loss=0.01391
  derivmatch lr=0.001 iter=750/2500 loss=0.01344
  derivmatch lr=0.001 iter=875/2500 loss=0.01685
  derivmatch lr=0.001 iter=1000/2500 loss=0.0148
  derivmatch lr=0.001 iter=1125/2500 loss=0.01276
  derivmatch lr=0.001 iter=1250/2500 loss=0.01393
  derivmatch lr=0.001 iter=1375/2500 loss=0.01329
  derivmatch lr=0.001 iter=1500/2500 loss=0.01236
  derivmatch lr=0.001 iter=1625/2500 loss=0.01234
  derivmatch lr=0.001 iter=1750/2500 loss=0.01216
  derivmatch lr=0.001 iter=1875/2500 loss=0.01197
  derivmatch lr=0.001 iter=2000/2500 loss=0.01144
  derivmatch lr=0.001 iter=2125/2500 loss=0.01125
  derivmatch lr=0.001 iter=2250/2500 loss=0.01096
  derivmatch lr=0.001 iter=2375/2500 loss=0.01083
  derivmatch lr=0.001 iter=2500/2500 loss=0.01054
  derivmatch lr=0.001 iter=2500/2500 loss=0.01053
  derivmatch lr=0.0003 iter=80/1600 loss=0.009259
  derivmatch lr=0.0003 iter=160/1600 loss=0.009217
  derivmatch lr=0.0003 iter=240/1600 loss=0.00917
  derivmatch lr=0.0003 iter=320/1600 loss=0.009118
  derivmatch lr=0.0003 iter=400/1600 loss=0.00906
  derivmatch lr=0.0003 iter=480/1600 loss=0.008998
  derivmatch lr=0.0003 iter=560/1600 loss=0.008933
  derivmatch lr=0.0003 iter=640/1600 loss=0.008864
  derivmatch lr=0.0003 iter=720/1600 loss=0.008792
  derivmatch lr=0.0003 iter=800/1600 loss=0.008717
  derivmatch lr=0.0003 iter=880/1600 loss=0.00864
  derivmatch lr=0.0003 iter=960/1600 loss=0.008562
  derivmatch lr=0.0003 iter=1040/1600 loss=0.008481
  derivmatch lr=0.0003 iter=1120/1600 loss=0.008398
  derivmatch lr=0.0003 iter=1200/1600 loss=0.008367
  derivmatch lr=0.0003 iter=1280/1600 loss=0.008243
  derivmatch lr=0.0003 iter=1360/1600 loss=0.008167
  derivmatch lr=0.0003 iter=1440/1600 loss=0.00809
  derivmatch lr=0.0003 iter=1520/1600 loss=0.008033
  derivmatch lr=0.0003 iter=1600/1600 loss=0.007938
  derivmatch lr=0.0003 iter=1600/1600 loss=0.007938
derivative matching [28s]  fitloss=0.00794
  [derivative matching]  nrmse=0.111  l2=0.3498
  shooting iter=50/1000 loss=0.021
  shooting iter=100/1000 loss=0.01647
  shooting iter=150/1000 loss=0.01259
  shooting iter=200/1000 loss=0.01114
  shooting iter=250/1000 loss=0.01225
  shooting iter=300/1000 loss=0.009142
  shooting iter=350/1000 loss=0.01356
  shooting iter=400/1000 loss=0.01567
  shooting iter=450/1000 loss=0.006132
  shooting iter=500/1000 loss=0.005559
  shooting iter=550/1000 loss=0.008937
  shooting iter=600/1000 loss=0.009394
  shooting iter=650/1000 loss=0.006852
  shooting iter=700/1000 loss=0.0127
  shooting iter=750/1000 loss=0.01035
  shooting iter=800/1000 loss=0.004993
  shooting iter=850/1000 loss=0.008276
  shooting iter=900/1000 loss=0.006081
  shooting iter=950/1000 loss=0.007792
  shooting iter=1000/1000 loss=0.007258
  shooting iter=1000/1000 loss=0.003778
shooting [9326s]  loss=0.00378
  [final]  nrmse=0.007212  l2=0.04166
extrapolation window: T=321.8122 -> T_test=643.624  n_test=100
  [train]  E_traj=0.0003231  E_VF=0.009546  E_spec=0.9757
  [test ]  E_traj=1.946e6  E_VF=1.203e9  E_spec=0.977
saved /orcd/home/002/txenakis/projects/BVPsolver/src/../data/runs/run_yKcq2Lyn/hires_fit.png
saved /orcd/home/002/txenakis/projects/BVPsolver/src/../data/runs/run_yKcq2Lyn/hires_fit_extrapolated.png
saved /orcd/home/002/txenakis/projects/BVPsolver/src/../data/runs/run_yKcq2Lyn/hires_spectral_fit_extrapolated.png
saved /orcd/home/002/txenakis/projects/BVPsolver/src/../data/runs/run_yKcq2Lyn/hires_vf_fit_extrapolated.png
┌ Warning: Attempting to store StiffNN.var"#18#19"{Type{Float64}}.
│ JLD2 only stores functions by name.
│  This may not be useful for anonymous functions.
└ @ JLD2 ~/.julia/packages/JLD2/ADycq/src/data/writing_datatypes.jl:447
saved run → /orcd/home/002/txenakis/projects/BVPsolver/src/../data/runs/run_yKcq2Lyn
--------------------------------------
Done: Mon Sep  7 22:43:43 EDT 2026
