Task 957/1800: --problem hires --model stiff --profile fast --seed 107 --pretraining derivmatch --training collocation
Logging to /home/txenakis/projects/BVPsolver/logs/run_main_23553922_957.log
hires  model=stiff width=16 d=8 tlen=50 profile=fast seed=107  solver=Rodas5  N=816
  derivmatch lr=0.01 iter=170/3400 loss=0.1009
  derivmatch lr=0.01 iter=340/3400 loss=0.146
  derivmatch lr=0.01 iter=510/3400 loss=0.02509
  derivmatch lr=0.01 iter=680/3400 loss=0.01461
  derivmatch lr=0.01 iter=850/3400 loss=0.009601
  derivmatch lr=0.01 iter=1020/3400 loss=0.007257
  derivmatch lr=0.01 iter=1190/3400 loss=0.005892
  derivmatch lr=0.01 iter=1360/3400 loss=0.005157
  derivmatch lr=0.01 iter=1530/3400 loss=0.005308
  derivmatch lr=0.01 iter=1700/3400 loss=0.003733
  derivmatch lr=0.01 iter=1870/3400 loss=0.003271
  derivmatch lr=0.01 iter=2040/3400 loss=0.002905
  derivmatch lr=0.01 iter=2210/3400 loss=0.004765
  derivmatch lr=0.01 iter=2380/3400 loss=0.002453
  derivmatch lr=0.01 iter=2550/3400 loss=0.002039
  derivmatch lr=0.01 iter=2720/3400 loss=0.001652
  derivmatch lr=0.01 iter=2890/3400 loss=0.00186
  derivmatch lr=0.01 iter=3060/3400 loss=0.001543
  derivmatch lr=0.01 iter=3230/3400 loss=0.001254
  derivmatch lr=0.01 iter=3400/3400 loss=0.001289
  derivmatch lr=0.01 iter=3400/3400 loss=0.00103
  derivmatch lr=0.003 iter=125/2500 loss=0.00124
  derivmatch lr=0.003 iter=250/2500 loss=0.0009715
  derivmatch lr=0.003 iter=375/2500 loss=0.0008908
  derivmatch lr=0.003 iter=500/2500 loss=0.0008266
  derivmatch lr=0.003 iter=625/2500 loss=0.0007714
  derivmatch lr=0.003 iter=750/2500 loss=0.0007234
  derivmatch lr=0.003 iter=875/2500 loss=0.0006813
  derivmatch lr=0.003 iter=1000/2500 loss=0.003136
  derivmatch lr=0.003 iter=1125/2500 loss=0.001066
  derivmatch lr=0.003 iter=1250/2500 loss=0.0008577
  derivmatch lr=0.003 iter=1375/2500 loss=0.0007766
  derivmatch lr=0.003 iter=1500/2500 loss=0.0007318
  derivmatch lr=0.003 iter=1625/2500 loss=0.0007011
  derivmatch lr=0.003 iter=1750/2500 loss=0.0006774
  derivmatch lr=0.003 iter=1875/2500 loss=0.0006579
  derivmatch lr=0.003 iter=2000/2500 loss=0.0006411
  derivmatch lr=0.003 iter=2125/2500 loss=0.000626
  derivmatch lr=0.003 iter=2250/2500 loss=0.0006121
  derivmatch lr=0.003 iter=2375/2500 loss=0.000599
  derivmatch lr=0.003 iter=2500/2500 loss=0.0005864
  derivmatch lr=0.003 iter=2500/2500 loss=0.0005864
  derivmatch lr=0.001 iter=125/2500 loss=0.0005697
  derivmatch lr=0.001 iter=250/2500 loss=0.0005565
  derivmatch lr=0.001 iter=375/2500 loss=0.0005407
  derivmatch lr=0.001 iter=500/2500 loss=0.0005234
  derivmatch lr=0.001 iter=625/2500 loss=0.0005054
  derivmatch lr=0.001 iter=750/2500 loss=0.0004999
  derivmatch lr=0.001 iter=875/2500 loss=0.0004906
  derivmatch lr=0.001 iter=1000/2500 loss=0.0004544
  derivmatch lr=0.001 iter=1125/2500 loss=0.0004403
  derivmatch lr=0.001 iter=1250/2500 loss=0.0004501
  derivmatch lr=0.001 iter=1375/2500 loss=0.0005087
  derivmatch lr=0.001 iter=1500/2500 loss=0.0004086
  derivmatch lr=0.001 iter=1625/2500 loss=0.0003984
  derivmatch lr=0.001 iter=1750/2500 loss=0.0003933
  derivmatch lr=0.001 iter=1875/2500 loss=0.0003796
  derivmatch lr=0.001 iter=2000/2500 loss=0.0003724
  derivmatch lr=0.001 iter=2125/2500 loss=0.0003659
  derivmatch lr=0.001 iter=2250/2500 loss=0.0003592
  derivmatch lr=0.001 iter=2375/2500 loss=0.0003535
  derivmatch lr=0.001 iter=2500/2500 loss=0.0003481
  derivmatch lr=0.001 iter=2500/2500 loss=0.0003481
  derivmatch lr=0.0003 iter=80/1600 loss=0.000348
  derivmatch lr=0.0003 iter=160/1600 loss=0.0003471
  derivmatch lr=0.0003 iter=240/1600 loss=0.0003464
  derivmatch lr=0.0003 iter=320/1600 loss=0.0003455
  derivmatch lr=0.0003 iter=400/1600 loss=0.0003444
  derivmatch lr=0.0003 iter=480/1600 loss=0.0003433
  derivmatch lr=0.0003 iter=560/1600 loss=0.0003421
  derivmatch lr=0.0003 iter=640/1600 loss=0.0003407
  derivmatch lr=0.0003 iter=720/1600 loss=0.0003393
  derivmatch lr=0.0003 iter=800/1600 loss=0.0003378
  derivmatch lr=0.0003 iter=880/1600 loss=0.0003362
  derivmatch lr=0.0003 iter=960/1600 loss=0.0003346
  derivmatch lr=0.0003 iter=1040/1600 loss=0.0003329
  derivmatch lr=0.0003 iter=1120/1600 loss=0.0003312
  derivmatch lr=0.0003 iter=1200/1600 loss=0.0003297
  derivmatch lr=0.0003 iter=1280/1600 loss=0.0003277
  derivmatch lr=0.0003 iter=1360/1600 loss=0.0003258
  derivmatch lr=0.0003 iter=1440/1600 loss=0.0003242
  derivmatch lr=0.0003 iter=1520/1600 loss=0.0003221
  derivmatch lr=0.0003 iter=1600/1600 loss=0.0003202
  derivmatch lr=0.0003 iter=1600/1600 loss=0.0003202
derivative matching [34s]  fitloss=0.00032
  [derivative matching]  nrmse=0.03417  l2=0.4083
  collocation: M=75 residuals=2176  detecting sparsity + solving...

Algorithm: LevenbergMarquardt(
    trustregion = LevenbergMarquardtTrustRegion(
        β_uphill = 0.0
    ),
    descent = GeodesicAcceleration(
        descent = DampedNewtonDescent(
            linsolve = QRFactorization(
                pivot = NoPivot(),
                blocksize = 16,
                inplace = true
            ),
            initial_damping = 1.0,
            damping_fn = LevenbergMarquardtDampingFunction(
                increase_factor = 2.0,
                decrease_factor = 3.0,
                min_damping = 1.0e-8
            ),
            min_norm_mode = :auto
        ),
        finite_diff_step_geodesic = 0.1,
        α = 0.75
    ),
    autodiff = AutoForwardDiff(),
    vjp_autodiff = AutoFiniteDiff(
        fdtype = Val{:forward}(),
        fdjtype = Val{:forward}(),
        fdhtype = Val{:hcentral}(),
        dir = true
    ),
    jvp_autodiff = AutoForwardDiff(),
    concrete_jac = Val{true}()
)

----    	-------------       	-----------         
Iter    	f(u) 2-norm         	Step 2-norm         
----    	-------------       	-----------         
0       	4.42557975e+02      	2.18176648e+243     
1       	2.55193988e+02      	5.66365497e-02      
8       	9.19031963e+01      	1.12119531e-01      
15      	5.30323375e+00      	4.89847721e-01      
22      	1.90459873e+00      	0.00000000e+00      
29      	4.86361344e+00      	8.04004326e-01      
36      	1.63657375e+00      	6.08185577e-01      
43      	3.08230862e+00      	0.00000000e+00      
50      	2.67262624e+00      	0.00000000e+00      
57      	5.00508616e+00      	0.00000000e+00      
64      	5.94663529e-01      	3.27679620e-01      
71      	1.52136522e+00      	0.00000000e+00      
78      	4.20760529e+00      	0.00000000e+00      
85      	2.85288626e+00      	0.00000000e+00      
92      	4.05714644e+00      	0.00000000e+00      
99      	1.84400897e+00      	5.31609055e-01      
106     	8.28375599e-01      	3.97875397e-01      
113     	4.69753127e-01      	0.00000000e+00      
120     	4.69753127e-01      	0.00000000e+00      
127     	9.87077191e-02      	1.91809861e-01      
134     	4.22584652e-02      	2.01318250e-01      
141     	3.01373714e-04      	3.76892520e-02      
148     	6.90469165e-03      	1.20024828e-01      
Final   	1.50514942e-04      
----------------------      
  AMR 1/1: M=75  err=2.43e-9  obs=4.19e-6  nrmse=0.00686  best=0.00686  refined=0
collocation [172s]
  [final]  nrmse=0.006864  l2=0.0238
extrapolation window: T=321.8122 -> T_test=643.624  n_test=100
  [train]  E_traj=0.0001076  E_VF=0.00177  E_spec=2.299e18
  [test ]  E_traj=45000.0  E_VF=4.261e8  E_spec=7.22e27
saved /orcd/home/002/txenakis/projects/BVPsolver/src/../data/runs/run_7yNIAa2I/hires_fit.png
saved /orcd/home/002/txenakis/projects/BVPsolver/src/../data/runs/run_7yNIAa2I/hires_fit_extrapolated.png
saved /orcd/home/002/txenakis/projects/BVPsolver/src/../data/runs/run_7yNIAa2I/hires_spectral_fit_extrapolated.png
saved /orcd/home/002/txenakis/projects/BVPsolver/src/../data/runs/run_7yNIAa2I/hires_vf_fit_extrapolated.png
┌ Warning: Attempting to store StiffNN.var"#18#19"{Type{Float64}}.
│ JLD2 only stores functions by name.
│  This may not be useful for anonymous functions.
└ @ JLD2 ~/.julia/packages/JLD2/ADycq/src/data/writing_datatypes.jl:447
saved run → /orcd/home/002/txenakis/projects/BVPsolver/src/../data/runs/run_7yNIAa2I
--------------------------------------
Done: Wed Sep 23 15:24:54 EDT 2026
