Task 364/1800: --problem rober --model stiff --profile fast --seed 114 --pretraining derivmatch --training collocation
Logging to /home/txenakis/projects/BVPsolver/logs/run_main_23493023_364.log
rober  model=stiff width=12 d=3 tlen=50 profile=fast seed=114  solver=Rodas5  N=318
  derivmatch lr=0.01 iter=170/3400 loss=0.6985
  derivmatch lr=0.01 iter=340/3400 loss=0.2438
  derivmatch lr=0.01 iter=510/3400 loss=0.1503
  derivmatch lr=0.01 iter=680/3400 loss=0.116
  derivmatch lr=0.01 iter=850/3400 loss=0.09406
  derivmatch lr=0.01 iter=1020/3400 loss=0.1002
  derivmatch lr=0.01 iter=1190/3400 loss=0.05729
  derivmatch lr=0.01 iter=1360/3400 loss=0.0511
  derivmatch lr=0.01 iter=1530/3400 loss=0.04908
  derivmatch lr=0.01 iter=1700/3400 loss=0.04081
  derivmatch lr=0.01 iter=1870/3400 loss=0.03285
  derivmatch lr=0.01 iter=2040/3400 loss=0.02981
  derivmatch lr=0.01 iter=2210/3400 loss=0.02741
  derivmatch lr=0.01 iter=2380/3400 loss=0.02355
  derivmatch lr=0.01 iter=2550/3400 loss=0.02008
  derivmatch lr=0.01 iter=2720/3400 loss=0.01703
  derivmatch lr=0.01 iter=2890/3400 loss=0.01442
  derivmatch lr=0.01 iter=3060/3400 loss=0.01223
  derivmatch lr=0.01 iter=3230/3400 loss=0.01045
  derivmatch lr=0.01 iter=3400/3400 loss=0.009032
  derivmatch lr=0.01 iter=3400/3400 loss=0.009032
  derivmatch lr=0.003 iter=125/2500 loss=0.006822
  derivmatch lr=0.003 iter=250/2500 loss=0.005943
  derivmatch lr=0.003 iter=375/2500 loss=0.005339
  derivmatch lr=0.003 iter=500/2500 loss=0.004534
  derivmatch lr=0.003 iter=625/2500 loss=0.003947
  derivmatch lr=0.003 iter=750/2500 loss=0.00355
  derivmatch lr=0.003 iter=875/2500 loss=0.003204
  derivmatch lr=0.003 iter=1000/2500 loss=0.002897
  derivmatch lr=0.003 iter=1125/2500 loss=0.002637
  derivmatch lr=0.003 iter=1250/2500 loss=0.002426
  derivmatch lr=0.003 iter=1375/2500 loss=0.00225
  derivmatch lr=0.003 iter=1500/2500 loss=0.002098
  derivmatch lr=0.003 iter=1625/2500 loss=0.001957
  derivmatch lr=0.003 iter=1750/2500 loss=0.001825
  derivmatch lr=0.003 iter=1875/2500 loss=0.0017
  derivmatch lr=0.003 iter=2000/2500 loss=0.001582
  derivmatch lr=0.003 iter=2125/2500 loss=0.001471
  derivmatch lr=0.003 iter=2250/2500 loss=0.001366
  derivmatch lr=0.003 iter=2375/2500 loss=0.00127
  derivmatch lr=0.003 iter=2500/2500 loss=0.001181
  derivmatch lr=0.003 iter=2500/2500 loss=0.001181
  derivmatch lr=0.001 iter=125/2500 loss=0.001166
  derivmatch lr=0.001 iter=250/2500 loss=0.001143
  derivmatch lr=0.001 iter=375/2500 loss=0.001115
  derivmatch lr=0.001 iter=500/2500 loss=0.001084
  derivmatch lr=0.001 iter=625/2500 loss=0.00105
  derivmatch lr=0.001 iter=750/2500 loss=0.001014
  derivmatch lr=0.001 iter=875/2500 loss=0.0009778
  derivmatch lr=0.001 iter=1000/2500 loss=0.0009407
  derivmatch lr=0.001 iter=1125/2500 loss=0.0009033
  derivmatch lr=0.001 iter=1250/2500 loss=0.000866
  derivmatch lr=0.001 iter=1375/2500 loss=0.0008289
  derivmatch lr=0.001 iter=1500/2500 loss=0.0007921
  derivmatch lr=0.001 iter=1625/2500 loss=0.0007556
  derivmatch lr=0.001 iter=1750/2500 loss=0.000719
  derivmatch lr=0.001 iter=1875/2500 loss=0.0006819
  derivmatch lr=0.001 iter=2000/2500 loss=0.0006446
  derivmatch lr=0.001 iter=2125/2500 loss=0.000609
  derivmatch lr=0.001 iter=2250/2500 loss=0.0005798
  derivmatch lr=0.001 iter=2375/2500 loss=0.0005528
  derivmatch lr=0.001 iter=2500/2500 loss=0.0005266
  derivmatch lr=0.001 iter=2500/2500 loss=0.0005266
  derivmatch lr=0.0003 iter=80/1600 loss=0.0005228
  derivmatch lr=0.0003 iter=160/1600 loss=0.0005188
  derivmatch lr=0.0003 iter=240/1600 loss=0.000514
  derivmatch lr=0.0003 iter=320/1600 loss=0.0005086
  derivmatch lr=0.0003 iter=400/1600 loss=0.0005028
  derivmatch lr=0.0003 iter=480/1600 loss=0.0004965
  derivmatch lr=0.0003 iter=560/1600 loss=0.0004899
  derivmatch lr=0.0003 iter=640/1600 loss=0.0004831
  derivmatch lr=0.0003 iter=720/1600 loss=0.000476
  derivmatch lr=0.0003 iter=800/1600 loss=0.0004687
  derivmatch lr=0.0003 iter=880/1600 loss=0.0004612
  derivmatch lr=0.0003 iter=960/1600 loss=0.0004535
  derivmatch lr=0.0003 iter=1040/1600 loss=0.0004458
  derivmatch lr=0.0003 iter=1120/1600 loss=0.0004378
  derivmatch lr=0.0003 iter=1200/1600 loss=0.0004298
  derivmatch lr=0.0003 iter=1280/1600 loss=0.0004217
  derivmatch lr=0.0003 iter=1360/1600 loss=0.0004147
  derivmatch lr=0.0003 iter=1440/1600 loss=0.0004068
  derivmatch lr=0.0003 iter=1520/1600 loss=0.0003997
  derivmatch lr=0.0003 iter=1600/1600 loss=0.0003925
  derivmatch lr=0.0003 iter=1600/1600 loss=0.0003925
derivative matching [38s]  fitloss=0.000392
  [derivative matching]  nrmse=0.004549  l2=0.02689
  collocation: M=54 residuals=627  detecting sparsity + solving...

Algorithm: LevenbergMarquardt(
    trustregion = LevenbergMarquardtTrustRegion(
        β_uphill = 0.0
    ),
    descent = GeodesicAcceleration(
        descent = DampedNewtonDescent(
            linsolve = KLUFactorization(
                reuse_symbolic = true,
                check_pattern = true
            ),
            initial_damping = 1.0,
            damping_fn = LevenbergMarquardtDampingFunction(
                increase_factor = 2.0,
                decrease_factor = 3.0,
                min_damping = 1.0e-8
            ),
            min_norm_mode = :auto
        ),
        finite_diff_step_geodesic = 0.1,
        α = 0.75
    ),
    autodiff = AutoForwardDiff(),
    vjp_autodiff = AutoFiniteDiff(
        fdtype = Val{:forward}(),
        fdjtype = Val{:forward}(),
        fdhtype = Val{:hcentral}(),
        dir = true
    ),
    jvp_autodiff = AutoForwardDiff(),
    concrete_jac = Val{true}()
)

----    	-------------       	-----------         
Iter    	f(u) 2-norm         	Step 2-norm         
----    	-------------       	-----------         
0       	1.76049027e+03      	NaN                 
1       	2.13911949e+03      	2.39162288e-02      
8       	4.39154260e+02      	3.73657814e-02      
15      	8.74179610e+01      	1.47673765e-01      
22      	1.43405696e+03      	6.86463726e-01      
29      	2.51219536e+02      	5.30685008e-01      
36      	1.70349168e+03      	0.00000000e+00      
43      	2.65250763e+03      	5.23742083e-01      
50      	1.76785376e+03      	0.00000000e+00      
57      	1.35705997e+02      	3.22161315e-01      
64      	2.05249277e+02      	0.00000000e+00      
71      	1.75485398e+02      	2.28531163e-01      
78      	1.44575698e+01      	0.00000000e+00      
85      	1.52573496e+01      	0.00000000e+00      
92      	4.03049904e+01      	1.65662622e-01      
99      	2.31601771e+02      	0.00000000e+00      
106     	7.97614756e+01      	0.00000000e+00      
113     	2.29453525e+02      	0.00000000e+00      
120     	1.02792138e+02      	2.04474706e-01      
127     	2.97144458e+01      	0.00000000e+00      
134     	2.51166244e+01      	7.86582218e-02      
141     	3.63326144e+02      	2.01647578e-01      
148     	6.13895255e+02      	0.00000000e+00      
Final   	2.31375260e-01      
----------------------      
  AMR 1/1: M=54  err=0.0188  obs=1.86e-10  nrmse=9.96e-5  best=9.96e-5  refined=0
collocation [23s]
  [final]  nrmse=9.964e-5  l2=0.0002312
extrapolation window: T=1000.0 -> T_test=1.0e12  n_test=100
  [train]  E_traj=2.804e-8  E_VF=1.497e-5  E_spec=4.857e27
  [test ]  E_traj=0.8424  E_VF=4.695e9  E_spec=3.513e23
saved /orcd/home/002/txenakis/projects/BVPsolver/src/../data/runs/run_xtl23Cn2/rober_fit.png
saved /orcd/home/002/txenakis/projects/BVPsolver/src/../data/runs/run_xtl23Cn2/rober_fit_extrapolated.png
saved /orcd/home/002/txenakis/projects/BVPsolver/src/../data/runs/run_xtl23Cn2/rober_spectral_fit_extrapolated.png
saved /orcd/home/002/txenakis/projects/BVPsolver/src/../data/runs/run_xtl23Cn2/rober_vf_fit_extrapolated.png
┌ Warning: Attempting to store StiffNN.var"#12#13"{Float64, Float64, Float64}.
│ JLD2 only stores functions by name.
│  This may not be useful for anonymous functions.
└ @ JLD2 ~/.julia/packages/JLD2/ADycq/src/data/writing_datatypes.jl:447
saved run → /orcd/home/002/txenakis/projects/BVPsolver/src/../data/runs/run_xtl23Cn2
--------------------------------------
Done: Wed Sep 23 05:28:27 EDT 2026
