Task 596/1800: --problem rober --model GELU-scaled --profile fast --seed 146 --pretraining derivmatch --training collocation
Logging to /home/txenakis/projects/BVPsolver/logs/run_main_23544358_596.log
rober  model=GELU-scaled width=7 d=3 tlen=50 profile=fast seed=146  solver=Rodas5  N=332
  derivmatch lr=0.01 iter=170/3400 loss=9.093
  derivmatch lr=0.01 iter=340/3400 loss=9.17
  derivmatch lr=0.01 iter=510/3400 loss=7.305
  derivmatch lr=0.01 iter=680/3400 loss=7.268
  derivmatch lr=0.01 iter=850/3400 loss=7.589
  derivmatch lr=0.01 iter=1020/3400 loss=6.059
  derivmatch lr=0.01 iter=1190/3400 loss=6.226
  derivmatch lr=0.01 iter=1360/3400 loss=17.67
  derivmatch lr=0.01 iter=1530/3400 loss=7.863
  derivmatch lr=0.01 iter=1700/3400 loss=7.105
  derivmatch lr=0.01 iter=1870/3400 loss=6.01
  derivmatch lr=0.01 iter=2040/3400 loss=5.915
  derivmatch lr=0.01 iter=2210/3400 loss=5.836
  derivmatch lr=0.01 iter=2380/3400 loss=5.759
  derivmatch lr=0.01 iter=2550/3400 loss=5.685
  derivmatch lr=0.01 iter=2720/3400 loss=5.611
  derivmatch lr=0.01 iter=2890/3400 loss=5.52
  derivmatch lr=0.01 iter=3060/3400 loss=8.976
  derivmatch lr=0.01 iter=3230/3400 loss=8.781
  derivmatch lr=0.01 iter=3400/3400 loss=8.65
  derivmatch lr=0.01 iter=3400/3400 loss=5.478
  derivmatch lr=0.003 iter=125/2500 loss=6.903
  derivmatch lr=0.003 iter=250/2500 loss=5.726
  derivmatch lr=0.003 iter=375/2500 loss=5.343
  derivmatch lr=0.003 iter=500/2500 loss=5.275
  derivmatch lr=0.003 iter=625/2500 loss=5.212
  derivmatch lr=0.003 iter=750/2500 loss=5.147
  derivmatch lr=0.003 iter=875/2500 loss=5.073
  derivmatch lr=0.003 iter=1000/2500 loss=4.993
  derivmatch lr=0.003 iter=1125/2500 loss=4.901
  derivmatch lr=0.003 iter=1250/2500 loss=4.799
  derivmatch lr=0.003 iter=1375/2500 loss=4.7
  derivmatch lr=0.003 iter=1500/2500 loss=8.87
  derivmatch lr=0.003 iter=1625/2500 loss=6.927
  derivmatch lr=0.003 iter=1750/2500 loss=6.624
  derivmatch lr=0.003 iter=1875/2500 loss=6.312
  derivmatch lr=0.003 iter=2000/2500 loss=5.825
  derivmatch lr=0.003 iter=2125/2500 loss=5.127
  derivmatch lr=0.003 iter=2250/2500 loss=5.121
  derivmatch lr=0.003 iter=2375/2500 loss=7.197
  derivmatch lr=0.003 iter=2500/2500 loss=6.641
  derivmatch lr=0.003 iter=2500/2500 loss=4.636
  derivmatch lr=0.001 iter=125/2500 loss=4.771
  derivmatch lr=0.001 iter=250/2500 loss=4.652
  derivmatch lr=0.001 iter=375/2500 loss=4.603
  derivmatch lr=0.001 iter=500/2500 loss=4.552
  derivmatch lr=0.001 iter=625/2500 loss=4.495
  derivmatch lr=0.001 iter=750/2500 loss=4.444
  derivmatch lr=0.001 iter=875/2500 loss=7.297
  derivmatch lr=0.001 iter=1000/2500 loss=7.041
  derivmatch lr=0.001 iter=1125/2500 loss=6.652
  derivmatch lr=0.001 iter=1250/2500 loss=5.763
  derivmatch lr=0.001 iter=1375/2500 loss=4.626
  derivmatch lr=0.001 iter=1500/2500 loss=4.594
  derivmatch lr=0.001 iter=1625/2500 loss=6.23
  derivmatch lr=0.001 iter=1750/2500 loss=6.693
  derivmatch lr=0.001 iter=1875/2500 loss=6.099
  derivmatch lr=0.001 iter=2000/2500 loss=8.017
  derivmatch lr=0.001 iter=2125/2500 loss=7.341
  derivmatch lr=0.001 iter=2250/2500 loss=6.56
  derivmatch lr=0.001 iter=2375/2500 loss=4.493
  derivmatch lr=0.001 iter=2500/2500 loss=6.693
  derivmatch lr=0.001 iter=2500/2500 loss=4.258
  derivmatch lr=0.0003 iter=80/1600 loss=4.523
  derivmatch lr=0.0003 iter=160/1600 loss=4.241
  derivmatch lr=0.0003 iter=240/1600 loss=4.231
  derivmatch lr=0.0003 iter=320/1600 loss=4.221
  derivmatch lr=0.0003 iter=400/1600 loss=4.21
  derivmatch lr=0.0003 iter=480/1600 loss=4.2
  derivmatch lr=0.0003 iter=560/1600 loss=4.189
  derivmatch lr=0.0003 iter=640/1600 loss=4.178
  derivmatch lr=0.0003 iter=720/1600 loss=4.167
  derivmatch lr=0.0003 iter=800/1600 loss=4.156
  derivmatch lr=0.0003 iter=880/1600 loss=4.145
  derivmatch lr=0.0003 iter=960/1600 loss=4.133
  derivmatch lr=0.0003 iter=1040/1600 loss=4.122
  derivmatch lr=0.0003 iter=1120/1600 loss=4.11
  derivmatch lr=0.0003 iter=1200/1600 loss=4.098
  derivmatch lr=0.0003 iter=1280/1600 loss=4.086
  derivmatch lr=0.0003 iter=1360/1600 loss=4.074
  derivmatch lr=0.0003 iter=1440/1600 loss=5.511
  derivmatch lr=0.0003 iter=1520/1600 loss=5.199
  derivmatch lr=0.0003 iter=1600/1600 loss=5.133
  derivmatch lr=0.0003 iter=1600/1600 loss=4.073
derivative matching [26s]  fitloss=4.07
  [derivative matching]  nrmse=10.78  l2=0.06987
  collocation: M=54 residuals=627  detecting sparsity + solving...

Algorithm: LevenbergMarquardt(
    trustregion = LevenbergMarquardtTrustRegion(
        β_uphill = 0.0
    ),
    descent = GeodesicAcceleration(
        descent = DampedNewtonDescent(
            linsolve = KLUFactorization(
                reuse_symbolic = true,
                check_pattern = true
            ),
            initial_damping = 1.0,
            damping_fn = LevenbergMarquardtDampingFunction(
                increase_factor = 2.0,
                decrease_factor = 3.0,
                min_damping = 1.0e-8
            ),
            min_norm_mode = :auto
        ),
        finite_diff_step_geodesic = 0.1,
        α = 0.75
    ),
    autodiff = AutoForwardDiff(),
    vjp_autodiff = AutoFiniteDiff(
        fdtype = Val{:forward}(),
        fdjtype = Val{:forward}(),
        fdhtype = Val{:hcentral}(),
        dir = true
    ),
    jvp_autodiff = AutoForwardDiff(),
    concrete_jac = Val{true}()
)

----    	-------------       	-----------         
Iter    	f(u) 2-norm         	Step 2-norm         
----    	-------------       	-----------         
0       	7.64673944e+04      	NaN                 
1       	3.57466309e+03      	2.74750300e-01      
8       	3.48489201e+04      	0.00000000e+00      
15      	1.63383646e+04      	0.00000000e+00      
22      	1.42137324e+04      	0.00000000e+00      
29      	1.31285784e+04      	9.84916269e-01      
36      	2.27120622e+04      	0.00000000e+00      
43      	2.27120622e+04      	0.00000000e+00      
50      	1.29357999e+04      	3.79630375e-02      
57      	3.31104777e+03      	1.62390796e+00      
64      	5.72615728e+03      	0.00000000e+00      
71      	5.76486415e+03      	1.61916477e-02      
78      	3.10698377e+03      	0.00000000e+00      
85      	1.23457248e+04      	1.00887134e+00      
92      	5.02902065e+03      	2.13593730e-01      
99      	6.65660993e+03      	0.00000000e+00      
106     	6.65660993e+03      	0.00000000e+00      
113     	6.93808723e+03      	1.85081437e-03      
120     	4.72059094e+03      	7.28275641e-01      
127     	6.42297215e+03      	0.00000000e+00      
134     	6.42297215e+03      	0.00000000e+00      
141     	6.77509385e+03      	7.73063138e-04      
148     	6.86251763e+03      	6.23964309e-01      
Final   	1.94742547e+03      
----------------------      
  AMR 1/1: M=54  err=684000.0  obs=0.00309  nrmse=0.335  best=0.335  refined=0
collocation [17s]
  [final]  nrmse=0.3348  l2=0.1062
extrapolation window: T=1000.0 -> T_test=1.0e12  n_test=100
  [train]  E_traj=0.2923  E_VF=156.7  E_spec=6.395e21
  [test ]  E_traj=NaN  E_VF=NaN  E_spec=NaN
saved /orcd/home/002/txenakis/projects/BVPsolver/src/../data/runs/run_vPkcGN9i/rober_fit.png
saved /orcd/home/002/txenakis/projects/BVPsolver/src/../data/runs/run_vPkcGN9i/rober_fit_extrapolated.png
saved /orcd/home/002/txenakis/projects/BVPsolver/src/../data/runs/run_vPkcGN9i/rober_spectral_fit_extrapolated.png
saved /orcd/home/002/txenakis/projects/BVPsolver/src/../data/runs/run_vPkcGN9i/rober_vf_fit_extrapolated.png
┌ Warning: Attempting to store StiffNN.var"#12#13"{Float64, Float64, Float64}.
│ JLD2 only stores functions by name.
│  This may not be useful for anonymous functions.
└ @ JLD2 ~/.julia/packages/JLD2/ADycq/src/data/writing_datatypes.jl:447
saved run → /orcd/home/002/txenakis/projects/BVPsolver/src/../data/runs/run_vPkcGN9i
--------------------------------------
Done: Wed Sep 23 09:38:52 EDT 2026
