Task 137/200: --problem dahlquist --param -1000 --model stiff --profile fast --seed 807 --pretraining derivmatch --training none
Logging to /home/txenakis/projects/BVPsolver/logs/run_main_23927197_137.log
dahlquist  model=stiff width=8 d=1 tlen=50 profile=fast seed=807  solver=Rodas5  N=114
  derivmatch lr=0.01 iter=170/3400 loss=0.00467
  derivmatch lr=0.01 iter=340/3400 loss=0.001575
  derivmatch lr=0.01 iter=510/3400 loss=0.0006363
  derivmatch lr=0.01 iter=680/3400 loss=0.0003231
  derivmatch lr=0.01 iter=850/3400 loss=0.0002226
  derivmatch lr=0.01 iter=1020/3400 loss=0.0001861
  derivmatch lr=0.01 iter=1190/3400 loss=0.0001681
  derivmatch lr=0.01 iter=1360/3400 loss=0.000156
  derivmatch lr=0.01 iter=1530/3400 loss=0.0001461
  derivmatch lr=0.01 iter=1700/3400 loss=0.0001377
  derivmatch lr=0.01 iter=1870/3400 loss=0.0001302
  derivmatch lr=0.01 iter=2040/3400 loss=0.0001235
  derivmatch lr=0.01 iter=2210/3400 loss=0.0001175
  derivmatch lr=0.01 iter=2380/3400 loss=0.0001121
  derivmatch lr=0.01 iter=2550/3400 loss=0.0001072
  derivmatch lr=0.01 iter=2720/3400 loss=0.0001026
  derivmatch lr=0.01 iter=2890/3400 loss=9.842e-5
  derivmatch lr=0.01 iter=3060/3400 loss=9.452e-5
  derivmatch lr=0.01 iter=3230/3400 loss=9.091e-5
  derivmatch lr=0.01 iter=3400/3400 loss=8.755e-5
  derivmatch lr=0.01 iter=3400/3400 loss=8.755e-5
  derivmatch lr=0.003 iter=125/2500 loss=8.121e-5
  derivmatch lr=0.003 iter=250/2500 loss=7.485e-5
  derivmatch lr=0.003 iter=375/2500 loss=6.617e-5
  derivmatch lr=0.003 iter=500/2500 loss=5.414e-5
  derivmatch lr=0.003 iter=625/2500 loss=3.794e-5
  derivmatch lr=0.003 iter=750/2500 loss=2.315e-5
  derivmatch lr=0.003 iter=875/2500 loss=2.516e-5
  derivmatch lr=0.003 iter=1000/2500 loss=1.392e-5
  derivmatch lr=0.003 iter=1125/2500 loss=1.137e-5
  derivmatch lr=0.003 iter=1250/2500 loss=9.407e-6
  derivmatch lr=0.003 iter=1375/2500 loss=8.595e-6
  derivmatch lr=0.003 iter=1500/2500 loss=7.386e-6
  derivmatch lr=0.003 iter=1625/2500 loss=6.879e-6
  derivmatch lr=0.003 iter=1750/2500 loss=6.495e-6
  derivmatch lr=0.003 iter=1875/2500 loss=6.202e-6
  derivmatch lr=0.003 iter=2000/2500 loss=5.94e-6
  derivmatch lr=0.003 iter=2125/2500 loss=5.759e-6
  derivmatch lr=0.003 iter=2250/2500 loss=5.519e-6
  derivmatch lr=0.003 iter=2375/2500 loss=9.355e-6
  derivmatch lr=0.003 iter=2500/2500 loss=5.171e-6
  derivmatch lr=0.003 iter=2500/2500 loss=5.171e-6
  derivmatch lr=0.001 iter=125/2500 loss=5.142e-6
  derivmatch lr=0.001 iter=250/2500 loss=5.108e-6
  derivmatch lr=0.001 iter=375/2500 loss=5.064e-6
  derivmatch lr=0.001 iter=500/2500 loss=5.013e-6
  derivmatch lr=0.001 iter=625/2500 loss=4.954e-6
  derivmatch lr=0.001 iter=750/2500 loss=4.89e-6
  derivmatch lr=0.001 iter=875/2500 loss=4.82e-6
  derivmatch lr=0.001 iter=1000/2500 loss=4.746e-6
  derivmatch lr=0.001 iter=1125/2500 loss=4.668e-6
  derivmatch lr=0.001 iter=1250/2500 loss=4.586e-6
  derivmatch lr=0.001 iter=1375/2500 loss=4.501e-6
  derivmatch lr=0.001 iter=1500/2500 loss=4.414e-6
  derivmatch lr=0.001 iter=1625/2500 loss=4.325e-6
  derivmatch lr=0.001 iter=1750/2500 loss=4.234e-6
  derivmatch lr=0.001 iter=1875/2500 loss=4.141e-6
  derivmatch lr=0.001 iter=2000/2500 loss=4.055e-6
  derivmatch lr=0.001 iter=2125/2500 loss=3.97e-6
  derivmatch lr=0.001 iter=2250/2500 loss=3.884e-6
  derivmatch lr=0.001 iter=2375/2500 loss=3.798e-6
  derivmatch lr=0.001 iter=2500/2500 loss=3.874e-6
  derivmatch lr=0.001 iter=2500/2500 loss=3.749e-6
  derivmatch lr=0.0003 iter=80/1600 loss=3.744e-6
  derivmatch lr=0.0003 iter=160/1600 loss=3.732e-6
  derivmatch lr=0.0003 iter=240/1600 loss=3.719e-6
  derivmatch lr=0.0003 iter=320/1600 loss=3.704e-6
  derivmatch lr=0.0003 iter=400/1600 loss=3.686e-6
  derivmatch lr=0.0003 iter=480/1600 loss=3.668e-6
  derivmatch lr=0.0003 iter=560/1600 loss=3.647e-6
  derivmatch lr=0.0003 iter=640/1600 loss=3.626e-6
  derivmatch lr=0.0003 iter=720/1600 loss=3.603e-6
  derivmatch lr=0.0003 iter=800/1600 loss=3.579e-6
  derivmatch lr=0.0003 iter=880/1600 loss=3.554e-6
  derivmatch lr=0.0003 iter=960/1600 loss=3.528e-6
  derivmatch lr=0.0003 iter=1040/1600 loss=3.501e-6
  derivmatch lr=0.0003 iter=1120/1600 loss=3.474e-6
  derivmatch lr=0.0003 iter=1200/1600 loss=3.446e-6
  derivmatch lr=0.0003 iter=1280/1600 loss=3.417e-6
  derivmatch lr=0.0003 iter=1360/1600 loss=3.388e-6
  derivmatch lr=0.0003 iter=1440/1600 loss=3.358e-6
  derivmatch lr=0.0003 iter=1520/1600 loss=3.328e-6
  derivmatch lr=0.0003 iter=1600/1600 loss=3.298e-6
  derivmatch lr=0.0003 iter=1600/1600 loss=3.298e-6
derivative matching [28s]  fitloss=3.3e-6
  [derivative matching]  nrmse=0.001083  l2=0.007659
  trajectory_parameter_sensitivity_rms = 0.4686
extrapolation window: T=1.0 -> T_test=2.0  n_test=100
  [train]  E_traj=7.537e-6  E_VF=0.000297  E_spec=0.1597
  [test ]  E_traj=1.4859999999999999e26  E_VF=3.4889999999999996e26  E_spec=0.2833
saved /orcd/home/002/txenakis/projects/BVPsolver/src/../data/runs/run_OBAcAFrG/dahlquist_fit.png
saved /orcd/home/002/txenakis/projects/BVPsolver/src/../data/runs/run_OBAcAFrG/dahlquist_fit_extrapolated.png
saved /orcd/home/002/txenakis/projects/BVPsolver/src/../data/runs/run_OBAcAFrG/dahlquist_spectral_fit_extrapolated.png
saved /orcd/home/002/txenakis/projects/BVPsolver/src/../data/runs/run_OBAcAFrG/dahlquist_vf_fit_extrapolated.png
┌ Warning: Attempting to store StiffNN.var"#25#26"{Float64}.
│ JLD2 only stores functions by name.
│  This may not be useful for anonymous functions.
└ @ JLD2 ~/.julia/packages/JLD2/ADycq/src/data/writing_datatypes.jl:447
saved run → /orcd/home/002/txenakis/projects/BVPsolver/src/../data/runs/run_OBAcAFrG
--------------------------------------
Done: Fri Sep 25 16:23:51 EDT 2026
