Task 469/1800: --problem rober --model mlp --profile fast --seed 119 --pretraining derivmatch --training collocation
Logging to /home/txenakis/projects/BVPsolver/logs/run_main_23544358_469.log
rober  model=mlp width=15 d=3 tlen=50 profile=fast seed=119  solver=Rodas5  N=348
  derivmatch lr=0.01 iter=170/3400 loss=34.21
  derivmatch lr=0.01 iter=340/3400 loss=71.57
  derivmatch lr=0.01 iter=510/3400 loss=40.93
  derivmatch lr=0.01 iter=680/3400 loss=42.97
  derivmatch lr=0.01 iter=850/3400 loss=31.42
  derivmatch lr=0.01 iter=1020/3400 loss=46.77
  derivmatch lr=0.01 iter=1190/3400 loss=43.74
  derivmatch lr=0.01 iter=1360/3400 loss=35.7
  derivmatch lr=0.01 iter=1530/3400 loss=48.76
  derivmatch lr=0.01 iter=1700/3400 loss=48.0
  derivmatch lr=0.01 iter=1870/3400 loss=38.22
  derivmatch lr=0.01 iter=2040/3400 loss=43.66
  derivmatch lr=0.01 iter=2210/3400 loss=28.16
  derivmatch lr=0.01 iter=2380/3400 loss=50.89
  derivmatch lr=0.01 iter=2550/3400 loss=50.98
  derivmatch lr=0.01 iter=2720/3400 loss=61.93
  derivmatch lr=0.01 iter=2890/3400 loss=55.79
  derivmatch lr=0.01 iter=3060/3400 loss=46.29
  derivmatch lr=0.01 iter=3230/3400 loss=57.94
  derivmatch lr=0.01 iter=3400/3400 loss=54.96
  derivmatch lr=0.01 iter=3400/3400 loss=20.27
  derivmatch lr=0.003 iter=125/2500 loss=19.87
  derivmatch lr=0.003 iter=250/2500 loss=31.42
  derivmatch lr=0.003 iter=375/2500 loss=32.22
  derivmatch lr=0.003 iter=500/2500 loss=39.45
  derivmatch lr=0.003 iter=625/2500 loss=37.31
  derivmatch lr=0.003 iter=750/2500 loss=32.92
  derivmatch lr=0.003 iter=875/2500 loss=38.49
  derivmatch lr=0.003 iter=1000/2500 loss=39.99
  derivmatch lr=0.003 iter=1125/2500 loss=34.39
  derivmatch lr=0.003 iter=1250/2500 loss=28.53
  derivmatch lr=0.003 iter=1375/2500 loss=42.01
  derivmatch lr=0.003 iter=1500/2500 loss=37.94
  derivmatch lr=0.003 iter=1625/2500 loss=31.1
  derivmatch lr=0.003 iter=1750/2500 loss=26.31
  derivmatch lr=0.003 iter=1875/2500 loss=26.7
  derivmatch lr=0.003 iter=2000/2500 loss=36.9
  derivmatch lr=0.003 iter=2125/2500 loss=24.47
  derivmatch lr=0.003 iter=2250/2500 loss=27.36
  derivmatch lr=0.003 iter=2375/2500 loss=22.07
  derivmatch lr=0.003 iter=2500/2500 loss=33.42
  derivmatch lr=0.003 iter=2500/2500 loss=13.48
  derivmatch lr=0.001 iter=125/2500 loss=13.7
  derivmatch lr=0.001 iter=250/2500 loss=26.8
  derivmatch lr=0.001 iter=375/2500 loss=24.99
  derivmatch lr=0.001 iter=500/2500 loss=15.97
  derivmatch lr=0.001 iter=625/2500 loss=29.17
  derivmatch lr=0.001 iter=750/2500 loss=29.31
  derivmatch lr=0.001 iter=875/2500 loss=25.09
  derivmatch lr=0.001 iter=1000/2500 loss=21.36
  derivmatch lr=0.001 iter=1125/2500 loss=9.588
  derivmatch lr=0.001 iter=1250/2500 loss=10.19
  derivmatch lr=0.001 iter=1375/2500 loss=20.9
  derivmatch lr=0.001 iter=1500/2500 loss=18.41
  derivmatch lr=0.001 iter=1625/2500 loss=21.3
  derivmatch lr=0.001 iter=1750/2500 loss=21.92
  derivmatch lr=0.001 iter=1875/2500 loss=16.56
  derivmatch lr=0.001 iter=2000/2500 loss=17.45
  derivmatch lr=0.001 iter=2125/2500 loss=24.84
  derivmatch lr=0.001 iter=2250/2500 loss=24.36
  derivmatch lr=0.001 iter=2375/2500 loss=27.21
  derivmatch lr=0.001 iter=2500/2500 loss=25.26
  derivmatch lr=0.001 iter=2500/2500 loss=8.846
  derivmatch lr=0.0003 iter=80/1600 loss=9.619
  derivmatch lr=0.0003 iter=160/1600 loss=8.487
  derivmatch lr=0.0003 iter=240/1600 loss=8.296
  derivmatch lr=0.0003 iter=320/1600 loss=8.202
  derivmatch lr=0.0003 iter=400/1600 loss=7.843
  derivmatch lr=0.0003 iter=480/1600 loss=7.965
  derivmatch lr=0.0003 iter=560/1600 loss=8.346
  derivmatch lr=0.0003 iter=640/1600 loss=13.52
  derivmatch lr=0.0003 iter=720/1600 loss=16.39
  derivmatch lr=0.0003 iter=800/1600 loss=11.53
  derivmatch lr=0.0003 iter=880/1600 loss=7.504
  derivmatch lr=0.0003 iter=960/1600 loss=7.923
  derivmatch lr=0.0003 iter=1040/1600 loss=7.566
  derivmatch lr=0.0003 iter=1120/1600 loss=7.674
  derivmatch lr=0.0003 iter=1200/1600 loss=16.36
  derivmatch lr=0.0003 iter=1280/1600 loss=14.34
  derivmatch lr=0.0003 iter=1360/1600 loss=6.847
  derivmatch lr=0.0003 iter=1440/1600 loss=7.681
  derivmatch lr=0.0003 iter=1520/1600 loss=8.273
  derivmatch lr=0.0003 iter=1600/1600 loss=7.38
  derivmatch lr=0.0003 iter=1600/1600 loss=6.595
derivative matching [24s]  fitloss=6.6
  [derivative matching]  nrmse=886500.0  l2=473.4
  collocation: M=54 residuals=627  detecting sparsity + solving...

Algorithm: LevenbergMarquardt(
    trustregion = LevenbergMarquardtTrustRegion(
        β_uphill = 0.0
    ),
    descent = GeodesicAcceleration(
        descent = DampedNewtonDescent(
            linsolve = KLUFactorization(
                reuse_symbolic = true,
                check_pattern = true
            ),
            initial_damping = 1.0,
            damping_fn = LevenbergMarquardtDampingFunction(
                increase_factor = 2.0,
                decrease_factor = 3.0,
                min_damping = 1.0e-8
            ),
            min_norm_mode = :auto
        ),
        finite_diff_step_geodesic = 0.1,
        α = 0.75
    ),
    autodiff = AutoForwardDiff(),
    vjp_autodiff = AutoFiniteDiff(
        fdtype = Val{:forward}(),
        fdjtype = Val{:forward}(),
        fdhtype = Val{:hcentral}(),
        dir = true
    ),
    jvp_autodiff = AutoForwardDiff(),
    concrete_jac = Val{true}()
)

----    	-------------       	-----------         
Iter    	f(u) 2-norm         	Step 2-norm         
----    	-------------       	-----------         
0       	6.34616714e+07      	NaN                 
1       	8.10110765e+07      	1.22091067e-02      
8       	2.17559963e+07      	1.26273414e-01      
15      	8.72875392e+07      	0.00000000e+00      
22      	2.29786722e+09      	0.00000000e+00      
29      	5.64343475e+07      	2.71513043e-01      
36      	1.11713266e+07      	5.46573883e-01      
43      	1.19524419e+07      	3.02262712e-01      
50      	1.88308041e+07      	2.29212017e-01      
57      	3.37286895e+07      	0.00000000e+00      
64      	2.76567235e+08      	0.00000000e+00      
71      	8.10208389e+07      	0.00000000e+00      
78      	5.12556404e+08      	6.76563489e-01      
85      	1.44336062e+07      	0.00000000e+00      
92      	1.02765348e+08      	0.00000000e+00      
99      	1.15520225e+09      	0.00000000e+00      
106     	2.12082453e+08      	4.57202289e-01      
113     	3.74810558e+07      	0.00000000e+00      
120     	4.64693271e+08      	5.81395781e-01      
127     	2.49481291e+08      	0.00000000e+00      
134     	1.46915889e+09      	0.00000000e+00      
141     	7.33799386e+08      	0.00000000e+00      
148     	1.92708685e+09      	0.00000000e+00      
Final   	4.30477842e+06      
----------------------      
  AMR 1/1: M=54  err=1.06e13  obs=5.64e-5  nrmse=2.74  best=2.74  refined=0
collocation [17s]
  [final]  nrmse=2.742  l2=0.03007
extrapolation window: T=1000.0 -> T_test=1.0e12  n_test=100
  [train]  E_traj=19.57  E_VF=0.4924  E_spec=7.530000000000001e28
  [test ]  E_traj=2.601e35  E_VF=1.68e17  E_spec=2.025e30
saved /orcd/home/002/txenakis/projects/BVPsolver/src/../data/runs/run_sXoAOG4g/rober_fit.png
saved /orcd/home/002/txenakis/projects/BVPsolver/src/../data/runs/run_sXoAOG4g/rober_fit_extrapolated.png
saved /orcd/home/002/txenakis/projects/BVPsolver/src/../data/runs/run_sXoAOG4g/rober_spectral_fit_extrapolated.png
saved /orcd/home/002/txenakis/projects/BVPsolver/src/../data/runs/run_sXoAOG4g/rober_vf_fit_extrapolated.png
┌ Warning: Attempting to store StiffNN.var"#12#13"{Float64, Float64, Float64}.
│ JLD2 only stores functions by name.
│  This may not be useful for anonymous functions.
└ @ JLD2 ~/.julia/packages/JLD2/ADycq/src/data/writing_datatypes.jl:447
saved run → /orcd/home/002/txenakis/projects/BVPsolver/src/../data/runs/run_sXoAOG4g
--------------------------------------
Done: Wed Sep 23 09:22:04 EDT 2026
