Task 30/140: --problem vanderpol --param 5 --model GELU-scaled --profile fast --seed 40 --pretraining derivmatch --training shooting
Logging to /home/txenakis/projects/BVPsolver/logs/run_main_22314790_30.log
vanderpol  model=GELU-scaled width=7 d=2 tlen=1485 profile=fast seed=40  solver=Kvaerno5  N=317
  derivmatch lr=0.01 iter=170/3400 loss=4.461
  derivmatch lr=0.01 iter=340/3400 loss=5.785
  derivmatch lr=0.01 iter=510/3400 loss=0.4348
  derivmatch lr=0.01 iter=680/3400 loss=0.4513
  derivmatch lr=0.01 iter=850/3400 loss=0.1837
  derivmatch lr=0.01 iter=1020/3400 loss=0.08956
  derivmatch lr=0.01 iter=1190/3400 loss=0.07195
  derivmatch lr=0.01 iter=1360/3400 loss=0.04233
  derivmatch lr=0.01 iter=1530/3400 loss=0.03447
  derivmatch lr=0.01 iter=1700/3400 loss=0.06066
  derivmatch lr=0.01 iter=1870/3400 loss=0.02672
  derivmatch lr=0.01 iter=2040/3400 loss=0.02237
  derivmatch lr=0.01 iter=2210/3400 loss=0.02279
  derivmatch lr=0.01 iter=2380/3400 loss=0.02057
  derivmatch lr=0.01 iter=2550/3400 loss=0.02025
  derivmatch lr=0.01 iter=2720/3400 loss=0.01927
  derivmatch lr=0.01 iter=2890/3400 loss=0.0178
  derivmatch lr=0.01 iter=3060/3400 loss=0.01635
  derivmatch lr=0.01 iter=3230/3400 loss=0.01505
  derivmatch lr=0.01 iter=3400/3400 loss=0.01391
  derivmatch lr=0.01 iter=3400/3400 loss=0.01358
  derivmatch lr=0.003 iter=125/2500 loss=0.005217
  derivmatch lr=0.003 iter=250/2500 loss=0.003933
  derivmatch lr=0.003 iter=375/2500 loss=0.003481
  derivmatch lr=0.003 iter=500/2500 loss=0.003202
  derivmatch lr=0.003 iter=625/2500 loss=0.003001
  derivmatch lr=0.003 iter=750/2500 loss=0.003051
  derivmatch lr=0.003 iter=875/2500 loss=0.002782
  derivmatch lr=0.003 iter=1000/2500 loss=0.002678
  derivmatch lr=0.003 iter=1125/2500 loss=0.00259
  derivmatch lr=0.003 iter=1250/2500 loss=0.002509
  derivmatch lr=0.003 iter=1375/2500 loss=0.002448
  derivmatch lr=0.003 iter=1500/2500 loss=0.0032
  derivmatch lr=0.003 iter=1625/2500 loss=0.002456
  derivmatch lr=0.003 iter=1750/2500 loss=0.003485
  derivmatch lr=0.003 iter=1875/2500 loss=0.002415
  derivmatch lr=0.003 iter=2000/2500 loss=0.003109
  derivmatch lr=0.003 iter=2125/2500 loss=0.002551
  derivmatch lr=0.003 iter=2250/2500 loss=0.002168
  derivmatch lr=0.003 iter=2375/2500 loss=0.002397
  derivmatch lr=0.003 iter=2500/2500 loss=0.002541
  derivmatch lr=0.003 iter=2500/2500 loss=0.001929
  derivmatch lr=0.001 iter=125/2500 loss=0.001919
  derivmatch lr=0.001 iter=250/2500 loss=0.0019
  derivmatch lr=0.001 iter=375/2500 loss=0.001882
  derivmatch lr=0.001 iter=500/2500 loss=0.001863
  derivmatch lr=0.001 iter=625/2500 loss=0.001838
  derivmatch lr=0.001 iter=750/2500 loss=0.00178
  derivmatch lr=0.001 iter=875/2500 loss=0.001744
  derivmatch lr=0.001 iter=1000/2500 loss=0.001709
  derivmatch lr=0.001 iter=1125/2500 loss=0.001683
  derivmatch lr=0.001 iter=1250/2500 loss=0.001644
  derivmatch lr=0.001 iter=1375/2500 loss=0.001612
  derivmatch lr=0.001 iter=1500/2500 loss=0.001685
  derivmatch lr=0.001 iter=1625/2500 loss=0.00155
  derivmatch lr=0.001 iter=1750/2500 loss=0.001937
  derivmatch lr=0.001 iter=1875/2500 loss=0.00149
  derivmatch lr=0.001 iter=2000/2500 loss=0.001467
  derivmatch lr=0.001 iter=2125/2500 loss=0.001439
  derivmatch lr=0.001 iter=2250/2500 loss=0.001407
  derivmatch lr=0.001 iter=2375/2500 loss=0.001381
  derivmatch lr=0.001 iter=2500/2500 loss=0.00136
  derivmatch lr=0.001 iter=2500/2500 loss=0.001357
  derivmatch lr=0.0003 iter=80/1600 loss=0.001357
  derivmatch lr=0.0003 iter=160/1600 loss=0.001352
  derivmatch lr=0.0003 iter=240/1600 loss=0.001348
  derivmatch lr=0.0003 iter=320/1600 loss=0.001343
  derivmatch lr=0.0003 iter=400/1600 loss=0.001338
  derivmatch lr=0.0003 iter=480/1600 loss=0.001332
  derivmatch lr=0.0003 iter=560/1600 loss=0.001325
  derivmatch lr=0.0003 iter=640/1600 loss=0.001318
  derivmatch lr=0.0003 iter=720/1600 loss=0.001311
  derivmatch lr=0.0003 iter=800/1600 loss=0.001303
  derivmatch lr=0.0003 iter=880/1600 loss=0.001316
  derivmatch lr=0.0003 iter=960/1600 loss=0.001287
  derivmatch lr=0.0003 iter=1040/1600 loss=0.001279
  derivmatch lr=0.0003 iter=1120/1600 loss=0.00127
  derivmatch lr=0.0003 iter=1200/1600 loss=0.001261
  derivmatch lr=0.0003 iter=1280/1600 loss=0.001254
  derivmatch lr=0.0003 iter=1360/1600 loss=0.001243
  derivmatch lr=0.0003 iter=1440/1600 loss=0.001233
  derivmatch lr=0.0003 iter=1520/1600 loss=0.001223
  derivmatch lr=0.0003 iter=1600/1600 loss=0.001215
  derivmatch lr=0.0003 iter=1600/1600 loss=0.001214
derivative matching [43s]  fitloss=0.00121
  [derivative matching]  nrmse=0.2673  l2=115.7
  shooting iter=50/1000 loss=0.2298
  shooting iter=100/1000 loss=0.2258
  shooting iter=150/1000 loss=0.2251
  shooting iter=200/1000 loss=0.2247
  shooting iter=250/1000 loss=0.2243
  shooting iter=300/1000 loss=0.2238
  shooting iter=350/1000 loss=0.2234
  shooting iter=400/1000 loss=0.2229
  shooting iter=450/1000 loss=0.2223
  shooting iter=500/1000 loss=0.2213
  shooting iter=550/1000 loss=0.2203
  shooting iter=600/1000 loss=0.2196
  shooting iter=650/1000 loss=0.2196
  shooting iter=700/1000 loss=0.2194
  shooting iter=750/1000 loss=0.2192
  shooting iter=800/1000 loss=0.2251
  shooting iter=850/1000 loss=0.2253
  shooting iter=900/1000 loss=0.2252
  shooting iter=950/1000 loss=0.225
  shooting iter=1000/1000 loss=0.2249
  shooting iter=1000/1000 loss=0.1594
shooting [1510s]  loss=0.157
  [final]  nrmse=0.2673  l2=115.7
extrapolation window: T=200.0 -> T_test=400.0  n_test=2970
  [train]  E_traj=0.9243  E_VF=0.00348  E_spec=0.3135
  [test ]  E_traj=1.889  E_VF=0.00592  E_spec=0.3526
saved /orcd/home/002/txenakis/projects/BVPsolver/src/../data/runs/run_JU1IQzES/vanderpol_fit.png
saved /orcd/home/002/txenakis/projects/BVPsolver/src/../data/runs/run_JU1IQzES/vanderpol_fit_extrapolated.png
saved /orcd/home/002/txenakis/projects/BVPsolver/src/../data/runs/run_JU1IQzES/vanderpol_spectral_fit_extrapolated.png
saved /orcd/home/002/txenakis/projects/BVPsolver/src/../data/runs/run_JU1IQzES/vanderpol_vf_fit_extrapolated.png
┌ Warning: Attempting to store StiffNN.var"#14#15"{Float64}.
│ JLD2 only stores functions by name.
│  This may not be useful for anonymous functions.
└ @ JLD2 ~/.julia/packages/JLD2/ADycq/src/data/writing_datatypes.jl:447
saved run → /orcd/home/002/txenakis/projects/BVPsolver/src/../data/runs/run_JU1IQzES
--------------------------------------
Done: Tue Sep  8 16:16:24 EDT 2026
