Task 1505/1800: --problem davis-skodje --model stiff --profile fast --seed 105 --pretraining derivmatch --training shooting
Logging to /home/txenakis/projects/BVPsolver/logs/run_main_23593274_1505.log
davis-skodje  model=stiff width=12 d=2 tlen=300 profile=fast seed=105  solver=Rodas5P  N=268
  derivmatch lr=0.01 iter=170/3400 loss=0.06763
  derivmatch lr=0.01 iter=340/3400 loss=0.02433
  derivmatch lr=0.01 iter=510/3400 loss=0.01541
  derivmatch lr=0.01 iter=680/3400 loss=0.01131
  derivmatch lr=0.01 iter=850/3400 loss=0.008086
  derivmatch lr=0.01 iter=1020/3400 loss=0.004923
  derivmatch lr=0.01 iter=1190/3400 loss=0.002504
  derivmatch lr=0.01 iter=1360/3400 loss=0.001438
  derivmatch lr=0.01 iter=1530/3400 loss=0.0009667
  derivmatch lr=0.01 iter=1700/3400 loss=0.0006925
  derivmatch lr=0.01 iter=1870/3400 loss=0.0005218
  derivmatch lr=0.01 iter=2040/3400 loss=0.0004124
  derivmatch lr=0.01 iter=2210/3400 loss=0.0003392
  derivmatch lr=0.01 iter=2380/3400 loss=0.0002866
  derivmatch lr=0.01 iter=2550/3400 loss=0.0002456
  derivmatch lr=0.01 iter=2720/3400 loss=0.000211
  derivmatch lr=0.01 iter=2890/3400 loss=0.0001803
  derivmatch lr=0.01 iter=3060/3400 loss=0.0001524
  derivmatch lr=0.01 iter=3230/3400 loss=0.0001268
  derivmatch lr=0.01 iter=3400/3400 loss=0.0001035
  derivmatch lr=0.01 iter=3400/3400 loss=0.0001035
  derivmatch lr=0.003 iter=125/2500 loss=6.238e-5
  derivmatch lr=0.003 iter=250/2500 loss=3.334e-5
  derivmatch lr=0.003 iter=375/2500 loss=1.733e-5
  derivmatch lr=0.003 iter=500/2500 loss=1.123e-5
  derivmatch lr=0.003 iter=625/2500 loss=8.826e-6
  derivmatch lr=0.003 iter=750/2500 loss=5.658e-5
  derivmatch lr=0.003 iter=875/2500 loss=6.831e-6
  derivmatch lr=0.003 iter=1000/2500 loss=6.214e-6
  derivmatch lr=0.003 iter=1125/2500 loss=5.674e-6
  derivmatch lr=0.003 iter=1250/2500 loss=6.041e-6
  derivmatch lr=0.003 iter=1375/2500 loss=4.849e-6
  derivmatch lr=0.003 iter=1500/2500 loss=4.484e-6
  derivmatch lr=0.003 iter=1625/2500 loss=0.0002339
  derivmatch lr=0.003 iter=1750/2500 loss=3.882e-6
  derivmatch lr=0.003 iter=1875/2500 loss=3.61e-6
  derivmatch lr=0.003 iter=2000/2500 loss=3.354e-6
  derivmatch lr=0.003 iter=2125/2500 loss=3.165e-6
  derivmatch lr=0.003 iter=2250/2500 loss=2.963e-6
  derivmatch lr=0.003 iter=2375/2500 loss=2.773e-6
  derivmatch lr=0.003 iter=2500/2500 loss=2.629e-6
  derivmatch lr=0.003 iter=2500/2500 loss=2.629e-6
  derivmatch lr=0.001 iter=125/2500 loss=2.604e-6
  derivmatch lr=0.001 iter=250/2500 loss=2.56e-6
  derivmatch lr=0.001 iter=375/2500 loss=2.506e-6
  derivmatch lr=0.001 iter=500/2500 loss=2.444e-6
  derivmatch lr=0.001 iter=625/2500 loss=2.379e-6
  derivmatch lr=0.001 iter=750/2500 loss=2.309e-6
  derivmatch lr=0.001 iter=875/2500 loss=2.236e-6
  derivmatch lr=0.001 iter=1000/2500 loss=2.16e-6
  derivmatch lr=0.001 iter=1125/2500 loss=2.083e-6
  derivmatch lr=0.001 iter=1250/2500 loss=8.332e-6
  derivmatch lr=0.001 iter=1375/2500 loss=1.927e-6
  derivmatch lr=0.001 iter=1500/2500 loss=1.857e-6
  derivmatch lr=0.001 iter=1625/2500 loss=1.779e-6
  derivmatch lr=0.001 iter=1750/2500 loss=1.709e-6
  derivmatch lr=0.001 iter=1875/2500 loss=1.639e-6
  derivmatch lr=0.001 iter=2000/2500 loss=1.575e-6
  derivmatch lr=0.001 iter=2125/2500 loss=1.511e-6
  derivmatch lr=0.001 iter=2250/2500 loss=2.857e-6
  derivmatch lr=0.001 iter=2375/2500 loss=1.391e-6
  derivmatch lr=0.001 iter=2500/2500 loss=1.334e-6
  derivmatch lr=0.001 iter=2500/2500 loss=1.334e-6
  derivmatch lr=0.0003 iter=80/1600 loss=1.311e-6
  derivmatch lr=0.0003 iter=160/1600 loss=1.297e-6
  derivmatch lr=0.0003 iter=240/1600 loss=1.284e-6
  derivmatch lr=0.0003 iter=320/1600 loss=1.27e-6
  derivmatch lr=0.0003 iter=400/1600 loss=1.253e-6
  derivmatch lr=0.0003 iter=480/1600 loss=1.235e-6
  derivmatch lr=0.0003 iter=560/1600 loss=1.215e-6
  derivmatch lr=0.0003 iter=640/1600 loss=1.193e-6
  derivmatch lr=0.0003 iter=720/1600 loss=1.183e-6
  derivmatch lr=0.0003 iter=800/1600 loss=1.148e-6
  derivmatch lr=0.0003 iter=880/1600 loss=1.126e-6
  derivmatch lr=0.0003 iter=960/1600 loss=1.102e-6
  derivmatch lr=0.0003 iter=1040/1600 loss=1.086e-6
  derivmatch lr=0.0003 iter=1120/1600 loss=1.057e-6
  derivmatch lr=0.0003 iter=1200/1600 loss=1.325e-6
  derivmatch lr=0.0003 iter=1280/1600 loss=1.012e-6
  derivmatch lr=0.0003 iter=1360/1600 loss=9.895e-7
  derivmatch lr=0.0003 iter=1440/1600 loss=9.901e-7
  derivmatch lr=0.0003 iter=1520/1600 loss=9.463e-7
  derivmatch lr=0.0003 iter=1600/1600 loss=9.248e-7
  derivmatch lr=0.0003 iter=1600/1600 loss=9.248e-7
derivative matching [31s]  fitloss=9.25e-7
  [derivative matching]  nrmse=0.01406  l2=0.6848
  shooting iter=50/1000 loss=0.002283
  shooting iter=100/1000 loss=0.0006586
  shooting iter=150/1000 loss=0.001297
  shooting iter=200/1000 loss=0.0006386
  shooting iter=250/1000 loss=0.0004238
  shooting iter=300/1000 loss=0.0004725
  shooting iter=350/1000 loss=0.0009877
  shooting iter=400/1000 loss=0.001335
  shooting iter=450/1000 loss=0.0004258
  shooting iter=500/1000 loss=0.0006686
  shooting iter=550/1000 loss=0.0009431
  shooting iter=600/1000 loss=0.0006465
  shooting iter=650/1000 loss=0.0007401
  shooting iter=700/1000 loss=0.0004594
  shooting iter=750/1000 loss=0.0008914
  shooting iter=800/1000 loss=0.0003165
  shooting iter=850/1000 loss=0.0007578
  shooting iter=900/1000 loss=0.0005152
  shooting iter=950/1000 loss=0.0006593
  shooting iter=1000/1000 loss=0.0003328
  shooting iter=1000/1000 loss=0.0001189
shooting [459s]  loss=0.000119
  [final]  nrmse=0.0001919  l2=0.009072
extrapolation window: T=15.0 -> T_test=30.0  n_test=600
  [train]  E_traj=1.057e-7  E_VF=4.944e-6  E_spec=0.2537
  [test ]  E_traj=2.375e6  E_VF=3.463e7  E_spec=0.4636
saved /orcd/home/002/txenakis/projects/BVPsolver/src/../data/runs/run_bSfDiQox/davis-skodje_fit.png
saved /orcd/home/002/txenakis/projects/BVPsolver/src/../data/runs/run_bSfDiQox/davis-skodje_fit_extrapolated.png
saved /orcd/home/002/txenakis/projects/BVPsolver/src/../data/runs/run_bSfDiQox/davis-skodje_spectral_fit_extrapolated.png
saved /orcd/home/002/txenakis/projects/BVPsolver/src/../data/runs/run_bSfDiQox/davis-skodje_vf_fit_extrapolated.png
┌ Warning: Attempting to store StiffNN.var"#22#23"{Float64}.
│ JLD2 only stores functions by name.
│  This may not be useful for anonymous functions.
└ @ JLD2 ~/.julia/packages/JLD2/ADycq/src/data/writing_datatypes.jl:447
saved run → /orcd/home/002/txenakis/projects/BVPsolver/src/../data/runs/run_bSfDiQox
--------------------------------------
Done: Thu Sep 24 00:55:46 EDT 2026
