Task 2/80: --problem vanderpol --model stiff --profile fast --seed 602 --pretraining derivmatch --training collocation --track-sensitivity
Logging to /home/txenakis/projects/BVPsolver/logs/run_main_23877927_2.log
Precompiling packages...
    StiffNN Being precompiled by another machine (hostname: node3104, pid: 1186745, pidfile: /home/txenakis/.julia/compiled/v1.12/StiffNN/YZ2jX_slr9s.ji.pidfile)
  43412.4 ms  ✓ StiffNN
  1 dependency successfully precompiled in 62 seconds. 596 already precompiled.
vanderpol  model=stiff width=12 d=2 tlen=151 profile=fast seed=602  solver=Kvaerno5  N=268
  derivmatch lr=0.01 iter=170/3400 loss=6.319
  derivmatch lr=0.01 iter=340/3400 loss=3.922
  derivmatch lr=0.01 iter=510/3400 loss=3.321
  derivmatch lr=0.01 iter=680/3400 loss=2.498
  derivmatch lr=0.01 iter=850/3400 loss=3.244
  derivmatch lr=0.01 iter=1020/3400 loss=1.674
  derivmatch lr=0.01 iter=1190/3400 loss=2.603
  derivmatch lr=0.01 iter=1360/3400 loss=0.9345
  derivmatch lr=0.01 iter=1530/3400 loss=1.71
  derivmatch lr=0.01 iter=1700/3400 loss=0.5346
  derivmatch lr=0.01 iter=1870/3400 loss=0.08505
  derivmatch lr=0.01 iter=2040/3400 loss=0.409
  derivmatch lr=0.01 iter=2210/3400 loss=0.7731
  derivmatch lr=0.01 iter=2380/3400 loss=0.3578
  derivmatch lr=0.01 iter=2550/3400 loss=0.1807
  derivmatch lr=0.01 iter=2720/3400 loss=0.2795
  derivmatch lr=0.01 iter=2890/3400 loss=0.4587
  derivmatch lr=0.01 iter=3060/3400 loss=0.7407
  derivmatch lr=0.01 iter=3230/3400 loss=0.9994
  derivmatch lr=0.01 iter=3400/3400 loss=0.3376
  derivmatch lr=0.01 iter=3400/3400 loss=0.02801
  derivmatch lr=0.003 iter=125/2500 loss=0.01858
  derivmatch lr=0.003 iter=250/2500 loss=0.01617
  derivmatch lr=0.003 iter=375/2500 loss=0.01911
  derivmatch lr=0.003 iter=500/2500 loss=0.02403
  derivmatch lr=0.003 iter=625/2500 loss=0.0224
  derivmatch lr=0.003 iter=750/2500 loss=0.02075
  derivmatch lr=0.003 iter=875/2500 loss=0.01821
  derivmatch lr=0.003 iter=1000/2500 loss=0.02046
  derivmatch lr=0.003 iter=1125/2500 loss=0.01868
  derivmatch lr=0.003 iter=1250/2500 loss=0.02428
  derivmatch lr=0.003 iter=1375/2500 loss=0.01654
  derivmatch lr=0.003 iter=1500/2500 loss=0.02345
  derivmatch lr=0.003 iter=1625/2500 loss=0.01075
  derivmatch lr=0.003 iter=1750/2500 loss=0.01429
  derivmatch lr=0.003 iter=1875/2500 loss=0.01936
  derivmatch lr=0.003 iter=2000/2500 loss=0.01025
  derivmatch lr=0.003 iter=2125/2500 loss=0.01517
  derivmatch lr=0.003 iter=2250/2500 loss=0.01934
  derivmatch lr=0.003 iter=2375/2500 loss=0.009775
  derivmatch lr=0.003 iter=2500/2500 loss=0.01263
  derivmatch lr=0.003 iter=2500/2500 loss=0.007693
  derivmatch lr=0.001 iter=125/2500 loss=0.004089
  derivmatch lr=0.001 iter=250/2500 loss=0.003915
  derivmatch lr=0.001 iter=375/2500 loss=0.003748
  derivmatch lr=0.001 iter=500/2500 loss=0.003579
  derivmatch lr=0.001 iter=625/2500 loss=0.004907
  derivmatch lr=0.001 iter=750/2500 loss=0.003265
  derivmatch lr=0.001 iter=875/2500 loss=0.003188
  derivmatch lr=0.001 iter=1000/2500 loss=0.003132
  derivmatch lr=0.001 iter=1125/2500 loss=0.004789
  derivmatch lr=0.001 iter=1250/2500 loss=0.008588
  derivmatch lr=0.001 iter=1375/2500 loss=0.003856
  derivmatch lr=0.001 iter=1500/2500 loss=0.004137
  derivmatch lr=0.001 iter=1625/2500 loss=0.004062
  derivmatch lr=0.001 iter=1750/2500 loss=0.003344
  derivmatch lr=0.001 iter=1875/2500 loss=0.00386
  derivmatch lr=0.001 iter=2000/2500 loss=0.003238
  derivmatch lr=0.001 iter=2125/2500 loss=0.002722
  derivmatch lr=0.001 iter=2250/2500 loss=0.002338
  derivmatch lr=0.001 iter=2375/2500 loss=0.003822
  derivmatch lr=0.001 iter=2500/2500 loss=0.002725
  derivmatch lr=0.001 iter=2500/2500 loss=0.002047
  derivmatch lr=0.0003 iter=80/1600 loss=0.002035
  derivmatch lr=0.0003 iter=160/1600 loss=0.002026
  derivmatch lr=0.0003 iter=240/1600 loss=0.002017
  derivmatch lr=0.0003 iter=320/1600 loss=0.002007
  derivmatch lr=0.0003 iter=400/1600 loss=0.001996
  derivmatch lr=0.0003 iter=480/1600 loss=0.001984
  derivmatch lr=0.0003 iter=560/1600 loss=0.001971
  derivmatch lr=0.0003 iter=640/1600 loss=0.001957
  derivmatch lr=0.0003 iter=720/1600 loss=0.001942
  derivmatch lr=0.0003 iter=800/1600 loss=0.001927
  derivmatch lr=0.0003 iter=880/1600 loss=0.001915
  derivmatch lr=0.0003 iter=960/1600 loss=0.001899
  derivmatch lr=0.0003 iter=1040/1600 loss=0.001884
  derivmatch lr=0.0003 iter=1120/1600 loss=0.001868
  derivmatch lr=0.0003 iter=1200/1600 loss=0.002099
  derivmatch lr=0.0003 iter=1280/1600 loss=0.001838
  derivmatch lr=0.0003 iter=1360/1600 loss=0.001822
  derivmatch lr=0.0003 iter=1440/1600 loss=0.003278
  derivmatch lr=0.0003 iter=1520/1600 loss=0.001792
  derivmatch lr=0.0003 iter=1600/1600 loss=0.001776
  derivmatch lr=0.0003 iter=1600/1600 loss=0.001776
derivative matching [30s]  fitloss=0.00178
  [derivative matching]  nrmse=0.2918  l2=325.5
  collocation: M=163 residuals=1274  detecting sparsity + solving...

Algorithm: LevenbergMarquardt(
    trustregion = LevenbergMarquardtTrustRegion(
        β_uphill = 0.0
    ),
    descent = GeodesicAcceleration(
        descent = DampedNewtonDescent(
            linsolve = KLUFactorization(
                reuse_symbolic = true,
                check_pattern = true
            ),
            initial_damping = 1.0,
            damping_fn = LevenbergMarquardtDampingFunction(
                increase_factor = 2.0,
                decrease_factor = 3.0,
                min_damping = 1.0e-8
            ),
            min_norm_mode = :auto
        ),
        finite_diff_step_geodesic = 0.1,
        α = 0.75
    ),
    autodiff = AutoForwardDiff(),
    vjp_autodiff = AutoFiniteDiff(
        fdtype = Val{:forward}(),
        fdjtype = Val{:forward}(),
        fdhtype = Val{:hcentral}(),
        dir = true
    ),
    jvp_autodiff = AutoForwardDiff(),
    concrete_jac = Val{true}()
)

----    	-------------       	-----------         
Iter    	f(u) 2-norm         	Step 2-norm         
----    	-------------       	-----------         
0       	2.18230177e+02      	NaN                 
1       	7.00614981e+01      	2.35746649e-01      
8       	3.04574223e-01      	3.64236163e-02      
15      	1.82229163e-01      	1.77665946e-01      
22      	2.25671338e+00      	1.93457616e+00      
29      	1.89291624e+00      	1.11476710e+00      
36      	3.36193939e+00      	8.74731604e-01      
43      	4.74381105e-01      	5.99665909e-01      
50      	1.98971974e-01      	0.00000000e+00      
57      	9.90891605e+00      	0.00000000e+00      
64      	9.69484488e-03      	2.44097880e-01      
71      	5.24116145e-02      	3.38962989e-01      
78      	3.87344548e-02      	0.00000000e+00      
85      	2.89111544e-02      	0.00000000e+00      
92      	4.29288615e-03      	3.47838130e-01      
99      	4.71319527e-03      	0.00000000e+00      
106     	2.10950891e-03      	0.00000000e+00      
113     	1.60228696e-03      	9.74124014e-02      
120     	2.31678436e-02      	1.87710100e-01      
127     	1.66274018e+01      	2.86030278e+00      
134     	2.15222238e+00      	0.00000000e+00      
141     	2.89840157e-03      	1.06879001e-01      
148     	5.52135763e-03      	0.00000000e+00      
Final   	1.31109230e-03      
----------------------      
  AMR 1/1: M=163  err=1.32e-7  obs=3.98e-6  nrmse=0.162  best=0.162  refined=0
collocation [28s]
  [final]  nrmse=0.1624  l2=240.6
extrapolation window: T=200.0 -> T_test=400.0  n_test=302
  [train]  E_traj=0.4212  E_VF=0.0008409  E_spec=0.1283
  [test ]  E_traj=10.52  E_VF=0.3269  E_spec=0.109
saved /orcd/home/002/txenakis/projects/BVPsolver/src/../data/runs/run_5YhIyDv0/vanderpol_fit.png
saved /orcd/home/002/txenakis/projects/BVPsolver/src/../data/runs/run_5YhIyDv0/vanderpol_fit_extrapolated.png
saved /orcd/home/002/txenakis/projects/BVPsolver/src/../data/runs/run_5YhIyDv0/vanderpol_spectral_fit_extrapolated.png
saved /orcd/home/002/txenakis/projects/BVPsolver/src/../data/runs/run_5YhIyDv0/vanderpol_vf_fit_extrapolated.png
saved /orcd/home/002/txenakis/projects/BVPsolver/src/../data/runs/run_5YhIyDv0/vanderpol_sensitivity_vs_stiffness_derivmatch_pointwise.png
┌ Warning: No strict ticks found
└ @ PlotUtils ~/.julia/packages/PlotUtils/HX80C/src/ticks.jl:194
┌ Warning: No strict ticks found
└ @ PlotUtils ~/.julia/packages/PlotUtils/HX80C/src/ticks.jl:194
┌ Warning: Invalid negative or zero value 0.0 found at series index 1 for log10 based yscale
└ @ Plots ~/.julia/packages/Plots/GIume/src/utils.jl:105
saved /orcd/home/002/txenakis/projects/BVPsolver/src/../data/runs/run_5YhIyDv0/vanderpol_sensitivity_vs_stiffness_derivmatch_trajectory.png
saved /orcd/home/002/txenakis/projects/BVPsolver/src/../data/runs/run_5YhIyDv0/vanderpol_sensitivity_vs_stiffness_collocation_pointwise.png
┌ Warning: No strict ticks found
└ @ PlotUtils ~/.julia/packages/PlotUtils/HX80C/src/ticks.jl:194
┌ Warning: No strict ticks found
└ @ PlotUtils ~/.julia/packages/PlotUtils/HX80C/src/ticks.jl:194
┌ Warning: Invalid negative or zero value 0.0 found at series index 1 for log10 based yscale
└ @ Plots ~/.julia/packages/Plots/GIume/src/utils.jl:105
saved /orcd/home/002/txenakis/projects/BVPsolver/src/../data/runs/run_5YhIyDv0/vanderpol_sensitivity_vs_stiffness_collocation_trajectory.png
┌ Warning: Attempting to store StiffNN.var"#14#15"{Float64}.
│ JLD2 only stores functions by name.
│  This may not be useful for anonymous functions.
└ @ JLD2 ~/.julia/packages/JLD2/ADycq/src/data/writing_datatypes.jl:447
saved run → /orcd/home/002/txenakis/projects/BVPsolver/src/../data/runs/run_5YhIyDv0
--------------------------------------
Done: Fri Sep 25 11:53:46 EDT 2026
