Task 72/150: --problem rober --model mlp --profile fast --seed 32 --pretraining derivmatch --training collocation
Logging to /home/txenakis/projects/BVPsolver/logs/run_main_22277775_72.log
rober  model=mlp width=15 d=3 tlen=50 profile=fast seed=32  solver=Rodas5  N=348
  derivmatch lr=0.01 iter=170/3400 loss=42.52
  derivmatch lr=0.01 iter=340/3400 loss=36.21
  derivmatch lr=0.01 iter=510/3400 loss=44.82
  derivmatch lr=0.01 iter=680/3400 loss=46.94
  derivmatch lr=0.01 iter=850/3400 loss=44.25
  derivmatch lr=0.01 iter=1020/3400 loss=37.0
  derivmatch lr=0.01 iter=1190/3400 loss=44.22
  derivmatch lr=0.01 iter=1360/3400 loss=46.6
  derivmatch lr=0.01 iter=1530/3400 loss=42.05
  derivmatch lr=0.01 iter=1700/3400 loss=34.85
  derivmatch lr=0.01 iter=1870/3400 loss=54.85
  derivmatch lr=0.01 iter=2040/3400 loss=40.85
  derivmatch lr=0.01 iter=2210/3400 loss=52.96
  derivmatch lr=0.01 iter=2380/3400 loss=46.98
  derivmatch lr=0.01 iter=2550/3400 loss=43.12
  derivmatch lr=0.01 iter=2720/3400 loss=41.05
  derivmatch lr=0.01 iter=2890/3400 loss=41.42
  derivmatch lr=0.01 iter=3060/3400 loss=32.67
  derivmatch lr=0.01 iter=3230/3400 loss=42.92
  derivmatch lr=0.01 iter=3400/3400 loss=47.07
  derivmatch lr=0.01 iter=3400/3400 loss=17.57
  derivmatch lr=0.003 iter=125/2500 loss=32.69
  derivmatch lr=0.003 iter=250/2500 loss=32.39
  derivmatch lr=0.003 iter=375/2500 loss=28.15
  derivmatch lr=0.003 iter=500/2500 loss=25.68
  derivmatch lr=0.003 iter=625/2500 loss=18.72
  derivmatch lr=0.003 iter=750/2500 loss=43.1
  derivmatch lr=0.003 iter=875/2500 loss=28.14
  derivmatch lr=0.003 iter=1000/2500 loss=29.2
  derivmatch lr=0.003 iter=1125/2500 loss=21.9
  derivmatch lr=0.003 iter=1250/2500 loss=33.86
  derivmatch lr=0.003 iter=1375/2500 loss=27.14
  derivmatch lr=0.003 iter=1500/2500 loss=38.76
  derivmatch lr=0.003 iter=1625/2500 loss=38.73
  derivmatch lr=0.003 iter=1750/2500 loss=34.92
  derivmatch lr=0.003 iter=1875/2500 loss=34.44
  derivmatch lr=0.003 iter=2000/2500 loss=32.4
  derivmatch lr=0.003 iter=2125/2500 loss=33.07
  derivmatch lr=0.003 iter=2250/2500 loss=26.51
  derivmatch lr=0.003 iter=2375/2500 loss=39.68
  derivmatch lr=0.003 iter=2500/2500 loss=22.63
  derivmatch lr=0.003 iter=2500/2500 loss=17.57
  derivmatch lr=0.001 iter=125/2500 loss=23.19
  derivmatch lr=0.001 iter=250/2500 loss=13.58
  derivmatch lr=0.001 iter=375/2500 loss=11.33
  derivmatch lr=0.001 iter=500/2500 loss=12.25
  derivmatch lr=0.001 iter=625/2500 loss=11.44
  derivmatch lr=0.001 iter=750/2500 loss=11.12
  derivmatch lr=0.001 iter=875/2500 loss=10.95
  derivmatch lr=0.001 iter=1000/2500 loss=11.08
  derivmatch lr=0.001 iter=1125/2500 loss=10.3
  derivmatch lr=0.001 iter=1250/2500 loss=19.56
  derivmatch lr=0.001 iter=1375/2500 loss=11.06
  derivmatch lr=0.001 iter=1500/2500 loss=15.57
  derivmatch lr=0.001 iter=1625/2500 loss=28.24
  derivmatch lr=0.001 iter=1750/2500 loss=23.84
  derivmatch lr=0.001 iter=1875/2500 loss=30.72
  derivmatch lr=0.001 iter=2000/2500 loss=30.27
  derivmatch lr=0.001 iter=2125/2500 loss=29.57
  derivmatch lr=0.001 iter=2250/2500 loss=29.11
  derivmatch lr=0.001 iter=2375/2500 loss=27.44
  derivmatch lr=0.001 iter=2500/2500 loss=22.98
  derivmatch lr=0.001 iter=2500/2500 loss=9.954
  derivmatch lr=0.0003 iter=80/1600 loss=10.36
  derivmatch lr=0.0003 iter=160/1600 loss=10.07
  derivmatch lr=0.0003 iter=240/1600 loss=9.783
  derivmatch lr=0.0003 iter=320/1600 loss=9.976
  derivmatch lr=0.0003 iter=400/1600 loss=10.16
  derivmatch lr=0.0003 iter=480/1600 loss=9.827
  derivmatch lr=0.0003 iter=560/1600 loss=10.19
  derivmatch lr=0.0003 iter=640/1600 loss=9.678
  derivmatch lr=0.0003 iter=720/1600 loss=9.514
  derivmatch lr=0.0003 iter=800/1600 loss=9.532
  derivmatch lr=0.0003 iter=880/1600 loss=9.565
  derivmatch lr=0.0003 iter=960/1600 loss=9.363
  derivmatch lr=0.0003 iter=1040/1600 loss=9.333
  derivmatch lr=0.0003 iter=1120/1600 loss=16.54
  derivmatch lr=0.0003 iter=1200/1600 loss=18.76
  derivmatch lr=0.0003 iter=1280/1600 loss=17.93
  derivmatch lr=0.0003 iter=1360/1600 loss=16.76
  derivmatch lr=0.0003 iter=1440/1600 loss=14.96
  derivmatch lr=0.0003 iter=1520/1600 loss=9.706
  derivmatch lr=0.0003 iter=1600/1600 loss=8.594
  derivmatch lr=0.0003 iter=1600/1600 loss=8.289
derivative matching [25s]  fitloss=8.29
  [derivative matching]  nrmse=412000.0  l2=450.7
  collocation: M=54 residuals=627  detecting sparsity + solving...

Algorithm: LevenbergMarquardt(
    trustregion = LevenbergMarquardtTrustRegion(
        β_uphill = 0.0
    ),
    descent = GeodesicAcceleration(
        descent = DampedNewtonDescent(
            linsolve = KLUFactorization(
                reuse_symbolic = true,
                check_pattern = true
            ),
            initial_damping = 1.0,
            damping_fn = LevenbergMarquardtDampingFunction(
                increase_factor = 2.0,
                decrease_factor = 3.0,
                min_damping = 1.0e-8
            ),
            min_norm_mode = :auto
        ),
        finite_diff_step_geodesic = 0.1,
        α = 0.75
    ),
    autodiff = AutoForwardDiff(),
    vjp_autodiff = AutoFiniteDiff(
        fdtype = Val{:forward}(),
        fdjtype = Val{:forward}(),
        fdhtype = Val{:hcentral}(),
        dir = true
    ),
    jvp_autodiff = AutoForwardDiff(),
    concrete_jac = Val{true}()
)

----    	-------------       	-----------         
Iter    	f(u) 2-norm         	Step 2-norm         
----    	-------------       	-----------         
0       	3.26748430e+07      	NaN                 
1       	6.40989788e+07      	1.74550813e-02      
8       	2.83197632e+07      	2.89449527e-01      
15      	2.53073097e+08      	5.47208240e-01      
22      	3.87644097e+07      	0.00000000e+00      
29      	6.16698305e+08      	0.00000000e+00      
36      	3.60117552e+08      	4.97842887e-01      
43      	5.22662088e+06      	0.00000000e+00      
50      	3.83823824e+08      	4.12945663e-01      
57      	3.42020518e+08      	0.00000000e+00      
64      	3.37062522e+06      	3.13276058e-01      
71      	2.49338191e+06      	2.60832751e-01      
78      	5.18857183e+08      	0.00000000e+00      
85      	9.27826776e+07      	0.00000000e+00      
92      	3.17011234e+08      	0.00000000e+00      
99      	3.55148565e+07      	3.57917072e-01      
106     	1.29718783e+08      	0.00000000e+00      
113     	3.00082747e+08      	0.00000000e+00      
120     	2.86095885e+07      	0.00000000e+00      
127     	1.05058578e+09      	4.34774107e-01      
134     	1.27816276e+08      	0.00000000e+00      
141     	1.79169695e+08      	0.00000000e+00      
148     	4.27564011e+08      	4.07039175e-01      
Final   	2.49338191e+06      
----------------------      
  AMR 1/1: M=54  err=3.39e12  obs=2.32e-5  nrmse=14600.0  best=14600.0  refined=0
collocation [16s]
  [final]  nrmse=14590.0  l2=64.35
extrapolation window: T=1000.0 -> T_test=1.0e12  n_test=100
  [train]  E_traj=5.537e8  E_VF=0.4874  E_spec=4.067e28
  [test ]  E_traj=2.614e29  E_VF=2.631e17  E_spec=2.6960000000000003e28
saved /orcd/home/002/txenakis/projects/BVPsolver/src/../data/runs/run_mRQsdgBS/rober_fit.png
saved /orcd/home/002/txenakis/projects/BVPsolver/src/../data/runs/run_mRQsdgBS/rober_fit_extrapolated.png
saved /orcd/home/002/txenakis/projects/BVPsolver/src/../data/runs/run_mRQsdgBS/rober_spectral_fit_extrapolated.png
saved /orcd/home/002/txenakis/projects/BVPsolver/src/../data/runs/run_mRQsdgBS/rober_vf_fit_extrapolated.png
┌ Warning: Attempting to store StiffNN.var"#12#13"{Float64, Float64, Float64}.
│ JLD2 only stores functions by name.
│  This may not be useful for anonymous functions.
└ @ JLD2 ~/.julia/packages/JLD2/ADycq/src/data/writing_datatypes.jl:447
saved run → /orcd/home/002/txenakis/projects/BVPsolver/src/../data/runs/run_mRQsdgBS
--------------------------------------
Done: Tue Sep  8 06:04:37 EDT 2026
