Task 560/750: --problem rober --model GELU-scaled --profile fast --seed 210 --pretraining derivmatch --training shooting
Logging to /home/txenakis/projects/BVPsolver/logs/run_main_23659529_560.log
rober  model=GELU-scaled width=7 d=3 tlen=50 profile=fast seed=210  solver=Rodas5  N=332
  derivmatch lr=0.01 iter=170/3400 loss=9.042
  derivmatch lr=0.01 iter=340/3400 loss=8.143
  derivmatch lr=0.01 iter=510/3400 loss=9.119
  derivmatch lr=0.01 iter=680/3400 loss=7.798
  derivmatch lr=0.01 iter=850/3400 loss=5.882
  derivmatch lr=0.01 iter=1020/3400 loss=5.461
  derivmatch lr=0.01 iter=1190/3400 loss=8.468
  derivmatch lr=0.01 iter=1360/3400 loss=8.053
  derivmatch lr=0.01 iter=1530/3400 loss=7.437
  derivmatch lr=0.01 iter=1700/3400 loss=5.806
  derivmatch lr=0.01 iter=1870/3400 loss=5.678
  derivmatch lr=0.01 iter=2040/3400 loss=5.61
  derivmatch lr=0.01 iter=2210/3400 loss=5.275
  derivmatch lr=0.01 iter=2380/3400 loss=8.486
  derivmatch lr=0.01 iter=2550/3400 loss=8.067
  derivmatch lr=0.01 iter=2720/3400 loss=7.926
  derivmatch lr=0.01 iter=2890/3400 loss=7.804
  derivmatch lr=0.01 iter=3060/3400 loss=7.688
  derivmatch lr=0.01 iter=3230/3400 loss=7.574
  derivmatch lr=0.01 iter=3400/3400 loss=7.455
  derivmatch lr=0.01 iter=3400/3400 loss=5.067
  derivmatch lr=0.003 iter=125/2500 loss=6.309
  derivmatch lr=0.003 iter=250/2500 loss=5.108
  derivmatch lr=0.003 iter=375/2500 loss=6.566
  derivmatch lr=0.003 iter=500/2500 loss=6.337
  derivmatch lr=0.003 iter=625/2500 loss=5.999
  derivmatch lr=0.003 iter=750/2500 loss=5.114
  derivmatch lr=0.003 iter=875/2500 loss=5.855
  derivmatch lr=0.003 iter=1000/2500 loss=5.45
  derivmatch lr=0.003 iter=1125/2500 loss=5.357
  derivmatch lr=0.003 iter=1250/2500 loss=5.246
  derivmatch lr=0.003 iter=1375/2500 loss=5.126
  derivmatch lr=0.003 iter=1500/2500 loss=5.043
  derivmatch lr=0.003 iter=1625/2500 loss=5.006
  derivmatch lr=0.003 iter=1750/2500 loss=4.977
  derivmatch lr=0.003 iter=1875/2500 loss=4.952
  derivmatch lr=0.003 iter=2000/2500 loss=4.93
  derivmatch lr=0.003 iter=2125/2500 loss=4.908
  derivmatch lr=0.003 iter=2250/2500 loss=4.887
  derivmatch lr=0.003 iter=2375/2500 loss=4.867
  derivmatch lr=0.003 iter=2500/2500 loss=4.848
  derivmatch lr=0.003 iter=2500/2500 loss=4.811
  derivmatch lr=0.001 iter=125/2500 loss=4.751
  derivmatch lr=0.001 iter=250/2500 loss=4.673
  derivmatch lr=0.001 iter=375/2500 loss=4.616
  derivmatch lr=0.001 iter=500/2500 loss=6.323
  derivmatch lr=0.001 iter=625/2500 loss=5.575
  derivmatch lr=0.001 iter=750/2500 loss=4.559
  derivmatch lr=0.001 iter=875/2500 loss=4.545
  derivmatch lr=0.001 iter=1000/2500 loss=4.532
  derivmatch lr=0.001 iter=1125/2500 loss=4.518
  derivmatch lr=0.001 iter=1250/2500 loss=4.503
  derivmatch lr=0.001 iter=1375/2500 loss=4.487
  derivmatch lr=0.001 iter=1500/2500 loss=4.47
  derivmatch lr=0.001 iter=1625/2500 loss=4.452
  derivmatch lr=0.001 iter=1750/2500 loss=4.432
  derivmatch lr=0.001 iter=1875/2500 loss=4.411
  derivmatch lr=0.001 iter=2000/2500 loss=4.391
  derivmatch lr=0.001 iter=2125/2500 loss=4.369
  derivmatch lr=0.001 iter=2250/2500 loss=4.347
  derivmatch lr=0.001 iter=2375/2500 loss=4.325
  derivmatch lr=0.001 iter=2500/2500 loss=4.303
  derivmatch lr=0.001 iter=2500/2500 loss=4.303
  derivmatch lr=0.0003 iter=80/1600 loss=4.299
  derivmatch lr=0.0003 iter=160/1600 loss=4.294
  derivmatch lr=0.0003 iter=240/1600 loss=4.288
  derivmatch lr=0.0003 iter=320/1600 loss=4.281
  derivmatch lr=0.0003 iter=400/1600 loss=4.273
  derivmatch lr=0.0003 iter=480/1600 loss=4.263
  derivmatch lr=0.0003 iter=560/1600 loss=4.253
  derivmatch lr=0.0003 iter=640/1600 loss=4.243
  derivmatch lr=0.0003 iter=720/1600 loss=4.231
  derivmatch lr=0.0003 iter=800/1600 loss=4.219
  derivmatch lr=0.0003 iter=880/1600 loss=4.206
  derivmatch lr=0.0003 iter=960/1600 loss=4.193
  derivmatch lr=0.0003 iter=1040/1600 loss=4.181
  derivmatch lr=0.0003 iter=1120/1600 loss=4.169
  derivmatch lr=0.0003 iter=1200/1600 loss=4.157
  derivmatch lr=0.0003 iter=1280/1600 loss=4.146
  derivmatch lr=0.0003 iter=1360/1600 loss=4.136
  derivmatch lr=0.0003 iter=1440/1600 loss=4.126
  derivmatch lr=0.0003 iter=1520/1600 loss=4.117
  derivmatch lr=0.0003 iter=1600/1600 loss=4.108
  derivmatch lr=0.0003 iter=1600/1600 loss=4.108
derivative matching [25s]  fitloss=4.11
  [derivative matching]  nrmse=11.2  l2=0.142
  shooting iter=50/1000 loss=0.1512
  shooting iter=100/1000 loss=0.1395
  shooting iter=150/1000 loss=0.1345
  shooting iter=200/1000 loss=0.1315
  shooting iter=250/1000 loss=0.1272
  shooting iter=300/1000 loss=0.1237
  shooting iter=350/1000 loss=0.1095
  shooting iter=400/1000 loss=0.09079
  shooting iter=450/1000 loss=0.08892
  shooting iter=500/1000 loss=0.08811
  shooting iter=550/1000 loss=0.08803
  shooting iter=600/1000 loss=0.08756
  shooting iter=650/1000 loss=0.08664
  shooting iter=700/1000 loss=0.08737
  shooting iter=750/1000 loss=0.08884
  shooting iter=800/1000 loss=0.08602
  shooting iter=850/1000 loss=0.09391
  shooting iter=900/1000 loss=0.08749
  shooting iter=950/1000 loss=0.08609
  shooting iter=1000/1000 loss=0.08557
  shooting iter=1000/1000 loss=0.08557
shooting [644s]  loss=0.0856
  [final]  nrmse=0.2404  l2=0.04622
extrapolation window: T=1000.0 -> T_test=1.0e12  n_test=100
  [train]  E_traj=0.1504  E_VF=0.9585  E_spec=1.063
  [test ]  E_traj=NaN  E_VF=NaN  E_spec=NaN
saved /orcd/home/002/txenakis/projects/BVPsolver/src/../data/runs/run_4iCUb3KI/rober_fit.png
saved /orcd/home/002/txenakis/projects/BVPsolver/src/../data/runs/run_4iCUb3KI/rober_fit_extrapolated.png
saved /orcd/home/002/txenakis/projects/BVPsolver/src/../data/runs/run_4iCUb3KI/rober_spectral_fit_extrapolated.png
saved /orcd/home/002/txenakis/projects/BVPsolver/src/../data/runs/run_4iCUb3KI/rober_vf_fit_extrapolated.png
┌ Warning: Attempting to store StiffNN.var"#12#13"{Float64, Float64, Float64}.
│ JLD2 only stores functions by name.
│  This may not be useful for anonymous functions.
└ @ JLD2 ~/.julia/packages/JLD2/ADycq/src/data/writing_datatypes.jl:447
saved run → /orcd/home/002/txenakis/projects/BVPsolver/src/../data/runs/run_4iCUb3KI
--------------------------------------
Done: Thu Sep 24 13:11:19 EDT 2026
