Task 188/600: --problem davis-skodje --param 1e-2 --model GELU-scaled --profile fast --seed 338 --pretraining derivmatch --training shooting
Logging to /home/txenakis/projects/BVPsolver/logs/run_main_23642156_188.log
davis-skodje  model=GELU-scaled width=7 d=2 tlen=300 profile=fast seed=338  solver=Rodas5P  N=317
  derivmatch lr=0.01 iter=170/3400 loss=0.6144
  derivmatch lr=0.01 iter=340/3400 loss=0.06811
  derivmatch lr=0.01 iter=510/3400 loss=0.01525
  derivmatch lr=0.01 iter=680/3400 loss=0.01088
  derivmatch lr=0.01 iter=850/3400 loss=0.009271
  derivmatch lr=0.01 iter=1020/3400 loss=0.007847
  derivmatch lr=0.01 iter=1190/3400 loss=0.006738
  derivmatch lr=0.01 iter=1360/3400 loss=0.00587
  derivmatch lr=0.01 iter=1530/3400 loss=0.005211
  derivmatch lr=0.01 iter=1700/3400 loss=0.004707
  derivmatch lr=0.01 iter=1870/3400 loss=0.004315
  derivmatch lr=0.01 iter=2040/3400 loss=0.003998
  derivmatch lr=0.01 iter=2210/3400 loss=0.003734
  derivmatch lr=0.01 iter=2380/3400 loss=0.003506
  derivmatch lr=0.01 iter=2550/3400 loss=0.003304
  derivmatch lr=0.01 iter=2720/3400 loss=0.003123
  derivmatch lr=0.01 iter=2890/3400 loss=0.002961
  derivmatch lr=0.01 iter=3060/3400 loss=0.002814
  derivmatch lr=0.01 iter=3230/3400 loss=0.002683
  derivmatch lr=0.01 iter=3400/3400 loss=0.002564
  derivmatch lr=0.01 iter=3400/3400 loss=0.002564
  derivmatch lr=0.003 iter=125/2500 loss=0.0003746
  derivmatch lr=0.003 iter=250/2500 loss=0.0002752
  derivmatch lr=0.003 iter=375/2500 loss=0.0002327
  derivmatch lr=0.003 iter=500/2500 loss=0.0002053
  derivmatch lr=0.003 iter=625/2500 loss=0.0001856
  derivmatch lr=0.003 iter=750/2500 loss=0.0001818
  derivmatch lr=0.003 iter=875/2500 loss=0.0006527
  derivmatch lr=0.003 iter=1000/2500 loss=0.0001605
  derivmatch lr=0.003 iter=1125/2500 loss=0.000201
  derivmatch lr=0.003 iter=1250/2500 loss=0.0003191
  derivmatch lr=0.003 iter=1375/2500 loss=0.0004695
  derivmatch lr=0.003 iter=1500/2500 loss=0.00135
  derivmatch lr=0.003 iter=1625/2500 loss=0.0006922
  derivmatch lr=0.003 iter=1750/2500 loss=0.0001506
  derivmatch lr=0.003 iter=1875/2500 loss=0.0001743
  derivmatch lr=0.003 iter=2000/2500 loss=0.0005243
  derivmatch lr=0.003 iter=2125/2500 loss=0.0004988
  derivmatch lr=0.003 iter=2250/2500 loss=0.0004612
  derivmatch lr=0.003 iter=2375/2500 loss=0.0003659
  derivmatch lr=0.003 iter=2500/2500 loss=0.0006644
  derivmatch lr=0.003 iter=2500/2500 loss=0.0001023
  derivmatch lr=0.001 iter=125/2500 loss=0.0001047
  derivmatch lr=0.001 iter=250/2500 loss=9.985e-5
  derivmatch lr=0.001 iter=375/2500 loss=9.737e-5
  derivmatch lr=0.001 iter=500/2500 loss=9.524e-5
  derivmatch lr=0.001 iter=625/2500 loss=9.318e-5
  derivmatch lr=0.001 iter=750/2500 loss=9.105e-5
  derivmatch lr=0.001 iter=875/2500 loss=8.88e-5
  derivmatch lr=0.001 iter=1000/2500 loss=8.642e-5
  derivmatch lr=0.001 iter=1125/2500 loss=8.39e-5
  derivmatch lr=0.001 iter=1250/2500 loss=8.126e-5
  derivmatch lr=0.001 iter=1375/2500 loss=7.944e-5
  derivmatch lr=0.001 iter=1500/2500 loss=7.625e-5
  derivmatch lr=0.001 iter=1625/2500 loss=7.364e-5
  derivmatch lr=0.001 iter=1750/2500 loss=7.523e-5
  derivmatch lr=0.001 iter=1875/2500 loss=6.886e-5
  derivmatch lr=0.001 iter=2000/2500 loss=0.0001717
  derivmatch lr=0.001 iter=2125/2500 loss=6.431e-5
  derivmatch lr=0.001 iter=2250/2500 loss=6.564e-5
  derivmatch lr=0.001 iter=2375/2500 loss=6.015e-5
  derivmatch lr=0.001 iter=2500/2500 loss=5.921e-5
  derivmatch lr=0.001 iter=2500/2500 loss=5.848e-5
  derivmatch lr=0.0003 iter=80/1600 loss=5.831e-5
  derivmatch lr=0.0003 iter=160/1600 loss=5.788e-5
  derivmatch lr=0.0003 iter=240/1600 loss=5.751e-5
  derivmatch lr=0.0003 iter=320/1600 loss=5.708e-5
  derivmatch lr=0.0003 iter=400/1600 loss=5.661e-5
  derivmatch lr=0.0003 iter=480/1600 loss=5.609e-5
  derivmatch lr=0.0003 iter=560/1600 loss=5.552e-5
  derivmatch lr=0.0003 iter=640/1600 loss=5.491e-5
  derivmatch lr=0.0003 iter=720/1600 loss=5.426e-5
  derivmatch lr=0.0003 iter=800/1600 loss=5.357e-5
  derivmatch lr=0.0003 iter=880/1600 loss=5.284e-5
  derivmatch lr=0.0003 iter=960/1600 loss=5.208e-5
  derivmatch lr=0.0003 iter=1040/1600 loss=5.129e-5
  derivmatch lr=0.0003 iter=1120/1600 loss=5.048e-5
  derivmatch lr=0.0003 iter=1200/1600 loss=4.964e-5
  derivmatch lr=0.0003 iter=1280/1600 loss=5.778e-5
  derivmatch lr=0.0003 iter=1360/1600 loss=4.793e-5
  derivmatch lr=0.0003 iter=1440/1600 loss=4.706e-5
  derivmatch lr=0.0003 iter=1520/1600 loss=4.621e-5
  derivmatch lr=0.0003 iter=1600/1600 loss=4.537e-5
  derivmatch lr=0.0003 iter=1600/1600 loss=4.537e-5
derivative matching [28s]  fitloss=4.54e-5
  [derivative matching]  nrmse=0.0003913  l2=0.01609
  shooting iter=50/1000 loss=0.07437
  shooting iter=100/1000 loss=0.0748
  shooting iter=150/1000 loss=0.0748
  shooting iter=200/1000 loss=0.0748
  shooting iter=250/1000 loss=0.0748
  shooting iter=300/1000 loss=0.0748
  shooting iter=350/1000 loss=0.0748
  shooting iter=400/1000 loss=0.0748
  shooting iter=450/1000 loss=0.0748
  shooting iter=500/1000 loss=0.0748
  shooting iter=550/1000 loss=0.0748
  shooting iter=600/1000 loss=0.0748
  shooting iter=650/1000 loss=0.0748
  shooting iter=700/1000 loss=0.0748
  shooting iter=750/1000 loss=0.0748
  shooting iter=800/1000 loss=0.0748
  shooting iter=850/1000 loss=0.0748
  shooting iter=900/1000 loss=0.0748
  shooting iter=950/1000 loss=0.0748
  shooting iter=1000/1000 loss=0.0748
  shooting iter=1000/1000 loss=0.0002378
shooting [426s]  loss=0.000238
  [final]  nrmse=0.0003913  l2=0.01609
extrapolation window: T=15.0 -> T_test=30.0  n_test=600
  [train]  E_traj=3.694e-7  E_VF=2.427e-5  E_spec=0.4475
  [test ]  E_traj=1.02e10  E_VF=3.847e7  E_spec=0.9051
saved /orcd/home/002/txenakis/projects/BVPsolver/src/../data/runs/run_662aQcT1/davis-skodje_fit.png
saved /orcd/home/002/txenakis/projects/BVPsolver/src/../data/runs/run_662aQcT1/davis-skodje_fit_extrapolated.png
saved /orcd/home/002/txenakis/projects/BVPsolver/src/../data/runs/run_662aQcT1/davis-skodje_spectral_fit_extrapolated.png
saved /orcd/home/002/txenakis/projects/BVPsolver/src/../data/runs/run_662aQcT1/davis-skodje_vf_fit_extrapolated.png
┌ Warning: Attempting to store StiffNN.var"#22#23"{Float64}.
│ JLD2 only stores functions by name.
│  This may not be useful for anonymous functions.
└ @ JLD2 ~/.julia/packages/JLD2/ADycq/src/data/writing_datatypes.jl:447
saved run → /orcd/home/002/txenakis/projects/BVPsolver/src/../data/runs/run_662aQcT1
--------------------------------------
Done: Thu Sep 24 08:13:57 EDT 2026
