Task 870/1800: --problem vanderpol --model GELU-scaled --profile fast --seed 120 --pretraining derivmatch --training collocation
Logging to /home/txenakis/projects/BVPsolver/logs/run_main_23553922_870.log
vanderpol  model=GELU-scaled width=7 d=2 tlen=151 profile=fast seed=120  solver=Kvaerno5  N=317
  derivmatch lr=0.01 iter=170/3400 loss=3.132
  derivmatch lr=0.01 iter=340/3400 loss=2.595
  derivmatch lr=0.01 iter=510/3400 loss=2.0
  derivmatch lr=0.01 iter=680/3400 loss=1.742
  derivmatch lr=0.01 iter=850/3400 loss=3.031
  derivmatch lr=0.01 iter=1020/3400 loss=2.348
  derivmatch lr=0.01 iter=1190/3400 loss=1.216
  derivmatch lr=0.01 iter=1360/3400 loss=1.931
  derivmatch lr=0.01 iter=1530/3400 loss=0.7773
  derivmatch lr=0.01 iter=1700/3400 loss=0.1779
  derivmatch lr=0.01 iter=1870/3400 loss=0.1043
  derivmatch lr=0.01 iter=2040/3400 loss=0.07693
  derivmatch lr=0.01 iter=2210/3400 loss=0.06047
  derivmatch lr=0.01 iter=2380/3400 loss=0.04655
  derivmatch lr=0.01 iter=2550/3400 loss=0.03809
  derivmatch lr=0.01 iter=2720/3400 loss=0.03219
  derivmatch lr=0.01 iter=2890/3400 loss=0.02871
  derivmatch lr=0.01 iter=3060/3400 loss=0.02635
  derivmatch lr=0.01 iter=3230/3400 loss=0.02333
  derivmatch lr=0.01 iter=3400/3400 loss=0.02065
  derivmatch lr=0.01 iter=3400/3400 loss=0.0204
  derivmatch lr=0.003 iter=125/2500 loss=0.01706
  derivmatch lr=0.003 iter=250/2500 loss=0.01391
  derivmatch lr=0.003 iter=375/2500 loss=0.01093
  derivmatch lr=0.003 iter=500/2500 loss=0.007986
  derivmatch lr=0.003 iter=625/2500 loss=0.006437
  derivmatch lr=0.003 iter=750/2500 loss=0.005614
  derivmatch lr=0.003 iter=875/2500 loss=0.004783
  derivmatch lr=0.003 iter=1000/2500 loss=0.004257
  derivmatch lr=0.003 iter=1125/2500 loss=0.003793
  derivmatch lr=0.003 iter=1250/2500 loss=0.003367
  derivmatch lr=0.003 iter=1375/2500 loss=0.003164
  derivmatch lr=0.003 iter=1500/2500 loss=0.002685
  derivmatch lr=0.003 iter=1625/2500 loss=0.002682
  derivmatch lr=0.003 iter=1750/2500 loss=0.002344
  derivmatch lr=0.003 iter=1875/2500 loss=0.002204
  derivmatch lr=0.003 iter=2000/2500 loss=0.001994
  derivmatch lr=0.003 iter=2125/2500 loss=0.001535
  derivmatch lr=0.003 iter=2250/2500 loss=0.001361
  derivmatch lr=0.003 iter=2375/2500 loss=0.00115
  derivmatch lr=0.003 iter=2500/2500 loss=0.001081
  derivmatch lr=0.003 iter=2500/2500 loss=0.001081
  derivmatch lr=0.001 iter=125/2500 loss=0.001057
  derivmatch lr=0.001 iter=250/2500 loss=0.001036
  derivmatch lr=0.001 iter=375/2500 loss=0.001015
  derivmatch lr=0.001 iter=500/2500 loss=0.0009909
  derivmatch lr=0.001 iter=625/2500 loss=0.0009648
  derivmatch lr=0.001 iter=750/2500 loss=0.0009366
  derivmatch lr=0.001 iter=875/2500 loss=0.0009064
  derivmatch lr=0.001 iter=1000/2500 loss=0.0008731
  derivmatch lr=0.001 iter=1125/2500 loss=0.0008371
  derivmatch lr=0.001 iter=1250/2500 loss=0.000802
  derivmatch lr=0.001 iter=1375/2500 loss=0.0007698
  derivmatch lr=0.001 iter=1500/2500 loss=0.0007436
  derivmatch lr=0.001 iter=1625/2500 loss=0.0007108
  derivmatch lr=0.001 iter=1750/2500 loss=0.0006897
  derivmatch lr=0.001 iter=1875/2500 loss=0.0006578
  derivmatch lr=0.001 iter=2000/2500 loss=0.000629
  derivmatch lr=0.001 iter=2125/2500 loss=0.000611
  derivmatch lr=0.001 iter=2250/2500 loss=0.0005874
  derivmatch lr=0.001 iter=2375/2500 loss=0.0005713
  derivmatch lr=0.001 iter=2500/2500 loss=0.0005549
  derivmatch lr=0.001 iter=2500/2500 loss=0.0005507
  derivmatch lr=0.0003 iter=80/1600 loss=0.0005501
  derivmatch lr=0.0003 iter=160/1600 loss=0.0005476
  derivmatch lr=0.0003 iter=240/1600 loss=0.0005456
  derivmatch lr=0.0003 iter=320/1600 loss=0.0005431
  derivmatch lr=0.0003 iter=400/1600 loss=0.0005404
  derivmatch lr=0.0003 iter=480/1600 loss=0.0005374
  derivmatch lr=0.0003 iter=560/1600 loss=0.0005341
  derivmatch lr=0.0003 iter=640/1600 loss=0.0005307
  derivmatch lr=0.0003 iter=720/1600 loss=0.000527
  derivmatch lr=0.0003 iter=800/1600 loss=0.0005231
  derivmatch lr=0.0003 iter=880/1600 loss=0.0005191
  derivmatch lr=0.0003 iter=960/1600 loss=0.0005149
  derivmatch lr=0.0003 iter=1040/1600 loss=0.0005105
  derivmatch lr=0.0003 iter=1120/1600 loss=0.000506
  derivmatch lr=0.0003 iter=1200/1600 loss=0.0005015
  derivmatch lr=0.0003 iter=1280/1600 loss=0.0004969
  derivmatch lr=0.0003 iter=1360/1600 loss=0.0004923
  derivmatch lr=0.0003 iter=1440/1600 loss=0.0004875
  derivmatch lr=0.0003 iter=1520/1600 loss=0.0004827
  derivmatch lr=0.0003 iter=1600/1600 loss=0.0004777
  derivmatch lr=0.0003 iter=1600/1600 loss=0.0004777
derivative matching [27s]  fitloss=0.000478
  [derivative matching]  nrmse=0.3495  l2=325.2
  collocation: M=163 residuals=1274  detecting sparsity + solving...

Algorithm: LevenbergMarquardt(
    trustregion = LevenbergMarquardtTrustRegion(
        β_uphill = 0.0
    ),
    descent = GeodesicAcceleration(
        descent = DampedNewtonDescent(
            linsolve = KLUFactorization(
                reuse_symbolic = true,
                check_pattern = true
            ),
            initial_damping = 1.0,
            damping_fn = LevenbergMarquardtDampingFunction(
                increase_factor = 2.0,
                decrease_factor = 3.0,
                min_damping = 1.0e-8
            ),
            min_norm_mode = :auto
        ),
        finite_diff_step_geodesic = 0.1,
        α = 0.75
    ),
    autodiff = AutoForwardDiff(),
    vjp_autodiff = AutoFiniteDiff(
        fdtype = Val{:forward}(),
        fdjtype = Val{:forward}(),
        fdhtype = Val{:hcentral}(),
        dir = true
    ),
    jvp_autodiff = AutoForwardDiff(),
    concrete_jac = Val{true}()
)

----    	-------------       	-----------         
Iter    	f(u) 2-norm         	Step 2-norm         
----    	-------------       	-----------         
0       	1.88111933e+02      	NaN                 
1       	1.88111933e+02      	0.00000000e+00      
8       	8.14950829e+01      	6.24438741e-02      
15      	1.26853539e+02      	8.67639974e-03      
22      	8.64084666e+01      	0.00000000e+00      
29      	6.09252003e+01      	0.00000000e+00      
36      	5.84112038e+01      	8.56614363e-03      
43      	4.50980720e+01      	0.00000000e+00      
50      	3.70126343e+01      	1.16086081e-02      
57      	3.59391597e+01      	5.06921091e-03      
64      	3.32499417e+01      	0.00000000e+00      
71      	3.16078050e+01      	0.00000000e+00      
78      	3.04506451e+01      	0.00000000e+00      
85      	2.98915788e+01      	4.72637070e-04      
92      	2.94014369e+01      	0.00000000e+00      
99      	2.87038051e+01      	0.00000000e+00      
106     	2.50144996e+01      	9.70813333e-03      
113     	2.71417979e+01      	5.06306051e-03      
120     	3.05685834e+01      	0.00000000e+00      
127     	3.09363521e+01      	6.50176277e-03      
134     	3.51323933e+01      	0.00000000e+00      
141     	3.45202431e+01      	0.00000000e+00      
148     	4.20173262e+01      	0.00000000e+00      
Final   	2.50144996e+01      
----------------------      
  AMR 1/1: M=163  err=95.0  obs=4.83e-5  nrmse=0.302  best=0.302  refined=0
collocation [44s]
  [final]  nrmse=0.3019  l2=325.1
extrapolation window: T=200.0 -> T_test=400.0  n_test=302
  [train]  E_traj=1.036  E_VF=0.001257  E_spec=0.09187
  [test ]  E_traj=39.03  E_VF=17.54  E_spec=0.4763
saved /orcd/home/002/txenakis/projects/BVPsolver/src/../data/runs/run_hx59iWtX/vanderpol_fit.png
saved /orcd/home/002/txenakis/projects/BVPsolver/src/../data/runs/run_hx59iWtX/vanderpol_fit_extrapolated.png
saved /orcd/home/002/txenakis/projects/BVPsolver/src/../data/runs/run_hx59iWtX/vanderpol_spectral_fit_extrapolated.png
saved /orcd/home/002/txenakis/projects/BVPsolver/src/../data/runs/run_hx59iWtX/vanderpol_vf_fit_extrapolated.png
┌ Warning: Attempting to store StiffNN.var"#14#15"{Float64}.
│ JLD2 only stores functions by name.
│  This may not be useful for anonymous functions.
└ @ JLD2 ~/.julia/packages/JLD2/ADycq/src/data/writing_datatypes.jl:447
saved run → /orcd/home/002/txenakis/projects/BVPsolver/src/../data/runs/run_hx59iWtX
--------------------------------------
Done: Wed Sep 23 13:01:58 EDT 2026
