Task 397/600: --problem davis-skodje --param 1e-4 --model GELU-scaled --profile fast --seed 347 --pretraining derivmatch --training shooting
Logging to /home/txenakis/projects/BVPsolver/logs/run_main_23642156_397.log
davis-skodje  model=GELU-scaled width=7 d=2 tlen=300 profile=fast seed=347  solver=Rodas5P  N=317
  derivmatch lr=0.01 iter=170/3400 loss=1.775
  derivmatch lr=0.01 iter=340/3400 loss=1.569
  derivmatch lr=0.01 iter=510/3400 loss=0.4001
  derivmatch lr=0.01 iter=680/3400 loss=1.007
  derivmatch lr=0.01 iter=850/3400 loss=0.3741
  derivmatch lr=0.01 iter=1020/3400 loss=0.3996
  derivmatch lr=0.01 iter=1190/3400 loss=0.1916
  derivmatch lr=0.01 iter=1360/3400 loss=0.3801
  derivmatch lr=0.01 iter=1530/3400 loss=0.7462
  derivmatch lr=0.01 iter=1700/3400 loss=0.626
  derivmatch lr=0.01 iter=1870/3400 loss=0.2116
  derivmatch lr=0.01 iter=2040/3400 loss=1.145
  derivmatch lr=0.01 iter=2210/3400 loss=1.013
  derivmatch lr=0.01 iter=2380/3400 loss=0.88
  derivmatch lr=0.01 iter=2550/3400 loss=0.544
  derivmatch lr=0.01 iter=2720/3400 loss=0.5785
  derivmatch lr=0.01 iter=2890/3400 loss=0.5989
  derivmatch lr=0.01 iter=3060/3400 loss=0.5991
  derivmatch lr=0.01 iter=3230/3400 loss=0.5465
  derivmatch lr=0.01 iter=3400/3400 loss=0.3497
  derivmatch lr=0.01 iter=3400/3400 loss=0.04951
  derivmatch lr=0.003 iter=125/2500 loss=0.03699
  derivmatch lr=0.003 iter=250/2500 loss=0.1863
  derivmatch lr=0.003 iter=375/2500 loss=0.2239
  derivmatch lr=0.003 iter=500/2500 loss=0.009045
  derivmatch lr=0.003 iter=625/2500 loss=0.006435
  derivmatch lr=0.003 iter=750/2500 loss=0.005033
  derivmatch lr=0.003 iter=875/2500 loss=0.004055
  derivmatch lr=0.003 iter=1000/2500 loss=0.003461
  derivmatch lr=0.003 iter=1125/2500 loss=0.1963
  derivmatch lr=0.003 iter=1250/2500 loss=0.1866
  derivmatch lr=0.003 iter=1375/2500 loss=0.1536
  derivmatch lr=0.003 iter=1500/2500 loss=0.07638
  derivmatch lr=0.003 iter=1625/2500 loss=0.1888
  derivmatch lr=0.003 iter=1750/2500 loss=0.1273
  derivmatch lr=0.003 iter=1875/2500 loss=0.2192
  derivmatch lr=0.003 iter=2000/2500 loss=0.005766
  derivmatch lr=0.003 iter=2125/2500 loss=0.004311
  derivmatch lr=0.003 iter=2250/2500 loss=0.003487
  derivmatch lr=0.003 iter=2375/2500 loss=0.00301
  derivmatch lr=0.003 iter=2500/2500 loss=0.00272
  derivmatch lr=0.003 iter=2500/2500 loss=0.00272
  derivmatch lr=0.001 iter=125/2500 loss=0.002606
  derivmatch lr=0.001 iter=250/2500 loss=0.002475
  derivmatch lr=0.001 iter=375/2500 loss=0.002363
  derivmatch lr=0.001 iter=500/2500 loss=0.002267
  derivmatch lr=0.001 iter=625/2500 loss=0.002184
  derivmatch lr=0.001 iter=750/2500 loss=0.002111
  derivmatch lr=0.001 iter=875/2500 loss=0.002045
  derivmatch lr=0.001 iter=1000/2500 loss=0.02502
  derivmatch lr=0.001 iter=1125/2500 loss=0.03721
  derivmatch lr=0.001 iter=1250/2500 loss=0.03721
  derivmatch lr=0.001 iter=1375/2500 loss=0.002498
  derivmatch lr=0.001 iter=1500/2500 loss=0.002124
  derivmatch lr=0.001 iter=1625/2500 loss=0.002021
  derivmatch lr=0.001 iter=1750/2500 loss=0.001963
  derivmatch lr=0.001 iter=1875/2500 loss=0.001922
  derivmatch lr=0.001 iter=2000/2500 loss=0.001886
  derivmatch lr=0.001 iter=2125/2500 loss=0.001851
  derivmatch lr=0.001 iter=2250/2500 loss=0.001815
  derivmatch lr=0.001 iter=2375/2500 loss=0.001777
  derivmatch lr=0.001 iter=2500/2500 loss=0.001737
  derivmatch lr=0.001 iter=2500/2500 loss=0.001737
  derivmatch lr=0.0003 iter=80/1600 loss=0.001724
  derivmatch lr=0.0003 iter=160/1600 loss=0.001707
  derivmatch lr=0.0003 iter=240/1600 loss=0.001692
  derivmatch lr=0.0003 iter=320/1600 loss=0.001675
  derivmatch lr=0.0003 iter=400/1600 loss=0.001655
  derivmatch lr=0.0003 iter=480/1600 loss=0.001632
  derivmatch lr=0.0003 iter=560/1600 loss=0.001606
  derivmatch lr=0.0003 iter=640/1600 loss=0.001577
  derivmatch lr=0.0003 iter=720/1600 loss=0.001545
  derivmatch lr=0.0003 iter=800/1600 loss=0.00151
  derivmatch lr=0.0003 iter=880/1600 loss=0.001472
  derivmatch lr=0.0003 iter=960/1600 loss=0.001434
  derivmatch lr=0.0003 iter=1040/1600 loss=0.001395
  derivmatch lr=0.0003 iter=1120/1600 loss=0.001357
  derivmatch lr=0.0003 iter=1200/1600 loss=0.001335
  derivmatch lr=0.0003 iter=1280/1600 loss=0.001302
  derivmatch lr=0.0003 iter=1360/1600 loss=0.001271
  derivmatch lr=0.0003 iter=1440/1600 loss=0.001243
  derivmatch lr=0.0003 iter=1520/1600 loss=0.001216
  derivmatch lr=0.0003 iter=1600/1600 loss=0.00119
  derivmatch lr=0.0003 iter=1600/1600 loss=0.00119
derivative matching [29s]  fitloss=0.00119
  [derivative matching]  nrmse=2.615e20  l2=1.279e22
  shooting iter=50/1000 loss=0.1546
  shooting iter=100/1000 loss=0.1554
