Task 1350/1800: --problem orego --model mlp --profile fast --seed 100 --pretraining derivmatch --training collocation
Logging to /home/txenakis/projects/BVPsolver/logs/run_main_23593274_1350.log
orego  model=mlp width=19 d=3 tlen=112 profile=fast seed=100  solver=Rodas5  N=516
  derivmatch lr=0.01 iter=170/3400 loss=10.02
  derivmatch lr=0.01 iter=340/3400 loss=8.734
  derivmatch lr=0.01 iter=510/3400 loss=8.076
  derivmatch lr=0.01 iter=680/3400 loss=7.614
  derivmatch lr=0.01 iter=850/3400 loss=7.271
  derivmatch lr=0.01 iter=1020/3400 loss=6.977
  derivmatch lr=0.01 iter=1190/3400 loss=6.721
  derivmatch lr=0.01 iter=1360/3400 loss=6.53
  derivmatch lr=0.01 iter=1530/3400 loss=6.357
  derivmatch lr=0.01 iter=1700/3400 loss=6.202
  derivmatch lr=0.01 iter=1870/3400 loss=6.069
  derivmatch lr=0.01 iter=2040/3400 loss=5.996
  derivmatch lr=0.01 iter=2210/3400 loss=5.887
  derivmatch lr=0.01 iter=2380/3400 loss=5.791
  derivmatch lr=0.01 iter=2550/3400 loss=5.701
  derivmatch lr=0.01 iter=2720/3400 loss=5.618
  derivmatch lr=0.01 iter=2890/3400 loss=5.545
  derivmatch lr=0.01 iter=3060/3400 loss=5.446
  derivmatch lr=0.01 iter=3230/3400 loss=5.372
  derivmatch lr=0.01 iter=3400/3400 loss=5.302
  derivmatch lr=0.01 iter=3400/3400 loss=5.302
  derivmatch lr=0.003 iter=125/2500 loss=5.267
  derivmatch lr=0.003 iter=250/2500 loss=5.238
  derivmatch lr=0.003 iter=375/2500 loss=5.209
  derivmatch lr=0.003 iter=500/2500 loss=5.168
  derivmatch lr=0.003 iter=625/2500 loss=5.14
  derivmatch lr=0.003 iter=750/2500 loss=5.112
  derivmatch lr=0.003 iter=875/2500 loss=5.086
  derivmatch lr=0.003 iter=1000/2500 loss=5.06
  derivmatch lr=0.003 iter=1125/2500 loss=5.034
  derivmatch lr=0.003 iter=1250/2500 loss=5.01
  derivmatch lr=0.003 iter=1375/2500 loss=4.987
  derivmatch lr=0.003 iter=1500/2500 loss=4.966
  derivmatch lr=0.003 iter=1625/2500 loss=4.943
  derivmatch lr=0.003 iter=1750/2500 loss=4.921
  derivmatch lr=0.003 iter=1875/2500 loss=4.901
  derivmatch lr=0.003 iter=2000/2500 loss=4.881
  derivmatch lr=0.003 iter=2125/2500 loss=4.863
  derivmatch lr=0.003 iter=2250/2500 loss=4.838
  derivmatch lr=0.003 iter=2375/2500 loss=4.818
  derivmatch lr=0.003 iter=2500/2500 loss=4.807
  derivmatch lr=0.003 iter=2500/2500 loss=4.802
  derivmatch lr=0.001 iter=125/2500 loss=4.808
  derivmatch lr=0.001 iter=250/2500 loss=4.8
  derivmatch lr=0.001 iter=375/2500 loss=4.793
  derivmatch lr=0.001 iter=500/2500 loss=4.786
  derivmatch lr=0.001 iter=625/2500 loss=4.779
  derivmatch lr=0.001 iter=750/2500 loss=4.772
  derivmatch lr=0.001 iter=875/2500 loss=4.765
  derivmatch lr=0.001 iter=1000/2500 loss=4.758
  derivmatch lr=0.001 iter=1125/2500 loss=4.75
  derivmatch lr=0.001 iter=1250/2500 loss=4.743
  derivmatch lr=0.001 iter=1375/2500 loss=4.736
  derivmatch lr=0.001 iter=1500/2500 loss=4.729
  derivmatch lr=0.001 iter=1625/2500 loss=4.722
  derivmatch lr=0.001 iter=1750/2500 loss=4.715
  derivmatch lr=0.001 iter=1875/2500 loss=4.709
  derivmatch lr=0.001 iter=2000/2500 loss=4.696
  derivmatch lr=0.001 iter=2125/2500 loss=4.661
  derivmatch lr=0.001 iter=2250/2500 loss=4.654
  derivmatch lr=0.001 iter=2375/2500 loss=4.647
  derivmatch lr=0.001 iter=2500/2500 loss=4.641
  derivmatch lr=0.001 iter=2500/2500 loss=4.641
  derivmatch lr=0.0003 iter=80/1600 loss=4.639
  derivmatch lr=0.0003 iter=160/1600 loss=4.644
  derivmatch lr=0.0003 iter=240/1600 loss=4.641
  derivmatch lr=0.0003 iter=320/1600 loss=4.639
  derivmatch lr=0.0003 iter=400/1600 loss=4.636
  derivmatch lr=0.0003 iter=480/1600 loss=4.634
  derivmatch lr=0.0003 iter=560/1600 loss=4.63
  derivmatch lr=0.0003 iter=640/1600 loss=4.622
  derivmatch lr=0.0003 iter=720/1600 loss=4.614
  derivmatch lr=0.0003 iter=800/1600 loss=4.612
  derivmatch lr=0.0003 iter=880/1600 loss=4.61
  derivmatch lr=0.0003 iter=960/1600 loss=4.608
  derivmatch lr=0.0003 iter=1040/1600 loss=4.606
  derivmatch lr=0.0003 iter=1120/1600 loss=4.604
  derivmatch lr=0.0003 iter=1200/1600 loss=4.601
  derivmatch lr=0.0003 iter=1280/1600 loss=4.598
  derivmatch lr=0.0003 iter=1360/1600 loss=4.595
  derivmatch lr=0.0003 iter=1440/1600 loss=4.593
  derivmatch lr=0.0003 iter=1520/1600 loss=4.59
  derivmatch lr=0.0003 iter=1600/1600 loss=4.588
  derivmatch lr=0.0003 iter=1600/1600 loss=4.588
derivative matching [25s]  fitloss=4.59
  [derivative matching]  nrmse=0.4136  l2=478900.0
  collocation: M=127 residuals=1470  detecting sparsity + solving...

Algorithm: LevenbergMarquardt(
    trustregion = LevenbergMarquardtTrustRegion(
        β_uphill = 0.0
    ),
    descent = GeodesicAcceleration(
        descent = DampedNewtonDescent(
            linsolve = KLUFactorization(
                reuse_symbolic = true,
                check_pattern = true
            ),
            initial_damping = 1.0,
            damping_fn = LevenbergMarquardtDampingFunction(
                increase_factor = 2.0,
                decrease_factor = 3.0,
                min_damping = 1.0e-8
            ),
            min_norm_mode = :auto
        ),
        finite_diff_step_geodesic = 0.1,
        α = 0.75
    ),
    autodiff = AutoForwardDiff(),
    vjp_autodiff = AutoFiniteDiff(
        fdtype = Val{:forward}(),
        fdjtype = Val{:forward}(),
        fdhtype = Val{:hcentral}(),
        dir = true
    ),
    jvp_autodiff = AutoForwardDiff(),
    concrete_jac = Val{true}()
)

----    	-------------       	-----------         
Iter    	f(u) 2-norm         	Step 2-norm         
----    	-------------       	-----------         
0       	7.68576420e+02      	NaN                 
1       	7.68576420e+02      	0.00000000e+00      
8       	7.68576420e+02      	0.00000000e+00      
15      	7.28674408e+02      	5.12033099e-02      
22      	5.66032439e+02      	6.42389728e-02      
29      	4.82356676e+02      	0.00000000e+00      
36      	4.39010350e+02      	0.00000000e+00      
43      	4.21549928e+02      	0.00000000e+00      
50      	4.02078228e+02      	7.87826146e-03      
57      	3.15371003e+02      	0.00000000e+00      
64      	3.90412119e+02      	0.00000000e+00      
71      	3.89943324e+02      	0.00000000e+00      
78      	3.78466626e+02      	0.00000000e+00      
85      	3.71016437e+02      	3.64090535e-03      
92      	3.69988791e+02      	9.90473951e-04      
99      	4.25053510e+02      	0.00000000e+00      
106     	4.07918431e+02      	4.17940602e-04      
113     	4.08564390e+02      	0.00000000e+00      
120     	4.67277969e+02      	0.00000000e+00      
127     	4.67277969e+02      	0.00000000e+00      
134     	4.64757398e+02      	2.26119854e-05      
141     	5.25241604e+02      	0.00000000e+00      
148     	5.25459071e+02      	1.24627986e-03      
Final   	3.15371003e+02      
----------------------      
  AMR 1/1: M=127  err=23000.0  obs=0.00133  nrmse=0.409  best=0.409  refined=0
collocation [62s]
  [final]  nrmse=0.4093  l2=476500.0
extrapolation window: T=180.0 -> T_test=360.0  n_test=224
  [train]  E_traj=0.9153  E_VF=0.8212  E_spec=1.001
  [test ]  E_traj=10.22  E_VF=0.8109  E_spec=1.041
saved /orcd/home/002/txenakis/projects/BVPsolver/src/../data/runs/run_Drm8x2nj/orego_fit.png
saved /orcd/home/002/txenakis/projects/BVPsolver/src/../data/runs/run_Drm8x2nj/orego_fit_extrapolated.png
saved /orcd/home/002/txenakis/projects/BVPsolver/src/../data/runs/run_Drm8x2nj/orego_spectral_fit_extrapolated.png
saved /orcd/home/002/txenakis/projects/BVPsolver/src/../data/runs/run_Drm8x2nj/orego_vf_fit_extrapolated.png
┌ Warning: Attempting to store StiffNN.var"#20#21"{Float64, Float64, Float64}.
│ JLD2 only stores functions by name.
│  This may not be useful for anonymous functions.
└ @ JLD2 ~/.julia/packages/JLD2/ADycq/src/data/writing_datatypes.jl:447
saved run → /orcd/home/002/txenakis/projects/BVPsolver/src/../data/runs/run_Drm8x2nj
--------------------------------------
Done: Wed Sep 23 21:55:50 EDT 2026
