Task 106/200: --problem dahlquist --param -100 --model GELU-scaled --profile fast --seed 806 --pretraining derivmatch --training shooting
Logging to /home/txenakis/projects/BVPsolver/logs/run_main_23927197_106.log
dahlquist  model=GELU-scaled width=5 d=1 tlen=50 profile=fast seed=806  solver=Rodas5  N=166
  derivmatch lr=0.01 iter=170/3400 loss=0.08582
  derivmatch lr=0.01 iter=340/3400 loss=0.0616
  derivmatch lr=0.01 iter=510/3400 loss=0.05172
  derivmatch lr=0.01 iter=680/3400 loss=0.04409
  derivmatch lr=0.01 iter=850/3400 loss=0.03858
  derivmatch lr=0.01 iter=1020/3400 loss=0.03429
  derivmatch lr=0.01 iter=1190/3400 loss=0.03078
  derivmatch lr=0.01 iter=1360/3400 loss=0.02781
  derivmatch lr=0.01 iter=1530/3400 loss=0.02525
  derivmatch lr=0.01 iter=1700/3400 loss=0.02299
  derivmatch lr=0.01 iter=1870/3400 loss=0.021
  derivmatch lr=0.01 iter=2040/3400 loss=0.01923
  derivmatch lr=0.01 iter=2210/3400 loss=0.01766
  derivmatch lr=0.01 iter=2380/3400 loss=0.01626
  derivmatch lr=0.01 iter=2550/3400 loss=0.01502
  derivmatch lr=0.01 iter=2720/3400 loss=0.0139
  derivmatch lr=0.01 iter=2890/3400 loss=0.0129
  derivmatch lr=0.01 iter=3060/3400 loss=0.01199
  derivmatch lr=0.01 iter=3230/3400 loss=0.004103
  derivmatch lr=0.01 iter=3400/3400 loss=0.007377
  derivmatch lr=0.01 iter=3400/3400 loss=0.003641
  derivmatch lr=0.003 iter=125/2500 loss=0.004384
  derivmatch lr=0.003 iter=250/2500 loss=0.002597
  derivmatch lr=0.003 iter=375/2500 loss=0.001815
  derivmatch lr=0.003 iter=500/2500 loss=0.001411
  derivmatch lr=0.003 iter=625/2500 loss=0.01821
  derivmatch lr=0.003 iter=750/2500 loss=0.00106
  derivmatch lr=0.003 iter=875/2500 loss=0.001197
  derivmatch lr=0.003 iter=1000/2500 loss=0.001227
  derivmatch lr=0.003 iter=1125/2500 loss=0.001175
  derivmatch lr=0.003 iter=1250/2500 loss=0.000857
  derivmatch lr=0.003 iter=1375/2500 loss=0.0008422
  derivmatch lr=0.003 iter=1500/2500 loss=0.0006924
  derivmatch lr=0.003 iter=1625/2500 loss=0.000616
  derivmatch lr=0.003 iter=1750/2500 loss=0.0008966
  derivmatch lr=0.003 iter=1875/2500 loss=0.008981
  derivmatch lr=0.003 iter=2000/2500 loss=0.0005333
  derivmatch lr=0.003 iter=2125/2500 loss=0.0006368
  derivmatch lr=0.003 iter=2250/2500 loss=0.001888
  derivmatch lr=0.003 iter=2375/2500 loss=0.0006557
  derivmatch lr=0.003 iter=2500/2500 loss=0.000675
  derivmatch lr=0.003 iter=2500/2500 loss=0.0004429
  derivmatch lr=0.001 iter=125/2500 loss=0.000468
  derivmatch lr=0.001 iter=250/2500 loss=0.0004323
  derivmatch lr=0.001 iter=375/2500 loss=0.0004117
  derivmatch lr=0.001 iter=500/2500 loss=0.0003974
  derivmatch lr=0.001 iter=625/2500 loss=0.0003852
  derivmatch lr=0.001 iter=750/2500 loss=0.0003734
  derivmatch lr=0.001 iter=875/2500 loss=0.0003617
  derivmatch lr=0.001 iter=1000/2500 loss=0.0003498
  derivmatch lr=0.001 iter=1125/2500 loss=0.0003379
  derivmatch lr=0.001 iter=1250/2500 loss=0.0003259
  derivmatch lr=0.001 iter=1375/2500 loss=0.0003139
  derivmatch lr=0.001 iter=1500/2500 loss=0.0003019
  derivmatch lr=0.001 iter=1625/2500 loss=0.01261
  derivmatch lr=0.001 iter=1750/2500 loss=0.000284
  derivmatch lr=0.001 iter=1875/2500 loss=0.0002731
  derivmatch lr=0.001 iter=2000/2500 loss=0.0002632
  derivmatch lr=0.001 iter=2125/2500 loss=0.0002644
  derivmatch lr=0.001 iter=2250/2500 loss=0.0002475
  derivmatch lr=0.001 iter=2375/2500 loss=0.0002403
  derivmatch lr=0.001 iter=2500/2500 loss=0.0002327
  derivmatch lr=0.001 iter=2500/2500 loss=0.0002327
  derivmatch lr=0.0003 iter=80/1600 loss=0.0002336
  derivmatch lr=0.0003 iter=160/1600 loss=0.0002307
  derivmatch lr=0.0003 iter=240/1600 loss=0.000228
  derivmatch lr=0.0003 iter=320/1600 loss=0.0002254
  derivmatch lr=0.0003 iter=400/1600 loss=0.0002229
  derivmatch lr=0.0003 iter=480/1600 loss=0.0002202
  derivmatch lr=0.0003 iter=560/1600 loss=0.0002174
  derivmatch lr=0.0003 iter=640/1600 loss=0.0002144
  derivmatch lr=0.0003 iter=720/1600 loss=0.0002113
  derivmatch lr=0.0003 iter=800/1600 loss=0.000208
  derivmatch lr=0.0003 iter=880/1600 loss=0.0002045
  derivmatch lr=0.0003 iter=960/1600 loss=0.0002009
  derivmatch lr=0.0003 iter=1040/1600 loss=0.0001971
  derivmatch lr=0.0003 iter=1120/1600 loss=0.0001932
  derivmatch lr=0.0003 iter=1200/1600 loss=0.0001891
  derivmatch lr=0.0003 iter=1280/1600 loss=0.0001849
  derivmatch lr=0.0003 iter=1360/1600 loss=0.0001805
  derivmatch lr=0.0003 iter=1440/1600 loss=0.0001759
  derivmatch lr=0.0003 iter=1520/1600 loss=0.0001711
  derivmatch lr=0.0003 iter=1600/1600 loss=0.0001661
  derivmatch lr=0.0003 iter=1600/1600 loss=0.0001661
derivative matching [26s]  fitloss=0.000166
  [derivative matching]  nrmse=0.001327  l2=0.009385
  shooting iter=50/1000 loss=0.0003402
  shooting iter=100/1000 loss=0.0003052
  shooting iter=150/1000 loss=0.000356
  shooting iter=200/1000 loss=0.0005898
  shooting iter=250/1000 loss=0.0004764
  shooting iter=300/1000 loss=0.00033
  shooting iter=350/1000 loss=0.001048
  shooting iter=400/1000 loss=0.0004581
  shooting iter=450/1000 loss=0.0008842
  shooting iter=500/1000 loss=0.00153
  shooting iter=550/1000 loss=0.0002942
  shooting iter=600/1000 loss=0.001073
  shooting iter=650/1000 loss=0.0002588
  shooting iter=700/1000 loss=0.0003428
  shooting iter=750/1000 loss=0.0003637
  shooting iter=800/1000 loss=0.0006399
  shooting iter=850/1000 loss=0.0004925
  shooting iter=900/1000 loss=0.0003494
  shooting iter=950/1000 loss=0.0004481
  shooting iter=1000/1000 loss=0.0009008
  shooting iter=1000/1000 loss=0.0001758
shooting [88s]  loss=0.000176
  [final]  nrmse=0.0002682  l2=0.001896
  trajectory_parameter_sensitivity_rms = 0.719
extrapolation window: T=1.0 -> T_test=2.0  n_test=100
  [train]  E_traj=1.895e-7  E_VF=1.153e-5  E_spec=0.001917
  [test ]  E_traj=2.582e26  E_VF=2.282e26  E_spec=0.003869
saved /orcd/home/002/txenakis/projects/BVPsolver/src/../data/runs/run_sUbr8SAD/dahlquist_fit.png
saved /orcd/home/002/txenakis/projects/BVPsolver/src/../data/runs/run_sUbr8SAD/dahlquist_fit_extrapolated.png
saved /orcd/home/002/txenakis/projects/BVPsolver/src/../data/runs/run_sUbr8SAD/dahlquist_spectral_fit_extrapolated.png
saved /orcd/home/002/txenakis/projects/BVPsolver/src/../data/runs/run_sUbr8SAD/dahlquist_vf_fit_extrapolated.png
┌ Warning: Attempting to store StiffNN.var"#25#26"{Float64}.
│ JLD2 only stores functions by name.
│  This may not be useful for anonymous functions.
└ @ JLD2 ~/.julia/packages/JLD2/ADycq/src/data/writing_datatypes.jl:447
saved run → /orcd/home/002/txenakis/projects/BVPsolver/src/../data/runs/run_sUbr8SAD
--------------------------------------
Done: Fri Sep 25 16:24:00 EDT 2026
