Task 219/600: --problem davis-skodje --param 1e-3 --model stiff --profile fast --seed 319 --pretraining derivmatch --training collocation
Logging to /home/txenakis/projects/BVPsolver/logs/run_main_23642156_219.log
davis-skodje  model=stiff width=12 d=2 tlen=300 profile=fast seed=319  solver=Rodas5P  N=268
  derivmatch lr=0.01 iter=170/3400 loss=0.1678
  derivmatch lr=0.01 iter=340/3400 loss=0.08978
  derivmatch lr=0.01 iter=510/3400 loss=0.0643
  derivmatch lr=0.01 iter=680/3400 loss=0.05309
  derivmatch lr=0.01 iter=850/3400 loss=0.1053
  derivmatch lr=0.01 iter=1020/3400 loss=0.02799
  derivmatch lr=0.01 iter=1190/3400 loss=0.05368
  derivmatch lr=0.01 iter=1360/3400 loss=0.02697
  derivmatch lr=0.01 iter=1530/3400 loss=0.0189
  derivmatch lr=0.01 iter=1700/3400 loss=0.0243
  derivmatch lr=0.01 iter=1870/3400 loss=0.01298
  derivmatch lr=0.01 iter=2040/3400 loss=0.0245
  derivmatch lr=0.01 iter=2210/3400 loss=0.01042
  derivmatch lr=0.01 iter=2380/3400 loss=0.02664
  derivmatch lr=0.01 iter=2550/3400 loss=0.01608
  derivmatch lr=0.01 iter=2720/3400 loss=0.01151
  derivmatch lr=0.01 iter=2890/3400 loss=0.01467
  derivmatch lr=0.01 iter=3060/3400 loss=0.009805
  derivmatch lr=0.01 iter=3230/3400 loss=0.007705
  derivmatch lr=0.01 iter=3400/3400 loss=0.007035
  derivmatch lr=0.01 iter=3400/3400 loss=0.006267
  derivmatch lr=0.003 iter=125/2500 loss=0.006254
  derivmatch lr=0.003 iter=250/2500 loss=0.005888
  derivmatch lr=0.003 iter=375/2500 loss=0.005611
  derivmatch lr=0.003 iter=500/2500 loss=0.005284
  derivmatch lr=0.003 iter=625/2500 loss=0.004833
  derivmatch lr=0.003 iter=750/2500 loss=0.005939
  derivmatch lr=0.003 iter=875/2500 loss=0.004026
  derivmatch lr=0.003 iter=1000/2500 loss=0.004361
  derivmatch lr=0.003 iter=1125/2500 loss=0.003015
  derivmatch lr=0.003 iter=1250/2500 loss=0.003078
  derivmatch lr=0.003 iter=1375/2500 loss=0.002944
  derivmatch lr=0.003 iter=1500/2500 loss=0.003508
  derivmatch lr=0.003 iter=1625/2500 loss=0.002348
  derivmatch lr=0.003 iter=1750/2500 loss=0.002825
  derivmatch lr=0.003 iter=1875/2500 loss=0.002716
  derivmatch lr=0.003 iter=2000/2500 loss=0.002036
  derivmatch lr=0.003 iter=2125/2500 loss=0.002047
  derivmatch lr=0.003 iter=2250/2500 loss=0.002977
  derivmatch lr=0.003 iter=2375/2500 loss=0.002129
  derivmatch lr=0.003 iter=2500/2500 loss=0.001819
  derivmatch lr=0.003 iter=2500/2500 loss=0.001747
  derivmatch lr=0.001 iter=125/2500 loss=0.001768
  derivmatch lr=0.001 iter=250/2500 loss=0.001718
  derivmatch lr=0.001 iter=375/2500 loss=0.001694
  derivmatch lr=0.001 iter=500/2500 loss=0.001672
  derivmatch lr=0.001 iter=625/2500 loss=0.001648
  derivmatch lr=0.001 iter=750/2500 loss=0.001623
  derivmatch lr=0.001 iter=875/2500 loss=0.001597
  derivmatch lr=0.001 iter=1000/2500 loss=0.00157
  derivmatch lr=0.001 iter=1125/2500 loss=0.001543
  derivmatch lr=0.001 iter=1250/2500 loss=0.001516
  derivmatch lr=0.001 iter=1375/2500 loss=0.001488
  derivmatch lr=0.001 iter=1500/2500 loss=0.001461
  derivmatch lr=0.001 iter=1625/2500 loss=0.001433
  derivmatch lr=0.001 iter=1750/2500 loss=0.001404
  derivmatch lr=0.001 iter=1875/2500 loss=0.00236
  derivmatch lr=0.001 iter=2000/2500 loss=0.001349
  derivmatch lr=0.001 iter=2125/2500 loss=0.001323
  derivmatch lr=0.001 iter=2250/2500 loss=0.001369
  derivmatch lr=0.001 iter=2375/2500 loss=0.001272
  derivmatch lr=0.001 iter=2500/2500 loss=0.001252
  derivmatch lr=0.001 iter=2500/2500 loss=0.00125
  derivmatch lr=0.0003 iter=80/1600 loss=0.001248
  derivmatch lr=0.0003 iter=160/1600 loss=0.001243
  derivmatch lr=0.0003 iter=240/1600 loss=0.001239
  derivmatch lr=0.0003 iter=320/1600 loss=0.001234
  derivmatch lr=0.0003 iter=400/1600 loss=0.001229
  derivmatch lr=0.0003 iter=480/1600 loss=0.001223
  derivmatch lr=0.0003 iter=560/1600 loss=0.001218
  derivmatch lr=0.0003 iter=640/1600 loss=0.001211
  derivmatch lr=0.0003 iter=720/1600 loss=0.001205
  derivmatch lr=0.0003 iter=800/1600 loss=0.001198
  derivmatch lr=0.0003 iter=880/1600 loss=0.001191
  derivmatch lr=0.0003 iter=960/1600 loss=0.001184
  derivmatch lr=0.0003 iter=1040/1600 loss=0.001177
  derivmatch lr=0.0003 iter=1120/1600 loss=0.001169
  derivmatch lr=0.0003 iter=1200/1600 loss=0.001161
  derivmatch lr=0.0003 iter=1280/1600 loss=0.001153
  derivmatch lr=0.0003 iter=1360/1600 loss=0.001145
  derivmatch lr=0.0003 iter=1440/1600 loss=0.001137
  derivmatch lr=0.0003 iter=1520/1600 loss=0.001129
  derivmatch lr=0.0003 iter=1600/1600 loss=0.00112
  derivmatch lr=0.0003 iter=1600/1600 loss=0.00112
derivative matching [32s]  fitloss=0.00112
  [derivative matching]  nrmse=0.0005686  l2=0.02739
  collocation: M=300 residuals=2394  detecting sparsity + solving...

Algorithm: LevenbergMarquardt(
    trustregion = LevenbergMarquardtTrustRegion(
        β_uphill = 0.0
    ),
    descent = GeodesicAcceleration(
        descent = DampedNewtonDescent(
            linsolve = KLUFactorization(
                reuse_symbolic = true,
                check_pattern = true
            ),
            initial_damping = 1.0,
            damping_fn = LevenbergMarquardtDampingFunction(
                increase_factor = 2.0,
                decrease_factor = 3.0,
                min_damping = 1.0e-8
            ),
            min_norm_mode = :auto
        ),
        finite_diff_step_geodesic = 0.1,
        α = 0.75
    ),
    autodiff = AutoForwardDiff(),
    vjp_autodiff = AutoFiniteDiff(
        fdtype = Val{:forward}(),
        fdjtype = Val{:forward}(),
        fdhtype = Val{:hcentral}(),
        dir = true
    ),
    jvp_autodiff = AutoForwardDiff(),
    concrete_jac = Val{true}()
)

----    	-------------       	-----------         
Iter    	f(u) 2-norm         	Step 2-norm         
----    	-------------       	-----------         
0       	1.91985674e+01      	2.17293441e-311     
1       	1.91985674e+01      	0.00000000e+00      
8       	3.36385126e+00      	1.66299058e-01      
15      	1.71944785e-02      	1.17402664e-01      
22      	5.19031049e-03      	1.45160500e+00      
29      	3.64149316e+00      	0.00000000e+00      
36      	3.64149316e+00      	0.00000000e+00      
43      	6.63050781e-03      	8.23979872e-02      
50      	1.45250532e-02      	0.00000000e+00      
57      	2.27832684e+00      	4.47966141e+00      
64      	7.46281417e+00      	0.00000000e+00      
71      	7.46281417e+00      	0.00000000e+00      
78      	1.34120527e-01      	1.15221852e+00      
85      	3.50374031e+00      	0.00000000e+00      
92      	5.57028891e+00      	0.00000000e+00      
99      	5.57028891e+00      	0.00000000e+00      
106     	1.06404209e+00      	2.99993779e+00      
113     	1.16540906e+00      	0.00000000e+00      
120     	4.93766815e-01      	0.00000000e+00      
127     	2.29174432e+00      	3.87515506e+00      
134     	1.42799539e+00      	0.00000000e+00      
141     	1.43340258e+00      	0.00000000e+00      
148     	3.71330306e-01      	0.00000000e+00      
Final   	2.34962119e-04      
----------------------      
  AMR 1/3: M=300  err=1.88e-9  obs=1.46e-6  nrmse=5.3e-5  best=5.3e-5  refined=11
  collocation: M=311 residuals=2460  detecting sparsity + solving...

Algorithm: LevenbergMarquardt(
    trustregion = LevenbergMarquardtTrustRegion(
        β_uphill = 0.0
    ),
    descent = GeodesicAcceleration(
        descent = DampedNewtonDescent(
            linsolve = KLUFactorization(
                reuse_symbolic = true,
                check_pattern = true
            ),
            initial_damping = 1.0,
            damping_fn = LevenbergMarquardtDampingFunction(
                increase_factor = 2.0,
                decrease_factor = 3.0,
                min_damping = 1.0e-8
            ),
            min_norm_mode = :auto
        ),
        finite_diff_step_geodesic = 0.1,
        α = 0.75
    ),
    autodiff = AutoForwardDiff(),
    vjp_autodiff = AutoFiniteDiff(
        fdtype = Val{:forward}(),
        fdjtype = Val{:forward}(),
        fdhtype = Val{:hcentral}(),
        dir = true
    ),
    jvp_autodiff = AutoForwardDiff(),
    concrete_jac = Val{true}()
)

----    	-------------       	-----------         
Iter    	f(u) 2-norm         	Step 2-norm         
----    	-------------       	-----------         
0       	1.84085642e+01      	1.17550324e-307     
1       	8.63455985e+00      	1.51163427e+00      
8       	8.63455985e+00      	0.00000000e+00      
15      	8.47342419e+00      	1.17330994e-02      
22      	2.54436916e-02      	2.76724210e-03      
29      	2.08253178e-03      	2.45632132e-02      
36      	5.15337734e-04      	7.79099900e-02      
43      	1.41753612e-01      	4.55368739e+00      
50      	8.89065925e-01      	5.80597503e+00      
57      	1.35495381e+00      	0.00000000e+00      
64      	1.57247026e-02      	3.94624723e+00      
71      	3.99078640e-03      	0.00000000e+00      
78      	4.49085685e-03      	0.00000000e+00      
85      	3.86319031e-04      	6.26721814e-01      
92      	8.38903323e-03      	1.49079251e+00      
99      	4.76481766e-02      	4.09683840e+00      
106     	1.54986699e-03      	0.00000000e+00      
113     	1.17390205e-01      	0.00000000e+00      
120     	1.03243805e-02      	1.87781143e+00      
127     	2.73534478e-02      	0.00000000e+00      
134     	1.03874384e-03      	0.00000000e+00      
141     	9.79884321e-04      	5.58851153e-01      
148     	1.02711862e-03      	0.00000000e+00      
Final   	7.61136541e-05      
----------------------      
  AMR 2/3: M=311  err=1.76e-10  obs=5.77e-8  nrmse=5.9e-6  best=5.9e-6  refined=31
  collocation: M=347 residuals=2676  detecting sparsity + solving...

Algorithm: LevenbergMarquardt(
    trustregion = LevenbergMarquardtTrustRegion(
        β_uphill = 0.0
    ),
    descent = GeodesicAcceleration(
        descent = DampedNewtonDescent(
            linsolve = KLUFactorization(
                reuse_symbolic = true,
                check_pattern = true
            ),
            initial_damping = 1.0,
            damping_fn = LevenbergMarquardtDampingFunction(
                increase_factor = 2.0,
                decrease_factor = 3.0,
                min_damping = 1.0e-8
            ),
            min_norm_mode = :auto
        ),
        finite_diff_step_geodesic = 0.1,
        α = 0.75
    ),
    autodiff = AutoForwardDiff(),
    vjp_autodiff = AutoFiniteDiff(
        fdtype = Val{:forward}(),
        fdjtype = Val{:forward}(),
        fdhtype = Val{:hcentral}(),
        dir = true
    ),
    jvp_autodiff = AutoForwardDiff(),
    concrete_jac = Val{true}()
)

----    	-------------       	-----------         
Iter    	f(u) 2-norm         	Step 2-norm         
----    	-------------       	-----------         
0       	1.89631994e+01      	1.55302425e-310     
1       	1.89631994e+01      	0.00000000e+00      
8       	1.89631994e+01      	0.00000000e+00      
15      	9.27022603e+00      	2.64952594e-01      
22      	1.33679196e-02      	5.54065069e-03      
29      	4.90536922e-03      	5.26939698e-02      
36      	9.46707043e-03      	1.03033426e-01      
43      	4.72706488e-03      	3.15144332e-01      
50      	5.79545834e-03      	0.00000000e+00      
57      	5.22040482e-03      	0.00000000e+00      
64      	6.31681516e-04      	2.41702602e-01      
71      	8.06689230e-03      	4.61024543e-01      
78      	2.19233208e-01      	0.00000000e+00      
85      	2.86925551e-02      	0.00000000e+00      
92      	8.97172421e-03      	0.00000000e+00      
99      	3.77647154e-01      	0.00000000e+00      
106     	2.04129915e-02      	0.00000000e+00      
113     	5.56072614e-05      	9.01724386e-02      
120     	5.55356280e-03      	3.90281390e-01      
127     	4.35653243e-03      	0.00000000e+00      
134     	5.74225047e-03      	0.00000000e+00      
141     	4.95104949e-03      	0.00000000e+00      
148     	3.88807159e-03      	4.16924698e-01      
Final   	6.89673220e-06      
----------------------      
  AMR 3/3: M=347  err=2.62e-11  obs=4.52e-8  nrmse=5.53e-6  best=5.53e-6  refined=0
collocation [134s]
  [final]  nrmse=5.526e-6  l2=0.0002702
extrapolation window: T=15.0 -> T_test=30.0  n_test=600
  [train]  E_traj=1.864e-10  E_VF=9.486e-7  E_spec=0.9267
  [test ]  E_traj=1.431  E_VF=17.3  E_spec=0.4946
saved /orcd/home/002/txenakis/projects/BVPsolver/src/../data/runs/run_pFVztJpE/davis-skodje_fit.png
saved /orcd/home/002/txenakis/projects/BVPsolver/src/../data/runs/run_pFVztJpE/davis-skodje_fit_extrapolated.png
saved /orcd/home/002/txenakis/projects/BVPsolver/src/../data/runs/run_pFVztJpE/davis-skodje_spectral_fit_extrapolated.png
saved /orcd/home/002/txenakis/projects/BVPsolver/src/../data/runs/run_pFVztJpE/davis-skodje_vf_fit_extrapolated.png
┌ Warning: Attempting to store StiffNN.var"#22#23"{Float64}.
│ JLD2 only stores functions by name.
│  This may not be useful for anonymous functions.
└ @ JLD2 ~/.julia/packages/JLD2/ADycq/src/data/writing_datatypes.jl:447
saved run → /orcd/home/002/txenakis/projects/BVPsolver/src/../data/runs/run_pFVztJpE
--------------------------------------
Done: Thu Sep 24 08:17:08 EDT 2026
