Task 581/1800: --problem rober --model GELU-scaled --profile fast --seed 131 --pretraining derivmatch --training collocation
Logging to /home/txenakis/projects/BVPsolver/logs/run_main_23544358_581.log
rober  model=GELU-scaled width=7 d=3 tlen=50 profile=fast seed=131  solver=Rodas5  N=332
  derivmatch lr=0.01 iter=170/3400 loss=8.867
  derivmatch lr=0.01 iter=340/3400 loss=7.825
  derivmatch lr=0.01 iter=510/3400 loss=8.796
  derivmatch lr=0.01 iter=680/3400 loss=7.482
  derivmatch lr=0.01 iter=850/3400 loss=9.107
  derivmatch lr=0.01 iter=1020/3400 loss=8.72
  derivmatch lr=0.01 iter=1190/3400 loss=8.417
  derivmatch lr=0.01 iter=1360/3400 loss=8.1
  derivmatch lr=0.01 iter=1530/3400 loss=7.716
  derivmatch lr=0.01 iter=1700/3400 loss=6.854
  derivmatch lr=0.01 iter=1870/3400 loss=5.487
  derivmatch lr=0.01 iter=2040/3400 loss=6.923
  derivmatch lr=0.01 iter=2210/3400 loss=8.055
  derivmatch lr=0.01 iter=2380/3400 loss=7.001
  derivmatch lr=0.01 iter=2550/3400 loss=5.924
  derivmatch lr=0.01 iter=2720/3400 loss=5.493
  derivmatch lr=0.01 iter=2890/3400 loss=5.049
  derivmatch lr=0.01 iter=3060/3400 loss=8.272
  derivmatch lr=0.01 iter=3230/3400 loss=7.366
  derivmatch lr=0.01 iter=3400/3400 loss=6.395
  derivmatch lr=0.01 iter=3400/3400 loss=5.004
  derivmatch lr=0.003 iter=125/2500 loss=4.939
  derivmatch lr=0.003 iter=250/2500 loss=4.859
  derivmatch lr=0.003 iter=375/2500 loss=8.003
  derivmatch lr=0.003 iter=500/2500 loss=7.684
  derivmatch lr=0.003 iter=625/2500 loss=7.621
  derivmatch lr=0.003 iter=750/2500 loss=7.57
  derivmatch lr=0.003 iter=875/2500 loss=7.518
  derivmatch lr=0.003 iter=1000/2500 loss=7.463
  derivmatch lr=0.003 iter=1125/2500 loss=7.403
  derivmatch lr=0.003 iter=1250/2500 loss=7.336
  derivmatch lr=0.003 iter=1375/2500 loss=7.262
  derivmatch lr=0.003 iter=1500/2500 loss=7.177
  derivmatch lr=0.003 iter=1625/2500 loss=7.078
  derivmatch lr=0.003 iter=1750/2500 loss=6.958
  derivmatch lr=0.003 iter=1875/2500 loss=6.808
  derivmatch lr=0.003 iter=2000/2500 loss=6.614
  derivmatch lr=0.003 iter=2125/2500 loss=6.366
  derivmatch lr=0.003 iter=2250/2500 loss=6.216
  derivmatch lr=0.003 iter=2375/2500 loss=6.128
  derivmatch lr=0.003 iter=2500/2500 loss=6.059
  derivmatch lr=0.003 iter=2500/2500 loss=4.79
  derivmatch lr=0.001 iter=125/2500 loss=4.79
  derivmatch lr=0.001 iter=250/2500 loss=4.766
  derivmatch lr=0.001 iter=375/2500 loss=4.738
  derivmatch lr=0.001 iter=500/2500 loss=4.704
  derivmatch lr=0.001 iter=625/2500 loss=4.666
  derivmatch lr=0.001 iter=750/2500 loss=4.63
  derivmatch lr=0.001 iter=875/2500 loss=4.592
  derivmatch lr=0.001 iter=1000/2500 loss=4.55
  derivmatch lr=0.001 iter=1125/2500 loss=4.505
  derivmatch lr=0.001 iter=1250/2500 loss=7.021
  derivmatch lr=0.001 iter=1375/2500 loss=5.726
  derivmatch lr=0.001 iter=1500/2500 loss=4.522
  derivmatch lr=0.001 iter=1625/2500 loss=4.504
  derivmatch lr=0.001 iter=1750/2500 loss=4.486
  derivmatch lr=0.001 iter=1875/2500 loss=4.467
  derivmatch lr=0.001 iter=2000/2500 loss=4.446
  derivmatch lr=0.001 iter=2125/2500 loss=4.424
  derivmatch lr=0.001 iter=2250/2500 loss=4.401
  derivmatch lr=0.001 iter=2375/2500 loss=4.381
  derivmatch lr=0.001 iter=2500/2500 loss=4.36
  derivmatch lr=0.001 iter=2500/2500 loss=4.36
  derivmatch lr=0.0003 iter=80/1600 loss=4.426
  derivmatch lr=0.0003 iter=160/1600 loss=4.355
  derivmatch lr=0.0003 iter=240/1600 loss=4.353
  derivmatch lr=0.0003 iter=320/1600 loss=4.351
  derivmatch lr=0.0003 iter=400/1600 loss=4.349
  derivmatch lr=0.0003 iter=480/1600 loss=4.347
  derivmatch lr=0.0003 iter=560/1600 loss=4.345
  derivmatch lr=0.0003 iter=640/1600 loss=4.342
  derivmatch lr=0.0003 iter=720/1600 loss=4.34
  derivmatch lr=0.0003 iter=800/1600 loss=4.338
  derivmatch lr=0.0003 iter=880/1600 loss=4.335
  derivmatch lr=0.0003 iter=960/1600 loss=4.332
  derivmatch lr=0.0003 iter=1040/1600 loss=4.33
  derivmatch lr=0.0003 iter=1120/1600 loss=4.327
  derivmatch lr=0.0003 iter=1200/1600 loss=4.324
  derivmatch lr=0.0003 iter=1280/1600 loss=4.321
  derivmatch lr=0.0003 iter=1360/1600 loss=4.318
  derivmatch lr=0.0003 iter=1440/1600 loss=4.315
  derivmatch lr=0.0003 iter=1520/1600 loss=4.312
  derivmatch lr=0.0003 iter=1600/1600 loss=4.309
  derivmatch lr=0.0003 iter=1600/1600 loss=4.309
derivative matching [26s]  fitloss=4.31
  [derivative matching]  nrmse=27.82  l2=0.5312
  collocation: M=54 residuals=627  detecting sparsity + solving...

Algorithm: LevenbergMarquardt(
    trustregion = LevenbergMarquardtTrustRegion(
        β_uphill = 0.0
    ),
    descent = GeodesicAcceleration(
        descent = DampedNewtonDescent(
            linsolve = KLUFactorization(
                reuse_symbolic = true,
                check_pattern = true
            ),
            initial_damping = 1.0,
            damping_fn = LevenbergMarquardtDampingFunction(
                increase_factor = 2.0,
                decrease_factor = 3.0,
                min_damping = 1.0e-8
            ),
            min_norm_mode = :auto
        ),
        finite_diff_step_geodesic = 0.1,
        α = 0.75
    ),
    autodiff = AutoForwardDiff(),
    vjp_autodiff = AutoFiniteDiff(
        fdtype = Val{:forward}(),
        fdjtype = Val{:forward}(),
        fdhtype = Val{:hcentral}(),
        dir = true
    ),
    jvp_autodiff = AutoForwardDiff(),
    concrete_jac = Val{true}()
)

----    	-------------       	-----------         
Iter    	f(u) 2-norm         	Step 2-norm         
----    	-------------       	-----------         
0       	8.56520596e+04      	NaN                 
1       	7.01411127e+03      	2.29783740e-01      
8       	1.50683002e+04      	0.00000000e+00      
15      	1.90562483e+04      	0.00000000e+00      
22      	1.38654807e+04      	0.00000000e+00      
29      	3.72700643e+03      	0.00000000e+00      
36      	6.51139615e+03      	0.00000000e+00      
43      	1.66702462e+04      	0.00000000e+00      
50      	5.65701912e+03      	0.00000000e+00      
57      	3.68773126e+03      	0.00000000e+00      
64      	5.15467042e+03      	0.00000000e+00      
71      	5.24814754e+03      	5.60039694e-03      
78      	7.62110247e+03      	0.00000000e+00      
85      	4.66573614e+03      	3.33546699e-03      
92      	3.69077579e+03      	1.76639263e-03      
99      	5.02317470e+03      	0.00000000e+00      
106     	1.09427729e+04      	7.28357912e-03      
113     	4.03566086e+03      	7.53542720e-04      
120     	8.90749613e+03      	0.00000000e+00      
127     	3.67005132e+03      	1.59747159e-03      
134     	5.19252776e+03      	1.15076475e-02      
141     	5.09391207e+03      	0.00000000e+00      
148     	1.03770909e+04      	0.00000000e+00      
Final   	3.66674004e+03      
----------------------      
  AMR 1/1: M=54  err=6.99e6  obs=0.00249  nrmse=2.04  best=2.04  refined=0
collocation [17s]
  [final]  nrmse=2.039  l2=1.849
extrapolation window: T=1000.0 -> T_test=1.0e12  n_test=100
  [train]  E_traj=10.94  E_VF=0.7897  E_spec=0.9999
  [test ]  E_traj=5.12e21  E_VF=868500.0  E_spec=1.0
saved /orcd/home/002/txenakis/projects/BVPsolver/src/../data/runs/run_f9YtCuTb/rober_fit.png
saved /orcd/home/002/txenakis/projects/BVPsolver/src/../data/runs/run_f9YtCuTb/rober_fit_extrapolated.png
saved /orcd/home/002/txenakis/projects/BVPsolver/src/../data/runs/run_f9YtCuTb/rober_spectral_fit_extrapolated.png
saved /orcd/home/002/txenakis/projects/BVPsolver/src/../data/runs/run_f9YtCuTb/rober_vf_fit_extrapolated.png
┌ Warning: Attempting to store StiffNN.var"#12#13"{Float64, Float64, Float64}.
│ JLD2 only stores functions by name.
│  This may not be useful for anonymous functions.
└ @ JLD2 ~/.julia/packages/JLD2/ADycq/src/data/writing_datatypes.jl:447
saved run → /orcd/home/002/txenakis/projects/BVPsolver/src/../data/runs/run_f9YtCuTb
--------------------------------------
Done: Wed Sep 23 09:37:52 EDT 2026
