Task 1010/1800: --problem hires --model mlp --profile fast --seed 110 --pretraining derivmatch --training shooting
Logging to /home/txenakis/projects/BVPsolver/logs/run_main_23553922_1010.log
hires  model=mlp width=21 d=8 tlen=50 profile=fast seed=110  solver=Rodas5  N=827
  derivmatch lr=0.01 iter=170/3400 loss=50.16
  derivmatch lr=0.01 iter=340/3400 loss=42.26
  derivmatch lr=0.01 iter=510/3400 loss=37.31
  derivmatch lr=0.01 iter=680/3400 loss=29.99
  derivmatch lr=0.01 iter=850/3400 loss=26.11
  derivmatch lr=0.01 iter=1020/3400 loss=21.91
  derivmatch lr=0.01 iter=1190/3400 loss=20.12
  derivmatch lr=0.01 iter=1360/3400 loss=19.47
  derivmatch lr=0.01 iter=1530/3400 loss=22.81
  derivmatch lr=0.01 iter=1700/3400 loss=29.67
  derivmatch lr=0.01 iter=1870/3400 loss=22.15
  derivmatch lr=0.01 iter=2040/3400 loss=22.61
  derivmatch lr=0.01 iter=2210/3400 loss=16.32
  derivmatch lr=0.01 iter=2380/3400 loss=19.34
  derivmatch lr=0.01 iter=2550/3400 loss=22.42
  derivmatch lr=0.01 iter=2720/3400 loss=20.56
  derivmatch lr=0.01 iter=2890/3400 loss=16.83
  derivmatch lr=0.01 iter=3060/3400 loss=16.13
  derivmatch lr=0.01 iter=3230/3400 loss=13.35
  derivmatch lr=0.01 iter=3400/3400 loss=12.51
  derivmatch lr=0.01 iter=3400/3400 loss=9.767
  derivmatch lr=0.003 iter=125/2500 loss=7.688
  derivmatch lr=0.003 iter=250/2500 loss=5.434
  derivmatch lr=0.003 iter=375/2500 loss=6.061
  derivmatch lr=0.003 iter=500/2500 loss=7.168
  derivmatch lr=0.003 iter=625/2500 loss=4.595
  derivmatch lr=0.003 iter=750/2500 loss=5.783
  derivmatch lr=0.003 iter=875/2500 loss=7.643
  derivmatch lr=0.003 iter=1000/2500 loss=5.404
  derivmatch lr=0.003 iter=1125/2500 loss=5.302
  derivmatch lr=0.003 iter=1250/2500 loss=5.369
  derivmatch lr=0.003 iter=1375/2500 loss=5.554
  derivmatch lr=0.003 iter=1500/2500 loss=3.864
  derivmatch lr=0.003 iter=1625/2500 loss=5.129
  derivmatch lr=0.003 iter=1750/2500 loss=4.172
  derivmatch lr=0.003 iter=1875/2500 loss=3.983
  derivmatch lr=0.003 iter=2000/2500 loss=5.518
  derivmatch lr=0.003 iter=2125/2500 loss=5.529
  derivmatch lr=0.003 iter=2250/2500 loss=6.335
  derivmatch lr=0.003 iter=2375/2500 loss=5.391
  derivmatch lr=0.003 iter=2500/2500 loss=4.172
  derivmatch lr=0.003 iter=2500/2500 loss=2.623
  derivmatch lr=0.001 iter=125/2500 loss=2.028
  derivmatch lr=0.001 iter=250/2500 loss=1.996
  derivmatch lr=0.001 iter=375/2500 loss=2.161
  derivmatch lr=0.001 iter=500/2500 loss=2.509
  derivmatch lr=0.001 iter=625/2500 loss=1.484
  derivmatch lr=0.001 iter=750/2500 loss=1.436
  derivmatch lr=0.001 iter=875/2500 loss=2.276
  derivmatch lr=0.001 iter=1000/2500 loss=2.883
  derivmatch lr=0.001 iter=1125/2500 loss=1.681
  derivmatch lr=0.001 iter=1250/2500 loss=1.999
  derivmatch lr=0.001 iter=1375/2500 loss=1.901
  derivmatch lr=0.001 iter=1500/2500 loss=2.031
  derivmatch lr=0.001 iter=1625/2500 loss=2.086
  derivmatch lr=0.001 iter=1750/2500 loss=2.331
  derivmatch lr=0.001 iter=1875/2500 loss=1.305
  derivmatch lr=0.001 iter=2000/2500 loss=1.985
  derivmatch lr=0.001 iter=2125/2500 loss=2.122
  derivmatch lr=0.001 iter=2250/2500 loss=1.768
  derivmatch lr=0.001 iter=2375/2500 loss=1.665
  derivmatch lr=0.001 iter=2500/2500 loss=2.226
  derivmatch lr=0.001 iter=2500/2500 loss=1.064
  derivmatch lr=0.0003 iter=80/1600 loss=0.951
  derivmatch lr=0.0003 iter=160/1600 loss=0.9045
  derivmatch lr=0.0003 iter=240/1600 loss=0.7695
  derivmatch lr=0.0003 iter=320/1600 loss=0.8357
  derivmatch lr=0.0003 iter=400/1600 loss=0.8508
  derivmatch lr=0.0003 iter=480/1600 loss=0.7311
  derivmatch lr=0.0003 iter=560/1600 loss=0.6927
  derivmatch lr=0.0003 iter=640/1600 loss=0.6792
  derivmatch lr=0.0003 iter=720/1600 loss=0.5904
  derivmatch lr=0.0003 iter=800/1600 loss=0.7111
  derivmatch lr=0.0003 iter=880/1600 loss=0.9286
  derivmatch lr=0.0003 iter=960/1600 loss=0.7794
  derivmatch lr=0.0003 iter=1040/1600 loss=0.7054
  derivmatch lr=0.0003 iter=1120/1600 loss=0.6556
  derivmatch lr=0.0003 iter=1200/1600 loss=0.7118
  derivmatch lr=0.0003 iter=1280/1600 loss=0.7606
  derivmatch lr=0.0003 iter=1360/1600 loss=0.7692
  derivmatch lr=0.0003 iter=1440/1600 loss=0.6424
  derivmatch lr=0.0003 iter=1520/1600 loss=0.7743
  derivmatch lr=0.0003 iter=1600/1600 loss=0.5083
  derivmatch lr=0.0003 iter=1600/1600 loss=0.4744
derivative matching [32s]  fitloss=0.474
  [derivative matching]  nrmse=10.12  l2=4.44
  shooting iter=50/1000 loss=0.1353
  shooting iter=100/1000 loss=0.08685
  shooting iter=150/1000 loss=0.09976
  shooting iter=200/1000 loss=0.0585
  shooting iter=250/1000 loss=0.06307
  shooting iter=300/1000 loss=0.04869
  shooting iter=350/1000 loss=0.04966
  shooting iter=400/1000 loss=0.04358
  shooting iter=450/1000 loss=0.04199
  shooting iter=500/1000 loss=0.05035
  shooting iter=550/1000 loss=0.05549
  shooting iter=600/1000 loss=0.03663
  shooting iter=650/1000 loss=0.04847
  shooting iter=700/1000 loss=0.06194
  shooting iter=750/1000 loss=0.04649
  shooting iter=800/1000 loss=0.0292
  shooting iter=850/1000 loss=0.04402
  shooting iter=900/1000 loss=0.05703
  shooting iter=950/1000 loss=0.03646
  shooting iter=1000/1000 loss=0.04114
  shooting iter=1000/1000 loss=0.02371
shooting [2863s]  loss=0.0237
  [final]  nrmse=0.05259  l2=0.2992
extrapolation window: T=321.8122 -> T_test=643.624  n_test=100
  [train]  E_traj=0.007933  E_VF=0.3212  E_spec=6.401e16
  [test ]  E_traj=2628.0  E_VF=1.027e11  E_spec=1.869e29
saved /orcd/home/002/txenakis/projects/BVPsolver/src/../data/runs/run_wMSTVZP6/hires_fit.png
saved /orcd/home/002/txenakis/projects/BVPsolver/src/../data/runs/run_wMSTVZP6/hires_fit_extrapolated.png
saved /orcd/home/002/txenakis/projects/BVPsolver/src/../data/runs/run_wMSTVZP6/hires_spectral_fit_extrapolated.png
saved /orcd/home/002/txenakis/projects/BVPsolver/src/../data/runs/run_wMSTVZP6/hires_vf_fit_extrapolated.png
┌ Warning: Attempting to store StiffNN.var"#18#19"{Type{Float64}}.
│ JLD2 only stores functions by name.
│  This may not be useful for anonymous functions.
└ @ JLD2 ~/.julia/packages/JLD2/ADycq/src/data/writing_datatypes.jl:447
saved run → /orcd/home/002/txenakis/projects/BVPsolver/src/../data/runs/run_wMSTVZP6
--------------------------------------
Done: Wed Sep 23 16:32:39 EDT 2026
