Task 659/750: --problem rober --model GELU-scaled --profile fast --seed 209 --pretraining none --training shooting
Logging to /home/txenakis/projects/BVPsolver/logs/run_main_23659529_659.log
rober  model=GELU-scaled width=7 d=3 tlen=50 profile=fast seed=209  solver=Rodas5  N=332
  shooting iter=50/1000 loss=0.2144
  shooting iter=100/1000 loss=0.1617
  shooting iter=150/1000 loss=0.1474
  shooting iter=200/1000 loss=0.1416
  shooting iter=250/1000 loss=0.1387
  shooting iter=300/1000 loss=0.1356
  shooting iter=350/1000 loss=0.134
  shooting iter=400/1000 loss=0.1324
  shooting iter=450/1000 loss=0.1319
  shooting iter=500/1000 loss=0.129
  shooting iter=550/1000 loss=0.1298
  shooting iter=600/1000 loss=0.1281
  shooting iter=650/1000 loss=0.1275
  shooting iter=700/1000 loss=0.124
  shooting iter=750/1000 loss=0.1236
  shooting iter=800/1000 loss=0.1239
  shooting iter=850/1000 loss=0.123
  shooting iter=900/1000 loss=0.1205
  shooting iter=950/1000 loss=0.1212
  shooting iter=1000/1000 loss=0.1195
  shooting iter=1000/1000 loss=0.1191
shooting [447s]  loss=0.119
  [final]  nrmse=0.313  l2=0.02017
extrapolation window: T=1000.0 -> T_test=1.0e12  n_test=100
  [train]  E_traj=0.2549  E_VF=0.7579  E_spec=1.197e13
  [test ]  E_traj=NaN  E_VF=NaN  E_spec=NaN
saved /orcd/home/002/txenakis/projects/BVPsolver/src/../data/runs/run_ajymR1Nu/rober_fit.png
saved /orcd/home/002/txenakis/projects/BVPsolver/src/../data/runs/run_ajymR1Nu/rober_fit_extrapolated.png
saved /orcd/home/002/txenakis/projects/BVPsolver/src/../data/runs/run_ajymR1Nu/rober_spectral_fit_extrapolated.png
saved /orcd/home/002/txenakis/projects/BVPsolver/src/../data/runs/run_ajymR1Nu/rober_vf_fit_extrapolated.png
┌ Warning: Attempting to store StiffNN.var"#12#13"{Float64, Float64, Float64}.
│ JLD2 only stores functions by name.
│  This may not be useful for anonymous functions.
└ @ JLD2 ~/.julia/packages/JLD2/ADycq/src/data/writing_datatypes.jl:447
saved run → /orcd/home/002/txenakis/projects/BVPsolver/src/../data/runs/run_ajymR1Nu
--------------------------------------
Done: Thu Sep 24 15:43:57 EDT 2026
