Task 293/360: --problem orego --model GELU-scaled --profile fast --seed 23 --pretraining derivmatch --training collocation
Logging to /home/txenakis/projects/BVPsolver/logs/run_main_22227913_293.log
orego  model=GELU-scaled width=9 d=3 tlen=112 profile=fast seed=23  solver=Rodas5  N=516
  derivmatch lr=0.01 iter=170/3400 loss=4.755
  derivmatch lr=0.01 iter=340/3400 loss=4.437
  derivmatch lr=0.01 iter=510/3400 loss=16.0
  derivmatch lr=0.01 iter=680/3400 loss=14.13
  derivmatch lr=0.01 iter=850/3400 loss=14.38
  derivmatch lr=0.01 iter=1020/3400 loss=14.35
  derivmatch lr=0.01 iter=1190/3400 loss=14.35
  derivmatch lr=0.01 iter=1360/3400 loss=14.35
  derivmatch lr=0.01 iter=1530/3400 loss=14.35
  derivmatch lr=0.01 iter=1700/3400 loss=14.35
  derivmatch lr=0.01 iter=1870/3400 loss=14.35
  derivmatch lr=0.01 iter=2040/3400 loss=14.35
  derivmatch lr=0.01 iter=2210/3400 loss=14.35
  derivmatch lr=0.01 iter=2380/3400 loss=14.35
  derivmatch lr=0.01 iter=2550/3400 loss=14.35
  derivmatch lr=0.01 iter=2720/3400 loss=14.35
  derivmatch lr=0.01 iter=2890/3400 loss=14.35
  derivmatch lr=0.01 iter=3060/3400 loss=14.35
  derivmatch lr=0.01 iter=3230/3400 loss=14.35
  derivmatch lr=0.01 iter=3400/3400 loss=14.34
  derivmatch lr=0.01 iter=3400/3400 loss=4.27
  derivmatch lr=0.003 iter=125/2500 loss=4.088
  derivmatch lr=0.003 iter=250/2500 loss=4.055
  derivmatch lr=0.003 iter=375/2500 loss=3.977
  derivmatch lr=0.003 iter=500/2500 loss=3.881
  derivmatch lr=0.003 iter=625/2500 loss=4.1
  derivmatch lr=0.003 iter=750/2500 loss=3.923
  derivmatch lr=0.003 iter=875/2500 loss=3.931
  derivmatch lr=0.003 iter=1000/2500 loss=3.827
  derivmatch lr=0.003 iter=1125/2500 loss=3.794
  derivmatch lr=0.003 iter=1250/2500 loss=3.699
  derivmatch lr=0.003 iter=1375/2500 loss=3.674
  derivmatch lr=0.003 iter=1500/2500 loss=3.655
  derivmatch lr=0.003 iter=1625/2500 loss=3.638
  derivmatch lr=0.003 iter=1750/2500 loss=3.623
  derivmatch lr=0.003 iter=1875/2500 loss=3.611
  derivmatch lr=0.003 iter=2000/2500 loss=3.6
  derivmatch lr=0.003 iter=2125/2500 loss=3.589
  derivmatch lr=0.003 iter=2250/2500 loss=3.579
  derivmatch lr=0.003 iter=2375/2500 loss=3.754
  derivmatch lr=0.003 iter=2500/2500 loss=3.72
  derivmatch lr=0.003 iter=2500/2500 loss=3.37
  derivmatch lr=0.001 iter=125/2500 loss=3.712
  derivmatch lr=0.001 iter=250/2500 loss=3.67
  derivmatch lr=0.001 iter=375/2500 loss=3.625
  derivmatch lr=0.001 iter=500/2500 loss=3.587
  derivmatch lr=0.001 iter=625/2500 loss=3.545
  derivmatch lr=0.001 iter=750/2500 loss=3.513
  derivmatch lr=0.001 iter=875/2500 loss=3.485
  derivmatch lr=0.001 iter=1000/2500 loss=3.46
  derivmatch lr=0.001 iter=1125/2500 loss=3.757
  derivmatch lr=0.001 iter=1250/2500 loss=4.444
  derivmatch lr=0.001 iter=1375/2500 loss=3.719
  derivmatch lr=0.001 iter=1500/2500 loss=3.617
  derivmatch lr=0.001 iter=1625/2500 loss=3.491
  derivmatch lr=0.001 iter=1750/2500 loss=3.35
  derivmatch lr=0.001 iter=1875/2500 loss=3.294
  derivmatch lr=0.001 iter=2000/2500 loss=3.248
  derivmatch lr=0.001 iter=2125/2500 loss=3.184
  derivmatch lr=0.001 iter=2250/2500 loss=3.208
  derivmatch lr=0.001 iter=2375/2500 loss=3.151
  derivmatch lr=0.001 iter=2500/2500 loss=3.146
  derivmatch lr=0.001 iter=2500/2500 loss=3.129
  derivmatch lr=0.0003 iter=80/1600 loss=3.058
  derivmatch lr=0.0003 iter=160/1600 loss=2.896
  derivmatch lr=0.0003 iter=240/1600 loss=2.873
  derivmatch lr=0.0003 iter=320/1600 loss=2.861
  derivmatch lr=0.0003 iter=400/1600 loss=2.854
  derivmatch lr=0.0003 iter=480/1600 loss=2.848
  derivmatch lr=0.0003 iter=560/1600 loss=2.84
  derivmatch lr=0.0003 iter=640/1600 loss=2.834
  derivmatch lr=0.0003 iter=720/1600 loss=2.828
  derivmatch lr=0.0003 iter=800/1600 loss=2.823
  derivmatch lr=0.0003 iter=880/1600 loss=2.815
  derivmatch lr=0.0003 iter=960/1600 loss=2.809
  derivmatch lr=0.0003 iter=1040/1600 loss=2.805
  derivmatch lr=0.0003 iter=1120/1600 loss=2.801
  derivmatch lr=0.0003 iter=1200/1600 loss=2.797
  derivmatch lr=0.0003 iter=1280/1600 loss=2.809
  derivmatch lr=0.0003 iter=1360/1600 loss=2.792
  derivmatch lr=0.0003 iter=1440/1600 loss=2.788
  derivmatch lr=0.0003 iter=1520/1600 loss=2.784
  derivmatch lr=0.0003 iter=1600/1600 loss=2.782
  derivmatch lr=0.0003 iter=1600/1600 loss=2.781
derivative matching [33s]  fitloss=2.78
  [derivative matching]  nrmse=0.44  l2=486000.0
  collocation: M=127 residuals=1470  detecting sparsity + solving...

Algorithm: LevenbergMarquardt(
    trustregion = LevenbergMarquardtTrustRegion(
        β_uphill = 0.0
    ),
    descent = GeodesicAcceleration(
        descent = DampedNewtonDescent(
            linsolve = KLUFactorization(
                reuse_symbolic = true,
                check_pattern = true
            ),
            initial_damping = 1.0,
            damping_fn = LevenbergMarquardtDampingFunction(
                increase_factor = 2.0,
                decrease_factor = 3.0,
                min_damping = 1.0e-8
            ),
            min_norm_mode = :auto
        ),
        finite_diff_step_geodesic = 0.1,
        α = 0.75
    ),
    autodiff = AutoForwardDiff(),
    vjp_autodiff = AutoFiniteDiff(
        fdtype = Val{:forward}(),
        fdjtype = Val{:forward}(),
        fdhtype = Val{:hcentral}(),
        dir = true
    ),
    jvp_autodiff = AutoForwardDiff(),
    concrete_jac = Val{true}()
)

----    	-------------       	-----------         
Iter    	f(u) 2-norm         	Step 2-norm         
----    	-------------       	-----------         
0       	7.08157528e+02      	4.77092982e+180     
1       	7.08157528e+02      	0.00000000e+00      
8       	2.93431323e+03      	1.46825792e-01      
15      	4.23345597e+03      	0.00000000e+00      
22      	2.43158135e+03      	0.00000000e+00      
29      	2.43158135e+03      	0.00000000e+00      
36      	2.69710082e+03      	0.00000000e+00      
43      	2.24191274e+03      	0.00000000e+00      
50      	2.45833306e+03      	0.00000000e+00      
57      	2.53528313e+03      	0.00000000e+00      
64      	2.81954654e+03      	0.00000000e+00      
71      	2.80602353e+03      	0.00000000e+00      
78      	2.37450102e+03      	0.00000000e+00      
85      	2.70325998e+03      	0.00000000e+00      
92      	2.66274580e+03      	6.66802305e-03      
99      	2.38918788e+03      	0.00000000e+00      
106     	2.67113353e+03      	3.77772461e-03      
113     	3.39535353e+03      	5.84797532e-03      
120     	2.92222015e+03      	0.00000000e+00      
127     	2.77511708e+03      	0.00000000e+00      
134     	2.42122475e+03      	1.38037043e-03      
141     	2.43432941e+03      	0.00000000e+00      
148     	2.43432941e+03      	0.00000000e+00      
Final   	7.08157528e+02      
----------------------      
  AMR 1/1: M=127  err=45700.0  obs=0.0  nrmse=0.44  best=0.44  refined=0
 derivative matching was best (1/1 rounds ran)
collocation [79s]
  [final]  nrmse=0.44  l2=486000.0
extrapolation window: T=180.0 -> T_test=360.0  n_test=224
  [train]  E_traj=1.139  E_VF=0.7137  E_spec=1.031
  [test ]  E_traj=4.604  E_VF=0.6901  E_spec=2.394
saved /orcd/home/002/txenakis/projects/BVPsolver/src/../data/runs/run_RAkTvWUf/orego_fit.png
saved /orcd/home/002/txenakis/projects/BVPsolver/src/../data/runs/run_RAkTvWUf/orego_fit_extrapolated.png
saved /orcd/home/002/txenakis/projects/BVPsolver/src/../data/runs/run_RAkTvWUf/orego_spectral_fit_extrapolated.png
saved /orcd/home/002/txenakis/projects/BVPsolver/src/../data/runs/run_RAkTvWUf/orego_vf_fit_extrapolated.png
┌ Warning: Attempting to store StiffNN.var"#20#21"{Float64, Float64, Float64}.
│ JLD2 only stores functions by name.
│  This may not be useful for anonymous functions.
└ @ JLD2 ~/.julia/packages/JLD2/ADycq/src/data/writing_datatypes.jl:447
saved run → /orcd/home/002/txenakis/projects/BVPsolver/src/../data/runs/run_RAkTvWUf
--------------------------------------
Done: Mon Sep  7 21:32:20 EDT 2026
