Task 210/360: --problem hires --model mlp --profile fast --seed 20 --pretraining derivmatch --training collocation
Logging to /home/txenakis/projects/BVPsolver/logs/run_main_22227913_210.log
hires  model=mlp width=21 d=8 tlen=50 profile=fast seed=20  solver=Rodas5  N=827
  derivmatch lr=0.01 iter=170/3400 loss=51.92
  derivmatch lr=0.01 iter=340/3400 loss=41.39
  derivmatch lr=0.01 iter=510/3400 loss=49.0
  derivmatch lr=0.01 iter=680/3400 loss=35.81
  derivmatch lr=0.01 iter=850/3400 loss=37.37
  derivmatch lr=0.01 iter=1020/3400 loss=32.33
  derivmatch lr=0.01 iter=1190/3400 loss=32.14
  derivmatch lr=0.01 iter=1360/3400 loss=33.65
  derivmatch lr=0.01 iter=1530/3400 loss=23.86
  derivmatch lr=0.01 iter=1700/3400 loss=18.97
  derivmatch lr=0.01 iter=1870/3400 loss=23.84
  derivmatch lr=0.01 iter=2040/3400 loss=17.84
  derivmatch lr=0.01 iter=2210/3400 loss=19.39
  derivmatch lr=0.01 iter=2380/3400 loss=23.54
  derivmatch lr=0.01 iter=2550/3400 loss=22.77
  derivmatch lr=0.01 iter=2720/3400 loss=13.78
  derivmatch lr=0.01 iter=2890/3400 loss=16.02
  derivmatch lr=0.01 iter=3060/3400 loss=13.76
  derivmatch lr=0.01 iter=3230/3400 loss=12.89
  derivmatch lr=0.01 iter=3400/3400 loss=18.39
  derivmatch lr=0.01 iter=3400/3400 loss=10.03
  derivmatch lr=0.003 iter=125/2500 loss=7.222
  derivmatch lr=0.003 iter=250/2500 loss=7.055
  derivmatch lr=0.003 iter=375/2500 loss=5.845
  derivmatch lr=0.003 iter=500/2500 loss=5.043
  derivmatch lr=0.003 iter=625/2500 loss=5.571
  derivmatch lr=0.003 iter=750/2500 loss=4.99
  derivmatch lr=0.003 iter=875/2500 loss=5.963
  derivmatch lr=0.003 iter=1000/2500 loss=5.046
  derivmatch lr=0.003 iter=1125/2500 loss=7.23
  derivmatch lr=0.003 iter=1250/2500 loss=6.018
  derivmatch lr=0.003 iter=1375/2500 loss=3.907
  derivmatch lr=0.003 iter=1500/2500 loss=5.26
  derivmatch lr=0.003 iter=1625/2500 loss=4.017
  derivmatch lr=0.003 iter=1750/2500 loss=4.908
  derivmatch lr=0.003 iter=1875/2500 loss=5.041
  derivmatch lr=0.003 iter=2000/2500 loss=6.047
  derivmatch lr=0.003 iter=2125/2500 loss=7.152
  derivmatch lr=0.003 iter=2250/2500 loss=5.431
  derivmatch lr=0.003 iter=2375/2500 loss=4.489
  derivmatch lr=0.003 iter=2500/2500 loss=6.209
  derivmatch lr=0.003 iter=2500/2500 loss=3.241
  derivmatch lr=0.001 iter=125/2500 loss=1.983
  derivmatch lr=0.001 iter=250/2500 loss=1.542
  derivmatch lr=0.001 iter=375/2500 loss=2.145
  derivmatch lr=0.001 iter=500/2500 loss=2.004
  derivmatch lr=0.001 iter=625/2500 loss=1.931
  derivmatch lr=0.001 iter=750/2500 loss=2.777
  derivmatch lr=0.001 iter=875/2500 loss=1.933
  derivmatch lr=0.001 iter=1000/2500 loss=1.82
  derivmatch lr=0.001 iter=1125/2500 loss=2.191
  derivmatch lr=0.001 iter=1250/2500 loss=2.016
  derivmatch lr=0.001 iter=1375/2500 loss=1.656
  derivmatch lr=0.001 iter=1500/2500 loss=1.42
  derivmatch lr=0.001 iter=1625/2500 loss=1.151
  derivmatch lr=0.001 iter=1750/2500 loss=2.005
  derivmatch lr=0.001 iter=1875/2500 loss=1.92
  derivmatch lr=0.001 iter=2000/2500 loss=2.117
  derivmatch lr=0.001 iter=2125/2500 loss=1.912
  derivmatch lr=0.001 iter=2250/2500 loss=1.748
  derivmatch lr=0.001 iter=2375/2500 loss=1.673
  derivmatch lr=0.001 iter=2500/2500 loss=2.046
  derivmatch lr=0.001 iter=2500/2500 loss=1.002
  derivmatch lr=0.0003 iter=80/1600 loss=0.7178
  derivmatch lr=0.0003 iter=160/1600 loss=0.845
  derivmatch lr=0.0003 iter=240/1600 loss=0.608
  derivmatch lr=0.0003 iter=320/1600 loss=0.6854
  derivmatch lr=0.0003 iter=400/1600 loss=0.8129
  derivmatch lr=0.0003 iter=480/1600 loss=0.5507
  derivmatch lr=0.0003 iter=560/1600 loss=0.7505
  derivmatch lr=0.0003 iter=640/1600 loss=0.7088
  derivmatch lr=0.0003 iter=720/1600 loss=0.6733
  derivmatch lr=0.0003 iter=800/1600 loss=0.8294
  derivmatch lr=0.0003 iter=880/1600 loss=1.059
  derivmatch lr=0.0003 iter=960/1600 loss=0.8567
  derivmatch lr=0.0003 iter=1040/1600 loss=0.5655
  derivmatch lr=0.0003 iter=1120/1600 loss=0.5756
  derivmatch lr=0.0003 iter=1200/1600 loss=1.04
  derivmatch lr=0.0003 iter=1280/1600 loss=0.621
  derivmatch lr=0.0003 iter=1360/1600 loss=0.6094
  derivmatch lr=0.0003 iter=1440/1600 loss=0.7689
  derivmatch lr=0.0003 iter=1520/1600 loss=0.5059
  derivmatch lr=0.0003 iter=1600/1600 loss=0.7256
  derivmatch lr=0.0003 iter=1600/1600 loss=0.4513
derivative matching [24s]  fitloss=0.451
  [derivative matching]  nrmse=18.21  l2=7.024
  collocation: M=75 residuals=2176  detecting sparsity + solving...

Algorithm: LevenbergMarquardt(
    trustregion = LevenbergMarquardtTrustRegion(
        β_uphill = 0.0
    ),
    descent = GeodesicAcceleration(
        descent = DampedNewtonDescent(
            linsolve = QRFactorization(
                pivot = NoPivot(),
                blocksize = 16,
                inplace = true
            ),
            initial_damping = 1.0,
            damping_fn = LevenbergMarquardtDampingFunction(
                increase_factor = 2.0,
                decrease_factor = 3.0,
                min_damping = 1.0e-8
            ),
            min_norm_mode = :auto
        ),
        finite_diff_step_geodesic = 0.1,
        α = 0.75
    ),
    autodiff = AutoForwardDiff(),
    vjp_autodiff = AutoFiniteDiff(
        fdtype = Val{:forward}(),
        fdjtype = Val{:forward}(),
        fdhtype = Val{:hcentral}(),
        dir = true
    ),
    jvp_autodiff = AutoForwardDiff(),
    concrete_jac = Val{true}()
)

----    	-------------       	-----------         
Iter    	f(u) 2-norm         	Step 2-norm         
----    	-------------       	-----------         
0       	7.77958029e+02      	NaN                 
1       	7.29691613e+03      	1.24950628e-01      
8       	1.54592680e+03      	4.00779300e-02      
15      	3.05593444e+01      	4.82420223e-02      
22      	1.20827843e+00      	2.11185405e-02      
29      	2.15484397e-01      	7.41281442e-03      
36      	2.15225132e-01      	2.09410721e-03      
43      	2.15216699e-01      	4.30269631e-04      
50      	2.15216609e-01      	1.96765128e-04      
57      	2.15216589e-01      	9.21771890e-05      
64      	2.15216585e-01      	4.34038138e-05      
71      	2.15216584e-01      	1.80650682e-05      
78      	2.15216583e-01      	8.91818772e-06      
85      	2.15216583e-01      	4.53903888e-06      
92      	2.15216583e-01      	2.07107260e-06      
99      	2.15216583e-01      	2.31047382e-06      
106     	2.15216583e-01      	2.46875801e-06      
113     	2.15216583e-01      	4.47669871e-06      
120     	2.15216583e-01      	3.41246137e-06      
127     	2.15216583e-01      	4.13574445e-06      
134     	2.15216583e-01      	3.25635055e-06      
141     	2.15216583e-01      	2.88556068e-06      
148     	2.15216583e-01      	3.58061771e-06      
Final   	2.15216583e-01      
----------------------      
  AMR 1/1: M=75  err=0.00888  obs=0.00363  nrmse=15.8  best=15.8  refined=0
collocation [170s]
  [final]  nrmse=15.82  l2=3.316
extrapolation window: T=321.8122 -> T_test=643.624  n_test=100
  [train]  E_traj=528.8  E_VF=0.9896  E_spec=2.764e15
  [test ]  E_traj=2.674e8  E_VF=1.667e7  E_spec=9.827999999999999e26
saved /orcd/home/002/txenakis/projects/BVPsolver/src/../data/runs/run_WoRXB51I/hires_fit.png
saved /orcd/home/002/txenakis/projects/BVPsolver/src/../data/runs/run_WoRXB51I/hires_fit_extrapolated.png
saved /orcd/home/002/txenakis/projects/BVPsolver/src/../data/runs/run_WoRXB51I/hires_spectral_fit_extrapolated.png
saved /orcd/home/002/txenakis/projects/BVPsolver/src/../data/runs/run_WoRXB51I/hires_vf_fit_extrapolated.png
┌ Warning: Attempting to store StiffNN.var"#18#19"{Type{Float64}}.
│ JLD2 only stores functions by name.
│  This may not be useful for anonymous functions.
└ @ JLD2 ~/.julia/packages/JLD2/ADycq/src/data/writing_datatypes.jl:447
saved run → /orcd/home/002/txenakis/projects/BVPsolver/src/../data/runs/run_WoRXB51I
--------------------------------------
Done: Mon Sep  7 20:03:40 EDT 2026
