Task 1788/1800: --problem davis-skodje --model GELU-scaled --profile fast --seed 138 --pretraining derivmatch --training collocation
Logging to /home/txenakis/projects/BVPsolver/logs/run_main_23640313_1788.log
davis-skodje  model=GELU-scaled width=7 d=2 tlen=300 profile=fast seed=138  solver=Rodas5P  N=317
  derivmatch lr=0.01 iter=170/3400 loss=0.1369
  derivmatch lr=0.01 iter=340/3400 loss=0.09304
  derivmatch lr=0.01 iter=510/3400 loss=0.05827
  derivmatch lr=0.01 iter=680/3400 loss=0.03181
  derivmatch lr=0.01 iter=850/3400 loss=0.03015
  derivmatch lr=0.01 iter=1020/3400 loss=0.01608
  derivmatch lr=0.01 iter=1190/3400 loss=0.01475
  derivmatch lr=0.01 iter=1360/3400 loss=0.01325
  derivmatch lr=0.01 iter=1530/3400 loss=0.01236
  derivmatch lr=0.01 iter=1700/3400 loss=0.01223
  derivmatch lr=0.01 iter=1870/3400 loss=0.0118
  derivmatch lr=0.01 iter=2040/3400 loss=0.01136
  derivmatch lr=0.01 iter=2210/3400 loss=0.01092
  derivmatch lr=0.01 iter=2380/3400 loss=0.01048
  derivmatch lr=0.01 iter=2550/3400 loss=0.01005
  derivmatch lr=0.01 iter=2720/3400 loss=0.009637
  derivmatch lr=0.01 iter=2890/3400 loss=0.00925
  derivmatch lr=0.01 iter=3060/3400 loss=0.008889
  derivmatch lr=0.01 iter=3230/3400 loss=0.01262
  derivmatch lr=0.01 iter=3400/3400 loss=0.01895
  derivmatch lr=0.01 iter=3400/3400 loss=0.004147
  derivmatch lr=0.003 iter=125/2500 loss=0.001791
  derivmatch lr=0.003 iter=250/2500 loss=0.001839
  derivmatch lr=0.003 iter=375/2500 loss=0.001043
  derivmatch lr=0.003 iter=500/2500 loss=0.003287
  derivmatch lr=0.003 iter=625/2500 loss=0.0009095
  derivmatch lr=0.003 iter=750/2500 loss=0.000693
  derivmatch lr=0.003 iter=875/2500 loss=0.0006537
  derivmatch lr=0.003 iter=1000/2500 loss=0.0005063
  derivmatch lr=0.003 iter=1125/2500 loss=0.0006803
  derivmatch lr=0.003 iter=1250/2500 loss=0.003348
  derivmatch lr=0.003 iter=1375/2500 loss=0.001228
  derivmatch lr=0.003 iter=1500/2500 loss=0.0008695
  derivmatch lr=0.003 iter=1625/2500 loss=0.001578
  derivmatch lr=0.003 iter=1750/2500 loss=0.001766
  derivmatch lr=0.003 iter=1875/2500 loss=0.0004675
  derivmatch lr=0.003 iter=2000/2500 loss=0.002306
  derivmatch lr=0.003 iter=2125/2500 loss=0.002074
  derivmatch lr=0.003 iter=2250/2500 loss=0.0003753
  derivmatch lr=0.003 iter=2375/2500 loss=0.0007287
  derivmatch lr=0.003 iter=2500/2500 loss=0.002879
  derivmatch lr=0.003 iter=2500/2500 loss=0.0003258
  derivmatch lr=0.001 iter=125/2500 loss=0.0002932
  derivmatch lr=0.001 iter=250/2500 loss=0.0002453
  derivmatch lr=0.001 iter=375/2500 loss=0.0002273
  derivmatch lr=0.001 iter=500/2500 loss=0.0002132
  derivmatch lr=0.001 iter=625/2500 loss=0.0002015
  derivmatch lr=0.001 iter=750/2500 loss=0.0001912
  derivmatch lr=0.001 iter=875/2500 loss=0.000182
  derivmatch lr=0.001 iter=1000/2500 loss=0.000178
  derivmatch lr=0.001 iter=1125/2500 loss=0.0001759
  derivmatch lr=0.001 iter=1250/2500 loss=0.0001688
  derivmatch lr=0.001 iter=1375/2500 loss=0.000235
  derivmatch lr=0.001 iter=1500/2500 loss=0.000161
  derivmatch lr=0.001 iter=1625/2500 loss=0.0001796
  derivmatch lr=0.001 iter=1750/2500 loss=0.0002032
  derivmatch lr=0.001 iter=1875/2500 loss=0.0001598
  derivmatch lr=0.001 iter=2000/2500 loss=0.0001463
  derivmatch lr=0.001 iter=2125/2500 loss=0.0001661
  derivmatch lr=0.001 iter=2250/2500 loss=0.0001594
  derivmatch lr=0.001 iter=2375/2500 loss=0.0001405
  derivmatch lr=0.001 iter=2500/2500 loss=0.0002668
  derivmatch lr=0.001 iter=2500/2500 loss=0.0001196
  derivmatch lr=0.0003 iter=80/1600 loss=0.0001218
  derivmatch lr=0.0003 iter=160/1600 loss=0.0001186
  derivmatch lr=0.0003 iter=240/1600 loss=0.0001171
  derivmatch lr=0.0003 iter=320/1600 loss=0.0001159
  derivmatch lr=0.0003 iter=400/1600 loss=0.0001146
  derivmatch lr=0.0003 iter=480/1600 loss=0.0001134
  derivmatch lr=0.0003 iter=560/1600 loss=0.0001121
  derivmatch lr=0.0003 iter=640/1600 loss=0.0001107
  derivmatch lr=0.0003 iter=720/1600 loss=0.0001092
  derivmatch lr=0.0003 iter=800/1600 loss=0.0001077
  derivmatch lr=0.0003 iter=880/1600 loss=0.0001061
  derivmatch lr=0.0003 iter=960/1600 loss=0.0001045
  derivmatch lr=0.0003 iter=1040/1600 loss=0.0001028
  derivmatch lr=0.0003 iter=1120/1600 loss=0.0001011
  derivmatch lr=0.0003 iter=1200/1600 loss=9.934e-5
  derivmatch lr=0.0003 iter=1280/1600 loss=9.752e-5
  derivmatch lr=0.0003 iter=1360/1600 loss=9.568e-5
  derivmatch lr=0.0003 iter=1440/1600 loss=9.38e-5
  derivmatch lr=0.0003 iter=1520/1600 loss=9.19e-5
  derivmatch lr=0.0003 iter=1600/1600 loss=8.998e-5
  derivmatch lr=0.0003 iter=1600/1600 loss=8.998e-5
derivative matching [28s]  fitloss=9.0e-5
  [derivative matching]  nrmse=0.0007992  l2=0.03494
  collocation: M=300 residuals=2394  detecting sparsity + solving...

Algorithm: LevenbergMarquardt(
    trustregion = LevenbergMarquardtTrustRegion(
        β_uphill = 0.0
    ),
    descent = GeodesicAcceleration(
        descent = DampedNewtonDescent(
            linsolve = KLUFactorization(
                reuse_symbolic = true,
                check_pattern = true
            ),
            initial_damping = 1.0,
            damping_fn = LevenbergMarquardtDampingFunction(
                increase_factor = 2.0,
                decrease_factor = 3.0,
                min_damping = 1.0e-8
            ),
            min_norm_mode = :auto
        ),
        finite_diff_step_geodesic = 0.1,
        α = 0.75
    ),
    autodiff = AutoForwardDiff(),
    vjp_autodiff = AutoFiniteDiff(
        fdtype = Val{:forward}(),
        fdjtype = Val{:forward}(),
        fdhtype = Val{:hcentral}(),
        dir = true
    ),
    jvp_autodiff = AutoForwardDiff(),
    concrete_jac = Val{true}()
)

----    	-------------       	-----------         
Iter    	f(u) 2-norm         	Step 2-norm         
----    	-------------       	-----------         
0       	3.04014506e+01      	7.80597387e-316     
1       	3.04014506e+01      	0.00000000e+00      
8       	6.12079306e+04      	0.00000000e+00      
15      	6.12079306e+04      	0.00000000e+00      
22      	5.99089148e+04      	4.13256795e+00      
29      	5.73122256e+03      	5.96907768e+00      
36      	7.02733448e+02      	1.08447201e+00      
43      	2.36036329e+02      	0.00000000e+00      
50      	1.37890342e+02      	2.00386258e-01      
57      	2.98734082e+00      	1.11435054e+00      
64      	7.42156185e+00      	9.08728828e-01      
71      	3.31874901e+01      	1.53441058e+00      
78      	2.27493544e+01      	1.72681229e+00      
85      	4.32480862e+02      	0.00000000e+00      
92      	1.14892732e+02      	1.84140478e+00      
99      	1.14892732e+02      	0.00000000e+00      
106     	1.14892732e+02      	0.00000000e+00      
113     	1.14892732e+02      	0.00000000e+00      
120     	1.14892732e+02      	0.00000000e+00      
127     	2.85093245e+01      	3.42023751e-02      
134     	5.19707998e-02      	8.55966974e-04      
141     	5.18060643e-02      	6.34915847e-02      
148     	1.92980167e+01      	0.00000000e+00      
Final   	5.13045712e-02      
----------------------      
  AMR 1/3: M=300  err=0.000222  obs=0.00137  nrmse=1.71  best=0.000799  refined=3
  collocation: M=303 residuals=2412  detecting sparsity + solving...

Algorithm: LevenbergMarquardt(
    trustregion = LevenbergMarquardtTrustRegion(
        β_uphill = 0.0
    ),
    descent = GeodesicAcceleration(
        descent = DampedNewtonDescent(
            linsolve = KLUFactorization(
                reuse_symbolic = true,
                check_pattern = true
            ),
            initial_damping = 1.0,
            damping_fn = LevenbergMarquardtDampingFunction(
                increase_factor = 2.0,
                decrease_factor = 3.0,
                min_damping = 1.0e-8
            ),
            min_norm_mode = :auto
        ),
        finite_diff_step_geodesic = 0.1,
        α = 0.75
    ),
    autodiff = AutoForwardDiff(),
    vjp_autodiff = AutoFiniteDiff(
        fdtype = Val{:forward}(),
        fdjtype = Val{:forward}(),
        fdhtype = Val{:hcentral}(),
        dir = true
    ),
    jvp_autodiff = AutoForwardDiff(),
    concrete_jac = Val{true}()
)

----    	-------------       	-----------         
Iter    	f(u) 2-norm         	Step 2-norm         
----    	-------------       	-----------         
0       	6.51773704e+02      	NaN                 
1       	6.51773704e+02      	0.00000000e+00      
8       	4.25282464e+02      	0.00000000e+00      
15      	2.92754997e+02      	0.00000000e+00      
22      	1.09047480e+02      	4.15640967e+00      
29      	1.08436838e+02      	0.00000000e+00      
36      	1.08436838e+02      	0.00000000e+00      
43      	3.30801262e+01      	0.00000000e+00      
50      	1.84693149e+01      	3.95588189e+00      
57      	5.06694580e+00      	1.59119003e+00      
64      	1.14520240e+01      	9.10700682e-01      
71      	6.22261030e+01      	0.00000000e+00      
78      	6.22261030e+01      	0.00000000e+00      
85      	5.15060543e+01      	1.18555181e+00      
92      	1.30592723e+01      	0.00000000e+00      
99      	8.87120521e-01      	3.99456694e-02      
106     	8.26028929e-01      	2.04212978e+00      
113     	6.86990794e-01      	0.00000000e+00      
120     	6.52200241e-01      	4.08332474e-01      
127     	1.96946279e+01      	0.00000000e+00      
134     	7.73362127e-01      	9.73571687e+00      
141     	2.53542860e+00      	0.00000000e+00      
148     	2.31970600e+00      	0.00000000e+00      
Final   	2.59423120e-01      
----------------------      
  AMR 2/3: M=303  err=0.0423  obs=0.00201  nrmse=5.58  best=0.000799  refined=1
  collocation: M=304 residuals=2418  detecting sparsity + solving...

Algorithm: LevenbergMarquardt(
    trustregion = LevenbergMarquardtTrustRegion(
        β_uphill = 0.0
    ),
    descent = GeodesicAcceleration(
        descent = DampedNewtonDescent(
            linsolve = KLUFactorization(
                reuse_symbolic = true,
                check_pattern = true
            ),
            initial_damping = 1.0,
            damping_fn = LevenbergMarquardtDampingFunction(
                increase_factor = 2.0,
                decrease_factor = 3.0,
                min_damping = 1.0e-8
            ),
            min_norm_mode = :auto
        ),
        finite_diff_step_geodesic = 0.1,
        α = 0.75
    ),
    autodiff = AutoForwardDiff(),
    vjp_autodiff = AutoFiniteDiff(
        fdtype = Val{:forward}(),
        fdjtype = Val{:forward}(),
        fdhtype = Val{:hcentral}(),
        dir = true
    ),
    jvp_autodiff = AutoForwardDiff(),
    concrete_jac = Val{true}()
)

----    	-------------       	-----------         
Iter    	f(u) 2-norm         	Step 2-norm         
----    	-------------       	-----------         
0       	4.71207835e+02      	1.10676606e-310     
1       	4.71207835e+02      	0.00000000e+00      
8       	1.28918162e+02      	0.00000000e+00      
15      	3.16575133e+00      	2.48430712e+00      
22      	4.91018102e-01      	8.94796021e-01      
29      	1.06368661e+00      	3.76207570e+00      
36      	2.93805673e+00      	4.77209658e+00      
43      	7.27767712e+00      	2.38329983e+01      
50      	6.33902848e+01      	5.02813119e+01      
57      	1.50722275e+01      	0.00000000e+00      
64      	1.50722275e+01      	0.00000000e+00      
71      	1.50722275e+01      	0.00000000e+00      
78      	1.50722275e+01      	0.00000000e+00      
85      	1.50722275e+01      	0.00000000e+00      
92      	1.21231490e+01      	0.00000000e+00      
99      	8.50796095e-02      	3.51711688e-01      
106     	1.03008530e-02      	4.72090711e-03      
113     	2.47230068e-02      	3.48347912e+00      
120     	1.40111461e+03      	0.00000000e+00      
127     	1.65257254e+01      	1.58899544e+01      
134     	2.88771442e+01      	0.00000000e+00      
141     	1.10125649e+01      	0.00000000e+00      
148     	9.08633564e-02      	2.49909227e-01      
Final   	1.02106913e-02      
----------------------      
  AMR 3/3: M=304  err=3.36e-6  obs=0.000194  nrmse=0.0839  best=0.000799  refined=0
 derivative matching was best (3/3 rounds ran)
collocation [179s]
  [final]  nrmse=0.0007992  l2=0.03494
extrapolation window: T=15.0 -> T_test=30.0  n_test=600
  [train]  E_traj=1.66e-6  E_VF=7.828e-5  E_spec=0.4993
  [test ]  E_traj=1.019e7  E_VF=13140.0  E_spec=0.9892
saved /orcd/home/002/txenakis/projects/BVPsolver/src/../data/runs/run_F6QIPu53/davis-skodje_fit.png
saved /orcd/home/002/txenakis/projects/BVPsolver/src/../data/runs/run_F6QIPu53/davis-skodje_fit_extrapolated.png
saved /orcd/home/002/txenakis/projects/BVPsolver/src/../data/runs/run_F6QIPu53/davis-skodje_spectral_fit_extrapolated.png
saved /orcd/home/002/txenakis/projects/BVPsolver/src/../data/runs/run_F6QIPu53/davis-skodje_vf_fit_extrapolated.png
┌ Warning: Attempting to store StiffNN.var"#22#23"{Float64}.
│ JLD2 only stores functions by name.
│  This may not be useful for anonymous functions.
└ @ JLD2 ~/.julia/packages/JLD2/ADycq/src/data/writing_datatypes.jl:447
saved run → /orcd/home/002/txenakis/projects/BVPsolver/src/../data/runs/run_F6QIPu53
--------------------------------------
Done: Thu Sep 24 07:01:49 EDT 2026
