Task 601/1800: --problem vanderpol --model stiff --profile fast --seed 101 --pretraining derivmatch --training shooting
Logging to /home/txenakis/projects/BVPsolver/logs/run_main_23544358_601.log
vanderpol  model=stiff width=12 d=2 tlen=151 profile=fast seed=101  solver=Kvaerno5  N=268
  derivmatch lr=0.01 iter=170/3400 loss=5.744
  derivmatch lr=0.01 iter=340/3400 loss=2.656
  derivmatch lr=0.01 iter=510/3400 loss=3.713
  derivmatch lr=0.01 iter=680/3400 loss=1.419
  derivmatch lr=0.01 iter=850/3400 loss=1.73
  derivmatch lr=0.01 iter=1020/3400 loss=4.003
  derivmatch lr=0.01 iter=1190/3400 loss=2.327
  derivmatch lr=0.01 iter=1360/3400 loss=0.5942
  derivmatch lr=0.01 iter=1530/3400 loss=4.3
  derivmatch lr=0.01 iter=1700/3400 loss=1.289
  derivmatch lr=0.01 iter=1870/3400 loss=1.612
  derivmatch lr=0.01 iter=2040/3400 loss=0.8528
  derivmatch lr=0.01 iter=2210/3400 loss=1.133
  derivmatch lr=0.01 iter=2380/3400 loss=2.115
  derivmatch lr=0.01 iter=2550/3400 loss=0.428
  derivmatch lr=0.01 iter=2720/3400 loss=1.137
  derivmatch lr=0.01 iter=2890/3400 loss=2.041
  derivmatch lr=0.01 iter=3060/3400 loss=2.782
  derivmatch lr=0.01 iter=3230/3400 loss=0.8211
  derivmatch lr=0.01 iter=3400/3400 loss=0.6064
  derivmatch lr=0.01 iter=3400/3400 loss=0.06277
  derivmatch lr=0.003 iter=125/2500 loss=0.02303
  derivmatch lr=0.003 iter=250/2500 loss=0.03704
  derivmatch lr=0.003 iter=375/2500 loss=0.03366
  derivmatch lr=0.003 iter=500/2500 loss=0.03002
  derivmatch lr=0.003 iter=625/2500 loss=0.02911
  derivmatch lr=0.003 iter=750/2500 loss=0.02667
  derivmatch lr=0.003 iter=875/2500 loss=0.03072
  derivmatch lr=0.003 iter=1000/2500 loss=0.02647
  derivmatch lr=0.003 iter=1125/2500 loss=0.02773
  derivmatch lr=0.003 iter=1250/2500 loss=0.022
  derivmatch lr=0.003 iter=1375/2500 loss=0.02311
  derivmatch lr=0.003 iter=1500/2500 loss=0.02111
  derivmatch lr=0.003 iter=1625/2500 loss=0.02142
  derivmatch lr=0.003 iter=1750/2500 loss=0.02459
  derivmatch lr=0.003 iter=1875/2500 loss=0.02143
  derivmatch lr=0.003 iter=2000/2500 loss=0.01889
  derivmatch lr=0.003 iter=2125/2500 loss=0.01986
  derivmatch lr=0.003 iter=2250/2500 loss=0.02127
  derivmatch lr=0.003 iter=2375/2500 loss=0.02562
  derivmatch lr=0.003 iter=2500/2500 loss=0.01825
  derivmatch lr=0.003 iter=2500/2500 loss=0.01694
  derivmatch lr=0.001 iter=125/2500 loss=0.002581
  derivmatch lr=0.001 iter=250/2500 loss=0.002504
  derivmatch lr=0.001 iter=375/2500 loss=0.002429
  derivmatch lr=0.001 iter=500/2500 loss=0.003054
  derivmatch lr=0.001 iter=625/2500 loss=0.004639
  derivmatch lr=0.001 iter=750/2500 loss=0.005831
  derivmatch lr=0.001 iter=875/2500 loss=0.002259
  derivmatch lr=0.001 iter=1000/2500 loss=0.008909
  derivmatch lr=0.001 iter=1125/2500 loss=0.003978
  derivmatch lr=0.001 iter=1250/2500 loss=0.00446
  derivmatch lr=0.001 iter=1375/2500 loss=0.002475
  derivmatch lr=0.001 iter=1500/2500 loss=0.002471
  derivmatch lr=0.001 iter=1625/2500 loss=0.002823
  derivmatch lr=0.001 iter=1750/2500 loss=0.008666
  derivmatch lr=0.001 iter=1875/2500 loss=0.006229
  derivmatch lr=0.001 iter=2000/2500 loss=0.009113
  derivmatch lr=0.001 iter=2125/2500 loss=0.003679
  derivmatch lr=0.001 iter=2250/2500 loss=0.003048
  derivmatch lr=0.001 iter=2375/2500 loss=0.003496
  derivmatch lr=0.001 iter=2500/2500 loss=0.003845
  derivmatch lr=0.001 iter=2500/2500 loss=0.001905
  derivmatch lr=0.0003 iter=80/1600 loss=0.001916
  derivmatch lr=0.0003 iter=160/1600 loss=0.001864
  derivmatch lr=0.0003 iter=240/1600 loss=0.001847
  derivmatch lr=0.0003 iter=320/1600 loss=0.001828
  derivmatch lr=0.0003 iter=400/1600 loss=0.001809
  derivmatch lr=0.0003 iter=480/1600 loss=0.001789
  derivmatch lr=0.0003 iter=560/1600 loss=0.001769
  derivmatch lr=0.0003 iter=640/1600 loss=0.001748
  derivmatch lr=0.0003 iter=720/1600 loss=0.001727
  derivmatch lr=0.0003 iter=800/1600 loss=0.001715
  derivmatch lr=0.0003 iter=880/1600 loss=0.001697
  derivmatch lr=0.0003 iter=960/1600 loss=0.001682
  derivmatch lr=0.0003 iter=1040/1600 loss=0.001673
  derivmatch lr=0.0003 iter=1120/1600 loss=0.001655
  derivmatch lr=0.0003 iter=1200/1600 loss=0.002656
  derivmatch lr=0.0003 iter=1280/1600 loss=0.001629
  derivmatch lr=0.0003 iter=1360/1600 loss=0.005308
  derivmatch lr=0.0003 iter=1440/1600 loss=0.001604
  derivmatch lr=0.0003 iter=1520/1600 loss=0.001648
  derivmatch lr=0.0003 iter=1600/1600 loss=0.001588
  derivmatch lr=0.0003 iter=1600/1600 loss=0.001579
derivative matching [29s]  fitloss=0.00158
  [derivative matching]  nrmse=0.3404  l2=325.2
  shooting iter=50/1000 loss=0.9556
  shooting iter=100/1000 loss=0.6166
  shooting iter=150/1000 loss=0.4253
  shooting iter=200/1000 loss=0.2649
  shooting iter=250/1000 loss=0.2017
  shooting iter=300/1000 loss=0.1903
  shooting iter=350/1000 loss=0.1875
  shooting iter=400/1000 loss=0.1872
  shooting iter=450/1000 loss=0.1871
  shooting iter=500/1000 loss=0.187
  shooting iter=550/1000 loss=0.187
  shooting iter=600/1000 loss=0.187
  shooting iter=650/1000 loss=0.187
  shooting iter=700/1000 loss=0.187
  shooting iter=750/1000 loss=0.1869
  shooting iter=800/1000 loss=0.1869
  shooting iter=850/1000 loss=0.1869
  shooting iter=900/1000 loss=0.1869
  shooting iter=950/1000 loss=0.1869
  shooting iter=1000/1000 loss=0.1869
  shooting iter=1000/1000 loss=0.1712
shooting [126s]  loss=0.171
  [final]  nrmse=0.3404  l2=325.2
extrapolation window: T=200.0 -> T_test=400.0  n_test=302
  [train]  E_traj=1.19  E_VF=0.01405  E_spec=0.1137
  [test ]  E_traj=1.15  E_VF=2.766  E_spec=0.1043
saved /orcd/home/002/txenakis/projects/BVPsolver/src/../data/runs/run_IeyACvcu/vanderpol_fit.png
saved /orcd/home/002/txenakis/projects/BVPsolver/src/../data/runs/run_IeyACvcu/vanderpol_fit_extrapolated.png
saved /orcd/home/002/txenakis/projects/BVPsolver/src/../data/runs/run_IeyACvcu/vanderpol_spectral_fit_extrapolated.png
saved /orcd/home/002/txenakis/projects/BVPsolver/src/../data/runs/run_IeyACvcu/vanderpol_vf_fit_extrapolated.png
┌ Warning: Attempting to store StiffNN.var"#14#15"{Float64}.
│ JLD2 only stores functions by name.
│  This may not be useful for anonymous functions.
└ @ JLD2 ~/.julia/packages/JLD2/ADycq/src/data/writing_datatypes.jl:447
saved run → /orcd/home/002/txenakis/projects/BVPsolver/src/../data/runs/run_IeyACvcu
--------------------------------------
Done: Wed Sep 23 09:41:55 EDT 2026
