Task 740/1800: --problem vanderpol --model mlp --profile fast --seed 140 --pretraining derivmatch --training shooting
Logging to /home/txenakis/projects/BVPsolver/logs/run_main_23544358_740.log
vanderpol  model=mlp width=14 d=2 tlen=151 profile=fast seed=140  solver=Kvaerno5  N=282
  derivmatch lr=0.01 iter=170/3400 loss=3.022
  derivmatch lr=0.01 iter=340/3400 loss=2.382
  derivmatch lr=0.01 iter=510/3400 loss=2.069
  derivmatch lr=0.01 iter=680/3400 loss=1.854
  derivmatch lr=0.01 iter=850/3400 loss=1.669
  derivmatch lr=0.01 iter=1020/3400 loss=1.546
  derivmatch lr=0.01 iter=1190/3400 loss=1.45
  derivmatch lr=0.01 iter=1360/3400 loss=1.373
  derivmatch lr=0.01 iter=1530/3400 loss=1.308
  derivmatch lr=0.01 iter=1700/3400 loss=1.251
  derivmatch lr=0.01 iter=1870/3400 loss=1.201
  derivmatch lr=0.01 iter=2040/3400 loss=1.157
  derivmatch lr=0.01 iter=2210/3400 loss=1.117
  derivmatch lr=0.01 iter=2380/3400 loss=1.081
  derivmatch lr=0.01 iter=2550/3400 loss=1.048
  derivmatch lr=0.01 iter=2720/3400 loss=1.017
  derivmatch lr=0.01 iter=2890/3400 loss=0.9886
  derivmatch lr=0.01 iter=3060/3400 loss=0.9622
  derivmatch lr=0.01 iter=3230/3400 loss=0.938
  derivmatch lr=0.01 iter=3400/3400 loss=0.9141
  derivmatch lr=0.01 iter=3400/3400 loss=0.9131
  derivmatch lr=0.003 iter=125/2500 loss=0.9028
  derivmatch lr=0.003 iter=250/2500 loss=0.8929
  derivmatch lr=0.003 iter=375/2500 loss=0.8822
  derivmatch lr=0.003 iter=500/2500 loss=0.8719
  derivmatch lr=0.003 iter=625/2500 loss=0.8618
  derivmatch lr=0.003 iter=750/2500 loss=0.852
  derivmatch lr=0.003 iter=875/2500 loss=0.8425
  derivmatch lr=0.003 iter=1000/2500 loss=0.8335
  derivmatch lr=0.003 iter=1125/2500 loss=0.8241
  derivmatch lr=0.003 iter=1250/2500 loss=0.8159
  derivmatch lr=0.003 iter=1375/2500 loss=0.8071
  derivmatch lr=0.003 iter=1500/2500 loss=0.7992
  derivmatch lr=0.003 iter=1625/2500 loss=0.791
  derivmatch lr=0.003 iter=1750/2500 loss=0.7839
  derivmatch lr=0.003 iter=1875/2500 loss=0.7762
  derivmatch lr=0.003 iter=2000/2500 loss=0.7704
  derivmatch lr=0.003 iter=2125/2500 loss=0.7614
  derivmatch lr=0.003 iter=2250/2500 loss=0.7544
  derivmatch lr=0.003 iter=2375/2500 loss=0.7472
  derivmatch lr=0.003 iter=2500/2500 loss=0.7399
  derivmatch lr=0.003 iter=2500/2500 loss=0.7399
  derivmatch lr=0.001 iter=125/2500 loss=0.7376
  derivmatch lr=0.001 iter=250/2500 loss=0.7352
  derivmatch lr=0.001 iter=375/2500 loss=0.7326
  derivmatch lr=0.001 iter=500/2500 loss=0.73
  derivmatch lr=0.001 iter=625/2500 loss=0.7273
  derivmatch lr=0.001 iter=750/2500 loss=0.7245
  derivmatch lr=0.001 iter=875/2500 loss=0.7216
  derivmatch lr=0.001 iter=1000/2500 loss=0.7187
  derivmatch lr=0.001 iter=1125/2500 loss=0.7158
  derivmatch lr=0.001 iter=1250/2500 loss=0.713
  derivmatch lr=0.001 iter=1375/2500 loss=0.7101
  derivmatch lr=0.001 iter=1500/2500 loss=0.7072
  derivmatch lr=0.001 iter=1625/2500 loss=0.7044
  derivmatch lr=0.001 iter=1750/2500 loss=0.7016
  derivmatch lr=0.001 iter=1875/2500 loss=0.6988
  derivmatch lr=0.001 iter=2000/2500 loss=0.696
  derivmatch lr=0.001 iter=2125/2500 loss=0.6933
  derivmatch lr=0.001 iter=2250/2500 loss=0.6907
  derivmatch lr=0.001 iter=2375/2500 loss=0.6882
  derivmatch lr=0.001 iter=2500/2500 loss=0.6856
  derivmatch lr=0.001 iter=2500/2500 loss=0.6856
  derivmatch lr=0.0003 iter=80/1600 loss=0.6852
  derivmatch lr=0.0003 iter=160/1600 loss=0.6847
  derivmatch lr=0.0003 iter=240/1600 loss=0.6841
  derivmatch lr=0.0003 iter=320/1600 loss=0.6836
  derivmatch lr=0.0003 iter=400/1600 loss=0.683
  derivmatch lr=0.0003 iter=480/1600 loss=0.6824
  derivmatch lr=0.0003 iter=560/1600 loss=0.6817
  derivmatch lr=0.0003 iter=640/1600 loss=0.6811
  derivmatch lr=0.0003 iter=720/1600 loss=0.6804
  derivmatch lr=0.0003 iter=800/1600 loss=0.6797
  derivmatch lr=0.0003 iter=880/1600 loss=0.679
  derivmatch lr=0.0003 iter=960/1600 loss=0.6783
  derivmatch lr=0.0003 iter=1040/1600 loss=0.6776
  derivmatch lr=0.0003 iter=1120/1600 loss=0.6769
  derivmatch lr=0.0003 iter=1200/1600 loss=0.6763
  derivmatch lr=0.0003 iter=1280/1600 loss=0.6756
  derivmatch lr=0.0003 iter=1360/1600 loss=0.6749
  derivmatch lr=0.0003 iter=1440/1600 loss=0.6743
  derivmatch lr=0.0003 iter=1520/1600 loss=0.6735
  derivmatch lr=0.0003 iter=1600/1600 loss=0.6728
  derivmatch lr=0.0003 iter=1600/1600 loss=0.6728
derivative matching [26s]  fitloss=0.673
  [derivative matching]  nrmse=0.3441  l2=356.8
  shooting iter=50/1000 loss=0.1899
