Task 876/1800: --problem vanderpol --model GELU-scaled --profile fast --seed 126 --pretraining derivmatch --training collocation
Logging to /home/txenakis/projects/BVPsolver/logs/run_main_23553922_876.log
vanderpol  model=GELU-scaled width=7 d=2 tlen=151 profile=fast seed=126  solver=Kvaerno5  N=317
  derivmatch lr=0.01 iter=170/3400 loss=3.453
  derivmatch lr=0.01 iter=340/3400 loss=2.528
  derivmatch lr=0.01 iter=510/3400 loss=1.434
  derivmatch lr=0.01 iter=680/3400 loss=0.5325
  derivmatch lr=0.01 iter=850/3400 loss=0.2839
  derivmatch lr=0.01 iter=1020/3400 loss=0.1763
  derivmatch lr=0.01 iter=1190/3400 loss=0.1506
  derivmatch lr=0.01 iter=1360/3400 loss=0.09259
  derivmatch lr=0.01 iter=1530/3400 loss=0.07878
  derivmatch lr=0.01 iter=1700/3400 loss=0.04554
  derivmatch lr=0.01 iter=1870/3400 loss=0.05607
  derivmatch lr=0.01 iter=2040/3400 loss=0.03589
  derivmatch lr=0.01 iter=2210/3400 loss=0.02463
  derivmatch lr=0.01 iter=2380/3400 loss=0.01991
  derivmatch lr=0.01 iter=2550/3400 loss=0.02003
  derivmatch lr=0.01 iter=2720/3400 loss=0.01757
  derivmatch lr=0.01 iter=2890/3400 loss=0.0117
  derivmatch lr=0.01 iter=3060/3400 loss=0.014
  derivmatch lr=0.01 iter=3230/3400 loss=0.01564
  derivmatch lr=0.01 iter=3400/3400 loss=0.01414
  derivmatch lr=0.01 iter=3400/3400 loss=0.007667
  derivmatch lr=0.003 iter=125/2500 loss=0.007347
  derivmatch lr=0.003 iter=250/2500 loss=0.006436
  derivmatch lr=0.003 iter=375/2500 loss=0.005823
  derivmatch lr=0.003 iter=500/2500 loss=0.005523
  derivmatch lr=0.003 iter=625/2500 loss=0.008003
  derivmatch lr=0.003 iter=750/2500 loss=0.008491
  derivmatch lr=0.003 iter=875/2500 loss=0.008638
  derivmatch lr=0.003 iter=1000/2500 loss=0.003907
  derivmatch lr=0.003 iter=1125/2500 loss=0.003802
  derivmatch lr=0.003 iter=1250/2500 loss=0.003504
  derivmatch lr=0.003 iter=1375/2500 loss=0.006926
  derivmatch lr=0.003 iter=1500/2500 loss=0.003283
  derivmatch lr=0.003 iter=1625/2500 loss=0.002932
  derivmatch lr=0.003 iter=1750/2500 loss=0.002829
  derivmatch lr=0.003 iter=1875/2500 loss=0.003386
  derivmatch lr=0.003 iter=2000/2500 loss=0.003069
  derivmatch lr=0.003 iter=2125/2500 loss=0.002689
  derivmatch lr=0.003 iter=2250/2500 loss=0.004394
  derivmatch lr=0.003 iter=2375/2500 loss=0.008142
  derivmatch lr=0.003 iter=2500/2500 loss=0.00869
  derivmatch lr=0.003 iter=2500/2500 loss=0.002114
  derivmatch lr=0.001 iter=125/2500 loss=0.002102
  derivmatch lr=0.001 iter=250/2500 loss=0.002027
  derivmatch lr=0.001 iter=375/2500 loss=0.00196
  derivmatch lr=0.001 iter=500/2500 loss=0.001897
  derivmatch lr=0.001 iter=625/2500 loss=0.001836
  derivmatch lr=0.001 iter=750/2500 loss=0.001773
  derivmatch lr=0.001 iter=875/2500 loss=0.001713
  derivmatch lr=0.001 iter=1000/2500 loss=0.001651
  derivmatch lr=0.001 iter=1125/2500 loss=0.001747
  derivmatch lr=0.001 iter=1250/2500 loss=0.001549
  derivmatch lr=0.001 iter=1375/2500 loss=0.001488
  derivmatch lr=0.001 iter=1500/2500 loss=0.001592
  derivmatch lr=0.001 iter=1625/2500 loss=0.00139
  derivmatch lr=0.001 iter=1750/2500 loss=0.002126
  derivmatch lr=0.001 iter=1875/2500 loss=0.001325
  derivmatch lr=0.001 iter=2000/2500 loss=0.001479
  derivmatch lr=0.001 iter=2125/2500 loss=0.001268
  derivmatch lr=0.001 iter=2250/2500 loss=0.001209
  derivmatch lr=0.001 iter=2375/2500 loss=0.00119
  derivmatch lr=0.001 iter=2500/2500 loss=0.001185
  derivmatch lr=0.001 iter=2500/2500 loss=0.001157
  derivmatch lr=0.0003 iter=80/1600 loss=0.001156
  derivmatch lr=0.0003 iter=160/1600 loss=0.00115
  derivmatch lr=0.0003 iter=240/1600 loss=0.001145
  derivmatch lr=0.0003 iter=320/1600 loss=0.00114
  derivmatch lr=0.0003 iter=400/1600 loss=0.001134
  derivmatch lr=0.0003 iter=480/1600 loss=0.001128
  derivmatch lr=0.0003 iter=560/1600 loss=0.001121
  derivmatch lr=0.0003 iter=640/1600 loss=0.001112
  derivmatch lr=0.0003 iter=720/1600 loss=0.001104
  derivmatch lr=0.0003 iter=800/1600 loss=0.001097
  derivmatch lr=0.0003 iter=880/1600 loss=0.001087
  derivmatch lr=0.0003 iter=960/1600 loss=0.001078
  derivmatch lr=0.0003 iter=1040/1600 loss=0.001067
  derivmatch lr=0.0003 iter=1120/1600 loss=0.001056
  derivmatch lr=0.0003 iter=1200/1600 loss=0.001044
  derivmatch lr=0.0003 iter=1280/1600 loss=0.001033
  derivmatch lr=0.0003 iter=1360/1600 loss=0.001021
  derivmatch lr=0.0003 iter=1440/1600 loss=0.001012
  derivmatch lr=0.0003 iter=1520/1600 loss=0.000997
  derivmatch lr=0.0003 iter=1600/1600 loss=0.0009858
  derivmatch lr=0.0003 iter=1600/1600 loss=0.0009857
derivative matching [27s]  fitloss=0.000986
  [derivative matching]  nrmse=0.3195  l2=325.1
  collocation: M=163 residuals=1274  detecting sparsity + solving...

Algorithm: LevenbergMarquardt(
    trustregion = LevenbergMarquardtTrustRegion(
        β_uphill = 0.0
    ),
    descent = GeodesicAcceleration(
        descent = DampedNewtonDescent(
            linsolve = KLUFactorization(
                reuse_symbolic = true,
                check_pattern = true
            ),
            initial_damping = 1.0,
            damping_fn = LevenbergMarquardtDampingFunction(
                increase_factor = 2.0,
                decrease_factor = 3.0,
                min_damping = 1.0e-8
            ),
            min_norm_mode = :auto
        ),
        finite_diff_step_geodesic = 0.1,
        α = 0.75
    ),
    autodiff = AutoForwardDiff(),
    vjp_autodiff = AutoFiniteDiff(
        fdtype = Val{:forward}(),
        fdjtype = Val{:forward}(),
        fdhtype = Val{:hcentral}(),
        dir = true
    ),
    jvp_autodiff = AutoForwardDiff(),
    concrete_jac = Val{true}()
)

----    	-------------       	-----------         
Iter    	f(u) 2-norm         	Step 2-norm         
----    	-------------       	-----------         
0       	1.81493205e+02      	NaN                 
1       	3.07176470e+02      	4.46099952e-02      
8       	2.83228898e+03      	0.00000000e+00      
15      	2.83228898e+03      	0.00000000e+00      
22      	1.79315219e+03      	4.74366611e-04      
29      	6.01440645e+02      	0.00000000e+00      
36      	6.13498293e+02      	0.00000000e+00      
43      	6.30142018e+02      	0.00000000e+00      
50      	5.76937306e+02      	0.00000000e+00      
57      	5.60034008e+02      	0.00000000e+00      
64      	5.73308025e+02      	4.08169833e-03      
71      	5.50805233e+02      	1.47825663e-02      
78      	5.36375876e+02      	0.00000000e+00      
85      	5.31769116e+02      	1.00803431e-02      
92      	5.31388070e+02      	3.62469856e-03      
99      	5.18293894e+02      	2.81475776e-03      
106     	5.14496904e+02      	0.00000000e+00      
113     	5.09441063e+02      	1.74222424e-03      
120     	5.00369493e+02      	0.00000000e+00      
127     	4.68669715e+02      	0.00000000e+00      
134     	4.62903415e+02      	0.00000000e+00      
141     	4.56450841e+02      	0.00000000e+00      
148     	3.62196810e+02      	0.00000000e+00      
Final   	1.81493205e+02      
----------------------      
  AMR 1/1: M=163  err=3300.0  obs=0.0  nrmse=0.319  best=0.319  refined=0
 derivative matching was best (1/1 rounds ran)
collocation [42s]
  [final]  nrmse=0.3195  l2=325.1
extrapolation window: T=200.0 -> T_test=400.0  n_test=302
  [train]  E_traj=1.104  E_VF=0.01565  E_spec=0.1935
  [test ]  E_traj=2.176  E_VF=0.2532  E_spec=0.6637
saved /orcd/home/002/txenakis/projects/BVPsolver/src/../data/runs/run_0pQNlge3/vanderpol_fit.png
saved /orcd/home/002/txenakis/projects/BVPsolver/src/../data/runs/run_0pQNlge3/vanderpol_fit_extrapolated.png
saved /orcd/home/002/txenakis/projects/BVPsolver/src/../data/runs/run_0pQNlge3/vanderpol_spectral_fit_extrapolated.png
saved /orcd/home/002/txenakis/projects/BVPsolver/src/../data/runs/run_0pQNlge3/vanderpol_vf_fit_extrapolated.png
┌ Warning: Attempting to store StiffNN.var"#14#15"{Float64}.
│ JLD2 only stores functions by name.
│  This may not be useful for anonymous functions.
└ @ JLD2 ~/.julia/packages/JLD2/ADycq/src/data/writing_datatypes.jl:447
saved run → /orcd/home/002/txenakis/projects/BVPsolver/src/../data/runs/run_0pQNlge3
--------------------------------------
Done: Wed Sep 23 13:05:36 EDT 2026
