Task 932/1800: --problem hires --model stiff --profile fast --seed 132 --pretraining derivmatch --training shooting
Logging to /home/txenakis/projects/BVPsolver/logs/run_main_23553922_932.log
hires  model=stiff width=16 d=8 tlen=50 profile=fast seed=132  solver=Rodas5  N=816
  derivmatch lr=0.01 iter=170/3400 loss=0.1131
  derivmatch lr=0.01 iter=340/3400 loss=0.03991
  derivmatch lr=0.01 iter=510/3400 loss=0.01738
  derivmatch lr=0.01 iter=680/3400 loss=0.01153
  derivmatch lr=0.01 iter=850/3400 loss=0.008748
  derivmatch lr=0.01 iter=1020/3400 loss=0.1413
  derivmatch lr=0.01 iter=1190/3400 loss=0.01234
  derivmatch lr=0.01 iter=1360/3400 loss=0.007521
  derivmatch lr=0.01 iter=1530/3400 loss=0.00583
  derivmatch lr=0.01 iter=1700/3400 loss=0.004701
  derivmatch lr=0.01 iter=1870/3400 loss=0.003879
  derivmatch lr=0.01 iter=2040/3400 loss=0.003259
  derivmatch lr=0.01 iter=2210/3400 loss=0.002773
  derivmatch lr=0.01 iter=2380/3400 loss=0.002379
  derivmatch lr=0.01 iter=2550/3400 loss=0.002053
  derivmatch lr=0.01 iter=2720/3400 loss=0.001783
  derivmatch lr=0.01 iter=2890/3400 loss=0.00156
  derivmatch lr=0.01 iter=3060/3400 loss=0.001376
  derivmatch lr=0.01 iter=3230/3400 loss=0.001223
  derivmatch lr=0.01 iter=3400/3400 loss=0.001096
  derivmatch lr=0.01 iter=3400/3400 loss=0.001096
  derivmatch lr=0.003 iter=125/2500 loss=0.0009841
  derivmatch lr=0.003 iter=250/2500 loss=0.000871
  derivmatch lr=0.003 iter=375/2500 loss=0.0007572
  derivmatch lr=0.003 iter=500/2500 loss=0.0006686
  derivmatch lr=0.003 iter=625/2500 loss=0.0005774
  derivmatch lr=0.003 iter=750/2500 loss=0.0005416
  derivmatch lr=0.003 iter=875/2500 loss=0.0004745
  derivmatch lr=0.003 iter=1000/2500 loss=0.0004483
  derivmatch lr=0.003 iter=1125/2500 loss=0.0003958
  derivmatch lr=0.003 iter=1250/2500 loss=0.0003682
  derivmatch lr=0.003 iter=1375/2500 loss=0.0003321
  derivmatch lr=0.003 iter=1500/2500 loss=0.0003081
  derivmatch lr=0.003 iter=1625/2500 loss=0.0002883
  derivmatch lr=0.003 iter=1750/2500 loss=0.0002795
  derivmatch lr=0.003 iter=1875/2500 loss=0.00051
  derivmatch lr=0.003 iter=2000/2500 loss=0.0002375
  derivmatch lr=0.003 iter=2125/2500 loss=0.0002266
  derivmatch lr=0.003 iter=2250/2500 loss=0.0003337
  derivmatch lr=0.003 iter=2375/2500 loss=0.0002088
  derivmatch lr=0.003 iter=2500/2500 loss=0.0001985
  derivmatch lr=0.003 iter=2500/2500 loss=0.0001985
  derivmatch lr=0.001 iter=125/2500 loss=0.0001973
  derivmatch lr=0.001 iter=250/2500 loss=0.0001934
  derivmatch lr=0.001 iter=375/2500 loss=0.0001896
  derivmatch lr=0.001 iter=500/2500 loss=0.0001868
  derivmatch lr=0.001 iter=625/2500 loss=0.0001815
  derivmatch lr=0.001 iter=750/2500 loss=0.0001774
  derivmatch lr=0.001 iter=875/2500 loss=0.0001744
  derivmatch lr=0.001 iter=1000/2500 loss=0.0001699
  derivmatch lr=0.001 iter=1125/2500 loss=0.0001654
  derivmatch lr=0.001 iter=1250/2500 loss=0.0001617
  derivmatch lr=0.001 iter=1375/2500 loss=0.0001581
  derivmatch lr=0.001 iter=1500/2500 loss=0.0001548
  derivmatch lr=0.001 iter=1625/2500 loss=0.0001532
  derivmatch lr=0.001 iter=1750/2500 loss=0.0001511
  derivmatch lr=0.001 iter=1875/2500 loss=0.0001466
  derivmatch lr=0.001 iter=2000/2500 loss=0.0001457
  derivmatch lr=0.001 iter=2125/2500 loss=0.0001405
  derivmatch lr=0.001 iter=2250/2500 loss=0.0001381
  derivmatch lr=0.001 iter=2375/2500 loss=0.0001658
  derivmatch lr=0.001 iter=2500/2500 loss=0.0001435
  derivmatch lr=0.001 iter=2500/2500 loss=0.0001344
  derivmatch lr=0.0003 iter=80/1600 loss=0.0001343
  derivmatch lr=0.0003 iter=160/1600 loss=0.0001338
  derivmatch lr=0.0003 iter=240/1600 loss=0.0001335
  derivmatch lr=0.0003 iter=320/1600 loss=0.0001331
  derivmatch lr=0.0003 iter=400/1600 loss=0.0001326
  derivmatch lr=0.0003 iter=480/1600 loss=0.0001321
  derivmatch lr=0.0003 iter=560/1600 loss=0.0001316
  derivmatch lr=0.0003 iter=640/1600 loss=0.000131
  derivmatch lr=0.0003 iter=720/1600 loss=0.0001303
  derivmatch lr=0.0003 iter=800/1600 loss=0.0001297
  derivmatch lr=0.0003 iter=880/1600 loss=0.0001289
  derivmatch lr=0.0003 iter=960/1600 loss=0.0001282
  derivmatch lr=0.0003 iter=1040/1600 loss=0.0001274
  derivmatch lr=0.0003 iter=1120/1600 loss=0.0001266
  derivmatch lr=0.0003 iter=1200/1600 loss=0.0001257
  derivmatch lr=0.0003 iter=1280/1600 loss=0.0001249
  derivmatch lr=0.0003 iter=1360/1600 loss=0.000124
  derivmatch lr=0.0003 iter=1440/1600 loss=0.000123
  derivmatch lr=0.0003 iter=1520/1600 loss=0.0001221
  derivmatch lr=0.0003 iter=1600/1600 loss=0.0001211
  derivmatch lr=0.0003 iter=1600/1600 loss=0.0001211
derivative matching [30s]  fitloss=0.000121
  [derivative matching]  nrmse=11.44  l2=5.241
  shooting iter=50/1000 loss=0.05543
  shooting iter=100/1000 loss=0.02218
  shooting iter=150/1000 loss=0.01037
  shooting iter=200/1000 loss=0.18
  shooting iter=250/1000 loss=0.06511
  shooting iter=300/1000 loss=0.0213
  shooting iter=350/1000 loss=0.01527
  shooting iter=400/1000 loss=0.02796
  shooting iter=450/1000 loss=0.009173
  shooting iter=500/1000 loss=0.008111
  shooting iter=550/1000 loss=0.006209
  shooting iter=600/1000 loss=0.006021
  shooting iter=650/1000 loss=0.005889
  shooting iter=700/1000 loss=0.004735
  shooting iter=750/1000 loss=0.008516
  shooting iter=800/1000 loss=0.008298
  shooting iter=850/1000 loss=0.009234
  shooting iter=900/1000 loss=0.006336
  shooting iter=950/1000 loss=0.007398
