Task 28/600: --problem davis-skodje --param 1e-1 --model stiff --profile fast --seed 328 --pretraining derivmatch --training collocation
Logging to /home/txenakis/projects/BVPsolver/logs/run_main_23642156_28.log
davis-skodje  model=stiff width=12 d=2 tlen=300 profile=fast seed=328  solver=Rodas5P  N=268
  derivmatch lr=0.01 iter=170/3400 loss=0.01134
  derivmatch lr=0.01 iter=340/3400 loss=0.003359
  derivmatch lr=0.01 iter=510/3400 loss=0.00222
  derivmatch lr=0.01 iter=680/3400 loss=0.001718
  derivmatch lr=0.01 iter=850/3400 loss=0.00138
  derivmatch lr=0.01 iter=1020/3400 loss=0.001093
  derivmatch lr=0.01 iter=1190/3400 loss=0.0008492
  derivmatch lr=0.01 iter=1360/3400 loss=0.0006525
  derivmatch lr=0.01 iter=1530/3400 loss=0.0005007
  derivmatch lr=0.01 iter=1700/3400 loss=0.0003858
  derivmatch lr=0.01 iter=1870/3400 loss=0.0002992
  derivmatch lr=0.01 iter=2040/3400 loss=0.0002333
  derivmatch lr=0.01 iter=2210/3400 loss=0.0001827
  derivmatch lr=0.01 iter=2380/3400 loss=0.0001433
  derivmatch lr=0.01 iter=2550/3400 loss=0.0001125
  derivmatch lr=0.01 iter=2720/3400 loss=8.84e-5
  derivmatch lr=0.01 iter=2890/3400 loss=6.944e-5
  derivmatch lr=0.01 iter=3060/3400 loss=5.455e-5
  derivmatch lr=0.01 iter=3230/3400 loss=4.286e-5
  derivmatch lr=0.01 iter=3400/3400 loss=3.373e-5
  derivmatch lr=0.01 iter=3400/3400 loss=3.373e-5
  derivmatch lr=0.003 iter=125/2500 loss=1.979e-5
  derivmatch lr=0.003 iter=250/2500 loss=1.19e-5
  derivmatch lr=0.003 iter=375/2500 loss=8.161e-6
  derivmatch lr=0.003 iter=500/2500 loss=5.669e-6
  derivmatch lr=0.003 iter=625/2500 loss=3.846e-6
  derivmatch lr=0.003 iter=750/2500 loss=2.588e-6
  derivmatch lr=0.003 iter=875/2500 loss=1.977e-6
  derivmatch lr=0.003 iter=1000/2500 loss=1.383e-6
  derivmatch lr=0.003 iter=1125/2500 loss=1.081e-6
  derivmatch lr=0.003 iter=1250/2500 loss=8.872e-7
  derivmatch lr=0.003 iter=1375/2500 loss=7.801e-7
  derivmatch lr=0.003 iter=1500/2500 loss=7.051e-7
  derivmatch lr=0.003 iter=1625/2500 loss=6.504e-7
  derivmatch lr=0.003 iter=1750/2500 loss=6.158e-7
  derivmatch lr=0.003 iter=1875/2500 loss=5.806e-7
  derivmatch lr=0.003 iter=2000/2500 loss=6.86e-6
  derivmatch lr=0.003 iter=2125/2500 loss=5.309e-7
  derivmatch lr=0.003 iter=2250/2500 loss=5.095e-7
  derivmatch lr=0.003 iter=2375/2500 loss=6.795e-7
  derivmatch lr=0.003 iter=2500/2500 loss=4.739e-7
  derivmatch lr=0.003 iter=2500/2500 loss=4.739e-7
  derivmatch lr=0.001 iter=125/2500 loss=4.529e-7
  derivmatch lr=0.001 iter=250/2500 loss=4.454e-7
  derivmatch lr=0.001 iter=375/2500 loss=4.382e-7
  derivmatch lr=0.001 iter=500/2500 loss=4.301e-7
  derivmatch lr=0.001 iter=625/2500 loss=4.212e-7
  derivmatch lr=0.001 iter=750/2500 loss=4.114e-7
  derivmatch lr=0.001 iter=875/2500 loss=4.042e-7
  derivmatch lr=0.001 iter=1000/2500 loss=3.924e-7
  derivmatch lr=0.001 iter=1125/2500 loss=3.825e-7
  derivmatch lr=0.001 iter=1250/2500 loss=1.69e-5
  derivmatch lr=0.001 iter=1375/2500 loss=3.636e-7
  derivmatch lr=0.001 iter=1500/2500 loss=3.546e-7
  derivmatch lr=0.001 iter=1625/2500 loss=3.453e-7
  derivmatch lr=0.001 iter=1750/2500 loss=3.376e-7
  derivmatch lr=0.001 iter=1875/2500 loss=3.288e-7
  derivmatch lr=0.001 iter=2000/2500 loss=3.203e-7
  derivmatch lr=0.001 iter=2125/2500 loss=3.411e-7
  derivmatch lr=0.001 iter=2250/2500 loss=3.055e-7
  derivmatch lr=0.001 iter=2375/2500 loss=2.982e-7
  derivmatch lr=0.001 iter=2500/2500 loss=5.234e-7
  derivmatch lr=0.001 iter=2500/2500 loss=2.936e-7
  derivmatch lr=0.0003 iter=80/1600 loss=2.961e-7
  derivmatch lr=0.0003 iter=160/1600 loss=2.917e-7
  derivmatch lr=0.0003 iter=240/1600 loss=2.905e-7
  derivmatch lr=0.0003 iter=320/1600 loss=2.892e-7
  derivmatch lr=0.0003 iter=400/1600 loss=2.876e-7
  derivmatch lr=0.0003 iter=480/1600 loss=2.859e-7
  derivmatch lr=0.0003 iter=560/1600 loss=2.84e-7
  derivmatch lr=0.0003 iter=640/1600 loss=2.819e-7
  derivmatch lr=0.0003 iter=720/1600 loss=2.797e-7
  derivmatch lr=0.0003 iter=800/1600 loss=2.773e-7
  derivmatch lr=0.0003 iter=880/1600 loss=2.748e-7
  derivmatch lr=0.0003 iter=960/1600 loss=2.721e-7
  derivmatch lr=0.0003 iter=1040/1600 loss=2.693e-7
  derivmatch lr=0.0003 iter=1120/1600 loss=2.664e-7
  derivmatch lr=0.0003 iter=1200/1600 loss=2.634e-7
  derivmatch lr=0.0003 iter=1280/1600 loss=2.602e-7
  derivmatch lr=0.0003 iter=1360/1600 loss=2.569e-7
  derivmatch lr=0.0003 iter=1440/1600 loss=2.535e-7
  derivmatch lr=0.0003 iter=1520/1600 loss=2.5e-7
  derivmatch lr=0.0003 iter=1600/1600 loss=2.463e-7
  derivmatch lr=0.0003 iter=1600/1600 loss=2.463e-7
derivative matching [45s]  fitloss=2.46e-7
  [derivative matching]  nrmse=0.0003572  l2=0.01683
  collocation: M=300 residuals=2394  detecting sparsity + solving...

Algorithm: LevenbergMarquardt(
    trustregion = LevenbergMarquardtTrustRegion(
        β_uphill = 0.0
    ),
    descent = GeodesicAcceleration(
        descent = DampedNewtonDescent(
            linsolve = KLUFactorization(
                reuse_symbolic = true,
                check_pattern = true
            ),
            initial_damping = 1.0,
            damping_fn = LevenbergMarquardtDampingFunction(
                increase_factor = 2.0,
                decrease_factor = 3.0,
                min_damping = 1.0e-8
            ),
            min_norm_mode = :auto
        ),
        finite_diff_step_geodesic = 0.1,
        α = 0.75
    ),
    autodiff = AutoForwardDiff(),
    vjp_autodiff = AutoFiniteDiff(
        fdtype = Val{:forward}(),
        fdjtype = Val{:forward}(),
        fdhtype = Val{:hcentral}(),
        dir = true
    ),
    jvp_autodiff = AutoForwardDiff(),
    concrete_jac = Val{true}()
)

----    	-------------       	-----------         
Iter    	f(u) 2-norm         	Step 2-norm         
----    	-------------       	-----------         
0       	2.46220086e+01      	NaN                 
1       	1.15293003e+01      	5.91745394e-02      
8       	2.92179108e-03      	1.03626797e-03      
15      	8.82913768e-04      	3.92614265e-03      
22      	2.02373616e-03      	1.30266113e-01      
29      	9.26750561e-02      	7.00363608e-01      
36      	1.37509954e-01      	0.00000000e+00      
43      	9.68268738e-03      	3.62300803e-01      
50      	4.96256398e-03      	0.00000000e+00      
57      	2.79551511e-03      	0.00000000e+00      
64      	5.03582438e-05      	4.47874385e-02      
71      	4.62434582e-03      	1.23137058e-01      
78      	1.22509044e-03      	0.00000000e+00      
85      	1.57441552e-02      	0.00000000e+00      
92      	5.48531889e-03      	0.00000000e+00      
99      	8.43062811e-04      	9.49571663e-02      
106     	1.77730047e-02      	0.00000000e+00      
113     	7.89503202e-03      	0.00000000e+00      
120     	3.25435176e-04      	3.54613960e-02      
127     	1.17490314e-01      	4.23715449e-01      
134     	7.14314849e-05      	0.00000000e+00      
141     	3.74495995e-06      	1.74866296e-02      
148     	2.20052769e-03      	8.39752155e-02      
Final   	3.74495995e-06      
----------------------      
  AMR 1/3: M=300  err=1.93e-13  obs=1.22e-8  nrmse=3.39e-7  best=3.39e-7  refined=64
  collocation: M=364 residuals=2778  detecting sparsity + solving...

Algorithm: LevenbergMarquardt(
    trustregion = LevenbergMarquardtTrustRegion(
        β_uphill = 0.0
    ),
    descent = GeodesicAcceleration(
        descent = DampedNewtonDescent(
            linsolve = KLUFactorization(
                reuse_symbolic = true,
                check_pattern = true
            ),
            initial_damping = 1.0,
            damping_fn = LevenbergMarquardtDampingFunction(
                increase_factor = 2.0,
                decrease_factor = 3.0,
                min_damping = 1.0e-8
            ),
            min_norm_mode = :auto
        ),
        finite_diff_step_geodesic = 0.1,
        α = 0.75
    ),
    autodiff = AutoForwardDiff(),
    vjp_autodiff = AutoFiniteDiff(
        fdtype = Val{:forward}(),
        fdjtype = Val{:forward}(),
        fdhtype = Val{:hcentral}(),
        dir = true
    ),
    jvp_autodiff = AutoForwardDiff(),
    concrete_jac = Val{true}()
)

----    	-------------       	-----------         
Iter    	f(u) 2-norm         	Step 2-norm         
----    	-------------       	-----------         
0       	2.13865540e+01      	Inf                 
1       	9.39874199e+00      	5.88832622e-02      
8       	2.40593052e-02      	3.62758244e-03      
15      	6.80999971e-04      	2.89453357e-02      
22      	6.38728901e-07      	1.26180345e-02      
29      	2.51960174e-06      	6.76616987e-02      
36      	4.42120069e-06      	9.88388658e-02      
43      	7.41064357e-05      	1.81867003e-01      
50      	2.08990756e-03      	0.00000000e+00      
57      	8.82326142e-07      	7.21486783e-02      
64      	8.46756588e-06      	1.23004909e-01      
71      	2.57387515e-03      	7.08343324e-01      
78      	4.55119730e-04      	0.00000000e+00      
85      	8.97079359e-06      	9.72653151e-02      
92      	9.55099429e-06      	0.00000000e+00      
99      	1.00759039e-02      	0.00000000e+00      
106     	6.99551108e-04      	0.00000000e+00      
113     	3.43209266e-05      	1.85745750e-01      
120     	2.70523133e-03      	0.00000000e+00      
127     	9.12756114e-05      	0.00000000e+00      
134     	6.76686659e-03      	0.00000000e+00      
141     	2.58423407e-05      	0.00000000e+00      
148     	1.03347791e-05      	0.00000000e+00      
Final   	6.02823393e-07      
----------------------      
  AMR 2/3: M=364  err=1.05e-14  obs=9.14e-9  nrmse=2.69e-7  best=2.69e-7  refined=25
  collocation: M=402 residuals=3006  detecting sparsity + solving...

Algorithm: LevenbergMarquardt(
    trustregion = LevenbergMarquardtTrustRegion(
        β_uphill = 0.0
    ),
    descent = GeodesicAcceleration(
        descent = DampedNewtonDescent(
            linsolve = KLUFactorization(
                reuse_symbolic = true,
                check_pattern = true
            ),
            initial_damping = 1.0,
            damping_fn = LevenbergMarquardtDampingFunction(
                increase_factor = 2.0,
                decrease_factor = 3.0,
                min_damping = 1.0e-8
            ),
            min_norm_mode = :auto
        ),
        finite_diff_step_geodesic = 0.1,
        α = 0.75
    ),
    autodiff = AutoForwardDiff(),
    vjp_autodiff = AutoFiniteDiff(
        fdtype = Val{:forward}(),
        fdjtype = Val{:forward}(),
        fdhtype = Val{:hcentral}(),
        dir = true
    ),
    jvp_autodiff = AutoForwardDiff(),
    concrete_jac = Val{true}()
)

----    	-------------       	-----------         
Iter    	f(u) 2-norm         	Step 2-norm         
----    	-------------       	-----------         
0       	2.02356723e+01      	8.37680508e-02      
1       	8.83111563e+00      	5.14799825e-02      
8       	2.89184344e-02      	4.76996585e-03      
15      	6.16288341e-04      	2.43105989e-02      
22      	5.50557242e-07      	9.57324447e-03      
29      	2.26878670e-06      	5.48337023e-02      
36      	3.52499758e-04      	0.00000000e+00      
43      	1.67547325e-05      	0.00000000e+00      
50      	4.17722447e-03      	7.47392286e-01      
57      	5.04999207e-05      	0.00000000e+00      
64      	4.14865782e-03      	0.00000000e+00      
71      	2.37590767e-04      	0.00000000e+00      
78      	8.72851581e-06      	0.00000000e+00      
85      	1.56038240e-06      	7.00158476e-02      
92      	8.81819408e-02      	0.00000000e+00      
99      	3.00203108e-02      	0.00000000e+00      
106     	9.42473667e-05      	0.00000000e+00      
113     	1.07287974e-05      	2.38459962e-01      
120     	1.95198913e-03      	6.29518722e-01      
127     	1.09741813e-02      	0.00000000e+00      
134     	8.38667991e-06      	1.26024413e-01      
141     	7.44822126e-02      	0.00000000e+00      
148     	1.22529392e-03      	0.00000000e+00      
Final   	5.22548079e-07      
----------------------      
  AMR 3/3: M=402  err=5.58e-15  obs=7.74e-9  nrmse=2.63e-7  best=2.63e-7  refined=0
collocation [189s]
  [final]  nrmse=2.628e-7  l2=9.643e-6
extrapolation window: T=15.0 -> T_test=30.0  n_test=600
  [train]  E_traj=1.168e-13  E_VF=2.431e-9  E_spec=0.1912
  [test ]  E_traj=2.004  E_VF=1.26  E_spec=0.4537
saved /orcd/home/002/txenakis/projects/BVPsolver/src/../data/runs/run_fxAmwXyb/davis-skodje_fit.png
saved /orcd/home/002/txenakis/projects/BVPsolver/src/../data/runs/run_fxAmwXyb/davis-skodje_fit_extrapolated.png
saved /orcd/home/002/txenakis/projects/BVPsolver/src/../data/runs/run_fxAmwXyb/davis-skodje_spectral_fit_extrapolated.png
saved /orcd/home/002/txenakis/projects/BVPsolver/src/../data/runs/run_fxAmwXyb/davis-skodje_vf_fit_extrapolated.png
┌ Warning: Attempting to store StiffNN.var"#22#23"{Float64}.
│ JLD2 only stores functions by name.
│  This may not be useful for anonymous functions.
└ @ JLD2 ~/.julia/packages/JLD2/ADycq/src/data/writing_datatypes.jl:447
saved run → /orcd/home/002/txenakis/projects/BVPsolver/src/../data/runs/run_fxAmwXyb
--------------------------------------
Done: Thu Sep 24 07:49:40 EDT 2026
