Task 81/360: --problem rober --model mlp --profile fast --seed 21 --pretraining derivmatch --training shooting
Logging to /home/txenakis/projects/BVPsolver/logs/run_main_22227913_81.log
rober  model=mlp width=15 d=3 tlen=50 profile=fast seed=21  solver=Rodas5  N=348
  derivmatch lr=0.01 iter=170/3400 loss=46.43
  derivmatch lr=0.01 iter=340/3400 loss=42.06
  derivmatch lr=0.01 iter=510/3400 loss=41.16
  derivmatch lr=0.01 iter=680/3400 loss=37.06
  derivmatch lr=0.01 iter=850/3400 loss=56.69
  derivmatch lr=0.01 iter=1020/3400 loss=53.87
  derivmatch lr=0.01 iter=1190/3400 loss=49.78
  derivmatch lr=0.01 iter=1360/3400 loss=54.46
  derivmatch lr=0.01 iter=1530/3400 loss=55.29
  derivmatch lr=0.01 iter=1700/3400 loss=45.35
  derivmatch lr=0.01 iter=1870/3400 loss=51.04
  derivmatch lr=0.01 iter=2040/3400 loss=46.98
  derivmatch lr=0.01 iter=2210/3400 loss=39.33
  derivmatch lr=0.01 iter=2380/3400 loss=49.02
  derivmatch lr=0.01 iter=2550/3400 loss=37.24
  derivmatch lr=0.01 iter=2720/3400 loss=50.15
  derivmatch lr=0.01 iter=2890/3400 loss=46.12
  derivmatch lr=0.01 iter=3060/3400 loss=38.22
  derivmatch lr=0.01 iter=3230/3400 loss=52.62
  derivmatch lr=0.01 iter=3400/3400 loss=47.76
  derivmatch lr=0.01 iter=3400/3400 loss=25.47
  derivmatch lr=0.003 iter=125/2500 loss=29.18
  derivmatch lr=0.003 iter=250/2500 loss=33.36
  derivmatch lr=0.003 iter=375/2500 loss=29.39
  derivmatch lr=0.003 iter=500/2500 loss=26.99
  derivmatch lr=0.003 iter=625/2500 loss=25.32
  derivmatch lr=0.003 iter=750/2500 loss=25.21
  derivmatch lr=0.003 iter=875/2500 loss=30.12
  derivmatch lr=0.003 iter=1000/2500 loss=26.46
  derivmatch lr=0.003 iter=1125/2500 loss=32.8
  derivmatch lr=0.003 iter=1250/2500 loss=33.69
  derivmatch lr=0.003 iter=1375/2500 loss=49.67
  derivmatch lr=0.003 iter=1500/2500 loss=30.88
  derivmatch lr=0.003 iter=1625/2500 loss=30.29
  derivmatch lr=0.003 iter=1750/2500 loss=39.89
  derivmatch lr=0.003 iter=1875/2500 loss=38.55
  derivmatch lr=0.003 iter=2000/2500 loss=28.24
  derivmatch lr=0.003 iter=2125/2500 loss=26.94
  derivmatch lr=0.003 iter=2250/2500 loss=23.72
  derivmatch lr=0.003 iter=2375/2500 loss=22.6
  derivmatch lr=0.003 iter=2500/2500 loss=28.11
  derivmatch lr=0.003 iter=2500/2500 loss=15.44
  derivmatch lr=0.001 iter=125/2500 loss=21.03
  derivmatch lr=0.001 iter=250/2500 loss=22.08
  derivmatch lr=0.001 iter=375/2500 loss=21.18
  derivmatch lr=0.001 iter=500/2500 loss=18.2
  derivmatch lr=0.001 iter=625/2500 loss=10.63
  derivmatch lr=0.001 iter=750/2500 loss=11.02
  derivmatch lr=0.001 iter=875/2500 loss=18.3
  derivmatch lr=0.001 iter=1000/2500 loss=16.51
  derivmatch lr=0.001 iter=1125/2500 loss=17.91
  derivmatch lr=0.001 iter=1250/2500 loss=16.36
  derivmatch lr=0.001 iter=1375/2500 loss=17.54
  derivmatch lr=0.001 iter=1500/2500 loss=28.97
  derivmatch lr=0.001 iter=1625/2500 loss=23.42
  derivmatch lr=0.001 iter=1750/2500 loss=22.07
  derivmatch lr=0.001 iter=1875/2500 loss=18.85
  derivmatch lr=0.001 iter=2000/2500 loss=9.946
  derivmatch lr=0.001 iter=2125/2500 loss=9.266
  derivmatch lr=0.001 iter=2250/2500 loss=24.85
  derivmatch lr=0.001 iter=2375/2500 loss=14.35
  derivmatch lr=0.001 iter=2500/2500 loss=26.42
  derivmatch lr=0.001 iter=2500/2500 loss=7.537
  derivmatch lr=0.0003 iter=80/1600 loss=8.502
  derivmatch lr=0.0003 iter=160/1600 loss=7.754
  derivmatch lr=0.0003 iter=240/1600 loss=7.677
  derivmatch lr=0.0003 iter=320/1600 loss=7.302
  derivmatch lr=0.0003 iter=400/1600 loss=7.273
  derivmatch lr=0.0003 iter=480/1600 loss=7.085
  derivmatch lr=0.0003 iter=560/1600 loss=6.451
  derivmatch lr=0.0003 iter=640/1600 loss=6.554
  derivmatch lr=0.0003 iter=720/1600 loss=6.857
  derivmatch lr=0.0003 iter=800/1600 loss=6.775
  derivmatch lr=0.0003 iter=880/1600 loss=6.626
  derivmatch lr=0.0003 iter=960/1600 loss=7.206
  derivmatch lr=0.0003 iter=1040/1600 loss=6.476
  derivmatch lr=0.0003 iter=1120/1600 loss=7.062
  derivmatch lr=0.0003 iter=1200/1600 loss=7.083
  derivmatch lr=0.0003 iter=1280/1600 loss=8.108
  derivmatch lr=0.0003 iter=1360/1600 loss=7.307
  derivmatch lr=0.0003 iter=1440/1600 loss=8.195
  derivmatch lr=0.0003 iter=1520/1600 loss=7.362
  derivmatch lr=0.0003 iter=1600/1600 loss=8.05
  derivmatch lr=0.0003 iter=1600/1600 loss=5.96
derivative matching [24s]  fitloss=5.96
  [derivative matching]  nrmse=11870.0  l2=17.15
  shooting iter=50/1000 loss=225.0
  shooting iter=100/1000 loss=154.0
  shooting iter=150/1000 loss=77.69
  shooting iter=200/1000 loss=14.0
  shooting iter=250/1000 loss=8.354
  shooting iter=300/1000 loss=8.173
  shooting iter=350/1000 loss=5.548
  shooting iter=400/1000 loss=2.955
  shooting iter=450/1000 loss=3.401
  shooting iter=500/1000 loss=2.786
  shooting iter=550/1000 loss=2.918
  shooting iter=600/1000 loss=2.811
  shooting iter=650/1000 loss=4.203
  shooting iter=700/1000 loss=5.898
  shooting iter=750/1000 loss=5.225
  shooting iter=800/1000 loss=3.056
  shooting iter=850/1000 loss=3.797
  shooting iter=900/1000 loss=1.739
  shooting iter=950/1000 loss=3.095
  shooting iter=1000/1000 loss=3.345
  shooting iter=1000/1000 loss=0.986
shooting [581s]  loss=0.986
  [final]  nrmse=3.578  l2=3.738
extrapolation window: T=1000.0 -> T_test=1.0e12  n_test=100
  [train]  E_traj=33.83  E_VF=72.9  E_spec=6.455e27
  [test ]  E_traj=922.5  E_VF=2.203e17  E_spec=1.599e29
saved /orcd/home/002/txenakis/projects/BVPsolver/src/../data/runs/run_uCzincdr/rober_fit.png
saved /orcd/home/002/txenakis/projects/BVPsolver/src/../data/runs/run_uCzincdr/rober_fit_extrapolated.png
saved /orcd/home/002/txenakis/projects/BVPsolver/src/../data/runs/run_uCzincdr/rober_spectral_fit_extrapolated.png
saved /orcd/home/002/txenakis/projects/BVPsolver/src/../data/runs/run_uCzincdr/rober_vf_fit_extrapolated.png
┌ Warning: Attempting to store StiffNN.var"#12#13"{Float64, Float64, Float64}.
│ JLD2 only stores functions by name.
│  This may not be useful for anonymous functions.
└ @ JLD2 ~/.julia/packages/JLD2/ADycq/src/data/writing_datatypes.jl:447
saved run → /orcd/home/002/txenakis/projects/BVPsolver/src/../data/runs/run_uCzincdr
--------------------------------------
Done: Mon Sep  7 19:01:08 EDT 2026
