Task 55/160: --problem vanderpol --model GELU-scaled --profile fast --seed 515 --pretraining derivmatch --training collocation --track-sensitivity
Logging to /home/txenakis/projects/BVPsolver/logs/run_main_23858924_55.log
vanderpol  model=GELU-scaled width=7 d=2 tlen=151 profile=fast seed=515  solver=Kvaerno5  N=317
  derivmatch lr=0.01 iter=170/3400 loss=3.722
  derivmatch lr=0.01 iter=340/3400 loss=3.435
  derivmatch lr=0.01 iter=510/3400 loss=3.235
  derivmatch lr=0.01 iter=680/3400 loss=2.998
  derivmatch lr=0.01 iter=850/3400 loss=2.989
  derivmatch lr=0.01 iter=1020/3400 loss=2.797
  derivmatch lr=0.01 iter=1190/3400 loss=2.64
  derivmatch lr=0.01 iter=1360/3400 loss=2.366
  derivmatch lr=0.01 iter=1530/3400 loss=3.75
  derivmatch lr=0.01 iter=1700/3400 loss=3.371
  derivmatch lr=0.01 iter=1870/3400 loss=3.453
  derivmatch lr=0.01 iter=2040/3400 loss=3.367
  derivmatch lr=0.01 iter=2210/3400 loss=3.318
  derivmatch lr=0.01 iter=2380/3400 loss=3.133
  derivmatch lr=0.01 iter=2550/3400 loss=3.082
  derivmatch lr=0.01 iter=2720/3400 loss=2.738
  derivmatch lr=0.01 iter=2890/3400 loss=2.761
  derivmatch lr=0.01 iter=3060/3400 loss=2.661
  derivmatch lr=0.01 iter=3230/3400 loss=2.546
  derivmatch lr=0.01 iter=3400/3400 loss=2.451
  derivmatch lr=0.01 iter=3400/3400 loss=2.222
  derivmatch lr=0.003 iter=125/2500 loss=1.859
  derivmatch lr=0.003 iter=250/2500 loss=1.38
  derivmatch lr=0.003 iter=375/2500 loss=0.9957
  derivmatch lr=0.003 iter=500/2500 loss=0.7995
  derivmatch lr=0.003 iter=625/2500 loss=0.5708
  derivmatch lr=0.003 iter=750/2500 loss=0.4622
  derivmatch lr=0.003 iter=875/2500 loss=0.4072
  derivmatch lr=0.003 iter=1000/2500 loss=0.3613
  derivmatch lr=0.003 iter=1125/2500 loss=0.3225
  derivmatch lr=0.003 iter=1250/2500 loss=0.2874
  derivmatch lr=0.003 iter=1375/2500 loss=0.2574
  derivmatch lr=0.003 iter=1500/2500 loss=0.2299
  derivmatch lr=0.003 iter=1625/2500 loss=0.2042
  derivmatch lr=0.003 iter=1750/2500 loss=0.1813
  derivmatch lr=0.003 iter=1875/2500 loss=0.1656
  derivmatch lr=0.003 iter=2000/2500 loss=3.535
  derivmatch lr=0.003 iter=2125/2500 loss=1.643
  derivmatch lr=0.003 iter=2250/2500 loss=1.131
  derivmatch lr=0.003 iter=2375/2500 loss=1.101
  derivmatch lr=0.003 iter=2500/2500 loss=1.093
  derivmatch lr=0.003 iter=2500/2500 loss=0.1622
  derivmatch lr=0.001 iter=125/2500 loss=0.1456
  derivmatch lr=0.001 iter=250/2500 loss=0.1258
  derivmatch lr=0.001 iter=375/2500 loss=0.1081
  derivmatch lr=0.001 iter=500/2500 loss=0.09324
  derivmatch lr=0.001 iter=625/2500 loss=0.08082
  derivmatch lr=0.001 iter=750/2500 loss=0.07027
  derivmatch lr=0.001 iter=875/2500 loss=0.0607
  derivmatch lr=0.001 iter=1000/2500 loss=0.05255
  derivmatch lr=0.001 iter=1125/2500 loss=0.04549
  derivmatch lr=0.001 iter=1250/2500 loss=0.03939
  derivmatch lr=0.001 iter=1375/2500 loss=0.03417
  derivmatch lr=0.001 iter=1500/2500 loss=0.02987
  derivmatch lr=0.001 iter=1625/2500 loss=0.02635
  derivmatch lr=0.001 iter=1750/2500 loss=0.02314
  derivmatch lr=0.001 iter=1875/2500 loss=0.0206
  derivmatch lr=0.001 iter=2000/2500 loss=0.01849
  derivmatch lr=0.001 iter=2125/2500 loss=0.01677
  derivmatch lr=0.001 iter=2250/2500 loss=0.0155
  derivmatch lr=0.001 iter=2375/2500 loss=0.01436
  derivmatch lr=0.001 iter=2500/2500 loss=0.01371
  derivmatch lr=0.001 iter=2500/2500 loss=0.01349
  derivmatch lr=0.0003 iter=80/1600 loss=0.01336
  derivmatch lr=0.0003 iter=160/1600 loss=0.01316
  derivmatch lr=0.0003 iter=240/1600 loss=0.01292
  derivmatch lr=0.0003 iter=320/1600 loss=0.01265
  derivmatch lr=0.0003 iter=400/1600 loss=0.01237
  derivmatch lr=0.0003 iter=480/1600 loss=0.01206
  derivmatch lr=0.0003 iter=560/1600 loss=0.01177
  derivmatch lr=0.0003 iter=640/1600 loss=0.01147
  derivmatch lr=0.0003 iter=720/1600 loss=0.01117
  derivmatch lr=0.0003 iter=800/1600 loss=0.01088
  derivmatch lr=0.0003 iter=880/1600 loss=0.01059
  derivmatch lr=0.0003 iter=960/1600 loss=0.01031
  derivmatch lr=0.0003 iter=1040/1600 loss=0.01003
  derivmatch lr=0.0003 iter=1120/1600 loss=0.009751
  derivmatch lr=0.0003 iter=1200/1600 loss=0.009909
  derivmatch lr=0.0003 iter=1280/1600 loss=0.009406
  derivmatch lr=0.0003 iter=1360/1600 loss=0.009279
  derivmatch lr=0.0003 iter=1440/1600 loss=0.009151
  derivmatch lr=0.0003 iter=1520/1600 loss=0.009024
  derivmatch lr=0.0003 iter=1600/1600 loss=0.008897
  derivmatch lr=0.0003 iter=1600/1600 loss=0.008897
derivative matching [26s]  fitloss=0.0089
  [derivative matching]  nrmse=0.331  l2=324.6
  collocation: M=163 residuals=1274  detecting sparsity + solving...

Algorithm: LevenbergMarquardt(
    trustregion = LevenbergMarquardtTrustRegion(
        β_uphill = 0.0
    ),
    descent = GeodesicAcceleration(
        descent = DampedNewtonDescent(
            linsolve = KLUFactorization(
                reuse_symbolic = true,
                check_pattern = true
            ),
            initial_damping = 1.0,
            damping_fn = LevenbergMarquardtDampingFunction(
                increase_factor = 2.0,
                decrease_factor = 3.0,
                min_damping = 1.0e-8
            ),
            min_norm_mode = :auto
        ),
        finite_diff_step_geodesic = 0.1,
        α = 0.75
    ),
    autodiff = AutoForwardDiff(),
    vjp_autodiff = AutoFiniteDiff(
        fdtype = Val{:forward}(),
        fdjtype = Val{:forward}(),
        fdhtype = Val{:hcentral}(),
        dir = true
    ),
    jvp_autodiff = AutoForwardDiff(),
    concrete_jac = Val{true}()
)

----    	-------------       	-----------         
Iter    	f(u) 2-norm         	Step 2-norm         
----    	-------------       	-----------         
0       	2.61875405e+02      	6.47979771e+02      
1       	2.66385104e+02      	6.33588403e-02      
8       	4.22082984e+02      	8.28286337e-02      
15      	4.22082984e+02      	0.00000000e+00      
22      	4.42030980e+02      	1.64690162e-03      
29      	4.18047560e+02      	0.00000000e+00      
36      	4.55341945e+02      	1.55555879e-02      
43      	4.78175563e+02      	1.27179944e-02      
50      	5.89203198e+02      	0.00000000e+00      
57      	7.61639272e+02      	2.50869857e-02      
64      	5.41348703e+03      	0.00000000e+00      
71      	1.64210986e+03      	1.41039456e-02      
78      	1.58605734e+03      	8.32167826e-03      
85      	1.17941302e+03      	0.00000000e+00      
92      	1.68896666e+03      	0.00000000e+00      
99      	1.15922966e+03      	0.00000000e+00      
106     	1.25831423e+03      	7.70960031e-03      
113     	2.08428261e+03      	7.00364332e-03      
120     	1.13532887e+03      	0.00000000e+00      
127     	3.49770400e+03      	0.00000000e+00      
134     	1.38774046e+03      	0.00000000e+00      
141     	1.22229025e+03      	0.00000000e+00      
148     	1.38940523e+03      	0.00000000e+00      
Final   	2.61875405e+02      
----------------------      
  AMR 1/1: M=163  err=6960.0  obs=0.0  nrmse=0.331  best=0.331  refined=0
 derivative matching was best (1/1 rounds ran)
collocation [43s]
  [final]  nrmse=0.331  l2=324.6
extrapolation window: T=200.0 -> T_test=400.0  n_test=302
  [train]  E_traj=1.149  E_VF=0.06136  E_spec=0.4161
  [test ]  E_traj=79.67  E_VF=8.142  E_spec=0.5646
saved /orcd/home/002/txenakis/projects/BVPsolver/src/../data/runs/run_7f4nPruf/vanderpol_fit.png
saved /orcd/home/002/txenakis/projects/BVPsolver/src/../data/runs/run_7f4nPruf/vanderpol_fit_extrapolated.png
saved /orcd/home/002/txenakis/projects/BVPsolver/src/../data/runs/run_7f4nPruf/vanderpol_spectral_fit_extrapolated.png
saved /orcd/home/002/txenakis/projects/BVPsolver/src/../data/runs/run_7f4nPruf/vanderpol_vf_fit_extrapolated.png
saved /orcd/home/002/txenakis/projects/BVPsolver/src/../data/runs/run_7f4nPruf/vanderpol_sensitivity_vs_stiffness_derivmatch.png
saved /orcd/home/002/txenakis/projects/BVPsolver/src/../data/runs/run_7f4nPruf/vanderpol_sensitivity_vs_stiffness_collocation.png
┌ Warning: Attempting to store StiffNN.var"#14#15"{Float64}.
│ JLD2 only stores functions by name.
│  This may not be useful for anonymous functions.
└ @ JLD2 ~/.julia/packages/JLD2/ADycq/src/data/writing_datatypes.jl:447
saved run → /orcd/home/002/txenakis/projects/BVPsolver/src/../data/runs/run_7f4nPruf
--------------------------------------
Done: Fri Sep 25 10:34:06 EDT 2026
