Task 1340/1800: --problem orego --model mlp --profile fast --seed 140 --pretraining derivmatch --training shooting
Logging to /home/txenakis/projects/BVPsolver/logs/run_main_23593274_1340.log
orego  model=mlp width=19 d=3 tlen=112 profile=fast seed=140  solver=Rodas5  N=516
  derivmatch lr=0.01 iter=170/3400 loss=10.18
  derivmatch lr=0.01 iter=340/3400 loss=8.925
  derivmatch lr=0.01 iter=510/3400 loss=8.206
  derivmatch lr=0.01 iter=680/3400 loss=7.741
  derivmatch lr=0.01 iter=850/3400 loss=7.389
  derivmatch lr=0.01 iter=1020/3400 loss=7.101
  derivmatch lr=0.01 iter=1190/3400 loss=6.923
  derivmatch lr=0.01 iter=1360/3400 loss=6.75
  derivmatch lr=0.01 iter=1530/3400 loss=6.562
  derivmatch lr=0.01 iter=1700/3400 loss=6.433
  derivmatch lr=0.01 iter=1870/3400 loss=6.304
  derivmatch lr=0.01 iter=2040/3400 loss=6.188
  derivmatch lr=0.01 iter=2210/3400 loss=6.052
  derivmatch lr=0.01 iter=2380/3400 loss=5.985
  derivmatch lr=0.01 iter=2550/3400 loss=5.895
  derivmatch lr=0.01 iter=2720/3400 loss=5.81
  derivmatch lr=0.01 iter=2890/3400 loss=5.73
  derivmatch lr=0.01 iter=3060/3400 loss=5.653
  derivmatch lr=0.01 iter=3230/3400 loss=5.551
  derivmatch lr=0.01 iter=3400/3400 loss=5.473
  derivmatch lr=0.01 iter=3400/3400 loss=5.473
  derivmatch lr=0.003 iter=125/2500 loss=5.443
  derivmatch lr=0.003 iter=250/2500 loss=5.46
  derivmatch lr=0.003 iter=375/2500 loss=5.386
  derivmatch lr=0.003 iter=500/2500 loss=5.354
  derivmatch lr=0.003 iter=625/2500 loss=5.324
  derivmatch lr=0.003 iter=750/2500 loss=5.29
  derivmatch lr=0.003 iter=875/2500 loss=5.261
  derivmatch lr=0.003 iter=1000/2500 loss=5.232
  derivmatch lr=0.003 iter=1125/2500 loss=5.206
  derivmatch lr=0.003 iter=1250/2500 loss=5.18
  derivmatch lr=0.003 iter=1375/2500 loss=5.156
  derivmatch lr=0.003 iter=1500/2500 loss=5.134
  derivmatch lr=0.003 iter=1625/2500 loss=5.11
  derivmatch lr=0.003 iter=1750/2500 loss=5.088
  derivmatch lr=0.003 iter=1875/2500 loss=5.066
  derivmatch lr=0.003 iter=2000/2500 loss=5.046
  derivmatch lr=0.003 iter=2125/2500 loss=5.026
  derivmatch lr=0.003 iter=2250/2500 loss=5.057
  derivmatch lr=0.003 iter=2375/2500 loss=5.029
  derivmatch lr=0.003 iter=2500/2500 loss=4.999
  derivmatch lr=0.003 iter=2500/2500 loss=4.989
  derivmatch lr=0.001 iter=125/2500 loss=4.98
  derivmatch lr=0.001 iter=250/2500 loss=4.971
  derivmatch lr=0.001 iter=375/2500 loss=4.963
  derivmatch lr=0.001 iter=500/2500 loss=4.954
  derivmatch lr=0.001 iter=625/2500 loss=4.945
  derivmatch lr=0.001 iter=750/2500 loss=4.937
  derivmatch lr=0.001 iter=875/2500 loss=4.928
  derivmatch lr=0.001 iter=1000/2500 loss=4.919
  derivmatch lr=0.001 iter=1125/2500 loss=4.911
  derivmatch lr=0.001 iter=1250/2500 loss=4.903
  derivmatch lr=0.001 iter=1375/2500 loss=4.895
  derivmatch lr=0.001 iter=1500/2500 loss=4.887
  derivmatch lr=0.001 iter=1625/2500 loss=4.877
  derivmatch lr=0.001 iter=1750/2500 loss=4.868
  derivmatch lr=0.001 iter=1875/2500 loss=4.859
  derivmatch lr=0.001 iter=2000/2500 loss=4.851
  derivmatch lr=0.001 iter=2125/2500 loss=4.843
  derivmatch lr=0.001 iter=2250/2500 loss=4.836
  derivmatch lr=0.001 iter=2375/2500 loss=4.828
  derivmatch lr=0.001 iter=2500/2500 loss=4.82
  derivmatch lr=0.001 iter=2500/2500 loss=4.82
  derivmatch lr=0.0003 iter=80/1600 loss=4.82
  derivmatch lr=0.0003 iter=160/1600 loss=4.815
  derivmatch lr=0.0003 iter=240/1600 loss=4.814
  derivmatch lr=0.0003 iter=320/1600 loss=4.812
  derivmatch lr=0.0003 iter=400/1600 loss=4.811
  derivmatch lr=0.0003 iter=480/1600 loss=4.809
  derivmatch lr=0.0003 iter=560/1600 loss=4.821
  derivmatch lr=0.0003 iter=640/1600 loss=4.82
  derivmatch lr=0.0003 iter=720/1600 loss=4.818
  derivmatch lr=0.0003 iter=800/1600 loss=4.816
  derivmatch lr=0.0003 iter=880/1600 loss=4.814
  derivmatch lr=0.0003 iter=960/1600 loss=4.812
  derivmatch lr=0.0003 iter=1040/1600 loss=4.811
  derivmatch lr=0.0003 iter=1120/1600 loss=4.809
  derivmatch lr=0.0003 iter=1200/1600 loss=4.807
  derivmatch lr=0.0003 iter=1280/1600 loss=4.805
  derivmatch lr=0.0003 iter=1360/1600 loss=4.802
  derivmatch lr=0.0003 iter=1440/1600 loss=4.8
  derivmatch lr=0.0003 iter=1520/1600 loss=4.798
  derivmatch lr=0.0003 iter=1600/1600 loss=4.795
  derivmatch lr=0.0003 iter=1600/1600 loss=4.795
derivative matching [24s]  fitloss=4.79
  [derivative matching]  nrmse=0.5671  l2=595200.0
  shooting iter=50/1000 loss=0.3155
  shooting iter=100/1000 loss=0.2917
  shooting iter=150/1000 loss=0.2747
  shooting iter=200/1000 loss=0.2783
  shooting iter=250/1000 loss=0.2824
  shooting iter=300/1000 loss=0.2645
  shooting iter=350/1000 loss=0.2618
  shooting iter=400/1000 loss=0.2595
  shooting iter=450/1000 loss=0.258
  shooting iter=500/1000 loss=0.2565
  shooting iter=550/1000 loss=0.2517
  shooting iter=600/1000 loss=0.2449
  shooting iter=650/1000 loss=0.2288
