Task 1122/1800: --problem hires --model GELU-scaled --profile fast --seed 122 --pretraining derivmatch --training shooting
Logging to /home/txenakis/projects/BVPsolver/logs/run_main_23553922_1122.log
hires  model=GELU-scaled width=11 d=8 tlen=50 profile=fast seed=122  solver=Rodas5  N=855
  derivmatch lr=0.01 iter=170/3400 loss=3.131
  derivmatch lr=0.01 iter=340/3400 loss=1.344
  derivmatch lr=0.01 iter=510/3400 loss=0.8304
  derivmatch lr=0.01 iter=680/3400 loss=0.746
  derivmatch lr=0.01 iter=850/3400 loss=0.4573
  derivmatch lr=0.01 iter=1020/3400 loss=0.6229
  derivmatch lr=0.01 iter=1190/3400 loss=0.4651
  derivmatch lr=0.01 iter=1360/3400 loss=0.3987
  derivmatch lr=0.01 iter=1530/3400 loss=0.578
  derivmatch lr=0.01 iter=1700/3400 loss=0.3053
  derivmatch lr=0.01 iter=1870/3400 loss=0.2913
  derivmatch lr=0.01 iter=2040/3400 loss=0.3619
  derivmatch lr=0.01 iter=2210/3400 loss=0.2842
  derivmatch lr=0.01 iter=2380/3400 loss=0.2952
  derivmatch lr=0.01 iter=2550/3400 loss=0.2965
  derivmatch lr=0.01 iter=2720/3400 loss=0.3392
  derivmatch lr=0.01 iter=2890/3400 loss=0.1744
  derivmatch lr=0.01 iter=3060/3400 loss=0.1854
  derivmatch lr=0.01 iter=3230/3400 loss=0.1363
  derivmatch lr=0.01 iter=3400/3400 loss=0.2502
  derivmatch lr=0.01 iter=3400/3400 loss=0.1185
  derivmatch lr=0.003 iter=125/2500 loss=0.1042
  derivmatch lr=0.003 iter=250/2500 loss=0.0966
  derivmatch lr=0.003 iter=375/2500 loss=0.09582
  derivmatch lr=0.003 iter=500/2500 loss=0.09012
  derivmatch lr=0.003 iter=625/2500 loss=0.08907
  derivmatch lr=0.003 iter=750/2500 loss=0.08462
  derivmatch lr=0.003 iter=875/2500 loss=0.08432
  derivmatch lr=0.003 iter=1000/2500 loss=0.08037
  derivmatch lr=0.003 iter=1125/2500 loss=0.0802
  derivmatch lr=0.003 iter=1250/2500 loss=0.07769
  derivmatch lr=0.003 iter=1375/2500 loss=0.07668
  derivmatch lr=0.003 iter=1500/2500 loss=0.07302
  derivmatch lr=0.003 iter=1625/2500 loss=0.07291
  derivmatch lr=0.003 iter=1750/2500 loss=0.06948
  derivmatch lr=0.003 iter=1875/2500 loss=0.06961
  derivmatch lr=0.003 iter=2000/2500 loss=0.0666
  derivmatch lr=0.003 iter=2125/2500 loss=0.06618
  derivmatch lr=0.003 iter=2250/2500 loss=0.06015
  derivmatch lr=0.003 iter=2375/2500 loss=0.06108
  derivmatch lr=0.003 iter=2500/2500 loss=0.05744
  derivmatch lr=0.003 iter=2500/2500 loss=0.05744
  derivmatch lr=0.001 iter=125/2500 loss=0.0504
  derivmatch lr=0.001 iter=250/2500 loss=0.04955
  derivmatch lr=0.001 iter=375/2500 loss=0.04861
  derivmatch lr=0.001 iter=500/2500 loss=0.04799
  derivmatch lr=0.001 iter=625/2500 loss=0.04786
  derivmatch lr=0.001 iter=750/2500 loss=0.04798
  derivmatch lr=0.001 iter=875/2500 loss=0.04588
  derivmatch lr=0.001 iter=1000/2500 loss=0.04299
  derivmatch lr=0.001 iter=1125/2500 loss=0.04525
  derivmatch lr=0.001 iter=1250/2500 loss=0.04097
  derivmatch lr=0.001 iter=1375/2500 loss=0.04351
  derivmatch lr=0.001 iter=1500/2500 loss=0.03401
  derivmatch lr=0.001 iter=1625/2500 loss=0.03057
  derivmatch lr=0.001 iter=1750/2500 loss=0.02923
  derivmatch lr=0.001 iter=1875/2500 loss=0.02945
  derivmatch lr=0.001 iter=2000/2500 loss=0.02731
  derivmatch lr=0.001 iter=2125/2500 loss=0.02579
  derivmatch lr=0.001 iter=2250/2500 loss=0.02429
  derivmatch lr=0.001 iter=2375/2500 loss=0.02386
  derivmatch lr=0.001 iter=2500/2500 loss=0.0227
  derivmatch lr=0.001 iter=2500/2500 loss=0.02249
  derivmatch lr=0.0003 iter=80/1600 loss=0.02155
  derivmatch lr=0.0003 iter=160/1600 loss=0.02141
  derivmatch lr=0.0003 iter=240/1600 loss=0.02126
  derivmatch lr=0.0003 iter=320/1600 loss=0.02108
  derivmatch lr=0.0003 iter=400/1600 loss=0.02088
  derivmatch lr=0.0003 iter=480/1600 loss=0.02066
  derivmatch lr=0.0003 iter=560/1600 loss=0.02044
  derivmatch lr=0.0003 iter=640/1600 loss=0.0202
  derivmatch lr=0.0003 iter=720/1600 loss=0.01995
  derivmatch lr=0.0003 iter=800/1600 loss=0.0197
  derivmatch lr=0.0003 iter=880/1600 loss=0.01944
  derivmatch lr=0.0003 iter=960/1600 loss=0.01917
  derivmatch lr=0.0003 iter=1040/1600 loss=0.01889
  derivmatch lr=0.0003 iter=1120/1600 loss=0.01861
  derivmatch lr=0.0003 iter=1200/1600 loss=0.01836
  derivmatch lr=0.0003 iter=1280/1600 loss=0.01807
  derivmatch lr=0.0003 iter=1360/1600 loss=0.0178
  derivmatch lr=0.0003 iter=1440/1600 loss=0.01756
  derivmatch lr=0.0003 iter=1520/1600 loss=0.01727
  derivmatch lr=0.0003 iter=1600/1600 loss=0.01705
  derivmatch lr=0.0003 iter=1600/1600 loss=0.01703
derivative matching [27s]  fitloss=0.017
  [derivative matching]  nrmse=0.113  l2=0.4618
  shooting iter=50/1000 loss=0.0189
  shooting iter=100/1000 loss=0.01176
  shooting iter=150/1000 loss=0.014
  shooting iter=200/1000 loss=0.009051
  shooting iter=250/1000 loss=0.009944
  shooting iter=300/1000 loss=0.00722
  shooting iter=350/1000 loss=0.01223
  shooting iter=400/1000 loss=0.01145
  shooting iter=450/1000 loss=0.01147
  shooting iter=500/1000 loss=0.00904
  shooting iter=550/1000 loss=0.006377
  shooting iter=600/1000 loss=0.009882
  shooting iter=650/1000 loss=0.006306
  shooting iter=700/1000 loss=0.00922
  shooting iter=750/1000 loss=0.006218
  shooting iter=800/1000 loss=0.005834
  shooting iter=850/1000 loss=0.00776
  shooting iter=900/1000 loss=0.007722
  shooting iter=950/1000 loss=0.00666
  shooting iter=1000/1000 loss=0.0118
  shooting iter=1000/1000 loss=0.004614
shooting [7666s]  loss=0.00461
  [final]  nrmse=0.00973  l2=0.05978
extrapolation window: T=321.8122 -> T_test=643.624  n_test=100
  [train]  E_traj=0.0003105  E_VF=0.02926  E_spec=14.84
  [test ]  E_traj=113800.0  E_VF=40390.0  E_spec=1.072
saved /orcd/home/002/txenakis/projects/BVPsolver/src/../data/runs/run_S42vLZ4S/hires_fit.png
saved /orcd/home/002/txenakis/projects/BVPsolver/src/../data/runs/run_S42vLZ4S/hires_fit_extrapolated.png
saved /orcd/home/002/txenakis/projects/BVPsolver/src/../data/runs/run_S42vLZ4S/hires_spectral_fit_extrapolated.png
saved /orcd/home/002/txenakis/projects/BVPsolver/src/../data/runs/run_S42vLZ4S/hires_vf_fit_extrapolated.png
┌ Warning: Attempting to store StiffNN.var"#18#19"{Type{Float64}}.
│ JLD2 only stores functions by name.
│  This may not be useful for anonymous functions.
└ @ JLD2 ~/.julia/packages/JLD2/ADycq/src/data/writing_datatypes.jl:447
saved run → /orcd/home/002/txenakis/projects/BVPsolver/src/../data/runs/run_S42vLZ4S
--------------------------------------
Done: Wed Sep 23 19:01:34 EDT 2026
