Task 1552/1800: --problem davis-skodje --model stiff --profile fast --seed 102 --pretraining derivmatch --training collocation
Logging to /home/txenakis/projects/BVPsolver/logs/run_main_23593274_1552.log
davis-skodje  model=stiff width=12 d=2 tlen=300 profile=fast seed=102  solver=Rodas5P  N=268
  derivmatch lr=0.01 iter=170/3400 loss=0.07707
  derivmatch lr=0.01 iter=340/3400 loss=0.03082
  derivmatch lr=0.01 iter=510/3400 loss=0.01681
  derivmatch lr=0.01 iter=680/3400 loss=0.009182
  derivmatch lr=0.01 iter=850/3400 loss=0.005228
  derivmatch lr=0.01 iter=1020/3400 loss=0.003044
  derivmatch lr=0.01 iter=1190/3400 loss=0.002079
  derivmatch lr=0.01 iter=1360/3400 loss=0.001583
  derivmatch lr=0.01 iter=1530/3400 loss=0.001267
  derivmatch lr=0.01 iter=1700/3400 loss=0.001041
  derivmatch lr=0.01 iter=1870/3400 loss=0.0008704
  derivmatch lr=0.01 iter=2040/3400 loss=0.0007383
  derivmatch lr=0.01 iter=2210/3400 loss=0.0006328
  derivmatch lr=0.01 iter=2380/3400 loss=0.000546
  derivmatch lr=0.01 iter=2550/3400 loss=0.0004728
  derivmatch lr=0.01 iter=2720/3400 loss=0.0004099
  derivmatch lr=0.01 iter=2890/3400 loss=0.0003548
  derivmatch lr=0.01 iter=3060/3400 loss=0.0003058
  derivmatch lr=0.01 iter=3230/3400 loss=0.0002615
  derivmatch lr=0.01 iter=3400/3400 loss=0.0002216
  derivmatch lr=0.01 iter=3400/3400 loss=0.0002216
  derivmatch lr=0.003 iter=125/2500 loss=0.0001648
  derivmatch lr=0.003 iter=250/2500 loss=0.0001181
  derivmatch lr=0.003 iter=375/2500 loss=8.576e-5
  derivmatch lr=0.003 iter=500/2500 loss=6.516e-5
  derivmatch lr=0.003 iter=625/2500 loss=5.173e-5
  derivmatch lr=0.003 iter=750/2500 loss=4.138e-5
  derivmatch lr=0.003 iter=875/2500 loss=3.254e-5
  derivmatch lr=0.003 iter=1000/2500 loss=2.452e-5
  derivmatch lr=0.003 iter=1125/2500 loss=1.749e-5
  derivmatch lr=0.003 iter=1250/2500 loss=1.274e-5
  derivmatch lr=0.003 iter=1375/2500 loss=9.252e-6
  derivmatch lr=0.003 iter=1500/2500 loss=7.152e-6
  derivmatch lr=0.003 iter=1625/2500 loss=6.141e-6
  derivmatch lr=0.003 iter=1750/2500 loss=6.318e-6
  derivmatch lr=0.003 iter=1875/2500 loss=4.295e-6
  derivmatch lr=0.003 iter=2000/2500 loss=4.369e-6
  derivmatch lr=0.003 iter=2125/2500 loss=1.572e-5
  derivmatch lr=0.003 iter=2250/2500 loss=3.517e-6
  derivmatch lr=0.003 iter=2375/2500 loss=3.387e-6
  derivmatch lr=0.003 iter=2500/2500 loss=3.265e-6
  derivmatch lr=0.003 iter=2500/2500 loss=3.265e-6
  derivmatch lr=0.001 iter=125/2500 loss=3.24e-6
  derivmatch lr=0.001 iter=250/2500 loss=3.218e-6
  derivmatch lr=0.001 iter=375/2500 loss=3.192e-6
  derivmatch lr=0.001 iter=500/2500 loss=3.162e-6
  derivmatch lr=0.001 iter=625/2500 loss=3.127e-6
  derivmatch lr=0.001 iter=750/2500 loss=3.09e-6
  derivmatch lr=0.001 iter=875/2500 loss=3.051e-6
  derivmatch lr=0.001 iter=1000/2500 loss=3.009e-6
  derivmatch lr=0.001 iter=1125/2500 loss=2.966e-6
  derivmatch lr=0.001 iter=1250/2500 loss=2.922e-6
  derivmatch lr=0.001 iter=1375/2500 loss=2.876e-6
  derivmatch lr=0.001 iter=1500/2500 loss=2.829e-6
  derivmatch lr=0.001 iter=1625/2500 loss=2.781e-6
  derivmatch lr=0.001 iter=1750/2500 loss=2.733e-6
  derivmatch lr=0.001 iter=1875/2500 loss=2.692e-6
  derivmatch lr=0.001 iter=2000/2500 loss=2.635e-6
  derivmatch lr=0.001 iter=2125/2500 loss=2.592e-6
  derivmatch lr=0.001 iter=2250/2500 loss=3.55e-6
  derivmatch lr=0.001 iter=2375/2500 loss=2.505e-6
  derivmatch lr=0.001 iter=2500/2500 loss=7.144e-6
  derivmatch lr=0.001 iter=2500/2500 loss=2.477e-6
  derivmatch lr=0.0003 iter=80/1600 loss=2.483e-6
  derivmatch lr=0.0003 iter=160/1600 loss=2.468e-6
  derivmatch lr=0.0003 iter=240/1600 loss=2.463e-6
  derivmatch lr=0.0003 iter=320/1600 loss=2.457e-6
  derivmatch lr=0.0003 iter=400/1600 loss=2.45e-6
  derivmatch lr=0.0003 iter=480/1600 loss=2.441e-6
  derivmatch lr=0.0003 iter=560/1600 loss=2.432e-6
  derivmatch lr=0.0003 iter=640/1600 loss=2.423e-6
  derivmatch lr=0.0003 iter=720/1600 loss=2.412e-6
  derivmatch lr=0.0003 iter=800/1600 loss=2.401e-6
  derivmatch lr=0.0003 iter=880/1600 loss=2.389e-6
  derivmatch lr=0.0003 iter=960/1600 loss=2.376e-6
  derivmatch lr=0.0003 iter=1040/1600 loss=2.363e-6
  derivmatch lr=0.0003 iter=1120/1600 loss=2.349e-6
  derivmatch lr=0.0003 iter=1200/1600 loss=2.334e-6
  derivmatch lr=0.0003 iter=1280/1600 loss=2.319e-6
  derivmatch lr=0.0003 iter=1360/1600 loss=2.303e-6
  derivmatch lr=0.0003 iter=1440/1600 loss=2.286e-6
  derivmatch lr=0.0003 iter=1520/1600 loss=2.268e-6
  derivmatch lr=0.0003 iter=1600/1600 loss=2.29e-6
  derivmatch lr=0.0003 iter=1600/1600 loss=2.252e-6
derivative matching [31s]  fitloss=2.25e-6
  [derivative matching]  nrmse=0.01024  l2=0.5018
  collocation: M=300 residuals=2394  detecting sparsity + solving...

Algorithm: LevenbergMarquardt(
    trustregion = LevenbergMarquardtTrustRegion(
        β_uphill = 0.0
    ),
    descent = GeodesicAcceleration(
        descent = DampedNewtonDescent(
            linsolve = KLUFactorization(
                reuse_symbolic = true,
                check_pattern = true
            ),
            initial_damping = 1.0,
            damping_fn = LevenbergMarquardtDampingFunction(
                increase_factor = 2.0,
                decrease_factor = 3.0,
                min_damping = 1.0e-8
            ),
            min_norm_mode = :auto
        ),
        finite_diff_step_geodesic = 0.1,
        α = 0.75
    ),
    autodiff = AutoForwardDiff(),
    vjp_autodiff = AutoFiniteDiff(
        fdtype = Val{:forward}(),
        fdjtype = Val{:forward}(),
        fdhtype = Val{:hcentral}(),
        dir = true
    ),
    jvp_autodiff = AutoForwardDiff(),
    concrete_jac = Val{true}()
)

----    	-------------       	-----------         
Iter    	f(u) 2-norm         	Step 2-norm         
----    	-------------       	-----------         
0       	2.52905672e+01      	NaN                 
1       	1.18387217e+01      	3.57504504e-02      
8       	8.08976995e-03      	3.28247687e-03      
15      	8.84983623e-04      	2.34076292e-03      
22      	8.99233947e-03      	2.08722206e-01      
29      	6.34229465e+00      	1.50629091e+00      
36      	1.51982479e-01      	1.07483171e+00      
43      	4.31761622e-02      	7.13535080e-01      
50      	2.23490449e-02      	5.76197194e-01      
57      	5.65493715e-02      	0.00000000e+00      
64      	5.63237003e-02      	0.00000000e+00      
71      	2.10342481e-01      	0.00000000e+00      
78      	5.04045817e-03      	0.00000000e+00      
85      	1.03420254e-02      	0.00000000e+00      
92      	1.51833398e-02      	0.00000000e+00      
99      	3.64736576e-02      	3.79546835e-01      
106     	1.87863936e-01      	0.00000000e+00      
113     	8.48472803e-05      	6.43532858e-02      
120     	1.37493675e-02      	3.51729083e-01      
127     	6.32122752e-02      	8.66842282e-01      
134     	6.59029629e-03      	0.00000000e+00      
141     	3.40604560e-02      	0.00000000e+00      
148     	2.63079744e-02      	3.18746680e-01      
Final   	1.38651719e-05      
----------------------      
  AMR 1/3: M=300  err=2.8e-12  obs=5.61e-8  nrmse=0.0172  best=0.0102  refined=77
  collocation: M=377 residuals=2856  detecting sparsity + solving...

Algorithm: LevenbergMarquardt(
    trustregion = LevenbergMarquardtTrustRegion(
        β_uphill = 0.0
    ),
    descent = GeodesicAcceleration(
        descent = DampedNewtonDescent(
            linsolve = KLUFactorization(
                reuse_symbolic = true,
                check_pattern = true
            ),
            initial_damping = 1.0,
            damping_fn = LevenbergMarquardtDampingFunction(
                increase_factor = 2.0,
                decrease_factor = 3.0,
                min_damping = 1.0e-8
            ),
            min_norm_mode = :auto
        ),
        finite_diff_step_geodesic = 0.1,
        α = 0.75
    ),
    autodiff = AutoForwardDiff(),
    vjp_autodiff = AutoFiniteDiff(
        fdtype = Val{:forward}(),
        fdjtype = Val{:forward}(),
        fdhtype = Val{:hcentral}(),
        dir = true
    ),
    jvp_autodiff = AutoForwardDiff(),
    concrete_jac = Val{true}()
)

----    	-------------       	-----------         
Iter    	f(u) 2-norm         	Step 2-norm         
----    	-------------       	-----------         
0       	2.14771979e+01      	1.01695519e+01      
1       	9.25293181e+00      	2.90736805e-02      
8       	3.16158495e-02      	6.48752628e-03      
15      	5.76554220e-04      	5.18630884e-03      
22      	3.60638859e-06      	2.73803402e-03      
29      	1.61186639e-05      	1.87168411e-01      
36      	3.67664944e-01      	1.93405140e+00      
43      	8.04082693e-03      	7.70537323e-01      
50      	1.11824236e-03      	0.00000000e+00      
57      	3.06256993e-02      	0.00000000e+00      
64      	6.81946650e-02      	0.00000000e+00      
71      	1.70314225e-01      	0.00000000e+00      
78      	4.57418190e-01      	0.00000000e+00      
85      	2.03260531e-02      	0.00000000e+00      
92      	4.67039312e-03      	6.65208330e-01      
99      	1.05919342e-05      	0.00000000e+00      
106     	2.09049399e-02      	3.63239925e-01      
113     	1.66839570e-03      	0.00000000e+00      
120     	2.20112674e-02      	8.05651208e-01      
127     	5.91701135e-03      	3.66761102e-01      
134     	3.04750984e-01      	1.40979540e+00      
141     	2.42398166e-02      	8.55807004e-01      
148     	1.02356756e+00      	0.00000000e+00      
Final   	3.58023057e-06      
----------------------      
  AMR 2/3: M=377  err=1.86e-13  obs=5.0e-8  nrmse=0.0168  best=0.0102  refined=54
  collocation: M=436 residuals=3210  detecting sparsity + solving...

Algorithm: LevenbergMarquardt(
    trustregion = LevenbergMarquardtTrustRegion(
        β_uphill = 0.0
    ),
    descent = GeodesicAcceleration(
        descent = DampedNewtonDescent(
            linsolve = KLUFactorization(
                reuse_symbolic = true,
                check_pattern = true
            ),
            initial_damping = 1.0,
            damping_fn = LevenbergMarquardtDampingFunction(
                increase_factor = 2.0,
                decrease_factor = 3.0,
                min_damping = 1.0e-8
            ),
            min_norm_mode = :auto
        ),
        finite_diff_step_geodesic = 0.1,
        α = 0.75
    ),
    autodiff = AutoForwardDiff(),
    vjp_autodiff = AutoFiniteDiff(
        fdtype = Val{:forward}(),
        fdjtype = Val{:forward}(),
        fdhtype = Val{:hcentral}(),
        dir = true
    ),
    jvp_autodiff = AutoForwardDiff(),
    concrete_jac = Val{true}()
)

----    	-------------       	-----------         
Iter    	f(u) 2-norm         	Step 2-norm         
----    	-------------       	-----------         
0       	1.98846155e+01      	1.51340718e-315     
1       	8.29809386e+00      	3.14776742e-02      
8       	3.47158173e-02      	7.80916625e-03      
15      	4.92235249e-04      	4.24617400e-03      
22      	3.09230004e-06      	2.80828434e-03      
29      	7.38851709e-06      	1.61887696e-01      
36      	1.59661492e-02      	6.77797813e-01      
43      	1.05472861e-02      	4.41189825e-01      
50      	2.08582289e-02      	5.31226543e-01      
57      	7.26741920e-03      	0.00000000e+00      
64      	1.16153026e-02      	7.50394015e-01      
71      	1.67084282e-03      	0.00000000e+00      
78      	7.94431701e-01      	0.00000000e+00      
85      	1.98921919e-01      	0.00000000e+00      
92      	8.18914701e-03      	0.00000000e+00      
99      	6.42707621e-03      	8.05751000e-01      
106     	3.42537031e-03      	0.00000000e+00      
113     	4.45594073e-01      	0.00000000e+00      
120     	6.73066117e-02      	0.00000000e+00      
127     	8.30212156e-05      	0.00000000e+00      
134     	1.80262969e-02      	0.00000000e+00      
141     	6.47289279e-04      	0.00000000e+00      
148     	1.54077740e-02      	0.00000000e+00      
Final   	3.07130914e-06      
----------------------      
  AMR 3/3: M=436  err=1.03e-13  obs=4.35e-8  nrmse=0.0162  best=0.0102  refined=0
 derivative matching was best (3/3 rounds ran)
collocation [158s]
  [final]  nrmse=0.01024  l2=0.5018
extrapolation window: T=15.0 -> T_test=30.0  n_test=600
  [train]  E_traj=0.0003156  E_VF=5.355e-7  E_spec=0.3529
  [test ]  E_traj=1.354e13  E_VF=2.201e6  E_spec=0.4401
saved /orcd/home/002/txenakis/projects/BVPsolver/src/../data/runs/run_I2eOLk4O/davis-skodje_fit.png
saved /orcd/home/002/txenakis/projects/BVPsolver/src/../data/runs/run_I2eOLk4O/davis-skodje_fit_extrapolated.png
saved /orcd/home/002/txenakis/projects/BVPsolver/src/../data/runs/run_I2eOLk4O/davis-skodje_spectral_fit_extrapolated.png
saved /orcd/home/002/txenakis/projects/BVPsolver/src/../data/runs/run_I2eOLk4O/davis-skodje_vf_fit_extrapolated.png
┌ Warning: Attempting to store StiffNN.var"#22#23"{Float64}.
│ JLD2 only stores functions by name.
│  This may not be useful for anonymous functions.
└ @ JLD2 ~/.julia/packages/JLD2/ADycq/src/data/writing_datatypes.jl:447
saved run → /orcd/home/002/txenakis/projects/BVPsolver/src/../data/runs/run_I2eOLk4O
--------------------------------------
Done: Thu Sep 24 01:13:28 EDT 2026
