Task 432/1800: --problem rober --model mlp --profile fast --seed 132 --pretraining derivmatch --training shooting
Logging to /home/txenakis/projects/BVPsolver/logs/run_main_23544358_432.log
rober  model=mlp width=15 d=3 tlen=50 profile=fast seed=132  solver=Rodas5  N=348
  derivmatch lr=0.01 iter=170/3400 loss=36.09
  derivmatch lr=0.01 iter=340/3400 loss=40.16
  derivmatch lr=0.01 iter=510/3400 loss=43.11
  derivmatch lr=0.01 iter=680/3400 loss=43.94
  derivmatch lr=0.01 iter=850/3400 loss=52.62
  derivmatch lr=0.01 iter=1020/3400 loss=40.62
  derivmatch lr=0.01 iter=1190/3400 loss=40.3
  derivmatch lr=0.01 iter=1360/3400 loss=42.34
  derivmatch lr=0.01 iter=1530/3400 loss=34.04
  derivmatch lr=0.01 iter=1700/3400 loss=41.2
  derivmatch lr=0.01 iter=1870/3400 loss=50.22
  derivmatch lr=0.01 iter=2040/3400 loss=47.07
  derivmatch lr=0.01 iter=2210/3400 loss=66.42
  derivmatch lr=0.01 iter=2380/3400 loss=45.75
  derivmatch lr=0.01 iter=2550/3400 loss=51.81
  derivmatch lr=0.01 iter=2720/3400 loss=44.95
  derivmatch lr=0.01 iter=2890/3400 loss=37.73
  derivmatch lr=0.01 iter=3060/3400 loss=40.79
  derivmatch lr=0.01 iter=3230/3400 loss=38.03
  derivmatch lr=0.01 iter=3400/3400 loss=38.65
  derivmatch lr=0.01 iter=3400/3400 loss=22.17
  derivmatch lr=0.003 iter=125/2500 loss=22.79
  derivmatch lr=0.003 iter=250/2500 loss=27.77
  derivmatch lr=0.003 iter=375/2500 loss=34.32
  derivmatch lr=0.003 iter=500/2500 loss=33.29
  derivmatch lr=0.003 iter=625/2500 loss=29.26
  derivmatch lr=0.003 iter=750/2500 loss=24.74
  derivmatch lr=0.003 iter=875/2500 loss=26.28
  derivmatch lr=0.003 iter=1000/2500 loss=26.42
  derivmatch lr=0.003 iter=1125/2500 loss=45.66
  derivmatch lr=0.003 iter=1250/2500 loss=37.81
  derivmatch lr=0.003 iter=1375/2500 loss=37.49
  derivmatch lr=0.003 iter=1500/2500 loss=31.5
  derivmatch lr=0.003 iter=1625/2500 loss=32.79
  derivmatch lr=0.003 iter=1750/2500 loss=29.74
  derivmatch lr=0.003 iter=1875/2500 loss=28.17
  derivmatch lr=0.003 iter=2000/2500 loss=30.46
  derivmatch lr=0.003 iter=2125/2500 loss=25.5
  derivmatch lr=0.003 iter=2250/2500 loss=27.12
  derivmatch lr=0.003 iter=2375/2500 loss=31.33
  derivmatch lr=0.003 iter=2500/2500 loss=33.3
  derivmatch lr=0.003 iter=2500/2500 loss=15.1
  derivmatch lr=0.001 iter=125/2500 loss=16.56
  derivmatch lr=0.001 iter=250/2500 loss=16.73
  derivmatch lr=0.001 iter=375/2500 loss=21.6
  derivmatch lr=0.001 iter=500/2500 loss=18.62
  derivmatch lr=0.001 iter=625/2500 loss=16.7
  derivmatch lr=0.001 iter=750/2500 loss=24.7
  derivmatch lr=0.001 iter=875/2500 loss=19.39
  derivmatch lr=0.001 iter=1000/2500 loss=19.59
  derivmatch lr=0.001 iter=1125/2500 loss=18.07
  derivmatch lr=0.001 iter=1250/2500 loss=21.65
  derivmatch lr=0.001 iter=1375/2500 loss=24.46
  derivmatch lr=0.001 iter=1500/2500 loss=17.02
  derivmatch lr=0.001 iter=1625/2500 loss=21.08
  derivmatch lr=0.001 iter=1750/2500 loss=12.12
  derivmatch lr=0.001 iter=1875/2500 loss=22.73
  derivmatch lr=0.001 iter=2000/2500 loss=20.72
  derivmatch lr=0.001 iter=2125/2500 loss=25.65
  derivmatch lr=0.001 iter=2250/2500 loss=17.87
  derivmatch lr=0.001 iter=2375/2500 loss=21.92
  derivmatch lr=0.001 iter=2500/2500 loss=26.86
  derivmatch lr=0.001 iter=2500/2500 loss=11.68
  derivmatch lr=0.0003 iter=80/1600 loss=11.78
  derivmatch lr=0.0003 iter=160/1600 loss=11.03
  derivmatch lr=0.0003 iter=240/1600 loss=9.86
  derivmatch lr=0.0003 iter=320/1600 loss=10.08
  derivmatch lr=0.0003 iter=400/1600 loss=10.04
  derivmatch lr=0.0003 iter=480/1600 loss=9.734
  derivmatch lr=0.0003 iter=560/1600 loss=9.666
  derivmatch lr=0.0003 iter=640/1600 loss=9.616
  derivmatch lr=0.0003 iter=720/1600 loss=9.656
  derivmatch lr=0.0003 iter=800/1600 loss=9.3
  derivmatch lr=0.0003 iter=880/1600 loss=8.636
  derivmatch lr=0.0003 iter=960/1600 loss=8.224
  derivmatch lr=0.0003 iter=1040/1600 loss=8.464
  derivmatch lr=0.0003 iter=1120/1600 loss=15.11
  derivmatch lr=0.0003 iter=1200/1600 loss=7.553
  derivmatch lr=0.0003 iter=1280/1600 loss=54.42
  derivmatch lr=0.0003 iter=1360/1600 loss=20.96
  derivmatch lr=0.0003 iter=1440/1600 loss=19.07
  derivmatch lr=0.0003 iter=1520/1600 loss=17.28
  derivmatch lr=0.0003 iter=1600/1600 loss=16.22
  derivmatch lr=0.0003 iter=1600/1600 loss=6.603
derivative matching [24s]  fitloss=6.6
  [derivative matching]  nrmse=118000.0  l2=159.4
  shooting iter=50/1000 loss=174.3
  shooting iter=100/1000 loss=62.06
  shooting iter=150/1000 loss=14.46
  shooting iter=200/1000 loss=12.11
  shooting iter=250/1000 loss=13.33
  shooting iter=300/1000 loss=11.15
  shooting iter=350/1000 loss=11.79
  shooting iter=400/1000 loss=10.15
  shooting iter=450/1000 loss=9.038
  shooting iter=500/1000 loss=9.247
  shooting iter=550/1000 loss=8.993
  shooting iter=600/1000 loss=6.201
  shooting iter=650/1000 loss=6.006
  shooting iter=700/1000 loss=4.572
  shooting iter=750/1000 loss=4.016
  shooting iter=800/1000 loss=4.221
  shooting iter=850/1000 loss=6.273
  shooting iter=900/1000 loss=6.788
  shooting iter=950/1000 loss=6.722
  shooting iter=1000/1000 loss=9.511
  shooting iter=1000/1000 loss=3.359
shooting [759s]  loss=3.36
  [final]  nrmse=19.44  l2=1.926
extrapolation window: T=1000.0 -> T_test=1.0e12  n_test=100
  [train]  E_traj=983.6  E_VF=26.41  E_spec=2.6950000000000004e28
  [test ]  E_traj=1630.0  E_VF=1.375e18  E_spec=7.385e29
saved /orcd/home/002/txenakis/projects/BVPsolver/src/../data/runs/run_BzLkToHm/rober_fit.png
saved /orcd/home/002/txenakis/projects/BVPsolver/src/../data/runs/run_BzLkToHm/rober_fit_extrapolated.png
saved /orcd/home/002/txenakis/projects/BVPsolver/src/../data/runs/run_BzLkToHm/rober_spectral_fit_extrapolated.png
saved /orcd/home/002/txenakis/projects/BVPsolver/src/../data/runs/run_BzLkToHm/rober_vf_fit_extrapolated.png
┌ Warning: Attempting to store StiffNN.var"#12#13"{Float64, Float64, Float64}.
│ JLD2 only stores functions by name.
│  This may not be useful for anonymous functions.
└ @ JLD2 ~/.julia/packages/JLD2/ADycq/src/data/writing_datatypes.jl:447
saved run → /orcd/home/002/txenakis/projects/BVPsolver/src/../data/runs/run_BzLkToHm
--------------------------------------
Done: Wed Sep 23 09:24:12 EDT 2026
