Task 1749/1800: --problem davis-skodje --model GELU-scaled --profile fast --seed 149 --pretraining derivmatch --training shooting
Logging to /home/txenakis/projects/BVPsolver/logs/run_main_23640313_1749.log
davis-skodje  model=GELU-scaled width=7 d=2 tlen=300 profile=fast seed=149  solver=Rodas5P  N=317
  derivmatch lr=0.01 iter=170/3400 loss=1.674
  derivmatch lr=0.01 iter=340/3400 loss=0.1266
  derivmatch lr=0.01 iter=510/3400 loss=1.486
  derivmatch lr=0.01 iter=680/3400 loss=1.065
  derivmatch lr=0.01 iter=850/3400 loss=0.7594
  derivmatch lr=0.01 iter=1020/3400 loss=0.5772
  derivmatch lr=0.01 iter=1190/3400 loss=0.3101
  derivmatch lr=0.01 iter=1360/3400 loss=0.2153
  derivmatch lr=0.01 iter=1530/3400 loss=0.1578
  derivmatch lr=0.01 iter=1700/3400 loss=0.1056
  derivmatch lr=0.01 iter=1870/3400 loss=0.0517
  derivmatch lr=0.01 iter=2040/3400 loss=0.02467
  derivmatch lr=0.01 iter=2210/3400 loss=0.01263
  derivmatch lr=0.01 iter=2380/3400 loss=0.009425
  derivmatch lr=0.01 iter=2550/3400 loss=0.127
  derivmatch lr=0.01 iter=2720/3400 loss=0.0303
  derivmatch lr=0.01 iter=2890/3400 loss=0.0259
  derivmatch lr=0.01 iter=3060/3400 loss=0.007622
  derivmatch lr=0.01 iter=3230/3400 loss=0.01058
  derivmatch lr=0.01 iter=3400/3400 loss=0.005446
  derivmatch lr=0.01 iter=3400/3400 loss=0.002472
  derivmatch lr=0.003 iter=125/2500 loss=0.002031
  derivmatch lr=0.003 iter=250/2500 loss=0.001314
  derivmatch lr=0.003 iter=375/2500 loss=0.002861
  derivmatch lr=0.003 iter=500/2500 loss=0.001483
  derivmatch lr=0.003 iter=625/2500 loss=0.00106
  derivmatch lr=0.003 iter=750/2500 loss=0.001219
  derivmatch lr=0.003 iter=875/2500 loss=0.001363
  derivmatch lr=0.003 iter=1000/2500 loss=0.00157
  derivmatch lr=0.003 iter=1125/2500 loss=0.001405
  derivmatch lr=0.003 iter=1250/2500 loss=0.002336
  derivmatch lr=0.003 iter=1375/2500 loss=0.001376
  derivmatch lr=0.003 iter=1500/2500 loss=0.001047
  derivmatch lr=0.003 iter=1625/2500 loss=0.001664
  derivmatch lr=0.003 iter=1750/2500 loss=0.001076
  derivmatch lr=0.003 iter=1875/2500 loss=0.0007523
  derivmatch lr=0.003 iter=2000/2500 loss=0.001728
  derivmatch lr=0.003 iter=2125/2500 loss=0.0008236
  derivmatch lr=0.003 iter=2250/2500 loss=0.002054
  derivmatch lr=0.003 iter=2375/2500 loss=0.002302
  derivmatch lr=0.003 iter=2500/2500 loss=0.0005063
  derivmatch lr=0.003 iter=2500/2500 loss=0.0003203
  derivmatch lr=0.001 iter=125/2500 loss=0.0002185
  derivmatch lr=0.001 iter=250/2500 loss=0.0001845
  derivmatch lr=0.001 iter=375/2500 loss=0.0001681
  derivmatch lr=0.001 iter=500/2500 loss=0.0001565
  derivmatch lr=0.001 iter=625/2500 loss=0.0001465
  derivmatch lr=0.001 iter=750/2500 loss=0.0001373
  derivmatch lr=0.001 iter=875/2500 loss=0.0001285
  derivmatch lr=0.001 iter=1000/2500 loss=0.0003842
  derivmatch lr=0.001 iter=1125/2500 loss=0.0001141
  derivmatch lr=0.001 iter=1250/2500 loss=0.0001124
  derivmatch lr=0.001 iter=1375/2500 loss=0.0001046
  derivmatch lr=0.001 iter=1500/2500 loss=0.000135
  derivmatch lr=0.001 iter=1625/2500 loss=0.000661
  derivmatch lr=0.001 iter=1750/2500 loss=0.0001741
  derivmatch lr=0.001 iter=1875/2500 loss=0.0001135
  derivmatch lr=0.001 iter=2000/2500 loss=0.0001178
  derivmatch lr=0.001 iter=2125/2500 loss=8.554e-5
  derivmatch lr=0.001 iter=2250/2500 loss=0.0001135
  derivmatch lr=0.001 iter=2375/2500 loss=0.001487
  derivmatch lr=0.001 iter=2500/2500 loss=0.0001231
  derivmatch lr=0.001 iter=2500/2500 loss=7.224e-5
  derivmatch lr=0.0003 iter=80/1600 loss=7.549e-5
  derivmatch lr=0.0003 iter=160/1600 loss=7.209e-5
  derivmatch lr=0.0003 iter=240/1600 loss=7.143e-5
  derivmatch lr=0.0003 iter=320/1600 loss=7.078e-5
  derivmatch lr=0.0003 iter=400/1600 loss=7.011e-5
  derivmatch lr=0.0003 iter=480/1600 loss=6.94e-5
  derivmatch lr=0.0003 iter=560/1600 loss=6.866e-5
  derivmatch lr=0.0003 iter=640/1600 loss=6.787e-5
  derivmatch lr=0.0003 iter=720/1600 loss=6.705e-5
  derivmatch lr=0.0003 iter=800/1600 loss=6.62e-5
  derivmatch lr=0.0003 iter=880/1600 loss=6.533e-5
  derivmatch lr=0.0003 iter=960/1600 loss=6.445e-5
  derivmatch lr=0.0003 iter=1040/1600 loss=6.355e-5
  derivmatch lr=0.0003 iter=1120/1600 loss=6.262e-5
  derivmatch lr=0.0003 iter=1200/1600 loss=6.167e-5
  derivmatch lr=0.0003 iter=1280/1600 loss=6.07e-5
  derivmatch lr=0.0003 iter=1360/1600 loss=5.969e-5
  derivmatch lr=0.0003 iter=1440/1600 loss=5.866e-5
  derivmatch lr=0.0003 iter=1520/1600 loss=5.761e-5
  derivmatch lr=0.0003 iter=1600/1600 loss=5.653e-5
  derivmatch lr=0.0003 iter=1600/1600 loss=5.653e-5
derivative matching [30s]  fitloss=5.65e-5
  [derivative matching]  nrmse=0.0003137  l2=0.009468
  shooting iter=50/1000 loss=0.009026
  shooting iter=100/1000 loss=0.001804
  shooting iter=150/1000 loss=0.001181
  shooting iter=200/1000 loss=0.0008068
  shooting iter=250/1000 loss=0.000675
  shooting iter=300/1000 loss=0.0004313
  shooting iter=350/1000 loss=0.0006153
  shooting iter=400/1000 loss=0.000499
  shooting iter=450/1000 loss=0.0007835
  shooting iter=500/1000 loss=0.0008137
  shooting iter=550/1000 loss=0.0009126
  shooting iter=600/1000 loss=0.0004944
  shooting iter=650/1000 loss=0.0005172
  shooting iter=700/1000 loss=0.0006807
  shooting iter=750/1000 loss=0.0007567
  shooting iter=800/1000 loss=0.0007833
  shooting iter=850/1000 loss=0.0009135
  shooting iter=900/1000 loss=0.0002459
  shooting iter=950/1000 loss=0.00134
  shooting iter=1000/1000 loss=0.0004617
  shooting iter=1000/1000 loss=0.0001861
shooting [673s]  loss=0.000186
  [final]  nrmse=0.0003137  l2=0.009468
extrapolation window: T=15.0 -> T_test=30.0  n_test=600
  [train]  E_traj=1.732e-7  E_VF=5.68e-6  E_spec=0.3485
  [test ]  E_traj=6.678e8  E_VF=1.107e6  E_spec=0.9784
saved /orcd/home/002/txenakis/projects/BVPsolver/src/../data/runs/run_yOdtOuID/davis-skodje_fit.png
saved /orcd/home/002/txenakis/projects/BVPsolver/src/../data/runs/run_yOdtOuID/davis-skodje_fit_extrapolated.png
saved /orcd/home/002/txenakis/projects/BVPsolver/src/../data/runs/run_yOdtOuID/davis-skodje_spectral_fit_extrapolated.png
saved /orcd/home/002/txenakis/projects/BVPsolver/src/../data/runs/run_yOdtOuID/davis-skodje_vf_fit_extrapolated.png
┌ Warning: Attempting to store StiffNN.var"#22#23"{Float64}.
│ JLD2 only stores functions by name.
│  This may not be useful for anonymous functions.
└ @ JLD2 ~/.julia/packages/JLD2/ADycq/src/data/writing_datatypes.jl:447
saved run → /orcd/home/002/txenakis/projects/BVPsolver/src/../data/runs/run_yOdtOuID
--------------------------------------
Done: Thu Sep 24 07:04:14 EDT 2026
