Task 255/600: --problem davis-skodje --param 1e-3 --model GELU-scaled --profile fast --seed 305 --pretraining derivmatch --training shooting
Logging to /home/txenakis/projects/BVPsolver/logs/run_main_23642156_255.log
davis-skodje  model=GELU-scaled width=7 d=2 tlen=300 profile=fast seed=305  solver=Rodas5P  N=317
  derivmatch lr=0.01 iter=170/3400 loss=2.91
  derivmatch lr=0.01 iter=340/3400 loss=2.146
  derivmatch lr=0.01 iter=510/3400 loss=1.837
  derivmatch lr=0.01 iter=680/3400 loss=1.65
  derivmatch lr=0.01 iter=850/3400 loss=0.5844
  derivmatch lr=0.01 iter=1020/3400 loss=0.2343
  derivmatch lr=0.01 iter=1190/3400 loss=0.07194
  derivmatch lr=0.01 iter=1360/3400 loss=0.03579
  derivmatch lr=0.01 iter=1530/3400 loss=0.06067
  derivmatch lr=0.01 iter=1700/3400 loss=0.0212
  derivmatch lr=0.01 iter=1870/3400 loss=0.0189
  derivmatch lr=0.01 iter=2040/3400 loss=0.02495
  derivmatch lr=0.01 iter=2210/3400 loss=0.04063
  derivmatch lr=0.01 iter=2380/3400 loss=0.01121
  derivmatch lr=0.01 iter=2550/3400 loss=0.01826
  derivmatch lr=0.01 iter=2720/3400 loss=0.007106
  derivmatch lr=0.01 iter=2890/3400 loss=0.009569
  derivmatch lr=0.01 iter=3060/3400 loss=0.01652
  derivmatch lr=0.01 iter=3230/3400 loss=0.1053
  derivmatch lr=0.01 iter=3400/3400 loss=0.003174
  derivmatch lr=0.01 iter=3400/3400 loss=0.003145
  derivmatch lr=0.003 iter=125/2500 loss=0.00346
  derivmatch lr=0.003 iter=250/2500 loss=0.002673
  derivmatch lr=0.003 iter=375/2500 loss=0.002447
  derivmatch lr=0.003 iter=500/2500 loss=0.002285
  derivmatch lr=0.003 iter=625/2500 loss=0.002142
  derivmatch lr=0.003 iter=750/2500 loss=0.002009
  derivmatch lr=0.003 iter=875/2500 loss=0.002516
  derivmatch lr=0.003 iter=1000/2500 loss=0.001905
  derivmatch lr=0.003 iter=1125/2500 loss=0.002217
  derivmatch lr=0.003 iter=1250/2500 loss=0.001642
  derivmatch lr=0.003 iter=1375/2500 loss=0.001936
  derivmatch lr=0.003 iter=1500/2500 loss=0.002593
  derivmatch lr=0.003 iter=1625/2500 loss=0.001666
  derivmatch lr=0.003 iter=1750/2500 loss=0.002456
  derivmatch lr=0.003 iter=1875/2500 loss=0.002018
  derivmatch lr=0.003 iter=2000/2500 loss=0.001904
  derivmatch lr=0.003 iter=2125/2500 loss=0.001383
  derivmatch lr=0.003 iter=2250/2500 loss=0.002072
  derivmatch lr=0.003 iter=2375/2500 loss=0.001864
  derivmatch lr=0.003 iter=2500/2500 loss=0.001876
  derivmatch lr=0.003 iter=2500/2500 loss=0.001274
  derivmatch lr=0.001 iter=125/2500 loss=0.001215
  derivmatch lr=0.001 iter=250/2500 loss=0.001198
  derivmatch lr=0.001 iter=375/2500 loss=0.001177
  derivmatch lr=0.001 iter=500/2500 loss=0.001154
  derivmatch lr=0.001 iter=625/2500 loss=0.001127
  derivmatch lr=0.001 iter=750/2500 loss=0.001098
  derivmatch lr=0.001 iter=875/2500 loss=0.001066
  derivmatch lr=0.001 iter=1000/2500 loss=0.001031
  derivmatch lr=0.001 iter=1125/2500 loss=0.0009943
  derivmatch lr=0.001 iter=1250/2500 loss=0.001027
  derivmatch lr=0.001 iter=1375/2500 loss=0.0009218
  derivmatch lr=0.001 iter=1500/2500 loss=0.001094
  derivmatch lr=0.001 iter=1625/2500 loss=0.0008707
  derivmatch lr=0.001 iter=1750/2500 loss=0.0008623
  derivmatch lr=0.001 iter=1875/2500 loss=0.0008943
  derivmatch lr=0.001 iter=2000/2500 loss=0.0007455
  derivmatch lr=0.001 iter=2125/2500 loss=0.0007068
  derivmatch lr=0.001 iter=2250/2500 loss=0.0007821
  derivmatch lr=0.001 iter=2375/2500 loss=0.0007786
  derivmatch lr=0.001 iter=2500/2500 loss=0.0007758
  derivmatch lr=0.001 iter=2500/2500 loss=0.000621
  derivmatch lr=0.0003 iter=80/1600 loss=0.0006154
  derivmatch lr=0.0003 iter=160/1600 loss=0.0006099
  derivmatch lr=0.0003 iter=240/1600 loss=0.0006048
  derivmatch lr=0.0003 iter=320/1600 loss=0.0005988
  derivmatch lr=0.0003 iter=400/1600 loss=0.0005919
  derivmatch lr=0.0003 iter=480/1600 loss=0.0005845
  derivmatch lr=0.0003 iter=560/1600 loss=0.0005764
  derivmatch lr=0.0003 iter=640/1600 loss=0.0005678
  derivmatch lr=0.0003 iter=720/1600 loss=0.0005587
  derivmatch lr=0.0003 iter=800/1600 loss=0.0005493
  derivmatch lr=0.0003 iter=880/1600 loss=0.0005396
  derivmatch lr=0.0003 iter=960/1600 loss=0.0005295
  derivmatch lr=0.0003 iter=1040/1600 loss=0.0005193
  derivmatch lr=0.0003 iter=1120/1600 loss=0.0005088
  derivmatch lr=0.0003 iter=1200/1600 loss=0.0004983
  derivmatch lr=0.0003 iter=1280/1600 loss=0.0004876
  derivmatch lr=0.0003 iter=1360/1600 loss=0.0004769
  derivmatch lr=0.0003 iter=1440/1600 loss=0.0004662
  derivmatch lr=0.0003 iter=1520/1600 loss=0.0004554
  derivmatch lr=0.0003 iter=1600/1600 loss=0.0004447
  derivmatch lr=0.0003 iter=1600/1600 loss=0.0004447
derivative matching [28s]  fitloss=0.000445
  [derivative matching]  nrmse=0.05965  l2=1.487
  shooting iter=50/1000 loss=0.07444
  shooting iter=100/1000 loss=0.07516
  shooting iter=150/1000 loss=0.07517
  shooting iter=200/1000 loss=0.07517
  shooting iter=250/1000 loss=0.07517
  shooting iter=300/1000 loss=0.07517
  shooting iter=350/1000 loss=0.07517
  shooting iter=400/1000 loss=0.07517
  shooting iter=450/1000 loss=0.07517
  shooting iter=500/1000 loss=0.07517
  shooting iter=550/1000 loss=0.07517
  shooting iter=600/1000 loss=0.07517
  shooting iter=650/1000 loss=0.07517
  shooting iter=700/1000 loss=0.07517
  shooting iter=750/1000 loss=0.07517
  shooting iter=800/1000 loss=0.07517
  shooting iter=850/1000 loss=0.07517
  shooting iter=900/1000 loss=0.07517
  shooting iter=950/1000 loss=0.07517
  shooting iter=1000/1000 loss=0.07517
  shooting iter=1000/1000 loss=0.01475
shooting [573s]  loss=0.0148
  [final]  nrmse=0.05965  l2=1.487
extrapolation window: T=15.0 -> T_test=30.0  n_test=600
  [train]  E_traj=0.005535  E_VF=0.0004615  E_spec=0.6955
  [test ]  E_traj=1.169e14  E_VF=7.98e10  E_spec=0.9904
saved /orcd/home/002/txenakis/projects/BVPsolver/src/../data/runs/run_1SRto4mf/davis-skodje_fit.png
saved /orcd/home/002/txenakis/projects/BVPsolver/src/../data/runs/run_1SRto4mf/davis-skodje_fit_extrapolated.png
saved /orcd/home/002/txenakis/projects/BVPsolver/src/../data/runs/run_1SRto4mf/davis-skodje_spectral_fit_extrapolated.png
saved /orcd/home/002/txenakis/projects/BVPsolver/src/../data/runs/run_1SRto4mf/davis-skodje_vf_fit_extrapolated.png
┌ Warning: Attempting to store StiffNN.var"#22#23"{Float64}.
│ JLD2 only stores functions by name.
│  This may not be useful for anonymous functions.
└ @ JLD2 ~/.julia/packages/JLD2/ADycq/src/data/writing_datatypes.jl:447
saved run → /orcd/home/002/txenakis/projects/BVPsolver/src/../data/runs/run_1SRto4mf
--------------------------------------
Done: Thu Sep 24 08:28:23 EDT 2026
