Task 80/750: --problem rober --model stiff --profile fast --seed 230 --pretraining derivmatch --training shooting
Logging to /home/txenakis/projects/BVPsolver/logs/run_main_23648109_80.log
rober  model=stiff width=12 d=3 tlen=50 profile=fast seed=230  solver=Rodas5  N=318
  derivmatch lr=0.01 iter=170/3400 loss=0.3493
  derivmatch lr=0.01 iter=340/3400 loss=0.09955
  derivmatch lr=0.01 iter=510/3400 loss=0.06859
  derivmatch lr=0.01 iter=680/3400 loss=0.02753
  derivmatch lr=0.01 iter=850/3400 loss=0.01948
  derivmatch lr=0.01 iter=1020/3400 loss=0.01514
  derivmatch lr=0.01 iter=1190/3400 loss=0.01823
  derivmatch lr=0.01 iter=1360/3400 loss=0.009297
  derivmatch lr=0.01 iter=1530/3400 loss=0.007237
  derivmatch lr=0.01 iter=1700/3400 loss=0.005625
  derivmatch lr=0.01 iter=1870/3400 loss=0.004454
  derivmatch lr=0.01 iter=2040/3400 loss=0.004099
  derivmatch lr=0.01 iter=2210/3400 loss=0.003057
  derivmatch lr=0.01 iter=2380/3400 loss=0.002511
  derivmatch lr=0.01 iter=2550/3400 loss=0.002966
  derivmatch lr=0.01 iter=2720/3400 loss=0.002086
  derivmatch lr=0.01 iter=2890/3400 loss=0.0015
  derivmatch lr=0.01 iter=3060/3400 loss=0.00131
  derivmatch lr=0.01 iter=3230/3400 loss=0.001119
  derivmatch lr=0.01 iter=3400/3400 loss=0.0009738
  derivmatch lr=0.01 iter=3400/3400 loss=0.000971
  derivmatch lr=0.003 iter=125/2500 loss=0.0009246
  derivmatch lr=0.003 iter=250/2500 loss=0.0008268
  derivmatch lr=0.003 iter=375/2500 loss=0.0007396
  derivmatch lr=0.003 iter=500/2500 loss=0.0006541
  derivmatch lr=0.003 iter=625/2500 loss=0.0005746
  derivmatch lr=0.003 iter=750/2500 loss=0.0005035
  derivmatch lr=0.003 iter=875/2500 loss=0.0004416
  derivmatch lr=0.003 iter=1000/2500 loss=0.0003898
  derivmatch lr=0.003 iter=1125/2500 loss=0.000347
  derivmatch lr=0.003 iter=1250/2500 loss=0.0003107
  derivmatch lr=0.003 iter=1375/2500 loss=0.0002804
  derivmatch lr=0.003 iter=1500/2500 loss=0.0002541
  derivmatch lr=0.003 iter=1625/2500 loss=0.0002308
  derivmatch lr=0.003 iter=1750/2500 loss=0.0002952
  derivmatch lr=0.003 iter=1875/2500 loss=0.0001922
  derivmatch lr=0.003 iter=2000/2500 loss=0.0001784
  derivmatch lr=0.003 iter=2125/2500 loss=0.0001632
  derivmatch lr=0.003 iter=2250/2500 loss=0.0001666
  derivmatch lr=0.003 iter=2375/2500 loss=0.0001415
  derivmatch lr=0.003 iter=2500/2500 loss=0.0002075
  derivmatch lr=0.003 iter=2500/2500 loss=0.0001348
  derivmatch lr=0.001 iter=125/2500 loss=0.0001335
  derivmatch lr=0.001 iter=250/2500 loss=0.0001317
  derivmatch lr=0.001 iter=375/2500 loss=0.0001295
  derivmatch lr=0.001 iter=500/2500 loss=0.0001269
  derivmatch lr=0.001 iter=625/2500 loss=0.000124
  derivmatch lr=0.001 iter=750/2500 loss=0.0001209
  derivmatch lr=0.001 iter=875/2500 loss=0.0001176
  derivmatch lr=0.001 iter=1000/2500 loss=0.0001142
  derivmatch lr=0.001 iter=1125/2500 loss=0.0001107
  derivmatch lr=0.001 iter=1250/2500 loss=0.0001072
  derivmatch lr=0.001 iter=1375/2500 loss=0.0001036
  derivmatch lr=0.001 iter=1500/2500 loss=0.0001
  derivmatch lr=0.001 iter=1625/2500 loss=9.646e-5
  derivmatch lr=0.001 iter=1750/2500 loss=9.295e-5
  derivmatch lr=0.001 iter=1875/2500 loss=0.000255
  derivmatch lr=0.001 iter=2000/2500 loss=8.675e-5
  derivmatch lr=0.001 iter=2125/2500 loss=8.402e-5
  derivmatch lr=0.001 iter=2250/2500 loss=8.132e-5
  derivmatch lr=0.001 iter=2375/2500 loss=7.863e-5
  derivmatch lr=0.001 iter=2500/2500 loss=7.631e-5
  derivmatch lr=0.001 iter=2500/2500 loss=7.631e-5
  derivmatch lr=0.0003 iter=80/1600 loss=7.616e-5
  derivmatch lr=0.0003 iter=160/1600 loss=7.585e-5
  derivmatch lr=0.0003 iter=240/1600 loss=7.55e-5
  derivmatch lr=0.0003 iter=320/1600 loss=7.51e-5
  derivmatch lr=0.0003 iter=400/1600 loss=7.463e-5
  derivmatch lr=0.0003 iter=480/1600 loss=7.412e-5
  derivmatch lr=0.0003 iter=560/1600 loss=7.355e-5
  derivmatch lr=0.0003 iter=640/1600 loss=7.295e-5
  derivmatch lr=0.0003 iter=720/1600 loss=7.23e-5
  derivmatch lr=0.0003 iter=800/1600 loss=7.162e-5
  derivmatch lr=0.0003 iter=880/1600 loss=7.09e-5
  derivmatch lr=0.0003 iter=960/1600 loss=7.016e-5
  derivmatch lr=0.0003 iter=1040/1600 loss=6.938e-5
  derivmatch lr=0.0003 iter=1120/1600 loss=6.858e-5
  derivmatch lr=0.0003 iter=1200/1600 loss=6.775e-5
  derivmatch lr=0.0003 iter=1280/1600 loss=6.69e-5
  derivmatch lr=0.0003 iter=1360/1600 loss=6.602e-5
  derivmatch lr=0.0003 iter=1440/1600 loss=6.548e-5
  derivmatch lr=0.0003 iter=1520/1600 loss=6.428e-5
  derivmatch lr=0.0003 iter=1600/1600 loss=6.341e-5
  derivmatch lr=0.0003 iter=1600/1600 loss=6.341e-5
derivative matching [31s]  fitloss=6.34e-5
  [derivative matching]  nrmse=0.004259  l2=0.02678
  shooting iter=50/1000 loss=0.001079
  shooting iter=100/1000 loss=0.002302
  shooting iter=150/1000 loss=0.003318
  shooting iter=200/1000 loss=0.001143
  shooting iter=250/1000 loss=0.001833
  shooting iter=300/1000 loss=0.001078
  shooting iter=350/1000 loss=0.0009875
  shooting iter=400/1000 loss=0.0006843
  shooting iter=450/1000 loss=0.0003834
  shooting iter=500/1000 loss=0.001372
  shooting iter=550/1000 loss=0.0007086
  shooting iter=600/1000 loss=0.001582
  shooting iter=650/1000 loss=0.001526
  shooting iter=700/1000 loss=0.0008826
  shooting iter=750/1000 loss=0.001438
  shooting iter=800/1000 loss=0.001128
  shooting iter=850/1000 loss=0.002829
  shooting iter=900/1000 loss=0.001014
  shooting iter=950/1000 loss=0.0009283
  shooting iter=1000/1000 loss=0.00103
  shooting iter=1000/1000 loss=0.0003723
shooting [655s]  loss=0.000371
  [final]  nrmse=0.0006411  l2=0.003527
extrapolation window: T=1000.0 -> T_test=1.0e12  n_test=100
  [train]  E_traj=1.939e-6  E_VF=0.004433  E_spec=9.274999999999999e26
  [test ]  E_traj=1.091  E_VF=3.56e9  E_spec=1.7e23
saved /orcd/home/002/txenakis/projects/BVPsolver/src/../data/runs/run_JW4RAdeg/rober_fit.png
saved /orcd/home/002/txenakis/projects/BVPsolver/src/../data/runs/run_JW4RAdeg/rober_fit_extrapolated.png
saved /orcd/home/002/txenakis/projects/BVPsolver/src/../data/runs/run_JW4RAdeg/rober_spectral_fit_extrapolated.png
saved /orcd/home/002/txenakis/projects/BVPsolver/src/../data/runs/run_JW4RAdeg/rober_vf_fit_extrapolated.png
┌ Warning: Attempting to store StiffNN.var"#12#13"{Float64, Float64, Float64}.
│ JLD2 only stores functions by name.
│  This may not be useful for anonymous functions.
└ @ JLD2 ~/.julia/packages/JLD2/ADycq/src/data/writing_datatypes.jl:447
saved run → /orcd/home/002/txenakis/projects/BVPsolver/src/../data/runs/run_JW4RAdeg
--------------------------------------
Done: Thu Sep 24 10:19:46 EDT 2026
