Task 1616/1800: --problem davis-skodje --model mlp --profile fast --seed 116 --pretraining derivmatch --training shooting
Logging to /home/txenakis/projects/BVPsolver/logs/run_main_23640313_1616.log
davis-skodje  model=mlp width=14 d=2 tlen=300 profile=fast seed=116  solver=Rodas5P  N=282
  derivmatch lr=0.01 iter=170/3400 loss=4.666
  derivmatch lr=0.01 iter=340/3400 loss=3.161
  derivmatch lr=0.01 iter=510/3400 loss=2.515
  derivmatch lr=0.01 iter=680/3400 loss=2.262
  derivmatch lr=0.01 iter=850/3400 loss=1.019
  derivmatch lr=0.01 iter=1020/3400 loss=1.767
  derivmatch lr=0.01 iter=1190/3400 loss=1.355
  derivmatch lr=0.01 iter=1360/3400 loss=1.224
  derivmatch lr=0.01 iter=1530/3400 loss=0.9646
  derivmatch lr=0.01 iter=1700/3400 loss=1.661
  derivmatch lr=0.01 iter=1870/3400 loss=1.064
  derivmatch lr=0.01 iter=2040/3400 loss=1.718
  derivmatch lr=0.01 iter=2210/3400 loss=0.986
  derivmatch lr=0.01 iter=2380/3400 loss=1.484
  derivmatch lr=0.01 iter=2550/3400 loss=1.579
  derivmatch lr=0.01 iter=2720/3400 loss=0.8451
  derivmatch lr=0.01 iter=2890/3400 loss=1.104
  derivmatch lr=0.01 iter=3060/3400 loss=0.8856
  derivmatch lr=0.01 iter=3230/3400 loss=1.005
  derivmatch lr=0.01 iter=3400/3400 loss=0.7979
  derivmatch lr=0.01 iter=3400/3400 loss=0.4803
  derivmatch lr=0.003 iter=125/2500 loss=0.4206
  derivmatch lr=0.003 iter=250/2500 loss=0.4115
  derivmatch lr=0.003 iter=375/2500 loss=0.3993
  derivmatch lr=0.003 iter=500/2500 loss=0.3761
  derivmatch lr=0.003 iter=625/2500 loss=0.4863
  derivmatch lr=0.003 iter=750/2500 loss=0.366
  derivmatch lr=0.003 iter=875/2500 loss=0.3926
  derivmatch lr=0.003 iter=1000/2500 loss=0.3321
  derivmatch lr=0.003 iter=1125/2500 loss=0.3364
  derivmatch lr=0.003 iter=1250/2500 loss=0.3667
  derivmatch lr=0.003 iter=1375/2500 loss=0.307
  derivmatch lr=0.003 iter=1500/2500 loss=0.3116
  derivmatch lr=0.003 iter=1625/2500 loss=0.3436
  derivmatch lr=0.003 iter=1750/2500 loss=0.2849
  derivmatch lr=0.003 iter=1875/2500 loss=0.2902
  derivmatch lr=0.003 iter=2000/2500 loss=0.3233
  derivmatch lr=0.003 iter=2125/2500 loss=0.266
  derivmatch lr=0.003 iter=2250/2500 loss=0.272
  derivmatch lr=0.003 iter=2375/2500 loss=0.3059
  derivmatch lr=0.003 iter=2500/2500 loss=0.25
  derivmatch lr=0.003 iter=2500/2500 loss=0.25
  derivmatch lr=0.001 iter=125/2500 loss=0.2422
  derivmatch lr=0.001 iter=250/2500 loss=0.2401
  derivmatch lr=0.001 iter=375/2500 loss=0.2409
  derivmatch lr=0.001 iter=500/2500 loss=0.2382
  derivmatch lr=0.001 iter=625/2500 loss=0.2355
  derivmatch lr=0.001 iter=750/2500 loss=0.2331
  derivmatch lr=0.001 iter=875/2500 loss=0.23
  derivmatch lr=0.001 iter=1000/2500 loss=0.2272
  derivmatch lr=0.001 iter=1125/2500 loss=0.2237
  derivmatch lr=0.001 iter=1250/2500 loss=0.2207
  derivmatch lr=0.001 iter=1375/2500 loss=0.217
  derivmatch lr=0.001 iter=1500/2500 loss=0.2137
  derivmatch lr=0.001 iter=1625/2500 loss=0.2099
  derivmatch lr=0.001 iter=1750/2500 loss=0.2066
  derivmatch lr=0.001 iter=1875/2500 loss=0.2027
  derivmatch lr=0.001 iter=2000/2500 loss=0.1994
  derivmatch lr=0.001 iter=2125/2500 loss=0.1956
  derivmatch lr=0.001 iter=2250/2500 loss=0.1923
  derivmatch lr=0.001 iter=2375/2500 loss=0.1886
  derivmatch lr=0.001 iter=2500/2500 loss=0.1856
  derivmatch lr=0.001 iter=2500/2500 loss=0.1853
  derivmatch lr=0.0003 iter=80/1600 loss=0.1829
  derivmatch lr=0.0003 iter=160/1600 loss=0.1825
  derivmatch lr=0.0003 iter=240/1600 loss=0.1819
  derivmatch lr=0.0003 iter=320/1600 loss=0.1812
  derivmatch lr=0.0003 iter=400/1600 loss=0.1804
  derivmatch lr=0.0003 iter=480/1600 loss=0.1796
  derivmatch lr=0.0003 iter=560/1600 loss=0.1787
  derivmatch lr=0.0003 iter=640/1600 loss=0.1777
  derivmatch lr=0.0003 iter=720/1600 loss=0.1766
  derivmatch lr=0.0003 iter=800/1600 loss=0.1756
  derivmatch lr=0.0003 iter=880/1600 loss=0.1744
  derivmatch lr=0.0003 iter=960/1600 loss=0.1735
  derivmatch lr=0.0003 iter=1040/1600 loss=0.1721
  derivmatch lr=0.0003 iter=1120/1600 loss=0.1708
  derivmatch lr=0.0003 iter=1200/1600 loss=0.17
  derivmatch lr=0.0003 iter=1280/1600 loss=0.1686
  derivmatch lr=0.0003 iter=1360/1600 loss=0.1672
  derivmatch lr=0.0003 iter=1440/1600 loss=0.1658
  derivmatch lr=0.0003 iter=1520/1600 loss=0.1649
  derivmatch lr=0.0003 iter=1600/1600 loss=0.1633
  derivmatch lr=0.0003 iter=1600/1600 loss=0.1633
derivative matching [25s]  fitloss=0.163
  [derivative matching]  nrmse=0.05777  l2=2.829
  shooting iter=50/1000 loss=0.02066
  shooting iter=100/1000 loss=0.01872
  shooting iter=150/1000 loss=0.01874
  shooting iter=200/1000 loss=0.01593
  shooting iter=250/1000 loss=0.01566
  shooting iter=300/1000 loss=0.01362
  shooting iter=350/1000 loss=0.01251
  shooting iter=400/1000 loss=0.01159
  shooting iter=450/1000 loss=0.0114
  shooting iter=500/1000 loss=0.01047
  shooting iter=550/1000 loss=0.009921
  shooting iter=600/1000 loss=0.00895
  shooting iter=650/1000 loss=0.008238
  shooting iter=700/1000 loss=0.007649
  shooting iter=750/1000 loss=0.007269
  shooting iter=800/1000 loss=0.007234
  shooting iter=850/1000 loss=0.006496
  shooting iter=900/1000 loss=0.006456
  shooting iter=950/1000 loss=0.005603
  shooting iter=1000/1000 loss=0.005372
  shooting iter=1000/1000 loss=0.00527
shooting [577s]  loss=0.00527
  [final]  nrmse=0.01373  l2=0.6725
extrapolation window: T=15.0 -> T_test=30.0  n_test=600
  [train]  E_traj=0.000567  E_VF=0.04463  E_spec=0.9876
  [test ]  E_traj=2.925e8  E_VF=1.344e12  E_spec=3.219
saved /orcd/home/002/txenakis/projects/BVPsolver/src/../data/runs/run_wBt0Ishr/davis-skodje_fit.png
saved /orcd/home/002/txenakis/projects/BVPsolver/src/../data/runs/run_wBt0Ishr/davis-skodje_fit_extrapolated.png
saved /orcd/home/002/txenakis/projects/BVPsolver/src/../data/runs/run_wBt0Ishr/davis-skodje_spectral_fit_extrapolated.png
saved /orcd/home/002/txenakis/projects/BVPsolver/src/../data/runs/run_wBt0Ishr/davis-skodje_vf_fit_extrapolated.png
┌ Warning: Attempting to store StiffNN.var"#22#23"{Float64}.
│ JLD2 only stores functions by name.
│  This may not be useful for anonymous functions.
└ @ JLD2 ~/.julia/packages/JLD2/ADycq/src/data/writing_datatypes.jl:447
saved run → /orcd/home/002/txenakis/projects/BVPsolver/src/../data/runs/run_wBt0Ishr
--------------------------------------
Done: Thu Sep 24 06:36:47 EDT 2026
