Task 582/750: --problem rober --model GELU-scaled --profile fast --seed 232 --pretraining derivmatch --training shooting
Logging to /home/txenakis/projects/BVPsolver/logs/run_main_23659529_582.log
rober  model=GELU-scaled width=7 d=3 tlen=50 profile=fast seed=232  solver=Rodas5  N=332
  derivmatch lr=0.01 iter=170/3400 loss=8.756
  derivmatch lr=0.01 iter=340/3400 loss=7.372
  derivmatch lr=0.01 iter=510/3400 loss=9.706
  derivmatch lr=0.01 iter=680/3400 loss=9.31
  derivmatch lr=0.01 iter=850/3400 loss=9.004
  derivmatch lr=0.01 iter=1020/3400 loss=7.259
  derivmatch lr=0.01 iter=1190/3400 loss=6.613
  derivmatch lr=0.01 iter=1360/3400 loss=6.002
  derivmatch lr=0.01 iter=1530/3400 loss=5.786
  derivmatch lr=0.01 iter=1700/3400 loss=5.532
  derivmatch lr=0.01 iter=1870/3400 loss=8.766
  derivmatch lr=0.01 iter=2040/3400 loss=7.413
  derivmatch lr=0.01 iter=2210/3400 loss=5.956
  derivmatch lr=0.01 iter=2380/3400 loss=7.996
  derivmatch lr=0.01 iter=2550/3400 loss=8.372
  derivmatch lr=0.01 iter=2720/3400 loss=8.649
  derivmatch lr=0.01 iter=2890/3400 loss=8.426
  derivmatch lr=0.01 iter=3060/3400 loss=8.194
  derivmatch lr=0.01 iter=3230/3400 loss=8.031
  derivmatch lr=0.01 iter=3400/3400 loss=7.858
  derivmatch lr=0.01 iter=3400/3400 loss=5.517
  derivmatch lr=0.003 iter=125/2500 loss=5.585
  derivmatch lr=0.003 iter=250/2500 loss=5.473
  derivmatch lr=0.003 iter=375/2500 loss=5.4
  derivmatch lr=0.003 iter=500/2500 loss=5.331
  derivmatch lr=0.003 iter=625/2500 loss=5.223
  derivmatch lr=0.003 iter=750/2500 loss=5.128
  derivmatch lr=0.003 iter=875/2500 loss=7.609
  derivmatch lr=0.003 iter=1000/2500 loss=7.952
  derivmatch lr=0.003 iter=1125/2500 loss=7.47
  derivmatch lr=0.003 iter=1250/2500 loss=7.115
  derivmatch lr=0.003 iter=1375/2500 loss=6.795
  derivmatch lr=0.003 iter=1500/2500 loss=6.413
  derivmatch lr=0.003 iter=1625/2500 loss=5.627
  derivmatch lr=0.003 iter=1750/2500 loss=8.028
  derivmatch lr=0.003 iter=1875/2500 loss=4.855
  derivmatch lr=0.003 iter=2000/2500 loss=8.973
  derivmatch lr=0.003 iter=2125/2500 loss=8.75
  derivmatch lr=0.003 iter=2250/2500 loss=8.572
  derivmatch lr=0.003 iter=2375/2500 loss=8.369
  derivmatch lr=0.003 iter=2500/2500 loss=8.246
  derivmatch lr=0.003 iter=2500/2500 loss=4.799
  derivmatch lr=0.001 iter=125/2500 loss=4.575
  derivmatch lr=0.001 iter=250/2500 loss=7.341
  derivmatch lr=0.001 iter=375/2500 loss=6.583
  derivmatch lr=0.001 iter=500/2500 loss=6.838
  derivmatch lr=0.001 iter=625/2500 loss=5.274
  derivmatch lr=0.001 iter=750/2500 loss=6.433
  derivmatch lr=0.001 iter=875/2500 loss=7.221
  derivmatch lr=0.001 iter=1000/2500 loss=6.687
  derivmatch lr=0.001 iter=1125/2500 loss=5.326
  derivmatch lr=0.001 iter=1250/2500 loss=4.686
  derivmatch lr=0.001 iter=1375/2500 loss=4.4
  derivmatch lr=0.001 iter=1500/2500 loss=4.362
  derivmatch lr=0.001 iter=1625/2500 loss=4.329
  derivmatch lr=0.001 iter=1750/2500 loss=4.297
  derivmatch lr=0.001 iter=1875/2500 loss=4.266
  derivmatch lr=0.001 iter=2000/2500 loss=4.235
  derivmatch lr=0.001 iter=2125/2500 loss=4.207
  derivmatch lr=0.001 iter=2250/2500 loss=4.178
  derivmatch lr=0.001 iter=2375/2500 loss=5.931
  derivmatch lr=0.001 iter=2500/2500 loss=6.107
  derivmatch lr=0.001 iter=2500/2500 loss=4.17
  derivmatch lr=0.0003 iter=80/1600 loss=4.774
  derivmatch lr=0.0003 iter=160/1600 loss=4.616
  derivmatch lr=0.0003 iter=240/1600 loss=4.165
  derivmatch lr=0.0003 iter=320/1600 loss=4.16
  derivmatch lr=0.0003 iter=400/1600 loss=4.156
  derivmatch lr=0.0003 iter=480/1600 loss=4.152
  derivmatch lr=0.0003 iter=560/1600 loss=4.149
  derivmatch lr=0.0003 iter=640/1600 loss=4.145
  derivmatch lr=0.0003 iter=720/1600 loss=4.141
  derivmatch lr=0.0003 iter=800/1600 loss=4.137
  derivmatch lr=0.0003 iter=880/1600 loss=4.132
  derivmatch lr=0.0003 iter=960/1600 loss=4.128
  derivmatch lr=0.0003 iter=1040/1600 loss=4.123
  derivmatch lr=0.0003 iter=1120/1600 loss=4.119
  derivmatch lr=0.0003 iter=1200/1600 loss=4.114
  derivmatch lr=0.0003 iter=1280/1600 loss=4.109
  derivmatch lr=0.0003 iter=1360/1600 loss=4.104
  derivmatch lr=0.0003 iter=1440/1600 loss=4.099
  derivmatch lr=0.0003 iter=1520/1600 loss=4.094
  derivmatch lr=0.0003 iter=1600/1600 loss=4.088
  derivmatch lr=0.0003 iter=1600/1600 loss=4.088
derivative matching [26s]  fitloss=4.09
  [derivative matching]  nrmse=42.43  l2=0.08693
  shooting iter=50/1000 loss=0.3994
  shooting iter=100/1000 loss=0.2878
  shooting iter=150/1000 loss=0.241
  shooting iter=200/1000 loss=0.2205
  shooting iter=250/1000 loss=0.2119
  shooting iter=300/1000 loss=0.2044
  shooting iter=350/1000 loss=0.1984
  shooting iter=400/1000 loss=0.1938
  shooting iter=450/1000 loss=0.1915
  shooting iter=500/1000 loss=0.1895
  shooting iter=550/1000 loss=0.1878
  shooting iter=600/1000 loss=0.1863
  shooting iter=650/1000 loss=0.1849
  shooting iter=700/1000 loss=0.1834
  shooting iter=750/1000 loss=0.1819
  shooting iter=800/1000 loss=0.1803
  shooting iter=850/1000 loss=0.1787
  shooting iter=900/1000 loss=0.1771
  shooting iter=950/1000 loss=0.1753
  shooting iter=1000/1000 loss=0.1735
  shooting iter=1000/1000 loss=0.1735
shooting [511s]  loss=0.173
  [final]  nrmse=0.3189  l2=1.161
extrapolation window: T=1000.0 -> T_test=1.0e12  n_test=100
  [train]  E_traj=0.3454  E_VF=1.395  E_spec=6.771e19
  [test ]  E_traj=7.218e19  E_VF=6.165e9  E_spec=0.9902
saved /orcd/home/002/txenakis/projects/BVPsolver/src/../data/runs/run_DIf7jBVZ/rober_fit.png
saved /orcd/home/002/txenakis/projects/BVPsolver/src/../data/runs/run_DIf7jBVZ/rober_fit_extrapolated.png
saved /orcd/home/002/txenakis/projects/BVPsolver/src/../data/runs/run_DIf7jBVZ/rober_spectral_fit_extrapolated.png
saved /orcd/home/002/txenakis/projects/BVPsolver/src/../data/runs/run_DIf7jBVZ/rober_vf_fit_extrapolated.png
┌ Warning: Attempting to store StiffNN.var"#12#13"{Float64, Float64, Float64}.
│ JLD2 only stores functions by name.
│  This may not be useful for anonymous functions.
└ @ JLD2 ~/.julia/packages/JLD2/ADycq/src/data/writing_datatypes.jl:447
saved run → /orcd/home/002/txenakis/projects/BVPsolver/src/../data/runs/run_DIf7jBVZ
--------------------------------------
Done: Thu Sep 24 13:25:35 EDT 2026
