Task 1212/1800: --problem orego --model stiff --profile fast --seed 112 --pretraining derivmatch --training shooting
Logging to /home/txenakis/projects/BVPsolver/logs/run_main_23593274_1212.log
orego  model=stiff width=16 d=3 tlen=112 profile=fast seed=112  solver=Rodas5  N=486
  derivmatch lr=0.01 iter=170/3400 loss=0.07887
  derivmatch lr=0.01 iter=340/3400 loss=0.03923
  derivmatch lr=0.01 iter=510/3400 loss=0.0209
  derivmatch lr=0.01 iter=680/3400 loss=0.01446
  derivmatch lr=0.01 iter=850/3400 loss=0.01123
  derivmatch lr=0.01 iter=1020/3400 loss=0.01129
  derivmatch lr=0.01 iter=1190/3400 loss=0.01319
  derivmatch lr=0.01 iter=1360/3400 loss=0.007283
  derivmatch lr=0.01 iter=1530/3400 loss=0.007399
  derivmatch lr=0.01 iter=1700/3400 loss=0.009471
  derivmatch lr=0.01 iter=1870/3400 loss=0.005237
  derivmatch lr=0.01 iter=2040/3400 loss=0.00533
  derivmatch lr=0.01 iter=2210/3400 loss=0.007713
  derivmatch lr=0.01 iter=2380/3400 loss=0.004107
  derivmatch lr=0.01 iter=2550/3400 loss=0.00429
  derivmatch lr=0.01 iter=2720/3400 loss=0.00323
  derivmatch lr=0.01 iter=2890/3400 loss=0.002781
  derivmatch lr=0.01 iter=3060/3400 loss=0.002458
  derivmatch lr=0.01 iter=3230/3400 loss=0.002166
  derivmatch lr=0.01 iter=3400/3400 loss=0.001899
  derivmatch lr=0.01 iter=3400/3400 loss=0.001899
  derivmatch lr=0.003 iter=125/2500 loss=0.001696
  derivmatch lr=0.003 iter=250/2500 loss=0.001467
  derivmatch lr=0.003 iter=375/2500 loss=0.001227
  derivmatch lr=0.003 iter=500/2500 loss=0.001005
  derivmatch lr=0.003 iter=625/2500 loss=0.0008133
  derivmatch lr=0.003 iter=750/2500 loss=0.001854
  derivmatch lr=0.003 iter=875/2500 loss=0.0006085
  derivmatch lr=0.003 iter=1000/2500 loss=0.000529
  derivmatch lr=0.003 iter=1125/2500 loss=0.0004674
  derivmatch lr=0.003 iter=1250/2500 loss=0.0004173
  derivmatch lr=0.003 iter=1375/2500 loss=0.0004508
  derivmatch lr=0.003 iter=1500/2500 loss=0.0003458
  derivmatch lr=0.003 iter=1625/2500 loss=0.0003188
  derivmatch lr=0.003 iter=1750/2500 loss=0.0002976
  derivmatch lr=0.003 iter=1875/2500 loss=0.0003325
  derivmatch lr=0.003 iter=2000/2500 loss=0.0003037
  derivmatch lr=0.003 iter=2125/2500 loss=0.000304
  derivmatch lr=0.003 iter=2250/2500 loss=0.0002777
  derivmatch lr=0.003 iter=2375/2500 loss=0.0002799
  derivmatch lr=0.003 iter=2500/2500 loss=0.0002518
  derivmatch lr=0.003 iter=2500/2500 loss=0.0002398
  derivmatch lr=0.001 iter=125/2500 loss=0.0002142
  derivmatch lr=0.001 iter=250/2500 loss=0.0002113
  derivmatch lr=0.001 iter=375/2500 loss=0.0002079
  derivmatch lr=0.001 iter=500/2500 loss=0.000204
  derivmatch lr=0.001 iter=625/2500 loss=0.0001997
  derivmatch lr=0.001 iter=750/2500 loss=0.0001952
  derivmatch lr=0.001 iter=875/2500 loss=0.0001905
  derivmatch lr=0.001 iter=1000/2500 loss=0.0001857
  derivmatch lr=0.001 iter=1125/2500 loss=0.000193
  derivmatch lr=0.001 iter=1250/2500 loss=0.0001764
  derivmatch lr=0.001 iter=1375/2500 loss=0.0001723
  derivmatch lr=0.001 iter=1500/2500 loss=0.0001695
  derivmatch lr=0.001 iter=1625/2500 loss=0.0001676
  derivmatch lr=0.001 iter=1750/2500 loss=0.000166
  derivmatch lr=0.001 iter=1875/2500 loss=0.0001591
  derivmatch lr=0.001 iter=2000/2500 loss=0.0001668
  derivmatch lr=0.001 iter=2125/2500 loss=0.0001692
  derivmatch lr=0.001 iter=2250/2500 loss=0.0001563
  derivmatch lr=0.001 iter=2375/2500 loss=0.0001503
  derivmatch lr=0.001 iter=2500/2500 loss=0.0001463
  derivmatch lr=0.001 iter=2500/2500 loss=0.0001422
  derivmatch lr=0.0003 iter=80/1600 loss=0.0001421
  derivmatch lr=0.0003 iter=160/1600 loss=0.0001416
  derivmatch lr=0.0003 iter=240/1600 loss=0.0001412
  derivmatch lr=0.0003 iter=320/1600 loss=0.0001408
  derivmatch lr=0.0003 iter=400/1600 loss=0.0001403
  derivmatch lr=0.0003 iter=480/1600 loss=0.0001397
  derivmatch lr=0.0003 iter=560/1600 loss=0.0001391
  derivmatch lr=0.0003 iter=640/1600 loss=0.0001385
  derivmatch lr=0.0003 iter=720/1600 loss=0.0001378
  derivmatch lr=0.0003 iter=800/1600 loss=0.000137
  derivmatch lr=0.0003 iter=880/1600 loss=0.0001363
  derivmatch lr=0.0003 iter=960/1600 loss=0.0001355
  derivmatch lr=0.0003 iter=1040/1600 loss=0.0001349
  derivmatch lr=0.0003 iter=1120/1600 loss=0.0001338
  derivmatch lr=0.0003 iter=1200/1600 loss=0.000133
  derivmatch lr=0.0003 iter=1280/1600 loss=0.0001322
  derivmatch lr=0.0003 iter=1360/1600 loss=0.0001313
  derivmatch lr=0.0003 iter=1440/1600 loss=0.0001326
  derivmatch lr=0.0003 iter=1520/1600 loss=0.0001296
  derivmatch lr=0.0003 iter=1600/1600 loss=0.0001287
  derivmatch lr=0.0003 iter=1600/1600 loss=0.0001287
derivative matching [32s]  fitloss=0.000129
  [derivative matching]  nrmse=0.5798  l2=493100.0
  shooting iter=50/1000 loss=0.2189
  shooting iter=100/1000 loss=0.2181
  shooting iter=150/1000 loss=0.2177
  shooting iter=200/1000 loss=0.2174
  shooting iter=250/1000 loss=0.2168
  shooting iter=300/1000 loss=0.2211
  shooting iter=350/1000 loss=0.2201
  shooting iter=400/1000 loss=0.2188
  shooting iter=450/1000 loss=0.2161
  shooting iter=500/1000 loss=0.2131
  shooting iter=550/1000 loss=0.2033
  shooting iter=600/1000 loss=0.2253
  shooting iter=650/1000 loss=0.2164
  shooting iter=700/1000 loss=0.2125
  shooting iter=750/1000 loss=0.1785
  shooting iter=800/1000 loss=0.1672
  shooting iter=850/1000 loss=0.1798
  shooting iter=900/1000 loss=0.1903
  shooting iter=950/1000 loss=0.1953
  shooting iter=1000/1000 loss=0.1663
  shooting iter=1000/1000 loss=0.1324
shooting [3726s]  loss=0.132
  [final]  nrmse=0.2716  l2=449400.0
extrapolation window: T=180.0 -> T_test=360.0  n_test=224
  [train]  E_traj=0.5942  E_VF=222.6  E_spec=0.9605
  [test ]  E_traj=0.9344  E_VF=509100.0  E_spec=3.548
saved /orcd/home/002/txenakis/projects/BVPsolver/src/../data/runs/run_Xzex2UJy/orego_fit.png
saved /orcd/home/002/txenakis/projects/BVPsolver/src/../data/runs/run_Xzex2UJy/orego_fit_extrapolated.png
saved /orcd/home/002/txenakis/projects/BVPsolver/src/../data/runs/run_Xzex2UJy/orego_spectral_fit_extrapolated.png
saved /orcd/home/002/txenakis/projects/BVPsolver/src/../data/runs/run_Xzex2UJy/orego_vf_fit_extrapolated.png
┌ Warning: Attempting to store StiffNN.var"#20#21"{Float64, Float64, Float64}.
│ JLD2 only stores functions by name.
│  This may not be useful for anonymous functions.
└ @ JLD2 ~/.julia/packages/JLD2/ADycq/src/data/writing_datatypes.jl:447
saved run → /orcd/home/002/txenakis/projects/BVPsolver/src/../data/runs/run_Xzex2UJy
--------------------------------------
Done: Wed Sep 23 20:31:49 EDT 2026
