Task 1677/1800: --problem davis-skodje --model mlp --profile fast --seed 127 --pretraining derivmatch --training collocation
Logging to /home/txenakis/projects/BVPsolver/logs/run_main_23640313_1677.log
davis-skodje  model=mlp width=14 d=2 tlen=300 profile=fast seed=127  solver=Rodas5P  N=282
  derivmatch lr=0.01 iter=170/3400 loss=3.973
  derivmatch lr=0.01 iter=340/3400 loss=3.232
  derivmatch lr=0.01 iter=510/3400 loss=2.673
  derivmatch lr=0.01 iter=680/3400 loss=2.947
  derivmatch lr=0.01 iter=850/3400 loss=1.888
  derivmatch lr=0.01 iter=1020/3400 loss=2.079
  derivmatch lr=0.01 iter=1190/3400 loss=1.033
  derivmatch lr=0.01 iter=1360/3400 loss=1.733
  derivmatch lr=0.01 iter=1530/3400 loss=0.9404
  derivmatch lr=0.01 iter=1700/3400 loss=1.276
  derivmatch lr=0.01 iter=1870/3400 loss=1.315
  derivmatch lr=0.01 iter=2040/3400 loss=1.034
  derivmatch lr=0.01 iter=2210/3400 loss=1.773
  derivmatch lr=0.01 iter=2380/3400 loss=1.13
  derivmatch lr=0.01 iter=2550/3400 loss=0.8963
  derivmatch lr=0.01 iter=2720/3400 loss=1.431
  derivmatch lr=0.01 iter=2890/3400 loss=0.7144
  derivmatch lr=0.01 iter=3060/3400 loss=1.108
  derivmatch lr=0.01 iter=3230/3400 loss=1.146
  derivmatch lr=0.01 iter=3400/3400 loss=0.8022
  derivmatch lr=0.01 iter=3400/3400 loss=0.429
  derivmatch lr=0.003 iter=125/2500 loss=0.4197
  derivmatch lr=0.003 iter=250/2500 loss=0.4014
  derivmatch lr=0.003 iter=375/2500 loss=0.3855
  derivmatch lr=0.003 iter=500/2500 loss=0.3625
  derivmatch lr=0.003 iter=625/2500 loss=0.3402
  derivmatch lr=0.003 iter=750/2500 loss=0.3241
  derivmatch lr=0.003 iter=875/2500 loss=0.4344
  derivmatch lr=0.003 iter=1000/2500 loss=0.3107
  derivmatch lr=0.003 iter=1125/2500 loss=0.3021
  derivmatch lr=0.003 iter=1250/2500 loss=0.3002
  derivmatch lr=0.003 iter=1375/2500 loss=0.2864
  derivmatch lr=0.003 iter=1500/2500 loss=0.2904
  derivmatch lr=0.003 iter=1625/2500 loss=0.3122
  derivmatch lr=0.003 iter=1750/2500 loss=0.2578
  derivmatch lr=0.003 iter=1875/2500 loss=0.2659
  derivmatch lr=0.003 iter=2000/2500 loss=0.2899
  derivmatch lr=0.003 iter=2125/2500 loss=0.2392
  derivmatch lr=0.003 iter=2250/2500 loss=0.2475
  derivmatch lr=0.003 iter=2375/2500 loss=0.2715
  derivmatch lr=0.003 iter=2500/2500 loss=0.2239
  derivmatch lr=0.003 iter=2500/2500 loss=0.2239
  derivmatch lr=0.001 iter=125/2500 loss=0.2178
  derivmatch lr=0.001 iter=250/2500 loss=0.216
  derivmatch lr=0.001 iter=375/2500 loss=0.2167
  derivmatch lr=0.001 iter=500/2500 loss=0.2143
  derivmatch lr=0.001 iter=625/2500 loss=0.2125
  derivmatch lr=0.001 iter=750/2500 loss=0.2103
  derivmatch lr=0.001 iter=875/2500 loss=0.2082
  derivmatch lr=0.001 iter=1000/2500 loss=0.2056
  derivmatch lr=0.001 iter=1125/2500 loss=0.2032
  derivmatch lr=0.001 iter=1250/2500 loss=0.2004
  derivmatch lr=0.001 iter=1375/2500 loss=0.1978
  derivmatch lr=0.001 iter=1500/2500 loss=0.1947
  derivmatch lr=0.001 iter=1625/2500 loss=0.1919
  derivmatch lr=0.001 iter=1750/2500 loss=0.1887
  derivmatch lr=0.001 iter=1875/2500 loss=0.1859
  derivmatch lr=0.001 iter=2000/2500 loss=0.1826
  derivmatch lr=0.001 iter=2125/2500 loss=0.1798
  derivmatch lr=0.001 iter=2250/2500 loss=0.1766
  derivmatch lr=0.001 iter=2375/2500 loss=0.1738
  derivmatch lr=0.001 iter=2500/2500 loss=0.1707
  derivmatch lr=0.001 iter=2500/2500 loss=0.1707
  derivmatch lr=0.0003 iter=80/1600 loss=0.1686
  derivmatch lr=0.0003 iter=160/1600 loss=0.1682
  derivmatch lr=0.0003 iter=240/1600 loss=0.1677
  derivmatch lr=0.0003 iter=320/1600 loss=0.1671
  derivmatch lr=0.0003 iter=400/1600 loss=0.1665
  derivmatch lr=0.0003 iter=480/1600 loss=0.1658
  derivmatch lr=0.0003 iter=560/1600 loss=0.165
  derivmatch lr=0.0003 iter=640/1600 loss=0.1642
  derivmatch lr=0.0003 iter=720/1600 loss=0.1634
  derivmatch lr=0.0003 iter=800/1600 loss=0.1629
  derivmatch lr=0.0003 iter=880/1600 loss=0.1615
  derivmatch lr=0.0003 iter=960/1600 loss=0.1606
  derivmatch lr=0.0003 iter=1040/1600 loss=0.1596
  derivmatch lr=0.0003 iter=1120/1600 loss=0.159
  derivmatch lr=0.0003 iter=1200/1600 loss=0.1576
  derivmatch lr=0.0003 iter=1280/1600 loss=0.1565
  derivmatch lr=0.0003 iter=1360/1600 loss=0.1556
  derivmatch lr=0.0003 iter=1440/1600 loss=0.1546
  derivmatch lr=0.0003 iter=1520/1600 loss=0.1532
  derivmatch lr=0.0003 iter=1600/1600 loss=0.1521
  derivmatch lr=0.0003 iter=1600/1600 loss=0.1521
derivative matching [25s]  fitloss=0.152
  [derivative matching]  nrmse=0.05557  l2=2.717
  collocation: M=300 residuals=2394  detecting sparsity + solving...

Algorithm: LevenbergMarquardt(
    trustregion = LevenbergMarquardtTrustRegion(
        β_uphill = 0.0
    ),
    descent = GeodesicAcceleration(
        descent = DampedNewtonDescent(
            linsolve = KLUFactorization(
                reuse_symbolic = true,
                check_pattern = true
            ),
            initial_damping = 1.0,
            damping_fn = LevenbergMarquardtDampingFunction(
                increase_factor = 2.0,
                decrease_factor = 3.0,
                min_damping = 1.0e-8
            ),
            min_norm_mode = :auto
        ),
        finite_diff_step_geodesic = 0.1,
        α = 0.75
    ),
    autodiff = AutoForwardDiff(),
    vjp_autodiff = AutoFiniteDiff(
        fdtype = Val{:forward}(),
        fdjtype = Val{:forward}(),
        fdhtype = Val{:hcentral}(),
        dir = true
    ),
    jvp_autodiff = AutoForwardDiff(),
    concrete_jac = Val{true}()
)

----    	-------------       	-----------         
Iter    	f(u) 2-norm         	Step 2-norm         
----    	-------------       	-----------         
0       	3.31736795e+02      	NaN                 
1       	3.31736795e+02      	0.00000000e+00      
8       	6.45737167e+01      	9.83431795e-01      
15      	1.60530765e-01      	1.25972098e-01      
22      	2.57988521e-02      	5.65277720e-03      
29      	3.11938210e+01      	2.84528998e+00      
36      	6.80297544e+01      	0.00000000e+00      
43      	2.12768409e+02      	0.00000000e+00      
50      	1.36143134e+01      	0.00000000e+00      
57      	1.16239163e+02      	0.00000000e+00      
64      	1.06429914e+01      	0.00000000e+00      
71      	1.85755636e-01      	4.19094331e-01      
78      	1.80535808e-01      	0.00000000e+00      
85      	1.89297910e+01      	0.00000000e+00      
92      	1.51389693e-02      	1.53915129e-01      
99      	8.31635477e-01      	2.89490250e-01      
106     	5.33513648e-01      	0.00000000e+00      
113     	2.18276374e-02      	0.00000000e+00      
120     	2.92187792e-03      	1.03950838e-01      
127     	9.81459019e-03      	0.00000000e+00      
134     	1.04672990e-03      	0.00000000e+00      
141     	4.54996391e-01      	0.00000000e+00      
148     	3.18208012e-02      	1.95123060e-01      
Final   	4.29674742e-04      
----------------------      
  AMR 1/3: M=300  err=5.04e-9  obs=1.79e-6  nrmse=7.14e-5  best=7.14e-5  refined=34
  collocation: M=334 residuals=2598  detecting sparsity + solving...

Algorithm: LevenbergMarquardt(
    trustregion = LevenbergMarquardtTrustRegion(
        β_uphill = 0.0
    ),
    descent = GeodesicAcceleration(
        descent = DampedNewtonDescent(
            linsolve = KLUFactorization(
                reuse_symbolic = true,
                check_pattern = true
            ),
            initial_damping = 1.0,
            damping_fn = LevenbergMarquardtDampingFunction(
                increase_factor = 2.0,
                decrease_factor = 3.0,
                min_damping = 1.0e-8
            ),
            min_norm_mode = :auto
        ),
        finite_diff_step_geodesic = 0.1,
        α = 0.75
    ),
    autodiff = AutoForwardDiff(),
    vjp_autodiff = AutoFiniteDiff(
        fdtype = Val{:forward}(),
        fdjtype = Val{:forward}(),
        fdhtype = Val{:hcentral}(),
        dir = true
    ),
    jvp_autodiff = AutoForwardDiff(),
    concrete_jac = Val{true}()
)

----    	-------------       	-----------         
Iter    	f(u) 2-norm         	Step 2-norm         
----    	-------------       	-----------         
0       	6.04740602e+01      	6.69731032e-317     
1       	1.80575099e+01      	1.57371006e-02      
8       	1.47756272e-01      	3.18554182e-03      
15      	7.55783211e-04      	7.76303087e-04      
22      	2.04418110e-04      	1.78216056e-03      
29      	8.68405686e-05      	4.10068018e-02      
36      	5.94887962e-04      	0.00000000e+00      
43      	3.67679814e-01      	0.00000000e+00      
50      	4.18469625e-04      	0.00000000e+00      
57      	4.21241693e+00      	0.00000000e+00      
64      	2.19810097e+00      	0.00000000e+00      
71      	1.30804916e-03      	1.46072101e-01      
78      	2.51816210e-01      	2.49616299e-01      
85      	1.32853589e+00      	3.01603077e-01      
92      	3.97637283e-01      	0.00000000e+00      
99      	5.99595833e-03      	1.37421067e-01      
106     	7.78797447e-01      	0.00000000e+00      
113     	2.03806829e-03      	0.00000000e+00      
120     	3.99056797e+00      	0.00000000e+00      
127     	5.87835037e+00      	0.00000000e+00      
134     	1.17931669e+00      	0.00000000e+00      
141     	3.15042088e+00      	0.00000000e+00      
148     	1.05333649e+00      	4.92076908e-01      
Final   	8.21875029e-05      
----------------------      
  AMR 2/3: M=334  err=6.48e-10  obs=1.75e-6  nrmse=7.09e-5  best=7.09e-5  refined=1
  collocation: M=335 residuals=2604  detecting sparsity + solving...

Algorithm: LevenbergMarquardt(
    trustregion = LevenbergMarquardtTrustRegion(
        β_uphill = 0.0
    ),
    descent = GeodesicAcceleration(
        descent = DampedNewtonDescent(
            linsolve = KLUFactorization(
                reuse_symbolic = true,
                check_pattern = true
            ),
            initial_damping = 1.0,
            damping_fn = LevenbergMarquardtDampingFunction(
                increase_factor = 2.0,
                decrease_factor = 3.0,
                min_damping = 1.0e-8
            ),
            min_norm_mode = :auto
        ),
        finite_diff_step_geodesic = 0.1,
        α = 0.75
    ),
    autodiff = AutoForwardDiff(),
    vjp_autodiff = AutoFiniteDiff(
        fdtype = Val{:forward}(),
        fdjtype = Val{:forward}(),
        fdhtype = Val{:hcentral}(),
        dir = true
    ),
    jvp_autodiff = AutoForwardDiff(),
    concrete_jac = Val{true}()
)

----    	-------------       	-----------         
Iter    	f(u) 2-norm         	Step 2-norm         
----    	-------------       	-----------         
0       	5.88213281e+01      	1.31521333e-315     
1       	1.79607346e+01      	1.60019869e-02      
8       	1.46084968e-01      	3.40197034e-03      
15      	7.53634284e-04      	7.76008164e-04      
22      	2.02074041e-04      	1.84422513e-03      
29      	8.18813311e-05      	3.19611540e-02      
36      	2.14380988e-03      	0.00000000e+00      
43      	6.47308277e+00      	0.00000000e+00      
50      	1.71143339e+00      	0.00000000e+00      
57      	1.17103853e+00      	0.00000000e+00      
64      	6.83262597e+00      	0.00000000e+00      
71      	1.75142879e+00      	0.00000000e+00      
78      	1.81802398e-01      	3.33783841e-01      
85      	1.98236639e+00      	6.29039108e-01      
92      	2.61548039e+00      	0.00000000e+00      
99      	5.43650682e-01      	0.00000000e+00      
106     	1.82988364e-01      	0.00000000e+00      
113     	7.95941116e-01      	2.79095309e-01      
120     	9.56995114e-02      	0.00000000e+00      
127     	2.56589781e+00      	0.00000000e+00      
134     	9.39669306e-02      	2.30254674e-01      
141     	6.68813742e-05      	1.68625077e-02      
148     	4.74638517e+00      	4.11124453e-01      
Final   	4.71768235e-05      
----------------------      
  AMR 3/3: M=335  err=8.81e-11  obs=8.38e-7  nrmse=1.99e-5  best=1.99e-5  refined=0
collocation [143s]
  [final]  nrmse=1.992e-5  l2=0.0008033
extrapolation window: T=15.0 -> T_test=30.0  n_test=600
  [train]  E_traj=9.363e-10  E_VF=3.747e-5  E_spec=0.722
  [test ]  E_traj=2932.0  E_VF=6.917e8  E_spec=3.158
saved /orcd/home/002/txenakis/projects/BVPsolver/src/../data/runs/run_fBaP7NUP/davis-skodje_fit.png
saved /orcd/home/002/txenakis/projects/BVPsolver/src/../data/runs/run_fBaP7NUP/davis-skodje_fit_extrapolated.png
saved /orcd/home/002/txenakis/projects/BVPsolver/src/../data/runs/run_fBaP7NUP/davis-skodje_spectral_fit_extrapolated.png
saved /orcd/home/002/txenakis/projects/BVPsolver/src/../data/runs/run_fBaP7NUP/davis-skodje_vf_fit_extrapolated.png
┌ Warning: Attempting to store StiffNN.var"#22#23"{Float64}.
│ JLD2 only stores functions by name.
│  This may not be useful for anonymous functions.
└ @ JLD2 ~/.julia/packages/JLD2/ADycq/src/data/writing_datatypes.jl:447
saved run → /orcd/home/002/txenakis/projects/BVPsolver/src/../data/runs/run_fBaP7NUP
--------------------------------------
Done: Thu Sep 24 06:43:19 EDT 2026
