Task 1680/1800: --problem davis-skodje --model mlp --profile fast --seed 130 --pretraining derivmatch --training collocation
Logging to /home/txenakis/projects/BVPsolver/logs/run_main_23640313_1680.log
davis-skodje  model=mlp width=14 d=2 tlen=300 profile=fast seed=130  solver=Rodas5P  N=282
  derivmatch lr=0.01 iter=170/3400 loss=2.628
  derivmatch lr=0.01 iter=340/3400 loss=2.188
  derivmatch lr=0.01 iter=510/3400 loss=1.074
  derivmatch lr=0.01 iter=680/3400 loss=1.239
  derivmatch lr=0.01 iter=850/3400 loss=2.19
  derivmatch lr=0.01 iter=1020/3400 loss=1.698
  derivmatch lr=0.01 iter=1190/3400 loss=1.27
  derivmatch lr=0.01 iter=1360/3400 loss=2.859
  derivmatch lr=0.01 iter=1530/3400 loss=2.395
  derivmatch lr=0.01 iter=1700/3400 loss=1.638
  derivmatch lr=0.01 iter=1870/3400 loss=1.602
  derivmatch lr=0.01 iter=2040/3400 loss=1.448
  derivmatch lr=0.01 iter=2210/3400 loss=1.109
  derivmatch lr=0.01 iter=2380/3400 loss=1.775
  derivmatch lr=0.01 iter=2550/3400 loss=1.659
  derivmatch lr=0.01 iter=2720/3400 loss=1.621
  derivmatch lr=0.01 iter=2890/3400 loss=0.7086
  derivmatch lr=0.01 iter=3060/3400 loss=1.087
  derivmatch lr=0.01 iter=3230/3400 loss=0.9771
  derivmatch lr=0.01 iter=3400/3400 loss=1.45
  derivmatch lr=0.01 iter=3400/3400 loss=0.3701
  derivmatch lr=0.003 iter=125/2500 loss=0.5167
  derivmatch lr=0.003 iter=250/2500 loss=0.3425
  derivmatch lr=0.003 iter=375/2500 loss=0.3789
  derivmatch lr=0.003 iter=500/2500 loss=0.313
  derivmatch lr=0.003 iter=625/2500 loss=0.3145
  derivmatch lr=0.003 iter=750/2500 loss=0.3533
  derivmatch lr=0.003 iter=875/2500 loss=0.2853
  derivmatch lr=0.003 iter=1000/2500 loss=0.2871
  derivmatch lr=0.003 iter=1125/2500 loss=0.3277
  derivmatch lr=0.003 iter=1250/2500 loss=0.2597
  derivmatch lr=0.003 iter=1375/2500 loss=0.2625
  derivmatch lr=0.003 iter=1500/2500 loss=0.3049
  derivmatch lr=0.003 iter=1625/2500 loss=0.2378
  derivmatch lr=0.003 iter=1750/2500 loss=0.2418
  derivmatch lr=0.003 iter=1875/2500 loss=0.2851
  derivmatch lr=0.003 iter=2000/2500 loss=0.2196
  derivmatch lr=0.003 iter=2125/2500 loss=0.2244
  derivmatch lr=0.003 iter=2250/2500 loss=0.2682
  derivmatch lr=0.003 iter=2375/2500 loss=0.2044
  derivmatch lr=0.003 iter=2500/2500 loss=0.2099
  derivmatch lr=0.003 iter=2500/2500 loss=0.2
  derivmatch lr=0.001 iter=125/2500 loss=0.1889
  derivmatch lr=0.001 iter=250/2500 loss=0.1875
  derivmatch lr=0.001 iter=375/2500 loss=0.1886
  derivmatch lr=0.001 iter=500/2500 loss=0.1871
  derivmatch lr=0.001 iter=625/2500 loss=0.1849
  derivmatch lr=0.001 iter=750/2500 loss=0.1833
  derivmatch lr=0.001 iter=875/2500 loss=0.1808
  derivmatch lr=0.001 iter=1000/2500 loss=0.179
  derivmatch lr=0.001 iter=1125/2500 loss=0.1762
  derivmatch lr=0.001 iter=1250/2500 loss=0.1741
  derivmatch lr=0.001 iter=1375/2500 loss=0.1712
  derivmatch lr=0.001 iter=1500/2500 loss=0.169
  derivmatch lr=0.001 iter=1625/2500 loss=0.166
  derivmatch lr=0.001 iter=1750/2500 loss=0.1637
  derivmatch lr=0.001 iter=1875/2500 loss=0.1606
  derivmatch lr=0.001 iter=2000/2500 loss=0.1583
  derivmatch lr=0.001 iter=2125/2500 loss=0.1552
  derivmatch lr=0.001 iter=2250/2500 loss=0.153
  derivmatch lr=0.001 iter=2375/2500 loss=0.15
  derivmatch lr=0.001 iter=2500/2500 loss=0.1478
  derivmatch lr=0.001 iter=2500/2500 loss=0.1474
  derivmatch lr=0.0003 iter=80/1600 loss=0.1447
  derivmatch lr=0.0003 iter=160/1600 loss=0.1444
  derivmatch lr=0.0003 iter=240/1600 loss=0.1439
  derivmatch lr=0.0003 iter=320/1600 loss=0.1434
  derivmatch lr=0.0003 iter=400/1600 loss=0.1429
  derivmatch lr=0.0003 iter=480/1600 loss=0.1423
  derivmatch lr=0.0003 iter=560/1600 loss=0.1416
  derivmatch lr=0.0003 iter=640/1600 loss=0.1409
  derivmatch lr=0.0003 iter=720/1600 loss=0.1401
  derivmatch lr=0.0003 iter=800/1600 loss=0.1394
  derivmatch lr=0.0003 iter=880/1600 loss=0.1388
  derivmatch lr=0.0003 iter=960/1600 loss=0.1381
  derivmatch lr=0.0003 iter=1040/1600 loss=0.137
  derivmatch lr=0.0003 iter=1120/1600 loss=0.136
  derivmatch lr=0.0003 iter=1200/1600 loss=0.1351
  derivmatch lr=0.0003 iter=1280/1600 loss=0.1348
  derivmatch lr=0.0003 iter=1360/1600 loss=0.1335
  derivmatch lr=0.0003 iter=1440/1600 loss=0.1324
  derivmatch lr=0.0003 iter=1520/1600 loss=0.1315
  derivmatch lr=0.0003 iter=1600/1600 loss=0.1305
  derivmatch lr=0.0003 iter=1600/1600 loss=0.1305
derivative matching [26s]  fitloss=0.131
  [derivative matching]  nrmse=0.05056  l2=2.476
  collocation: M=300 residuals=2394  detecting sparsity + solving...

Algorithm: LevenbergMarquardt(
    trustregion = LevenbergMarquardtTrustRegion(
        β_uphill = 0.0
    ),
    descent = GeodesicAcceleration(
        descent = DampedNewtonDescent(
            linsolve = KLUFactorization(
                reuse_symbolic = true,
                check_pattern = true
            ),
            initial_damping = 1.0,
            damping_fn = LevenbergMarquardtDampingFunction(
                increase_factor = 2.0,
                decrease_factor = 3.0,
                min_damping = 1.0e-8
            ),
            min_norm_mode = :auto
        ),
        finite_diff_step_geodesic = 0.1,
        α = 0.75
    ),
    autodiff = AutoForwardDiff(),
    vjp_autodiff = AutoFiniteDiff(
        fdtype = Val{:forward}(),
        fdjtype = Val{:forward}(),
        fdhtype = Val{:hcentral}(),
        dir = true
    ),
    jvp_autodiff = AutoForwardDiff(),
    concrete_jac = Val{true}()
)

----    	-------------       	-----------         
Iter    	f(u) 2-norm         	Step 2-norm         
----    	-------------       	-----------         
0       	3.05398425e+02      	3.99297256e-309     
1       	3.05398425e+02      	0.00000000e+00      
8       	2.65245176e+02      	0.00000000e+00      
15      	1.99564342e+02      	1.90158334e+00      
22      	1.28960068e+02      	1.45360519e+00      
29      	2.52313268e+01      	0.00000000e+00      
36      	7.76365671e-01      	4.36902382e-01      
43      	2.57923724e-02      	1.41643567e-02      
50      	2.35953284e-02      	2.37189343e-01      
57      	7.40578311e+00      	0.00000000e+00      
64      	1.34386076e+02      	0.00000000e+00      
71      	1.34386076e+02      	0.00000000e+00      
78      	1.17473966e-01      	4.75474872e-01      
85      	1.34457508e+01      	3.68502768e+00      
92      	2.46454482e+02      	0.00000000e+00      
99      	2.46454482e+02      	0.00000000e+00      
106     	8.32292485e-02      	2.60343854e-01      
113     	1.12729909e+01      	0.00000000e+00      
120     	1.10530506e-02      	1.87509267e-01      
127     	1.23181319e+01      	0.00000000e+00      
134     	1.62715333e+01      	0.00000000e+00      
141     	1.62715333e+01      	0.00000000e+00      
148     	1.01366857e-02      	3.02902698e-01      
Final   	6.34068848e-03      
----------------------      
  AMR 1/3: M=300  err=7.19e-7  obs=4.38e-5  nrmse=0.0102  best=0.0102  refined=56
  collocation: M=356 residuals=2730  detecting sparsity + solving...

Algorithm: LevenbergMarquardt(
    trustregion = LevenbergMarquardtTrustRegion(
        β_uphill = 0.0
    ),
    descent = GeodesicAcceleration(
        descent = DampedNewtonDescent(
            linsolve = KLUFactorization(
                reuse_symbolic = true,
                check_pattern = true
            ),
            initial_damping = 1.0,
            damping_fn = LevenbergMarquardtDampingFunction(
                increase_factor = 2.0,
                decrease_factor = 3.0,
                min_damping = 1.0e-8
            ),
            min_norm_mode = :auto
        ),
        finite_diff_step_geodesic = 0.1,
        α = 0.75
    ),
    autodiff = AutoForwardDiff(),
    vjp_autodiff = AutoFiniteDiff(
        fdtype = Val{:forward}(),
        fdjtype = Val{:forward}(),
        fdhtype = Val{:hcentral}(),
        dir = true
    ),
    jvp_autodiff = AutoForwardDiff(),
    concrete_jac = Val{true}()
)

----    	-------------       	-----------         
Iter    	f(u) 2-norm         	Step 2-norm         
----    	-------------       	-----------         
0       	4.71468338e+02      	1.61030210e+02      
1       	4.71468338e+02      	0.00000000e+00      
8       	1.01958843e+01      	7.63710377e-01      
15      	1.70335638e-02      	1.96031903e-02      
22      	3.97056876e-03      	3.82057873e-03      
29      	6.56495933e-03      	2.66112136e-01      
36      	4.22701686e+00      	0.00000000e+00      
43      	4.11921582e-03      	2.41461493e-01      
50      	5.81821149e+00      	0.00000000e+00      
57      	5.81821149e+00      	0.00000000e+00      
64      	1.43595060e+01      	2.21721968e+00      
71      	1.43595060e+01      	0.00000000e+00      
78      	4.35813464e-02      	2.61615404e-01      
85      	1.52970645e+01      	0.00000000e+00      
92      	2.08603925e+00      	0.00000000e+00      
99      	5.92647577e-01      	0.00000000e+00      
106     	9.30076261e+01      	0.00000000e+00      
113     	1.69918351e+00      	0.00000000e+00      
120     	3.81712281e-01      	4.89712380e-01      
127     	3.13616276e-01      	0.00000000e+00      
134     	6.03916783e-01      	0.00000000e+00      
141     	1.10941500e+00      	3.75476744e-01      
148     	1.30500647e-01      	0.00000000e+00      
Final   	3.89445083e-03      
----------------------      
  AMR 2/3: M=356  err=7.54e-7  obs=3.94e-5  nrmse=0.0103  best=0.0102  refined=1
  collocation: M=358 residuals=2742  detecting sparsity + solving...

Algorithm: LevenbergMarquardt(
    trustregion = LevenbergMarquardtTrustRegion(
        β_uphill = 0.0
    ),
    descent = GeodesicAcceleration(
        descent = DampedNewtonDescent(
            linsolve = KLUFactorization(
                reuse_symbolic = true,
                check_pattern = true
            ),
            initial_damping = 1.0,
            damping_fn = LevenbergMarquardtDampingFunction(
                increase_factor = 2.0,
                decrease_factor = 3.0,
                min_damping = 1.0e-8
            ),
            min_norm_mode = :auto
        ),
        finite_diff_step_geodesic = 0.1,
        α = 0.75
    ),
    autodiff = AutoForwardDiff(),
    vjp_autodiff = AutoFiniteDiff(
        fdtype = Val{:forward}(),
        fdjtype = Val{:forward}(),
        fdhtype = Val{:hcentral}(),
        dir = true
    ),
    jvp_autodiff = AutoForwardDiff(),
    concrete_jac = Val{true}()
)

----    	-------------       	-----------         
Iter    	f(u) 2-norm         	Step 2-norm         
----    	-------------       	-----------         
0       	2.99681465e+02      	1.52622409e-310     
1       	2.99681465e+02      	0.00000000e+00      
8       	9.83214903e+00      	7.40445676e-01      
15      	1.69650043e-02      	1.98839564e-02      
22      	3.91747333e-03      	5.96911104e-03      
29      	8.94278559e-03      	2.94787083e-01      
36      	2.35781444e+00      	2.04104156e+00      
43      	2.35781444e+00      	0.00000000e+00      
50      	2.69670893e+00      	0.00000000e+00      
57      	8.15949613e+00      	0.00000000e+00      
64      	2.13809101e+00      	8.89106873e-01      
71      	1.44618141e+00      	6.62259823e-01      
78      	9.05838667e-01      	0.00000000e+00      
85      	1.06563216e+00      	0.00000000e+00      
92      	1.49973108e+00      	5.31008973e-01      
99      	1.00937585e+00      	0.00000000e+00      
106     	7.49518923e-01      	3.25267465e-01      
113     	7.08181349e-01      	3.38441209e-01      
120     	1.06988833e+00      	0.00000000e+00      
127     	1.31628898e-01      	0.00000000e+00      
134     	6.53059891e-01      	0.00000000e+00      
141     	1.29746648e-01      	3.48133632e-01      
148     	2.90772173e-01      	0.00000000e+00      
Final   	3.84943924e-03      
----------------------      
  AMR 3/3: M=358  err=6.26e-7  obs=3.38e-5  nrmse=0.0103  best=0.0102  refined=0
collocation [154s]
  [final]  nrmse=0.01022  l2=0.5007
extrapolation window: T=15.0 -> T_test=30.0  n_test=600
  [train]  E_traj=0.0003142  E_VF=0.03215  E_spec=0.6862
  [test ]  E_traj=1.678e6  E_VF=2.541e11  E_spec=1.886
saved /orcd/home/002/txenakis/projects/BVPsolver/src/../data/runs/run_mkCFBCsc/davis-skodje_fit.png
saved /orcd/home/002/txenakis/projects/BVPsolver/src/../data/runs/run_mkCFBCsc/davis-skodje_fit_extrapolated.png
saved /orcd/home/002/txenakis/projects/BVPsolver/src/../data/runs/run_mkCFBCsc/davis-skodje_spectral_fit_extrapolated.png
saved /orcd/home/002/txenakis/projects/BVPsolver/src/../data/runs/run_mkCFBCsc/davis-skodje_vf_fit_extrapolated.png
┌ Warning: Attempting to store StiffNN.var"#22#23"{Float64}.
│ JLD2 only stores functions by name.
│  This may not be useful for anonymous functions.
└ @ JLD2 ~/.julia/packages/JLD2/ADycq/src/data/writing_datatypes.jl:447
saved run → /orcd/home/002/txenakis/projects/BVPsolver/src/../data/runs/run_mkCFBCsc
--------------------------------------
Done: Thu Sep 24 06:43:33 EDT 2026
