Task 603/1800: --problem vanderpol --model stiff --profile fast --seed 103 --pretraining derivmatch --training shooting
Logging to /home/txenakis/projects/BVPsolver/logs/run_main_23544358_603.log
vanderpol  model=stiff width=12 d=2 tlen=151 profile=fast seed=103  solver=Kvaerno5  N=268
  derivmatch lr=0.01 iter=170/3400 loss=4.188
  derivmatch lr=0.01 iter=340/3400 loss=2.129
  derivmatch lr=0.01 iter=510/3400 loss=2.712
  derivmatch lr=0.01 iter=680/3400 loss=2.623
  derivmatch lr=0.01 iter=850/3400 loss=1.57
  derivmatch lr=0.01 iter=1020/3400 loss=0.9518
  derivmatch lr=0.01 iter=1190/3400 loss=0.842
  derivmatch lr=0.01 iter=1360/3400 loss=0.9918
  derivmatch lr=0.01 iter=1530/3400 loss=0.6101
  derivmatch lr=0.01 iter=1700/3400 loss=1.85
  derivmatch lr=0.01 iter=1870/3400 loss=0.7567
  derivmatch lr=0.01 iter=2040/3400 loss=0.4397
  derivmatch lr=0.01 iter=2210/3400 loss=0.9968
  derivmatch lr=0.01 iter=2380/3400 loss=1.537
  derivmatch lr=0.01 iter=2550/3400 loss=0.664
  derivmatch lr=0.01 iter=2720/3400 loss=0.7938
  derivmatch lr=0.01 iter=2890/3400 loss=0.4557
  derivmatch lr=0.01 iter=3060/3400 loss=2.191
  derivmatch lr=0.01 iter=3230/3400 loss=1.158
  derivmatch lr=0.01 iter=3400/3400 loss=0.1958
  derivmatch lr=0.01 iter=3400/3400 loss=0.01944
  derivmatch lr=0.003 iter=125/2500 loss=0.008047
  derivmatch lr=0.003 iter=250/2500 loss=0.01518
  derivmatch lr=0.003 iter=375/2500 loss=0.01819
  derivmatch lr=0.003 iter=500/2500 loss=0.01799
  derivmatch lr=0.003 iter=625/2500 loss=0.01628
  derivmatch lr=0.003 iter=750/2500 loss=0.01597
  derivmatch lr=0.003 iter=875/2500 loss=0.01461
  derivmatch lr=0.003 iter=1000/2500 loss=0.01475
  derivmatch lr=0.003 iter=1125/2500 loss=0.01134
  derivmatch lr=0.003 iter=1250/2500 loss=0.01243
  derivmatch lr=0.003 iter=1375/2500 loss=0.01332
  derivmatch lr=0.003 iter=1500/2500 loss=0.01237
  derivmatch lr=0.003 iter=1625/2500 loss=0.01944
  derivmatch lr=0.003 iter=1750/2500 loss=0.01705
  derivmatch lr=0.003 iter=1875/2500 loss=0.01014
  derivmatch lr=0.003 iter=2000/2500 loss=0.0216
  derivmatch lr=0.003 iter=2125/2500 loss=0.0103
  derivmatch lr=0.003 iter=2250/2500 loss=0.01516
  derivmatch lr=0.003 iter=2375/2500 loss=0.01897
  derivmatch lr=0.003 iter=2500/2500 loss=0.01751
  derivmatch lr=0.003 iter=2500/2500 loss=0.004206
  derivmatch lr=0.001 iter=125/2500 loss=0.001019
  derivmatch lr=0.001 iter=250/2500 loss=0.000919
  derivmatch lr=0.001 iter=375/2500 loss=0.0008456
  derivmatch lr=0.001 iter=500/2500 loss=0.00103
  derivmatch lr=0.001 iter=625/2500 loss=0.0007261
  derivmatch lr=0.001 iter=750/2500 loss=0.0008894
  derivmatch lr=0.001 iter=875/2500 loss=0.005336
  derivmatch lr=0.001 iter=1000/2500 loss=0.002978
  derivmatch lr=0.001 iter=1125/2500 loss=0.0006726
  derivmatch lr=0.001 iter=1250/2500 loss=0.001222
  derivmatch lr=0.001 iter=1375/2500 loss=0.0019
  derivmatch lr=0.001 iter=1500/2500 loss=0.001742
  derivmatch lr=0.001 iter=1625/2500 loss=0.001043
  derivmatch lr=0.001 iter=1750/2500 loss=0.0005158
  derivmatch lr=0.001 iter=1875/2500 loss=0.001264
  derivmatch lr=0.001 iter=2000/2500 loss=0.007403
  derivmatch lr=0.001 iter=2125/2500 loss=0.001433
  derivmatch lr=0.001 iter=2250/2500 loss=0.0005412
  derivmatch lr=0.001 iter=2375/2500 loss=0.00087
  derivmatch lr=0.001 iter=2500/2500 loss=0.0006385
  derivmatch lr=0.001 iter=2500/2500 loss=0.000428
  derivmatch lr=0.0003 iter=80/1600 loss=0.0004465
  derivmatch lr=0.0003 iter=160/1600 loss=0.0004251
  derivmatch lr=0.0003 iter=240/1600 loss=0.0004225
  derivmatch lr=0.0003 iter=320/1600 loss=0.0004196
  derivmatch lr=0.0003 iter=400/1600 loss=0.0004164
  derivmatch lr=0.0003 iter=480/1600 loss=0.0004129
  derivmatch lr=0.0003 iter=560/1600 loss=0.0004091
  derivmatch lr=0.0003 iter=640/1600 loss=0.0004051
  derivmatch lr=0.0003 iter=720/1600 loss=0.000401
  derivmatch lr=0.0003 iter=800/1600 loss=0.0003967
  derivmatch lr=0.0003 iter=880/1600 loss=0.0003922
  derivmatch lr=0.0003 iter=960/1600 loss=0.0003876
  derivmatch lr=0.0003 iter=1040/1600 loss=0.0003829
  derivmatch lr=0.0003 iter=1120/1600 loss=0.0003781
  derivmatch lr=0.0003 iter=1200/1600 loss=0.0003733
  derivmatch lr=0.0003 iter=1280/1600 loss=0.0003684
  derivmatch lr=0.0003 iter=1360/1600 loss=0.0003635
  derivmatch lr=0.0003 iter=1440/1600 loss=0.0004424
  derivmatch lr=0.0003 iter=1520/1600 loss=0.0003566
  derivmatch lr=0.0003 iter=1600/1600 loss=0.0003522
  derivmatch lr=0.0003 iter=1600/1600 loss=0.0003522
derivative matching [32s]  fitloss=0.000352
  [derivative matching]  nrmse=0.3148  l2=325.1
  shooting iter=50/1000 loss=0.5652
  shooting iter=100/1000 loss=0.4413
  shooting iter=150/1000 loss=4.591e27
  shooting iter=200/1000 loss=4.591e27
  shooting iter=250/1000 loss=4.591e27
