Task 235/600: --problem davis-skodje --param 1e-3 --model stiff --profile fast --seed 335 --pretraining derivmatch --training collocation
Logging to /home/txenakis/projects/BVPsolver/logs/run_main_23642156_235.log
davis-skodje  model=stiff width=12 d=2 tlen=300 profile=fast seed=335  solver=Rodas5P  N=268
  derivmatch lr=0.01 iter=170/3400 loss=0.5932
  derivmatch lr=0.01 iter=340/3400 loss=0.1311
  derivmatch lr=0.01 iter=510/3400 loss=0.1107
  derivmatch lr=0.01 iter=680/3400 loss=0.09297
  derivmatch lr=0.01 iter=850/3400 loss=0.08244
  derivmatch lr=0.01 iter=1020/3400 loss=0.07547
  derivmatch lr=0.01 iter=1190/3400 loss=0.07029
  derivmatch lr=0.01 iter=1360/3400 loss=0.06606
  derivmatch lr=0.01 iter=1530/3400 loss=0.06243
  derivmatch lr=0.01 iter=1700/3400 loss=0.05928
  derivmatch lr=0.01 iter=1870/3400 loss=0.05656
  derivmatch lr=0.01 iter=2040/3400 loss=0.05421
  derivmatch lr=0.01 iter=2210/3400 loss=0.05214
  derivmatch lr=0.01 iter=2380/3400 loss=0.05027
  derivmatch lr=0.01 iter=2550/3400 loss=0.04853
  derivmatch lr=0.01 iter=2720/3400 loss=0.04692
  derivmatch lr=0.01 iter=2890/3400 loss=0.04541
  derivmatch lr=0.01 iter=3060/3400 loss=0.04398
  derivmatch lr=0.01 iter=3230/3400 loss=0.04263
  derivmatch lr=0.01 iter=3400/3400 loss=0.04134
  derivmatch lr=0.01 iter=3400/3400 loss=0.03325
  derivmatch lr=0.003 iter=125/2500 loss=0.01763
  derivmatch lr=0.003 iter=250/2500 loss=0.01365
  derivmatch lr=0.003 iter=375/2500 loss=0.01464
  derivmatch lr=0.003 iter=500/2500 loss=0.01462
  derivmatch lr=0.003 iter=625/2500 loss=0.01272
  derivmatch lr=0.003 iter=750/2500 loss=0.01364
  derivmatch lr=0.003 iter=875/2500 loss=0.01197
  derivmatch lr=0.003 iter=1000/2500 loss=0.01298
  derivmatch lr=0.003 iter=1125/2500 loss=0.01143
  derivmatch lr=0.003 iter=1250/2500 loss=0.01248
  derivmatch lr=0.003 iter=1375/2500 loss=0.01102
  derivmatch lr=0.003 iter=1500/2500 loss=0.0121
  derivmatch lr=0.003 iter=1625/2500 loss=0.0107
  derivmatch lr=0.003 iter=1750/2500 loss=0.0118
  derivmatch lr=0.003 iter=1875/2500 loss=0.01044
  derivmatch lr=0.003 iter=2000/2500 loss=0.01155
  derivmatch lr=0.003 iter=2125/2500 loss=0.01023
  derivmatch lr=0.003 iter=2250/2500 loss=0.01134
  derivmatch lr=0.003 iter=2375/2500 loss=0.01004
  derivmatch lr=0.003 iter=2500/2500 loss=0.01115
  derivmatch lr=0.003 iter=2500/2500 loss=0.009938
  derivmatch lr=0.001 iter=125/2500 loss=0.009939
  derivmatch lr=0.001 iter=250/2500 loss=0.008671
  derivmatch lr=0.001 iter=375/2500 loss=0.007535
  derivmatch lr=0.001 iter=500/2500 loss=0.006602
  derivmatch lr=0.001 iter=625/2500 loss=0.00585
  derivmatch lr=0.001 iter=750/2500 loss=0.005516
  derivmatch lr=0.001 iter=875/2500 loss=0.006236
  derivmatch lr=0.001 iter=1000/2500 loss=0.005147
  derivmatch lr=0.001 iter=1125/2500 loss=0.006017
  derivmatch lr=0.001 iter=1250/2500 loss=0.004484
  derivmatch lr=0.001 iter=1375/2500 loss=0.00598
  derivmatch lr=0.001 iter=1500/2500 loss=0.006372
  derivmatch lr=0.001 iter=1625/2500 loss=0.003888
  derivmatch lr=0.001 iter=1750/2500 loss=0.006483
  derivmatch lr=0.001 iter=1875/2500 loss=0.003433
  derivmatch lr=0.001 iter=2000/2500 loss=0.005029
  derivmatch lr=0.001 iter=2125/2500 loss=0.004648
  derivmatch lr=0.001 iter=2250/2500 loss=0.003375
  derivmatch lr=0.001 iter=2375/2500 loss=0.002981
  derivmatch lr=0.001 iter=2500/2500 loss=0.002911
  derivmatch lr=0.001 iter=2500/2500 loss=0.002911
  derivmatch lr=0.0003 iter=80/1600 loss=0.002918
  derivmatch lr=0.0003 iter=160/1600 loss=0.002883
  derivmatch lr=0.0003 iter=240/1600 loss=0.002862
  derivmatch lr=0.0003 iter=320/1600 loss=0.002838
  derivmatch lr=0.0003 iter=400/1600 loss=0.002811
  derivmatch lr=0.0003 iter=480/1600 loss=0.002783
  derivmatch lr=0.0003 iter=560/1600 loss=0.002752
  derivmatch lr=0.0003 iter=640/1600 loss=0.00272
  derivmatch lr=0.0003 iter=720/1600 loss=0.002686
  derivmatch lr=0.0003 iter=800/1600 loss=0.002651
  derivmatch lr=0.0003 iter=880/1600 loss=0.002615
  derivmatch lr=0.0003 iter=960/1600 loss=0.002578
  derivmatch lr=0.0003 iter=1040/1600 loss=0.002541
  derivmatch lr=0.0003 iter=1120/1600 loss=0.002503
  derivmatch lr=0.0003 iter=1200/1600 loss=0.002464
  derivmatch lr=0.0003 iter=1280/1600 loss=0.002426
  derivmatch lr=0.0003 iter=1360/1600 loss=0.003354
  derivmatch lr=0.0003 iter=1440/1600 loss=0.002363
  derivmatch lr=0.0003 iter=1520/1600 loss=0.002333
  derivmatch lr=0.0003 iter=1600/1600 loss=0.002303
  derivmatch lr=0.0003 iter=1600/1600 loss=0.002303
derivative matching [31s]  fitloss=0.0023
  [derivative matching]  nrmse=0.06812  l2=3.337
  collocation: M=300 residuals=2394  detecting sparsity + solving...

Algorithm: LevenbergMarquardt(
    trustregion = LevenbergMarquardtTrustRegion(
        β_uphill = 0.0
    ),
    descent = GeodesicAcceleration(
        descent = DampedNewtonDescent(
            linsolve = KLUFactorization(
                reuse_symbolic = true,
                check_pattern = true
            ),
            initial_damping = 1.0,
            damping_fn = LevenbergMarquardtDampingFunction(
                increase_factor = 2.0,
                decrease_factor = 3.0,
                min_damping = 1.0e-8
            ),
            min_norm_mode = :auto
        ),
        finite_diff_step_geodesic = 0.1,
        α = 0.75
    ),
    autodiff = AutoForwardDiff(),
    vjp_autodiff = AutoFiniteDiff(
        fdtype = Val{:forward}(),
        fdjtype = Val{:forward}(),
        fdhtype = Val{:hcentral}(),
        dir = true
    ),
    jvp_autodiff = AutoForwardDiff(),
    concrete_jac = Val{true}()
)

----    	-------------       	-----------         
Iter    	f(u) 2-norm         	Step 2-norm         
----    	-------------       	-----------         
0       	4.48180676e+01      	1.00000000e+00      
1       	4.48180676e+01      	0.00000000e+00      
8       	4.01231654e-01      	7.94474098e-02      
15      	1.18742798e-02      	1.32569563e-02      
22      	5.11442463e+00      	5.77889290e-01      
29      	3.99477432e+00      	0.00000000e+00      
36      	3.99477432e+00      	0.00000000e+00      
43      	3.99477432e+00      	0.00000000e+00      
50      	3.99477432e+00      	0.00000000e+00      
57      	2.25627442e+00      	0.00000000e+00      
64      	6.95540609e-03      	8.14369248e-04      
71      	6.57303471e-03      	9.38640525e-03      
78      	1.21416091e-01      	0.00000000e+00      
85      	6.18497856e-03      	1.18243755e-03      
92      	5.74635097e-03      	2.81020920e-02      
99      	8.50642244e-02      	0.00000000e+00      
106     	5.57339407e-03      	1.85994064e-03      
113     	5.15820887e-01      	0.00000000e+00      
120     	8.07157487e-01      	0.00000000e+00      
127     	8.07157487e-01      	0.00000000e+00      
134     	8.07157487e-01      	0.00000000e+00      
141     	9.09326766e-03      	1.63230576e-03      
148     	5.22636264e-03      	3.57034222e-04      
Final   	5.21069968e-03      
----------------------      
  AMR 1/3: M=300  err=2.53e-6  obs=8.92e-5  nrmse=0.118  best=0.0681  refined=2
  collocation: M=302 residuals=2406  detecting sparsity + solving...

Algorithm: LevenbergMarquardt(
    trustregion = LevenbergMarquardtTrustRegion(
        β_uphill = 0.0
    ),
    descent = GeodesicAcceleration(
        descent = DampedNewtonDescent(
            linsolve = KLUFactorization(
                reuse_symbolic = true,
                check_pattern = true
            ),
            initial_damping = 1.0,
            damping_fn = LevenbergMarquardtDampingFunction(
                increase_factor = 2.0,
                decrease_factor = 3.0,
                min_damping = 1.0e-8
            ),
            min_norm_mode = :auto
        ),
        finite_diff_step_geodesic = 0.1,
        α = 0.75
    ),
    autodiff = AutoForwardDiff(),
    vjp_autodiff = AutoFiniteDiff(
        fdtype = Val{:forward}(),
        fdjtype = Val{:forward}(),
        fdhtype = Val{:hcentral}(),
        dir = true
    ),
    jvp_autodiff = AutoForwardDiff(),
    concrete_jac = Val{true}()
)

----    	-------------       	-----------         
Iter    	f(u) 2-norm         	Step 2-norm         
----    	-------------       	-----------         
0       	5.33808446e+01      	6.59574985e-01      
1       	5.33808446e+01      	0.00000000e+00      
8       	5.33808446e+01      	0.00000000e+00      
15      	2.99298146e+00      	6.46485052e-02      
22      	4.29552764e-02      	2.92921445e-02      
29      	5.61182962e-03      	7.35577245e-02      
36      	4.63250035e+00      	0.00000000e+00      
43      	4.63250035e+00      	0.00000000e+00      
50      	4.63250035e+00      	0.00000000e+00      
57      	4.63250035e+00      	0.00000000e+00      
64      	2.59978840e+00      	3.20729033e-02      
71      	1.04949791e+00      	1.66364376e-02      
78      	4.75700345e-03      	2.98933270e-04      
85      	5.86820400e-03      	3.32026403e-02      
92      	2.94432044e+00      	2.26458080e-01      
99      	2.94432044e+00      	0.00000000e+00      
106     	2.94432044e+00      	0.00000000e+00      
113     	2.94432044e+00      	0.00000000e+00      
120     	2.94432044e+00      	0.00000000e+00      
127     	1.07868999e+00      	1.68375790e-02      
134     	4.12993776e-03      	5.74141452e-04      
141     	4.02517477e-03      	9.32732242e-04      
148     	4.16481586e-02      	0.00000000e+00      
Final   	3.99284344e-03      
----------------------      
  AMR 2/3: M=302  err=1.29e-6  obs=5.94e-5  nrmse=0.00145  best=0.00145  refined=2
  collocation: M=305 residuals=2424  detecting sparsity + solving...

Algorithm: LevenbergMarquardt(
    trustregion = LevenbergMarquardtTrustRegion(
        β_uphill = 0.0
    ),
    descent = GeodesicAcceleration(
        descent = DampedNewtonDescent(
            linsolve = KLUFactorization(
                reuse_symbolic = true,
                check_pattern = true
            ),
            initial_damping = 1.0,
            damping_fn = LevenbergMarquardtDampingFunction(
                increase_factor = 2.0,
                decrease_factor = 3.0,
                min_damping = 1.0e-8
            ),
            min_norm_mode = :auto
        ),
        finite_diff_step_geodesic = 0.1,
        α = 0.75
    ),
    autodiff = AutoForwardDiff(),
    vjp_autodiff = AutoFiniteDiff(
        fdtype = Val{:forward}(),
        fdjtype = Val{:forward}(),
        fdhtype = Val{:hcentral}(),
        dir = true
    ),
    jvp_autodiff = AutoForwardDiff(),
    concrete_jac = Val{true}()
)

----    	-------------       	-----------         
Iter    	f(u) 2-norm         	Step 2-norm         
----    	-------------       	-----------         
0       	6.97646436e+01      	3.90487719e-308     
1       	6.97646436e+01      	0.00000000e+00      
8       	6.97646436e+01      	0.00000000e+00      
15      	1.46423819e+02      	3.34436259e-01      
22      	6.15161289e+01      	0.00000000e+00      
29      	1.21325694e+01      	2.57638633e-01      
36      	1.85104903e+00      	5.18464988e-01      
43      	1.24145774e+01      	0.00000000e+00      
50      	2.17058963e-01      	9.85546169e-02      
57      	7.11522609e+00      	1.20849035e+00      
64      	8.96810906e+00      	0.00000000e+00      
71      	1.53719854e+00      	9.20831663e-01      
78      	7.24311614e+00      	0.00000000e+00      
85      	1.71253205e+01      	0.00000000e+00      
92      	6.97849254e+03      	0.00000000e+00      
99      	6.97849254e+03      	0.00000000e+00      
106     	6.97849254e+03      	0.00000000e+00      
113     	6.97849254e+03      	0.00000000e+00      
120     	6.97849254e+03      	0.00000000e+00      
127     	6.97849254e+03      	0.00000000e+00      
134     	6.97849254e+03      	0.00000000e+00      
141     	6.97849254e+03      	0.00000000e+00      
148     	2.12149155e+03      	2.94768673e+00      
Final   	3.93376495e-02      
----------------------      
  AMR 3/3: M=305  err=0.000308  obs=0.000708  nrmse=0.0187  best=0.00145  refined=0
collocation [142s]
  [final]  nrmse=0.001447  l2=0.06935
extrapolation window: T=15.0 -> T_test=30.0  n_test=600
  [train]  E_traj=1.228e-5  E_VF=0.02661  E_spec=0.2022
  [test ]  E_traj=2.639e8  E_VF=2.199e9  E_spec=0.5206
saved /orcd/home/002/txenakis/projects/BVPsolver/src/../data/runs/run_ZV6AHXZK/davis-skodje_fit.png
saved /orcd/home/002/txenakis/projects/BVPsolver/src/../data/runs/run_ZV6AHXZK/davis-skodje_fit_extrapolated.png
saved /orcd/home/002/txenakis/projects/BVPsolver/src/../data/runs/run_ZV6AHXZK/davis-skodje_spectral_fit_extrapolated.png
saved /orcd/home/002/txenakis/projects/BVPsolver/src/../data/runs/run_ZV6AHXZK/davis-skodje_vf_fit_extrapolated.png
┌ Warning: Attempting to store StiffNN.var"#22#23"{Float64}.
│ JLD2 only stores functions by name.
│  This may not be useful for anonymous functions.
└ @ JLD2 ~/.julia/packages/JLD2/ADycq/src/data/writing_datatypes.jl:447
saved run → /orcd/home/002/txenakis/projects/BVPsolver/src/../data/runs/run_ZV6AHXZK
--------------------------------------
Done: Thu Sep 24 08:19:23 EDT 2026
