Task 599/1800: --problem rober --model GELU-scaled --profile fast --seed 149 --pretraining derivmatch --training collocation
Logging to /home/txenakis/projects/BVPsolver/logs/run_main_23544358_599.log
rober  model=GELU-scaled width=7 d=3 tlen=50 profile=fast seed=149  solver=Rodas5  N=332
  derivmatch lr=0.01 iter=170/3400 loss=8.764
  derivmatch lr=0.01 iter=340/3400 loss=8.659
  derivmatch lr=0.01 iter=510/3400 loss=7.631
  derivmatch lr=0.01 iter=680/3400 loss=8.67
  derivmatch lr=0.01 iter=850/3400 loss=8.316
  derivmatch lr=0.01 iter=1020/3400 loss=7.936
  derivmatch lr=0.01 iter=1190/3400 loss=7.396
  derivmatch lr=0.01 iter=1360/3400 loss=5.928
  derivmatch lr=0.01 iter=1530/3400 loss=5.582
  derivmatch lr=0.01 iter=1700/3400 loss=6.901
  derivmatch lr=0.01 iter=1870/3400 loss=5.635
  derivmatch lr=0.01 iter=2040/3400 loss=5.324
  derivmatch lr=0.01 iter=2210/3400 loss=5.438
  derivmatch lr=0.01 iter=2380/3400 loss=8.739
  derivmatch lr=0.01 iter=2550/3400 loss=8.551
  derivmatch lr=0.01 iter=2720/3400 loss=8.386
  derivmatch lr=0.01 iter=2890/3400 loss=8.223
  derivmatch lr=0.01 iter=3060/3400 loss=8.046
  derivmatch lr=0.01 iter=3230/3400 loss=7.858
  derivmatch lr=0.01 iter=3400/3400 loss=7.717
  derivmatch lr=0.01 iter=3400/3400 loss=5.111
  derivmatch lr=0.003 iter=125/2500 loss=4.88
  derivmatch lr=0.003 iter=250/2500 loss=5.999
  derivmatch lr=0.003 iter=375/2500 loss=7.065
  derivmatch lr=0.003 iter=500/2500 loss=5.929
  derivmatch lr=0.003 iter=625/2500 loss=5.712
  derivmatch lr=0.003 iter=750/2500 loss=7.752
  derivmatch lr=0.003 iter=875/2500 loss=7.477
  derivmatch lr=0.003 iter=1000/2500 loss=7.222
  derivmatch lr=0.003 iter=1125/2500 loss=6.944
  derivmatch lr=0.003 iter=1250/2500 loss=6.577
  derivmatch lr=0.003 iter=1375/2500 loss=5.613
  derivmatch lr=0.003 iter=1500/2500 loss=4.879
  derivmatch lr=0.003 iter=1625/2500 loss=4.692
  derivmatch lr=0.003 iter=1750/2500 loss=4.566
  derivmatch lr=0.003 iter=1875/2500 loss=4.44
  derivmatch lr=0.003 iter=2000/2500 loss=4.316
  derivmatch lr=0.003 iter=2125/2500 loss=7.11
  derivmatch lr=0.003 iter=2250/2500 loss=6.1
  derivmatch lr=0.003 iter=2375/2500 loss=6.824
  derivmatch lr=0.003 iter=2500/2500 loss=4.71
  derivmatch lr=0.003 iter=2500/2500 loss=4.198
  derivmatch lr=0.001 iter=125/2500 loss=5.217
  derivmatch lr=0.001 iter=250/2500 loss=4.669
  derivmatch lr=0.001 iter=375/2500 loss=4.296
  derivmatch lr=0.001 iter=500/2500 loss=4.232
  derivmatch lr=0.001 iter=625/2500 loss=4.18
  derivmatch lr=0.001 iter=750/2500 loss=4.131
  derivmatch lr=0.001 iter=875/2500 loss=7.053
  derivmatch lr=0.001 iter=1000/2500 loss=6.408
  derivmatch lr=0.001 iter=1125/2500 loss=6.503
  derivmatch lr=0.001 iter=1250/2500 loss=4.516
  derivmatch lr=0.001 iter=1375/2500 loss=6.688
  derivmatch lr=0.001 iter=1500/2500 loss=6.194
  derivmatch lr=0.001 iter=1625/2500 loss=6.122
  derivmatch lr=0.001 iter=1750/2500 loss=4.835
  derivmatch lr=0.001 iter=1875/2500 loss=4.426
  derivmatch lr=0.001 iter=2000/2500 loss=4.335
  derivmatch lr=0.001 iter=2125/2500 loss=4.252
  derivmatch lr=0.001 iter=2250/2500 loss=4.174
  derivmatch lr=0.001 iter=2375/2500 loss=4.104
  derivmatch lr=0.001 iter=2500/2500 loss=4.037
  derivmatch lr=0.001 iter=2500/2500 loss=4.037
  derivmatch lr=0.0003 iter=80/1600 loss=4.731
  derivmatch lr=0.0003 iter=160/1600 loss=4.352
  derivmatch lr=0.0003 iter=240/1600 loss=4.022
  derivmatch lr=0.0003 iter=320/1600 loss=4.011
  derivmatch lr=0.0003 iter=400/1600 loss=4.003
  derivmatch lr=0.0003 iter=480/1600 loss=3.995
  derivmatch lr=0.0003 iter=560/1600 loss=3.986
  derivmatch lr=0.0003 iter=640/1600 loss=3.977
  derivmatch lr=0.0003 iter=720/1600 loss=3.967
  derivmatch lr=0.0003 iter=800/1600 loss=3.957
  derivmatch lr=0.0003 iter=880/1600 loss=3.947
  derivmatch lr=0.0003 iter=960/1600 loss=3.936
  derivmatch lr=0.0003 iter=1040/1600 loss=3.924
  derivmatch lr=0.0003 iter=1120/1600 loss=3.913
  derivmatch lr=0.0003 iter=1200/1600 loss=3.9
  derivmatch lr=0.0003 iter=1280/1600 loss=3.888
  derivmatch lr=0.0003 iter=1360/1600 loss=3.874
  derivmatch lr=0.0003 iter=1440/1600 loss=3.86
  derivmatch lr=0.0003 iter=1520/1600 loss=3.846
  derivmatch lr=0.0003 iter=1600/1600 loss=3.831
  derivmatch lr=0.0003 iter=1600/1600 loss=3.831
derivative matching [26s]  fitloss=3.83
  [derivative matching]  nrmse=23.84  l2=0.2335
  collocation: M=54 residuals=627  detecting sparsity + solving...

Algorithm: LevenbergMarquardt(
    trustregion = LevenbergMarquardtTrustRegion(
        β_uphill = 0.0
    ),
    descent = GeodesicAcceleration(
        descent = DampedNewtonDescent(
            linsolve = KLUFactorization(
                reuse_symbolic = true,
                check_pattern = true
            ),
            initial_damping = 1.0,
            damping_fn = LevenbergMarquardtDampingFunction(
                increase_factor = 2.0,
                decrease_factor = 3.0,
                min_damping = 1.0e-8
            ),
            min_norm_mode = :auto
        ),
        finite_diff_step_geodesic = 0.1,
        α = 0.75
    ),
    autodiff = AutoForwardDiff(),
    vjp_autodiff = AutoFiniteDiff(
        fdtype = Val{:forward}(),
        fdjtype = Val{:forward}(),
        fdhtype = Val{:hcentral}(),
        dir = true
    ),
    jvp_autodiff = AutoForwardDiff(),
    concrete_jac = Val{true}()
)

----    	-------------       	-----------         
Iter    	f(u) 2-norm         	Step 2-norm         
----    	-------------       	-----------         
0       	1.19434926e+05      	2.20801232e-302     
1       	1.19434926e+05      	0.00000000e+00      
8       	6.28092936e+04      	2.92133080e-02      
15      	5.41024435e+03      	1.35446458e-01      
22      	5.41024435e+03      	0.00000000e+00      
29      	3.03032612e+03      	0.00000000e+00      
36      	3.08565186e+03      	0.00000000e+00      
43      	3.01820000e+03      	1.20508503e-02      
50      	2.89616449e+03      	1.94337265e-02      
57      	7.22382784e+03      	0.00000000e+00      
64      	2.74919230e+03      	1.20140294e-02      
71      	3.71544864e+03      	2.88484282e-02      
78      	2.21210022e+03      	0.00000000e+00      
85      	3.64454589e+03      	0.00000000e+00      
92      	2.94614534e+03      	1.01688927e-02      
99      	7.53534772e+03      	0.00000000e+00      
106     	3.76207507e+03      	1.54864364e-02      
113     	3.13634952e+03      	0.00000000e+00      
120     	7.75444315e+03      	0.00000000e+00      
127     	3.19412034e+03      	6.93656395e-03      
134     	3.23675245e+03      	0.00000000e+00      
141     	3.64909310e+03      	1.92731155e-02      
148     	3.40210618e+03      	1.47077007e-02      
Final   	2.21210022e+03      
----------------------      
  rollout FAILED: Unstable at t=184.20699693267164 of 1000.0
  AMR 1/1: M=54  err=939000.0  obs=0.00288  nrmse=Inf  best=23.8  refined=0
 derivative matching was best (1/1 rounds ran)
collocation [18s]
  [final]  nrmse=23.84  l2=0.2335
extrapolation window: T=1000.0 -> T_test=1.0e12  n_test=100
  [train]  E_traj=1479.0  E_VF=0.5157  E_spec=2.701e21
  [test ]  E_traj=NaN  E_VF=NaN  E_spec=NaN
saved /orcd/home/002/txenakis/projects/BVPsolver/src/../data/runs/run_tsNpuK6r/rober_fit.png
saved /orcd/home/002/txenakis/projects/BVPsolver/src/../data/runs/run_tsNpuK6r/rober_fit_extrapolated.png
saved /orcd/home/002/txenakis/projects/BVPsolver/src/../data/runs/run_tsNpuK6r/rober_spectral_fit_extrapolated.png
saved /orcd/home/002/txenakis/projects/BVPsolver/src/../data/runs/run_tsNpuK6r/rober_vf_fit_extrapolated.png
┌ Warning: Attempting to store StiffNN.var"#12#13"{Float64, Float64, Float64}.
│ JLD2 only stores functions by name.
│  This may not be useful for anonymous functions.
└ @ JLD2 ~/.julia/packages/JLD2/ADycq/src/data/writing_datatypes.jl:447
saved run → /orcd/home/002/txenakis/projects/BVPsolver/src/../data/runs/run_tsNpuK6r
--------------------------------------
Done: Wed Sep 23 09:39:51 EDT 2026
