Task 67/150: --problem rober --model mlp --profile fast --seed 37 --pretraining derivmatch --training shooting
Logging to /home/txenakis/projects/BVPsolver/logs/run_main_22277775_67.log
rober  model=mlp width=15 d=3 tlen=50 profile=fast seed=37  solver=Rodas5  N=348
  derivmatch lr=0.01 iter=170/3400 loss=32.14
  derivmatch lr=0.01 iter=340/3400 loss=40.07
  derivmatch lr=0.01 iter=510/3400 loss=35.17
  derivmatch lr=0.01 iter=680/3400 loss=40.97
  derivmatch lr=0.01 iter=850/3400 loss=32.21
  derivmatch lr=0.01 iter=1020/3400 loss=51.85
  derivmatch lr=0.01 iter=1190/3400 loss=51.57
  derivmatch lr=0.01 iter=1360/3400 loss=50.84
  derivmatch lr=0.01 iter=1530/3400 loss=39.31
  derivmatch lr=0.01 iter=1700/3400 loss=43.08
  derivmatch lr=0.01 iter=1870/3400 loss=38.38
  derivmatch lr=0.01 iter=2040/3400 loss=45.33
  derivmatch lr=0.01 iter=2210/3400 loss=49.1
  derivmatch lr=0.01 iter=2380/3400 loss=33.43
  derivmatch lr=0.01 iter=2550/3400 loss=77.83
  derivmatch lr=0.01 iter=2720/3400 loss=38.24
  derivmatch lr=0.01 iter=2890/3400 loss=37.36
  derivmatch lr=0.01 iter=3060/3400 loss=38.65
  derivmatch lr=0.01 iter=3230/3400 loss=44.13
  derivmatch lr=0.01 iter=3400/3400 loss=44.73
  derivmatch lr=0.01 iter=3400/3400 loss=21.59
  derivmatch lr=0.003 iter=125/2500 loss=29.57
  derivmatch lr=0.003 iter=250/2500 loss=25.03
  derivmatch lr=0.003 iter=375/2500 loss=16.95
  derivmatch lr=0.003 iter=500/2500 loss=33.22
  derivmatch lr=0.003 iter=625/2500 loss=34.87
  derivmatch lr=0.003 iter=750/2500 loss=26.69
  derivmatch lr=0.003 iter=875/2500 loss=22.74
  derivmatch lr=0.003 iter=1000/2500 loss=17.33
  derivmatch lr=0.003 iter=1125/2500 loss=41.61
  derivmatch lr=0.003 iter=1250/2500 loss=37.18
  derivmatch lr=0.003 iter=1375/2500 loss=41.37
  derivmatch lr=0.003 iter=1500/2500 loss=39.1
  derivmatch lr=0.003 iter=1625/2500 loss=34.8
  derivmatch lr=0.003 iter=1750/2500 loss=27.8
  derivmatch lr=0.003 iter=1875/2500 loss=33.34
  derivmatch lr=0.003 iter=2000/2500 loss=28.81
  derivmatch lr=0.003 iter=2125/2500 loss=32.28
  derivmatch lr=0.003 iter=2250/2500 loss=32.25
  derivmatch lr=0.003 iter=2375/2500 loss=31.85
  derivmatch lr=0.003 iter=2500/2500 loss=23.24
  derivmatch lr=0.003 iter=2500/2500 loss=12.84
  derivmatch lr=0.001 iter=125/2500 loss=21.41
  derivmatch lr=0.001 iter=250/2500 loss=22.61
  derivmatch lr=0.001 iter=375/2500 loss=20.85
  derivmatch lr=0.001 iter=500/2500 loss=19.87
  derivmatch lr=0.001 iter=625/2500 loss=16.37
  derivmatch lr=0.001 iter=750/2500 loss=10.31
  derivmatch lr=0.001 iter=875/2500 loss=10.46
  derivmatch lr=0.001 iter=1000/2500 loss=8.177
  derivmatch lr=0.001 iter=1125/2500 loss=19.12
  derivmatch lr=0.001 iter=1250/2500 loss=13.58
  derivmatch lr=0.001 iter=1375/2500 loss=9.789
  derivmatch lr=0.001 iter=1500/2500 loss=31.98
  derivmatch lr=0.001 iter=1625/2500 loss=29.1
  derivmatch lr=0.001 iter=1750/2500 loss=25.93
  derivmatch lr=0.001 iter=1875/2500 loss=22.24
  derivmatch lr=0.001 iter=2000/2500 loss=22.81
  derivmatch lr=0.001 iter=2125/2500 loss=22.81
  derivmatch lr=0.001 iter=2250/2500 loss=22.44
  derivmatch lr=0.001 iter=2375/2500 loss=25.74
  derivmatch lr=0.001 iter=2500/2500 loss=22.03
  derivmatch lr=0.001 iter=2500/2500 loss=7.788
  derivmatch lr=0.0003 iter=80/1600 loss=7.929
  derivmatch lr=0.0003 iter=160/1600 loss=7.72
  derivmatch lr=0.0003 iter=240/1600 loss=7.605
  derivmatch lr=0.0003 iter=320/1600 loss=7.38
  derivmatch lr=0.0003 iter=400/1600 loss=7.614
  derivmatch lr=0.0003 iter=480/1600 loss=7.511
  derivmatch lr=0.0003 iter=560/1600 loss=17.57
  derivmatch lr=0.0003 iter=640/1600 loss=16.86
  derivmatch lr=0.0003 iter=720/1600 loss=15.98
  derivmatch lr=0.0003 iter=800/1600 loss=12.52
  derivmatch lr=0.0003 iter=880/1600 loss=9.536
  derivmatch lr=0.0003 iter=960/1600 loss=7.592
  derivmatch lr=0.0003 iter=1040/1600 loss=7.678
  derivmatch lr=0.0003 iter=1120/1600 loss=7.145
  derivmatch lr=0.0003 iter=1200/1600 loss=7.39
  derivmatch lr=0.0003 iter=1280/1600 loss=6.959
  derivmatch lr=0.0003 iter=1360/1600 loss=7.323
  derivmatch lr=0.0003 iter=1440/1600 loss=7.213
  derivmatch lr=0.0003 iter=1520/1600 loss=11.13
  derivmatch lr=0.0003 iter=1600/1600 loss=7.451
  derivmatch lr=0.0003 iter=1600/1600 loss=6.844
derivative matching [24s]  fitloss=6.84
  [derivative matching]  nrmse=63.77  l2=1.116
  shooting iter=50/1000 loss=16.58
  shooting iter=100/1000 loss=10.93
  shooting iter=150/1000 loss=11.73
  shooting iter=200/1000 loss=8.52
  shooting iter=250/1000 loss=7.816
  shooting iter=300/1000 loss=4.422
  shooting iter=350/1000 loss=5.43
  shooting iter=400/1000 loss=2.096
  shooting iter=450/1000 loss=2.405
  shooting iter=500/1000 loss=3.104
  shooting iter=550/1000 loss=1.479
  shooting iter=600/1000 loss=2.301
  shooting iter=650/1000 loss=4.781
  shooting iter=700/1000 loss=3.021
  shooting iter=750/1000 loss=1.591
  shooting iter=800/1000 loss=1.806
  shooting iter=850/1000 loss=4.03
  shooting iter=900/1000 loss=3.48
  shooting iter=950/1000 loss=5.575
  shooting iter=1000/1000 loss=1.768
  shooting iter=1000/1000 loss=1.078
shooting [427s]  loss=1.08
  [final]  nrmse=4.315  l2=3.718
extrapolation window: T=1000.0 -> T_test=1.0e12  n_test=100
  [train]  E_traj=49.23  E_VF=92.33  E_spec=1.171e28
  [test ]  E_traj=114.0  E_VF=5.878e16  E_spec=4.14e28
saved /orcd/home/002/txenakis/projects/BVPsolver/src/../data/runs/run_YAPh7kYT/rober_fit.png
saved /orcd/home/002/txenakis/projects/BVPsolver/src/../data/runs/run_YAPh7kYT/rober_fit_extrapolated.png
saved /orcd/home/002/txenakis/projects/BVPsolver/src/../data/runs/run_YAPh7kYT/rober_spectral_fit_extrapolated.png
saved /orcd/home/002/txenakis/projects/BVPsolver/src/../data/runs/run_YAPh7kYT/rober_vf_fit_extrapolated.png
┌ Warning: Attempting to store StiffNN.var"#12#13"{Float64, Float64, Float64}.
│ JLD2 only stores functions by name.
│  This may not be useful for anonymous functions.
└ @ JLD2 ~/.julia/packages/JLD2/ADycq/src/data/writing_datatypes.jl:447
saved run → /orcd/home/002/txenakis/projects/BVPsolver/src/../data/runs/run_YAPh7kYT
--------------------------------------
Done: Tue Sep  8 06:11:30 EDT 2026
