Task 97/120: --problem davis-skodje --param 1e-5 --model GELU-scaled --profile fast --seed 47 --pretraining derivmatch --training shooting
Logging to /home/txenakis/projects/BVPsolver/logs/run_main_22277856_97.log
davis-skodje  model=GELU-scaled width=7 d=2 tlen=300 profile=fast seed=47  solver=Rodas5P  N=317
  derivmatch lr=0.01 iter=170/3400 loss=0.22
  derivmatch lr=0.01 iter=340/3400 loss=0.1285
  derivmatch lr=0.01 iter=510/3400 loss=0.1307
  derivmatch lr=0.01 iter=680/3400 loss=0.1121
  derivmatch lr=0.01 iter=850/3400 loss=0.1107
  derivmatch lr=0.01 iter=1020/3400 loss=0.1073
  derivmatch lr=0.01 iter=1190/3400 loss=0.1038
  derivmatch lr=0.01 iter=1360/3400 loss=0.1005
  derivmatch lr=0.01 iter=1530/3400 loss=0.09738
  derivmatch lr=0.01 iter=1700/3400 loss=0.09425
  derivmatch lr=0.01 iter=1870/3400 loss=0.09086
  derivmatch lr=0.01 iter=2040/3400 loss=0.08672
  derivmatch lr=0.01 iter=2210/3400 loss=0.08096
  derivmatch lr=0.01 iter=2380/3400 loss=0.06857
  derivmatch lr=0.01 iter=2550/3400 loss=0.04329
  derivmatch lr=0.01 iter=2720/3400 loss=0.03138
  derivmatch lr=0.01 iter=2890/3400 loss=0.02108
  derivmatch lr=0.01 iter=3060/3400 loss=0.01532
  derivmatch lr=0.01 iter=3230/3400 loss=0.01195
  derivmatch lr=0.01 iter=3400/3400 loss=0.009147
  derivmatch lr=0.01 iter=3400/3400 loss=0.008867
  derivmatch lr=0.003 iter=125/2500 loss=0.007033
  derivmatch lr=0.003 iter=250/2500 loss=0.006531
  derivmatch lr=0.003 iter=375/2500 loss=0.006105
  derivmatch lr=0.003 iter=500/2500 loss=0.00662
  derivmatch lr=0.003 iter=625/2500 loss=0.006204
  derivmatch lr=0.003 iter=750/2500 loss=0.004899
  derivmatch lr=0.003 iter=875/2500 loss=0.004487
  derivmatch lr=0.003 iter=1000/2500 loss=0.005343
  derivmatch lr=0.003 iter=1125/2500 loss=0.003675
  derivmatch lr=0.003 iter=1250/2500 loss=0.004069
  derivmatch lr=0.003 iter=1375/2500 loss=0.003048
  derivmatch lr=0.003 iter=1500/2500 loss=0.002691
  derivmatch lr=0.003 iter=1625/2500 loss=0.002435
  derivmatch lr=0.003 iter=1750/2500 loss=0.002636
  derivmatch lr=0.003 iter=1875/2500 loss=0.00291
  derivmatch lr=0.003 iter=2000/2500 loss=0.00223
  derivmatch lr=0.003 iter=2125/2500 loss=0.00206
  derivmatch lr=0.003 iter=2250/2500 loss=0.002532
  derivmatch lr=0.003 iter=2375/2500 loss=0.001548
  derivmatch lr=0.003 iter=2500/2500 loss=0.001591
  derivmatch lr=0.003 iter=2500/2500 loss=0.001086
  derivmatch lr=0.001 iter=125/2500 loss=0.0009781
  derivmatch lr=0.001 iter=250/2500 loss=0.001394
  derivmatch lr=0.001 iter=375/2500 loss=0.0007992
  derivmatch lr=0.001 iter=500/2500 loss=0.0007382
  derivmatch lr=0.001 iter=625/2500 loss=0.0006871
  derivmatch lr=0.001 iter=750/2500 loss=0.0006378
  derivmatch lr=0.001 iter=875/2500 loss=0.000591
  derivmatch lr=0.001 iter=1000/2500 loss=0.0005476
  derivmatch lr=0.001 iter=1125/2500 loss=0.0005078
  derivmatch lr=0.001 iter=1250/2500 loss=0.0004718
  derivmatch lr=0.001 iter=1375/2500 loss=0.0004397
  derivmatch lr=0.001 iter=1500/2500 loss=0.0004115
  derivmatch lr=0.001 iter=1625/2500 loss=0.0003868
  derivmatch lr=0.001 iter=1750/2500 loss=0.0003921
  derivmatch lr=0.001 iter=1875/2500 loss=0.0003502
  derivmatch lr=0.001 iter=2000/2500 loss=0.0003631
  derivmatch lr=0.001 iter=2125/2500 loss=0.000421
  derivmatch lr=0.001 iter=2250/2500 loss=0.0003302
  derivmatch lr=0.001 iter=2375/2500 loss=0.0003194
  derivmatch lr=0.001 iter=2500/2500 loss=0.000311
  derivmatch lr=0.001 iter=2500/2500 loss=0.0003038
  derivmatch lr=0.0003 iter=80/1600 loss=0.0003019
  derivmatch lr=0.0003 iter=160/1600 loss=0.0003002
  derivmatch lr=0.0003 iter=240/1600 loss=0.0002987
  derivmatch lr=0.0003 iter=320/1600 loss=0.0002971
  derivmatch lr=0.0003 iter=400/1600 loss=0.0002954
  derivmatch lr=0.0003 iter=480/1600 loss=0.0002937
  derivmatch lr=0.0003 iter=560/1600 loss=0.000292
  derivmatch lr=0.0003 iter=640/1600 loss=0.0002903
  derivmatch lr=0.0003 iter=720/1600 loss=0.0002887
  derivmatch lr=0.0003 iter=800/1600 loss=0.0002871
  derivmatch lr=0.0003 iter=880/1600 loss=0.0002856
  derivmatch lr=0.0003 iter=960/1600 loss=0.0002991
  derivmatch lr=0.0003 iter=1040/1600 loss=0.0002832
  derivmatch lr=0.0003 iter=1120/1600 loss=0.0002821
  derivmatch lr=0.0003 iter=1200/1600 loss=0.000281
  derivmatch lr=0.0003 iter=1280/1600 loss=0.0002801
  derivmatch lr=0.0003 iter=1360/1600 loss=0.0002791
  derivmatch lr=0.0003 iter=1440/1600 loss=0.0002782
  derivmatch lr=0.0003 iter=1520/1600 loss=0.0002774
  derivmatch lr=0.0003 iter=1600/1600 loss=0.000278
  derivmatch lr=0.0003 iter=1600/1600 loss=0.0002768
derivative matching [30s]  fitloss=0.000277
  [derivative matching]  nrmse=0.04908  l2=2.067
  shooting iter=50/1000 loss=0.04078
  shooting iter=100/1000 loss=0.03961
  shooting iter=150/1000 loss=0.0396
  shooting iter=200/1000 loss=0.0396
  shooting iter=250/1000 loss=0.0396
  shooting iter=300/1000 loss=0.0396
  shooting iter=350/1000 loss=0.0396
  shooting iter=400/1000 loss=0.0396
  shooting iter=450/1000 loss=0.0396
  shooting iter=500/1000 loss=0.0396
  shooting iter=550/1000 loss=0.0396
  shooting iter=600/1000 loss=0.0396
  shooting iter=650/1000 loss=0.0396
  shooting iter=700/1000 loss=0.0396
  shooting iter=750/1000 loss=0.0396
  shooting iter=800/1000 loss=0.0396
  shooting iter=850/1000 loss=0.0396
  shooting iter=900/1000 loss=0.0396
  shooting iter=950/1000 loss=0.0396
  shooting iter=1000/1000 loss=0.0396
  shooting iter=1000/1000 loss=0.02133
shooting [1942s]  loss=0.0213
  [final]  nrmse=0.04908  l2=2.067
extrapolation window: T=15.0 -> T_test=30.0  n_test=600
  [train]  E_traj=0.03427  E_VF=0.4087  E_spec=0.6226
  [test ]  E_traj=5.248e12  E_VF=3.675e11  E_spec=0.8764
saved /orcd/home/002/txenakis/projects/BVPsolver/src/../data/runs/run_HRmMPBI1/davis-skodje_fit.png
saved /orcd/home/002/txenakis/projects/BVPsolver/src/../data/runs/run_HRmMPBI1/davis-skodje_fit_extrapolated.png
saved /orcd/home/002/txenakis/projects/BVPsolver/src/../data/runs/run_HRmMPBI1/davis-skodje_spectral_fit_extrapolated.png
saved /orcd/home/002/txenakis/projects/BVPsolver/src/../data/runs/run_HRmMPBI1/davis-skodje_vf_fit_extrapolated.png
┌ Warning: Attempting to store StiffNN.var"#22#23"{Float64}.
│ JLD2 only stores functions by name.
│  This may not be useful for anonymous functions.
└ @ JLD2 ~/.julia/packages/JLD2/ADycq/src/data/writing_datatypes.jl:447
saved run → /orcd/home/002/txenakis/projects/BVPsolver/src/../data/runs/run_HRmMPBI1
--------------------------------------
Done: Tue Sep  8 07:17:37 EDT 2026
