Task 698/750: --problem rober --model GELU-scaled --profile fast --seed 248 --pretraining none --training shooting
Logging to /home/txenakis/projects/BVPsolver/logs/run_main_23659529_698.log
rober  model=GELU-scaled width=7 d=3 tlen=50 profile=fast seed=248  solver=Rodas5  N=332
  shooting iter=50/1000 loss=0.2124
  shooting iter=100/1000 loss=0.1633
  shooting iter=150/1000 loss=0.1536
  shooting iter=200/1000 loss=0.1477
  shooting iter=250/1000 loss=0.1415
  shooting iter=300/1000 loss=0.1364
  shooting iter=350/1000 loss=0.1315
  shooting iter=400/1000 loss=0.129
  shooting iter=450/1000 loss=0.1247
  shooting iter=500/1000 loss=0.1242
  shooting iter=550/1000 loss=0.1198
  shooting iter=600/1000 loss=0.1171
  shooting iter=650/1000 loss=0.1167
  shooting iter=700/1000 loss=0.1157
  shooting iter=750/1000 loss=0.1123
  shooting iter=800/1000 loss=0.1109
  shooting iter=850/1000 loss=0.1124
  shooting iter=900/1000 loss=0.106
  shooting iter=950/1000 loss=0.1047
  shooting iter=1000/1000 loss=0.1037
  shooting iter=1000/1000 loss=0.1015
shooting [423s]  loss=0.102
  [final]  nrmse=0.2763  l2=0.09831
extrapolation window: T=1000.0 -> T_test=1.0e12  n_test=100
  [train]  E_traj=0.1997  E_VF=11.29  E_spec=5.524e14
  [test ]  E_traj=3.856e19  E_VF=476.3  E_spec=8.326e14
saved /orcd/home/002/txenakis/projects/BVPsolver/src/../data/runs/run_IEvHockB/rober_fit.png
saved /orcd/home/002/txenakis/projects/BVPsolver/src/../data/runs/run_IEvHockB/rober_fit_extrapolated.png
saved /orcd/home/002/txenakis/projects/BVPsolver/src/../data/runs/run_IEvHockB/rober_spectral_fit_extrapolated.png
saved /orcd/home/002/txenakis/projects/BVPsolver/src/../data/runs/run_IEvHockB/rober_vf_fit_extrapolated.png
┌ Warning: Attempting to store StiffNN.var"#12#13"{Float64, Float64, Float64}.
│ JLD2 only stores functions by name.
│  This may not be useful for anonymous functions.
└ @ JLD2 ~/.julia/packages/JLD2/ADycq/src/data/writing_datatypes.jl:447
saved run → /orcd/home/002/txenakis/projects/BVPsolver/src/../data/runs/run_IEvHockB
--------------------------------------
Done: Thu Sep 24 16:12:40 EDT 2026
