Task 351/600: --problem davis-skodje --param 1e-4 --model GELU-scaled --profile fast --seed 301 --pretraining derivmatch --training shooting
Logging to /home/txenakis/projects/BVPsolver/logs/run_main_23642156_351.log
davis-skodje  model=GELU-scaled width=7 d=2 tlen=300 profile=fast seed=301  solver=Rodas5P  N=317
  derivmatch lr=0.01 iter=170/3400 loss=1.874
  derivmatch lr=0.01 iter=340/3400 loss=1.769
  derivmatch lr=0.01 iter=510/3400 loss=1.542
  derivmatch lr=0.01 iter=680/3400 loss=1.069
  derivmatch lr=0.01 iter=850/3400 loss=0.3955
  derivmatch lr=0.01 iter=1020/3400 loss=1.041
  derivmatch lr=0.01 iter=1190/3400 loss=0.8932
  derivmatch lr=0.01 iter=1360/3400 loss=0.8101
  derivmatch lr=0.01 iter=1530/3400 loss=0.7256
  derivmatch lr=0.01 iter=1700/3400 loss=1.171
  derivmatch lr=0.01 iter=1870/3400 loss=0.7983
  derivmatch lr=0.01 iter=2040/3400 loss=0.6347
  derivmatch lr=0.01 iter=2210/3400 loss=0.3948
  derivmatch lr=0.01 iter=2380/3400 loss=0.3846
  derivmatch lr=0.01 iter=2550/3400 loss=0.318
  derivmatch lr=0.01 iter=2720/3400 loss=0.2683
  derivmatch lr=0.01 iter=2890/3400 loss=0.2918
  derivmatch lr=0.01 iter=3060/3400 loss=0.1691
  derivmatch lr=0.01 iter=3230/3400 loss=0.2128
  derivmatch lr=0.01 iter=3400/3400 loss=0.3706
  derivmatch lr=0.01 iter=3400/3400 loss=0.02047
  derivmatch lr=0.003 iter=125/2500 loss=0.01596
  derivmatch lr=0.003 iter=250/2500 loss=0.0128
  derivmatch lr=0.003 iter=375/2500 loss=0.01269
  derivmatch lr=0.003 iter=500/2500 loss=0.01051
  derivmatch lr=0.003 iter=625/2500 loss=0.05915
  derivmatch lr=0.003 iter=750/2500 loss=0.007522
  derivmatch lr=0.003 iter=875/2500 loss=0.08153
  derivmatch lr=0.003 iter=1000/2500 loss=0.0079
  derivmatch lr=0.003 iter=1125/2500 loss=0.006216
  derivmatch lr=0.003 iter=1250/2500 loss=0.007807
  derivmatch lr=0.003 iter=1375/2500 loss=0.007042
  derivmatch lr=0.003 iter=1500/2500 loss=0.008139
  derivmatch lr=0.003 iter=1625/2500 loss=0.006388
  derivmatch lr=0.003 iter=1750/2500 loss=0.006689
  derivmatch lr=0.003 iter=1875/2500 loss=0.006208
  derivmatch lr=0.003 iter=2000/2500 loss=0.007678
  derivmatch lr=0.003 iter=2125/2500 loss=0.005563
  derivmatch lr=0.003 iter=2250/2500 loss=0.005979
  derivmatch lr=0.003 iter=2375/2500 loss=0.01196
  derivmatch lr=0.003 iter=2500/2500 loss=0.1342
  derivmatch lr=0.003 iter=2500/2500 loss=0.004349
  derivmatch lr=0.001 iter=125/2500 loss=0.003044
  derivmatch lr=0.001 iter=250/2500 loss=0.002883
  derivmatch lr=0.001 iter=375/2500 loss=0.002765
  derivmatch lr=0.001 iter=500/2500 loss=0.002654
  derivmatch lr=0.001 iter=625/2500 loss=0.002546
  derivmatch lr=0.001 iter=750/2500 loss=0.002439
  derivmatch lr=0.001 iter=875/2500 loss=0.002818
  derivmatch lr=0.001 iter=1000/2500 loss=0.003186
  derivmatch lr=0.001 iter=1125/2500 loss=0.002694
  derivmatch lr=0.001 iter=1250/2500 loss=0.002146
  derivmatch lr=0.001 iter=1375/2500 loss=0.002093
  derivmatch lr=0.001 iter=1500/2500 loss=0.002332
  derivmatch lr=0.001 iter=1625/2500 loss=0.001923
  derivmatch lr=0.001 iter=1750/2500 loss=0.001892
  derivmatch lr=0.001 iter=1875/2500 loss=0.001839
  derivmatch lr=0.001 iter=2000/2500 loss=0.001786
  derivmatch lr=0.001 iter=2125/2500 loss=0.001851
  derivmatch lr=0.001 iter=2250/2500 loss=0.002173
  derivmatch lr=0.001 iter=2375/2500 loss=0.002104
  derivmatch lr=0.001 iter=2500/2500 loss=0.001622
  derivmatch lr=0.001 iter=2500/2500 loss=0.001598
  derivmatch lr=0.0003 iter=80/1600 loss=0.001596
  derivmatch lr=0.0003 iter=160/1600 loss=0.00159
  derivmatch lr=0.0003 iter=240/1600 loss=0.001583
  derivmatch lr=0.0003 iter=320/1600 loss=0.001575
  derivmatch lr=0.0003 iter=400/1600 loss=0.001566
  derivmatch lr=0.0003 iter=480/1600 loss=0.001557
  derivmatch lr=0.0003 iter=560/1600 loss=0.001547
  derivmatch lr=0.0003 iter=640/1600 loss=0.001537
  derivmatch lr=0.0003 iter=720/1600 loss=0.001526
  derivmatch lr=0.0003 iter=800/1600 loss=0.001514
  derivmatch lr=0.0003 iter=880/1600 loss=0.001503
  derivmatch lr=0.0003 iter=960/1600 loss=0.001491
  derivmatch lr=0.0003 iter=1040/1600 loss=0.001478
  derivmatch lr=0.0003 iter=1120/1600 loss=0.001466
  derivmatch lr=0.0003 iter=1200/1600 loss=0.001453
  derivmatch lr=0.0003 iter=1280/1600 loss=0.00144
  derivmatch lr=0.0003 iter=1360/1600 loss=0.001427
  derivmatch lr=0.0003 iter=1440/1600 loss=0.001414
  derivmatch lr=0.0003 iter=1520/1600 loss=0.001401
  derivmatch lr=0.0003 iter=1600/1600 loss=0.001387
  derivmatch lr=0.0003 iter=1600/1600 loss=0.001387
derivative matching [28s]  fitloss=0.00139
  rollout FAILED: Unstable at t=10.05534374100167 of 15.0
  [derivative matching]  nrmse=Inf  l2=Inf
  shooting iter=50/1000 loss=0.0499
  shooting iter=100/1000 loss=0.04963
  shooting iter=150/1000 loss=0.04963
  shooting iter=200/1000 loss=0.04963
  shooting iter=250/1000 loss=0.04963
  shooting iter=300/1000 loss=0.04963
  shooting iter=350/1000 loss=0.04963
  shooting iter=400/1000 loss=0.04963
  shooting iter=450/1000 loss=0.04963
  shooting iter=500/1000 loss=0.04963
  shooting iter=550/1000 loss=0.04963
  shooting iter=600/1000 loss=0.04963
  shooting iter=650/1000 loss=0.04963
  shooting iter=700/1000 loss=0.04963
  shooting iter=750/1000 loss=0.04963
  shooting iter=800/1000 loss=0.04963
  shooting iter=850/1000 loss=0.04963
