Task 1444/1800: --problem orego --model GELU-scaled --profile fast --seed 144 --pretraining derivmatch --training shooting
Logging to /home/txenakis/projects/BVPsolver/logs/run_main_23593274_1444.log
orego  model=GELU-scaled width=9 d=3 tlen=112 profile=fast seed=144  solver=Rodas5  N=516
  derivmatch lr=0.01 iter=170/3400 loss=7.255
  derivmatch lr=0.01 iter=340/3400 loss=5.0
  derivmatch lr=0.01 iter=510/3400 loss=2.606
  derivmatch lr=0.01 iter=680/3400 loss=1.917
  derivmatch lr=0.01 iter=850/3400 loss=2.086
  derivmatch lr=0.01 iter=1020/3400 loss=1.662
  derivmatch lr=0.01 iter=1190/3400 loss=1.916
  derivmatch lr=0.01 iter=1360/3400 loss=1.785
  derivmatch lr=0.01 iter=1530/3400 loss=4.623
  derivmatch lr=0.01 iter=1700/3400 loss=10.86
  derivmatch lr=0.01 iter=1870/3400 loss=9.435
  derivmatch lr=0.01 iter=2040/3400 loss=9.289
  derivmatch lr=0.01 iter=2210/3400 loss=8.999
  derivmatch lr=0.01 iter=2380/3400 loss=8.764
  derivmatch lr=0.01 iter=2550/3400 loss=10.43
  derivmatch lr=0.01 iter=2720/3400 loss=10.3
  derivmatch lr=0.01 iter=2890/3400 loss=10.23
  derivmatch lr=0.01 iter=3060/3400 loss=10.22
  derivmatch lr=0.01 iter=3230/3400 loss=10.21
  derivmatch lr=0.01 iter=3400/3400 loss=10.21
  derivmatch lr=0.01 iter=3400/3400 loss=1.19
  derivmatch lr=0.003 iter=125/2500 loss=1.405
  derivmatch lr=0.003 iter=250/2500 loss=1.219
  derivmatch lr=0.003 iter=375/2500 loss=0.986
  derivmatch lr=0.003 iter=500/2500 loss=0.8657
  derivmatch lr=0.003 iter=625/2500 loss=0.9081
  derivmatch lr=0.003 iter=750/2500 loss=0.852
  derivmatch lr=0.003 iter=875/2500 loss=0.9207
  derivmatch lr=0.003 iter=1000/2500 loss=2.18
  derivmatch lr=0.003 iter=1125/2500 loss=1.932
  derivmatch lr=0.003 iter=1250/2500 loss=1.029
  derivmatch lr=0.003 iter=1375/2500 loss=0.9539
  derivmatch lr=0.003 iter=1500/2500 loss=0.8837
  derivmatch lr=0.003 iter=1625/2500 loss=0.8507
  derivmatch lr=0.003 iter=1750/2500 loss=0.8251
  derivmatch lr=0.003 iter=1875/2500 loss=0.7963
  derivmatch lr=0.003 iter=2000/2500 loss=0.7728
  derivmatch lr=0.003 iter=2125/2500 loss=0.8217
  derivmatch lr=0.003 iter=2250/2500 loss=0.7857
  derivmatch lr=0.003 iter=2375/2500 loss=0.9721
  derivmatch lr=0.003 iter=2500/2500 loss=0.7576
  derivmatch lr=0.003 iter=2500/2500 loss=0.7043
  derivmatch lr=0.001 iter=125/2500 loss=0.6824
  derivmatch lr=0.001 iter=250/2500 loss=0.664
  derivmatch lr=0.001 iter=375/2500 loss=0.6236
  derivmatch lr=0.001 iter=500/2500 loss=0.5977
  derivmatch lr=0.001 iter=625/2500 loss=0.5795
  derivmatch lr=0.001 iter=750/2500 loss=0.5625
  derivmatch lr=0.001 iter=875/2500 loss=0.5459
  derivmatch lr=0.001 iter=1000/2500 loss=0.5302
  derivmatch lr=0.001 iter=1125/2500 loss=0.7018
  derivmatch lr=0.001 iter=1250/2500 loss=0.5236
  derivmatch lr=0.001 iter=1375/2500 loss=0.5127
  derivmatch lr=0.001 iter=1500/2500 loss=0.5
  derivmatch lr=0.001 iter=1625/2500 loss=0.4918
  derivmatch lr=0.001 iter=1750/2500 loss=0.4783
  derivmatch lr=0.001 iter=1875/2500 loss=0.4663
  derivmatch lr=0.001 iter=2000/2500 loss=0.4565
  derivmatch lr=0.001 iter=2125/2500 loss=0.4442
  derivmatch lr=0.001 iter=2250/2500 loss=0.4519
  derivmatch lr=0.001 iter=2375/2500 loss=0.4332
  derivmatch lr=0.001 iter=2500/2500 loss=0.4249
  derivmatch lr=0.001 iter=2500/2500 loss=0.4232
  derivmatch lr=0.0003 iter=80/1600 loss=0.3716
  derivmatch lr=0.0003 iter=160/1600 loss=0.3674
  derivmatch lr=0.0003 iter=240/1600 loss=0.364
  derivmatch lr=0.0003 iter=320/1600 loss=0.3607
  derivmatch lr=0.0003 iter=400/1600 loss=0.3573
  derivmatch lr=0.0003 iter=480/1600 loss=0.3539
  derivmatch lr=0.0003 iter=560/1600 loss=0.3513
  derivmatch lr=0.0003 iter=640/1600 loss=0.348
  derivmatch lr=0.0003 iter=720/1600 loss=0.345
  derivmatch lr=0.0003 iter=800/1600 loss=0.3419
  derivmatch lr=0.0003 iter=880/1600 loss=0.3388
  derivmatch lr=0.0003 iter=960/1600 loss=0.3358
  derivmatch lr=0.0003 iter=1040/1600 loss=0.3327
  derivmatch lr=0.0003 iter=1120/1600 loss=0.3297
  derivmatch lr=0.0003 iter=1200/1600 loss=0.3267
  derivmatch lr=0.0003 iter=1280/1600 loss=0.3237
  derivmatch lr=0.0003 iter=1360/1600 loss=0.3207
  derivmatch lr=0.0003 iter=1440/1600 loss=0.317
  derivmatch lr=0.0003 iter=1520/1600 loss=0.3135
  derivmatch lr=0.0003 iter=1600/1600 loss=0.3101
  derivmatch lr=0.0003 iter=1600/1600 loss=0.3101
derivative matching [27s]  fitloss=0.31
  [derivative matching]  nrmse=0.641  l2=329700.0
  shooting iter=50/1000 loss=0.2279
  shooting iter=100/1000 loss=0.2272
  shooting iter=150/1000 loss=0.2272
  shooting iter=200/1000 loss=0.2268
  shooting iter=250/1000 loss=0.2195
  shooting iter=300/1000 loss=0.3392
  shooting iter=350/1000 loss=1.003
  shooting iter=400/1000 loss=0.9276
  shooting iter=450/1000 loss=0.9272
  shooting iter=500/1000 loss=0.9272
