Task 1650/1800: --problem davis-skodje --model mlp --profile fast --seed 100 --pretraining derivmatch --training collocation
Logging to /home/txenakis/projects/BVPsolver/logs/run_main_23640313_1650.log
davis-skodje  model=mlp width=14 d=2 tlen=300 profile=fast seed=100  solver=Rodas5P  N=282
  derivmatch lr=0.01 iter=170/3400 loss=3.686
  derivmatch lr=0.01 iter=340/3400 loss=2.093
  derivmatch lr=0.01 iter=510/3400 loss=2.174
  derivmatch lr=0.01 iter=680/3400 loss=1.776
  derivmatch lr=0.01 iter=850/3400 loss=2.08
  derivmatch lr=0.01 iter=1020/3400 loss=1.211
  derivmatch lr=0.01 iter=1190/3400 loss=1.09
  derivmatch lr=0.01 iter=1360/3400 loss=1.755
  derivmatch lr=0.01 iter=1530/3400 loss=1.341
  derivmatch lr=0.01 iter=1700/3400 loss=0.7622
  derivmatch lr=0.01 iter=1870/3400 loss=0.8399
  derivmatch lr=0.01 iter=2040/3400 loss=1.231
  derivmatch lr=0.01 iter=2210/3400 loss=0.8065
  derivmatch lr=0.01 iter=2380/3400 loss=1.226
  derivmatch lr=0.01 iter=2550/3400 loss=1.012
  derivmatch lr=0.01 iter=2720/3400 loss=0.8618
  derivmatch lr=0.01 iter=2890/3400 loss=0.5651
  derivmatch lr=0.01 iter=3060/3400 loss=1.25
  derivmatch lr=0.01 iter=3230/3400 loss=1.194
  derivmatch lr=0.01 iter=3400/3400 loss=0.872
  derivmatch lr=0.01 iter=3400/3400 loss=0.4298
  derivmatch lr=0.003 iter=125/2500 loss=0.4741
  derivmatch lr=0.003 iter=250/2500 loss=0.4754
  derivmatch lr=0.003 iter=375/2500 loss=0.4583
  derivmatch lr=0.003 iter=500/2500 loss=0.4462
  derivmatch lr=0.003 iter=625/2500 loss=0.4351
  derivmatch lr=0.003 iter=750/2500 loss=0.4243
  derivmatch lr=0.003 iter=875/2500 loss=0.4151
  derivmatch lr=0.003 iter=1000/2500 loss=0.4066
  derivmatch lr=0.003 iter=1125/2500 loss=0.3988
  derivmatch lr=0.003 iter=1250/2500 loss=0.3916
  derivmatch lr=0.003 iter=1375/2500 loss=0.3848
  derivmatch lr=0.003 iter=1500/2500 loss=0.3785
  derivmatch lr=0.003 iter=1625/2500 loss=0.3726
  derivmatch lr=0.003 iter=1750/2500 loss=0.367
  derivmatch lr=0.003 iter=1875/2500 loss=0.3618
  derivmatch lr=0.003 iter=2000/2500 loss=0.3568
  derivmatch lr=0.003 iter=2125/2500 loss=0.352
  derivmatch lr=0.003 iter=2250/2500 loss=0.3475
  derivmatch lr=0.003 iter=2375/2500 loss=0.3431
  derivmatch lr=0.003 iter=2500/2500 loss=0.339
  derivmatch lr=0.003 iter=2500/2500 loss=0.2975
  derivmatch lr=0.001 iter=125/2500 loss=0.261
  derivmatch lr=0.001 iter=250/2500 loss=0.2594
  derivmatch lr=0.001 iter=375/2500 loss=0.2583
  derivmatch lr=0.001 iter=500/2500 loss=0.2521
  derivmatch lr=0.001 iter=625/2500 loss=0.2481
  derivmatch lr=0.001 iter=750/2500 loss=0.2435
  derivmatch lr=0.001 iter=875/2500 loss=0.2389
  derivmatch lr=0.001 iter=1000/2500 loss=0.2338
  derivmatch lr=0.001 iter=1125/2500 loss=0.2289
  derivmatch lr=0.001 iter=1250/2500 loss=0.2235
  derivmatch lr=0.001 iter=1375/2500 loss=0.2185
  derivmatch lr=0.001 iter=1500/2500 loss=0.213
  derivmatch lr=0.001 iter=1625/2500 loss=0.2081
  derivmatch lr=0.001 iter=1750/2500 loss=0.2028
  derivmatch lr=0.001 iter=1875/2500 loss=0.1981
  derivmatch lr=0.001 iter=2000/2500 loss=0.1932
  derivmatch lr=0.001 iter=2125/2500 loss=0.1888
  derivmatch lr=0.001 iter=2250/2500 loss=0.1843
  derivmatch lr=0.001 iter=2375/2500 loss=0.1804
  derivmatch lr=0.001 iter=2500/2500 loss=0.1774
  derivmatch lr=0.001 iter=2500/2500 loss=0.1766
  derivmatch lr=0.0003 iter=80/1600 loss=0.1747
  derivmatch lr=0.0003 iter=160/1600 loss=0.1741
  derivmatch lr=0.0003 iter=240/1600 loss=0.1735
  derivmatch lr=0.0003 iter=320/1600 loss=0.1727
  derivmatch lr=0.0003 iter=400/1600 loss=0.1718
  derivmatch lr=0.0003 iter=480/1600 loss=0.1708
  derivmatch lr=0.0003 iter=560/1600 loss=0.1698
  derivmatch lr=0.0003 iter=640/1600 loss=0.1687
  derivmatch lr=0.0003 iter=720/1600 loss=0.1675
  derivmatch lr=0.0003 iter=800/1600 loss=0.1663
  derivmatch lr=0.0003 iter=880/1600 loss=0.1671
  derivmatch lr=0.0003 iter=960/1600 loss=0.1638
  derivmatch lr=0.0003 iter=1040/1600 loss=0.1625
  derivmatch lr=0.0003 iter=1120/1600 loss=0.1611
  derivmatch lr=0.0003 iter=1200/1600 loss=0.1599
  derivmatch lr=0.0003 iter=1280/1600 loss=0.1586
  derivmatch lr=0.0003 iter=1360/1600 loss=0.1572
  derivmatch lr=0.0003 iter=1440/1600 loss=0.1558
  derivmatch lr=0.0003 iter=1520/1600 loss=0.1543
  derivmatch lr=0.0003 iter=1600/1600 loss=0.153
  derivmatch lr=0.0003 iter=1600/1600 loss=0.153
derivative matching [26s]  fitloss=0.153
  [derivative matching]  nrmse=0.05503  l2=2.693
  collocation: M=300 residuals=2394  detecting sparsity + solving...

Algorithm: LevenbergMarquardt(
    trustregion = LevenbergMarquardtTrustRegion(
        β_uphill = 0.0
    ),
    descent = GeodesicAcceleration(
        descent = DampedNewtonDescent(
            linsolve = KLUFactorization(
                reuse_symbolic = true,
                check_pattern = true
            ),
            initial_damping = 1.0,
            damping_fn = LevenbergMarquardtDampingFunction(
                increase_factor = 2.0,
                decrease_factor = 3.0,
                min_damping = 1.0e-8
            ),
            min_norm_mode = :auto
        ),
        finite_diff_step_geodesic = 0.1,
        α = 0.75
    ),
    autodiff = AutoForwardDiff(),
    vjp_autodiff = AutoFiniteDiff(
        fdtype = Val{:forward}(),
        fdjtype = Val{:forward}(),
        fdhtype = Val{:hcentral}(),
        dir = true
    ),
    jvp_autodiff = AutoForwardDiff(),
    concrete_jac = Val{true}()
)

----    	-------------       	-----------         
Iter    	f(u) 2-norm         	Step 2-norm         
----    	-------------       	-----------         
0       	3.62757670e+02      	1.61359683e-315     
1       	3.62757670e+02      	0.00000000e+00      
8       	6.39729843e+01      	6.33207915e-01      
15      	1.62007547e-01      	9.86540998e-02      
22      	2.56867277e-02      	7.82461285e-03      
29      	4.59434962e+00      	5.98514761e-01      
36      	4.49665754e+01      	0.00000000e+00      
43      	2.41521983e-01      	6.55330285e-01      
50      	3.71604287e+02      	0.00000000e+00      
57      	1.31654589e+00      	8.43728553e-01      
64      	2.82649507e+01      	0.00000000e+00      
71      	1.08540973e+00      	1.25524093e+00      
78      	1.19344858e-01      	0.00000000e+00      
85      	4.78409366e-02      	0.00000000e+00      
92      	9.17481850e+00      	0.00000000e+00      
99      	3.02956701e-01      	4.89434809e-01      
106     	8.41075831e+00      	3.16430515e+00      
113     	9.05861813e+00      	2.97571990e+00      
120     	1.20887562e-02      	4.15725463e-01      
127     	9.48824536e-03      	0.00000000e+00      
134     	7.53419602e-04      	0.00000000e+00      
141     	3.13305239e-04      	1.38086576e-01      
148     	1.37150536e-02      	0.00000000e+00      
Final   	3.13305239e-04      
----------------------      
  AMR 1/3: M=300  err=1.87e-9  obs=1.82e-6  nrmse=9.27e-5  best=9.27e-5  refined=49
  collocation: M=349 residuals=2688  detecting sparsity + solving...

Algorithm: LevenbergMarquardt(
    trustregion = LevenbergMarquardtTrustRegion(
        β_uphill = 0.0
    ),
    descent = GeodesicAcceleration(
        descent = DampedNewtonDescent(
            linsolve = KLUFactorization(
                reuse_symbolic = true,
                check_pattern = true
            ),
            initial_damping = 1.0,
            damping_fn = LevenbergMarquardtDampingFunction(
                increase_factor = 2.0,
                decrease_factor = 3.0,
                min_damping = 1.0e-8
            ),
            min_norm_mode = :auto
        ),
        finite_diff_step_geodesic = 0.1,
        α = 0.75
    ),
    autodiff = AutoForwardDiff(),
    vjp_autodiff = AutoFiniteDiff(
        fdtype = Val{:forward}(),
        fdjtype = Val{:forward}(),
        fdhtype = Val{:hcentral}(),
        dir = true
    ),
    jvp_autodiff = AutoForwardDiff(),
    concrete_jac = Val{true}()
)

----    	-------------       	-----------         
Iter    	f(u) 2-norm         	Step 2-norm         
----    	-------------       	-----------         
0       	3.82367039e+01      	8.66329673e-316     
1       	1.66600489e+01      	3.70403987e-02      
8       	1.78974319e-01      	5.47567524e-02      
15      	5.94802172e-04      	8.09524153e-04      
22      	2.14842411e-04      	6.66897500e-03      
29      	1.66320864e-04      	8.14024680e-02      
36      	4.30842123e-03      	0.00000000e+00      
43      	1.49904709e-04      	1.55644802e-01      
50      	3.22771990e+00      	0.00000000e+00      
57      	1.21915293e+01      	2.77601758e+00      
64      	1.02788107e+01      	4.07050164e+00      
71      	5.20793364e-03      	2.14523950e-01      
78      	2.91661736e+00      	0.00000000e+00      
85      	7.36780398e-04      	0.00000000e+00      
92      	2.90936710e-04      	1.01450907e-01      
99      	4.90099264e-02      	2.79695463e-01      
106     	4.56030018e-04      	0.00000000e+00      
113     	1.35687356e+00      	0.00000000e+00      
120     	1.82073364e+00      	0.00000000e+00      
127     	1.25734037e-01      	2.40892428e-01      
134     	2.47224654e-03      	0.00000000e+00      
141     	2.67851614e+00      	0.00000000e+00      
148     	1.47272252e-01      	6.00185654e-01      
Final   	7.28889219e-05      
----------------------      
  AMR 2/3: M=349  err=3.81e-10  obs=7.97e-7  nrmse=4.4e-5  best=4.4e-5  refined=4
  collocation: M=354 residuals=2718  detecting sparsity + solving...

Algorithm: LevenbergMarquardt(
    trustregion = LevenbergMarquardtTrustRegion(
        β_uphill = 0.0
    ),
    descent = GeodesicAcceleration(
        descent = DampedNewtonDescent(
            linsolve = KLUFactorization(
                reuse_symbolic = true,
                check_pattern = true
            ),
            initial_damping = 1.0,
            damping_fn = LevenbergMarquardtDampingFunction(
                increase_factor = 2.0,
                decrease_factor = 3.0,
                min_damping = 1.0e-8
            ),
            min_norm_mode = :auto
        ),
        finite_diff_step_geodesic = 0.1,
        α = 0.75
    ),
    autodiff = AutoForwardDiff(),
    vjp_autodiff = AutoFiniteDiff(
        fdtype = Val{:forward}(),
        fdjtype = Val{:forward}(),
        fdhtype = Val{:hcentral}(),
        dir = true
    ),
    jvp_autodiff = AutoForwardDiff(),
    concrete_jac = Val{true}()
)

----    	-------------       	-----------         
Iter    	f(u) 2-norm         	Step 2-norm         
----    	-------------       	-----------         
0       	3.15505910e+01      	4.12360772e+04      
1       	1.61437870e+01      	2.15380960e-02      
8       	1.74511884e-01      	3.92659231e-02      
15      	5.91455462e-04      	8.15027355e-04      
22      	2.02038965e-04      	8.63980160e-03      
29      	4.09437270e-05      	2.96652933e-02      
36      	9.39045706e-01      	0.00000000e+00      
43      	1.30817105e+00      	1.48027028e+00      
50      	6.80994295e-02      	0.00000000e+00      
57      	4.03178304e-01      	0.00000000e+00      
64      	3.16014441e-02      	0.00000000e+00      
71      	2.01806942e-01      	0.00000000e+00      
78      	3.29839368e-01      	0.00000000e+00      
85      	1.66872643e-02      	0.00000000e+00      
92      	3.55376040e-01      	0.00000000e+00      
99      	1.38241155e-02      	0.00000000e+00      
106     	1.73989143e+00      	1.01867091e+00      
113     	4.13877108e-02      	0.00000000e+00      
120     	1.72047664e+00      	0.00000000e+00      
127     	2.34554683e+00      	0.00000000e+00      
134     	4.20046293e-01      	3.39084920e-01      
141     	4.42972150e-02      	0.00000000e+00      
148     	2.89377766e+00      	1.43769191e+00      
Final   	4.09437270e-05      
----------------------      
  AMR 3/3: M=354  err=3.25e-10  obs=6.2e-7  nrmse=4.61e-5  best=4.4e-5  refined=0
collocation [152s]
  [final]  nrmse=4.397e-5  l2=0.002078
extrapolation window: T=15.0 -> T_test=30.0  n_test=600
  [train]  E_traj=5.547e-9  E_VF=0.0002907  E_spec=0.8345
  [test ]  E_traj=1374.0  E_VF=3.471e8  E_spec=4.359
saved /orcd/home/002/txenakis/projects/BVPsolver/src/../data/runs/run_u0Tk6QEa/davis-skodje_fit.png
saved /orcd/home/002/txenakis/projects/BVPsolver/src/../data/runs/run_u0Tk6QEa/davis-skodje_fit_extrapolated.png
saved /orcd/home/002/txenakis/projects/BVPsolver/src/../data/runs/run_u0Tk6QEa/davis-skodje_spectral_fit_extrapolated.png
saved /orcd/home/002/txenakis/projects/BVPsolver/src/../data/runs/run_u0Tk6QEa/davis-skodje_vf_fit_extrapolated.png
┌ Warning: Attempting to store StiffNN.var"#22#23"{Float64}.
│ JLD2 only stores functions by name.
│  This may not be useful for anonymous functions.
└ @ JLD2 ~/.julia/packages/JLD2/ADycq/src/data/writing_datatypes.jl:447
saved run → /orcd/home/002/txenakis/projects/BVPsolver/src/../data/runs/run_u0Tk6QEa
--------------------------------------
Done: Thu Sep 24 06:40:41 EDT 2026
