Task 371/1800: --problem rober --model stiff --profile fast --seed 121 --pretraining derivmatch --training collocation
Logging to /home/txenakis/projects/BVPsolver/logs/run_main_23493023_371.log
rober  model=stiff width=12 d=3 tlen=50 profile=fast seed=121  solver=Rodas5  N=318
  derivmatch lr=0.01 iter=170/3400 loss=0.3298
  derivmatch lr=0.01 iter=340/3400 loss=0.1474
  derivmatch lr=0.01 iter=510/3400 loss=0.07181
  derivmatch lr=0.01 iter=680/3400 loss=0.04244
  derivmatch lr=0.01 iter=850/3400 loss=0.03013
  derivmatch lr=0.01 iter=1020/3400 loss=0.0214
  derivmatch lr=0.01 iter=1190/3400 loss=0.01594
  derivmatch lr=0.01 iter=1360/3400 loss=0.01185
  derivmatch lr=0.01 iter=1530/3400 loss=0.008842
  derivmatch lr=0.01 iter=1700/3400 loss=0.006669
  derivmatch lr=0.01 iter=1870/3400 loss=0.005161
  derivmatch lr=0.01 iter=2040/3400 loss=0.004767
  derivmatch lr=0.01 iter=2210/3400 loss=0.003572
  derivmatch lr=0.01 iter=2380/3400 loss=0.003554
  derivmatch lr=0.01 iter=2550/3400 loss=0.002766
  derivmatch lr=0.01 iter=2720/3400 loss=0.00324
  derivmatch lr=0.01 iter=2890/3400 loss=0.00218
  derivmatch lr=0.01 iter=3060/3400 loss=0.001947
  derivmatch lr=0.01 iter=3230/3400 loss=0.002097
  derivmatch lr=0.01 iter=3400/3400 loss=0.003104
  derivmatch lr=0.01 iter=3400/3400 loss=0.001541
  derivmatch lr=0.003 iter=125/2500 loss=0.001403
  derivmatch lr=0.003 iter=250/2500 loss=0.001244
  derivmatch lr=0.003 iter=375/2500 loss=0.001086
  derivmatch lr=0.003 iter=500/2500 loss=0.000937
  derivmatch lr=0.003 iter=625/2500 loss=0.0008006
  derivmatch lr=0.003 iter=750/2500 loss=0.0006793
  derivmatch lr=0.003 iter=875/2500 loss=0.0005734
  derivmatch lr=0.003 iter=1000/2500 loss=0.0004838
  derivmatch lr=0.003 iter=1125/2500 loss=0.0004078
  derivmatch lr=0.003 iter=1250/2500 loss=0.0003419
  derivmatch lr=0.003 iter=1375/2500 loss=0.0002854
  derivmatch lr=0.003 iter=1500/2500 loss=0.0002408
  derivmatch lr=0.003 iter=1625/2500 loss=0.0002047
  derivmatch lr=0.003 iter=1750/2500 loss=0.0002208
  derivmatch lr=0.003 iter=1875/2500 loss=0.0001546
  derivmatch lr=0.003 iter=2000/2500 loss=0.0001379
  derivmatch lr=0.003 iter=2125/2500 loss=0.0001414
  derivmatch lr=0.003 iter=2250/2500 loss=0.000115
  derivmatch lr=0.003 iter=2375/2500 loss=0.0001066
  derivmatch lr=0.003 iter=2500/2500 loss=9.956e-5
  derivmatch lr=0.003 iter=2500/2500 loss=9.956e-5
  derivmatch lr=0.001 iter=125/2500 loss=9.863e-5
  derivmatch lr=0.001 iter=250/2500 loss=9.728e-5
  derivmatch lr=0.001 iter=375/2500 loss=9.564e-5
  derivmatch lr=0.001 iter=500/2500 loss=9.377e-5
  derivmatch lr=0.001 iter=625/2500 loss=9.173e-5
  derivmatch lr=0.001 iter=750/2500 loss=8.957e-5
  derivmatch lr=0.001 iter=875/2500 loss=8.732e-5
  derivmatch lr=0.001 iter=1000/2500 loss=8.501e-5
  derivmatch lr=0.001 iter=1125/2500 loss=8.266e-5
  derivmatch lr=0.001 iter=1250/2500 loss=8.03e-5
  derivmatch lr=0.001 iter=1375/2500 loss=7.794e-5
  derivmatch lr=0.001 iter=1500/2500 loss=7.559e-5
  derivmatch lr=0.001 iter=1625/2500 loss=7.327e-5
  derivmatch lr=0.001 iter=1750/2500 loss=7.099e-5
  derivmatch lr=0.001 iter=1875/2500 loss=6.877e-5
  derivmatch lr=0.001 iter=2000/2500 loss=6.672e-5
  derivmatch lr=0.001 iter=2125/2500 loss=9.574e-5
  derivmatch lr=0.001 iter=2250/2500 loss=6.309e-5
  derivmatch lr=0.001 iter=2375/2500 loss=6.16e-5
  derivmatch lr=0.001 iter=2500/2500 loss=6.003e-5
  derivmatch lr=0.001 iter=2500/2500 loss=6.003e-5
  derivmatch lr=0.0003 iter=80/1600 loss=5.974e-5
  derivmatch lr=0.0003 iter=160/1600 loss=5.948e-5
  derivmatch lr=0.0003 iter=240/1600 loss=5.918e-5
  derivmatch lr=0.0003 iter=320/1600 loss=5.883e-5
  derivmatch lr=0.0003 iter=400/1600 loss=5.843e-5
  derivmatch lr=0.0003 iter=480/1600 loss=5.798e-5
  derivmatch lr=0.0003 iter=560/1600 loss=5.751e-5
  derivmatch lr=0.0003 iter=640/1600 loss=5.7e-5
  derivmatch lr=0.0003 iter=720/1600 loss=5.647e-5
  derivmatch lr=0.0003 iter=800/1600 loss=5.591e-5
  derivmatch lr=0.0003 iter=880/1600 loss=5.689e-5
  derivmatch lr=0.0003 iter=960/1600 loss=5.484e-5
  derivmatch lr=0.0003 iter=1040/1600 loss=5.432e-5
  derivmatch lr=0.0003 iter=1120/1600 loss=5.378e-5
  derivmatch lr=0.0003 iter=1200/1600 loss=5.323e-5
  derivmatch lr=0.0003 iter=1280/1600 loss=5.494e-5
  derivmatch lr=0.0003 iter=1360/1600 loss=5.22e-5
  derivmatch lr=0.0003 iter=1440/1600 loss=5.171e-5
  derivmatch lr=0.0003 iter=1520/1600 loss=5.121e-5
  derivmatch lr=0.0003 iter=1600/1600 loss=5.069e-5
  derivmatch lr=0.0003 iter=1600/1600 loss=5.069e-5
derivative matching [29s]  fitloss=5.07e-5
  [derivative matching]  nrmse=0.004025  l2=0.02654
  collocation: M=54 residuals=627  detecting sparsity + solving...

Algorithm: LevenbergMarquardt(
    trustregion = LevenbergMarquardtTrustRegion(
        β_uphill = 0.0
    ),
    descent = GeodesicAcceleration(
        descent = DampedNewtonDescent(
            linsolve = KLUFactorization(
                reuse_symbolic = true,
                check_pattern = true
            ),
            initial_damping = 1.0,
            damping_fn = LevenbergMarquardtDampingFunction(
                increase_factor = 2.0,
                decrease_factor = 3.0,
                min_damping = 1.0e-8
            ),
            min_norm_mode = :auto
        ),
        finite_diff_step_geodesic = 0.1,
        α = 0.75
    ),
    autodiff = AutoForwardDiff(),
    vjp_autodiff = AutoFiniteDiff(
        fdtype = Val{:forward}(),
        fdjtype = Val{:forward}(),
        fdhtype = Val{:hcentral}(),
        dir = true
    ),
    jvp_autodiff = AutoForwardDiff(),
    concrete_jac = Val{true}()
)

----    	-------------       	-----------         
Iter    	f(u) 2-norm         	Step 2-norm         
----    	-------------       	-----------         
0       	3.01467968e+03      	NaN                 
1       	3.01467968e+03      	0.00000000e+00      
8       	5.25087268e+03      	8.69777512e-03      
15      	1.87912179e+03      	3.04856200e-02      
22      	8.92861902e+01      	1.61828366e-01      
29      	5.21010752e+02      	3.03786233e-01      
36      	1.03065038e+04      	0.00000000e+00      
43      	8.10642424e+02      	6.00744044e-01      
50      	1.01304379e+02      	0.00000000e+00      
57      	2.01049060e+02      	3.02992919e-01      
64      	5.28395165e+02      	0.00000000e+00      
71      	1.71546669e+02      	0.00000000e+00      
78      	6.28603876e+01      	2.27417775e-01      
85      	1.57609156e+01      	0.00000000e+00      
92      	1.31059930e+02      	2.02024667e-01      
99      	3.39082854e+01      	1.45767074e-01      
106     	1.92530412e+01      	0.00000000e+00      
113     	1.67262500e+02      	0.00000000e+00      
120     	2.13598138e+02      	0.00000000e+00      
127     	2.57069345e+01      	0.00000000e+00      
134     	4.69128623e+01      	0.00000000e+00      
141     	5.42065759e+01      	0.00000000e+00      
148     	2.05372109e+02      	3.76398680e-01      
Final   	9.66150847e-01      
----------------------      
  AMR 1/1: M=54  err=0.382  obs=1.43e-10  nrmse=7.4e-5  best=7.4e-5  refined=0
collocation [17s]
  [final]  nrmse=7.4e-5  l2=0.0002305
extrapolation window: T=1000.0 -> T_test=1.0e12  n_test=100
  [train]  E_traj=1.652e-8  E_VF=3.274e-5  E_spec=9.067e27
  [test ]  E_traj=0.8341  E_VF=1.311e10  E_spec=2.488e24
saved /orcd/home/002/txenakis/projects/BVPsolver/src/../data/runs/run_wcmxs87a/rober_fit.png
saved /orcd/home/002/txenakis/projects/BVPsolver/src/../data/runs/run_wcmxs87a/rober_fit_extrapolated.png
saved /orcd/home/002/txenakis/projects/BVPsolver/src/../data/runs/run_wcmxs87a/rober_spectral_fit_extrapolated.png
saved /orcd/home/002/txenakis/projects/BVPsolver/src/../data/runs/run_wcmxs87a/rober_vf_fit_extrapolated.png
┌ Warning: Attempting to store StiffNN.var"#12#13"{Float64, Float64, Float64}.
│ JLD2 only stores functions by name.
│  This may not be useful for anonymous functions.
└ @ JLD2 ~/.julia/packages/JLD2/ADycq/src/data/writing_datatypes.jl:447
saved run → /orcd/home/002/txenakis/projects/BVPsolver/src/../data/runs/run_wcmxs87a
--------------------------------------
Done: Wed Sep 23 05:27:58 EDT 2026
