Task 11/80: --problem vanderpol --model stiff --profile fast --seed 601 --pretraining derivmatch --training shooting --track-sensitivity
Logging to /home/txenakis/projects/BVPsolver/logs/run_main_23877927_11.log
Precompiling packages...
  11745.0 ms  ✓ StiffNN
  1 dependency successfully precompiled in 27 seconds. 596 already precompiled.
vanderpol  model=stiff width=12 d=2 tlen=151 profile=fast seed=601  solver=Kvaerno5  N=268
  derivmatch lr=0.01 iter=170/3400 loss=6.484
  derivmatch lr=0.01 iter=340/3400 loss=4.433
  derivmatch lr=0.01 iter=510/3400 loss=5.021
  derivmatch lr=0.01 iter=680/3400 loss=4.693
  derivmatch lr=0.01 iter=850/3400 loss=4.021
  derivmatch lr=0.01 iter=1020/3400 loss=2.584
  derivmatch lr=0.01 iter=1190/3400 loss=1.272
  derivmatch lr=0.01 iter=1360/3400 loss=1.185
  derivmatch lr=0.01 iter=1530/3400 loss=3.48
  derivmatch lr=0.01 iter=1700/3400 loss=1.586
  derivmatch lr=0.01 iter=1870/3400 loss=2.231
  derivmatch lr=0.01 iter=2040/3400 loss=1.562
  derivmatch lr=0.01 iter=2210/3400 loss=0.8353
  derivmatch lr=0.01 iter=2380/3400 loss=1.271
  derivmatch lr=0.01 iter=2550/3400 loss=1.656
  derivmatch lr=0.01 iter=2720/3400 loss=1.279
  derivmatch lr=0.01 iter=2890/3400 loss=0.3706
  derivmatch lr=0.01 iter=3060/3400 loss=0.3605
  derivmatch lr=0.01 iter=3230/3400 loss=0.4537
  derivmatch lr=0.01 iter=3400/3400 loss=0.1469
  derivmatch lr=0.01 iter=3400/3400 loss=0.04251
  derivmatch lr=0.003 iter=125/2500 loss=0.01715
  derivmatch lr=0.003 iter=250/2500 loss=0.03333
  derivmatch lr=0.003 iter=375/2500 loss=0.03118
  derivmatch lr=0.003 iter=500/2500 loss=0.02784
  derivmatch lr=0.003 iter=625/2500 loss=0.02728
  derivmatch lr=0.003 iter=750/2500 loss=0.02983
  derivmatch lr=0.003 iter=875/2500 loss=0.02366
  derivmatch lr=0.003 iter=1000/2500 loss=0.02131
  derivmatch lr=0.003 iter=1125/2500 loss=0.02048
  derivmatch lr=0.003 iter=1250/2500 loss=0.02722
  derivmatch lr=0.003 iter=1375/2500 loss=0.01939
  derivmatch lr=0.003 iter=1500/2500 loss=0.0181
  derivmatch lr=0.003 iter=1625/2500 loss=0.01948
  derivmatch lr=0.003 iter=1750/2500 loss=0.01899
  derivmatch lr=0.003 iter=1875/2500 loss=0.02085
  derivmatch lr=0.003 iter=2000/2500 loss=0.02509
  derivmatch lr=0.003 iter=2125/2500 loss=0.02599
  derivmatch lr=0.003 iter=2250/2500 loss=0.02262
  derivmatch lr=0.003 iter=2375/2500 loss=0.01718
  derivmatch lr=0.003 iter=2500/2500 loss=0.03019
  derivmatch lr=0.003 iter=2500/2500 loss=0.0155
  derivmatch lr=0.001 iter=125/2500 loss=0.001242
  derivmatch lr=0.001 iter=250/2500 loss=0.001171
  derivmatch lr=0.001 iter=375/2500 loss=0.001114
  derivmatch lr=0.001 iter=500/2500 loss=0.001058
  derivmatch lr=0.001 iter=625/2500 loss=0.02829
  derivmatch lr=0.001 iter=750/2500 loss=0.001187
  derivmatch lr=0.001 iter=875/2500 loss=0.0034
  derivmatch lr=0.001 iter=1000/2500 loss=0.0009033
  derivmatch lr=0.001 iter=1125/2500 loss=0.001961
  derivmatch lr=0.001 iter=1250/2500 loss=0.003256
  derivmatch lr=0.001 iter=1375/2500 loss=0.001816
  derivmatch lr=0.001 iter=1500/2500 loss=0.0009293
  derivmatch lr=0.001 iter=1625/2500 loss=0.004278
  derivmatch lr=0.001 iter=1750/2500 loss=0.002124
  derivmatch lr=0.001 iter=1875/2500 loss=0.004381
  derivmatch lr=0.001 iter=2000/2500 loss=0.002541
  derivmatch lr=0.001 iter=2125/2500 loss=0.002663
  derivmatch lr=0.001 iter=2250/2500 loss=0.002749
  derivmatch lr=0.001 iter=2375/2500 loss=0.002212
  derivmatch lr=0.001 iter=2500/2500 loss=0.002751
  derivmatch lr=0.001 iter=2500/2500 loss=0.0007829
  derivmatch lr=0.0003 iter=80/1600 loss=0.0007872
  derivmatch lr=0.0003 iter=160/1600 loss=0.0007631
  derivmatch lr=0.0003 iter=240/1600 loss=0.000757
  derivmatch lr=0.0003 iter=320/1600 loss=0.0007503
  derivmatch lr=0.0003 iter=400/1600 loss=0.000743
  derivmatch lr=0.0003 iter=480/1600 loss=0.0007351
  derivmatch lr=0.0003 iter=560/1600 loss=0.0007268
  derivmatch lr=0.0003 iter=640/1600 loss=0.000718
  derivmatch lr=0.0003 iter=720/1600 loss=0.0007087
  derivmatch lr=0.0003 iter=800/1600 loss=0.0006991
  derivmatch lr=0.0003 iter=880/1600 loss=0.0006892
  derivmatch lr=0.0003 iter=960/1600 loss=0.000679
  derivmatch lr=0.0003 iter=1040/1600 loss=0.0006684
  derivmatch lr=0.0003 iter=1120/1600 loss=0.0006576
  derivmatch lr=0.0003 iter=1200/1600 loss=0.0006465
  derivmatch lr=0.0003 iter=1280/1600 loss=0.001739
  derivmatch lr=0.0003 iter=1360/1600 loss=0.0006268
  derivmatch lr=0.0003 iter=1440/1600 loss=0.0006156
  derivmatch lr=0.0003 iter=1520/1600 loss=0.0006047
  derivmatch lr=0.0003 iter=1600/1600 loss=0.0005935
  derivmatch lr=0.0003 iter=1600/1600 loss=0.0005935
derivative matching [29s]  fitloss=0.000594
  [derivative matching]  nrmse=0.3728  l2=325.4
  shooting iter=50/1000 loss=0.1877
  shooting iter=100/1000 loss=0.1875
  shooting iter=150/1000 loss=0.1874
  shooting iter=200/1000 loss=0.1873
  shooting iter=250/1000 loss=0.1872
  shooting iter=300/1000 loss=0.1871
  shooting iter=350/1000 loss=0.1871
  shooting iter=400/1000 loss=0.187
  shooting iter=450/1000 loss=0.1869
  shooting iter=500/1000 loss=0.1868
  shooting iter=550/1000 loss=0.1868
  shooting iter=600/1000 loss=0.1867
  shooting iter=650/1000 loss=0.1867
  shooting iter=700/1000 loss=0.1866
  shooting iter=750/1000 loss=0.1866
  shooting iter=800/1000 loss=0.1866
  shooting iter=850/1000 loss=0.1865
  shooting iter=900/1000 loss=0.1865
  shooting iter=950/1000 loss=0.1865
  shooting iter=1000/1000 loss=0.1864
  shooting iter=1000/1000 loss=0.1841
shooting [193s]  loss=0.184
  [final]  nrmse=0.3005  l2=325.3
extrapolation window: T=200.0 -> T_test=400.0  n_test=302
  [train]  E_traj=1.031  E_VF=0.01714  E_spec=0.1032
  [test ]  E_traj=504.7  E_VF=524.4  E_spec=0.5578
saved /orcd/home/002/txenakis/projects/BVPsolver/src/../data/runs/run_RGtzwzK7/vanderpol_fit.png
saved /orcd/home/002/txenakis/projects/BVPsolver/src/../data/runs/run_RGtzwzK7/vanderpol_fit_extrapolated.png
saved /orcd/home/002/txenakis/projects/BVPsolver/src/../data/runs/run_RGtzwzK7/vanderpol_spectral_fit_extrapolated.png
saved /orcd/home/002/txenakis/projects/BVPsolver/src/../data/runs/run_RGtzwzK7/vanderpol_vf_fit_extrapolated.png
saved /orcd/home/002/txenakis/projects/BVPsolver/src/../data/runs/run_RGtzwzK7/vanderpol_sensitivity_vs_stiffness_derivmatch_pointwise.png
┌ Warning: No strict ticks found
└ @ PlotUtils ~/.julia/packages/PlotUtils/HX80C/src/ticks.jl:194
┌ Warning: No strict ticks found
└ @ PlotUtils ~/.julia/packages/PlotUtils/HX80C/src/ticks.jl:194
┌ Warning: Invalid negative or zero value 0.0 found at series index 1 for log10 based yscale
└ @ Plots ~/.julia/packages/Plots/GIume/src/utils.jl:105
saved /orcd/home/002/txenakis/projects/BVPsolver/src/../data/runs/run_RGtzwzK7/vanderpol_sensitivity_vs_stiffness_derivmatch_trajectory.png
saved /orcd/home/002/txenakis/projects/BVPsolver/src/../data/runs/run_RGtzwzK7/vanderpol_sensitivity_vs_stiffness_shooting_pointwise.png
┌ Warning: No strict ticks found
└ @ PlotUtils ~/.julia/packages/PlotUtils/HX80C/src/ticks.jl:194
┌ Warning: No strict ticks found
└ @ PlotUtils ~/.julia/packages/PlotUtils/HX80C/src/ticks.jl:194
┌ Warning: Invalid negative or zero value 0.0 found at series index 1 for log10 based yscale
└ @ Plots ~/.julia/packages/Plots/GIume/src/utils.jl:105
saved /orcd/home/002/txenakis/projects/BVPsolver/src/../data/runs/run_RGtzwzK7/vanderpol_sensitivity_vs_stiffness_shooting_trajectory.png
┌ Warning: Attempting to store StiffNN.var"#14#15"{Float64}.
│ JLD2 only stores functions by name.
│  This may not be useful for anonymous functions.
└ @ JLD2 ~/.julia/packages/JLD2/ADycq/src/data/writing_datatypes.jl:447
saved run → /orcd/home/002/txenakis/projects/BVPsolver/src/../data/runs/run_RGtzwzK7
--------------------------------------
Done: Fri Sep 25 11:55:52 EDT 2026
