Task 1715/1800: --problem davis-skodje --model GELU-scaled --profile fast --seed 115 --pretraining derivmatch --training shooting
Logging to /home/txenakis/projects/BVPsolver/logs/run_main_23640313_1715.log
davis-skodje  model=GELU-scaled width=7 d=2 tlen=300 profile=fast seed=115  solver=Rodas5P  N=317
  derivmatch lr=0.01 iter=170/3400 loss=1.627
  derivmatch lr=0.01 iter=340/3400 loss=0.1042
  derivmatch lr=0.01 iter=510/3400 loss=0.02404
  derivmatch lr=0.01 iter=680/3400 loss=0.03149
  derivmatch lr=0.01 iter=850/3400 loss=0.04257
  derivmatch lr=0.01 iter=1020/3400 loss=0.02594
  derivmatch lr=0.01 iter=1190/3400 loss=0.04048
  derivmatch lr=0.01 iter=1360/3400 loss=0.01915
  derivmatch lr=0.01 iter=1530/3400 loss=0.02236
  derivmatch lr=0.01 iter=1700/3400 loss=0.03523
  derivmatch lr=0.01 iter=1870/3400 loss=0.01502
  derivmatch lr=0.01 iter=2040/3400 loss=0.01336
  derivmatch lr=0.01 iter=2210/3400 loss=0.02527
  derivmatch lr=0.01 iter=2380/3400 loss=0.01355
  derivmatch lr=0.01 iter=2550/3400 loss=0.01398
  derivmatch lr=0.01 iter=2720/3400 loss=0.02128
  derivmatch lr=0.01 iter=2890/3400 loss=0.008217
  derivmatch lr=0.01 iter=3060/3400 loss=0.01345
  derivmatch lr=0.01 iter=3230/3400 loss=0.02172
  derivmatch lr=0.01 iter=3400/3400 loss=0.006307
  derivmatch lr=0.01 iter=3400/3400 loss=0.006303
  derivmatch lr=0.003 iter=125/2500 loss=0.002358
  derivmatch lr=0.003 iter=250/2500 loss=0.001965
  derivmatch lr=0.003 iter=375/2500 loss=0.002104
  derivmatch lr=0.003 iter=500/2500 loss=0.00174
  derivmatch lr=0.003 iter=625/2500 loss=0.001426
  derivmatch lr=0.003 iter=750/2500 loss=0.001264
  derivmatch lr=0.003 iter=875/2500 loss=0.001581
  derivmatch lr=0.003 iter=1000/2500 loss=0.003974
  derivmatch lr=0.003 iter=1125/2500 loss=0.002795
  derivmatch lr=0.003 iter=1250/2500 loss=0.002357
  derivmatch lr=0.003 iter=1375/2500 loss=0.001806
  derivmatch lr=0.003 iter=1500/2500 loss=0.001657
  derivmatch lr=0.003 iter=1625/2500 loss=0.001682
  derivmatch lr=0.003 iter=1750/2500 loss=0.001526
  derivmatch lr=0.003 iter=1875/2500 loss=0.001558
  derivmatch lr=0.003 iter=2000/2500 loss=0.001445
  derivmatch lr=0.003 iter=2125/2500 loss=0.001467
  derivmatch lr=0.003 iter=2250/2500 loss=0.001371
  derivmatch lr=0.003 iter=2375/2500 loss=0.001844
  derivmatch lr=0.003 iter=2500/2500 loss=0.0009363
  derivmatch lr=0.003 iter=2500/2500 loss=0.0008758
  derivmatch lr=0.001 iter=125/2500 loss=0.0005669
  derivmatch lr=0.001 iter=250/2500 loss=0.0005418
  derivmatch lr=0.001 iter=375/2500 loss=0.0005281
  derivmatch lr=0.001 iter=500/2500 loss=0.0005156
  derivmatch lr=0.001 iter=625/2500 loss=0.0005032
  derivmatch lr=0.001 iter=750/2500 loss=0.0004911
  derivmatch lr=0.001 iter=875/2500 loss=0.0004792
  derivmatch lr=0.001 iter=1000/2500 loss=0.0004676
  derivmatch lr=0.001 iter=1125/2500 loss=0.0004577
  derivmatch lr=0.001 iter=1250/2500 loss=0.0005691
  derivmatch lr=0.001 iter=1375/2500 loss=0.0004561
  derivmatch lr=0.001 iter=1500/2500 loss=0.0004968
  derivmatch lr=0.001 iter=1625/2500 loss=0.0005529
  derivmatch lr=0.001 iter=1750/2500 loss=0.0008951
  derivmatch lr=0.001 iter=1875/2500 loss=0.0007177
  derivmatch lr=0.001 iter=2000/2500 loss=0.000457
  derivmatch lr=0.001 iter=2125/2500 loss=0.0003969
  derivmatch lr=0.001 iter=2250/2500 loss=0.0003884
  derivmatch lr=0.001 iter=2375/2500 loss=0.000522
  derivmatch lr=0.001 iter=2500/2500 loss=0.0006083
  derivmatch lr=0.001 iter=2500/2500 loss=0.0003772
  derivmatch lr=0.0003 iter=80/1600 loss=0.0003758
  derivmatch lr=0.0003 iter=160/1600 loss=0.0003736
  derivmatch lr=0.0003 iter=240/1600 loss=0.0003725
  derivmatch lr=0.0003 iter=320/1600 loss=0.0003714
  derivmatch lr=0.0003 iter=400/1600 loss=0.00037
  derivmatch lr=0.0003 iter=480/1600 loss=0.0003686
  derivmatch lr=0.0003 iter=560/1600 loss=0.000367
  derivmatch lr=0.0003 iter=640/1600 loss=0.0003653
  derivmatch lr=0.0003 iter=720/1600 loss=0.0003635
  derivmatch lr=0.0003 iter=800/1600 loss=0.0003616
  derivmatch lr=0.0003 iter=880/1600 loss=0.0003595
  derivmatch lr=0.0003 iter=960/1600 loss=0.0003574
  derivmatch lr=0.0003 iter=1040/1600 loss=0.0003552
  derivmatch lr=0.0003 iter=1120/1600 loss=0.0003528
  derivmatch lr=0.0003 iter=1200/1600 loss=0.0003504
  derivmatch lr=0.0003 iter=1280/1600 loss=0.0003479
  derivmatch lr=0.0003 iter=1360/1600 loss=0.0003453
  derivmatch lr=0.0003 iter=1440/1600 loss=0.0003427
  derivmatch lr=0.0003 iter=1520/1600 loss=0.0003399
  derivmatch lr=0.0003 iter=1600/1600 loss=0.0003371
  derivmatch lr=0.0003 iter=1600/1600 loss=0.0003371
derivative matching [29s]  fitloss=0.000337
  [derivative matching]  nrmse=0.001229  l2=0.04643
  shooting iter=50/1000 loss=0.2027
  shooting iter=100/1000 loss=0.2043
  shooting iter=150/1000 loss=0.2043
  shooting iter=200/1000 loss=0.2043
  shooting iter=250/1000 loss=0.2043
  shooting iter=300/1000 loss=0.2043
  shooting iter=350/1000 loss=0.2043
  shooting iter=400/1000 loss=0.2043
  shooting iter=450/1000 loss=0.2043
  shooting iter=500/1000 loss=0.2043
  shooting iter=550/1000 loss=0.2043
  shooting iter=600/1000 loss=0.2043
  shooting iter=650/1000 loss=0.2043
  shooting iter=700/1000 loss=0.2043
  shooting iter=750/1000 loss=0.2043
  shooting iter=800/1000 loss=0.2043
  shooting iter=850/1000 loss=0.2043
  shooting iter=900/1000 loss=0.2043
  shooting iter=950/1000 loss=0.2043
  shooting iter=1000/1000 loss=0.2043
  shooting iter=1000/1000 loss=0.0006936
shooting [611s]  loss=0.000694
  [final]  nrmse=0.001229  l2=0.04643
extrapolation window: T=15.0 -> T_test=30.0  n_test=600
  [train]  E_traj=3.312e-6  E_VF=0.0001027  E_spec=0.4645
  [test ]  E_traj=7.953e8  E_VF=6.358e7  E_spec=0.9402
saved /orcd/home/002/txenakis/projects/BVPsolver/src/../data/runs/run_HwecMJg1/davis-skodje_fit.png
saved /orcd/home/002/txenakis/projects/BVPsolver/src/../data/runs/run_HwecMJg1/davis-skodje_fit_extrapolated.png
saved /orcd/home/002/txenakis/projects/BVPsolver/src/../data/runs/run_HwecMJg1/davis-skodje_spectral_fit_extrapolated.png
saved /orcd/home/002/txenakis/projects/BVPsolver/src/../data/runs/run_HwecMJg1/davis-skodje_vf_fit_extrapolated.png
┌ Warning: Attempting to store StiffNN.var"#22#23"{Float64}.
│ JLD2 only stores functions by name.
│  This may not be useful for anonymous functions.
└ @ JLD2 ~/.julia/packages/JLD2/ADycq/src/data/writing_datatypes.jl:447
saved run → /orcd/home/002/txenakis/projects/BVPsolver/src/../data/runs/run_HwecMJg1
--------------------------------------
Done: Thu Sep 24 06:55:03 EDT 2026
