Task 377/1800: --problem rober --model stiff --profile fast --seed 127 --pretraining derivmatch --training collocation
Logging to /home/txenakis/projects/BVPsolver/logs/run_main_23493023_377.log
rober  model=stiff width=12 d=3 tlen=50 profile=fast seed=127  solver=Rodas5  N=318
  derivmatch lr=0.01 iter=170/3400 loss=0.2531
  derivmatch lr=0.01 iter=340/3400 loss=0.1173
  derivmatch lr=0.01 iter=510/3400 loss=0.09393
  derivmatch lr=0.01 iter=680/3400 loss=0.08084
  derivmatch lr=0.01 iter=850/3400 loss=0.05358
  derivmatch lr=0.01 iter=1020/3400 loss=0.05302
  derivmatch lr=0.01 iter=1190/3400 loss=0.04084
  derivmatch lr=0.01 iter=1360/3400 loss=0.03462
  derivmatch lr=0.01 iter=1530/3400 loss=0.03088
  derivmatch lr=0.01 iter=1700/3400 loss=0.03033
  derivmatch lr=0.01 iter=1870/3400 loss=0.02746
  derivmatch lr=0.01 iter=2040/3400 loss=0.02439
  derivmatch lr=0.01 iter=2210/3400 loss=0.02178
  derivmatch lr=0.01 iter=2380/3400 loss=0.01957
  derivmatch lr=0.01 iter=2550/3400 loss=0.01755
  derivmatch lr=0.01 iter=2720/3400 loss=0.01567
  derivmatch lr=0.01 iter=2890/3400 loss=0.01392
  derivmatch lr=0.01 iter=3060/3400 loss=0.01234
  derivmatch lr=0.01 iter=3230/3400 loss=0.01093
  derivmatch lr=0.01 iter=3400/3400 loss=0.009691
  derivmatch lr=0.01 iter=3400/3400 loss=0.009691
  derivmatch lr=0.003 iter=125/2500 loss=0.008489
  derivmatch lr=0.003 iter=250/2500 loss=0.007979
  derivmatch lr=0.003 iter=375/2500 loss=0.00744
  derivmatch lr=0.003 iter=500/2500 loss=0.006887
  derivmatch lr=0.003 iter=625/2500 loss=0.006404
  derivmatch lr=0.003 iter=750/2500 loss=0.005984
  derivmatch lr=0.003 iter=875/2500 loss=0.005608
  derivmatch lr=0.003 iter=1000/2500 loss=0.005273
  derivmatch lr=0.003 iter=1125/2500 loss=0.004977
  derivmatch lr=0.003 iter=1250/2500 loss=0.004714
  derivmatch lr=0.003 iter=1375/2500 loss=0.00448
  derivmatch lr=0.003 iter=1500/2500 loss=0.004271
  derivmatch lr=0.003 iter=1625/2500 loss=0.004081
  derivmatch lr=0.003 iter=1750/2500 loss=0.003911
  derivmatch lr=0.003 iter=1875/2500 loss=0.003947
  derivmatch lr=0.003 iter=2000/2500 loss=0.003597
  derivmatch lr=0.003 iter=2125/2500 loss=0.003458
  derivmatch lr=0.003 iter=2250/2500 loss=0.003311
  derivmatch lr=0.003 iter=2375/2500 loss=0.003174
  derivmatch lr=0.003 iter=2500/2500 loss=0.003033
  derivmatch lr=0.003 iter=2500/2500 loss=0.003033
  derivmatch lr=0.001 iter=125/2500 loss=0.002974
  derivmatch lr=0.001 iter=250/2500 loss=0.002906
  derivmatch lr=0.001 iter=375/2500 loss=0.002822
  derivmatch lr=0.001 iter=500/2500 loss=0.002725
  derivmatch lr=0.001 iter=625/2500 loss=0.002617
  derivmatch lr=0.001 iter=750/2500 loss=0.002499
  derivmatch lr=0.001 iter=875/2500 loss=0.002371
  derivmatch lr=0.001 iter=1000/2500 loss=0.002236
  derivmatch lr=0.001 iter=1125/2500 loss=0.002097
  derivmatch lr=0.001 iter=1250/2500 loss=0.001954
  derivmatch lr=0.001 iter=1375/2500 loss=0.001807
  derivmatch lr=0.001 iter=1500/2500 loss=0.001667
  derivmatch lr=0.001 iter=1625/2500 loss=0.00153
  derivmatch lr=0.001 iter=1750/2500 loss=0.001399
  derivmatch lr=0.001 iter=1875/2500 loss=0.001281
  derivmatch lr=0.001 iter=2000/2500 loss=0.00117
  derivmatch lr=0.001 iter=2125/2500 loss=0.001072
  derivmatch lr=0.001 iter=2250/2500 loss=0.0009808
  derivmatch lr=0.001 iter=2375/2500 loss=0.0009448
  derivmatch lr=0.001 iter=2500/2500 loss=0.0008178
  derivmatch lr=0.001 iter=2500/2500 loss=0.0008178
  derivmatch lr=0.0003 iter=80/1600 loss=0.0008089
  derivmatch lr=0.0003 iter=160/1600 loss=0.0007965
  derivmatch lr=0.0003 iter=240/1600 loss=0.0007814
  derivmatch lr=0.0003 iter=320/1600 loss=0.0007641
  derivmatch lr=0.0003 iter=400/1600 loss=0.0007454
  derivmatch lr=0.0003 iter=480/1600 loss=0.0007254
  derivmatch lr=0.0003 iter=560/1600 loss=0.0007046
  derivmatch lr=0.0003 iter=640/1600 loss=0.0006829
  derivmatch lr=0.0003 iter=720/1600 loss=0.0006608
  derivmatch lr=0.0003 iter=800/1600 loss=0.0006382
  derivmatch lr=0.0003 iter=880/1600 loss=0.0006154
  derivmatch lr=0.0003 iter=960/1600 loss=0.0005924
  derivmatch lr=0.0003 iter=1040/1600 loss=0.0005695
  derivmatch lr=0.0003 iter=1120/1600 loss=0.0005467
  derivmatch lr=0.0003 iter=1200/1600 loss=0.0005241
  derivmatch lr=0.0003 iter=1280/1600 loss=0.0005018
  derivmatch lr=0.0003 iter=1360/1600 loss=0.0004799
  derivmatch lr=0.0003 iter=1440/1600 loss=0.0004586
  derivmatch lr=0.0003 iter=1520/1600 loss=0.0004377
  derivmatch lr=0.0003 iter=1600/1600 loss=0.0004175
  derivmatch lr=0.0003 iter=1600/1600 loss=0.0004175
derivative matching [32s]  fitloss=0.000418
  [derivative matching]  nrmse=0.003866  l2=0.02629
  collocation: M=54 residuals=627  detecting sparsity + solving...

Algorithm: LevenbergMarquardt(
    trustregion = LevenbergMarquardtTrustRegion(
        β_uphill = 0.0
    ),
    descent = GeodesicAcceleration(
        descent = DampedNewtonDescent(
            linsolve = KLUFactorization(
                reuse_symbolic = true,
                check_pattern = true
            ),
            initial_damping = 1.0,
            damping_fn = LevenbergMarquardtDampingFunction(
                increase_factor = 2.0,
                decrease_factor = 3.0,
                min_damping = 1.0e-8
            ),
            min_norm_mode = :auto
        ),
        finite_diff_step_geodesic = 0.1,
        α = 0.75
    ),
    autodiff = AutoForwardDiff(),
    vjp_autodiff = AutoFiniteDiff(
        fdtype = Val{:forward}(),
        fdjtype = Val{:forward}(),
        fdhtype = Val{:hcentral}(),
        dir = true
    ),
    jvp_autodiff = AutoForwardDiff(),
    concrete_jac = Val{true}()
)

----    	-------------       	-----------         
Iter    	f(u) 2-norm         	Step 2-norm         
----    	-------------       	-----------         
0       	6.44067973e+03      	NaN                 
1       	2.75502099e+04      	2.16108442e-02      
8       	5.00479897e+03      	2.98187807e-02      
15      	2.40204763e+02      	1.77183059e-01      
22      	5.78569029e+02      	4.57308582e-01      
29      	3.00115347e+03      	0.00000000e+00      
36      	1.59966205e+02      	2.03303189e-01      
43      	5.89528583e+02      	4.06928162e-01      
50      	1.83085967e+01      	0.00000000e+00      
57      	8.47036015e+01      	0.00000000e+00      
64      	2.26335334e+01      	0.00000000e+00      
71      	8.86633926e+00      	0.00000000e+00      
78      	1.37427528e+01      	1.53468096e-01      
85      	1.71969516e+02      	1.42019711e-01      
92      	5.98433084e+00      	0.00000000e+00      
99      	1.83739979e+02      	0.00000000e+00      
106     	5.34132647e+02      	0.00000000e+00      
113     	1.27627688e+01      	0.00000000e+00      
120     	7.06915897e+02      	0.00000000e+00      
127     	2.48527387e+02      	0.00000000e+00      
134     	1.55703450e+01      	0.00000000e+00      
141     	3.48732925e+01      	0.00000000e+00      
148     	1.04348644e+02      	0.00000000e+00      
Final   	4.14908011e+00      
----------------------      
  AMR 1/1: M=54  err=15.1  obs=2.11e-10  nrmse=0.000187  best=0.000187  refined=0
collocation [18s]
  [final]  nrmse=0.0001866  l2=0.0002272
extrapolation window: T=1000.0 -> T_test=1.0e12  n_test=100
  [train]  E_traj=9.268e-8  E_VF=3.194e-6  E_spec=1.599e27
  [test ]  E_traj=40.89  E_VF=2.929e13  E_spec=4.142e22
saved /orcd/home/002/txenakis/projects/BVPsolver/src/../data/runs/run_GfgUQmyk/rober_fit.png
saved /orcd/home/002/txenakis/projects/BVPsolver/src/../data/runs/run_GfgUQmyk/rober_fit_extrapolated.png
saved /orcd/home/002/txenakis/projects/BVPsolver/src/../data/runs/run_GfgUQmyk/rober_spectral_fit_extrapolated.png
saved /orcd/home/002/txenakis/projects/BVPsolver/src/../data/runs/run_GfgUQmyk/rober_vf_fit_extrapolated.png
┌ Warning: Attempting to store StiffNN.var"#12#13"{Float64, Float64, Float64}.
│ JLD2 only stores functions by name.
│  This may not be useful for anonymous functions.
└ @ JLD2 ~/.julia/packages/JLD2/ADycq/src/data/writing_datatypes.jl:447
saved run → /orcd/home/002/txenakis/projects/BVPsolver/src/../data/runs/run_GfgUQmyk
--------------------------------------
Done: Wed Sep 23 05:30:06 EDT 2026
