Task 520/1800: --problem rober --model GELU-scaled --profile fast --seed 120 --pretraining derivmatch --training shooting
Logging to /home/txenakis/projects/BVPsolver/logs/run_main_23544358_520.log
rober  model=GELU-scaled width=7 d=3 tlen=50 profile=fast seed=120  solver=Rodas5  N=332
  derivmatch lr=0.01 iter=170/3400 loss=8.728
  derivmatch lr=0.01 iter=340/3400 loss=8.608
  derivmatch lr=0.01 iter=510/3400 loss=6.064
  derivmatch lr=0.01 iter=680/3400 loss=6.014
  derivmatch lr=0.01 iter=850/3400 loss=8.479
  derivmatch lr=0.01 iter=1020/3400 loss=8.8
  derivmatch lr=0.01 iter=1190/3400 loss=8.493
  derivmatch lr=0.01 iter=1360/3400 loss=8.25
  derivmatch lr=0.01 iter=1530/3400 loss=8.025
  derivmatch lr=0.01 iter=1700/3400 loss=7.794
  derivmatch lr=0.01 iter=1870/3400 loss=7.539
  derivmatch lr=0.01 iter=2040/3400 loss=7.257
  derivmatch lr=0.01 iter=2210/3400 loss=6.773
  derivmatch lr=0.01 iter=2380/3400 loss=5.208
  derivmatch lr=0.01 iter=2550/3400 loss=7.86
  derivmatch lr=0.01 iter=2720/3400 loss=7.107
  derivmatch lr=0.01 iter=2890/3400 loss=6.805
  derivmatch lr=0.01 iter=3060/3400 loss=6.53
  derivmatch lr=0.01 iter=3230/3400 loss=6.098
  derivmatch lr=0.01 iter=3400/3400 loss=5.968
  derivmatch lr=0.01 iter=3400/3400 loss=4.898
  derivmatch lr=0.003 iter=125/2500 loss=6.116
  derivmatch lr=0.003 iter=250/2500 loss=4.656
  derivmatch lr=0.003 iter=375/2500 loss=6.123
  derivmatch lr=0.003 iter=500/2500 loss=6.968
  derivmatch lr=0.003 iter=625/2500 loss=6.198
  derivmatch lr=0.003 iter=750/2500 loss=4.778
  derivmatch lr=0.003 iter=875/2500 loss=4.61
  derivmatch lr=0.003 iter=1000/2500 loss=10.61
  derivmatch lr=0.003 iter=1125/2500 loss=7.546
  derivmatch lr=0.003 iter=1250/2500 loss=7.126
  derivmatch lr=0.003 iter=1375/2500 loss=6.836
  derivmatch lr=0.003 iter=1500/2500 loss=6.557
  derivmatch lr=0.003 iter=1625/2500 loss=6.269
  derivmatch lr=0.003 iter=1750/2500 loss=6.068
  derivmatch lr=0.003 iter=1875/2500 loss=5.9
  derivmatch lr=0.003 iter=2000/2500 loss=5.964
  derivmatch lr=0.003 iter=2125/2500 loss=7.597
  derivmatch lr=0.003 iter=2250/2500 loss=6.871
  derivmatch lr=0.003 iter=2375/2500 loss=9.225
  derivmatch lr=0.003 iter=2500/2500 loss=6.096
  derivmatch lr=0.003 iter=2500/2500 loss=4.513
  derivmatch lr=0.001 iter=125/2500 loss=4.635
  derivmatch lr=0.001 iter=250/2500 loss=5.632
  derivmatch lr=0.001 iter=375/2500 loss=6.475
  derivmatch lr=0.001 iter=500/2500 loss=5.718
  derivmatch lr=0.001 iter=625/2500 loss=4.462
  derivmatch lr=0.001 iter=750/2500 loss=4.418
  derivmatch lr=0.001 iter=875/2500 loss=4.381
  derivmatch lr=0.001 iter=1000/2500 loss=4.344
  derivmatch lr=0.001 iter=1125/2500 loss=4.306
  derivmatch lr=0.001 iter=1250/2500 loss=4.267
  derivmatch lr=0.001 iter=1375/2500 loss=4.226
  derivmatch lr=0.001 iter=1500/2500 loss=4.183
  derivmatch lr=0.001 iter=1625/2500 loss=4.144
  derivmatch lr=0.001 iter=1750/2500 loss=4.107
  derivmatch lr=0.001 iter=1875/2500 loss=6.927
  derivmatch lr=0.001 iter=2000/2500 loss=6.112
  derivmatch lr=0.001 iter=2125/2500 loss=6.177
  derivmatch lr=0.001 iter=2250/2500 loss=6.803
  derivmatch lr=0.001 iter=2375/2500 loss=5.713
  derivmatch lr=0.001 iter=2500/2500 loss=4.196
  derivmatch lr=0.001 iter=2500/2500 loss=4.097
  derivmatch lr=0.0003 iter=80/1600 loss=4.1
  derivmatch lr=0.0003 iter=160/1600 loss=4.091
  derivmatch lr=0.0003 iter=240/1600 loss=4.086
  derivmatch lr=0.0003 iter=320/1600 loss=4.081
  derivmatch lr=0.0003 iter=400/1600 loss=4.075
  derivmatch lr=0.0003 iter=480/1600 loss=4.069
  derivmatch lr=0.0003 iter=560/1600 loss=4.062
  derivmatch lr=0.0003 iter=640/1600 loss=4.056
  derivmatch lr=0.0003 iter=720/1600 loss=4.049
  derivmatch lr=0.0003 iter=800/1600 loss=4.042
  derivmatch lr=0.0003 iter=880/1600 loss=4.034
  derivmatch lr=0.0003 iter=960/1600 loss=4.027
  derivmatch lr=0.0003 iter=1040/1600 loss=4.019
  derivmatch lr=0.0003 iter=1120/1600 loss=4.011
  derivmatch lr=0.0003 iter=1200/1600 loss=4.003
  derivmatch lr=0.0003 iter=1280/1600 loss=3.994
  derivmatch lr=0.0003 iter=1360/1600 loss=3.986
  derivmatch lr=0.0003 iter=1440/1600 loss=3.977
  derivmatch lr=0.0003 iter=1520/1600 loss=5.727
  derivmatch lr=0.0003 iter=1600/1600 loss=4.971
  derivmatch lr=0.0003 iter=1600/1600 loss=3.974
derivative matching [27s]  fitloss=3.97
  [derivative matching]  nrmse=8.974  l2=0.1334
  shooting iter=50/1000 loss=0.345
  shooting iter=100/1000 loss=0.2153
  shooting iter=150/1000 loss=0.1479
  shooting iter=200/1000 loss=0.1337
  shooting iter=250/1000 loss=0.1278
  shooting iter=300/1000 loss=0.1257
  shooting iter=350/1000 loss=0.1241
  shooting iter=400/1000 loss=0.123
  shooting iter=450/1000 loss=0.1264
  shooting iter=500/1000 loss=0.1207
  shooting iter=550/1000 loss=0.1193
  shooting iter=600/1000 loss=0.1114
  shooting iter=650/1000 loss=0.09648
  shooting iter=700/1000 loss=0.09089
  shooting iter=750/1000 loss=0.08781
  shooting iter=800/1000 loss=0.08625
  shooting iter=850/1000 loss=0.08582
  shooting iter=900/1000 loss=0.08419
  shooting iter=950/1000 loss=0.08358
  shooting iter=1000/1000 loss=0.0828
  shooting iter=1000/1000 loss=0.08277
shooting [512s]  loss=0.0828
  [final]  nrmse=0.2265  l2=0.1136
extrapolation window: T=1000.0 -> T_test=1.0e12  n_test=100
  [train]  E_traj=0.1339  E_VF=1.889  E_spec=5.218e18
  [test ]  E_traj=NaN  E_VF=NaN  E_spec=NaN
saved /orcd/home/002/txenakis/projects/BVPsolver/src/../data/runs/run_GiW0qjVA/rober_fit.png
saved /orcd/home/002/txenakis/projects/BVPsolver/src/../data/runs/run_GiW0qjVA/rober_fit_extrapolated.png
saved /orcd/home/002/txenakis/projects/BVPsolver/src/../data/runs/run_GiW0qjVA/rober_spectral_fit_extrapolated.png
saved /orcd/home/002/txenakis/projects/BVPsolver/src/../data/runs/run_GiW0qjVA/rober_vf_fit_extrapolated.png
┌ Warning: Attempting to store StiffNN.var"#12#13"{Float64, Float64, Float64}.
│ JLD2 only stores functions by name.
│  This may not be useful for anonymous functions.
└ @ JLD2 ~/.julia/packages/JLD2/ADycq/src/data/writing_datatypes.jl:447
saved run → /orcd/home/002/txenakis/projects/BVPsolver/src/../data/runs/run_GiW0qjVA
--------------------------------------
Done: Wed Sep 23 09:34:11 EDT 2026
