Task 102/600: --problem davis-skodje --param 1e-2 --model stiff --profile fast --seed 302 --pretraining derivmatch --training collocation
Logging to /home/txenakis/projects/BVPsolver/logs/run_main_23642156_102.log
davis-skodje  model=stiff width=12 d=2 tlen=300 profile=fast seed=302  solver=Rodas5P  N=268
  derivmatch lr=0.01 iter=170/3400 loss=0.06779
  derivmatch lr=0.01 iter=340/3400 loss=0.02609
  derivmatch lr=0.01 iter=510/3400 loss=0.01449
  derivmatch lr=0.01 iter=680/3400 loss=0.009339
  derivmatch lr=0.01 iter=850/3400 loss=0.006708
  derivmatch lr=0.01 iter=1020/3400 loss=0.005009
  derivmatch lr=0.01 iter=1190/3400 loss=0.003818
  derivmatch lr=0.01 iter=1360/3400 loss=0.002986
  derivmatch lr=0.01 iter=1530/3400 loss=0.002413
  derivmatch lr=0.01 iter=1700/3400 loss=0.002019
  derivmatch lr=0.01 iter=1870/3400 loss=0.001741
  derivmatch lr=0.01 iter=2040/3400 loss=0.001536
  derivmatch lr=0.01 iter=2210/3400 loss=0.001372
  derivmatch lr=0.01 iter=2380/3400 loss=0.001226
  derivmatch lr=0.01 iter=2550/3400 loss=0.001073
  derivmatch lr=0.01 iter=2720/3400 loss=0.0008938
  derivmatch lr=0.01 iter=2890/3400 loss=0.0006903
  derivmatch lr=0.01 iter=3060/3400 loss=0.0004906
  derivmatch lr=0.01 iter=3230/3400 loss=0.0003258
  derivmatch lr=0.01 iter=3400/3400 loss=0.0002131
  derivmatch lr=0.01 iter=3400/3400 loss=0.0002131
  derivmatch lr=0.003 iter=125/2500 loss=0.0001087
  derivmatch lr=0.003 iter=250/2500 loss=7.419e-5
  derivmatch lr=0.003 iter=375/2500 loss=5.976e-5
  derivmatch lr=0.003 iter=500/2500 loss=5.117e-5
  derivmatch lr=0.003 iter=625/2500 loss=4.474e-5
  derivmatch lr=0.003 iter=750/2500 loss=3.978e-5
  derivmatch lr=0.003 iter=875/2500 loss=3.564e-5
  derivmatch lr=0.003 iter=1000/2500 loss=3.276e-5
  derivmatch lr=0.003 iter=1125/2500 loss=2.932e-5
  derivmatch lr=0.003 iter=1250/2500 loss=2.677e-5
  derivmatch lr=0.003 iter=1375/2500 loss=2.887e-5
  derivmatch lr=0.003 iter=1500/2500 loss=2.261e-5
  derivmatch lr=0.003 iter=1625/2500 loss=2.076e-5
  derivmatch lr=0.003 iter=1750/2500 loss=1.925e-5
  derivmatch lr=0.003 iter=1875/2500 loss=1.778e-5
  derivmatch lr=0.003 iter=2000/2500 loss=0.0001336
  derivmatch lr=0.003 iter=2125/2500 loss=1.533e-5
  derivmatch lr=0.003 iter=2250/2500 loss=1.426e-5
  derivmatch lr=0.003 iter=2375/2500 loss=1.345e-5
  derivmatch lr=0.003 iter=2500/2500 loss=1.259e-5
  derivmatch lr=0.003 iter=2500/2500 loss=1.259e-5
  derivmatch lr=0.001 iter=125/2500 loss=1.219e-5
  derivmatch lr=0.001 iter=250/2500 loss=1.193e-5
  derivmatch lr=0.001 iter=375/2500 loss=1.162e-5
  derivmatch lr=0.001 iter=500/2500 loss=1.127e-5
  derivmatch lr=0.001 iter=625/2500 loss=1.09e-5
  derivmatch lr=0.001 iter=750/2500 loss=1.053e-5
  derivmatch lr=0.001 iter=875/2500 loss=1.017e-5
  derivmatch lr=0.001 iter=1000/2500 loss=9.827e-6
  derivmatch lr=0.001 iter=1125/2500 loss=9.649e-6
  derivmatch lr=0.001 iter=1250/2500 loss=9.222e-6
  derivmatch lr=0.001 iter=1375/2500 loss=8.964e-6
  derivmatch lr=0.001 iter=1500/2500 loss=8.713e-6
  derivmatch lr=0.001 iter=1625/2500 loss=8.492e-6
  derivmatch lr=0.001 iter=1750/2500 loss=8.278e-6
  derivmatch lr=0.001 iter=1875/2500 loss=8.116e-6
  derivmatch lr=0.001 iter=2000/2500 loss=7.894e-6
  derivmatch lr=0.001 iter=2125/2500 loss=7.732e-6
  derivmatch lr=0.001 iter=2250/2500 loss=7.547e-6
  derivmatch lr=0.001 iter=2375/2500 loss=7.392e-6
  derivmatch lr=0.001 iter=2500/2500 loss=7.224e-6
  derivmatch lr=0.001 iter=2500/2500 loss=7.224e-6
  derivmatch lr=0.0003 iter=80/1600 loss=7.17e-6
  derivmatch lr=0.0003 iter=160/1600 loss=7.127e-6
  derivmatch lr=0.0003 iter=240/1600 loss=7.074e-6
  derivmatch lr=0.0003 iter=320/1600 loss=7.011e-6
  derivmatch lr=0.0003 iter=400/1600 loss=6.986e-6
  derivmatch lr=0.0003 iter=480/1600 loss=6.883e-6
  derivmatch lr=0.0003 iter=560/1600 loss=6.815e-6
  derivmatch lr=0.0003 iter=640/1600 loss=6.742e-6
  derivmatch lr=0.0003 iter=720/1600 loss=6.701e-6
  derivmatch lr=0.0003 iter=800/1600 loss=6.595e-6
  derivmatch lr=0.0003 iter=880/1600 loss=6.522e-6
  derivmatch lr=0.0003 iter=960/1600 loss=6.446e-6
  derivmatch lr=0.0003 iter=1040/1600 loss=6.369e-6
  derivmatch lr=0.0003 iter=1120/1600 loss=6.294e-6
  derivmatch lr=0.0003 iter=1200/1600 loss=6.221e-6
  derivmatch lr=0.0003 iter=1280/1600 loss=6.145e-6
  derivmatch lr=0.0003 iter=1360/1600 loss=6.067e-6
  derivmatch lr=0.0003 iter=1440/1600 loss=5.996e-6
  derivmatch lr=0.0003 iter=1520/1600 loss=5.926e-6
  derivmatch lr=0.0003 iter=1600/1600 loss=5.854e-6
  derivmatch lr=0.0003 iter=1600/1600 loss=5.854e-6
derivative matching [30s]  fitloss=5.85e-6
  [derivative matching]  nrmse=7.644e-5  l2=0.003597
  collocation: M=300 residuals=2394  detecting sparsity + solving...

Algorithm: LevenbergMarquardt(
    trustregion = LevenbergMarquardtTrustRegion(
        β_uphill = 0.0
    ),
    descent = GeodesicAcceleration(
        descent = DampedNewtonDescent(
            linsolve = KLUFactorization(
                reuse_symbolic = true,
                check_pattern = true
            ),
            initial_damping = 1.0,
            damping_fn = LevenbergMarquardtDampingFunction(
                increase_factor = 2.0,
                decrease_factor = 3.0,
                min_damping = 1.0e-8
            ),
            min_norm_mode = :auto
        ),
        finite_diff_step_geodesic = 0.1,
        α = 0.75
    ),
    autodiff = AutoForwardDiff(),
    vjp_autodiff = AutoFiniteDiff(
        fdtype = Val{:forward}(),
        fdjtype = Val{:forward}(),
        fdhtype = Val{:hcentral}(),
        dir = true
    ),
    jvp_autodiff = AutoForwardDiff(),
    concrete_jac = Val{true}()
)

----    	-------------       	-----------         
Iter    	f(u) 2-norm         	Step 2-norm         
----    	-------------       	-----------         
0       	2.56486193e+01      	1.00000000e+00      
1       	2.56486193e+01      	0.00000000e+00      
8       	1.64719597e-01      	7.11405114e-03      
15      	9.12438224e-03      	0.00000000e+00      
22      	9.08674660e-04      	5.03345398e-02      
29      	6.76234821e-01      	4.37873762e-01      
36      	4.17595605e-02      	0.00000000e+00      
43      	2.50021856e-02      	2.54590496e-01      
50      	1.29710119e-01      	9.55552875e-01      
57      	7.18065225e-01      	0.00000000e+00      
64      	7.27655560e-01      	0.00000000e+00      
71      	1.11818720e-01      	6.99828996e-01      
78      	1.00274121e+00      	0.00000000e+00      
85      	6.68580520e-02      	5.94778034e-01      
92      	1.37823889e-01      	9.58146766e-01      
99      	1.05736447e-02      	0.00000000e+00      
106     	1.61720601e-03      	0.00000000e+00      
113     	1.19711223e-03      	2.03666308e-01      
120     	1.39202311e-01      	7.89041953e-01      
127     	3.01084745e-02      	8.22062460e-01      
134     	1.60742803e-02      	0.00000000e+00      
141     	7.69654250e-04      	1.96238914e-01      
148     	2.22085883e-04      	0.00000000e+00      
Final   	4.10321028e-05      
----------------------      
  AMR 1/3: M=300  err=2.54e-11  obs=3.11e-8  nrmse=6.22e-7  best=6.22e-7  refined=68
  collocation: M=368 residuals=2802  detecting sparsity + solving...

Algorithm: LevenbergMarquardt(
    trustregion = LevenbergMarquardtTrustRegion(
        β_uphill = 0.0
    ),
    descent = GeodesicAcceleration(
        descent = DampedNewtonDescent(
            linsolve = KLUFactorization(
                reuse_symbolic = true,
                check_pattern = true
            ),
            initial_damping = 1.0,
            damping_fn = LevenbergMarquardtDampingFunction(
                increase_factor = 2.0,
                decrease_factor = 3.0,
                min_damping = 1.0e-8
            ),
            min_norm_mode = :auto
        ),
        finite_diff_step_geodesic = 0.1,
        α = 0.75
    ),
    autodiff = AutoForwardDiff(),
    vjp_autodiff = AutoFiniteDiff(
        fdtype = Val{:forward}(),
        fdjtype = Val{:forward}(),
        fdhtype = Val{:hcentral}(),
        dir = true
    ),
    jvp_autodiff = AutoForwardDiff(),
    concrete_jac = Val{true}()
)

----    	-------------       	-----------         
Iter    	f(u) 2-norm         	Step 2-norm         
----    	-------------       	-----------         
0       	2.12332051e+01      	3.40820967e+79      
1       	2.12332051e+01      	0.00000000e+00      
8       	3.22185668e-02      	1.11080998e-03      
15      	9.50257464e-04      	2.16370663e-02      
22      	1.25534769e-04      	5.95605572e-02      
29      	1.87836328e-06      	4.77393520e-02      
36      	4.23471709e-03      	0.00000000e+00      
43      	5.28706747e-02      	0.00000000e+00      
50      	6.16620023e-05      	0.00000000e+00      
57      	2.73490294e-03      	0.00000000e+00      
64      	2.56247634e-02      	0.00000000e+00      
71      	1.61129988e-02      	9.29349050e-01      
78      	2.24249972e-02      	0.00000000e+00      
85      	6.86799822e-02      	0.00000000e+00      
92      	8.14725739e-04      	4.07444350e-01      
99      	1.26656589e-02      	6.49374924e-01      
106     	1.94575771e-03      	0.00000000e+00      
113     	3.12365679e-03      	0.00000000e+00      
120     	1.67546833e-02      	6.33712688e-01      
127     	3.42349491e-05      	0.00000000e+00      
134     	2.73771122e-05      	1.72737411e-01      
141     	1.57806470e-03      	0.00000000e+00      
148     	1.25637720e-03      	0.00000000e+00      
Final   	1.83914499e-06      
----------------------      
  AMR 2/3: M=368  err=1.11e-13  obs=2.66e-8  nrmse=5.72e-7  best=5.72e-7  refined=12
  collocation: M=385 residuals=2904  detecting sparsity + solving...

Algorithm: LevenbergMarquardt(
    trustregion = LevenbergMarquardtTrustRegion(
        β_uphill = 0.0
    ),
    descent = GeodesicAcceleration(
        descent = DampedNewtonDescent(
            linsolve = KLUFactorization(
                reuse_symbolic = true,
                check_pattern = true
            ),
            initial_damping = 1.0,
            damping_fn = LevenbergMarquardtDampingFunction(
                increase_factor = 2.0,
                decrease_factor = 3.0,
                min_damping = 1.0e-8
            ),
            min_norm_mode = :auto
        ),
        finite_diff_step_geodesic = 0.1,
        α = 0.75
    ),
    autodiff = AutoForwardDiff(),
    vjp_autodiff = AutoFiniteDiff(
        fdtype = Val{:forward}(),
        fdjtype = Val{:forward}(),
        fdhtype = Val{:hcentral}(),
        dir = true
    ),
    jvp_autodiff = AutoForwardDiff(),
    concrete_jac = Val{true}()
)

----    	-------------       	-----------         
Iter    	f(u) 2-norm         	Step 2-norm         
----    	-------------       	-----------         
0       	2.12313416e+01      	4.25322151e+01      
1       	2.12313416e+01      	0.00000000e+00      
8       	3.20599577e-02      	1.42110898e-03      
15      	9.49045316e-04      	2.18832802e-02      
22      	1.25754478e-04      	5.99365513e-02      
29      	1.79274304e-06      	6.11849230e-02      
36      	3.52958969e-03      	0.00000000e+00      
43      	5.60317034e-02      	1.16305764e+00      
50      	1.90855556e-05      	0.00000000e+00      
57      	6.53559020e-03      	0.00000000e+00      
64      	5.17173500e-03      	4.97108740e-01      
71      	2.37785075e-05      	0.00000000e+00      
78      	3.24473972e-05      	0.00000000e+00      
85      	4.75752831e-02      	0.00000000e+00      
92      	9.76714468e-05      	0.00000000e+00      
99      	1.22375008e-02      	4.69326755e-01      
106     	7.70690525e-04      	0.00000000e+00      
113     	2.11606705e-05      	1.58727789e-01      
120     	9.77946415e-02      	2.67822960e+00      
127     	3.68373538e-03      	0.00000000e+00      
134     	3.62749065e-06      	4.25904408e-02      
141     	3.53263745e-02      	0.00000000e+00      
148     	4.83504250e-02      	0.00000000e+00      
Final   	1.68753352e-06      
----------------------      
  AMR 3/3: M=385  err=6.22e-14  obs=2.41e-8  nrmse=5.47e-7  best=5.47e-7  refined=0
collocation [145s]
  [final]  nrmse=5.47e-7  l2=1.807e-5
extrapolation window: T=15.0 -> T_test=30.0  n_test=600
  [train]  E_traj=5.719e-13  E_VF=3.272e-7  E_spec=0.924
  [test ]  E_traj=29.27  E_VF=20.81  E_spec=0.5409
saved /orcd/home/002/txenakis/projects/BVPsolver/src/../data/runs/run_tyEBl2HV/davis-skodje_fit.png
saved /orcd/home/002/txenakis/projects/BVPsolver/src/../data/runs/run_tyEBl2HV/davis-skodje_fit_extrapolated.png
saved /orcd/home/002/txenakis/projects/BVPsolver/src/../data/runs/run_tyEBl2HV/davis-skodje_spectral_fit_extrapolated.png
saved /orcd/home/002/txenakis/projects/BVPsolver/src/../data/runs/run_tyEBl2HV/davis-skodje_vf_fit_extrapolated.png
┌ Warning: Attempting to store StiffNN.var"#22#23"{Float64}.
│ JLD2 only stores functions by name.
│  This may not be useful for anonymous functions.
└ @ JLD2 ~/.julia/packages/JLD2/ADycq/src/data/writing_datatypes.jl:447
saved run → /orcd/home/002/txenakis/projects/BVPsolver/src/../data/runs/run_tyEBl2HV
--------------------------------------
Done: Thu Sep 24 08:01:15 EDT 2026
