Task 121/750: --problem rober --model stiff --profile fast --seed 221 --pretraining derivmatch --training collocation
Logging to /home/txenakis/projects/BVPsolver/logs/run_main_23648109_121.log
rober  model=stiff width=12 d=3 tlen=50 profile=fast seed=221  solver=Rodas5  N=318
  derivmatch lr=0.01 iter=170/3400 loss=1.537
  derivmatch lr=0.01 iter=340/3400 loss=0.6833
  derivmatch lr=0.01 iter=510/3400 loss=0.6058
  derivmatch lr=0.01 iter=680/3400 loss=0.3169
  derivmatch lr=0.01 iter=850/3400 loss=0.2546
  derivmatch lr=0.01 iter=1020/3400 loss=0.2399
  derivmatch lr=0.01 iter=1190/3400 loss=0.1199
  derivmatch lr=0.01 iter=1360/3400 loss=0.2013
  derivmatch lr=0.01 iter=1530/3400 loss=0.07105
  derivmatch lr=0.01 iter=1700/3400 loss=0.06172
  derivmatch lr=0.01 iter=1870/3400 loss=0.07723
  derivmatch lr=0.01 iter=2040/3400 loss=0.04488
  derivmatch lr=0.01 iter=2210/3400 loss=0.03856
  derivmatch lr=0.01 iter=2380/3400 loss=0.03615
  derivmatch lr=0.01 iter=2550/3400 loss=0.03239
  derivmatch lr=0.01 iter=2720/3400 loss=0.03791
  derivmatch lr=0.01 iter=2890/3400 loss=0.03484
  derivmatch lr=0.01 iter=3060/3400 loss=0.03062
  derivmatch lr=0.01 iter=3230/3400 loss=0.04153
  derivmatch lr=0.01 iter=3400/3400 loss=0.05793
  derivmatch lr=0.01 iter=3400/3400 loss=0.02399
  derivmatch lr=0.003 iter=125/2500 loss=0.02371
  derivmatch lr=0.003 iter=250/2500 loss=0.0205
  derivmatch lr=0.003 iter=375/2500 loss=0.02027
  derivmatch lr=0.003 iter=500/2500 loss=0.02299
  derivmatch lr=0.003 iter=625/2500 loss=0.0212
  derivmatch lr=0.003 iter=750/2500 loss=0.02102
  derivmatch lr=0.003 iter=875/2500 loss=0.01486
  derivmatch lr=0.003 iter=1000/2500 loss=0.01805
  derivmatch lr=0.003 iter=1125/2500 loss=0.01663
  derivmatch lr=0.003 iter=1250/2500 loss=0.01338
  derivmatch lr=0.003 iter=1375/2500 loss=0.01229
  derivmatch lr=0.003 iter=1500/2500 loss=0.01557
  derivmatch lr=0.003 iter=1625/2500 loss=0.01188
  derivmatch lr=0.003 iter=1750/2500 loss=0.01203
  derivmatch lr=0.003 iter=1875/2500 loss=0.01045
  derivmatch lr=0.003 iter=2000/2500 loss=0.0128
  derivmatch lr=0.003 iter=2125/2500 loss=0.00975
  derivmatch lr=0.003 iter=2250/2500 loss=0.0125
  derivmatch lr=0.003 iter=2375/2500 loss=0.009458
  derivmatch lr=0.003 iter=2500/2500 loss=0.0113
  derivmatch lr=0.003 iter=2500/2500 loss=0.00863
  derivmatch lr=0.001 iter=125/2500 loss=0.008461
  derivmatch lr=0.001 iter=250/2500 loss=0.008201
  derivmatch lr=0.001 iter=375/2500 loss=0.007964
  derivmatch lr=0.001 iter=500/2500 loss=0.007726
  derivmatch lr=0.001 iter=625/2500 loss=0.007487
  derivmatch lr=0.001 iter=750/2500 loss=0.007521
  derivmatch lr=0.001 iter=875/2500 loss=0.007054
  derivmatch lr=0.001 iter=1000/2500 loss=0.006879
  derivmatch lr=0.001 iter=1125/2500 loss=0.007061
  derivmatch lr=0.001 iter=1250/2500 loss=0.008099
  derivmatch lr=0.001 iter=1375/2500 loss=0.008257
  derivmatch lr=0.001 iter=1500/2500 loss=0.006468
  derivmatch lr=0.001 iter=1625/2500 loss=0.005948
  derivmatch lr=0.001 iter=1750/2500 loss=0.005758
  derivmatch lr=0.001 iter=1875/2500 loss=0.00611
  derivmatch lr=0.001 iter=2000/2500 loss=0.005429
  derivmatch lr=0.001 iter=2125/2500 loss=0.005271
  derivmatch lr=0.001 iter=2250/2500 loss=0.005748
  derivmatch lr=0.001 iter=2375/2500 loss=0.00534
  derivmatch lr=0.001 iter=2500/2500 loss=0.004965
  derivmatch lr=0.001 iter=2500/2500 loss=0.004773
  derivmatch lr=0.0003 iter=80/1600 loss=0.004753
  derivmatch lr=0.0003 iter=160/1600 loss=0.00472
  derivmatch lr=0.0003 iter=240/1600 loss=0.004686
  derivmatch lr=0.0003 iter=320/1600 loss=0.004647
  derivmatch lr=0.0003 iter=400/1600 loss=0.004605
  derivmatch lr=0.0003 iter=480/1600 loss=0.004559
  derivmatch lr=0.0003 iter=560/1600 loss=0.00451
  derivmatch lr=0.0003 iter=640/1600 loss=0.004458
  derivmatch lr=0.0003 iter=720/1600 loss=0.004403
  derivmatch lr=0.0003 iter=800/1600 loss=0.004345
  derivmatch lr=0.0003 iter=880/1600 loss=0.004286
  derivmatch lr=0.0003 iter=960/1600 loss=0.004224
  derivmatch lr=0.0003 iter=1040/1600 loss=0.00416
  derivmatch lr=0.0003 iter=1120/1600 loss=0.004094
  derivmatch lr=0.0003 iter=1200/1600 loss=0.004026
  derivmatch lr=0.0003 iter=1280/1600 loss=0.003957
  derivmatch lr=0.0003 iter=1360/1600 loss=0.003886
  derivmatch lr=0.0003 iter=1440/1600 loss=0.003835
  derivmatch lr=0.0003 iter=1520/1600 loss=0.003761
  derivmatch lr=0.0003 iter=1600/1600 loss=0.003698
  derivmatch lr=0.0003 iter=1600/1600 loss=0.003698
derivative matching [29s]  fitloss=0.0037
  [derivative matching]  nrmse=0.008422  l2=0.03172
  collocation: M=54 residuals=627  detecting sparsity + solving...

Algorithm: LevenbergMarquardt(
    trustregion = LevenbergMarquardtTrustRegion(
        β_uphill = 0.0
    ),
    descent = GeodesicAcceleration(
        descent = DampedNewtonDescent(
            linsolve = KLUFactorization(
                reuse_symbolic = true,
                check_pattern = true
            ),
            initial_damping = 1.0,
            damping_fn = LevenbergMarquardtDampingFunction(
                increase_factor = 2.0,
                decrease_factor = 3.0,
                min_damping = 1.0e-8
            ),
            min_norm_mode = :auto
        ),
        finite_diff_step_geodesic = 0.1,
        α = 0.75
    ),
    autodiff = AutoForwardDiff(),
    vjp_autodiff = AutoFiniteDiff(
        fdtype = Val{:forward}(),
        fdjtype = Val{:forward}(),
        fdhtype = Val{:hcentral}(),
        dir = true
    ),
    jvp_autodiff = AutoForwardDiff(),
    concrete_jac = Val{true}()
)

----    	-------------       	-----------         
Iter    	f(u) 2-norm         	Step 2-norm         
----    	-------------       	-----------         
0       	3.68913447e+03      	NaN                 
1       	4.12981147e+03      	2.15850700e-02      
8       	1.00751446e+03      	4.13060780e-02      
15      	1.48616837e+02      	2.75696077e-01      
22      	5.54483727e+02      	5.21816671e-01      
29      	1.88954941e+02      	0.00000000e+00      
36      	1.13120869e+02      	0.00000000e+00      
43      	7.58810997e+01      	2.73273359e-01      
50      	1.47958552e+02      	0.00000000e+00      
57      	2.86188202e+01      	3.17268512e-01      
64      	6.06705545e+01      	4.52516255e-01      
71      	9.23335294e+01      	4.22566273e-01      
78      	4.29776112e+01      	4.31014849e-01      
85      	1.36790868e+01      	0.00000000e+00      
92      	5.49679289e+00      	0.00000000e+00      
99      	4.23254468e+01      	0.00000000e+00      
106     	9.12009389e+00      	2.37127848e-01      
113     	3.67134577e+01      	0.00000000e+00      
120     	5.62166742e+01      	0.00000000e+00      
127     	5.25927585e+01      	2.05728034e-01      
134     	3.17517663e-01      	0.00000000e+00      
141     	3.67396603e+00      	0.00000000e+00      
148     	6.93601050e+01      	0.00000000e+00      
Final   	3.17517663e-01      
----------------------      
  AMR 1/1: M=54  err=0.0586  obs=1.59e-10  nrmse=0.000127  best=0.000127  refined=0
collocation [17s]
  [final]  nrmse=0.0001273  l2=0.0002305
extrapolation window: T=1000.0 -> T_test=1.0e12  n_test=100
  [train]  E_traj=4.44e-8  E_VF=2.193e-6  E_spec=6.575999999999999e26
  [test ]  E_traj=70.95  E_VF=6.058e12  E_spec=3.31e23
saved /orcd/home/002/txenakis/projects/BVPsolver/src/../data/runs/run_HhF7hLan/rober_fit.png
saved /orcd/home/002/txenakis/projects/BVPsolver/src/../data/runs/run_HhF7hLan/rober_fit_extrapolated.png
saved /orcd/home/002/txenakis/projects/BVPsolver/src/../data/runs/run_HhF7hLan/rober_spectral_fit_extrapolated.png
saved /orcd/home/002/txenakis/projects/BVPsolver/src/../data/runs/run_HhF7hLan/rober_vf_fit_extrapolated.png
┌ Warning: Attempting to store StiffNN.var"#12#13"{Float64, Float64, Float64}.
│ JLD2 only stores functions by name.
│  This may not be useful for anonymous functions.
└ @ JLD2 ~/.julia/packages/JLD2/ADycq/src/data/writing_datatypes.jl:447
saved run → /orcd/home/002/txenakis/projects/BVPsolver/src/../data/runs/run_HhF7hLan
--------------------------------------
Done: Thu Sep 24 10:50:15 EDT 2026
