Task 608/750: --problem rober --model GELU-scaled --profile fast --seed 208 --pretraining derivmatch --training collocation
Logging to /home/txenakis/projects/BVPsolver/logs/run_main_23659529_608.log
rober  model=GELU-scaled width=7 d=3 tlen=50 profile=fast seed=208  solver=Rodas5  N=332
  derivmatch lr=0.01 iter=170/3400 loss=8.744
  derivmatch lr=0.01 iter=340/3400 loss=7.361
  derivmatch lr=0.01 iter=510/3400 loss=7.102
  derivmatch lr=0.01 iter=680/3400 loss=6.374
  derivmatch lr=0.01 iter=850/3400 loss=8.62
  derivmatch lr=0.01 iter=1020/3400 loss=8.14
  derivmatch lr=0.01 iter=1190/3400 loss=7.398
  derivmatch lr=0.01 iter=1360/3400 loss=8.213
  derivmatch lr=0.01 iter=1530/3400 loss=5.798
  derivmatch lr=0.01 iter=1700/3400 loss=5.607
  derivmatch lr=0.01 iter=1870/3400 loss=5.865
  derivmatch lr=0.01 iter=2040/3400 loss=7.717
  derivmatch lr=0.01 iter=2210/3400 loss=5.599
  derivmatch lr=0.01 iter=2380/3400 loss=5.406
  derivmatch lr=0.01 iter=2550/3400 loss=5.257
  derivmatch lr=0.01 iter=2720/3400 loss=5.078
  derivmatch lr=0.01 iter=2890/3400 loss=9.088
  derivmatch lr=0.01 iter=3060/3400 loss=8.865
  derivmatch lr=0.01 iter=3230/3400 loss=8.636
  derivmatch lr=0.01 iter=3400/3400 loss=8.307
  derivmatch lr=0.01 iter=3400/3400 loss=4.986
  derivmatch lr=0.003 iter=125/2500 loss=5.619
  derivmatch lr=0.003 iter=250/2500 loss=4.896
  derivmatch lr=0.003 iter=375/2500 loss=4.787
  derivmatch lr=0.003 iter=500/2500 loss=6.785
  derivmatch lr=0.003 iter=625/2500 loss=5.799
  derivmatch lr=0.003 iter=750/2500 loss=7.148
  derivmatch lr=0.003 iter=875/2500 loss=6.862
  derivmatch lr=0.003 iter=1000/2500 loss=6.393
  derivmatch lr=0.003 iter=1125/2500 loss=4.69
  derivmatch lr=0.003 iter=1250/2500 loss=4.599
  derivmatch lr=0.003 iter=1375/2500 loss=4.558
  derivmatch lr=0.003 iter=1500/2500 loss=4.528
  derivmatch lr=0.003 iter=1625/2500 loss=4.498
  derivmatch lr=0.003 iter=1750/2500 loss=4.463
  derivmatch lr=0.003 iter=1875/2500 loss=4.423
  derivmatch lr=0.003 iter=2000/2500 loss=4.381
  derivmatch lr=0.003 iter=2125/2500 loss=4.337
  derivmatch lr=0.003 iter=2250/2500 loss=4.293
  derivmatch lr=0.003 iter=2375/2500 loss=4.245
  derivmatch lr=0.003 iter=2500/2500 loss=4.191
  derivmatch lr=0.003 iter=2500/2500 loss=4.191
  derivmatch lr=0.001 iter=125/2500 loss=5.45
  derivmatch lr=0.001 iter=250/2500 loss=4.174
  derivmatch lr=0.001 iter=375/2500 loss=4.155
  derivmatch lr=0.001 iter=500/2500 loss=4.136
  derivmatch lr=0.001 iter=625/2500 loss=4.116
  derivmatch lr=0.001 iter=750/2500 loss=4.095
  derivmatch lr=0.001 iter=875/2500 loss=4.073
  derivmatch lr=0.001 iter=1000/2500 loss=4.05
  derivmatch lr=0.001 iter=1125/2500 loss=4.027
  derivmatch lr=0.001 iter=1250/2500 loss=4.002
  derivmatch lr=0.001 iter=1375/2500 loss=3.976
  derivmatch lr=0.001 iter=1500/2500 loss=3.948
  derivmatch lr=0.001 iter=1625/2500 loss=3.919
  derivmatch lr=0.001 iter=1750/2500 loss=3.887
  derivmatch lr=0.001 iter=1875/2500 loss=7.276
  derivmatch lr=0.001 iter=2000/2500 loss=6.427
  derivmatch lr=0.001 iter=2125/2500 loss=6.166
  derivmatch lr=0.001 iter=2250/2500 loss=5.652
  derivmatch lr=0.001 iter=2375/2500 loss=6.267
  derivmatch lr=0.001 iter=2500/2500 loss=5.965
  derivmatch lr=0.001 iter=2500/2500 loss=3.861
  derivmatch lr=0.0003 iter=80/1600 loss=3.89
  derivmatch lr=0.0003 iter=160/1600 loss=3.857
  derivmatch lr=0.0003 iter=240/1600 loss=3.855
  derivmatch lr=0.0003 iter=320/1600 loss=3.853
  derivmatch lr=0.0003 iter=400/1600 loss=3.85
  derivmatch lr=0.0003 iter=480/1600 loss=3.847
  derivmatch lr=0.0003 iter=560/1600 loss=3.845
  derivmatch lr=0.0003 iter=640/1600 loss=3.841
  derivmatch lr=0.0003 iter=720/1600 loss=3.838
  derivmatch lr=0.0003 iter=800/1600 loss=3.835
  derivmatch lr=0.0003 iter=880/1600 loss=3.831
  derivmatch lr=0.0003 iter=960/1600 loss=3.828
  derivmatch lr=0.0003 iter=1040/1600 loss=3.824
  derivmatch lr=0.0003 iter=1120/1600 loss=3.82
  derivmatch lr=0.0003 iter=1200/1600 loss=3.815
  derivmatch lr=0.0003 iter=1280/1600 loss=3.811
  derivmatch lr=0.0003 iter=1360/1600 loss=3.806
  derivmatch lr=0.0003 iter=1440/1600 loss=3.801
  derivmatch lr=0.0003 iter=1520/1600 loss=3.796
  derivmatch lr=0.0003 iter=1600/1600 loss=3.788
  derivmatch lr=0.0003 iter=1600/1600 loss=3.788
derivative matching [27s]  fitloss=3.79
  [derivative matching]  nrmse=7.159  l2=0.453
  collocation: M=54 residuals=627  detecting sparsity + solving...

Algorithm: LevenbergMarquardt(
    trustregion = LevenbergMarquardtTrustRegion(
        β_uphill = 0.0
    ),
    descent = GeodesicAcceleration(
        descent = DampedNewtonDescent(
            linsolve = KLUFactorization(
                reuse_symbolic = true,
                check_pattern = true
            ),
            initial_damping = 1.0,
            damping_fn = LevenbergMarquardtDampingFunction(
                increase_factor = 2.0,
                decrease_factor = 3.0,
                min_damping = 1.0e-8
            ),
            min_norm_mode = :auto
        ),
        finite_diff_step_geodesic = 0.1,
        α = 0.75
    ),
    autodiff = AutoForwardDiff(),
    vjp_autodiff = AutoFiniteDiff(
        fdtype = Val{:forward}(),
        fdjtype = Val{:forward}(),
        fdhtype = Val{:hcentral}(),
        dir = true
    ),
    jvp_autodiff = AutoForwardDiff(),
    concrete_jac = Val{true}()
)

----    	-------------       	-----------         
Iter    	f(u) 2-norm         	Step 2-norm         
----    	-------------       	-----------         
0       	9.57749857e+03      	NaN                 
1       	8.08743284e+03      	1.50978177e-01      
8       	3.41163908e+03      	1.72622472e+00      
15      	4.27551037e+03      	0.00000000e+00      
22      	4.27551037e+03      	0.00000000e+00      
29      	3.97680951e+03      	5.86301337e-02      
36      	5.01906103e+03      	0.00000000e+00      
43      	4.97142575e+03      	0.00000000e+00      
50      	4.20295235e+03      	2.04551745e-01      
57      	5.00968871e+03      	0.00000000e+00      
64      	7.06452190e+03      	2.67137283e-01      
71      	4.83562659e+03      	0.00000000e+00      
78      	5.19789431e+03      	0.00000000e+00      
85      	5.19789431e+03      	0.00000000e+00      
92      	5.04424739e+03      	0.00000000e+00      
99      	5.18644155e+03      	0.00000000e+00      
106     	5.03527974e+03      	7.01900685e-04      
113     	5.12142567e+03      	7.81309599e-04      
120     	5.11402862e+03      	0.00000000e+00      
127     	5.00217061e+03      	7.13267381e-04      
134     	5.08491508e+03      	5.97421010e-04      
141     	5.13461800e+03      	0.00000000e+00      
148     	4.96716292e+03      	7.18833216e-04      
Final   	3.41163908e+03      
----------------------      
  AMR 1/1: M=54  err=2.23e6  obs=0.00287  nrmse=0.66  best=0.66  refined=0
collocation [18s]
  [final]  nrmse=0.6596  l2=2.066
extrapolation window: T=1000.0 -> T_test=1.0e12  n_test=100
  [train]  E_traj=1.297  E_VF=267.7  E_spec=1.048e16
  [test ]  E_traj=5.881e20  E_VF=205900.0  E_spec=1.0
saved /orcd/home/002/txenakis/projects/BVPsolver/src/../data/runs/run_Pl0dl7A0/rober_fit.png
saved /orcd/home/002/txenakis/projects/BVPsolver/src/../data/runs/run_Pl0dl7A0/rober_fit_extrapolated.png
saved /orcd/home/002/txenakis/projects/BVPsolver/src/../data/runs/run_Pl0dl7A0/rober_spectral_fit_extrapolated.png
saved /orcd/home/002/txenakis/projects/BVPsolver/src/../data/runs/run_Pl0dl7A0/rober_vf_fit_extrapolated.png
┌ Warning: Attempting to store StiffNN.var"#12#13"{Float64, Float64, Float64}.
│ JLD2 only stores functions by name.
│  This may not be useful for anonymous functions.
└ @ JLD2 ~/.julia/packages/JLD2/ADycq/src/data/writing_datatypes.jl:447
saved run → /orcd/home/002/txenakis/projects/BVPsolver/src/../data/runs/run_Pl0dl7A0
--------------------------------------
Done: Thu Sep 24 13:24:24 EDT 2026
