Task 154/360: --problem vanderpol --model mlp --profile fast --seed 24 --pretraining derivmatch --training collocation
Logging to /home/txenakis/projects/BVPsolver/logs/run_main_22227913_154.log
vanderpol  model=mlp width=14 d=2 tlen=151 profile=fast seed=24  solver=Kvaerno5  N=282
  derivmatch lr=0.01 iter=170/3400 loss=3.185
  derivmatch lr=0.01 iter=340/3400 loss=2.299
  derivmatch lr=0.01 iter=510/3400 loss=1.952
  derivmatch lr=0.01 iter=680/3400 loss=1.759
  derivmatch lr=0.01 iter=850/3400 loss=1.613
  derivmatch lr=0.01 iter=1020/3400 loss=1.519
  derivmatch lr=0.01 iter=1190/3400 loss=1.391
  derivmatch lr=0.01 iter=1360/3400 loss=1.304
  derivmatch lr=0.01 iter=1530/3400 loss=1.239
  derivmatch lr=0.01 iter=1700/3400 loss=1.184
  derivmatch lr=0.01 iter=1870/3400 loss=1.14
  derivmatch lr=0.01 iter=2040/3400 loss=1.104
  derivmatch lr=0.01 iter=2210/3400 loss=1.064
  derivmatch lr=0.01 iter=2380/3400 loss=1.021
  derivmatch lr=0.01 iter=2550/3400 loss=1.006
  derivmatch lr=0.01 iter=2720/3400 loss=0.9605
  derivmatch lr=0.01 iter=2890/3400 loss=0.9386
  derivmatch lr=0.01 iter=3060/3400 loss=0.9074
  derivmatch lr=0.01 iter=3230/3400 loss=0.8929
  derivmatch lr=0.01 iter=3400/3400 loss=0.8716
  derivmatch lr=0.01 iter=3400/3400 loss=0.8612
  derivmatch lr=0.003 iter=125/2500 loss=0.8519
  derivmatch lr=0.003 iter=250/2500 loss=0.8425
  derivmatch lr=0.003 iter=375/2500 loss=0.8331
  derivmatch lr=0.003 iter=500/2500 loss=0.8238
  derivmatch lr=0.003 iter=625/2500 loss=0.8147
  derivmatch lr=0.003 iter=750/2500 loss=0.8057
  derivmatch lr=0.003 iter=875/2500 loss=0.7968
  derivmatch lr=0.003 iter=1000/2500 loss=0.788
  derivmatch lr=0.003 iter=1125/2500 loss=0.7793
  derivmatch lr=0.003 iter=1250/2500 loss=0.7709
  derivmatch lr=0.003 iter=1375/2500 loss=0.7628
  derivmatch lr=0.003 iter=1500/2500 loss=0.755
  derivmatch lr=0.003 iter=1625/2500 loss=0.7472
  derivmatch lr=0.003 iter=1750/2500 loss=0.7398
  derivmatch lr=0.003 iter=1875/2500 loss=0.7326
  derivmatch lr=0.003 iter=2000/2500 loss=0.7258
  derivmatch lr=0.003 iter=2125/2500 loss=0.7188
  derivmatch lr=0.003 iter=2250/2500 loss=0.7122
  derivmatch lr=0.003 iter=2375/2500 loss=0.706
  derivmatch lr=0.003 iter=2500/2500 loss=0.6992
  derivmatch lr=0.003 iter=2500/2500 loss=0.6992
  derivmatch lr=0.001 iter=125/2500 loss=0.6971
  derivmatch lr=0.001 iter=250/2500 loss=0.695
  derivmatch lr=0.001 iter=375/2500 loss=0.6927
  derivmatch lr=0.001 iter=500/2500 loss=0.6904
  derivmatch lr=0.001 iter=625/2500 loss=0.6881
  derivmatch lr=0.001 iter=750/2500 loss=0.6857
  derivmatch lr=0.001 iter=875/2500 loss=0.6832
  derivmatch lr=0.001 iter=1000/2500 loss=0.6807
  derivmatch lr=0.001 iter=1125/2500 loss=0.6782
  derivmatch lr=0.001 iter=1250/2500 loss=0.6756
  derivmatch lr=0.001 iter=1375/2500 loss=0.6729
  derivmatch lr=0.001 iter=1500/2500 loss=0.6703
  derivmatch lr=0.001 iter=1625/2500 loss=0.6676
  derivmatch lr=0.001 iter=1750/2500 loss=0.665
  derivmatch lr=0.001 iter=1875/2500 loss=0.6623
  derivmatch lr=0.001 iter=2000/2500 loss=0.6597
  derivmatch lr=0.001 iter=2125/2500 loss=0.657
  derivmatch lr=0.001 iter=2250/2500 loss=0.6541
  derivmatch lr=0.001 iter=2375/2500 loss=0.6515
  derivmatch lr=0.001 iter=2500/2500 loss=0.6489
  derivmatch lr=0.001 iter=2500/2500 loss=0.6489
  derivmatch lr=0.0003 iter=80/1600 loss=0.6486
  derivmatch lr=0.0003 iter=160/1600 loss=0.6481
  derivmatch lr=0.0003 iter=240/1600 loss=0.6477
  derivmatch lr=0.0003 iter=320/1600 loss=0.6472
  derivmatch lr=0.0003 iter=400/1600 loss=0.6467
  derivmatch lr=0.0003 iter=480/1600 loss=0.6462
  derivmatch lr=0.0003 iter=560/1600 loss=0.6456
  derivmatch lr=0.0003 iter=640/1600 loss=0.6451
  derivmatch lr=0.0003 iter=720/1600 loss=0.6445
  derivmatch lr=0.0003 iter=800/1600 loss=0.6439
  derivmatch lr=0.0003 iter=880/1600 loss=0.6433
  derivmatch lr=0.0003 iter=960/1600 loss=0.6427
  derivmatch lr=0.0003 iter=1040/1600 loss=0.642
  derivmatch lr=0.0003 iter=1120/1600 loss=0.6414
  derivmatch lr=0.0003 iter=1200/1600 loss=0.6407
  derivmatch lr=0.0003 iter=1280/1600 loss=0.6401
  derivmatch lr=0.0003 iter=1360/1600 loss=0.6394
  derivmatch lr=0.0003 iter=1440/1600 loss=0.6387
  derivmatch lr=0.0003 iter=1520/1600 loss=0.6379
  derivmatch lr=0.0003 iter=1600/1600 loss=0.6372
  derivmatch lr=0.0003 iter=1600/1600 loss=0.6372
derivative matching [29s]  fitloss=0.637
  [derivative matching]  nrmse=0.3392  l2=325.3
  collocation: M=163 residuals=1274  detecting sparsity + solving...

Algorithm: LevenbergMarquardt(
    trustregion = LevenbergMarquardtTrustRegion(
        β_uphill = 0.0
    ),
    descent = GeodesicAcceleration(
        descent = DampedNewtonDescent(
            linsolve = KLUFactorization(
                reuse_symbolic = true,
                check_pattern = true
            ),
            initial_damping = 1.0,
            damping_fn = LevenbergMarquardtDampingFunction(
                increase_factor = 2.0,
                decrease_factor = 3.0,
                min_damping = 1.0e-8
            ),
            min_norm_mode = :auto
        ),
        finite_diff_step_geodesic = 0.1,
        α = 0.75
    ),
    autodiff = AutoForwardDiff(),
    vjp_autodiff = AutoFiniteDiff(
        fdtype = Val{:forward}(),
        fdjtype = Val{:forward}(),
        fdhtype = Val{:hcentral}(),
        dir = true
    ),
    jvp_autodiff = AutoForwardDiff(),
    concrete_jac = Val{true}()
)

----    	-------------       	-----------         
Iter    	f(u) 2-norm         	Step 2-norm         
----    	-------------       	-----------         
0       	6.58711027e+02      	NaN                 
1       	6.58711027e+02      	0.00000000e+00      
8       	6.58711027e+02      	0.00000000e+00      
15      	1.94932367e+04      	3.13102673e+01      
22      	1.95587447e+04      	0.00000000e+00      
29      	4.69874915e+03      	0.00000000e+00      
36      	3.02036130e+03      	0.00000000e+00      
43      	2.31478996e+03      	0.00000000e+00      
50      	1.05625920e+03      	2.37958954e+00      
57      	8.36303711e+02      	0.00000000e+00      
64      	7.21976606e+02      	0.00000000e+00      
71      	6.08017456e+02      	0.00000000e+00      
78      	5.88372164e+02      	0.00000000e+00      
85      	5.50180841e+02      	0.00000000e+00      
92      	2.27223698e+02      	1.11861529e+00      
99      	2.27223698e+02      	0.00000000e+00      
106     	1.37388594e+02      	0.00000000e+00      
113     	1.75266866e+01      	0.00000000e+00      
120     	1.71883184e+01      	0.00000000e+00      
127     	1.03643555e+01      	9.10186896e-02      
134     	1.41051848e+00      	1.05281549e-01      
141     	1.58084849e+00      	0.00000000e+00      
148     	1.58084849e+00      	0.00000000e+00      
Final   	1.20438647e+00      
----------------------      
  AMR 1/1: M=163  err=0.313  obs=0.0435  nrmse=0.452  best=0.339  refined=0
 derivative matching was best (1/1 rounds ran)
collocation [32s]
  [final]  nrmse=0.3392  l2=325.3
extrapolation window: T=200.0 -> T_test=400.0  n_test=302
  [train]  E_traj=1.185  E_VF=0.8105  E_spec=0.6511
  [test ]  E_traj=2984.0  E_VF=7.897  E_spec=0.3395
saved /orcd/home/002/txenakis/projects/BVPsolver/src/../data/runs/run_XTbmQcAE/vanderpol_fit.png
saved /orcd/home/002/txenakis/projects/BVPsolver/src/../data/runs/run_XTbmQcAE/vanderpol_fit_extrapolated.png
saved /orcd/home/002/txenakis/projects/BVPsolver/src/../data/runs/run_XTbmQcAE/vanderpol_spectral_fit_extrapolated.png
saved /orcd/home/002/txenakis/projects/BVPsolver/src/../data/runs/run_XTbmQcAE/vanderpol_vf_fit_extrapolated.png
┌ Warning: Attempting to store StiffNN.var"#14#15"{Float64}.
│ JLD2 only stores functions by name.
│  This may not be useful for anonymous functions.
└ @ JLD2 ~/.julia/packages/JLD2/ADycq/src/data/writing_datatypes.jl:447
saved run → /orcd/home/002/txenakis/projects/BVPsolver/src/../data/runs/run_XTbmQcAE
--------------------------------------
Done: Mon Sep  7 19:42:57 EDT 2026
