Task 287/600: --problem davis-skodje --param 1e-3 --model GELU-scaled --profile fast --seed 337 --pretraining derivmatch --training shooting
Logging to /home/txenakis/projects/BVPsolver/logs/run_main_23642156_287.log
davis-skodje  model=GELU-scaled width=7 d=2 tlen=300 profile=fast seed=337  solver=Rodas5P  N=317
  derivmatch lr=0.01 iter=170/3400 loss=1.244
  derivmatch lr=0.01 iter=340/3400 loss=0.2146
  derivmatch lr=0.01 iter=510/3400 loss=0.02366
  derivmatch lr=0.01 iter=680/3400 loss=0.04785
  derivmatch lr=0.01 iter=850/3400 loss=0.04047
  derivmatch lr=0.01 iter=1020/3400 loss=0.01275
  derivmatch lr=0.01 iter=1190/3400 loss=0.01092
  derivmatch lr=0.01 iter=1360/3400 loss=0.01037
  derivmatch lr=0.01 iter=1530/3400 loss=1.601
  derivmatch lr=0.01 iter=1700/3400 loss=1.464
  derivmatch lr=0.01 iter=1870/3400 loss=1.098
  derivmatch lr=0.01 iter=2040/3400 loss=1.095
  derivmatch lr=0.01 iter=2210/3400 loss=0.804
  derivmatch lr=0.01 iter=2380/3400 loss=0.6875
  derivmatch lr=0.01 iter=2550/3400 loss=0.6077
  derivmatch lr=0.01 iter=2720/3400 loss=0.5085
  derivmatch lr=0.01 iter=2890/3400 loss=0.4315
  derivmatch lr=0.01 iter=3060/3400 loss=0.3596
  derivmatch lr=0.01 iter=3230/3400 loss=0.2864
  derivmatch lr=0.01 iter=3400/3400 loss=0.2092
  derivmatch lr=0.01 iter=3400/3400 loss=0.007355
  derivmatch lr=0.003 iter=125/2500 loss=0.2794
  derivmatch lr=0.003 iter=250/2500 loss=0.005217
  derivmatch lr=0.003 iter=375/2500 loss=0.003965
  derivmatch lr=0.003 iter=500/2500 loss=0.003244
  derivmatch lr=0.003 iter=625/2500 loss=0.02842
  derivmatch lr=0.003 iter=750/2500 loss=0.003237
  derivmatch lr=0.003 iter=875/2500 loss=0.002883
  derivmatch lr=0.003 iter=1000/2500 loss=0.002786
  derivmatch lr=0.003 iter=1125/2500 loss=0.002807
  derivmatch lr=0.003 iter=1250/2500 loss=0.002719
  derivmatch lr=0.003 iter=1375/2500 loss=0.002727
  derivmatch lr=0.003 iter=1500/2500 loss=0.002687
  derivmatch lr=0.003 iter=1625/2500 loss=0.002686
  derivmatch lr=0.003 iter=1750/2500 loss=0.002623
  derivmatch lr=0.003 iter=1875/2500 loss=0.002646
  derivmatch lr=0.003 iter=2000/2500 loss=0.002705
  derivmatch lr=0.003 iter=2125/2500 loss=0.002662
  derivmatch lr=0.003 iter=2250/2500 loss=0.002778
  derivmatch lr=0.003 iter=2375/2500 loss=0.002604
  derivmatch lr=0.003 iter=2500/2500 loss=0.002749
  derivmatch lr=0.003 iter=2500/2500 loss=0.002567
  derivmatch lr=0.001 iter=125/2500 loss=0.001823
  derivmatch lr=0.001 iter=250/2500 loss=0.001792
  derivmatch lr=0.001 iter=375/2500 loss=0.001758
  derivmatch lr=0.001 iter=500/2500 loss=0.001721
  derivmatch lr=0.001 iter=625/2500 loss=0.001681
  derivmatch lr=0.001 iter=750/2500 loss=0.00164
  derivmatch lr=0.001 iter=875/2500 loss=0.001596
  derivmatch lr=0.001 iter=1000/2500 loss=0.001551
  derivmatch lr=0.001 iter=1125/2500 loss=0.001505
  derivmatch lr=0.001 iter=1250/2500 loss=0.001458
  derivmatch lr=0.001 iter=1375/2500 loss=0.1278
  derivmatch lr=0.001 iter=1500/2500 loss=0.001471
  derivmatch lr=0.001 iter=1625/2500 loss=0.001378
  derivmatch lr=0.001 iter=1750/2500 loss=0.001343
  derivmatch lr=0.001 iter=1875/2500 loss=0.001314
  derivmatch lr=0.001 iter=2000/2500 loss=0.001287
  derivmatch lr=0.001 iter=2125/2500 loss=0.001262
  derivmatch lr=0.001 iter=2250/2500 loss=0.001237
  derivmatch lr=0.001 iter=2375/2500 loss=0.001214
  derivmatch lr=0.001 iter=2500/2500 loss=0.001192
  derivmatch lr=0.001 iter=2500/2500 loss=0.001192
  derivmatch lr=0.0003 iter=80/1600 loss=0.001188
  derivmatch lr=0.0003 iter=160/1600 loss=0.001183
  derivmatch lr=0.0003 iter=240/1600 loss=0.001178
  derivmatch lr=0.0003 iter=320/1600 loss=0.001172
  derivmatch lr=0.0003 iter=400/1600 loss=0.001166
  derivmatch lr=0.0003 iter=480/1600 loss=0.001159
  derivmatch lr=0.0003 iter=560/1600 loss=0.001151
  derivmatch lr=0.0003 iter=640/1600 loss=0.001142
  derivmatch lr=0.0003 iter=720/1600 loss=0.001133
  derivmatch lr=0.0003 iter=800/1600 loss=0.001124
  derivmatch lr=0.0003 iter=880/1600 loss=0.001114
  derivmatch lr=0.0003 iter=960/1600 loss=0.001103
  derivmatch lr=0.0003 iter=1040/1600 loss=0.001092
  derivmatch lr=0.0003 iter=1120/1600 loss=0.001081
  derivmatch lr=0.0003 iter=1200/1600 loss=0.00107
  derivmatch lr=0.0003 iter=1280/1600 loss=0.001058
  derivmatch lr=0.0003 iter=1360/1600 loss=0.001046
  derivmatch lr=0.0003 iter=1440/1600 loss=0.001033
  derivmatch lr=0.0003 iter=1520/1600 loss=0.00102
  derivmatch lr=0.0003 iter=1600/1600 loss=0.001008
  derivmatch lr=0.0003 iter=1600/1600 loss=0.001008
derivative matching [28s]  fitloss=0.00101
  rollout FAILED: Unstable at t=7.015716282208142 of 15.0
  [derivative matching]  nrmse=Inf  l2=Inf
  shooting iter=50/1000 loss=0.08307
  shooting iter=100/1000 loss=0.08344
  shooting iter=150/1000 loss=0.08344
  shooting iter=200/1000 loss=0.08344
  shooting iter=250/1000 loss=0.08344
  shooting iter=300/1000 loss=0.08344
  shooting iter=350/1000 loss=0.08344
  shooting iter=400/1000 loss=0.08344
  shooting iter=450/1000 loss=0.08344
  shooting iter=500/1000 loss=0.08344
  shooting iter=550/1000 loss=0.08344
  shooting iter=600/1000 loss=0.08344
  shooting iter=650/1000 loss=0.08344
  shooting iter=700/1000 loss=0.08344
  shooting iter=750/1000 loss=0.08344
  shooting iter=800/1000 loss=0.08344
  shooting iter=850/1000 loss=0.08344
  shooting iter=900/1000 loss=0.08344
  shooting iter=950/1000 loss=0.08344
  shooting iter=1000/1000 loss=0.08344
  shooting iter=1000/1000 loss=0.04289
shooting [439s]  loss=0.0429
  [final]  nrmse=0.0859  l2=2.264
extrapolation window: T=15.0 -> T_test=30.0  n_test=600
  [train]  E_traj=0.01287  E_VF=0.1401  E_spec=0.6034
  [test ]  E_traj=1.455e13  E_VF=8.504e8  E_spec=0.9873
saved /orcd/home/002/txenakis/projects/BVPsolver/src/../data/runs/run_69yPQLPp/davis-skodje_fit.png
saved /orcd/home/002/txenakis/projects/BVPsolver/src/../data/runs/run_69yPQLPp/davis-skodje_fit_extrapolated.png
saved /orcd/home/002/txenakis/projects/BVPsolver/src/../data/runs/run_69yPQLPp/davis-skodje_spectral_fit_extrapolated.png
saved /orcd/home/002/txenakis/projects/BVPsolver/src/../data/runs/run_69yPQLPp/davis-skodje_vf_fit_extrapolated.png
┌ Warning: Attempting to store StiffNN.var"#22#23"{Float64}.
│ JLD2 only stores functions by name.
│  This may not be useful for anonymous functions.
└ @ JLD2 ~/.julia/packages/JLD2/ADycq/src/data/writing_datatypes.jl:447
saved run → /orcd/home/002/txenakis/projects/BVPsolver/src/../data/runs/run_69yPQLPp
--------------------------------------
Done: Thu Sep 24 08:33:10 EDT 2026
