Task 101/600: --problem davis-skodje --param 1e-2 --model stiff --profile fast --seed 301 --pretraining derivmatch --training collocation
Logging to /home/txenakis/projects/BVPsolver/logs/run_main_23642156_101.log
davis-skodje  model=stiff width=12 d=2 tlen=300 profile=fast seed=301  solver=Rodas5P  N=268
  derivmatch lr=0.01 iter=170/3400 loss=0.08987
  derivmatch lr=0.01 iter=340/3400 loss=0.02689
  derivmatch lr=0.01 iter=510/3400 loss=0.01544
  derivmatch lr=0.01 iter=680/3400 loss=0.01044
  derivmatch lr=0.01 iter=850/3400 loss=0.007072
  derivmatch lr=0.01 iter=1020/3400 loss=0.004518
  derivmatch lr=0.01 iter=1190/3400 loss=0.002845
  derivmatch lr=0.01 iter=1360/3400 loss=0.001786
  derivmatch lr=0.01 iter=1530/3400 loss=0.001118
  derivmatch lr=0.01 iter=1700/3400 loss=0.0007076
  derivmatch lr=0.01 iter=1870/3400 loss=0.0004582
  derivmatch lr=0.01 iter=2040/3400 loss=0.0003052
  derivmatch lr=0.01 iter=2210/3400 loss=0.0002106
  derivmatch lr=0.01 iter=2380/3400 loss=0.0001516
  derivmatch lr=0.01 iter=2550/3400 loss=0.0001138
  derivmatch lr=0.01 iter=2720/3400 loss=8.843e-5
  derivmatch lr=0.01 iter=2890/3400 loss=7.053e-5
  derivmatch lr=0.01 iter=3060/3400 loss=5.744e-5
  derivmatch lr=0.01 iter=3230/3400 loss=4.767e-5
  derivmatch lr=0.01 iter=3400/3400 loss=4.026e-5
  derivmatch lr=0.01 iter=3400/3400 loss=4.026e-5
  derivmatch lr=0.003 iter=125/2500 loss=2.968e-5
  derivmatch lr=0.003 iter=250/2500 loss=2.45e-5
  derivmatch lr=0.003 iter=375/2500 loss=2.094e-5
  derivmatch lr=0.003 iter=500/2500 loss=1.866e-5
  derivmatch lr=0.003 iter=625/2500 loss=1.701e-5
  derivmatch lr=0.003 iter=750/2500 loss=1.57e-5
  derivmatch lr=0.003 iter=875/2500 loss=1.463e-5
  derivmatch lr=0.003 iter=1000/2500 loss=1.37e-5
  derivmatch lr=0.003 iter=1125/2500 loss=1.287e-5
  derivmatch lr=0.003 iter=1250/2500 loss=1.214e-5
  derivmatch lr=0.003 iter=1375/2500 loss=1.149e-5
  derivmatch lr=0.003 iter=1500/2500 loss=1.106e-5
  derivmatch lr=0.003 iter=1625/2500 loss=1.04e-5
  derivmatch lr=0.003 iter=1750/2500 loss=9.967e-6
  derivmatch lr=0.003 iter=1875/2500 loss=9.509e-6
  derivmatch lr=0.003 iter=2000/2500 loss=2.52e-5
  derivmatch lr=0.003 iter=2125/2500 loss=8.741e-6
  derivmatch lr=0.003 iter=2250/2500 loss=8.385e-6
  derivmatch lr=0.003 iter=2375/2500 loss=8.084e-6
  derivmatch lr=0.003 iter=2500/2500 loss=7.817e-6
  derivmatch lr=0.003 iter=2500/2500 loss=7.769e-6
  derivmatch lr=0.001 iter=125/2500 loss=7.725e-6
  derivmatch lr=0.001 iter=250/2500 loss=7.661e-6
  derivmatch lr=0.001 iter=375/2500 loss=7.578e-6
  derivmatch lr=0.001 iter=500/2500 loss=7.48e-6
  derivmatch lr=0.001 iter=625/2500 loss=7.405e-6
  derivmatch lr=0.001 iter=750/2500 loss=7.244e-6
  derivmatch lr=0.001 iter=875/2500 loss=7.11e-6
  derivmatch lr=0.001 iter=1000/2500 loss=6.966e-6
  derivmatch lr=0.001 iter=1125/2500 loss=6.814e-6
  derivmatch lr=0.001 iter=1250/2500 loss=6.654e-6
  derivmatch lr=0.001 iter=1375/2500 loss=6.488e-6
  derivmatch lr=0.001 iter=1500/2500 loss=6.316e-6
  derivmatch lr=0.001 iter=1625/2500 loss=6.139e-6
  derivmatch lr=0.001 iter=1750/2500 loss=5.959e-6
  derivmatch lr=0.001 iter=1875/2500 loss=5.782e-6
  derivmatch lr=0.001 iter=2000/2500 loss=5.616e-6
  derivmatch lr=0.001 iter=2125/2500 loss=5.438e-6
  derivmatch lr=0.001 iter=2250/2500 loss=9.992e-6
  derivmatch lr=0.001 iter=2375/2500 loss=6.153e-6
  derivmatch lr=0.001 iter=2500/2500 loss=5.856e-6
  derivmatch lr=0.001 iter=2500/2500 loss=5.017e-6
  derivmatch lr=0.0003 iter=80/1600 loss=5.008e-6
  derivmatch lr=0.0003 iter=160/1600 loss=4.988e-6
  derivmatch lr=0.0003 iter=240/1600 loss=4.968e-6
  derivmatch lr=0.0003 iter=320/1600 loss=4.945e-6
  derivmatch lr=0.0003 iter=400/1600 loss=4.917e-6
  derivmatch lr=0.0003 iter=480/1600 loss=4.887e-6
  derivmatch lr=0.0003 iter=560/1600 loss=4.854e-6
  derivmatch lr=0.0003 iter=640/1600 loss=4.818e-6
  derivmatch lr=0.0003 iter=720/1600 loss=4.779e-6
  derivmatch lr=0.0003 iter=800/1600 loss=4.738e-6
  derivmatch lr=0.0003 iter=880/1600 loss=4.694e-6
  derivmatch lr=0.0003 iter=960/1600 loss=4.648e-6
  derivmatch lr=0.0003 iter=1040/1600 loss=4.6e-6
  derivmatch lr=0.0003 iter=1120/1600 loss=4.55e-6
  derivmatch lr=0.0003 iter=1200/1600 loss=4.498e-6
  derivmatch lr=0.0003 iter=1280/1600 loss=4.443e-6
  derivmatch lr=0.0003 iter=1360/1600 loss=4.387e-6
  derivmatch lr=0.0003 iter=1440/1600 loss=4.33e-6
  derivmatch lr=0.0003 iter=1520/1600 loss=4.27e-6
  derivmatch lr=0.0003 iter=1600/1600 loss=4.227e-6
  derivmatch lr=0.0003 iter=1600/1600 loss=4.218e-6
derivative matching [31s]  fitloss=4.22e-6
  [derivative matching]  nrmse=9.336e-5  l2=0.004197
  collocation: M=300 residuals=2394  detecting sparsity + solving...

Algorithm: LevenbergMarquardt(
    trustregion = LevenbergMarquardtTrustRegion(
        β_uphill = 0.0
    ),
    descent = GeodesicAcceleration(
        descent = DampedNewtonDescent(
            linsolve = KLUFactorization(
                reuse_symbolic = true,
                check_pattern = true
            ),
            initial_damping = 1.0,
            damping_fn = LevenbergMarquardtDampingFunction(
                increase_factor = 2.0,
                decrease_factor = 3.0,
                min_damping = 1.0e-8
            ),
            min_norm_mode = :auto
        ),
        finite_diff_step_geodesic = 0.1,
        α = 0.75
    ),
    autodiff = AutoForwardDiff(),
    vjp_autodiff = AutoFiniteDiff(
        fdtype = Val{:forward}(),
        fdjtype = Val{:forward}(),
        fdhtype = Val{:hcentral}(),
        dir = true
    ),
    jvp_autodiff = AutoForwardDiff(),
    concrete_jac = Val{true}()
)

----    	-------------       	-----------         
Iter    	f(u) 2-norm         	Step 2-norm         
----    	-------------       	-----------         
0       	2.53863008e+01      	8.87329730e-314     
1       	1.18207335e+01      	3.96310105e-02      
8       	6.56109863e-03      	2.42917192e-03      
15      	9.50601262e-04      	1.88217273e-02      
22      	1.10626540e-02      	6.03979028e-01      
29      	2.84423258e+00      	1.34039485e+00      
36      	3.29294749e-02      	4.94233854e-01      
43      	2.80416245e-02      	0.00000000e+00      
50      	6.49238194e-03      	0.00000000e+00      
57      	5.24961690e-01      	0.00000000e+00      
64      	3.50360652e-03      	1.37404039e-01      
71      	2.09582363e-01      	7.87603619e-01      
78      	5.91168831e-04      	0.00000000e+00      
85      	2.64453547e-02      	0.00000000e+00      
92      	4.68890225e-02      	3.24614110e-01      
99      	6.33434890e-02      	0.00000000e+00      
106     	4.58362209e-02      	1.62685340e-01      
113     	4.71228179e-02      	1.81228648e-01      
120     	8.16378217e-02      	0.00000000e+00      
127     	2.10124219e-01      	0.00000000e+00      
134     	1.89189588e-01      	3.81956145e-01      
141     	9.55458317e-02      	0.00000000e+00      
148     	4.64017255e-02      	0.00000000e+00      
Final   	2.30701544e-05      
----------------------      
  AMR 1/3: M=300  err=1.31e-11  obs=6.43e-8  nrmse=6.25e-6  best=6.25e-6  refined=33
  collocation: M=333 residuals=2592  detecting sparsity + solving...

Algorithm: LevenbergMarquardt(
    trustregion = LevenbergMarquardtTrustRegion(
        β_uphill = 0.0
    ),
    descent = GeodesicAcceleration(
        descent = DampedNewtonDescent(
            linsolve = KLUFactorization(
                reuse_symbolic = true,
                check_pattern = true
            ),
            initial_damping = 1.0,
            damping_fn = LevenbergMarquardtDampingFunction(
                increase_factor = 2.0,
                decrease_factor = 3.0,
                min_damping = 1.0e-8
            ),
            min_norm_mode = :auto
        ),
        finite_diff_step_geodesic = 0.1,
        α = 0.75
    ),
    autodiff = AutoForwardDiff(),
    vjp_autodiff = AutoFiniteDiff(
        fdtype = Val{:forward}(),
        fdjtype = Val{:forward}(),
        fdhtype = Val{:hcentral}(),
        dir = true
    ),
    jvp_autodiff = AutoForwardDiff(),
    concrete_jac = Val{true}()
)

----    	-------------       	-----------         
Iter    	f(u) 2-norm         	Step 2-norm         
----    	-------------       	-----------         
0       	2.50248371e+01      	NaN                 
1       	1.14699313e+01      	1.15242359e-02      
8       	9.55636960e-03      	1.97311702e-03      
15      	8.63409893e-04      	5.01034003e-04      
22      	4.37877715e-06      	3.23778710e-04      
29      	1.53144496e-05      	1.42034276e-02      
36      	1.91535818e-03      	0.00000000e+00      
43      	4.98888652e-03      	0.00000000e+00      
50      	3.77492967e-03      	9.48444316e-02      
57      	1.09612719e+00      	0.00000000e+00      
64      	4.16938825e-04      	4.45307400e-02      
71      	2.26833733e-03      	8.75966881e-02      
78      	6.56487987e-05      	0.00000000e+00      
85      	5.52647798e-06      	1.24109690e-02      
92      	2.14408375e-01      	0.00000000e+00      
99      	1.00040405e-01      	1.33847690e-01      
106     	2.29381502e-02      	0.00000000e+00      
113     	1.08592989e-01      	0.00000000e+00      
120     	6.48782060e-02      	0.00000000e+00      
127     	1.96743662e-02      	8.82121724e-02      
134     	2.71858496e-06      	8.48482204e-03      
141     	2.21459347e-02      	0.00000000e+00      
148     	1.16820020e-04      	3.32241054e-02      
Final   	2.71858496e-06      
----------------------      
  AMR 2/3: M=333  err=1.5e-13  obs=3.35e-8  nrmse=5.71e-6  best=5.71e-6  refined=27
  collocation: M=360 residuals=2754  detecting sparsity + solving...

Algorithm: LevenbergMarquardt(
    trustregion = LevenbergMarquardtTrustRegion(
        β_uphill = 0.0
    ),
    descent = GeodesicAcceleration(
        descent = DampedNewtonDescent(
            linsolve = KLUFactorization(
                reuse_symbolic = true,
                check_pattern = true
            ),
            initial_damping = 1.0,
            damping_fn = LevenbergMarquardtDampingFunction(
                increase_factor = 2.0,
                decrease_factor = 3.0,
                min_damping = 1.0e-8
            ),
            min_norm_mode = :auto
        ),
        finite_diff_step_geodesic = 0.1,
        α = 0.75
    ),
    autodiff = AutoForwardDiff(),
    vjp_autodiff = AutoFiniteDiff(
        fdtype = Val{:forward}(),
        fdjtype = Val{:forward}(),
        fdhtype = Val{:hcentral}(),
        dir = true
    ),
    jvp_autodiff = AutoForwardDiff(),
    concrete_jac = Val{true}()
)

----    	-------------       	-----------         
Iter    	f(u) 2-norm         	Step 2-norm         
----    	-------------       	-----------         
0       	2.48741938e+01      	3.10503915e+231     
1       	1.13810590e+01      	1.36745045e-02      
8       	1.10054068e-02      	2.52299804e-03      
15      	8.56579285e-04      	4.99703808e-04      
22      	2.23252242e-06      	3.21920970e-04      
29      	2.19708194e-06      	4.35585808e-03      
36      	2.20596185e-06      	5.62269926e-03      
43      	2.93817333e-02      	0.00000000e+00      
50      	2.94890098e-02      	0.00000000e+00      
57      	1.33249546e-01      	0.00000000e+00      
64      	4.64485856e-02      	0.00000000e+00      
71      	1.43709170e-02      	0.00000000e+00      
78      	6.13662250e-02      	0.00000000e+00      
85      	6.41774078e-02      	2.01559073e-01      
92      	2.19100592e-02      	0.00000000e+00      
99      	1.39512217e-04      	2.97406229e-02      
106     	1.60237039e-02      	1.55451159e-01      
113     	4.17139050e-05      	2.16093787e-02      
120     	3.44758371e-03      	0.00000000e+00      
127     	3.53976691e-03      	8.63786279e-02      
134     	1.85430495e-01      	2.60942320e-01      
141     	3.29978646e-02      	1.35283838e-01      
148     	1.42692309e-03      	0.00000000e+00      
Final   	2.19708194e-06      
----------------------      
  AMR 3/3: M=360  err=8.36e-14  obs=2.73e-8  nrmse=5.45e-6  best=5.45e-6  refined=0
collocation [140s]
  [final]  nrmse=5.445e-6  l2=0.0002604
extrapolation window: T=15.0 -> T_test=30.0  n_test=600
  [train]  E_traj=8.636e-11  E_VF=1.131e-6  E_spec=0.4157
  [test ]  E_traj=1.748  E_VF=13.81  E_spec=0.4775
saved /orcd/home/002/txenakis/projects/BVPsolver/src/../data/runs/run_6S4eigGO/davis-skodje_fit.png
saved /orcd/home/002/txenakis/projects/BVPsolver/src/../data/runs/run_6S4eigGO/davis-skodje_fit_extrapolated.png
saved /orcd/home/002/txenakis/projects/BVPsolver/src/../data/runs/run_6S4eigGO/davis-skodje_spectral_fit_extrapolated.png
saved /orcd/home/002/txenakis/projects/BVPsolver/src/../data/runs/run_6S4eigGO/davis-skodje_vf_fit_extrapolated.png
┌ Warning: Attempting to store StiffNN.var"#22#23"{Float64}.
│ JLD2 only stores functions by name.
│  This may not be useful for anonymous functions.
└ @ JLD2 ~/.julia/packages/JLD2/ADycq/src/data/writing_datatypes.jl:447
saved run → /orcd/home/002/txenakis/projects/BVPsolver/src/../data/runs/run_6S4eigGO
--------------------------------------
Done: Thu Sep 24 08:01:12 EDT 2026
