Task 392/600: --problem davis-skodje --param 1e-4 --model GELU-scaled --profile fast --seed 342 --pretraining derivmatch --training shooting
Logging to /home/txenakis/projects/BVPsolver/logs/run_main_23642156_392.log
davis-skodje  model=GELU-scaled width=7 d=2 tlen=300 profile=fast seed=342  solver=Rodas5P  N=317
  derivmatch lr=0.01 iter=170/3400 loss=1.899
  derivmatch lr=0.01 iter=340/3400 loss=1.63
  derivmatch lr=0.01 iter=510/3400 loss=0.4785
  derivmatch lr=0.01 iter=680/3400 loss=0.7769
  derivmatch lr=0.01 iter=850/3400 loss=0.3094
  derivmatch lr=0.01 iter=1020/3400 loss=0.3282
  derivmatch lr=0.01 iter=1190/3400 loss=0.7641
  derivmatch lr=0.01 iter=1360/3400 loss=0.06051
  derivmatch lr=0.01 iter=1530/3400 loss=0.08478
  derivmatch lr=0.01 iter=1700/3400 loss=0.01247
  derivmatch lr=0.01 iter=1870/3400 loss=1.099
  derivmatch lr=0.01 iter=2040/3400 loss=0.6101
  derivmatch lr=0.01 iter=2210/3400 loss=0.3138
  derivmatch lr=0.01 iter=2380/3400 loss=0.2004
  derivmatch lr=0.01 iter=2550/3400 loss=0.1407
  derivmatch lr=0.01 iter=2720/3400 loss=0.2408
  derivmatch lr=0.01 iter=2890/3400 loss=0.3792
  derivmatch lr=0.01 iter=3060/3400 loss=0.1137
  derivmatch lr=0.01 iter=3230/3400 loss=0.1664
  derivmatch lr=0.01 iter=3400/3400 loss=0.2897
  derivmatch lr=0.01 iter=3400/3400 loss=0.006762
  derivmatch lr=0.003 iter=125/2500 loss=0.1033
  derivmatch lr=0.003 iter=250/2500 loss=0.002277
  derivmatch lr=0.003 iter=375/2500 loss=0.00202
  derivmatch lr=0.003 iter=500/2500 loss=0.002632
  derivmatch lr=0.003 iter=625/2500 loss=0.003467
  derivmatch lr=0.003 iter=750/2500 loss=0.001793
  derivmatch lr=0.003 iter=875/2500 loss=0.003836
  derivmatch lr=0.003 iter=1000/2500 loss=0.002565
  derivmatch lr=0.003 iter=1125/2500 loss=0.002101
  derivmatch lr=0.003 iter=1250/2500 loss=0.002093
  derivmatch lr=0.003 iter=1375/2500 loss=0.002031
  derivmatch lr=0.003 iter=1500/2500 loss=0.002022
  derivmatch lr=0.003 iter=1625/2500 loss=0.1808
  derivmatch lr=0.003 iter=1750/2500 loss=0.09059
  derivmatch lr=0.003 iter=1875/2500 loss=0.002848
  derivmatch lr=0.003 iter=2000/2500 loss=0.002286
  derivmatch lr=0.003 iter=2125/2500 loss=0.001905
  derivmatch lr=0.003 iter=2250/2500 loss=0.001868
  derivmatch lr=0.003 iter=2375/2500 loss=0.001773
  derivmatch lr=0.003 iter=2500/2500 loss=0.001807
  derivmatch lr=0.003 iter=2500/2500 loss=0.001553
  derivmatch lr=0.001 iter=125/2500 loss=0.001514
  derivmatch lr=0.001 iter=250/2500 loss=0.001452
  derivmatch lr=0.001 iter=375/2500 loss=0.001406
  derivmatch lr=0.001 iter=500/2500 loss=0.001365
  derivmatch lr=0.001 iter=625/2500 loss=0.001324
  derivmatch lr=0.001 iter=750/2500 loss=0.001284
  derivmatch lr=0.001 iter=875/2500 loss=0.001243
  derivmatch lr=0.001 iter=1000/2500 loss=0.001203
  derivmatch lr=0.001 iter=1125/2500 loss=0.001162
  derivmatch lr=0.001 iter=1250/2500 loss=0.00113
  derivmatch lr=0.001 iter=1375/2500 loss=0.001377
  derivmatch lr=0.001 iter=1500/2500 loss=0.001087
  derivmatch lr=0.001 iter=1625/2500 loss=0.001058
  derivmatch lr=0.001 iter=1750/2500 loss=0.001265
  derivmatch lr=0.001 iter=1875/2500 loss=0.001235
  derivmatch lr=0.001 iter=2000/2500 loss=0.001438
  derivmatch lr=0.001 iter=2125/2500 loss=0.0009819
  derivmatch lr=0.001 iter=2250/2500 loss=0.0009397
  derivmatch lr=0.001 iter=2375/2500 loss=0.001206
  derivmatch lr=0.001 iter=2500/2500 loss=0.001215
  derivmatch lr=0.001 iter=2500/2500 loss=0.0008778
  derivmatch lr=0.0003 iter=80/1600 loss=0.0008627
  derivmatch lr=0.0003 iter=160/1600 loss=0.0008564
  derivmatch lr=0.0003 iter=240/1600 loss=0.0008524
  derivmatch lr=0.0003 iter=320/1600 loss=0.0008481
  derivmatch lr=0.0003 iter=400/1600 loss=0.0008433
  derivmatch lr=0.0003 iter=480/1600 loss=0.0008381
  derivmatch lr=0.0003 iter=560/1600 loss=0.0008327
  derivmatch lr=0.0003 iter=640/1600 loss=0.0008269
  derivmatch lr=0.0003 iter=720/1600 loss=0.0008209
  derivmatch lr=0.0003 iter=800/1600 loss=0.0008146
  derivmatch lr=0.0003 iter=880/1600 loss=0.0008081
  derivmatch lr=0.0003 iter=960/1600 loss=0.0008013
  derivmatch lr=0.0003 iter=1040/1600 loss=0.0007944
  derivmatch lr=0.0003 iter=1120/1600 loss=0.0007873
  derivmatch lr=0.0003 iter=1200/1600 loss=0.0007808
  derivmatch lr=0.0003 iter=1280/1600 loss=0.0007737
  derivmatch lr=0.0003 iter=1360/1600 loss=0.0007664
  derivmatch lr=0.0003 iter=1440/1600 loss=0.0007589
  derivmatch lr=0.0003 iter=1520/1600 loss=0.0007632
  derivmatch lr=0.0003 iter=1600/1600 loss=0.0007499
  derivmatch lr=0.0003 iter=1600/1600 loss=0.0007453
derivative matching [32s]  fitloss=0.000745
  [derivative matching]  nrmse=0.07245  l2=1.818
  shooting iter=50/1000 loss=0.09069
  shooting iter=100/1000 loss=0.09235
  shooting iter=150/1000 loss=0.09237
  shooting iter=200/1000 loss=0.09237
  shooting iter=250/1000 loss=0.09237
  shooting iter=300/1000 loss=0.09237
  shooting iter=350/1000 loss=0.09237
  shooting iter=400/1000 loss=0.09237
  shooting iter=450/1000 loss=0.09237
  shooting iter=500/1000 loss=0.09237
  shooting iter=550/1000 loss=0.09237
  shooting iter=600/1000 loss=0.09237
  shooting iter=650/1000 loss=0.09237
  shooting iter=700/1000 loss=0.09237
  shooting iter=750/1000 loss=0.09237
  shooting iter=800/1000 loss=0.09237
  shooting iter=850/1000 loss=0.09237
  shooting iter=900/1000 loss=0.09237
  shooting iter=950/1000 loss=0.09237
  shooting iter=1000/1000 loss=0.09237
  shooting iter=1000/1000 loss=0.02561
shooting [1157s]  loss=0.0256
  [final]  nrmse=0.05648  l2=1.448
extrapolation window: T=15.0 -> T_test=30.0  n_test=600
  [train]  E_traj=0.006411  E_VF=1.017  E_spec=0.4507
  [test ]  E_traj=4.05e12  E_VF=3.956e12  E_spec=0.9799
saved /orcd/home/002/txenakis/projects/BVPsolver/src/../data/runs/run_WltegwZk/davis-skodje_fit.png
saved /orcd/home/002/txenakis/projects/BVPsolver/src/../data/runs/run_WltegwZk/davis-skodje_fit_extrapolated.png
saved /orcd/home/002/txenakis/projects/BVPsolver/src/../data/runs/run_WltegwZk/davis-skodje_spectral_fit_extrapolated.png
saved /orcd/home/002/txenakis/projects/BVPsolver/src/../data/runs/run_WltegwZk/davis-skodje_vf_fit_extrapolated.png
┌ Warning: Attempting to store StiffNN.var"#22#23"{Float64}.
│ JLD2 only stores functions by name.
│  This may not be useful for anonymous functions.
└ @ JLD2 ~/.julia/packages/JLD2/ADycq/src/data/writing_datatypes.jl:447
saved run → /orcd/home/002/txenakis/projects/BVPsolver/src/../data/runs/run_WltegwZk
--------------------------------------
Done: Thu Sep 24 09:02:14 EDT 2026
