Task 117/360: --problem rober --model GELU-scaled --profile fast --seed 27 --pretraining derivmatch --training collocation
Logging to /home/txenakis/projects/BVPsolver/logs/run_main_22227913_117.log
rober  model=GELU-scaled width=7 d=3 tlen=50 profile=fast seed=27  solver=Rodas5  N=332
  derivmatch lr=0.01 iter=170/3400 loss=8.677
  derivmatch lr=0.01 iter=340/3400 loss=9.984
  derivmatch lr=0.01 iter=510/3400 loss=8.532
  derivmatch lr=0.01 iter=680/3400 loss=9.034
  derivmatch lr=0.01 iter=850/3400 loss=8.204
  derivmatch lr=0.01 iter=1020/3400 loss=5.952
  derivmatch lr=0.01 iter=1190/3400 loss=8.721
  derivmatch lr=0.01 iter=1360/3400 loss=8.375
  derivmatch lr=0.01 iter=1530/3400 loss=7.936
  derivmatch lr=0.01 iter=1700/3400 loss=7.116
  derivmatch lr=0.01 iter=1870/3400 loss=5.854
  derivmatch lr=0.01 iter=2040/3400 loss=5.253
  derivmatch lr=0.01 iter=2210/3400 loss=8.532
  derivmatch lr=0.01 iter=2380/3400 loss=8.233
  derivmatch lr=0.01 iter=2550/3400 loss=7.987
  derivmatch lr=0.01 iter=2720/3400 loss=7.701
  derivmatch lr=0.01 iter=2890/3400 loss=7.295
  derivmatch lr=0.01 iter=3060/3400 loss=6.396
  derivmatch lr=0.01 iter=3230/3400 loss=5.956
  derivmatch lr=0.01 iter=3400/3400 loss=5.828
  derivmatch lr=0.01 iter=3400/3400 loss=5.011
  derivmatch lr=0.003 iter=125/2500 loss=4.802
  derivmatch lr=0.003 iter=250/2500 loss=6.513
  derivmatch lr=0.003 iter=375/2500 loss=7.399
  derivmatch lr=0.003 iter=500/2500 loss=7.316
  derivmatch lr=0.003 iter=625/2500 loss=7.233
  derivmatch lr=0.003 iter=750/2500 loss=7.145
  derivmatch lr=0.003 iter=875/2500 loss=7.049
  derivmatch lr=0.003 iter=1000/2500 loss=6.941
  derivmatch lr=0.003 iter=1125/2500 loss=6.815
  derivmatch lr=0.003 iter=1250/2500 loss=6.662
  derivmatch lr=0.003 iter=1375/2500 loss=6.461
  derivmatch lr=0.003 iter=1500/2500 loss=6.169
  derivmatch lr=0.003 iter=1625/2500 loss=5.727
  derivmatch lr=0.003 iter=1750/2500 loss=6.396
  derivmatch lr=0.003 iter=1875/2500 loss=6.048
  derivmatch lr=0.003 iter=2000/2500 loss=5.721
  derivmatch lr=0.003 iter=2125/2500 loss=5.584
  derivmatch lr=0.003 iter=2250/2500 loss=5.485
  derivmatch lr=0.003 iter=2375/2500 loss=5.396
  derivmatch lr=0.003 iter=2500/2500 loss=5.305
  derivmatch lr=0.003 iter=2500/2500 loss=4.76
  derivmatch lr=0.001 iter=125/2500 loss=4.739
  derivmatch lr=0.001 iter=250/2500 loss=4.716
  derivmatch lr=0.001 iter=375/2500 loss=4.688
  derivmatch lr=0.001 iter=500/2500 loss=4.653
  derivmatch lr=0.001 iter=625/2500 loss=4.617
  derivmatch lr=0.001 iter=750/2500 loss=4.578
  derivmatch lr=0.001 iter=875/2500 loss=4.532
  derivmatch lr=0.001 iter=1000/2500 loss=4.484
  derivmatch lr=0.001 iter=1125/2500 loss=4.429
  derivmatch lr=0.001 iter=1250/2500 loss=5.1
  derivmatch lr=0.001 iter=1375/2500 loss=4.485
  derivmatch lr=0.001 iter=1500/2500 loss=6.629
  derivmatch lr=0.001 iter=1625/2500 loss=6.725
  derivmatch lr=0.001 iter=1750/2500 loss=6.605
  derivmatch lr=0.001 iter=1875/2500 loss=5.395
  derivmatch lr=0.001 iter=2000/2500 loss=6.143
  derivmatch lr=0.001 iter=2125/2500 loss=6.495
  derivmatch lr=0.001 iter=2250/2500 loss=6.399
  derivmatch lr=0.001 iter=2375/2500 loss=6.257
  derivmatch lr=0.001 iter=2500/2500 loss=7.036
  derivmatch lr=0.001 iter=2500/2500 loss=4.353
  derivmatch lr=0.0003 iter=80/1600 loss=4.395
  derivmatch lr=0.0003 iter=160/1600 loss=4.344
  derivmatch lr=0.0003 iter=240/1600 loss=4.338
  derivmatch lr=0.0003 iter=320/1600 loss=4.331
  derivmatch lr=0.0003 iter=400/1600 loss=4.324
  derivmatch lr=0.0003 iter=480/1600 loss=4.317
  derivmatch lr=0.0003 iter=560/1600 loss=4.309
  derivmatch lr=0.0003 iter=640/1600 loss=4.301
  derivmatch lr=0.0003 iter=720/1600 loss=4.293
  derivmatch lr=0.0003 iter=800/1600 loss=4.284
  derivmatch lr=0.0003 iter=880/1600 loss=4.275
  derivmatch lr=0.0003 iter=960/1600 loss=4.266
  derivmatch lr=0.0003 iter=1040/1600 loss=4.256
  derivmatch lr=0.0003 iter=1120/1600 loss=4.246
  derivmatch lr=0.0003 iter=1200/1600 loss=4.236
  derivmatch lr=0.0003 iter=1280/1600 loss=4.225
  derivmatch lr=0.0003 iter=1360/1600 loss=4.215
  derivmatch lr=0.0003 iter=1440/1600 loss=4.203
  derivmatch lr=0.0003 iter=1520/1600 loss=4.192
  derivmatch lr=0.0003 iter=1600/1600 loss=4.18
  derivmatch lr=0.0003 iter=1600/1600 loss=4.18
derivative matching [27s]  fitloss=4.18
  [derivative matching]  nrmse=17.07  l2=0.5157
  collocation: M=54 residuals=627  detecting sparsity + solving...

Algorithm: LevenbergMarquardt(
    trustregion = LevenbergMarquardtTrustRegion(
        β_uphill = 0.0
    ),
    descent = GeodesicAcceleration(
        descent = DampedNewtonDescent(
            linsolve = KLUFactorization(
                reuse_symbolic = true,
                check_pattern = true
            ),
            initial_damping = 1.0,
            damping_fn = LevenbergMarquardtDampingFunction(
                increase_factor = 2.0,
                decrease_factor = 3.0,
                min_damping = 1.0e-8
            ),
            min_norm_mode = :auto
        ),
        finite_diff_step_geodesic = 0.1,
        α = 0.75
    ),
    autodiff = AutoForwardDiff(),
    vjp_autodiff = AutoFiniteDiff(
        fdtype = Val{:forward}(),
        fdjtype = Val{:forward}(),
        fdhtype = Val{:hcentral}(),
        dir = true
    ),
    jvp_autodiff = AutoForwardDiff(),
    concrete_jac = Val{true}()
)

----    	-------------       	-----------         
Iter    	f(u) 2-norm         	Step 2-norm         
----    	-------------       	-----------         
0       	1.77771430e+04      	NaN                 
1       	1.77771430e+04      	0.00000000e+00      
8       	8.79070997e+03      	0.00000000e+00      
15      	8.24576312e+03      	1.58273067e-02      
22      	6.87983251e+03      	0.00000000e+00      
29      	5.68703809e+03      	1.16538527e-01      
36      	1.41236644e+03      	0.00000000e+00      
43      	1.41236644e+03      	0.00000000e+00      
50      	1.50200169e+03      	1.90432629e-01      
57      	2.27861281e+03      	0.00000000e+00      
64      	2.23246427e+03      	0.00000000e+00      
71      	2.23246427e+03      	0.00000000e+00      
78      	2.44888148e+03      	1.15537223e-03      
85      	2.58981338e+03      	0.00000000e+00      
92      	2.61589792e+03      	1.31781737e-04      
99      	2.63264784e+03      	0.00000000e+00      
106     	2.63557079e+03      	0.00000000e+00      
113     	2.64721720e+03      	2.59567021e-04      
120     	2.65228731e+03      	0.00000000e+00      
127     	2.66721470e+03      	2.35051525e-04      
134     	2.67784544e+03      	0.00000000e+00      
141     	2.68169035e+03      	0.00000000e+00      
148     	2.69372657e+03      	2.30596493e-04      
Final   	1.41236644e+03      
----------------------      
  AMR 1/1: M=54  err=661000.0  obs=0.0023  nrmse=0.8  best=0.8  refined=0
collocation [17s]
  [final]  nrmse=0.7996  l2=0.5924
extrapolation window: T=1000.0 -> T_test=1.0e12  n_test=100
  [train]  E_traj=1.681  E_VF=165.1  E_spec=3.775e20
  [test ]  E_traj=3.156e20  E_VF=149800.0  E_spec=0.9997
saved /orcd/home/002/txenakis/projects/BVPsolver/src/../data/runs/run_1MLNneYW/rober_fit.png
saved /orcd/home/002/txenakis/projects/BVPsolver/src/../data/runs/run_1MLNneYW/rober_fit_extrapolated.png
saved /orcd/home/002/txenakis/projects/BVPsolver/src/../data/runs/run_1MLNneYW/rober_spectral_fit_extrapolated.png
saved /orcd/home/002/txenakis/projects/BVPsolver/src/../data/runs/run_1MLNneYW/rober_vf_fit_extrapolated.png
┌ Warning: Attempting to store StiffNN.var"#12#13"{Float64, Float64, Float64}.
│ JLD2 only stores functions by name.
│  This may not be useful for anonymous functions.
└ @ JLD2 ~/.julia/packages/JLD2/ADycq/src/data/writing_datatypes.jl:447
saved run → /orcd/home/002/txenakis/projects/BVPsolver/src/../data/runs/run_1MLNneYW
--------------------------------------
Done: Mon Sep  7 19:23:57 EDT 2026
