Task 154/1800: --problem pollu --model mlp --profile fast --seed 104 --pretraining derivmatch --training collocation
Logging to /home/txenakis/projects/BVPsolver/logs/run_main_23493023_154.log
┌ Warning: Verbosity toggle: dt_epsilon 
│  Initial timestep too small (near machine epsilon), using default: dt = 1.0e-6
└ @ OrdinaryDiffEqCore ~/.julia/packages/OrdinaryDiffEqCore/NVUZl/src/initdt.jl:222
pollu  model=mlp width=40 d=20 tlen=50 profile=fast seed=104  solver=Rodas5  N=4940
  derivmatch lr=0.01 iter=510/10200 loss=282.9
  derivmatch lr=0.01 iter=1020/10200 loss=299.8
  derivmatch lr=0.01 iter=1530/10200 loss=297.8
  derivmatch lr=0.01 iter=2040/10200 loss=317.1
  derivmatch lr=0.01 iter=2550/10200 loss=283.8
  derivmatch lr=0.01 iter=3060/10200 loss=362.2
  derivmatch lr=0.01 iter=3570/10200 loss=352.8
  derivmatch lr=0.01 iter=4080/10200 loss=376.0
  derivmatch lr=0.01 iter=4590/10200 loss=280.1
  derivmatch lr=0.01 iter=5100/10200 loss=312.4
  derivmatch lr=0.01 iter=5610/10200 loss=314.3
  derivmatch lr=0.01 iter=6120/10200 loss=324.4
  derivmatch lr=0.01 iter=6630/10200 loss=344.4
  derivmatch lr=0.01 iter=7140/10200 loss=345.4
  derivmatch lr=0.01 iter=7650/10200 loss=344.7
  derivmatch lr=0.01 iter=8160/10200 loss=276.9
  derivmatch lr=0.01 iter=8670/10200 loss=324.2
  derivmatch lr=0.01 iter=9180/10200 loss=291.2
  derivmatch lr=0.01 iter=9690/10200 loss=322.1
  derivmatch lr=0.01 iter=10200/10200 loss=336.3
  derivmatch lr=0.01 iter=10200/10200 loss=224.8
  derivmatch lr=0.003 iter=375/7500 loss=256.3
  derivmatch lr=0.003 iter=750/7500 loss=236.7
  derivmatch lr=0.003 iter=1125/7500 loss=258.1
  derivmatch lr=0.003 iter=1500/7500 loss=243.7
  derivmatch lr=0.003 iter=1875/7500 loss=270.4
  derivmatch lr=0.003 iter=2250/7500 loss=255.7
  derivmatch lr=0.003 iter=2625/7500 loss=289.3
  derivmatch lr=0.003 iter=3000/7500 loss=292.1
  derivmatch lr=0.003 iter=3375/7500 loss=280.2
  derivmatch lr=0.003 iter=3750/7500 loss=282.7
  derivmatch lr=0.003 iter=4125/7500 loss=262.5
  derivmatch lr=0.003 iter=4500/7500 loss=281.4
  derivmatch lr=0.003 iter=4875/7500 loss=253.7
  derivmatch lr=0.003 iter=5250/7500 loss=270.5
  derivmatch lr=0.003 iter=5625/7500 loss=260.4
  derivmatch lr=0.003 iter=6000/7500 loss=276.0
  derivmatch lr=0.003 iter=6375/7500 loss=329.3
  derivmatch lr=0.003 iter=6750/7500 loss=274.1
  derivmatch lr=0.003 iter=7125/7500 loss=283.9
  derivmatch lr=0.003 iter=7500/7500 loss=267.2
  derivmatch lr=0.003 iter=7500/7500 loss=197.7
  derivmatch lr=0.001 iter=375/7500 loss=204.9
  derivmatch lr=0.001 iter=750/7500 loss=210.7
  derivmatch lr=0.001 iter=1125/7500 loss=218.1
  derivmatch lr=0.001 iter=1500/7500 loss=209.0
  derivmatch lr=0.001 iter=1875/7500 loss=241.1
  derivmatch lr=0.001 iter=2250/7500 loss=230.8
  derivmatch lr=0.001 iter=2625/7500 loss=220.0
  derivmatch lr=0.001 iter=3000/7500 loss=221.0
  derivmatch lr=0.001 iter=3375/7500 loss=249.3
  derivmatch lr=0.001 iter=3750/7500 loss=237.8
  derivmatch lr=0.001 iter=4125/7500 loss=242.5
  derivmatch lr=0.001 iter=4500/7500 loss=231.2
  derivmatch lr=0.001 iter=4875/7500 loss=224.2
  derivmatch lr=0.001 iter=5250/7500 loss=234.4
  derivmatch lr=0.001 iter=5625/7500 loss=252.1
  derivmatch lr=0.001 iter=6000/7500 loss=239.8
  derivmatch lr=0.001 iter=6375/7500 loss=236.4
  derivmatch lr=0.001 iter=6750/7500 loss=231.6
  derivmatch lr=0.001 iter=7125/7500 loss=221.9
  derivmatch lr=0.001 iter=7500/7500 loss=218.4
  derivmatch lr=0.001 iter=7500/7500 loss=172.6
  derivmatch lr=0.0003 iter=240/4800 loss=173.6
  derivmatch lr=0.0003 iter=480/4800 loss=185.3
  derivmatch lr=0.0003 iter=720/4800 loss=190.0
  derivmatch lr=0.0003 iter=960/4800 loss=219.9
  derivmatch lr=0.0003 iter=1200/4800 loss=235.2
  derivmatch lr=0.0003 iter=1440/4800 loss=203.4
  derivmatch lr=0.0003 iter=1680/4800 loss=211.7
  derivmatch lr=0.0003 iter=1920/4800 loss=222.6
  derivmatch lr=0.0003 iter=2160/4800 loss=198.6
  derivmatch lr=0.0003 iter=2400/4800 loss=212.6
  derivmatch lr=0.0003 iter=2640/4800 loss=200.3
  derivmatch lr=0.0003 iter=2880/4800 loss=204.5
  derivmatch lr=0.0003 iter=3120/4800 loss=205.1
  derivmatch lr=0.0003 iter=3360/4800 loss=189.9
  derivmatch lr=0.0003 iter=3600/4800 loss=207.7
  derivmatch lr=0.0003 iter=3840/4800 loss=227.4
  derivmatch lr=0.0003 iter=4080/4800 loss=233.6
  derivmatch lr=0.0003 iter=4320/4800 loss=222.0
  derivmatch lr=0.0003 iter=4560/4800 loss=213.1
  derivmatch lr=0.0003 iter=4800/4800 loss=197.2
  derivmatch lr=0.0003 iter=4800/4800 loss=160.1
derivative matching [43s]  fitloss=160.0
  [derivative matching]  nrmse=9.829e17  l2=387.1
  collocation: M=72 residuals=5260  detecting sparsity + solving...

Algorithm: LevenbergMarquardt(
    trustregion = LevenbergMarquardtTrustRegion(
        β_uphill = 0.0
    ),
    descent = GeodesicAcceleration(
        descent = DampedNewtonDescent(
            linsolve = KLUFactorization(
                reuse_symbolic = true,
                check_pattern = true
            ),
            initial_damping = 1.0,
            damping_fn = LevenbergMarquardtDampingFunction(
                increase_factor = 2.0,
                decrease_factor = 3.0,
                min_damping = 1.0e-8
            ),
            min_norm_mode = :auto
        ),
        finite_diff_step_geodesic = 0.1,
        α = 0.75
    ),
    autodiff = AutoForwardDiff(),
    vjp_autodiff = AutoFiniteDiff(
        fdtype = Val{:forward}(),
        fdjtype = Val{:forward}(),
        fdhtype = Val{:hcentral}(),
        dir = true
    ),
    jvp_autodiff = AutoForwardDiff(),
    concrete_jac = Val{true}()
)

----    	-------------       	-----------         
Iter    	f(u) 2-norm         	Step 2-norm         
----    	-------------       	-----------         
0       	3.75579575e+20      	NaN                 
1       	5.16101620e+19      	6.27387292e-01      
8       	1.65616054e+19      	0.00000000e+00      
15      	5.20386477e+18      	1.99935379e-01      
22      	2.57991734e+17      	1.75627218e-01      
29      	4.04819869e+16      	0.00000000e+00      
36      	6.86641962e+18      	3.79846854e-01      
43      	1.20511071e+18      	1.92222933e-01      
50      	6.85692616e+18      	0.00000000e+00      
57      	2.84265106e+18      	0.00000000e+00      
64      	3.06639427e+18      	0.00000000e+00      
71      	6.52250061e+18      	0.00000000e+00      
78      	7.79511048e+18      	8.45766091e-01      
85      	1.42197508e+19      	0.00000000e+00      
92      	4.27159585e+18      	1.39898071e+00      
99      	2.00068887e+18      	6.47721306e-01      
106     	1.23529084e+18      	0.00000000e+00      
113     	1.65535659e+17      	3.96029863e-01      
120     	4.45529836e+17      	5.24806195e-01      
127     	4.46487298e+15      	0.00000000e+00      
134     	3.68559934e+16      	0.00000000e+00      
141     	4.93046852e+15      	2.65582092e-01      
148     	2.24105555e+16      	0.00000000e+00      
Final   	4.46487298e+15      
----------------------      
  AMR 1/1: M=72  err=8.779999999999999e30  obs=2.31e-9  nrmse=1.1e17  best=1.1e17  refined=0
collocation [9680s]
  [final]  nrmse=1.096e17  l2=705.7
┌ Warning: Verbosity toggle: dt_epsilon 
│  Initial timestep too small (near machine epsilon), using default: dt = 1.0e-6
└ @ OrdinaryDiffEqCore ~/.julia/packages/OrdinaryDiffEqCore/NVUZl/src/initdt.jl:222
extrapolation window: T=60.0 -> T_test=120.0  n_test=100
  [train]  E_traj=2.2079999999999997e34  E_VF=2.989  E_spec=Inf
  [test ]  E_traj=2.718e37  E_VF=4.5010000000000004e28  E_spec=3.666e303
saved /orcd/home/002/txenakis/projects/BVPsolver/src/../data/runs/run_nTZ4Gf16/pollu_fit.png
saved /orcd/home/002/txenakis/projects/BVPsolver/src/../data/runs/run_nTZ4Gf16/pollu_fit_extrapolated.png
saved /orcd/home/002/txenakis/projects/BVPsolver/src/../data/runs/run_nTZ4Gf16/pollu_spectral_fit_extrapolated.png
saved /orcd/home/002/txenakis/projects/BVPsolver/src/../data/runs/run_nTZ4Gf16/pollu_vf_fit_extrapolated.png
┌ Warning: Attempting to store StiffNN.var"#16#17"{Vector{Float64}}.
│ JLD2 only stores functions by name.
│  This may not be useful for anonymous functions.
└ @ JLD2 ~/.julia/packages/JLD2/ADycq/src/data/writing_datatypes.jl:447
saved run → /orcd/home/002/txenakis/projects/BVPsolver/src/../data/runs/run_nTZ4Gf16
--------------------------------------
Done: Wed Sep 23 00:51:43 EDT 2026
