Task 101/360: --problem rober --model GELU-scaled --profile fast --seed 21 --pretraining derivmatch --training shooting
Logging to /home/txenakis/projects/BVPsolver/logs/run_main_22227913_101.log
rober  model=GELU-scaled width=7 d=3 tlen=50 profile=fast seed=21  solver=Rodas5  N=332
  derivmatch lr=0.01 iter=170/3400 loss=9.103
  derivmatch lr=0.01 iter=340/3400 loss=6.973
  derivmatch lr=0.01 iter=510/3400 loss=7.946
  derivmatch lr=0.01 iter=680/3400 loss=5.627
  derivmatch lr=0.01 iter=850/3400 loss=6.573
  derivmatch lr=0.01 iter=1020/3400 loss=9.058
  derivmatch lr=0.01 iter=1190/3400 loss=8.654
  derivmatch lr=0.01 iter=1360/3400 loss=8.409
  derivmatch lr=0.01 iter=1530/3400 loss=8.197
  derivmatch lr=0.01 iter=1700/3400 loss=7.999
  derivmatch lr=0.01 iter=1870/3400 loss=7.797
  derivmatch lr=0.01 iter=2040/3400 loss=7.572
  derivmatch lr=0.01 iter=2210/3400 loss=7.288
  derivmatch lr=0.01 iter=2380/3400 loss=6.847
  derivmatch lr=0.01 iter=2550/3400 loss=5.882
  derivmatch lr=0.01 iter=2720/3400 loss=5.703
  derivmatch lr=0.01 iter=2890/3400 loss=5.748
  derivmatch lr=0.01 iter=3060/3400 loss=5.41
  derivmatch lr=0.01 iter=3230/3400 loss=5.195
  derivmatch lr=0.01 iter=3400/3400 loss=4.932
  derivmatch lr=0.01 iter=3400/3400 loss=4.932
  derivmatch lr=0.003 iter=125/2500 loss=4.807
  derivmatch lr=0.003 iter=250/2500 loss=4.656
  derivmatch lr=0.003 iter=375/2500 loss=4.466
  derivmatch lr=0.003 iter=500/2500 loss=6.407
  derivmatch lr=0.003 iter=625/2500 loss=5.877
  derivmatch lr=0.003 iter=750/2500 loss=6.229
  derivmatch lr=0.003 iter=875/2500 loss=4.803
  derivmatch lr=0.003 iter=1000/2500 loss=7.278
  derivmatch lr=0.003 iter=1125/2500 loss=7.017
  derivmatch lr=0.003 iter=1250/2500 loss=6.887
  derivmatch lr=0.003 iter=1375/2500 loss=6.774
  derivmatch lr=0.003 iter=1500/2500 loss=6.65
  derivmatch lr=0.003 iter=1625/2500 loss=6.492
  derivmatch lr=0.003 iter=1750/2500 loss=6.219
  derivmatch lr=0.003 iter=1875/2500 loss=5.518
  derivmatch lr=0.003 iter=2000/2500 loss=5.223
  derivmatch lr=0.003 iter=2125/2500 loss=5.051
  derivmatch lr=0.003 iter=2250/2500 loss=4.888
  derivmatch lr=0.003 iter=2375/2500 loss=4.733
  derivmatch lr=0.003 iter=2500/2500 loss=4.581
  derivmatch lr=0.003 iter=2500/2500 loss=4.238
  derivmatch lr=0.001 iter=125/2500 loss=4.192
  derivmatch lr=0.001 iter=250/2500 loss=4.164
  derivmatch lr=0.001 iter=375/2500 loss=4.135
  derivmatch lr=0.001 iter=500/2500 loss=4.105
  derivmatch lr=0.001 iter=625/2500 loss=4.074
  derivmatch lr=0.001 iter=750/2500 loss=4.031
  derivmatch lr=0.001 iter=875/2500 loss=3.965
  derivmatch lr=0.001 iter=1000/2500 loss=3.909
  derivmatch lr=0.001 iter=1125/2500 loss=3.86
  derivmatch lr=0.001 iter=1250/2500 loss=3.813
  derivmatch lr=0.001 iter=1375/2500 loss=5.703
  derivmatch lr=0.001 iter=1500/2500 loss=5.416
  derivmatch lr=0.001 iter=1625/2500 loss=5.48
  derivmatch lr=0.001 iter=1750/2500 loss=5.115
  derivmatch lr=0.001 iter=1875/2500 loss=5.473
  derivmatch lr=0.001 iter=2000/2500 loss=5.053
  derivmatch lr=0.001 iter=2125/2500 loss=5.506
  derivmatch lr=0.001 iter=2250/2500 loss=5.192
  derivmatch lr=0.001 iter=2375/2500 loss=4.151
  derivmatch lr=0.001 iter=2500/2500 loss=3.662
  derivmatch lr=0.001 iter=2500/2500 loss=3.662
  derivmatch lr=0.0003 iter=80/1600 loss=3.656
  derivmatch lr=0.0003 iter=160/1600 loss=3.649
  derivmatch lr=0.0003 iter=240/1600 loss=3.641
  derivmatch lr=0.0003 iter=320/1600 loss=3.634
  derivmatch lr=0.0003 iter=400/1600 loss=3.625
  derivmatch lr=0.0003 iter=480/1600 loss=3.617
  derivmatch lr=0.0003 iter=560/1600 loss=3.607
  derivmatch lr=0.0003 iter=640/1600 loss=3.597
  derivmatch lr=0.0003 iter=720/1600 loss=3.587
  derivmatch lr=0.0003 iter=800/1600 loss=3.577
  derivmatch lr=0.0003 iter=880/1600 loss=3.566
  derivmatch lr=0.0003 iter=960/1600 loss=3.555
  derivmatch lr=0.0003 iter=1040/1600 loss=3.543
  derivmatch lr=0.0003 iter=1120/1600 loss=3.532
  derivmatch lr=0.0003 iter=1200/1600 loss=3.52
  derivmatch lr=0.0003 iter=1280/1600 loss=3.507
  derivmatch lr=0.0003 iter=1360/1600 loss=3.494
  derivmatch lr=0.0003 iter=1440/1600 loss=3.463
  derivmatch lr=0.0003 iter=1520/1600 loss=3.443
  derivmatch lr=0.0003 iter=1600/1600 loss=3.426
  derivmatch lr=0.0003 iter=1600/1600 loss=3.426
derivative matching [25s]  fitloss=3.43
  [derivative matching]  nrmse=12.36  l2=0.8766
  shooting iter=50/1000 loss=1.217
  shooting iter=100/1000 loss=0.7696
  shooting iter=150/1000 loss=0.5093
  shooting iter=200/1000 loss=0.3128
  shooting iter=250/1000 loss=0.2837
  shooting iter=300/1000 loss=0.2691
  shooting iter=350/1000 loss=0.2563
  shooting iter=400/1000 loss=0.2423
  shooting iter=450/1000 loss=0.2333
  shooting iter=500/1000 loss=0.2191
  shooting iter=550/1000 loss=0.2053
  shooting iter=600/1000 loss=0.1988
  shooting iter=650/1000 loss=0.1793
  shooting iter=700/1000 loss=0.1576
  shooting iter=750/1000 loss=0.1468
  shooting iter=800/1000 loss=0.1503
  shooting iter=850/1000 loss=0.1475
  shooting iter=900/1000 loss=0.1404
  shooting iter=950/1000 loss=0.1362
  shooting iter=1000/1000 loss=0.1467
  shooting iter=1000/1000 loss=0.1327
shooting [460s]  loss=0.133
  [final]  nrmse=0.2318  l2=1.164
extrapolation window: T=1000.0 -> T_test=1.0e12  n_test=100
  [train]  E_traj=0.195  E_VF=360.7  E_spec=23.76
  [test ]  E_traj=2.972e23  E_VF=8.721e6  E_spec=1.0
saved /orcd/home/002/txenakis/projects/BVPsolver/src/../data/runs/run_VR1aAT6V/rober_fit.png
saved /orcd/home/002/txenakis/projects/BVPsolver/src/../data/runs/run_VR1aAT6V/rober_fit_extrapolated.png
saved /orcd/home/002/txenakis/projects/BVPsolver/src/../data/runs/run_VR1aAT6V/rober_spectral_fit_extrapolated.png
saved /orcd/home/002/txenakis/projects/BVPsolver/src/../data/runs/run_VR1aAT6V/rober_vf_fit_extrapolated.png
┌ Warning: Attempting to store StiffNN.var"#12#13"{Float64, Float64, Float64}.
│ JLD2 only stores functions by name.
│  This may not be useful for anonymous functions.
└ @ JLD2 ~/.julia/packages/JLD2/ADycq/src/data/writing_datatypes.jl:447
saved run → /orcd/home/002/txenakis/projects/BVPsolver/src/../data/runs/run_VR1aAT6V
--------------------------------------
Done: Mon Sep  7 19:17:32 EDT 2026
