Task 1640/1800: --problem davis-skodje --model mlp --profile fast --seed 140 --pretraining derivmatch --training shooting
Logging to /home/txenakis/projects/BVPsolver/logs/run_main_23640313_1640.log
davis-skodje  model=mlp width=14 d=2 tlen=300 profile=fast seed=140  solver=Rodas5P  N=282
  derivmatch lr=0.01 iter=170/3400 loss=3.024
  derivmatch lr=0.01 iter=340/3400 loss=5.383
  derivmatch lr=0.01 iter=510/3400 loss=2.917
  derivmatch lr=0.01 iter=680/3400 loss=1.765
  derivmatch lr=0.01 iter=850/3400 loss=2.076
  derivmatch lr=0.01 iter=1020/3400 loss=2.228
  derivmatch lr=0.01 iter=1190/3400 loss=1.38
  derivmatch lr=0.01 iter=1360/3400 loss=1.531
  derivmatch lr=0.01 iter=1530/3400 loss=0.985
  derivmatch lr=0.01 iter=1700/3400 loss=1.459
  derivmatch lr=0.01 iter=1870/3400 loss=1.524
  derivmatch lr=0.01 iter=2040/3400 loss=1.488
  derivmatch lr=0.01 iter=2210/3400 loss=1.062
  derivmatch lr=0.01 iter=2380/3400 loss=2.139
  derivmatch lr=0.01 iter=2550/3400 loss=1.157
  derivmatch lr=0.01 iter=2720/3400 loss=0.8182
  derivmatch lr=0.01 iter=2890/3400 loss=1.198
  derivmatch lr=0.01 iter=3060/3400 loss=1.01
  derivmatch lr=0.01 iter=3230/3400 loss=0.801
  derivmatch lr=0.01 iter=3400/3400 loss=1.254
  derivmatch lr=0.01 iter=3400/3400 loss=0.3674
  derivmatch lr=0.003 iter=125/2500 loss=0.3345
  derivmatch lr=0.003 iter=250/2500 loss=0.3311
  derivmatch lr=0.003 iter=375/2500 loss=0.3221
  derivmatch lr=0.003 iter=500/2500 loss=0.3066
  derivmatch lr=0.003 iter=625/2500 loss=0.2954
  derivmatch lr=0.003 iter=750/2500 loss=0.2819
  derivmatch lr=0.003 iter=875/2500 loss=0.2748
  derivmatch lr=0.003 iter=1000/2500 loss=0.2595
  derivmatch lr=0.003 iter=1125/2500 loss=0.2534
  derivmatch lr=0.003 iter=1250/2500 loss=0.2402
  derivmatch lr=0.003 iter=1375/2500 loss=0.2389
  derivmatch lr=0.003 iter=1500/2500 loss=0.2249
  derivmatch lr=0.003 iter=1625/2500 loss=0.222
  derivmatch lr=0.003 iter=1750/2500 loss=0.2133
  derivmatch lr=0.003 iter=1875/2500 loss=0.2095
  derivmatch lr=0.003 iter=2000/2500 loss=0.2043
  derivmatch lr=0.003 iter=2125/2500 loss=0.2004
  derivmatch lr=0.003 iter=2250/2500 loss=0.192
  derivmatch lr=0.003 iter=2375/2500 loss=0.1923
  derivmatch lr=0.003 iter=2500/2500 loss=0.185
  derivmatch lr=0.003 iter=2500/2500 loss=0.1839
  derivmatch lr=0.001 iter=125/2500 loss=0.1757
  derivmatch lr=0.001 iter=250/2500 loss=0.1744
  derivmatch lr=0.001 iter=375/2500 loss=0.1728
  derivmatch lr=0.001 iter=500/2500 loss=0.1721
  derivmatch lr=0.001 iter=625/2500 loss=0.1703
  derivmatch lr=0.001 iter=750/2500 loss=0.1682
  derivmatch lr=0.001 iter=875/2500 loss=0.1657
  derivmatch lr=0.001 iter=1000/2500 loss=0.1634
  derivmatch lr=0.001 iter=1125/2500 loss=0.1607
  derivmatch lr=0.001 iter=1250/2500 loss=0.1582
  derivmatch lr=0.001 iter=1375/2500 loss=0.1563
  derivmatch lr=0.001 iter=1500/2500 loss=0.1532
  derivmatch lr=0.001 iter=1625/2500 loss=0.151
  derivmatch lr=0.001 iter=1750/2500 loss=0.1479
  derivmatch lr=0.001 iter=1875/2500 loss=0.1463
  derivmatch lr=0.001 iter=2000/2500 loss=0.1441
  derivmatch lr=0.001 iter=2125/2500 loss=0.1426
  derivmatch lr=0.001 iter=2250/2500 loss=0.1405
  derivmatch lr=0.001 iter=2375/2500 loss=0.1389
  derivmatch lr=0.001 iter=2500/2500 loss=0.1366
  derivmatch lr=0.001 iter=2500/2500 loss=0.1363
  derivmatch lr=0.0003 iter=80/1600 loss=0.135
  derivmatch lr=0.0003 iter=160/1600 loss=0.1347
  derivmatch lr=0.0003 iter=240/1600 loss=0.1343
  derivmatch lr=0.0003 iter=320/1600 loss=0.1338
  derivmatch lr=0.0003 iter=400/1600 loss=0.1333
  derivmatch lr=0.0003 iter=480/1600 loss=0.1328
  derivmatch lr=0.0003 iter=560/1600 loss=0.1322
  derivmatch lr=0.0003 iter=640/1600 loss=0.1315
  derivmatch lr=0.0003 iter=720/1600 loss=0.1309
  derivmatch lr=0.0003 iter=800/1600 loss=0.1302
  derivmatch lr=0.0003 iter=880/1600 loss=0.1295
  derivmatch lr=0.0003 iter=960/1600 loss=0.1287
  derivmatch lr=0.0003 iter=1040/1600 loss=0.1279
  derivmatch lr=0.0003 iter=1120/1600 loss=0.1273
  derivmatch lr=0.0003 iter=1200/1600 loss=0.1265
  derivmatch lr=0.0003 iter=1280/1600 loss=0.1266
  derivmatch lr=0.0003 iter=1360/1600 loss=0.1248
  derivmatch lr=0.0003 iter=1440/1600 loss=0.124
  derivmatch lr=0.0003 iter=1520/1600 loss=0.1233
  derivmatch lr=0.0003 iter=1600/1600 loss=0.1224
  derivmatch lr=0.0003 iter=1600/1600 loss=0.1224
derivative matching [27s]  fitloss=0.122
  [derivative matching]  nrmse=0.04858  l2=2.38
  shooting iter=50/1000 loss=0.01739
  shooting iter=100/1000 loss=0.01574
  shooting iter=150/1000 loss=0.01509
  shooting iter=200/1000 loss=0.01341
  shooting iter=250/1000 loss=0.01258
  shooting iter=300/1000 loss=0.01183
  shooting iter=350/1000 loss=0.01058
  shooting iter=400/1000 loss=0.0103
  shooting iter=450/1000 loss=0.009513
  shooting iter=500/1000 loss=0.008719
  shooting iter=550/1000 loss=0.009428
  shooting iter=600/1000 loss=0.008178
  shooting iter=650/1000 loss=0.007177
  shooting iter=700/1000 loss=0.006918
  shooting iter=750/1000 loss=0.006969
  shooting iter=800/1000 loss=0.006317
  shooting iter=850/1000 loss=0.005665
  shooting iter=900/1000 loss=0.005608
  shooting iter=950/1000 loss=0.005121
  shooting iter=1000/1000 loss=0.004826
  shooting iter=1000/1000 loss=0.004817
shooting [667s]  loss=0.00482
  [final]  nrmse=0.01234  l2=0.6039
extrapolation window: T=15.0 -> T_test=30.0  n_test=600
  [train]  E_traj=0.0004574  E_VF=0.03929  E_spec=0.8628
  [test ]  E_traj=1.819e9  E_VF=8.341e12  E_spec=2.034
saved /orcd/home/002/txenakis/projects/BVPsolver/src/../data/runs/run_uFSEBjTy/davis-skodje_fit.png
saved /orcd/home/002/txenakis/projects/BVPsolver/src/../data/runs/run_uFSEBjTy/davis-skodje_fit_extrapolated.png
saved /orcd/home/002/txenakis/projects/BVPsolver/src/../data/runs/run_uFSEBjTy/davis-skodje_spectral_fit_extrapolated.png
saved /orcd/home/002/txenakis/projects/BVPsolver/src/../data/runs/run_uFSEBjTy/davis-skodje_vf_fit_extrapolated.png
┌ Warning: Attempting to store StiffNN.var"#22#23"{Float64}.
│ JLD2 only stores functions by name.
│  This may not be useful for anonymous functions.
└ @ JLD2 ~/.julia/packages/JLD2/ADycq/src/data/writing_datatypes.jl:447
saved run → /orcd/home/002/txenakis/projects/BVPsolver/src/../data/runs/run_uFSEBjTy
--------------------------------------
Done: Thu Sep 24 06:38:17 EDT 2026
