Task 997/1800: --problem hires --model stiff --profile fast --seed 147 --pretraining derivmatch --training collocation
Logging to /home/txenakis/projects/BVPsolver/logs/run_main_23553922_997.log
hires  model=stiff width=16 d=8 tlen=50 profile=fast seed=147  solver=Rodas5  N=816
  derivmatch lr=0.01 iter=170/3400 loss=0.0872
  derivmatch lr=0.01 iter=340/3400 loss=0.02952
  derivmatch lr=0.01 iter=510/3400 loss=0.02142
  derivmatch lr=0.01 iter=680/3400 loss=0.01226
  derivmatch lr=0.01 iter=850/3400 loss=0.008704
  derivmatch lr=0.01 iter=1020/3400 loss=0.006876
  derivmatch lr=0.01 iter=1190/3400 loss=0.005748
  derivmatch lr=0.01 iter=1360/3400 loss=0.004953
  derivmatch lr=0.01 iter=1530/3400 loss=0.004546
  derivmatch lr=0.01 iter=1700/3400 loss=0.004016
  derivmatch lr=0.01 iter=1870/3400 loss=0.003943
  derivmatch lr=0.01 iter=2040/3400 loss=0.003871
  derivmatch lr=0.01 iter=2210/3400 loss=0.004115
  derivmatch lr=0.01 iter=2380/3400 loss=0.002832
  derivmatch lr=0.01 iter=2550/3400 loss=0.002548
  derivmatch lr=0.01 iter=2720/3400 loss=0.002353
  derivmatch lr=0.01 iter=2890/3400 loss=0.002099
  derivmatch lr=0.01 iter=3060/3400 loss=0.001903
  derivmatch lr=0.01 iter=3230/3400 loss=0.001902
  derivmatch lr=0.01 iter=3400/3400 loss=0.001379
  derivmatch lr=0.01 iter=3400/3400 loss=0.001284
  derivmatch lr=0.003 iter=125/2500 loss=0.00125
  derivmatch lr=0.003 iter=250/2500 loss=0.001146
  derivmatch lr=0.003 iter=375/2500 loss=0.001048
  derivmatch lr=0.003 iter=500/2500 loss=0.0009516
  derivmatch lr=0.003 iter=625/2500 loss=0.0008604
  derivmatch lr=0.003 iter=750/2500 loss=0.000779
  derivmatch lr=0.003 iter=875/2500 loss=0.0007082
  derivmatch lr=0.003 iter=1000/2500 loss=0.0006477
  derivmatch lr=0.003 iter=1125/2500 loss=0.0005957
  derivmatch lr=0.003 iter=1250/2500 loss=0.0005512
  derivmatch lr=0.003 iter=1375/2500 loss=0.0005121
  derivmatch lr=0.003 iter=1500/2500 loss=0.0004779
  derivmatch lr=0.003 iter=1625/2500 loss=0.0008047
  derivmatch lr=0.003 iter=1750/2500 loss=0.0004272
  derivmatch lr=0.003 iter=1875/2500 loss=0.0004182
  derivmatch lr=0.003 iter=2000/2500 loss=0.0003835
  derivmatch lr=0.003 iter=2125/2500 loss=0.0003649
  derivmatch lr=0.003 iter=2250/2500 loss=0.0003486
  derivmatch lr=0.003 iter=2375/2500 loss=0.000501
  derivmatch lr=0.003 iter=2500/2500 loss=0.0005311
  derivmatch lr=0.003 iter=2500/2500 loss=0.0003266
  derivmatch lr=0.001 iter=125/2500 loss=0.0003189
  derivmatch lr=0.001 iter=250/2500 loss=0.0003137
  derivmatch lr=0.001 iter=375/2500 loss=0.0003074
  derivmatch lr=0.001 iter=500/2500 loss=0.0003015
  derivmatch lr=0.001 iter=625/2500 loss=0.0002942
  derivmatch lr=0.001 iter=750/2500 loss=0.000287
  derivmatch lr=0.001 iter=875/2500 loss=0.0003778
  derivmatch lr=0.001 iter=1000/2500 loss=0.0002728
  derivmatch lr=0.001 iter=1125/2500 loss=0.0002655
  derivmatch lr=0.001 iter=1250/2500 loss=0.0002623
  derivmatch lr=0.001 iter=1375/2500 loss=0.0002514
  derivmatch lr=0.001 iter=1500/2500 loss=0.0002443
  derivmatch lr=0.001 iter=1625/2500 loss=0.0002377
  derivmatch lr=0.001 iter=1750/2500 loss=0.0002309
  derivmatch lr=0.001 iter=1875/2500 loss=0.0002423
  derivmatch lr=0.001 iter=2000/2500 loss=0.0002181
  derivmatch lr=0.001 iter=2125/2500 loss=0.0002117
  derivmatch lr=0.001 iter=2250/2500 loss=0.0002059
  derivmatch lr=0.001 iter=2375/2500 loss=0.0002
  derivmatch lr=0.001 iter=2500/2500 loss=0.000195
  derivmatch lr=0.001 iter=2500/2500 loss=0.000195
  derivmatch lr=0.0003 iter=80/1600 loss=0.0001944
  derivmatch lr=0.0003 iter=160/1600 loss=0.0001934
  derivmatch lr=0.0003 iter=240/1600 loss=0.0001925
  derivmatch lr=0.0003 iter=320/1600 loss=0.0001914
  derivmatch lr=0.0003 iter=400/1600 loss=0.0001903
  derivmatch lr=0.0003 iter=480/1600 loss=0.0001889
  derivmatch lr=0.0003 iter=560/1600 loss=0.0001875
  derivmatch lr=0.0003 iter=640/1600 loss=0.000186
  derivmatch lr=0.0003 iter=720/1600 loss=0.0001843
  derivmatch lr=0.0003 iter=800/1600 loss=0.0001826
  derivmatch lr=0.0003 iter=880/1600 loss=0.0001807
  derivmatch lr=0.0003 iter=960/1600 loss=0.0001788
  derivmatch lr=0.0003 iter=1040/1600 loss=0.0001768
  derivmatch lr=0.0003 iter=1120/1600 loss=0.0001747
  derivmatch lr=0.0003 iter=1200/1600 loss=0.0001725
  derivmatch lr=0.0003 iter=1280/1600 loss=0.0001702
  derivmatch lr=0.0003 iter=1360/1600 loss=0.0001679
  derivmatch lr=0.0003 iter=1440/1600 loss=0.0001655
  derivmatch lr=0.0003 iter=1520/1600 loss=0.0001631
  derivmatch lr=0.0003 iter=1600/1600 loss=0.0001614
  derivmatch lr=0.0003 iter=1600/1600 loss=0.000161
derivative matching [27s]  fitloss=0.000161
  [derivative matching]  nrmse=0.1626  l2=1.381
  collocation: M=75 residuals=2176  detecting sparsity + solving...

Algorithm: LevenbergMarquardt(
    trustregion = LevenbergMarquardtTrustRegion(
        β_uphill = 0.0
    ),
    descent = GeodesicAcceleration(
        descent = DampedNewtonDescent(
            linsolve = QRFactorization(
                pivot = NoPivot(),
                blocksize = 16,
                inplace = true
            ),
            initial_damping = 1.0,
            damping_fn = LevenbergMarquardtDampingFunction(
                increase_factor = 2.0,
                decrease_factor = 3.0,
                min_damping = 1.0e-8
            ),
            min_norm_mode = :auto
        ),
        finite_diff_step_geodesic = 0.1,
        α = 0.75
    ),
    autodiff = AutoForwardDiff(),
    vjp_autodiff = AutoFiniteDiff(
        fdtype = Val{:forward}(),
        fdjtype = Val{:forward}(),
        fdhtype = Val{:hcentral}(),
        dir = true
    ),
    jvp_autodiff = AutoForwardDiff(),
    concrete_jac = Val{true}()
)

----    	-------------       	-----------         
Iter    	f(u) 2-norm         	Step 2-norm         
----    	-------------       	-----------         
0       	3.02645197e+02      	NaN                 
1       	2.19090657e+02      	5.79424444e-02      
8       	1.04687002e+02      	9.41585694e-02      
15      	5.68420651e+00      	6.21185018e-01      
22      	3.78768705e+00      	7.49308466e-01      
29      	1.39276291e+00      	0.00000000e+00      
36      	7.90398213e+00      	9.23937219e-01      
43      	3.28353218e+00      	0.00000000e+00      
50      	5.14808534e+00      	9.80510501e-01      
57      	5.67673602e+00      	0.00000000e+00      
64      	8.86104088e-01      	0.00000000e+00      
71      	1.93062890e+00      	6.01156042e-01      
78      	2.39791569e+00      	0.00000000e+00      
85      	3.52527925e+00      	0.00000000e+00      
92      	2.67264218e+00      	0.00000000e+00      
99      	1.74217173e+01      	5.79421289e-01      
106     	2.36061532e-01      	2.45135213e-01      
113     	1.29455792e+00      	0.00000000e+00      
120     	3.15521271e+00      	5.56523533e-01      
127     	5.72483805e-01      	0.00000000e+00      
134     	1.75426843e-01      	2.12491484e-01      
141     	3.55932189e-01      	3.11123728e-01      
148     	3.52580870e-01      	3.69041193e-01      
Final   	1.06461592e-02      
----------------------      
  AMR 1/1: M=75  err=6.95e-5  obs=3.19e-6  nrmse=0.0538  best=0.0538  refined=0
collocation [145s]
  [final]  nrmse=0.05376  l2=0.1779
extrapolation window: T=321.8122 -> T_test=643.624  n_test=100
  [train]  E_traj=0.01566  E_VF=6.459e-5  E_spec=4.067e18
  [test ]  E_traj=200400.0  E_VF=3.924e7  E_spec=1.182e30
saved /orcd/home/002/txenakis/projects/BVPsolver/src/../data/runs/run_zk2aEEhY/hires_fit.png
saved /orcd/home/002/txenakis/projects/BVPsolver/src/../data/runs/run_zk2aEEhY/hires_fit_extrapolated.png
saved /orcd/home/002/txenakis/projects/BVPsolver/src/../data/runs/run_zk2aEEhY/hires_spectral_fit_extrapolated.png
saved /orcd/home/002/txenakis/projects/BVPsolver/src/../data/runs/run_zk2aEEhY/hires_vf_fit_extrapolated.png
┌ Warning: Attempting to store StiffNN.var"#18#19"{Type{Float64}}.
│ JLD2 only stores functions by name.
│  This may not be useful for anonymous functions.
└ @ JLD2 ~/.julia/packages/JLD2/ADycq/src/data/writing_datatypes.jl:447
saved run → /orcd/home/002/txenakis/projects/BVPsolver/src/../data/runs/run_zk2aEEhY
--------------------------------------
Done: Wed Sep 23 15:42:12 EDT 2026
