Task 126/360: --problem vanderpol --model stiff --profile fast --seed 26 --pretraining derivmatch --training shooting
Logging to /home/txenakis/projects/BVPsolver/logs/run_main_22227913_126.log
vanderpol  model=stiff width=12 d=2 tlen=151 profile=fast seed=26  solver=Kvaerno5  N=268
  derivmatch lr=0.01 iter=170/3400 loss=3.819
  derivmatch lr=0.01 iter=340/3400 loss=3.196
  derivmatch lr=0.01 iter=510/3400 loss=3.664
  derivmatch lr=0.01 iter=680/3400 loss=4.534
  derivmatch lr=0.01 iter=850/3400 loss=1.843
  derivmatch lr=0.01 iter=1020/3400 loss=1.871
  derivmatch lr=0.01 iter=1190/3400 loss=1.62
  derivmatch lr=0.01 iter=1360/3400 loss=2.634
  derivmatch lr=0.01 iter=1530/3400 loss=3.851
  derivmatch lr=0.01 iter=1700/3400 loss=1.065
  derivmatch lr=0.01 iter=1870/3400 loss=1.309
  derivmatch lr=0.01 iter=2040/3400 loss=3.552
  derivmatch lr=0.01 iter=2210/3400 loss=0.57
  derivmatch lr=0.01 iter=2380/3400 loss=0.1994
  derivmatch lr=0.01 iter=2550/3400 loss=0.9029
  derivmatch lr=0.01 iter=2720/3400 loss=0.9951
  derivmatch lr=0.01 iter=2890/3400 loss=1.069
  derivmatch lr=0.01 iter=3060/3400 loss=1.669
  derivmatch lr=0.01 iter=3230/3400 loss=2.34
  derivmatch lr=0.01 iter=3400/3400 loss=0.6711
  derivmatch lr=0.01 iter=3400/3400 loss=0.1046
  derivmatch lr=0.003 iter=125/2500 loss=0.0425
  derivmatch lr=0.003 iter=250/2500 loss=0.04394
  derivmatch lr=0.003 iter=375/2500 loss=0.03566
  derivmatch lr=0.003 iter=500/2500 loss=0.0322
  derivmatch lr=0.003 iter=625/2500 loss=0.02684
  derivmatch lr=0.003 iter=750/2500 loss=0.02732
  derivmatch lr=0.003 iter=875/2500 loss=0.02834
  derivmatch lr=0.003 iter=1000/2500 loss=0.02631
  derivmatch lr=0.003 iter=1125/2500 loss=0.02409
  derivmatch lr=0.003 iter=1250/2500 loss=0.02596
  derivmatch lr=0.003 iter=1375/2500 loss=0.02252
  derivmatch lr=0.003 iter=1500/2500 loss=0.02924
  derivmatch lr=0.003 iter=1625/2500 loss=0.02293
  derivmatch lr=0.003 iter=1750/2500 loss=0.02316
  derivmatch lr=0.003 iter=1875/2500 loss=0.02204
  derivmatch lr=0.003 iter=2000/2500 loss=0.02293
  derivmatch lr=0.003 iter=2125/2500 loss=0.02664
  derivmatch lr=0.003 iter=2250/2500 loss=0.02263
  derivmatch lr=0.003 iter=2375/2500 loss=0.02144
  derivmatch lr=0.003 iter=2500/2500 loss=0.03071
  derivmatch lr=0.003 iter=2500/2500 loss=0.02058
  derivmatch lr=0.001 iter=125/2500 loss=0.001164
  derivmatch lr=0.001 iter=250/2500 loss=0.001095
  derivmatch lr=0.001 iter=375/2500 loss=0.001453
  derivmatch lr=0.001 iter=500/2500 loss=0.001029
  derivmatch lr=0.001 iter=625/2500 loss=0.0009652
  derivmatch lr=0.001 iter=750/2500 loss=0.001837
  derivmatch lr=0.001 iter=875/2500 loss=0.009694
  derivmatch lr=0.001 iter=1000/2500 loss=0.001105
  derivmatch lr=0.001 iter=1125/2500 loss=0.003217
  derivmatch lr=0.001 iter=1250/2500 loss=0.003343
  derivmatch lr=0.001 iter=1375/2500 loss=0.003916
  derivmatch lr=0.001 iter=1500/2500 loss=0.002917
  derivmatch lr=0.001 iter=1625/2500 loss=0.003575
  derivmatch lr=0.001 iter=1750/2500 loss=0.003532
  derivmatch lr=0.001 iter=1875/2500 loss=0.003409
  derivmatch lr=0.001 iter=2000/2500 loss=0.003168
  derivmatch lr=0.001 iter=2125/2500 loss=0.003216
  derivmatch lr=0.001 iter=2250/2500 loss=0.003212
  derivmatch lr=0.001 iter=2375/2500 loss=0.003465
  derivmatch lr=0.001 iter=2500/2500 loss=0.003364
  derivmatch lr=0.001 iter=2500/2500 loss=0.0008368
  derivmatch lr=0.0003 iter=80/1600 loss=0.0008143
  derivmatch lr=0.0003 iter=160/1600 loss=0.0008014
  derivmatch lr=0.0003 iter=240/1600 loss=0.0007874
  derivmatch lr=0.0003 iter=320/1600 loss=0.0007723
  derivmatch lr=0.0003 iter=400/1600 loss=0.0008253
  derivmatch lr=0.0003 iter=480/1600 loss=0.0007463
  derivmatch lr=0.0003 iter=560/1600 loss=0.0007335
  derivmatch lr=0.0003 iter=640/1600 loss=0.0007795
  derivmatch lr=0.0003 iter=720/1600 loss=0.0007095
  derivmatch lr=0.0003 iter=800/1600 loss=0.0006979
  derivmatch lr=0.0003 iter=880/1600 loss=0.0006867
  derivmatch lr=0.0003 iter=960/1600 loss=0.0006758
  derivmatch lr=0.0003 iter=1040/1600 loss=0.000694
  derivmatch lr=0.0003 iter=1120/1600 loss=0.0006556
  derivmatch lr=0.0003 iter=1200/1600 loss=0.0006563
  derivmatch lr=0.0003 iter=1280/1600 loss=0.001681
  derivmatch lr=0.0003 iter=1360/1600 loss=0.0006262
  derivmatch lr=0.0003 iter=1440/1600 loss=0.00065
  derivmatch lr=0.0003 iter=1520/1600 loss=0.0006084
  derivmatch lr=0.0003 iter=1600/1600 loss=0.0006268
  derivmatch lr=0.0003 iter=1600/1600 loss=0.0006023
derivative matching [39s]  fitloss=0.000602
  [derivative matching]  nrmse=0.3738  l2=325.4
  shooting iter=50/1000 loss=3.412
  shooting iter=100/1000 loss=3.445
  shooting iter=150/1000 loss=3.446
  shooting iter=200/1000 loss=3.446
  shooting iter=250/1000 loss=3.446
  shooting iter=300/1000 loss=3.446
  shooting iter=350/1000 loss=3.446
  shooting iter=400/1000 loss=3.446
  shooting iter=450/1000 loss=3.446
  shooting iter=500/1000 loss=3.446
  shooting iter=550/1000 loss=3.446
  shooting iter=600/1000 loss=3.446
  shooting iter=650/1000 loss=3.446
  shooting iter=700/1000 loss=3.446
  shooting iter=750/1000 loss=3.446
  shooting iter=800/1000 loss=3.446
  shooting iter=850/1000 loss=3.446
  shooting iter=900/1000 loss=3.446
  shooting iter=950/1000 loss=3.446
  shooting iter=1000/1000 loss=3.446
  shooting iter=1000/1000 loss=0.1953
shooting [250s]  loss=0.195
  [final]  nrmse=0.3738  l2=325.4
extrapolation window: T=200.0 -> T_test=400.0  n_test=302
  [train]  E_traj=1.339  E_VF=0.01575  E_spec=0.2979
  [test ]  E_traj=1.196  E_VF=1.442  E_spec=0.1203
saved /orcd/home/002/txenakis/projects/BVPsolver/src/../data/runs/run_BU5YrDjI/vanderpol_fit.png
saved /orcd/home/002/txenakis/projects/BVPsolver/src/../data/runs/run_BU5YrDjI/vanderpol_fit_extrapolated.png
saved /orcd/home/002/txenakis/projects/BVPsolver/src/../data/runs/run_BU5YrDjI/vanderpol_spectral_fit_extrapolated.png
saved /orcd/home/002/txenakis/projects/BVPsolver/src/../data/runs/run_BU5YrDjI/vanderpol_vf_fit_extrapolated.png
┌ Warning: Attempting to store StiffNN.var"#14#15"{Float64}.
│ JLD2 only stores functions by name.
│  This may not be useful for anonymous functions.
└ @ JLD2 ~/.julia/packages/JLD2/ADycq/src/data/writing_datatypes.jl:447
saved run → /orcd/home/002/txenakis/projects/BVPsolver/src/../data/runs/run_BU5YrDjI
--------------------------------------
Done: Mon Sep  7 19:31:17 EDT 2026
