Task 882/1800: --problem vanderpol --model GELU-scaled --profile fast --seed 132 --pretraining derivmatch --training collocation
Logging to /home/txenakis/projects/BVPsolver/logs/run_main_23553922_882.log
vanderpol  model=GELU-scaled width=7 d=2 tlen=151 profile=fast seed=132  solver=Kvaerno5  N=317
  derivmatch lr=0.01 iter=170/3400 loss=2.518
  derivmatch lr=0.01 iter=340/3400 loss=1.448
  derivmatch lr=0.01 iter=510/3400 loss=0.9986
  derivmatch lr=0.01 iter=680/3400 loss=0.8008
  derivmatch lr=0.01 iter=850/3400 loss=0.4819
  derivmatch lr=0.01 iter=1020/3400 loss=0.3727
  derivmatch lr=0.01 iter=1190/3400 loss=0.2845
  derivmatch lr=0.01 iter=1360/3400 loss=0.2254
  derivmatch lr=0.01 iter=1530/3400 loss=0.1956
  derivmatch lr=0.01 iter=1700/3400 loss=2.832
  derivmatch lr=0.01 iter=1870/3400 loss=1.328
  derivmatch lr=0.01 iter=2040/3400 loss=1.229
  derivmatch lr=0.01 iter=2210/3400 loss=1.322
  derivmatch lr=0.01 iter=2380/3400 loss=1.223
  derivmatch lr=0.01 iter=2550/3400 loss=1.107
  derivmatch lr=0.01 iter=2720/3400 loss=1.92
  derivmatch lr=0.01 iter=2890/3400 loss=0.3337
  derivmatch lr=0.01 iter=3060/3400 loss=0.1974
  derivmatch lr=0.01 iter=3230/3400 loss=0.1832
  derivmatch lr=0.01 iter=3400/3400 loss=0.1326
  derivmatch lr=0.01 iter=3400/3400 loss=0.1322
  derivmatch lr=0.003 iter=125/2500 loss=0.09445
  derivmatch lr=0.003 iter=250/2500 loss=0.08144
  derivmatch lr=0.003 iter=375/2500 loss=0.06854
  derivmatch lr=0.003 iter=500/2500 loss=0.05699
  derivmatch lr=0.003 iter=625/2500 loss=0.04758
  derivmatch lr=0.003 iter=750/2500 loss=0.05063
  derivmatch lr=0.003 iter=875/2500 loss=0.04124
  derivmatch lr=0.003 iter=1000/2500 loss=0.03201
  derivmatch lr=0.003 iter=1125/2500 loss=0.02755
  derivmatch lr=0.003 iter=1250/2500 loss=0.02499
  derivmatch lr=0.003 iter=1375/2500 loss=0.02052
  derivmatch lr=0.003 iter=1500/2500 loss=0.01987
  derivmatch lr=0.003 iter=1625/2500 loss=0.02007
  derivmatch lr=0.003 iter=1750/2500 loss=0.01919
  derivmatch lr=0.003 iter=1875/2500 loss=0.04034
  derivmatch lr=0.003 iter=2000/2500 loss=0.01799
  derivmatch lr=0.003 iter=2125/2500 loss=0.01477
  derivmatch lr=0.003 iter=2250/2500 loss=0.0136
  derivmatch lr=0.003 iter=2375/2500 loss=0.01301
  derivmatch lr=0.003 iter=2500/2500 loss=0.01523
  derivmatch lr=0.003 iter=2500/2500 loss=0.01215
  derivmatch lr=0.001 iter=125/2500 loss=0.01183
  derivmatch lr=0.001 iter=250/2500 loss=0.0114
  derivmatch lr=0.001 iter=375/2500 loss=0.01093
  derivmatch lr=0.001 iter=500/2500 loss=0.01045
  derivmatch lr=0.001 iter=625/2500 loss=0.009971
  derivmatch lr=0.001 iter=750/2500 loss=0.009503
  derivmatch lr=0.001 iter=875/2500 loss=0.009058
  derivmatch lr=0.001 iter=1000/2500 loss=0.01008
  derivmatch lr=0.001 iter=1125/2500 loss=0.008298
  derivmatch lr=0.001 iter=1250/2500 loss=0.00798
  derivmatch lr=0.001 iter=1375/2500 loss=0.007962
  derivmatch lr=0.001 iter=1500/2500 loss=0.007433
  derivmatch lr=0.001 iter=1625/2500 loss=0.008084
  derivmatch lr=0.001 iter=1750/2500 loss=0.007592
  derivmatch lr=0.001 iter=1875/2500 loss=0.007552
  derivmatch lr=0.001 iter=2000/2500 loss=0.00661
  derivmatch lr=0.001 iter=2125/2500 loss=0.006653
  derivmatch lr=0.001 iter=2250/2500 loss=0.006282
  derivmatch lr=0.001 iter=2375/2500 loss=0.006553
  derivmatch lr=0.001 iter=2500/2500 loss=0.006053
  derivmatch lr=0.001 iter=2500/2500 loss=0.005914
  derivmatch lr=0.0003 iter=80/1600 loss=0.005893
  derivmatch lr=0.0003 iter=160/1600 loss=0.005873
  derivmatch lr=0.0003 iter=240/1600 loss=0.005851
  derivmatch lr=0.0003 iter=320/1600 loss=0.005826
  derivmatch lr=0.0003 iter=400/1600 loss=0.005799
  derivmatch lr=0.0003 iter=480/1600 loss=0.005771
  derivmatch lr=0.0003 iter=560/1600 loss=0.005741
  derivmatch lr=0.0003 iter=640/1600 loss=0.005711
  derivmatch lr=0.0003 iter=720/1600 loss=0.00568
  derivmatch lr=0.0003 iter=800/1600 loss=0.005649
  derivmatch lr=0.0003 iter=880/1600 loss=0.005613
  derivmatch lr=0.0003 iter=960/1600 loss=0.005538
  derivmatch lr=0.0003 iter=1040/1600 loss=0.005481
  derivmatch lr=0.0003 iter=1120/1600 loss=0.005441
  derivmatch lr=0.0003 iter=1200/1600 loss=0.005405
  derivmatch lr=0.0003 iter=1280/1600 loss=0.005372
  derivmatch lr=0.0003 iter=1360/1600 loss=0.005343
  derivmatch lr=0.0003 iter=1440/1600 loss=0.005315
  derivmatch lr=0.0003 iter=1520/1600 loss=0.005288
  derivmatch lr=0.0003 iter=1600/1600 loss=0.005272
  derivmatch lr=0.0003 iter=1600/1600 loss=0.005264
derivative matching [27s]  fitloss=0.00526
  [derivative matching]  nrmse=0.3781  l2=325.5
  collocation: M=163 residuals=1274  detecting sparsity + solving...

Algorithm: LevenbergMarquardt(
    trustregion = LevenbergMarquardtTrustRegion(
        β_uphill = 0.0
    ),
    descent = GeodesicAcceleration(
        descent = DampedNewtonDescent(
            linsolve = KLUFactorization(
                reuse_symbolic = true,
                check_pattern = true
            ),
            initial_damping = 1.0,
            damping_fn = LevenbergMarquardtDampingFunction(
                increase_factor = 2.0,
                decrease_factor = 3.0,
                min_damping = 1.0e-8
            ),
            min_norm_mode = :auto
        ),
        finite_diff_step_geodesic = 0.1,
        α = 0.75
    ),
    autodiff = AutoForwardDiff(),
    vjp_autodiff = AutoFiniteDiff(
        fdtype = Val{:forward}(),
        fdjtype = Val{:forward}(),
        fdhtype = Val{:hcentral}(),
        dir = true
    ),
    jvp_autodiff = AutoForwardDiff(),
    concrete_jac = Val{true}()
)

----    	-------------       	-----------         
Iter    	f(u) 2-norm         	Step 2-norm         
----    	-------------       	-----------         
0       	2.61694794e+02      	NaN                 
1       	2.61694794e+02      	0.00000000e+00      
8       	1.06588962e+03      	8.51351270e-02      
15      	1.28860665e+03      	0.00000000e+00      
22      	1.21278276e+03      	0.00000000e+00      
29      	8.97672360e+02      	1.41718292e-02      
36      	6.93122361e+02      	0.00000000e+00      
43      	6.38133883e+02      	2.03138796e-02      
50      	6.19738959e+02      	0.00000000e+00      
57      	6.11671231e+02      	0.00000000e+00      
64      	6.07891308e+02      	4.70338501e-03      
71      	5.94828502e+02      	5.26325823e-03      
78      	5.80931036e+02      	0.00000000e+00      
85      	5.74722702e+02      	0.00000000e+00      
92      	5.60492039e+02      	0.00000000e+00      
99      	5.49595109e+02      	4.36747742e-03      
106     	5.43675348e+02      	0.00000000e+00      
113     	5.41926397e+02      	0.00000000e+00      
120     	5.28469001e+02      	0.00000000e+00      
127     	5.19129359e+02      	0.00000000e+00      
134     	5.07888552e+02      	0.00000000e+00      
141     	5.03125369e+02      	0.00000000e+00      
148     	4.68282332e+02      	1.30184875e-02      
Final   	2.61694794e+02      
----------------------      
  AMR 1/1: M=163  err=5980.0  obs=0.0  nrmse=0.378  best=0.378  refined=0
 derivative matching was best (1/1 rounds ran)
collocation [41s]
  [final]  nrmse=0.3781  l2=325.5
extrapolation window: T=200.0 -> T_test=400.0  n_test=302
  [train]  E_traj=1.359  E_VF=0.02286  E_spec=0.207
  [test ]  E_traj=1.54  E_VF=23.1  E_spec=0.7975
saved /orcd/home/002/txenakis/projects/BVPsolver/src/../data/runs/run_kS2UZgEW/vanderpol_fit.png
saved /orcd/home/002/txenakis/projects/BVPsolver/src/../data/runs/run_kS2UZgEW/vanderpol_fit_extrapolated.png
saved /orcd/home/002/txenakis/projects/BVPsolver/src/../data/runs/run_kS2UZgEW/vanderpol_spectral_fit_extrapolated.png
saved /orcd/home/002/txenakis/projects/BVPsolver/src/../data/runs/run_kS2UZgEW/vanderpol_vf_fit_extrapolated.png
┌ Warning: Attempting to store StiffNN.var"#14#15"{Float64}.
│ JLD2 only stores functions by name.
│  This may not be useful for anonymous functions.
└ @ JLD2 ~/.julia/packages/JLD2/ADycq/src/data/writing_datatypes.jl:447
saved run → /orcd/home/002/txenakis/projects/BVPsolver/src/../data/runs/run_kS2UZgEW
--------------------------------------
Done: Wed Sep 23 13:10:21 EDT 2026
