Task 221/750: --problem rober --model stiff --profile fast --seed 221 --pretraining none --training collocation
Logging to /home/txenakis/projects/BVPsolver/logs/run_main_23648109_221.log
rober  model=stiff width=12 d=3 tlen=50 profile=fast seed=221  solver=Rodas5  N=318
  collocation: M=54 residuals=627  detecting sparsity + solving...

Algorithm: LevenbergMarquardt(
    trustregion = LevenbergMarquardtTrustRegion(
        β_uphill = 0.0
    ),
    descent = GeodesicAcceleration(
        descent = DampedNewtonDescent(
            linsolve = KLUFactorization(
                reuse_symbolic = true,
                check_pattern = true
            ),
            initial_damping = 1.0,
            damping_fn = LevenbergMarquardtDampingFunction(
                increase_factor = 2.0,
                decrease_factor = 3.0,
                min_damping = 1.0e-8
            ),
            min_norm_mode = :auto
        ),
        finite_diff_step_geodesic = 0.1,
        α = 0.75
    ),
    autodiff = AutoForwardDiff(),
    vjp_autodiff = AutoFiniteDiff(
        fdtype = Val{:forward}(),
        fdjtype = Val{:forward}(),
        fdhtype = Val{:hcentral}(),
        dir = true
    ),
    jvp_autodiff = AutoForwardDiff(),
    concrete_jac = Val{true}()
)

----    	-------------       	-----------         
Iter    	f(u) 2-norm         	Step 2-norm         
----    	-------------       	-----------         
0       	7.11525999e+05      	NaN                 
1       	1.34109937e+05      	4.07923785e-01      
8       	4.73161618e+03      	6.76846492e-01      
15      	5.34938773e+03      	0.00000000e+00      
22      	2.33819748e+03      	5.37337286e-01      
29      	4.96261236e+03      	0.00000000e+00      
36      	1.89362834e+04      	0.00000000e+00      
43      	1.03046527e+03      	2.53278505e-01      
50      	5.25152699e+02      	3.30167495e-01      
57      	8.75250934e+02      	2.00857710e-01      
64      	1.74401166e+03      	6.20414448e-01      
71      	3.48581822e+03      	0.00000000e+00      
78      	2.34623734e+03      	0.00000000e+00      
85      	4.83507628e+02      	5.70220694e-01      
92      	1.03381843e+03      	5.71862804e-01      
99      	1.49675770e+02      	0.00000000e+00      
106     	1.91228726e+02      	0.00000000e+00      
113     	9.23863114e+00      	8.28706551e-02      
120     	6.45915471e+01      	1.74868012e-01      
127     	2.14100735e+01      	0.00000000e+00      
134     	2.97449274e+02      	3.28331863e-01      
141     	2.37999524e+01      	0.00000000e+00      
148     	6.17044266e+02      	0.00000000e+00      
Final   	1.13400540e-01      
----------------------      
  AMR 1/1: M=54  err=0.00821  obs=3.25e-10  nrmse=0.000123  best=0.000123  refined=0
collocation [27s]
  [final]  nrmse=0.0001233  l2=0.0002305
extrapolation window: T=1000.0 -> T_test=1.0e12  n_test=100
  [train]  E_traj=4.175e-8  E_VF=2.409e-6  E_spec=4.945e26
  [test ]  E_traj=213.5  E_VF=1.824e9  E_spec=9.678e22
saved /orcd/home/002/txenakis/projects/BVPsolver/src/../data/runs/run_oiFpKYjz/rober_fit.png
saved /orcd/home/002/txenakis/projects/BVPsolver/src/../data/runs/run_oiFpKYjz/rober_fit_extrapolated.png
saved /orcd/home/002/txenakis/projects/BVPsolver/src/../data/runs/run_oiFpKYjz/rober_spectral_fit_extrapolated.png
saved /orcd/home/002/txenakis/projects/BVPsolver/src/../data/runs/run_oiFpKYjz/rober_vf_fit_extrapolated.png
┌ Warning: Attempting to store StiffNN.var"#12#13"{Float64, Float64, Float64}.
│ JLD2 only stores functions by name.
│  This may not be useful for anonymous functions.
└ @ JLD2 ~/.julia/packages/JLD2/ADycq/src/data/writing_datatypes.jl:447
saved run → /orcd/home/002/txenakis/projects/BVPsolver/src/../data/runs/run_oiFpKYjz
--------------------------------------
Done: Thu Sep 24 11:17:19 EDT 2026
