Task 949/1800: --problem hires --model stiff --profile fast --seed 149 --pretraining derivmatch --training shooting
Logging to /home/txenakis/projects/BVPsolver/logs/run_main_23553922_949.log
hires  model=stiff width=16 d=8 tlen=50 profile=fast seed=149  solver=Rodas5  N=816
  derivmatch lr=0.01 iter=170/3400 loss=0.4139
  derivmatch lr=0.01 iter=340/3400 loss=0.04796
  derivmatch lr=0.01 iter=510/3400 loss=0.02644
  derivmatch lr=0.01 iter=680/3400 loss=0.01559
  derivmatch lr=0.01 iter=850/3400 loss=0.01074
  derivmatch lr=0.01 iter=1020/3400 loss=0.008147
  derivmatch lr=0.01 iter=1190/3400 loss=0.006456
  derivmatch lr=0.01 iter=1360/3400 loss=0.00531
  derivmatch lr=0.01 iter=1530/3400 loss=0.004544
  derivmatch lr=0.01 iter=1700/3400 loss=0.004585
  derivmatch lr=0.01 iter=1870/3400 loss=0.003679
  derivmatch lr=0.01 iter=2040/3400 loss=0.003505
  derivmatch lr=0.01 iter=2210/3400 loss=0.003355
  derivmatch lr=0.01 iter=2380/3400 loss=0.003384
  derivmatch lr=0.01 iter=2550/3400 loss=0.003032
  derivmatch lr=0.01 iter=2720/3400 loss=0.003141
  derivmatch lr=0.01 iter=2890/3400 loss=0.002708
  derivmatch lr=0.01 iter=3060/3400 loss=0.002738
  derivmatch lr=0.01 iter=3230/3400 loss=0.002527
  derivmatch lr=0.01 iter=3400/3400 loss=0.005011
  derivmatch lr=0.01 iter=3400/3400 loss=0.0021
  derivmatch lr=0.003 iter=125/2500 loss=0.002015
  derivmatch lr=0.003 iter=250/2500 loss=0.001766
  derivmatch lr=0.003 iter=375/2500 loss=0.001444
  derivmatch lr=0.003 iter=500/2500 loss=0.001188
  derivmatch lr=0.003 iter=625/2500 loss=0.001023
  derivmatch lr=0.003 iter=750/2500 loss=0.0009117
  derivmatch lr=0.003 iter=875/2500 loss=0.000828
  derivmatch lr=0.003 iter=1000/2500 loss=0.0007597
  derivmatch lr=0.003 iter=1125/2500 loss=0.0007031
  derivmatch lr=0.003 iter=1250/2500 loss=0.0006589
  derivmatch lr=0.003 iter=1375/2500 loss=0.0006215
  derivmatch lr=0.003 iter=1500/2500 loss=0.0005852
  derivmatch lr=0.003 iter=1625/2500 loss=0.0005638
  derivmatch lr=0.003 iter=1750/2500 loss=0.0005189
  derivmatch lr=0.003 iter=1875/2500 loss=0.0005226
  derivmatch lr=0.003 iter=2000/2500 loss=0.0004783
  derivmatch lr=0.003 iter=2125/2500 loss=0.000454
  derivmatch lr=0.003 iter=2250/2500 loss=0.0005711
  derivmatch lr=0.003 iter=2375/2500 loss=0.0004198
  derivmatch lr=0.003 iter=2500/2500 loss=0.0005063
  derivmatch lr=0.003 iter=2500/2500 loss=0.0004
  derivmatch lr=0.001 iter=125/2500 loss=0.0003983
  derivmatch lr=0.001 iter=250/2500 loss=0.0003943
  derivmatch lr=0.001 iter=375/2500 loss=0.0003896
  derivmatch lr=0.001 iter=500/2500 loss=0.0003842
  derivmatch lr=0.001 iter=625/2500 loss=0.0003781
  derivmatch lr=0.001 iter=750/2500 loss=0.0003715
  derivmatch lr=0.001 iter=875/2500 loss=0.0003644
  derivmatch lr=0.001 iter=1000/2500 loss=0.0003568
  derivmatch lr=0.001 iter=1125/2500 loss=0.0003489
  derivmatch lr=0.001 iter=1250/2500 loss=0.0003406
  derivmatch lr=0.001 iter=1375/2500 loss=0.000332
  derivmatch lr=0.001 iter=1500/2500 loss=0.0003231
  derivmatch lr=0.001 iter=1625/2500 loss=0.0008564
  derivmatch lr=0.001 iter=1750/2500 loss=0.0003067
  derivmatch lr=0.001 iter=1875/2500 loss=0.0002987
  derivmatch lr=0.001 iter=2000/2500 loss=0.0002905
  derivmatch lr=0.001 iter=2125/2500 loss=0.0003526
  derivmatch lr=0.001 iter=2250/2500 loss=0.0002754
  derivmatch lr=0.001 iter=2375/2500 loss=0.0002681
  derivmatch lr=0.001 iter=2500/2500 loss=0.0002607
  derivmatch lr=0.001 iter=2500/2500 loss=0.0002607
  derivmatch lr=0.0003 iter=80/1600 loss=0.0002591
  derivmatch lr=0.0003 iter=160/1600 loss=0.0002579
  derivmatch lr=0.0003 iter=240/1600 loss=0.0002565
  derivmatch lr=0.0003 iter=320/1600 loss=0.0002549
  derivmatch lr=0.0003 iter=400/1600 loss=0.000253
  derivmatch lr=0.0003 iter=480/1600 loss=0.000251
  derivmatch lr=0.0003 iter=560/1600 loss=0.0002487
  derivmatch lr=0.0003 iter=640/1600 loss=0.0002463
  derivmatch lr=0.0003 iter=720/1600 loss=0.0002438
  derivmatch lr=0.0003 iter=800/1600 loss=0.0002411
  derivmatch lr=0.0003 iter=880/1600 loss=0.0002382
  derivmatch lr=0.0003 iter=960/1600 loss=0.0002353
  derivmatch lr=0.0003 iter=1040/1600 loss=0.0002322
  derivmatch lr=0.0003 iter=1120/1600 loss=0.000229
  derivmatch lr=0.0003 iter=1200/1600 loss=0.0002438
  derivmatch lr=0.0003 iter=1280/1600 loss=0.0002234
  derivmatch lr=0.0003 iter=1360/1600 loss=0.0002207
  derivmatch lr=0.0003 iter=1440/1600 loss=0.000218
  derivmatch lr=0.0003 iter=1520/1600 loss=0.0002153
  derivmatch lr=0.0003 iter=1600/1600 loss=0.0002124
  derivmatch lr=0.0003 iter=1600/1600 loss=0.0002124
derivative matching [29s]  fitloss=0.000212
  [derivative matching]  nrmse=0.1014  l2=0.7566
  shooting iter=50/1000 loss=0.05157
  shooting iter=100/1000 loss=0.01649
  shooting iter=150/1000 loss=0.009457
  shooting iter=200/1000 loss=0.006576
  shooting iter=250/1000 loss=0.007202
  shooting iter=300/1000 loss=0.005874
  shooting iter=350/1000 loss=0.007504
  shooting iter=400/1000 loss=0.00739
  shooting iter=450/1000 loss=0.005559
  shooting iter=500/1000 loss=0.005386
  shooting iter=550/1000 loss=0.00898
  shooting iter=600/1000 loss=0.006813
  shooting iter=650/1000 loss=0.006708
  shooting iter=700/1000 loss=0.004996
  shooting iter=750/1000 loss=0.2485
  shooting iter=800/1000 loss=0.0968
  shooting iter=850/1000 loss=0.05176
  shooting iter=900/1000 loss=0.03048
  shooting iter=950/1000 loss=0.02265
  shooting iter=1000/1000 loss=0.01567
  shooting iter=1000/1000 loss=0.00466
shooting [9580s]  loss=0.00466
  [final]  nrmse=0.02913  l2=0.06593
extrapolation window: T=321.8122 -> T_test=643.624  n_test=100
  [train]  E_traj=0.001861  E_VF=0.0006324  E_spec=2.846e16
  [test ]  E_traj=452100.0  E_VF=1.556e6  E_spec=1.4770000000000002e28
saved /orcd/home/002/txenakis/projects/BVPsolver/src/../data/runs/run_Ui0I6VY0/hires_fit.png
saved /orcd/home/002/txenakis/projects/BVPsolver/src/../data/runs/run_Ui0I6VY0/hires_fit_extrapolated.png
saved /orcd/home/002/txenakis/projects/BVPsolver/src/../data/runs/run_Ui0I6VY0/hires_spectral_fit_extrapolated.png
saved /orcd/home/002/txenakis/projects/BVPsolver/src/../data/runs/run_Ui0I6VY0/hires_vf_fit_extrapolated.png
┌ Warning: Attempting to store StiffNN.var"#18#19"{Type{Float64}}.
│ JLD2 only stores functions by name.
│  This may not be useful for anonymous functions.
└ @ JLD2 ~/.julia/packages/JLD2/ADycq/src/data/writing_datatypes.jl:447
saved run → /orcd/home/002/txenakis/projects/BVPsolver/src/../data/runs/run_Ui0I6VY0
--------------------------------------
Done: Wed Sep 23 17:46:38 EDT 2026
