Task 1242/1800: --problem orego --model stiff --profile fast --seed 142 --pretraining derivmatch --training shooting
Logging to /home/txenakis/projects/BVPsolver/logs/run_main_23593274_1242.log
orego  model=stiff width=16 d=3 tlen=112 profile=fast seed=142  solver=Rodas5  N=486
  derivmatch lr=0.01 iter=170/3400 loss=0.069
  derivmatch lr=0.01 iter=340/3400 loss=0.03157
  derivmatch lr=0.01 iter=510/3400 loss=0.01712
  derivmatch lr=0.01 iter=680/3400 loss=0.02496
  derivmatch lr=0.01 iter=850/3400 loss=0.01755
  derivmatch lr=0.01 iter=1020/3400 loss=0.007874
  derivmatch lr=0.01 iter=1190/3400 loss=0.007513
  derivmatch lr=0.01 iter=1360/3400 loss=0.00906
  derivmatch lr=0.01 iter=1530/3400 loss=0.004116
  derivmatch lr=0.01 iter=1700/3400 loss=0.004166
  derivmatch lr=0.01 iter=1870/3400 loss=0.006634
  derivmatch lr=0.01 iter=2040/3400 loss=0.002935
  derivmatch lr=0.01 iter=2210/3400 loss=0.002316
  derivmatch lr=0.01 iter=2380/3400 loss=0.002082
  derivmatch lr=0.01 iter=2550/3400 loss=0.001903
  derivmatch lr=0.01 iter=2720/3400 loss=0.005184
  derivmatch lr=0.01 iter=2890/3400 loss=0.002345
  derivmatch lr=0.01 iter=3060/3400 loss=0.00183
  derivmatch lr=0.01 iter=3230/3400 loss=0.001579
  derivmatch lr=0.01 iter=3400/3400 loss=0.001416
  derivmatch lr=0.01 iter=3400/3400 loss=0.001416
  derivmatch lr=0.003 iter=125/2500 loss=0.001231
  derivmatch lr=0.003 iter=250/2500 loss=0.001093
  derivmatch lr=0.003 iter=375/2500 loss=0.0009693
  derivmatch lr=0.003 iter=500/2500 loss=0.0008542
  derivmatch lr=0.003 iter=625/2500 loss=0.0008147
  derivmatch lr=0.003 iter=750/2500 loss=0.0006566
  derivmatch lr=0.003 iter=875/2500 loss=0.0006141
  derivmatch lr=0.003 iter=1000/2500 loss=0.0005218
  derivmatch lr=0.003 iter=1125/2500 loss=0.0006148
  derivmatch lr=0.003 iter=1250/2500 loss=0.0004072
  derivmatch lr=0.003 iter=1375/2500 loss=0.0003998
  derivmatch lr=0.003 iter=1500/2500 loss=0.0003671
  derivmatch lr=0.003 iter=1625/2500 loss=0.0002949
  derivmatch lr=0.003 iter=1750/2500 loss=0.0003953
  derivmatch lr=0.003 iter=1875/2500 loss=0.0002557
  derivmatch lr=0.003 iter=2000/2500 loss=0.0002435
  derivmatch lr=0.003 iter=2125/2500 loss=0.0002689
  derivmatch lr=0.003 iter=2250/2500 loss=0.0002278
  derivmatch lr=0.003 iter=2375/2500 loss=0.000203
  derivmatch lr=0.003 iter=2500/2500 loss=0.0003268
  derivmatch lr=0.003 iter=2500/2500 loss=0.0001934
  derivmatch lr=0.001 iter=125/2500 loss=0.0001917
  derivmatch lr=0.001 iter=250/2500 loss=0.0001897
  derivmatch lr=0.001 iter=375/2500 loss=0.0001875
  derivmatch lr=0.001 iter=500/2500 loss=0.0001849
  derivmatch lr=0.001 iter=625/2500 loss=0.0001821
  derivmatch lr=0.001 iter=750/2500 loss=0.000179
  derivmatch lr=0.001 iter=875/2500 loss=0.0001757
  derivmatch lr=0.001 iter=1000/2500 loss=0.0001722
  derivmatch lr=0.001 iter=1125/2500 loss=0.0001686
  derivmatch lr=0.001 iter=1250/2500 loss=0.0001649
  derivmatch lr=0.001 iter=1375/2500 loss=0.0001612
  derivmatch lr=0.001 iter=1500/2500 loss=0.0001574
  derivmatch lr=0.001 iter=1625/2500 loss=0.0001539
  derivmatch lr=0.001 iter=1750/2500 loss=0.0001516
  derivmatch lr=0.001 iter=1875/2500 loss=0.0001512
  derivmatch lr=0.001 iter=2000/2500 loss=0.0001475
  derivmatch lr=0.001 iter=2125/2500 loss=0.0001468
  derivmatch lr=0.001 iter=2250/2500 loss=0.0001434
  derivmatch lr=0.001 iter=2375/2500 loss=0.0001373
  derivmatch lr=0.001 iter=2500/2500 loss=0.0001354
  derivmatch lr=0.001 iter=2500/2500 loss=0.0001346
  derivmatch lr=0.0003 iter=80/1600 loss=0.0001345
  derivmatch lr=0.0003 iter=160/1600 loss=0.0001341
  derivmatch lr=0.0003 iter=240/1600 loss=0.0001337
  derivmatch lr=0.0003 iter=320/1600 loss=0.0001333
  derivmatch lr=0.0003 iter=400/1600 loss=0.0001328
  derivmatch lr=0.0003 iter=480/1600 loss=0.0001322
  derivmatch lr=0.0003 iter=560/1600 loss=0.0001316
  derivmatch lr=0.0003 iter=640/1600 loss=0.000131
  derivmatch lr=0.0003 iter=720/1600 loss=0.0001303
  derivmatch lr=0.0003 iter=800/1600 loss=0.0001295
  derivmatch lr=0.0003 iter=880/1600 loss=0.0001287
  derivmatch lr=0.0003 iter=960/1600 loss=0.0001279
  derivmatch lr=0.0003 iter=1040/1600 loss=0.0001271
  derivmatch lr=0.0003 iter=1120/1600 loss=0.0001262
  derivmatch lr=0.0003 iter=1200/1600 loss=0.0001253
  derivmatch lr=0.0003 iter=1280/1600 loss=0.0001243
  derivmatch lr=0.0003 iter=1360/1600 loss=0.0001233
  derivmatch lr=0.0003 iter=1440/1600 loss=0.0001224
  derivmatch lr=0.0003 iter=1520/1600 loss=0.0001219
  derivmatch lr=0.0003 iter=1600/1600 loss=0.0001204
  derivmatch lr=0.0003 iter=1600/1600 loss=0.0001204
derivative matching [36s]  fitloss=0.00012
  [derivative matching]  nrmse=0.1723  l2=346200.0
  shooting iter=50/1000 loss=0.2209
  shooting iter=100/1000 loss=0.2209
  shooting iter=150/1000 loss=0.2209
  shooting iter=200/1000 loss=0.2208
  shooting iter=250/1000 loss=0.2208
  shooting iter=300/1000 loss=0.2208
  shooting iter=350/1000 loss=0.2207
  shooting iter=400/1000 loss=0.2207
  shooting iter=450/1000 loss=0.2206
  shooting iter=500/1000 loss=0.2206
  shooting iter=550/1000 loss=0.2205
  shooting iter=600/1000 loss=0.2204
  shooting iter=650/1000 loss=0.2204
  shooting iter=700/1000 loss=0.2202
  shooting iter=750/1000 loss=0.2201
  shooting iter=800/1000 loss=0.22
  shooting iter=850/1000 loss=0.2198
  shooting iter=900/1000 loss=0.2197
  shooting iter=950/1000 loss=0.2196
  shooting iter=1000/1000 loss=0.2195
  shooting iter=1000/1000 loss=0.0644
shooting [1614s]  loss=0.0644
  [final]  nrmse=0.1723  l2=346200.0
extrapolation window: T=180.0 -> T_test=360.0  n_test=224
  [train]  E_traj=0.2383  E_VF=0.0006738  E_spec=1.025
  [test ]  E_traj=1.315  E_VF=0.0006344  E_spec=0.9532
saved /orcd/home/002/txenakis/projects/BVPsolver/src/../data/runs/run_Qd3Fmb7D/orego_fit.png
saved /orcd/home/002/txenakis/projects/BVPsolver/src/../data/runs/run_Qd3Fmb7D/orego_fit_extrapolated.png
saved /orcd/home/002/txenakis/projects/BVPsolver/src/../data/runs/run_Qd3Fmb7D/orego_spectral_fit_extrapolated.png
saved /orcd/home/002/txenakis/projects/BVPsolver/src/../data/runs/run_Qd3Fmb7D/orego_vf_fit_extrapolated.png
┌ Warning: Attempting to store StiffNN.var"#20#21"{Float64, Float64, Float64}.
│ JLD2 only stores functions by name.
│  This may not be useful for anonymous functions.
└ @ JLD2 ~/.julia/packages/JLD2/ADycq/src/data/writing_datatypes.jl:447
saved run → /orcd/home/002/txenakis/projects/BVPsolver/src/../data/runs/run_Qd3Fmb7D
--------------------------------------
Done: Wed Sep 23 20:23:20 EDT 2026
