Task 23/600: --problem davis-skodje --param 1e-1 --model stiff --profile fast --seed 323 --pretraining derivmatch --training collocation
Logging to /home/txenakis/projects/BVPsolver/logs/run_main_23642156_23.log
davis-skodje  model=stiff width=12 d=2 tlen=300 profile=fast seed=323  solver=Rodas5P  N=268
  derivmatch lr=0.01 iter=170/3400 loss=0.009188
  derivmatch lr=0.01 iter=340/3400 loss=0.003229
  derivmatch lr=0.01 iter=510/3400 loss=0.001161
  derivmatch lr=0.01 iter=680/3400 loss=0.00045
  derivmatch lr=0.01 iter=850/3400 loss=0.0002204
  derivmatch lr=0.01 iter=1020/3400 loss=0.0001368
  derivmatch lr=0.01 iter=1190/3400 loss=9.377e-5
  derivmatch lr=0.01 iter=1360/3400 loss=6.557e-5
  derivmatch lr=0.01 iter=1530/3400 loss=4.63e-5
  derivmatch lr=0.01 iter=1700/3400 loss=3.386e-5
  derivmatch lr=0.01 iter=1870/3400 loss=2.647e-5
  derivmatch lr=0.01 iter=2040/3400 loss=2.237e-5
  derivmatch lr=0.01 iter=2210/3400 loss=2.01e-5
  derivmatch lr=0.01 iter=2380/3400 loss=1.871e-5
  derivmatch lr=0.01 iter=2550/3400 loss=1.768e-5
  derivmatch lr=0.01 iter=2720/3400 loss=1.68e-5
  derivmatch lr=0.01 iter=2890/3400 loss=1.598e-5
  derivmatch lr=0.01 iter=3060/3400 loss=1.52e-5
  derivmatch lr=0.01 iter=3230/3400 loss=1.445e-5
  derivmatch lr=0.01 iter=3400/3400 loss=1.373e-5
  derivmatch lr=0.01 iter=3400/3400 loss=1.373e-5
  derivmatch lr=0.003 iter=125/2500 loss=1.051e-5
  derivmatch lr=0.003 iter=250/2500 loss=9.056e-6
  derivmatch lr=0.003 iter=375/2500 loss=7.781e-6
  derivmatch lr=0.003 iter=500/2500 loss=6.605e-6
  derivmatch lr=0.003 iter=625/2500 loss=5.774e-6
  derivmatch lr=0.003 iter=750/2500 loss=5.377e-6
  derivmatch lr=0.003 iter=875/2500 loss=5.106e-6
  derivmatch lr=0.003 iter=1000/2500 loss=4.871e-6
  derivmatch lr=0.003 iter=1125/2500 loss=4.65e-6
  derivmatch lr=0.003 iter=1250/2500 loss=4.471e-6
  derivmatch lr=0.003 iter=1375/2500 loss=4.297e-6
  derivmatch lr=0.003 iter=1500/2500 loss=4.131e-6
  derivmatch lr=0.003 iter=1625/2500 loss=3.983e-6
  derivmatch lr=0.003 iter=1750/2500 loss=3.961e-6
  derivmatch lr=0.003 iter=1875/2500 loss=3.71e-6
  derivmatch lr=0.003 iter=2000/2500 loss=3.63e-6
  derivmatch lr=0.003 iter=2125/2500 loss=3.474e-6
  derivmatch lr=0.003 iter=2250/2500 loss=3.369e-6
  derivmatch lr=0.003 iter=2375/2500 loss=3.264e-6
  derivmatch lr=0.003 iter=2500/2500 loss=3.175e-6
  derivmatch lr=0.003 iter=2500/2500 loss=3.175e-6
  derivmatch lr=0.001 iter=125/2500 loss=3.146e-6
  derivmatch lr=0.001 iter=250/2500 loss=3.106e-6
  derivmatch lr=0.001 iter=375/2500 loss=3.055e-6
  derivmatch lr=0.001 iter=500/2500 loss=2.997e-6
  derivmatch lr=0.001 iter=625/2500 loss=2.934e-6
  derivmatch lr=0.001 iter=750/2500 loss=2.866e-6
  derivmatch lr=0.001 iter=875/2500 loss=2.794e-6
  derivmatch lr=0.001 iter=1000/2500 loss=2.719e-6
  derivmatch lr=0.001 iter=1125/2500 loss=2.641e-6
  derivmatch lr=0.001 iter=1250/2500 loss=2.56e-6
  derivmatch lr=0.001 iter=1375/2500 loss=2.475e-6
  derivmatch lr=0.001 iter=1500/2500 loss=2.398e-6
  derivmatch lr=0.001 iter=1625/2500 loss=2.303e-6
  derivmatch lr=0.001 iter=1750/2500 loss=2.841e-6
  derivmatch lr=0.001 iter=1875/2500 loss=2.14e-6
  derivmatch lr=0.001 iter=2000/2500 loss=2.072e-6
  derivmatch lr=0.001 iter=2125/2500 loss=2.021e-6
  derivmatch lr=0.001 iter=2250/2500 loss=1.949e-6
  derivmatch lr=0.001 iter=2375/2500 loss=1.901e-6
  derivmatch lr=0.001 iter=2500/2500 loss=1.843e-6
  derivmatch lr=0.001 iter=2500/2500 loss=1.843e-6
  derivmatch lr=0.0003 iter=80/1600 loss=1.832e-6
  derivmatch lr=0.0003 iter=160/1600 loss=1.824e-6
  derivmatch lr=0.0003 iter=240/1600 loss=1.815e-6
  derivmatch lr=0.0003 iter=320/1600 loss=1.804e-6
  derivmatch lr=0.0003 iter=400/1600 loss=1.791e-6
  derivmatch lr=0.0003 iter=480/1600 loss=1.778e-6
  derivmatch lr=0.0003 iter=560/1600 loss=1.762e-6
  derivmatch lr=0.0003 iter=640/1600 loss=1.746e-6
  derivmatch lr=0.0003 iter=720/1600 loss=1.729e-6
  derivmatch lr=0.0003 iter=800/1600 loss=1.713e-6
  derivmatch lr=0.0003 iter=880/1600 loss=1.696e-6
  derivmatch lr=0.0003 iter=960/1600 loss=1.679e-6
  derivmatch lr=0.0003 iter=1040/1600 loss=1.662e-6
  derivmatch lr=0.0003 iter=1120/1600 loss=1.643e-6
  derivmatch lr=0.0003 iter=1200/1600 loss=1.624e-6
  derivmatch lr=0.0003 iter=1280/1600 loss=1.608e-6
  derivmatch lr=0.0003 iter=1360/1600 loss=1.591e-6
  derivmatch lr=0.0003 iter=1440/1600 loss=1.573e-6
  derivmatch lr=0.0003 iter=1520/1600 loss=1.556e-6
  derivmatch lr=0.0003 iter=1600/1600 loss=1.537e-6
  derivmatch lr=0.0003 iter=1600/1600 loss=1.537e-6
derivative matching [36s]  fitloss=1.54e-6
  [derivative matching]  nrmse=6.533e-5  l2=0.002838
  collocation: M=300 residuals=2394  detecting sparsity + solving...

Algorithm: LevenbergMarquardt(
    trustregion = LevenbergMarquardtTrustRegion(
        β_uphill = 0.0
    ),
    descent = GeodesicAcceleration(
        descent = DampedNewtonDescent(
            linsolve = KLUFactorization(
                reuse_symbolic = true,
                check_pattern = true
            ),
            initial_damping = 1.0,
            damping_fn = LevenbergMarquardtDampingFunction(
                increase_factor = 2.0,
                decrease_factor = 3.0,
                min_damping = 1.0e-8
            ),
            min_norm_mode = :auto
        ),
        finite_diff_step_geodesic = 0.1,
        α = 0.75
    ),
    autodiff = AutoForwardDiff(),
    vjp_autodiff = AutoFiniteDiff(
        fdtype = Val{:forward}(),
        fdjtype = Val{:forward}(),
        fdhtype = Val{:hcentral}(),
        dir = true
    ),
    jvp_autodiff = AutoForwardDiff(),
    concrete_jac = Val{true}()
)

----    	-------------       	-----------         
Iter    	f(u) 2-norm         	Step 2-norm         
----    	-------------       	-----------         
0       	2.46697726e+01      	8.76614752e-316     
1       	1.15806405e+01      	1.62590773e+00      
8       	5.11841974e-03      	1.39252339e-02      
15      	8.74967440e-04      	2.37160818e-02      
22      	7.34258458e-04      	3.22554444e-01      
29      	2.14702157e+00      	0.00000000e+00      
36      	7.82184368e-02      	2.45645595e-01      
43      	1.17198429e+00      	6.37871355e-01      
50      	1.23649054e+00      	0.00000000e+00      
57      	2.34480696e-01      	5.26569701e-01      
64      	3.27230343e-02      	1.98060039e-01      
71      	3.30972557e-02      	2.47822582e-01      
78      	2.11865966e-02      	0.00000000e+00      
85      	2.20788474e-03      	0.00000000e+00      
92      	7.04972996e-04      	4.08124354e-02      
99      	2.62384031e-03      	8.22342490e-02      
106     	7.26986424e-02      	0.00000000e+00      
113     	4.54372331e-03      	1.45884218e-01      
120     	7.43089644e-03      	0.00000000e+00      
127     	1.02836532e-03      	0.00000000e+00      
134     	3.03698857e-01      	0.00000000e+00      
141     	6.62600218e-04      	0.00000000e+00      
148     	2.51307929e-03      	0.00000000e+00      
Final   	5.17446532e-04      
----------------------      
  AMR 1/3: M=300  err=4.6e-9  obs=1.23e-6  nrmse=3.06e-5  best=3.06e-5  refined=60
  collocation: M=360 residuals=2754  detecting sparsity + solving...

Algorithm: LevenbergMarquardt(
    trustregion = LevenbergMarquardtTrustRegion(
        β_uphill = 0.0
    ),
    descent = GeodesicAcceleration(
        descent = DampedNewtonDescent(
            linsolve = KLUFactorization(
                reuse_symbolic = true,
                check_pattern = true
            ),
            initial_damping = 1.0,
            damping_fn = LevenbergMarquardtDampingFunction(
                increase_factor = 2.0,
                decrease_factor = 3.0,
                min_damping = 1.0e-8
            ),
            min_norm_mode = :auto
        ),
        finite_diff_step_geodesic = 0.1,
        α = 0.75
    ),
    autodiff = AutoForwardDiff(),
    vjp_autodiff = AutoFiniteDiff(
        fdtype = Val{:forward}(),
        fdjtype = Val{:forward}(),
        fdhtype = Val{:hcentral}(),
        dir = true
    ),
    jvp_autodiff = AutoForwardDiff(),
    concrete_jac = Val{true}()
)

----    	-------------       	-----------         
Iter    	f(u) 2-norm         	Step 2-norm         
----    	-------------       	-----------         
0       	1.96481198e+01      	1.38700056e-315     
1       	1.96481198e+01      	0.00000000e+00      
8       	1.87023031e+01      	3.68345157e+00      
15      	3.97994548e-02      	2.29791137e-03      
22      	1.19447573e-02      	7.94143409e-03      
29      	4.19934554e-04      	9.51184456e-02      
36      	2.54760575e-02      	0.00000000e+00      
43      	2.23966847e+01      	0.00000000e+00      
50      	2.11429511e-01      	0.00000000e+00      
57      	2.69341133e-02      	2.77253230e-01      
64      	8.21498085e-02      	0.00000000e+00      
71      	3.76010826e-01      	0.00000000e+00      
78      	5.48427664e-01      	0.00000000e+00      
85      	1.94910689e-02      	0.00000000e+00      
92      	1.18601826e-01      	4.21598558e-01      
99      	1.45770290e-03      	0.00000000e+00      
106     	7.22738644e-04      	9.20796112e-02      
113     	1.33387008e-03      	8.65365857e-02      
120     	2.11802763e-02      	0.00000000e+00      
127     	3.34909433e-02      	0.00000000e+00      
134     	3.01554649e-04      	0.00000000e+00      
141     	6.28476970e-03      	0.00000000e+00      
148     	2.35244048e-03      	7.03195432e-02      
Final   	6.59110107e-05      
----------------------      
  AMR 2/3: M=360  err=6.83e-11  obs=1.38e-8  nrmse=7.69e-7  best=7.69e-7  refined=81
  collocation: M=466 residuals=3390  detecting sparsity + solving...

Algorithm: LevenbergMarquardt(
    trustregion = LevenbergMarquardtTrustRegion(
        β_uphill = 0.0
    ),
    descent = GeodesicAcceleration(
        descent = DampedNewtonDescent(
            linsolve = KLUFactorization(
                reuse_symbolic = true,
                check_pattern = true
            ),
            initial_damping = 1.0,
            damping_fn = LevenbergMarquardtDampingFunction(
                increase_factor = 2.0,
                decrease_factor = 3.0,
                min_damping = 1.0e-8
            ),
            min_norm_mode = :auto
        ),
        finite_diff_step_geodesic = 0.1,
        α = 0.75
    ),
    autodiff = AutoForwardDiff(),
    vjp_autodiff = AutoFiniteDiff(
        fdtype = Val{:forward}(),
        fdjtype = Val{:forward}(),
        fdhtype = Val{:hcentral}(),
        dir = true
    ),
    jvp_autodiff = AutoForwardDiff(),
    concrete_jac = Val{true}()
)

----    	-------------       	-----------         
Iter    	f(u) 2-norm         	Step 2-norm         
----    	-------------       	-----------         
0       	1.70136551e+01      	NaN                 
1       	6.73670442e+00      	6.99134347e-01      
8       	4.27848377e-02      	9.92027988e-03      
15      	3.92339293e-04      	5.27771567e-02      
22      	9.21036407e-05      	5.96299024e-02      
29      	5.17184238e-03      	5.98718933e-01      
36      	5.62079829e-03      	6.17735521e-01      
43      	4.89005442e-03      	0.00000000e+00      
50      	2.48955058e-04      	0.00000000e+00      
57      	4.43149671e-02      	0.00000000e+00      
64      	3.88740620e-05      	8.00459696e-02      
71      	6.57979958e-02      	0.00000000e+00      
78      	2.99106161e-03      	0.00000000e+00      
85      	9.65275715e-06      	1.84266697e-01      
92      	8.76103383e-04      	0.00000000e+00      
99      	1.25891895e-02      	7.67738894e-01      
106     	4.19207744e-04      	8.11743368e-02      
113     	3.63268003e-03      	1.20503503e-01      
120     	4.35654929e-05      	0.00000000e+00      
127     	8.78645648e-05      	0.00000000e+00      
134     	3.97969786e-05      	1.30695236e-01      
141     	8.49483551e-05      	0.00000000e+00      
148     	1.03144827e-02      	0.00000000e+00      
Final   	1.01191020e-06      
----------------------      
  AMR 3/3: M=466  err=3.98e-14  obs=1.22e-8  nrmse=8.46e-7  best=7.69e-7  refined=0
collocation [178s]
  [final]  nrmse=7.687e-7  l2=2.222e-5
extrapolation window: T=15.0 -> T_test=30.0  n_test=600
  [train]  E_traj=9.22e-13  E_VF=2.659e-8  E_spec=0.1468
  [test ]  E_traj=0.9389  E_VF=0.5246  E_spec=0.4254
saved /orcd/home/002/txenakis/projects/BVPsolver/src/../data/runs/run_pn0ccFbW/davis-skodje_fit.png
saved /orcd/home/002/txenakis/projects/BVPsolver/src/../data/runs/run_pn0ccFbW/davis-skodje_fit_extrapolated.png
saved /orcd/home/002/txenakis/projects/BVPsolver/src/../data/runs/run_pn0ccFbW/davis-skodje_spectral_fit_extrapolated.png
saved /orcd/home/002/txenakis/projects/BVPsolver/src/../data/runs/run_pn0ccFbW/davis-skodje_vf_fit_extrapolated.png
┌ Warning: Attempting to store StiffNN.var"#22#23"{Float64}.
│ JLD2 only stores functions by name.
│  This may not be useful for anonymous functions.
└ @ JLD2 ~/.julia/packages/JLD2/ADycq/src/data/writing_datatypes.jl:447
saved run → /orcd/home/002/txenakis/projects/BVPsolver/src/../data/runs/run_pn0ccFbW
--------------------------------------
Done: Thu Sep 24 07:49:06 EDT 2026
