Task 214/360: --problem hires --model mlp --profile fast --seed 24 --pretraining derivmatch --training collocation
Logging to /home/txenakis/projects/BVPsolver/logs/run_main_22227913_214.log
hires  model=mlp width=21 d=8 tlen=50 profile=fast seed=24  solver=Rodas5  N=827
  derivmatch lr=0.01 iter=170/3400 loss=49.33
  derivmatch lr=0.01 iter=340/3400 loss=44.17
  derivmatch lr=0.01 iter=510/3400 loss=32.03
  derivmatch lr=0.01 iter=680/3400 loss=23.4
  derivmatch lr=0.01 iter=850/3400 loss=21.77
  derivmatch lr=0.01 iter=1020/3400 loss=23.52
  derivmatch lr=0.01 iter=1190/3400 loss=26.18
  derivmatch lr=0.01 iter=1360/3400 loss=16.96
  derivmatch lr=0.01 iter=1530/3400 loss=23.7
  derivmatch lr=0.01 iter=1700/3400 loss=14.01
  derivmatch lr=0.01 iter=1870/3400 loss=15.94
  derivmatch lr=0.01 iter=2040/3400 loss=13.98
  derivmatch lr=0.01 iter=2210/3400 loss=17.22
  derivmatch lr=0.01 iter=2380/3400 loss=22.91
  derivmatch lr=0.01 iter=2550/3400 loss=16.49
  derivmatch lr=0.01 iter=2720/3400 loss=15.31
  derivmatch lr=0.01 iter=2890/3400 loss=11.62
  derivmatch lr=0.01 iter=3060/3400 loss=12.15
  derivmatch lr=0.01 iter=3230/3400 loss=12.26
  derivmatch lr=0.01 iter=3400/3400 loss=18.58
  derivmatch lr=0.01 iter=3400/3400 loss=9.72
  derivmatch lr=0.003 iter=125/2500 loss=5.975
  derivmatch lr=0.003 iter=250/2500 loss=5.623
  derivmatch lr=0.003 iter=375/2500 loss=4.966
  derivmatch lr=0.003 iter=500/2500 loss=5.468
  derivmatch lr=0.003 iter=625/2500 loss=4.039
  derivmatch lr=0.003 iter=750/2500 loss=6.511
  derivmatch lr=0.003 iter=875/2500 loss=5.743
  derivmatch lr=0.003 iter=1000/2500 loss=5.485
  derivmatch lr=0.003 iter=1125/2500 loss=6.771
  derivmatch lr=0.003 iter=1250/2500 loss=5.961
  derivmatch lr=0.003 iter=1375/2500 loss=5.906
  derivmatch lr=0.003 iter=1500/2500 loss=4.96
  derivmatch lr=0.003 iter=1625/2500 loss=6.432
  derivmatch lr=0.003 iter=1750/2500 loss=3.594
  derivmatch lr=0.003 iter=1875/2500 loss=4.936
  derivmatch lr=0.003 iter=2000/2500 loss=5.377
  derivmatch lr=0.003 iter=2125/2500 loss=7.693
  derivmatch lr=0.003 iter=2250/2500 loss=4.683
  derivmatch lr=0.003 iter=2375/2500 loss=5.472
  derivmatch lr=0.003 iter=2500/2500 loss=5.06
  derivmatch lr=0.003 iter=2500/2500 loss=3.37
  derivmatch lr=0.001 iter=125/2500 loss=2.555
  derivmatch lr=0.001 iter=250/2500 loss=1.882
  derivmatch lr=0.001 iter=375/2500 loss=1.857
  derivmatch lr=0.001 iter=500/2500 loss=2.609
  derivmatch lr=0.001 iter=625/2500 loss=2.358
  derivmatch lr=0.001 iter=750/2500 loss=1.936
  derivmatch lr=0.001 iter=875/2500 loss=1.992
  derivmatch lr=0.001 iter=1000/2500 loss=2.111
  derivmatch lr=0.001 iter=1125/2500 loss=1.932
  derivmatch lr=0.001 iter=1250/2500 loss=2.087
  derivmatch lr=0.001 iter=1375/2500 loss=2.247
  derivmatch lr=0.001 iter=1500/2500 loss=1.742
  derivmatch lr=0.001 iter=1625/2500 loss=1.814
  derivmatch lr=0.001 iter=1750/2500 loss=1.611
  derivmatch lr=0.001 iter=1875/2500 loss=1.744
  derivmatch lr=0.001 iter=2000/2500 loss=1.703
  derivmatch lr=0.001 iter=2125/2500 loss=2.059
  derivmatch lr=0.001 iter=2250/2500 loss=1.837
  derivmatch lr=0.001 iter=2375/2500 loss=1.998
  derivmatch lr=0.001 iter=2500/2500 loss=2.483
  derivmatch lr=0.001 iter=2500/2500 loss=1.021
  derivmatch lr=0.0003 iter=80/1600 loss=0.6697
  derivmatch lr=0.0003 iter=160/1600 loss=0.6771
  derivmatch lr=0.0003 iter=240/1600 loss=0.7338
  derivmatch lr=0.0003 iter=320/1600 loss=0.7256
  derivmatch lr=0.0003 iter=400/1600 loss=0.603
  derivmatch lr=0.0003 iter=480/1600 loss=0.7314
  derivmatch lr=0.0003 iter=560/1600 loss=0.5497
  derivmatch lr=0.0003 iter=640/1600 loss=0.606
  derivmatch lr=0.0003 iter=720/1600 loss=0.7512
  derivmatch lr=0.0003 iter=800/1600 loss=0.7412
  derivmatch lr=0.0003 iter=880/1600 loss=0.7805
  derivmatch lr=0.0003 iter=960/1600 loss=0.5727
  derivmatch lr=0.0003 iter=1040/1600 loss=0.6473
  derivmatch lr=0.0003 iter=1120/1600 loss=0.5718
  derivmatch lr=0.0003 iter=1200/1600 loss=0.5285
  derivmatch lr=0.0003 iter=1280/1600 loss=0.8296
  derivmatch lr=0.0003 iter=1360/1600 loss=0.5069
  derivmatch lr=0.0003 iter=1440/1600 loss=1.076
  derivmatch lr=0.0003 iter=1520/1600 loss=0.7187
  derivmatch lr=0.0003 iter=1600/1600 loss=0.6591
  derivmatch lr=0.0003 iter=1600/1600 loss=0.4308
derivative matching [24s]  fitloss=0.431
  [derivative matching]  nrmse=89.95  l2=134.0
  collocation: M=75 residuals=2176  detecting sparsity + solving...

Algorithm: LevenbergMarquardt(
    trustregion = LevenbergMarquardtTrustRegion(
        β_uphill = 0.0
    ),
    descent = GeodesicAcceleration(
        descent = DampedNewtonDescent(
            linsolve = QRFactorization(
                pivot = NoPivot(),
                blocksize = 16,
                inplace = true
            ),
            initial_damping = 1.0,
            damping_fn = LevenbergMarquardtDampingFunction(
                increase_factor = 2.0,
                decrease_factor = 3.0,
                min_damping = 1.0e-8
            ),
            min_norm_mode = :auto
        ),
        finite_diff_step_geodesic = 0.1,
        α = 0.75
    ),
    autodiff = AutoForwardDiff(),
    vjp_autodiff = AutoFiniteDiff(
        fdtype = Val{:forward}(),
        fdjtype = Val{:forward}(),
        fdhtype = Val{:hcentral}(),
        dir = true
    ),
    jvp_autodiff = AutoForwardDiff(),
    concrete_jac = Val{true}()
)

----    	-------------       	-----------         
Iter    	f(u) 2-norm         	Step 2-norm         
----    	-------------       	-----------         
0       	9.81656926e+02      	NaN                 
1       	8.25543870e+03      	1.25210820e-01      
8       	7.13275675e+02      	2.90541779e-02      
15      	5.81551632e+03      	1.80057847e-01      
22      	2.00497678e+03      	1.18420428e-01      
29      	1.12131739e+00      	2.42039626e-02      
36      	1.91279830e-01      	7.56140335e-04      
43      	1.91279815e-01      	4.20242845e-06      
50      	1.91279815e-01      	4.87377283e-06      
57      	1.91279815e-01      	4.80757703e-06      
64      	1.91279815e-01      	4.06613519e-06      
71      	1.91279815e-01      	3.77486032e-06      
78      	1.91279815e-01      	4.65308132e-06      
85      	1.91279815e-01      	4.03693611e-06      
92      	1.91279815e-01      	5.13095666e-06      
99      	1.91279815e-01      	4.08146534e-06      
106     	1.91279815e-01      	5.89702533e-06      
113     	1.91279815e-01      	5.66564832e-06      
120     	1.91279815e-01      	3.26769889e-06      
127     	1.91279815e-01      	7.78275923e-06      
134     	1.91279815e-01      	4.82072617e-06      
141     	1.91279815e-01      	3.32775120e-06      
148     	1.91279815e-01      	4.09727056e-06      
Final   	1.91279815e-01      
----------------------      
  AMR 1/1: M=75  err=0.00807  obs=0.00315  nrmse=154.0  best=90.0  refined=0
 derivative matching was best (1/1 rounds ran)
collocation [168s]
  [final]  nrmse=89.95  l2=134.0
extrapolation window: T=321.8122 -> T_test=643.624  n_test=100
  [train]  E_traj=26660.0  E_VF=0.3819  E_spec=1.493e15
  [test ]  E_traj=1.981e10  E_VF=1.717e7  E_spec=1.223e27
saved /orcd/home/002/txenakis/projects/BVPsolver/src/../data/runs/run_0gvOAIqL/hires_fit.png
saved /orcd/home/002/txenakis/projects/BVPsolver/src/../data/runs/run_0gvOAIqL/hires_fit_extrapolated.png
saved /orcd/home/002/txenakis/projects/BVPsolver/src/../data/runs/run_0gvOAIqL/hires_spectral_fit_extrapolated.png
saved /orcd/home/002/txenakis/projects/BVPsolver/src/../data/runs/run_0gvOAIqL/hires_vf_fit_extrapolated.png
┌ Warning: Attempting to store StiffNN.var"#18#19"{Type{Float64}}.
│ JLD2 only stores functions by name.
│  This may not be useful for anonymous functions.
└ @ JLD2 ~/.julia/packages/JLD2/ADycq/src/data/writing_datatypes.jl:447
saved run → /orcd/home/002/txenakis/projects/BVPsolver/src/../data/runs/run_0gvOAIqL
--------------------------------------
Done: Mon Sep  7 20:06:18 EDT 2026
