Task 1090/1800: --problem hires --model mlp --profile fast --seed 140 --pretraining derivmatch --training collocation
Logging to /home/txenakis/projects/BVPsolver/logs/run_main_23553922_1090.log
hires  model=mlp width=21 d=8 tlen=50 profile=fast seed=140  solver=Rodas5  N=827
  derivmatch lr=0.01 iter=170/3400 loss=40.29
  derivmatch lr=0.01 iter=340/3400 loss=42.31
  derivmatch lr=0.01 iter=510/3400 loss=38.15
  derivmatch lr=0.01 iter=680/3400 loss=29.56
  derivmatch lr=0.01 iter=850/3400 loss=32.4
  derivmatch lr=0.01 iter=1020/3400 loss=25.77
  derivmatch lr=0.01 iter=1190/3400 loss=26.37
  derivmatch lr=0.01 iter=1360/3400 loss=23.19
  derivmatch lr=0.01 iter=1530/3400 loss=23.86
  derivmatch lr=0.01 iter=1700/3400 loss=13.81
  derivmatch lr=0.01 iter=1870/3400 loss=18.76
  derivmatch lr=0.01 iter=2040/3400 loss=27.15
  derivmatch lr=0.01 iter=2210/3400 loss=22.6
  derivmatch lr=0.01 iter=2380/3400 loss=18.48
  derivmatch lr=0.01 iter=2550/3400 loss=18.09
  derivmatch lr=0.01 iter=2720/3400 loss=15.94
  derivmatch lr=0.01 iter=2890/3400 loss=16.0
  derivmatch lr=0.01 iter=3060/3400 loss=13.09
  derivmatch lr=0.01 iter=3230/3400 loss=9.217
  derivmatch lr=0.01 iter=3400/3400 loss=13.96
  derivmatch lr=0.01 iter=3400/3400 loss=7.598
  derivmatch lr=0.003 iter=125/2500 loss=5.237
  derivmatch lr=0.003 iter=250/2500 loss=5.58
  derivmatch lr=0.003 iter=375/2500 loss=6.49
  derivmatch lr=0.003 iter=500/2500 loss=5.163
  derivmatch lr=0.003 iter=625/2500 loss=6.244
  derivmatch lr=0.003 iter=750/2500 loss=7.408
  derivmatch lr=0.003 iter=875/2500 loss=5.372
  derivmatch lr=0.003 iter=1000/2500 loss=5.268
  derivmatch lr=0.003 iter=1125/2500 loss=5.389
  derivmatch lr=0.003 iter=1250/2500 loss=6.251
  derivmatch lr=0.003 iter=1375/2500 loss=5.531
  derivmatch lr=0.003 iter=1500/2500 loss=4.649
  derivmatch lr=0.003 iter=1625/2500 loss=3.665
  derivmatch lr=0.003 iter=1750/2500 loss=5.505
  derivmatch lr=0.003 iter=1875/2500 loss=5.856
  derivmatch lr=0.003 iter=2000/2500 loss=3.741
  derivmatch lr=0.003 iter=2125/2500 loss=7.734
  derivmatch lr=0.003 iter=2250/2500 loss=3.666
  derivmatch lr=0.003 iter=2375/2500 loss=5.08
  derivmatch lr=0.003 iter=2500/2500 loss=5.389
  derivmatch lr=0.003 iter=2500/2500 loss=3.073
  derivmatch lr=0.001 iter=125/2500 loss=1.556
  derivmatch lr=0.001 iter=250/2500 loss=2.023
  derivmatch lr=0.001 iter=375/2500 loss=2.248
  derivmatch lr=0.001 iter=500/2500 loss=1.87
  derivmatch lr=0.001 iter=625/2500 loss=1.809
  derivmatch lr=0.001 iter=750/2500 loss=2.082
  derivmatch lr=0.001 iter=875/2500 loss=2.049
  derivmatch lr=0.001 iter=1000/2500 loss=2.114
  derivmatch lr=0.001 iter=1125/2500 loss=1.818
  derivmatch lr=0.001 iter=1250/2500 loss=1.642
  derivmatch lr=0.001 iter=1375/2500 loss=1.816
  derivmatch lr=0.001 iter=1500/2500 loss=1.792
  derivmatch lr=0.001 iter=1625/2500 loss=1.651
  derivmatch lr=0.001 iter=1750/2500 loss=1.274
  derivmatch lr=0.001 iter=1875/2500 loss=1.908
  derivmatch lr=0.001 iter=2000/2500 loss=1.368
  derivmatch lr=0.001 iter=2125/2500 loss=1.645
  derivmatch lr=0.001 iter=2250/2500 loss=2.512
  derivmatch lr=0.001 iter=2375/2500 loss=1.777
  derivmatch lr=0.001 iter=2500/2500 loss=1.905
  derivmatch lr=0.001 iter=2500/2500 loss=1.038
  derivmatch lr=0.0003 iter=80/1600 loss=0.7678
  derivmatch lr=0.0003 iter=160/1600 loss=0.7208
  derivmatch lr=0.0003 iter=240/1600 loss=1.015
  derivmatch lr=0.0003 iter=320/1600 loss=0.5864
  derivmatch lr=0.0003 iter=400/1600 loss=0.7224
  derivmatch lr=0.0003 iter=480/1600 loss=0.553
  derivmatch lr=0.0003 iter=560/1600 loss=0.5908
  derivmatch lr=0.0003 iter=640/1600 loss=0.6478
  derivmatch lr=0.0003 iter=720/1600 loss=0.7164
  derivmatch lr=0.0003 iter=800/1600 loss=0.7371
  derivmatch lr=0.0003 iter=880/1600 loss=0.5893
  derivmatch lr=0.0003 iter=960/1600 loss=0.5818
  derivmatch lr=0.0003 iter=1040/1600 loss=0.5782
  derivmatch lr=0.0003 iter=1120/1600 loss=0.6639
  derivmatch lr=0.0003 iter=1200/1600 loss=0.7655
  derivmatch lr=0.0003 iter=1280/1600 loss=0.8487
  derivmatch lr=0.0003 iter=1360/1600 loss=0.7502
  derivmatch lr=0.0003 iter=1440/1600 loss=0.4866
  derivmatch lr=0.0003 iter=1520/1600 loss=0.5619
  derivmatch lr=0.0003 iter=1600/1600 loss=0.544
  derivmatch lr=0.0003 iter=1600/1600 loss=0.4357
derivative matching [25s]  fitloss=0.436
  [derivative matching]  nrmse=0.7637  l2=0.7501
  collocation: M=75 residuals=2176  detecting sparsity + solving...

Algorithm: LevenbergMarquardt(
    trustregion = LevenbergMarquardtTrustRegion(
        β_uphill = 0.0
    ),
    descent = GeodesicAcceleration(
        descent = DampedNewtonDescent(
            linsolve = QRFactorization(
                pivot = NoPivot(),
                blocksize = 16,
                inplace = true
            ),
            initial_damping = 1.0,
            damping_fn = LevenbergMarquardtDampingFunction(
                increase_factor = 2.0,
                decrease_factor = 3.0,
                min_damping = 1.0e-8
            ),
            min_norm_mode = :auto
        ),
        finite_diff_step_geodesic = 0.1,
        α = 0.75
    ),
    autodiff = AutoForwardDiff(),
    vjp_autodiff = AutoFiniteDiff(
        fdtype = Val{:forward}(),
        fdjtype = Val{:forward}(),
        fdhtype = Val{:hcentral}(),
        dir = true
    ),
    jvp_autodiff = AutoForwardDiff(),
    concrete_jac = Val{true}()
)

----    	-------------       	-----------         
Iter    	f(u) 2-norm         	Step 2-norm         
----    	-------------       	-----------         
0       	7.88566225e+02      	NaN                 
1       	1.42991530e+04      	1.13457294e-01      
8       	9.89487664e+02      	2.97564074e-02      
15      	2.31064228e+03      	8.88030409e-02      
22      	4.19477449e+02      	8.98938864e-02      
29      	1.53861427e+03      	2.31433959e-01      
36      	6.30360326e+02      	0.00000000e+00      
43      	4.57683147e+03      	0.00000000e+00      
50      	4.71979530e+03      	0.00000000e+00      
57      	2.01983901e+03      	0.00000000e+00      
64      	2.86755935e+01      	2.69852698e-02      
71      	1.94709927e-01      	1.49069395e-05      
78      	1.94709927e-01      	8.03702203e-06      
85      	1.94709927e-01      	4.24899116e-06      
92      	1.94709927e-01      	2.91358963e-06      
99      	1.94709927e-01      	4.93889867e-06      
106     	1.94709927e-01      	6.36367132e-06      
113     	1.94709927e-01      	5.40826841e-06      
120     	1.94709927e-01      	1.55190210e-06      
127     	1.94709927e-01      	2.48644418e-06      
134     	1.94709927e-01      	4.84015963e-06      
141     	1.94709927e-01      	3.07588497e-06      
148     	1.94709927e-01      	4.99552607e-06      
Final   	1.94709927e-01      
----------------------      
  AMR 1/1: M=75  err=0.00713  obs=0.0037  nrmse=2300.0  best=0.764  refined=0
 derivative matching was best (1/1 rounds ran)
collocation [183s]
  [final]  nrmse=0.7637  l2=0.7501
extrapolation window: T=321.8122 -> T_test=643.624  n_test=100
  [train]  E_traj=2.533  E_VF=0.3781  E_spec=2.525e15
  [test ]  E_traj=358300.0  E_VF=235100.0  E_spec=6.133e25
saved /orcd/home/002/txenakis/projects/BVPsolver/src/../data/runs/run_p0kRMQdy/hires_fit.png
saved /orcd/home/002/txenakis/projects/BVPsolver/src/../data/runs/run_p0kRMQdy/hires_fit_extrapolated.png
saved /orcd/home/002/txenakis/projects/BVPsolver/src/../data/runs/run_p0kRMQdy/hires_spectral_fit_extrapolated.png
saved /orcd/home/002/txenakis/projects/BVPsolver/src/../data/runs/run_p0kRMQdy/hires_vf_fit_extrapolated.png
┌ Warning: Attempting to store StiffNN.var"#18#19"{Type{Float64}}.
│ JLD2 only stores functions by name.
│  This may not be useful for anonymous functions.
└ @ JLD2 ~/.julia/packages/JLD2/ADycq/src/data/writing_datatypes.jl:447
saved run → /orcd/home/002/txenakis/projects/BVPsolver/src/../data/runs/run_p0kRMQdy
--------------------------------------
Done: Wed Sep 23 16:48:53 EDT 2026
