Task 20/120: --problem davis-skodje --param 1e-2 --model stiff --profile fast --seed 40 --pretraining derivmatch --training collocation
Logging to /home/txenakis/projects/BVPsolver/logs/run_main_22277856_20.log
davis-skodje  model=stiff width=12 d=2 tlen=300 profile=fast seed=40  solver=Rodas5P  N=268
  derivmatch lr=0.01 iter=170/3400 loss=0.1845
  derivmatch lr=0.01 iter=340/3400 loss=0.02943
  derivmatch lr=0.01 iter=510/3400 loss=0.01604
  derivmatch lr=0.01 iter=680/3400 loss=0.009911
  derivmatch lr=0.01 iter=850/3400 loss=0.006107
  derivmatch lr=0.01 iter=1020/3400 loss=0.003883
  derivmatch lr=0.01 iter=1190/3400 loss=0.002603
  derivmatch lr=0.01 iter=1360/3400 loss=0.001787
  derivmatch lr=0.01 iter=1530/3400 loss=0.001231
  derivmatch lr=0.01 iter=1700/3400 loss=0.0008543
  derivmatch lr=0.01 iter=1870/3400 loss=0.0006086
  derivmatch lr=0.01 iter=2040/3400 loss=0.0004562
  derivmatch lr=0.01 iter=2210/3400 loss=0.0003664
  derivmatch lr=0.01 iter=2380/3400 loss=0.000314
  derivmatch lr=0.01 iter=2550/3400 loss=0.0002812
  derivmatch lr=0.01 iter=2720/3400 loss=0.000258
  derivmatch lr=0.01 iter=2890/3400 loss=0.0002393
  derivmatch lr=0.01 iter=3060/3400 loss=0.0002229
  derivmatch lr=0.01 iter=3230/3400 loss=0.0002079
  derivmatch lr=0.01 iter=3400/3400 loss=0.0001939
  derivmatch lr=0.01 iter=3400/3400 loss=0.0001939
  derivmatch lr=0.003 iter=125/2500 loss=0.0001628
  derivmatch lr=0.003 iter=250/2500 loss=0.0001383
  derivmatch lr=0.003 iter=375/2500 loss=0.000119
  derivmatch lr=0.003 iter=500/2500 loss=0.0001009
  derivmatch lr=0.003 iter=625/2500 loss=8.692e-5
  derivmatch lr=0.003 iter=750/2500 loss=7.111e-5
  derivmatch lr=0.003 iter=875/2500 loss=5.971e-5
  derivmatch lr=0.003 iter=1000/2500 loss=6.584e-5
  derivmatch lr=0.003 iter=1125/2500 loss=4.192e-5
  derivmatch lr=0.003 iter=1250/2500 loss=3.568e-5
  derivmatch lr=0.003 iter=1375/2500 loss=3.123e-5
  derivmatch lr=0.003 iter=1500/2500 loss=2.652e-5
  derivmatch lr=0.003 iter=1625/2500 loss=2.321e-5
  derivmatch lr=0.003 iter=1750/2500 loss=3.702e-5
  derivmatch lr=0.003 iter=1875/2500 loss=1.844e-5
  derivmatch lr=0.003 iter=2000/2500 loss=1.673e-5
  derivmatch lr=0.003 iter=2125/2500 loss=1.983e-5
  derivmatch lr=0.003 iter=2250/2500 loss=1.411e-5
  derivmatch lr=0.003 iter=2375/2500 loss=2.882e-5
  derivmatch lr=0.003 iter=2500/2500 loss=1.218e-5
  derivmatch lr=0.003 iter=2500/2500 loss=1.218e-5
  derivmatch lr=0.001 iter=125/2500 loss=1.205e-5
  derivmatch lr=0.001 iter=250/2500 loss=1.187e-5
  derivmatch lr=0.001 iter=375/2500 loss=1.164e-5
  derivmatch lr=0.001 iter=500/2500 loss=1.137e-5
  derivmatch lr=0.001 iter=625/2500 loss=1.107e-5
  derivmatch lr=0.001 iter=750/2500 loss=1.074e-5
  derivmatch lr=0.001 iter=875/2500 loss=1.04e-5
  derivmatch lr=0.001 iter=1000/2500 loss=1.004e-5
  derivmatch lr=0.001 iter=1125/2500 loss=9.679e-6
  derivmatch lr=0.001 iter=1250/2500 loss=9.311e-6
  derivmatch lr=0.001 iter=1375/2500 loss=8.944e-6
  derivmatch lr=0.001 iter=1500/2500 loss=8.579e-6
  derivmatch lr=0.001 iter=1625/2500 loss=8.219e-6
  derivmatch lr=0.001 iter=1750/2500 loss=7.866e-6
  derivmatch lr=0.001 iter=1875/2500 loss=7.547e-6
  derivmatch lr=0.001 iter=2000/2500 loss=8.556e-6
  derivmatch lr=0.001 iter=2125/2500 loss=6.928e-6
  derivmatch lr=0.001 iter=2250/2500 loss=6.667e-6
  derivmatch lr=0.001 iter=2375/2500 loss=6.708e-6
  derivmatch lr=0.001 iter=2500/2500 loss=7.341e-6
  derivmatch lr=0.001 iter=2500/2500 loss=6.221e-6
  derivmatch lr=0.0003 iter=80/1600 loss=6.192e-6
  derivmatch lr=0.0003 iter=160/1600 loss=6.157e-6
  derivmatch lr=0.0003 iter=240/1600 loss=6.119e-6
  derivmatch lr=0.0003 iter=320/1600 loss=6.074e-6
  derivmatch lr=0.0003 iter=400/1600 loss=6.023e-6
  derivmatch lr=0.0003 iter=480/1600 loss=5.967e-6
  derivmatch lr=0.0003 iter=560/1600 loss=5.905e-6
  derivmatch lr=0.0003 iter=640/1600 loss=5.839e-6
  derivmatch lr=0.0003 iter=720/1600 loss=5.769e-6
  derivmatch lr=0.0003 iter=800/1600 loss=5.696e-6
  derivmatch lr=0.0003 iter=880/1600 loss=5.619e-6
  derivmatch lr=0.0003 iter=960/1600 loss=5.539e-6
  derivmatch lr=0.0003 iter=1040/1600 loss=5.456e-6
  derivmatch lr=0.0003 iter=1120/1600 loss=5.371e-6
  derivmatch lr=0.0003 iter=1200/1600 loss=5.284e-6
  derivmatch lr=0.0003 iter=1280/1600 loss=5.195e-6
  derivmatch lr=0.0003 iter=1360/1600 loss=5.133e-6
  derivmatch lr=0.0003 iter=1440/1600 loss=5.043e-6
  derivmatch lr=0.0003 iter=1520/1600 loss=4.969e-6
  derivmatch lr=0.0003 iter=1600/1600 loss=4.895e-6
  derivmatch lr=0.0003 iter=1600/1600 loss=4.895e-6
derivative matching [37s]  fitloss=4.89e-6
  [derivative matching]  nrmse=0.02399  l2=1.167
  collocation: M=300 residuals=2394  detecting sparsity + solving...

Algorithm: LevenbergMarquardt(
    trustregion = LevenbergMarquardtTrustRegion(
        β_uphill = 0.0
    ),
    descent = GeodesicAcceleration(
        descent = DampedNewtonDescent(
            linsolve = KLUFactorization(
                reuse_symbolic = true,
                check_pattern = true
            ),
            initial_damping = 1.0,
            damping_fn = LevenbergMarquardtDampingFunction(
                increase_factor = 2.0,
                decrease_factor = 3.0,
                min_damping = 1.0e-8
            ),
            min_norm_mode = :auto
        ),
        finite_diff_step_geodesic = 0.1,
        α = 0.75
    ),
    autodiff = AutoForwardDiff(),
    vjp_autodiff = AutoFiniteDiff(
        fdtype = Val{:forward}(),
        fdjtype = Val{:forward}(),
        fdhtype = Val{:hcentral}(),
        dir = true
    ),
    jvp_autodiff = AutoForwardDiff(),
    concrete_jac = Val{true}()
)

----    	-------------       	-----------         
Iter    	f(u) 2-norm         	Step 2-norm         
----    	-------------       	-----------         
0       	2.53203433e+01      	NaN                 
1       	2.53203433e+01      	0.00000000e+00      
8       	4.94211107e-02      	1.01108372e-03      
15      	2.19496634e-03      	4.84104322e-03      
22      	2.44883500e-04      	4.42989456e-02      
29      	1.45275962e-01      	7.18372944e-01      
36      	9.33333062e-01      	8.79869416e-01      
43      	2.21997238e-01      	6.20798975e-01      
50      	9.11905363e-01      	9.82097667e-01      
57      	3.08865120e-02      	0.00000000e+00      
64      	4.96411386e-03      	1.62486554e-01      
71      	2.44200860e-01      	0.00000000e+00      
78      	3.92405268e-01      	3.44797340e-01      
85      	8.37287892e-04      	6.61945026e-02      
92      	7.16766155e-02      	0.00000000e+00      
99      	4.56563658e-05      	0.00000000e+00      
106     	3.49995777e-01      	7.11657009e-01      
113     	3.43459625e-01      	0.00000000e+00      
120     	2.82056118e-03      	1.10719957e-01      
127     	4.95338958e-03      	1.50369691e-01      
134     	8.24390895e-02      	0.00000000e+00      
141     	4.52668230e-02      	0.00000000e+00      
148     	1.16950311e-03      	0.00000000e+00      
Final   	4.56563658e-05      
----------------------      
  AMR 1/3: M=300  err=1.1e-10  obs=9.44e-8  nrmse=0.0173  best=0.0173  refined=15
  collocation: M=315 residuals=2484  detecting sparsity + solving...

Algorithm: LevenbergMarquardt(
    trustregion = LevenbergMarquardtTrustRegion(
        β_uphill = 0.0
    ),
    descent = GeodesicAcceleration(
        descent = DampedNewtonDescent(
            linsolve = KLUFactorization(
                reuse_symbolic = true,
                check_pattern = true
            ),
            initial_damping = 1.0,
            damping_fn = LevenbergMarquardtDampingFunction(
                increase_factor = 2.0,
                decrease_factor = 3.0,
                min_damping = 1.0e-8
            ),
            min_norm_mode = :auto
        ),
        finite_diff_step_geodesic = 0.1,
        α = 0.75
    ),
    autodiff = AutoForwardDiff(),
    vjp_autodiff = AutoFiniteDiff(
        fdtype = Val{:forward}(),
        fdjtype = Val{:forward}(),
        fdhtype = Val{:hcentral}(),
        dir = true
    ),
    jvp_autodiff = AutoForwardDiff(),
    concrete_jac = Val{true}()
)

----    	-------------       	-----------         
Iter    	f(u) 2-norm         	Step 2-norm         
----    	-------------       	-----------         
0       	2.47199701e+01      	1.57381449e+01      
1       	1.13356483e+01      	2.68308436e-02      
8       	8.34043874e-03      	1.58583424e-03      
15      	8.24297450e-04      	1.55336487e-03      
22      	6.41444293e-06      	6.64442015e-04      
29      	8.35726516e-04      	1.05609652e-01      
36      	7.34431578e-02      	0.00000000e+00      
43      	9.39840285e-02      	4.19932772e-01      
50      	5.72168732e-02      	0.00000000e+00      
57      	1.73521316e-02      	0.00000000e+00      
64      	1.15022602e-01      	0.00000000e+00      
71      	2.44252150e-02      	0.00000000e+00      
78      	5.10742714e-05      	0.00000000e+00      
85      	3.03054958e-02      	0.00000000e+00      
92      	1.93272004e-01      	0.00000000e+00      
99      	3.52949536e-02      	2.95264743e-01      
106     	3.02076903e-02      	0.00000000e+00      
113     	5.92112309e-03      	0.00000000e+00      
120     	2.75899906e-02      	0.00000000e+00      
127     	5.00577317e-02      	1.95637998e-01      
134     	5.35259956e-01      	8.89113287e-01      
141     	1.35159940e-02      	0.00000000e+00      
148     	4.70560175e-02      	0.00000000e+00      
Final   	6.39438007e-06      
----------------------      
  AMR 2/3: M=315  err=9.58e-13  obs=8.31e-8  nrmse=0.0173  best=0.0173  refined=28
  collocation: M=352 residuals=2706  detecting sparsity + solving...

Algorithm: LevenbergMarquardt(
    trustregion = LevenbergMarquardtTrustRegion(
        β_uphill = 0.0
    ),
    descent = GeodesicAcceleration(
        descent = DampedNewtonDescent(
            linsolve = KLUFactorization(
                reuse_symbolic = true,
                check_pattern = true
            ),
            initial_damping = 1.0,
            damping_fn = LevenbergMarquardtDampingFunction(
                increase_factor = 2.0,
                decrease_factor = 3.0,
                min_damping = 1.0e-8
            ),
            min_norm_mode = :auto
        ),
        finite_diff_step_geodesic = 0.1,
        α = 0.75
    ),
    autodiff = AutoForwardDiff(),
    vjp_autodiff = AutoFiniteDiff(
        fdtype = Val{:forward}(),
        fdjtype = Val{:forward}(),
        fdhtype = Val{:hcentral}(),
        dir = true
    ),
    jvp_autodiff = AutoForwardDiff(),
    concrete_jac = Val{true}()
)

----    	-------------       	-----------         
Iter    	f(u) 2-norm         	Step 2-norm         
----    	-------------       	-----------         
0       	2.41279989e+01      	8.86495057e-316     
1       	1.10198051e+01      	2.73646318e-02      
8       	1.01287961e-02      	2.00418042e-03      
15      	8.05100003e-04      	1.52416589e-03      
22      	5.59626185e-06      	6.86187775e-04      
29      	6.79089784e-04      	9.33000149e-02      
36      	1.17990918e-01      	0.00000000e+00      
43      	4.73543597e-01      	1.08759679e+00      
50      	1.40285984e-02      	2.10490780e-01      
57      	1.27198025e-02      	0.00000000e+00      
64      	4.40146274e-01      	0.00000000e+00      
71      	2.42114794e-01      	0.00000000e+00      
78      	2.45530350e-01      	4.80900978e-01      
85      	1.34646200e+00      	1.43817216e+00      
92      	4.58162380e-03      	8.98276202e-02      
99      	5.09310937e-02      	2.01949798e-01      
106     	7.60316317e-02      	0.00000000e+00      
113     	4.58182653e-05      	3.78422199e-02      
120     	1.90589697e-01      	0.00000000e+00      
127     	2.63036544e-02      	3.33983276e-01      
134     	6.09339491e-03      	0.00000000e+00      
141     	4.31300578e-03      	0.00000000e+00      
148     	2.12432943e-02      	0.00000000e+00      
Final   	5.56710672e-06      
----------------------      
  AMR 3/3: M=352  err=5.57e-13  obs=7.28e-8  nrmse=0.0172  best=0.0172  refined=0
collocation [136s]
  [final]  nrmse=0.01717  l2=0.8382
extrapolation window: T=15.0 -> T_test=30.0  n_test=600
  [train]  E_traj=0.0008825  E_VF=3.737e-6  E_spec=0.3486
  [test ]  E_traj=1.421e14  E_VF=153.7  E_spec=0.4623
saved /orcd/home/002/txenakis/projects/BVPsolver/src/../data/runs/run_6yLlSOUy/davis-skodje_fit.png
saved /orcd/home/002/txenakis/projects/BVPsolver/src/../data/runs/run_6yLlSOUy/davis-skodje_fit_extrapolated.png
saved /orcd/home/002/txenakis/projects/BVPsolver/src/../data/runs/run_6yLlSOUy/davis-skodje_spectral_fit_extrapolated.png
saved /orcd/home/002/txenakis/projects/BVPsolver/src/../data/runs/run_6yLlSOUy/davis-skodje_vf_fit_extrapolated.png
┌ Warning: Attempting to store StiffNN.var"#22#23"{Float64}.
│ JLD2 only stores functions by name.
│  This may not be useful for anonymous functions.
└ @ JLD2 ~/.julia/packages/JLD2/ADycq/src/data/writing_datatypes.jl:447
saved run → /orcd/home/002/txenakis/projects/BVPsolver/src/../data/runs/run_6yLlSOUy
--------------------------------------
Done: Tue Sep  8 06:35:47 EDT 2026
