Task 84/750: --problem rober --model stiff --profile fast --seed 234 --pretraining derivmatch --training shooting
Logging to /home/txenakis/projects/BVPsolver/logs/run_main_23648109_84.log
rober  model=stiff width=12 d=3 tlen=50 profile=fast seed=234  solver=Rodas5  N=318
  derivmatch lr=0.01 iter=170/3400 loss=0.2107
  derivmatch lr=0.01 iter=340/3400 loss=0.09406
  derivmatch lr=0.01 iter=510/3400 loss=0.05498
  derivmatch lr=0.01 iter=680/3400 loss=0.03854
  derivmatch lr=0.01 iter=850/3400 loss=0.02782
  derivmatch lr=0.01 iter=1020/3400 loss=0.01963
  derivmatch lr=0.01 iter=1190/3400 loss=0.01327
  derivmatch lr=0.01 iter=1360/3400 loss=0.009405
  derivmatch lr=0.01 iter=1530/3400 loss=0.007377
  derivmatch lr=0.01 iter=1700/3400 loss=0.006072
  derivmatch lr=0.01 iter=1870/3400 loss=0.005483
  derivmatch lr=0.01 iter=2040/3400 loss=0.004236
  derivmatch lr=0.01 iter=2210/3400 loss=0.003928
  derivmatch lr=0.01 iter=2380/3400 loss=0.003401
  derivmatch lr=0.01 iter=2550/3400 loss=0.004048
  derivmatch lr=0.01 iter=2720/3400 loss=0.00257
  derivmatch lr=0.01 iter=2890/3400 loss=0.002156
  derivmatch lr=0.01 iter=3060/3400 loss=0.002296
  derivmatch lr=0.01 iter=3230/3400 loss=0.001632
  derivmatch lr=0.01 iter=3400/3400 loss=0.002612
  derivmatch lr=0.01 iter=3400/3400 loss=0.001157
  derivmatch lr=0.003 iter=125/2500 loss=0.001186
  derivmatch lr=0.003 iter=250/2500 loss=0.0008721
  derivmatch lr=0.003 iter=375/2500 loss=0.000665
  derivmatch lr=0.003 iter=500/2500 loss=0.000536
  derivmatch lr=0.003 iter=625/2500 loss=0.0004616
  derivmatch lr=0.003 iter=750/2500 loss=0.0004445
  derivmatch lr=0.003 iter=875/2500 loss=0.0004434
  derivmatch lr=0.003 iter=1000/2500 loss=0.0003974
  derivmatch lr=0.003 iter=1125/2500 loss=0.0003605
  derivmatch lr=0.003 iter=1250/2500 loss=0.0006218
  derivmatch lr=0.003 iter=1375/2500 loss=0.0003687
  derivmatch lr=0.003 iter=1500/2500 loss=0.0002941
  derivmatch lr=0.003 iter=1625/2500 loss=0.0003373
  derivmatch lr=0.003 iter=1750/2500 loss=0.0003196
  derivmatch lr=0.003 iter=1875/2500 loss=0.0002446
  derivmatch lr=0.003 iter=2000/2500 loss=0.0002258
  derivmatch lr=0.003 iter=2125/2500 loss=0.0002774
  derivmatch lr=0.003 iter=2250/2500 loss=0.0001982
  derivmatch lr=0.003 iter=2375/2500 loss=0.0002193
  derivmatch lr=0.003 iter=2500/2500 loss=0.0001848
  derivmatch lr=0.003 iter=2500/2500 loss=0.0001802
  derivmatch lr=0.001 iter=125/2500 loss=0.0001817
  derivmatch lr=0.001 iter=250/2500 loss=0.0001757
  derivmatch lr=0.001 iter=375/2500 loss=0.0001712
  derivmatch lr=0.001 iter=500/2500 loss=0.0001665
  derivmatch lr=0.001 iter=625/2500 loss=0.0001619
  derivmatch lr=0.001 iter=750/2500 loss=0.0001572
  derivmatch lr=0.001 iter=875/2500 loss=0.0001525
  derivmatch lr=0.001 iter=1000/2500 loss=0.0002112
  derivmatch lr=0.001 iter=1125/2500 loss=0.0001456
  derivmatch lr=0.001 iter=1250/2500 loss=0.0001412
  derivmatch lr=0.001 iter=1375/2500 loss=0.0001369
  derivmatch lr=0.001 iter=1500/2500 loss=0.0001341
  derivmatch lr=0.001 iter=1625/2500 loss=0.0001298
  derivmatch lr=0.001 iter=1750/2500 loss=0.0001279
  derivmatch lr=0.001 iter=1875/2500 loss=0.0001375
  derivmatch lr=0.001 iter=2000/2500 loss=0.0001214
  derivmatch lr=0.001 iter=2125/2500 loss=0.0001156
  derivmatch lr=0.001 iter=2250/2500 loss=0.0001126
  derivmatch lr=0.001 iter=2375/2500 loss=0.0001107
  derivmatch lr=0.001 iter=2500/2500 loss=0.000143
  derivmatch lr=0.001 iter=2500/2500 loss=0.0001062
  derivmatch lr=0.0003 iter=80/1600 loss=0.0001067
  derivmatch lr=0.0003 iter=160/1600 loss=0.0001058
  derivmatch lr=0.0003 iter=240/1600 loss=0.0001053
  derivmatch lr=0.0003 iter=320/1600 loss=0.0001048
  derivmatch lr=0.0003 iter=400/1600 loss=0.0001042
  derivmatch lr=0.0003 iter=480/1600 loss=0.0001035
  derivmatch lr=0.0003 iter=560/1600 loss=0.0001028
  derivmatch lr=0.0003 iter=640/1600 loss=0.000102
  derivmatch lr=0.0003 iter=720/1600 loss=0.0001012
  derivmatch lr=0.0003 iter=800/1600 loss=0.0001004
  derivmatch lr=0.0003 iter=880/1600 loss=9.95e-5
  derivmatch lr=0.0003 iter=960/1600 loss=9.857e-5
  derivmatch lr=0.0003 iter=1040/1600 loss=9.761e-5
  derivmatch lr=0.0003 iter=1120/1600 loss=9.661e-5
  derivmatch lr=0.0003 iter=1200/1600 loss=9.558e-5
  derivmatch lr=0.0003 iter=1280/1600 loss=9.451e-5
  derivmatch lr=0.0003 iter=1360/1600 loss=9.341e-5
  derivmatch lr=0.0003 iter=1440/1600 loss=9.228e-5
  derivmatch lr=0.0003 iter=1520/1600 loss=9.111e-5
  derivmatch lr=0.0003 iter=1600/1600 loss=8.992e-5
  derivmatch lr=0.0003 iter=1600/1600 loss=8.992e-5
derivative matching [33s]  fitloss=8.99e-5
  [derivative matching]  nrmse=0.6549  l2=5.137
  shooting iter=50/1000 loss=0.04235
  shooting iter=100/1000 loss=0.0121
  shooting iter=150/1000 loss=0.00442
  shooting iter=200/1000 loss=0.002368
  shooting iter=250/1000 loss=0.001923
  shooting iter=300/1000 loss=0.001592
  shooting iter=350/1000 loss=0.001091
  shooting iter=400/1000 loss=0.001918
  shooting iter=450/1000 loss=0.0008994
  shooting iter=500/1000 loss=0.0009765
  shooting iter=550/1000 loss=0.0008885
  shooting iter=600/1000 loss=0.0008802
  shooting iter=650/1000 loss=0.0009938
  shooting iter=700/1000 loss=0.0007447
  shooting iter=750/1000 loss=0.0008274
  shooting iter=800/1000 loss=0.00126
  shooting iter=850/1000 loss=0.0008868
  shooting iter=900/1000 loss=0.000707
  shooting iter=950/1000 loss=0.0005449
  shooting iter=1000/1000 loss=0.0004263
  shooting iter=1000/1000 loss=0.0003165
shooting [701s]  loss=0.000316
  [final]  nrmse=0.0005209  l2=0.002124
extrapolation window: T=1000.0 -> T_test=1.0e12  n_test=100
  [train]  E_traj=8.89e-7  E_VF=0.01461  E_spec=1.6e27
  [test ]  E_traj=1.021  E_VF=1.129e11  E_spec=1.052e24
saved /orcd/home/002/txenakis/projects/BVPsolver/src/../data/runs/run_GeBd9u3n/rober_fit.png
saved /orcd/home/002/txenakis/projects/BVPsolver/src/../data/runs/run_GeBd9u3n/rober_fit_extrapolated.png
saved /orcd/home/002/txenakis/projects/BVPsolver/src/../data/runs/run_GeBd9u3n/rober_spectral_fit_extrapolated.png
saved /orcd/home/002/txenakis/projects/BVPsolver/src/../data/runs/run_GeBd9u3n/rober_vf_fit_extrapolated.png
┌ Warning: Attempting to store StiffNN.var"#12#13"{Float64, Float64, Float64}.
│ JLD2 only stores functions by name.
│  This may not be useful for anonymous functions.
└ @ JLD2 ~/.julia/packages/JLD2/ADycq/src/data/writing_datatypes.jl:447
saved run → /orcd/home/002/txenakis/projects/BVPsolver/src/../data/runs/run_GeBd9u3n
--------------------------------------
Done: Thu Sep 24 10:30:00 EDT 2026
