Task 39/150: --problem rober --model stiff --profile fast --seed 39 --pretraining none --training shooting
Logging to /home/txenakis/projects/BVPsolver/logs/run_main_22277775_39.log
rober  model=stiff width=12 d=3 tlen=50 profile=fast seed=39  solver=Rodas5  N=318
  shooting iter=50/1000 loss=0.1523
  shooting iter=100/1000 loss=0.09334
  shooting iter=150/1000 loss=0.05949
  shooting iter=200/1000 loss=0.05466
  shooting iter=250/1000 loss=0.05444
  shooting iter=300/1000 loss=0.05397
  shooting iter=350/1000 loss=0.05477
  shooting iter=400/1000 loss=0.05327
  shooting iter=450/1000 loss=0.05342
  shooting iter=500/1000 loss=0.05321
  shooting iter=550/1000 loss=0.05325
  shooting iter=600/1000 loss=0.05282
  shooting iter=650/1000 loss=0.05408
  shooting iter=700/1000 loss=0.05299
  shooting iter=750/1000 loss=0.05341
  shooting iter=800/1000 loss=0.05365
  shooting iter=850/1000 loss=0.05353
  shooting iter=900/1000 loss=0.05318
  shooting iter=950/1000 loss=0.05298
  shooting iter=1000/1000 loss=0.05291
  shooting iter=1000/1000 loss=0.0526
shooting [367s]  loss=0.0526
  [final]  nrmse=0.183  l2=1.486
extrapolation window: T=1000.0 -> T_test=1.0e12  n_test=100
  [train]  E_traj=0.3359  E_VF=2.023  E_spec=2.414e27
  [test ]  E_traj=2.161  E_VF=3.07e14  E_spec=1.614e25
saved /orcd/home/002/txenakis/projects/BVPsolver/src/../data/runs/run_Mza6sTCj/rober_fit.png
saved /orcd/home/002/txenakis/projects/BVPsolver/src/../data/runs/run_Mza6sTCj/rober_fit_extrapolated.png
saved /orcd/home/002/txenakis/projects/BVPsolver/src/../data/runs/run_Mza6sTCj/rober_spectral_fit_extrapolated.png
saved /orcd/home/002/txenakis/projects/BVPsolver/src/../data/runs/run_Mza6sTCj/rober_vf_fit_extrapolated.png
┌ Warning: Attempting to store StiffNN.var"#12#13"{Float64, Float64, Float64}.
│ JLD2 only stores functions by name.
│  This may not be useful for anonymous functions.
└ @ JLD2 ~/.julia/packages/JLD2/ADycq/src/data/writing_datatypes.jl:447
saved run → /orcd/home/002/txenakis/projects/BVPsolver/src/../data/runs/run_Mza6sTCj
--------------------------------------
Done: Tue Sep  8 06:07:47 EDT 2026
