Task 1296/1800: --problem orego --model stiff --profile fast --seed 146 --pretraining derivmatch --training collocation
Logging to /home/txenakis/projects/BVPsolver/logs/run_main_23593274_1296.log
orego  model=stiff width=16 d=3 tlen=112 profile=fast seed=146  solver=Rodas5  N=486
  derivmatch lr=0.01 iter=170/3400 loss=0.08508
  derivmatch lr=0.01 iter=340/3400 loss=0.03988
  derivmatch lr=0.01 iter=510/3400 loss=0.01869
  derivmatch lr=0.01 iter=680/3400 loss=0.01191
  derivmatch lr=0.01 iter=850/3400 loss=0.009266
  derivmatch lr=0.01 iter=1020/3400 loss=0.007809
  derivmatch lr=0.01 iter=1190/3400 loss=0.006801
  derivmatch lr=0.01 iter=1360/3400 loss=0.006012
  derivmatch lr=0.01 iter=1530/3400 loss=0.005326
  derivmatch lr=0.01 iter=1700/3400 loss=0.004672
  derivmatch lr=0.01 iter=1870/3400 loss=0.01131
  derivmatch lr=0.01 iter=2040/3400 loss=0.003725
  derivmatch lr=0.01 iter=2210/3400 loss=0.003161
  derivmatch lr=0.01 iter=2380/3400 loss=0.002836
  derivmatch lr=0.01 iter=2550/3400 loss=0.007796
  derivmatch lr=0.01 iter=2720/3400 loss=0.003926
  derivmatch lr=0.01 iter=2890/3400 loss=0.003017
  derivmatch lr=0.01 iter=3060/3400 loss=0.002447
  derivmatch lr=0.01 iter=3230/3400 loss=0.002025
  derivmatch lr=0.01 iter=3400/3400 loss=0.001703
  derivmatch lr=0.01 iter=3400/3400 loss=0.001703
  derivmatch lr=0.003 iter=125/2500 loss=0.001235
  derivmatch lr=0.003 iter=250/2500 loss=0.0008812
  derivmatch lr=0.003 iter=375/2500 loss=0.0006817
  derivmatch lr=0.003 iter=500/2500 loss=0.0005805
  derivmatch lr=0.003 iter=625/2500 loss=0.0005184
  derivmatch lr=0.003 iter=750/2500 loss=0.00047
  derivmatch lr=0.003 iter=875/2500 loss=0.000482
  derivmatch lr=0.003 iter=1000/2500 loss=0.0003982
  derivmatch lr=0.003 iter=1125/2500 loss=0.000429
  derivmatch lr=0.003 iter=1250/2500 loss=0.0003777
  derivmatch lr=0.003 iter=1375/2500 loss=0.0003417
  derivmatch lr=0.003 iter=1500/2500 loss=0.0003013
  derivmatch lr=0.003 iter=1625/2500 loss=0.0003183
  derivmatch lr=0.003 iter=1750/2500 loss=0.0002628
  derivmatch lr=0.003 iter=1875/2500 loss=0.0002661
  derivmatch lr=0.003 iter=2000/2500 loss=0.0002265
  derivmatch lr=0.003 iter=2125/2500 loss=0.000261
  derivmatch lr=0.003 iter=2250/2500 loss=0.0002112
  derivmatch lr=0.003 iter=2375/2500 loss=0.0001981
  derivmatch lr=0.003 iter=2500/2500 loss=0.0001875
  derivmatch lr=0.003 iter=2500/2500 loss=0.0001828
  derivmatch lr=0.001 iter=125/2500 loss=0.0001692
  derivmatch lr=0.001 iter=250/2500 loss=0.0001664
  derivmatch lr=0.001 iter=375/2500 loss=0.0001628
  derivmatch lr=0.001 iter=500/2500 loss=0.0001588
  derivmatch lr=0.001 iter=625/2500 loss=0.0001543
  derivmatch lr=0.001 iter=750/2500 loss=0.0001498
  derivmatch lr=0.001 iter=875/2500 loss=0.0001453
  derivmatch lr=0.001 iter=1000/2500 loss=0.0001406
  derivmatch lr=0.001 iter=1125/2500 loss=0.0001359
  derivmatch lr=0.001 iter=1250/2500 loss=0.0001314
  derivmatch lr=0.001 iter=1375/2500 loss=0.000128
  derivmatch lr=0.001 iter=1500/2500 loss=0.0001245
  derivmatch lr=0.001 iter=1625/2500 loss=0.0001199
  derivmatch lr=0.001 iter=1750/2500 loss=0.0001157
  derivmatch lr=0.001 iter=1875/2500 loss=0.000123
  derivmatch lr=0.001 iter=2000/2500 loss=0.0001129
  derivmatch lr=0.001 iter=2125/2500 loss=0.000106
  derivmatch lr=0.001 iter=2250/2500 loss=0.0001033
  derivmatch lr=0.001 iter=2375/2500 loss=0.0001012
  derivmatch lr=0.001 iter=2500/2500 loss=0.0001014
  derivmatch lr=0.001 iter=2500/2500 loss=9.813e-5
  derivmatch lr=0.0003 iter=80/1600 loss=9.78e-5
  derivmatch lr=0.0003 iter=160/1600 loss=9.742e-5
  derivmatch lr=0.0003 iter=240/1600 loss=9.696e-5
  derivmatch lr=0.0003 iter=320/1600 loss=9.641e-5
  derivmatch lr=0.0003 iter=400/1600 loss=9.578e-5
  derivmatch lr=0.0003 iter=480/1600 loss=9.51e-5
  derivmatch lr=0.0003 iter=560/1600 loss=9.436e-5
  derivmatch lr=0.0003 iter=640/1600 loss=9.356e-5
  derivmatch lr=0.0003 iter=720/1600 loss=9.272e-5
  derivmatch lr=0.0003 iter=800/1600 loss=9.184e-5
  derivmatch lr=0.0003 iter=880/1600 loss=9.092e-5
  derivmatch lr=0.0003 iter=960/1600 loss=8.996e-5
  derivmatch lr=0.0003 iter=1040/1600 loss=8.897e-5
  derivmatch lr=0.0003 iter=1120/1600 loss=8.794e-5
  derivmatch lr=0.0003 iter=1200/1600 loss=8.69e-5
  derivmatch lr=0.0003 iter=1280/1600 loss=8.584e-5
  derivmatch lr=0.0003 iter=1360/1600 loss=8.477e-5
  derivmatch lr=0.0003 iter=1440/1600 loss=8.369e-5
  derivmatch lr=0.0003 iter=1520/1600 loss=8.269e-5
  derivmatch lr=0.0003 iter=1600/1600 loss=8.152e-5
  derivmatch lr=0.0003 iter=1600/1600 loss=8.152e-5
derivative matching [30s]  fitloss=8.15e-5
  [derivative matching]  nrmse=0.9396  l2=613200.0
  collocation: M=127 residuals=1470  detecting sparsity + solving...

Algorithm: LevenbergMarquardt(
    trustregion = LevenbergMarquardtTrustRegion(
        β_uphill = 0.0
    ),
    descent = GeodesicAcceleration(
        descent = DampedNewtonDescent(
            linsolve = KLUFactorization(
                reuse_symbolic = true,
                check_pattern = true
            ),
            initial_damping = 1.0,
            damping_fn = LevenbergMarquardtDampingFunction(
                increase_factor = 2.0,
                decrease_factor = 3.0,
                min_damping = 1.0e-8
            ),
            min_norm_mode = :auto
        ),
        finite_diff_step_geodesic = 0.1,
        α = 0.75
    ),
    autodiff = AutoForwardDiff(),
    vjp_autodiff = AutoFiniteDiff(
        fdtype = Val{:forward}(),
        fdjtype = Val{:forward}(),
        fdhtype = Val{:hcentral}(),
        dir = true
    ),
    jvp_autodiff = AutoForwardDiff(),
    concrete_jac = Val{true}()
)

----    	-------------       	-----------         
Iter    	f(u) 2-norm         	Step 2-norm         
----    	-------------       	-----------         
0       	1.31517394e+02      	3.37670811e-309     
1       	1.59144478e+02      	4.06307351e-03      
8       	8.78227225e+01      	3.51128886e-02      
15      	4.27645333e+00      	1.39079806e-01      
22      	1.80070518e+00      	5.41729306e-01      
29      	1.14845220e+00      	0.00000000e+00      
36      	8.92825863e-01      	1.46619319e-01      
43      	1.07072729e+00      	0.00000000e+00      
50      	1.95749919e+00      	7.29634632e-01      
57      	5.00606918e-01      	0.00000000e+00      
64      	3.99107974e-01      	0.00000000e+00      
71      	6.98190837e-01      	0.00000000e+00      
78      	4.61401361e-01      	0.00000000e+00      
85      	8.22646373e+00      	8.37876262e-01      
92      	1.39120932e+01      	0.00000000e+00      
99      	5.34528482e+00      	0.00000000e+00      
106     	2.27413603e+00      	0.00000000e+00      
113     	1.53343460e+00      	0.00000000e+00      
120     	5.76840632e-01      	4.19821712e-01      
127     	7.03631460e-01      	5.01761398e-01      
134     	5.73622076e-01      	0.00000000e+00      
141     	1.13593638e+00      	0.00000000e+00      
148     	4.12592884e-01      	3.31821662e-01      
Final   	3.21430071e-02      
----------------------      
  AMR 1/1: M=127  err=0.000104  obs=1.49e-9  nrmse=0.095  best=0.095  refined=0
collocation [64s]
  [final]  nrmse=0.09505  l2=197600.0
extrapolation window: T=180.0 -> T_test=360.0  n_test=224
  [train]  E_traj=0.07129  E_VF=1.379e-5  E_spec=7.126
  [test ]  E_traj=1.092  E_VF=1.457e-5  E_spec=0.8853
saved /orcd/home/002/txenakis/projects/BVPsolver/src/../data/runs/run_8fVWiHIC/orego_fit.png
saved /orcd/home/002/txenakis/projects/BVPsolver/src/../data/runs/run_8fVWiHIC/orego_fit_extrapolated.png
saved /orcd/home/002/txenakis/projects/BVPsolver/src/../data/runs/run_8fVWiHIC/orego_spectral_fit_extrapolated.png
saved /orcd/home/002/txenakis/projects/BVPsolver/src/../data/runs/run_8fVWiHIC/orego_vf_fit_extrapolated.png
┌ Warning: Attempting to store StiffNN.var"#20#21"{Float64, Float64, Float64}.
│ JLD2 only stores functions by name.
│  This may not be useful for anonymous functions.
└ @ JLD2 ~/.julia/packages/JLD2/ADycq/src/data/writing_datatypes.jl:447
saved run → /orcd/home/002/txenakis/projects/BVPsolver/src/../data/runs/run_8fVWiHIC
--------------------------------------
Done: Wed Sep 23 20:55:54 EDT 2026
