Task 45/120: --problem davis-skodje --param 1e-3 --model stiff --profile fast --seed 45 --pretraining derivmatch --training collocation
Logging to /home/txenakis/projects/BVPsolver/logs/run_main_22277856_45.log
davis-skodje  model=stiff width=12 d=2 tlen=300 profile=fast seed=45  solver=Rodas5P  N=268
  derivmatch lr=0.01 iter=170/3400 loss=0.5376
  derivmatch lr=0.01 iter=340/3400 loss=0.1417
  derivmatch lr=0.01 iter=510/3400 loss=0.1237
  derivmatch lr=0.01 iter=680/3400 loss=0.09114
  derivmatch lr=0.01 iter=850/3400 loss=0.08033
  derivmatch lr=0.01 iter=1020/3400 loss=0.0732
  derivmatch lr=0.01 iter=1190/3400 loss=0.06737
  derivmatch lr=0.01 iter=1360/3400 loss=0.06204
  derivmatch lr=0.01 iter=1530/3400 loss=0.05715
  derivmatch lr=0.01 iter=1700/3400 loss=0.05286
  derivmatch lr=0.01 iter=1870/3400 loss=0.04924
  derivmatch lr=0.01 iter=2040/3400 loss=0.04619
  derivmatch lr=0.01 iter=2210/3400 loss=0.0436
  derivmatch lr=0.01 iter=2380/3400 loss=0.04139
  derivmatch lr=0.01 iter=2550/3400 loss=0.03946
  derivmatch lr=0.01 iter=2720/3400 loss=0.03777
  derivmatch lr=0.01 iter=2890/3400 loss=0.03627
  derivmatch lr=0.01 iter=3060/3400 loss=0.03491
  derivmatch lr=0.01 iter=3230/3400 loss=0.03368
  derivmatch lr=0.01 iter=3400/3400 loss=0.03254
  derivmatch lr=0.01 iter=3400/3400 loss=0.02725
  derivmatch lr=0.003 iter=125/2500 loss=0.01519
  derivmatch lr=0.003 iter=250/2500 loss=0.01175
  derivmatch lr=0.003 iter=375/2500 loss=0.01518
  derivmatch lr=0.003 iter=500/2500 loss=0.01006
  derivmatch lr=0.003 iter=625/2500 loss=0.01254
  derivmatch lr=0.003 iter=750/2500 loss=0.009101
  derivmatch lr=0.003 iter=875/2500 loss=0.008604
  derivmatch lr=0.003 iter=1000/2500 loss=0.01501
  derivmatch lr=0.003 iter=1125/2500 loss=0.01084
  derivmatch lr=0.003 iter=1250/2500 loss=0.01053
  derivmatch lr=0.003 iter=1375/2500 loss=0.01163
  derivmatch lr=0.003 iter=1500/2500 loss=0.01203
  derivmatch lr=0.003 iter=1625/2500 loss=0.01086
  derivmatch lr=0.003 iter=1750/2500 loss=0.01151
  derivmatch lr=0.003 iter=1875/2500 loss=0.01053
  derivmatch lr=0.003 iter=2000/2500 loss=0.01122
  derivmatch lr=0.003 iter=2125/2500 loss=0.01024
  derivmatch lr=0.003 iter=2250/2500 loss=0.01096
  derivmatch lr=0.003 iter=2375/2500 loss=0.009988
  derivmatch lr=0.003 iter=2500/2500 loss=0.01073
  derivmatch lr=0.003 iter=2500/2500 loss=0.008602
  derivmatch lr=0.001 iter=125/2500 loss=0.008701
  derivmatch lr=0.001 iter=250/2500 loss=0.008278
  derivmatch lr=0.001 iter=375/2500 loss=0.007985
  derivmatch lr=0.001 iter=500/2500 loss=0.007726
  derivmatch lr=0.001 iter=625/2500 loss=0.007466
  derivmatch lr=0.001 iter=750/2500 loss=0.007197
  derivmatch lr=0.001 iter=875/2500 loss=0.006917
  derivmatch lr=0.001 iter=1000/2500 loss=0.006627
  derivmatch lr=0.001 iter=1125/2500 loss=0.00644
  derivmatch lr=0.001 iter=1250/2500 loss=0.006627
  derivmatch lr=0.001 iter=1375/2500 loss=0.005946
  derivmatch lr=0.001 iter=1500/2500 loss=0.005717
  derivmatch lr=0.001 iter=1625/2500 loss=0.005971
  derivmatch lr=0.001 iter=1750/2500 loss=0.005973
  derivmatch lr=0.001 iter=1875/2500 loss=0.005569
  derivmatch lr=0.001 iter=2000/2500 loss=0.005279
  derivmatch lr=0.001 iter=2125/2500 loss=0.005727
  derivmatch lr=0.001 iter=2250/2500 loss=0.004779
  derivmatch lr=0.001 iter=2375/2500 loss=0.0047
  derivmatch lr=0.001 iter=2500/2500 loss=0.005175
  derivmatch lr=0.001 iter=2500/2500 loss=0.004405
  derivmatch lr=0.0003 iter=80/1600 loss=0.004402
  derivmatch lr=0.0003 iter=160/1600 loss=0.004374
  derivmatch lr=0.0003 iter=240/1600 loss=0.004343
  derivmatch lr=0.0003 iter=320/1600 loss=0.00431
  derivmatch lr=0.0003 iter=400/1600 loss=0.004274
  derivmatch lr=0.0003 iter=480/1600 loss=0.004236
  derivmatch lr=0.0003 iter=560/1600 loss=0.004196
  derivmatch lr=0.0003 iter=640/1600 loss=0.004154
  derivmatch lr=0.0003 iter=720/1600 loss=0.00411
  derivmatch lr=0.0003 iter=800/1600 loss=0.004064
  derivmatch lr=0.0003 iter=880/1600 loss=0.004016
  derivmatch lr=0.0003 iter=960/1600 loss=0.003967
  derivmatch lr=0.0003 iter=1040/1600 loss=0.003916
  derivmatch lr=0.0003 iter=1120/1600 loss=0.003863
  derivmatch lr=0.0003 iter=1200/1600 loss=0.003809
  derivmatch lr=0.0003 iter=1280/1600 loss=0.003753
  derivmatch lr=0.0003 iter=1360/1600 loss=0.003696
  derivmatch lr=0.0003 iter=1440/1600 loss=0.003638
  derivmatch lr=0.0003 iter=1520/1600 loss=0.003578
  derivmatch lr=0.0003 iter=1600/1600 loss=0.003516
  derivmatch lr=0.0003 iter=1600/1600 loss=0.003516
derivative matching [34s]  fitloss=0.00352
  [derivative matching]  nrmse=0.1936  l2=9.465
  collocation: M=300 residuals=2394  detecting sparsity + solving...

Algorithm: LevenbergMarquardt(
    trustregion = LevenbergMarquardtTrustRegion(
        β_uphill = 0.0
    ),
    descent = GeodesicAcceleration(
        descent = DampedNewtonDescent(
            linsolve = KLUFactorization(
                reuse_symbolic = true,
                check_pattern = true
            ),
            initial_damping = 1.0,
            damping_fn = LevenbergMarquardtDampingFunction(
                increase_factor = 2.0,
                decrease_factor = 3.0,
                min_damping = 1.0e-8
            ),
            min_norm_mode = :auto
        ),
        finite_diff_step_geodesic = 0.1,
        α = 0.75
    ),
    autodiff = AutoForwardDiff(),
    vjp_autodiff = AutoFiniteDiff(
        fdtype = Val{:forward}(),
        fdjtype = Val{:forward}(),
        fdhtype = Val{:hcentral}(),
        dir = true
    ),
    jvp_autodiff = AutoForwardDiff(),
    concrete_jac = Val{true}()
)

----    	-------------       	-----------         
Iter    	f(u) 2-norm         	Step 2-norm         
----    	-------------       	-----------         
0       	4.17361828e+01      	1.82337609e-315     
1       	4.17361828e+01      	0.00000000e+00      
8       	3.28220943e+01      	2.52186033e-01      
15      	2.70459795e-01      	8.93308311e-02      
22      	9.46474387e-03      	4.01985129e-02      
29      	2.71676274e+00      	0.00000000e+00      
36      	3.40633487e-01      	1.13327132e+00      
43      	1.87952812e+00      	0.00000000e+00      
50      	4.41286957e-02      	0.00000000e+00      
57      	1.35827244e-02      	0.00000000e+00      
64      	3.47655606e+00      	9.04642542e-01      
71      	5.07348925e+01      	0.00000000e+00      
78      	5.07348925e+01      	0.00000000e+00      
85      	5.07348925e+01      	0.00000000e+00      
92      	5.07348925e+01      	0.00000000e+00      
99      	5.07348925e+01      	0.00000000e+00      
106     	5.07348925e+01      	0.00000000e+00      
113     	9.05963814e-01      	6.15328667e-02      
120     	1.12705043e-03      	5.12912056e-04      
127     	2.45851156e-03      	5.45698256e-02      
134     	1.29426566e-01      	0.00000000e+00      
141     	9.11672461e-03      	2.45931828e-01      
148     	1.39745709e+00      	0.00000000e+00      
Final   	7.58474311e-04      
----------------------      
  AMR 1/3: M=300  err=1.13e-7  obs=2.12e-5  nrmse=0.0441  best=0.0441  refined=1
  collocation: M=301 residuals=2400  detecting sparsity + solving...

Algorithm: LevenbergMarquardt(
    trustregion = LevenbergMarquardtTrustRegion(
        β_uphill = 0.0
    ),
    descent = GeodesicAcceleration(
        descent = DampedNewtonDescent(
            linsolve = KLUFactorization(
                reuse_symbolic = true,
                check_pattern = true
            ),
            initial_damping = 1.0,
            damping_fn = LevenbergMarquardtDampingFunction(
                increase_factor = 2.0,
                decrease_factor = 3.0,
                min_damping = 1.0e-8
            ),
            min_norm_mode = :auto
        ),
        finite_diff_step_geodesic = 0.1,
        α = 0.75
    ),
    autodiff = AutoForwardDiff(),
    vjp_autodiff = AutoFiniteDiff(
        fdtype = Val{:forward}(),
        fdjtype = Val{:forward}(),
        fdhtype = Val{:hcentral}(),
        dir = true
    ),
    jvp_autodiff = AutoForwardDiff(),
    concrete_jac = Val{true}()
)

----    	-------------       	-----------         
Iter    	f(u) 2-norm         	Step 2-norm         
----    	-------------       	-----------         
0       	2.07647530e+01      	NaN                 
1       	9.18988549e+00      	2.21447079e+00      
8       	6.57545207e-03      	8.50514659e-03      
15      	8.16730069e-04      	2.78118401e-02      
22      	6.12422794e-02      	0.00000000e+00      
29      	8.80996213e-02      	0.00000000e+00      
36      	8.80996213e-02      	0.00000000e+00      
43      	8.80996213e-02      	0.00000000e+00      
50      	8.80996213e-02      	0.00000000e+00      
57      	2.82433262e-04      	3.36536068e-05      
64      	2.83373380e-04      	6.14941138e-03      
71      	7.82619201e-03      	0.00000000e+00      
78      	5.02448909e-03      	5.81352581e-01      
85      	1.96839576e-02      	0.00000000e+00      
92      	2.07116273e-04      	2.19215809e-01      
99      	1.73586290e-01      	2.58104759e+01      
106     	2.09772250e+00      	0.00000000e+00      
113     	2.20652795e+00      	1.34849306e+01      
120     	4.08359520e-03      	0.00000000e+00      
127     	2.22838039e-02      	0.00000000e+00      
134     	3.52322923e-01      	0.00000000e+00      
141     	7.64784582e-01      	0.00000000e+00      
148     	2.21237194e-01      	4.11431518e+00      
Final   	2.07116273e-04      
----------------------      
  AMR 2/3: M=301  err=7.15e-9  obs=5.61e-6  nrmse=1.84e-5  best=1.84e-5  refined=2
  collocation: M=303 residuals=2412  detecting sparsity + solving...

Algorithm: LevenbergMarquardt(
    trustregion = LevenbergMarquardtTrustRegion(
        β_uphill = 0.0
    ),
    descent = GeodesicAcceleration(
        descent = DampedNewtonDescent(
            linsolve = KLUFactorization(
                reuse_symbolic = true,
                check_pattern = true
            ),
            initial_damping = 1.0,
            damping_fn = LevenbergMarquardtDampingFunction(
                increase_factor = 2.0,
                decrease_factor = 3.0,
                min_damping = 1.0e-8
            ),
            min_norm_mode = :auto
        ),
        finite_diff_step_geodesic = 0.1,
        α = 0.75
    ),
    autodiff = AutoForwardDiff(),
    vjp_autodiff = AutoFiniteDiff(
        fdtype = Val{:forward}(),
        fdjtype = Val{:forward}(),
        fdhtype = Val{:hcentral}(),
        dir = true
    ),
    jvp_autodiff = AutoForwardDiff(),
    concrete_jac = Val{true}()
)

----    	-------------       	-----------         
Iter    	f(u) 2-norm         	Step 2-norm         
----    	-------------       	-----------         
0       	1.85502325e+01      	1.88968115e-315     
1       	8.65817205e+00      	1.17348960e+00      
8       	6.17950874e-03      	7.61133108e-03      
15      	6.84372875e-04      	6.54546142e-02      
22      	1.02876146e-02      	2.42021056e+00      
29      	1.06342602e-01      	0.00000000e+00      
36      	3.07866691e-03      	8.60573572e-01      
43      	1.30217034e-03      	0.00000000e+00      
50      	2.31738920e-03      	0.00000000e+00      
57      	7.30865458e-03      	2.24149853e-01      
64      	6.37405583e-02      	1.08821228e+00      
71      	1.41504486e-01      	0.00000000e+00      
78      	1.62727580e-01      	8.45858658e-01      
85      	4.92180143e-01      	1.59428312e+00      
92      	1.96788171e+00      	0.00000000e+00      
99      	2.66518434e-03      	0.00000000e+00      
106     	6.24394279e-02      	0.00000000e+00      
113     	9.33762466e-01      	0.00000000e+00      
120     	6.78940116e-03      	3.20091314e-01      
127     	3.71645708e-02      	6.96379831e-01      
134     	3.02802684e-01      	1.80386650e+00      
141     	1.68035999e-01      	1.58307955e+00      
148     	9.04754073e-01      	2.16719733e+00      
Final   	6.95388818e-05      
----------------------      
  AMR 3/3: M=303  err=3.36e-10  obs=8.63e-8  nrmse=1.46e-6  best=1.46e-6  refined=0
collocation [124s]
  [final]  nrmse=1.461e-6  l2=4.717e-5
extrapolation window: T=15.0 -> T_test=30.0  n_test=600
  [train]  E_traj=5.628e-12  E_VF=6.541e-6  E_spec=0.1452
  [test ]  E_traj=12.21  E_VF=399.4  E_spec=0.4744
saved /orcd/home/002/txenakis/projects/BVPsolver/src/../data/runs/run_ivbHbfv8/davis-skodje_fit.png
saved /orcd/home/002/txenakis/projects/BVPsolver/src/../data/runs/run_ivbHbfv8/davis-skodje_fit_extrapolated.png
saved /orcd/home/002/txenakis/projects/BVPsolver/src/../data/runs/run_ivbHbfv8/davis-skodje_spectral_fit_extrapolated.png
saved /orcd/home/002/txenakis/projects/BVPsolver/src/../data/runs/run_ivbHbfv8/davis-skodje_vf_fit_extrapolated.png
┌ Warning: Attempting to store StiffNN.var"#22#23"{Float64}.
│ JLD2 only stores functions by name.
│  This may not be useful for anonymous functions.
└ @ JLD2 ~/.julia/packages/JLD2/ADycq/src/data/writing_datatypes.jl:447
saved run → /orcd/home/002/txenakis/projects/BVPsolver/src/../data/runs/run_ivbHbfv8
--------------------------------------
Done: Tue Sep  8 06:40:21 EDT 2026
