Task 194/360: --problem hires --model stiff --profile fast --seed 24 --pretraining derivmatch --training collocation
Logging to /home/txenakis/projects/BVPsolver/logs/run_main_22227913_194.log
hires  model=stiff width=16 d=8 tlen=50 profile=fast seed=24  solver=Rodas5  N=816
  derivmatch lr=0.01 iter=170/3400 loss=0.09377
  derivmatch lr=0.01 iter=340/3400 loss=0.03447
  derivmatch lr=0.01 iter=510/3400 loss=0.01888
  derivmatch lr=0.01 iter=680/3400 loss=0.01265
  derivmatch lr=0.01 iter=850/3400 loss=0.01008
  derivmatch lr=0.01 iter=1020/3400 loss=0.008481
  derivmatch lr=0.01 iter=1190/3400 loss=0.007279
  derivmatch lr=0.01 iter=1360/3400 loss=0.006837
  derivmatch lr=0.01 iter=1530/3400 loss=0.005729
  derivmatch lr=0.01 iter=1700/3400 loss=0.005822
  derivmatch lr=0.01 iter=1870/3400 loss=0.004836
  derivmatch lr=0.01 iter=2040/3400 loss=0.004364
  derivmatch lr=0.01 iter=2210/3400 loss=0.003738
  derivmatch lr=0.01 iter=2380/3400 loss=0.003396
  derivmatch lr=0.01 iter=2550/3400 loss=0.003376
  derivmatch lr=0.01 iter=2720/3400 loss=0.003206
  derivmatch lr=0.01 iter=2890/3400 loss=0.002696
  derivmatch lr=0.01 iter=3060/3400 loss=0.002473
  derivmatch lr=0.01 iter=3230/3400 loss=0.002225
  derivmatch lr=0.01 iter=3400/3400 loss=0.002029
  derivmatch lr=0.01 iter=3400/3400 loss=0.002028
  derivmatch lr=0.003 iter=125/2500 loss=0.001982
  derivmatch lr=0.003 iter=250/2500 loss=0.001883
  derivmatch lr=0.003 iter=375/2500 loss=0.00174
  derivmatch lr=0.003 iter=500/2500 loss=0.001594
  derivmatch lr=0.003 iter=625/2500 loss=0.001446
  derivmatch lr=0.003 iter=750/2500 loss=0.001296
  derivmatch lr=0.003 iter=875/2500 loss=0.001151
  derivmatch lr=0.003 iter=1000/2500 loss=0.00102
  derivmatch lr=0.003 iter=1125/2500 loss=0.0009125
  derivmatch lr=0.003 iter=1250/2500 loss=0.0008258
  derivmatch lr=0.003 iter=1375/2500 loss=0.000757
  derivmatch lr=0.003 iter=1500/2500 loss=0.0007042
  derivmatch lr=0.003 iter=1625/2500 loss=0.0006591
  derivmatch lr=0.003 iter=1750/2500 loss=0.000609
  derivmatch lr=0.003 iter=1875/2500 loss=0.000686
  derivmatch lr=0.003 iter=2000/2500 loss=0.0005544
  derivmatch lr=0.003 iter=2125/2500 loss=0.0005709
  derivmatch lr=0.003 iter=2250/2500 loss=0.0004921
  derivmatch lr=0.003 iter=2375/2500 loss=0.0004527
  derivmatch lr=0.003 iter=2500/2500 loss=0.0004618
  derivmatch lr=0.003 iter=2500/2500 loss=0.0004328
  derivmatch lr=0.001 iter=125/2500 loss=0.0004273
  derivmatch lr=0.001 iter=250/2500 loss=0.0004227
  derivmatch lr=0.001 iter=375/2500 loss=0.0004168
  derivmatch lr=0.001 iter=500/2500 loss=0.00041
  derivmatch lr=0.001 iter=625/2500 loss=0.0004023
  derivmatch lr=0.001 iter=750/2500 loss=0.0003939
  derivmatch lr=0.001 iter=875/2500 loss=0.0003849
  derivmatch lr=0.001 iter=1000/2500 loss=0.000393
  derivmatch lr=0.001 iter=1125/2500 loss=0.0003662
  derivmatch lr=0.001 iter=1250/2500 loss=0.0003564
  derivmatch lr=0.001 iter=1375/2500 loss=0.0003461
  derivmatch lr=0.001 iter=1500/2500 loss=0.0003362
  derivmatch lr=0.001 iter=1625/2500 loss=0.0003257
  derivmatch lr=0.001 iter=1750/2500 loss=0.0003164
  derivmatch lr=0.001 iter=1875/2500 loss=0.0003052
  derivmatch lr=0.001 iter=2000/2500 loss=0.0003033
  derivmatch lr=0.001 iter=2125/2500 loss=0.0002852
  derivmatch lr=0.001 iter=2250/2500 loss=0.0002797
  derivmatch lr=0.001 iter=2375/2500 loss=0.0002661
  derivmatch lr=0.001 iter=2500/2500 loss=0.0002572
  derivmatch lr=0.001 iter=2500/2500 loss=0.0002572
  derivmatch lr=0.0003 iter=80/1600 loss=0.0002563
  derivmatch lr=0.0003 iter=160/1600 loss=0.0002551
  derivmatch lr=0.0003 iter=240/1600 loss=0.0002536
  derivmatch lr=0.0003 iter=320/1600 loss=0.0002518
  derivmatch lr=0.0003 iter=400/1600 loss=0.0002498
  derivmatch lr=0.0003 iter=480/1600 loss=0.0002476
  derivmatch lr=0.0003 iter=560/1600 loss=0.0002452
  derivmatch lr=0.0003 iter=640/1600 loss=0.0002524
  derivmatch lr=0.0003 iter=720/1600 loss=0.0002401
  derivmatch lr=0.0003 iter=800/1600 loss=0.0002375
  derivmatch lr=0.0003 iter=880/1600 loss=0.0002347
  derivmatch lr=0.0003 iter=960/1600 loss=0.0002318
  derivmatch lr=0.0003 iter=1040/1600 loss=0.0002287
  derivmatch lr=0.0003 iter=1120/1600 loss=0.0002315
  derivmatch lr=0.0003 iter=1200/1600 loss=0.0002226
  derivmatch lr=0.0003 iter=1280/1600 loss=0.0002196
  derivmatch lr=0.0003 iter=1360/1600 loss=0.0002164
  derivmatch lr=0.0003 iter=1440/1600 loss=0.0002131
  derivmatch lr=0.0003 iter=1520/1600 loss=0.0002105
  derivmatch lr=0.0003 iter=1600/1600 loss=0.0002069
  derivmatch lr=0.0003 iter=1600/1600 loss=0.0002069
derivative matching [28s]  fitloss=0.000207
  [derivative matching]  nrmse=0.2175  l2=3.029
  collocation: M=75 residuals=2176  detecting sparsity + solving...

Algorithm: LevenbergMarquardt(
    trustregion = LevenbergMarquardtTrustRegion(
        β_uphill = 0.0
    ),
    descent = GeodesicAcceleration(
        descent = DampedNewtonDescent(
            linsolve = QRFactorization(
                pivot = NoPivot(),
                blocksize = 16,
                inplace = true
            ),
            initial_damping = 1.0,
            damping_fn = LevenbergMarquardtDampingFunction(
                increase_factor = 2.0,
                decrease_factor = 3.0,
                min_damping = 1.0e-8
            ),
            min_norm_mode = :auto
        ),
        finite_diff_step_geodesic = 0.1,
        α = 0.75
    ),
    autodiff = AutoForwardDiff(),
    vjp_autodiff = AutoFiniteDiff(
        fdtype = Val{:forward}(),
        fdjtype = Val{:forward}(),
        fdhtype = Val{:hcentral}(),
        dir = true
    ),
    jvp_autodiff = AutoForwardDiff(),
    concrete_jac = Val{true}()
)

----    	-------------       	-----------         
Iter    	f(u) 2-norm         	Step 2-norm         
----    	-------------       	-----------         
0       	3.50357587e+02      	NaN                 
1       	2.88780840e+02      	5.62686412e-02      
8       	2.69122991e+02      	0.00000000e+00      
15      	1.16574337e+02      	3.68038881e-02      
22      	2.99028998e+01      	3.35294210e-01      
29      	2.30941275e+00      	6.06643160e-01      
36      	7.71757426e+00      	0.00000000e+00      
43      	3.13024548e+00      	0.00000000e+00      
50      	2.64705922e+01      	0.00000000e+00      
57      	1.70284689e+00      	5.99595824e-01      
64      	3.21385375e+00      	0.00000000e+00      
71      	1.97032926e+00      	0.00000000e+00      
78      	2.46578317e+00      	9.40435889e-01      
85      	2.90641658e+00      	0.00000000e+00      
92      	1.70224428e+00      	5.48741381e-01      
99      	1.34065254e+00      	0.00000000e+00      
106     	2.93932514e+00      	0.00000000e+00      
113     	2.66925768e-01      	1.77936204e-01      
120     	3.97434443e-01      	0.00000000e+00      
127     	5.38625890e-01      	4.13510719e-01      
134     	5.57703392e-01      	0.00000000e+00      
141     	1.23299415e+00      	3.74096202e-01      
148     	3.29819079e+00      	7.07580735e-01      
Final   	6.61364193e-02      
----------------------      
  AMR 1/1: M=75  err=0.000876  obs=8.13e-6  nrmse=0.392  best=0.218  refined=0
 derivative matching was best (1/1 rounds ran)
collocation [148s]
  [final]  nrmse=0.2175  l2=3.029
extrapolation window: T=321.8122 -> T_test=643.624  n_test=100
  [train]  E_traj=0.1896  E_VF=0.001492  E_spec=1.501e18
  [test ]  E_traj=776300.0  E_VF=1.295e7  E_spec=3.715e26
saved /orcd/home/002/txenakis/projects/BVPsolver/src/../data/runs/run_R1PaF0LG/hires_fit.png
saved /orcd/home/002/txenakis/projects/BVPsolver/src/../data/runs/run_R1PaF0LG/hires_fit_extrapolated.png
saved /orcd/home/002/txenakis/projects/BVPsolver/src/../data/runs/run_R1PaF0LG/hires_spectral_fit_extrapolated.png
saved /orcd/home/002/txenakis/projects/BVPsolver/src/../data/runs/run_R1PaF0LG/hires_vf_fit_extrapolated.png
┌ Warning: Attempting to store StiffNN.var"#18#19"{Type{Float64}}.
│ JLD2 only stores functions by name.
│  This may not be useful for anonymous functions.
└ @ JLD2 ~/.julia/packages/JLD2/ADycq/src/data/writing_datatypes.jl:447
saved run → /orcd/home/002/txenakis/projects/BVPsolver/src/../data/runs/run_R1PaF0LG
--------------------------------------
Done: Mon Sep  7 19:56:34 EDT 2026
