Task 77/750: --problem rober --model stiff --profile fast --seed 227 --pretraining derivmatch --training shooting
Logging to /home/txenakis/projects/BVPsolver/logs/run_main_23648109_77.log
rober  model=stiff width=12 d=3 tlen=50 profile=fast seed=227  solver=Rodas5  N=318
  derivmatch lr=0.01 iter=170/3400 loss=0.2972
  derivmatch lr=0.01 iter=340/3400 loss=0.0989
  derivmatch lr=0.01 iter=510/3400 loss=0.0709
  derivmatch lr=0.01 iter=680/3400 loss=0.05567
  derivmatch lr=0.01 iter=850/3400 loss=0.04629
  derivmatch lr=0.01 iter=1020/3400 loss=0.1642
  derivmatch lr=0.01 iter=1190/3400 loss=0.0509
  derivmatch lr=0.01 iter=1360/3400 loss=0.04567
  derivmatch lr=0.01 iter=1530/3400 loss=0.03662
  derivmatch lr=0.01 iter=1700/3400 loss=0.02675
  derivmatch lr=0.01 iter=1870/3400 loss=0.02284
  derivmatch lr=0.01 iter=2040/3400 loss=0.01989
  derivmatch lr=0.01 iter=2210/3400 loss=0.03655
  derivmatch lr=0.01 iter=2380/3400 loss=0.01814
  derivmatch lr=0.01 iter=2550/3400 loss=0.01471
  derivmatch lr=0.01 iter=2720/3400 loss=0.01963
  derivmatch lr=0.01 iter=2890/3400 loss=0.01385
  derivmatch lr=0.01 iter=3060/3400 loss=0.006328
  derivmatch lr=0.01 iter=3230/3400 loss=0.005777
  derivmatch lr=0.01 iter=3400/3400 loss=0.009659
  derivmatch lr=0.01 iter=3400/3400 loss=0.00479
  derivmatch lr=0.003 iter=125/2500 loss=0.004459
  derivmatch lr=0.003 iter=250/2500 loss=0.003689
  derivmatch lr=0.003 iter=375/2500 loss=0.003525
  derivmatch lr=0.003 iter=500/2500 loss=0.002836
  derivmatch lr=0.003 iter=625/2500 loss=0.002675
  derivmatch lr=0.003 iter=750/2500 loss=0.00228
  derivmatch lr=0.003 iter=875/2500 loss=0.00237
  derivmatch lr=0.003 iter=1000/2500 loss=0.00173
  derivmatch lr=0.003 iter=1125/2500 loss=0.001517
  derivmatch lr=0.003 iter=1250/2500 loss=0.001551
  derivmatch lr=0.003 iter=1375/2500 loss=0.001743
  derivmatch lr=0.003 iter=1500/2500 loss=0.001346
  derivmatch lr=0.003 iter=1625/2500 loss=0.001588
  derivmatch lr=0.003 iter=1750/2500 loss=0.0009109
  derivmatch lr=0.003 iter=1875/2500 loss=0.001237
  derivmatch lr=0.003 iter=2000/2500 loss=0.0008272
  derivmatch lr=0.003 iter=2125/2500 loss=0.0007396
  derivmatch lr=0.003 iter=2250/2500 loss=0.000858
  derivmatch lr=0.003 iter=2375/2500 loss=0.0006039
  derivmatch lr=0.003 iter=2500/2500 loss=0.0007105
  derivmatch lr=0.003 iter=2500/2500 loss=0.0005746
  derivmatch lr=0.001 iter=125/2500 loss=0.0005622
  derivmatch lr=0.001 iter=250/2500 loss=0.0005502
  derivmatch lr=0.001 iter=375/2500 loss=0.0005387
  derivmatch lr=0.001 iter=500/2500 loss=0.000526
  derivmatch lr=0.001 iter=625/2500 loss=0.0005124
  derivmatch lr=0.001 iter=750/2500 loss=0.000498
  derivmatch lr=0.001 iter=875/2500 loss=0.0004829
  derivmatch lr=0.001 iter=1000/2500 loss=0.0004671
  derivmatch lr=0.001 iter=1125/2500 loss=0.0004725
  derivmatch lr=0.001 iter=1250/2500 loss=0.0004848
  derivmatch lr=0.001 iter=1375/2500 loss=0.0004266
  derivmatch lr=0.001 iter=1500/2500 loss=0.0004069
  derivmatch lr=0.001 iter=1625/2500 loss=0.0003902
  derivmatch lr=0.001 iter=1750/2500 loss=0.0004029
  derivmatch lr=0.001 iter=1875/2500 loss=0.0003946
  derivmatch lr=0.001 iter=2000/2500 loss=0.000408
  derivmatch lr=0.001 iter=2125/2500 loss=0.0003383
  derivmatch lr=0.001 iter=2250/2500 loss=0.000319
  derivmatch lr=0.001 iter=2375/2500 loss=0.0003098
  derivmatch lr=0.001 iter=2500/2500 loss=0.0002917
  derivmatch lr=0.001 iter=2500/2500 loss=0.0002915
  derivmatch lr=0.0003 iter=80/1600 loss=0.0002908
  derivmatch lr=0.0003 iter=160/1600 loss=0.0002891
  derivmatch lr=0.0003 iter=240/1600 loss=0.0002875
  derivmatch lr=0.0003 iter=320/1600 loss=0.0002855
  derivmatch lr=0.0003 iter=400/1600 loss=0.0002832
  derivmatch lr=0.0003 iter=480/1600 loss=0.0002806
  derivmatch lr=0.0003 iter=560/1600 loss=0.0002778
  derivmatch lr=0.0003 iter=640/1600 loss=0.0002748
  derivmatch lr=0.0003 iter=720/1600 loss=0.0002715
  derivmatch lr=0.0003 iter=800/1600 loss=0.0002681
  derivmatch lr=0.0003 iter=880/1600 loss=0.0002644
  derivmatch lr=0.0003 iter=960/1600 loss=0.0002605
  derivmatch lr=0.0003 iter=1040/1600 loss=0.0002564
  derivmatch lr=0.0003 iter=1120/1600 loss=0.0002521
  derivmatch lr=0.0003 iter=1200/1600 loss=0.0002476
  derivmatch lr=0.0003 iter=1280/1600 loss=0.000243
  derivmatch lr=0.0003 iter=1360/1600 loss=0.0002383
  derivmatch lr=0.0003 iter=1440/1600 loss=0.0002333
  derivmatch lr=0.0003 iter=1520/1600 loss=0.0002288
  derivmatch lr=0.0003 iter=1600/1600 loss=0.0002236
  derivmatch lr=0.0003 iter=1600/1600 loss=0.0002236
derivative matching [29s]  fitloss=0.000224
  [derivative matching]  nrmse=0.004083  l2=0.02745
  shooting iter=50/1000 loss=0.002194
  shooting iter=100/1000 loss=0.003009
  shooting iter=150/1000 loss=0.001918
  shooting iter=200/1000 loss=0.001758
  shooting iter=250/1000 loss=0.001037
  shooting iter=300/1000 loss=0.0009304
  shooting iter=350/1000 loss=0.001375
  shooting iter=400/1000 loss=0.001271
  shooting iter=450/1000 loss=0.000913
  shooting iter=500/1000 loss=0.002119
  shooting iter=550/1000 loss=0.0009123
  shooting iter=600/1000 loss=0.001612
  shooting iter=650/1000 loss=0.001186
  shooting iter=700/1000 loss=0.001058
  shooting iter=750/1000 loss=0.001045
  shooting iter=800/1000 loss=0.0009907
  shooting iter=850/1000 loss=0.0007646
  shooting iter=900/1000 loss=0.001043
  shooting iter=950/1000 loss=0.002424
  shooting iter=1000/1000 loss=0.002193
  shooting iter=1000/1000 loss=0.0005109
shooting [507s]  loss=0.000511
  [final]  nrmse=0.0009304  l2=0.006581
extrapolation window: T=1000.0 -> T_test=1.0e12  n_test=100
  [train]  E_traj=3.815e-6  E_VF=0.001287  E_spec=1.0390000000000002e28
  [test ]  E_traj=0.3626  E_VF=2.035e8  E_spec=4.771e24
saved /orcd/home/002/txenakis/projects/BVPsolver/src/../data/runs/run_Gi6SeXt6/rober_fit.png
saved /orcd/home/002/txenakis/projects/BVPsolver/src/../data/runs/run_Gi6SeXt6/rober_fit_extrapolated.png
saved /orcd/home/002/txenakis/projects/BVPsolver/src/../data/runs/run_Gi6SeXt6/rober_spectral_fit_extrapolated.png
saved /orcd/home/002/txenakis/projects/BVPsolver/src/../data/runs/run_Gi6SeXt6/rober_vf_fit_extrapolated.png
┌ Warning: Attempting to store StiffNN.var"#12#13"{Float64, Float64, Float64}.
│ JLD2 only stores functions by name.
│  This may not be useful for anonymous functions.
└ @ JLD2 ~/.julia/packages/JLD2/ADycq/src/data/writing_datatypes.jl:447
saved run → /orcd/home/002/txenakis/projects/BVPsolver/src/../data/runs/run_Gi6SeXt6
--------------------------------------
Done: Thu Sep 24 10:17:13 EDT 2026
