Task 606/1800: --problem vanderpol --model stiff --profile fast --seed 106 --pretraining derivmatch --training shooting
Logging to /home/txenakis/projects/BVPsolver/logs/run_main_23544358_606.log
vanderpol  model=stiff width=12 d=2 tlen=151 profile=fast seed=106  solver=Kvaerno5  N=268
  derivmatch lr=0.01 iter=170/3400 loss=8.716
  derivmatch lr=0.01 iter=340/3400 loss=3.678
  derivmatch lr=0.01 iter=510/3400 loss=4.301
  derivmatch lr=0.01 iter=680/3400 loss=1.147
  derivmatch lr=0.01 iter=850/3400 loss=3.203
  derivmatch lr=0.01 iter=1020/3400 loss=2.137
  derivmatch lr=0.01 iter=1190/3400 loss=1.608
  derivmatch lr=0.01 iter=1360/3400 loss=1.022
  derivmatch lr=0.01 iter=1530/3400 loss=0.8767
  derivmatch lr=0.01 iter=1700/3400 loss=0.4369
  derivmatch lr=0.01 iter=1870/3400 loss=0.8377
  derivmatch lr=0.01 iter=2040/3400 loss=0.8139
  derivmatch lr=0.01 iter=2210/3400 loss=0.3904
  derivmatch lr=0.01 iter=2380/3400 loss=0.6707
  derivmatch lr=0.01 iter=2550/3400 loss=0.8975
  derivmatch lr=0.01 iter=2720/3400 loss=0.674
  derivmatch lr=0.01 iter=2890/3400 loss=0.2634
  derivmatch lr=0.01 iter=3060/3400 loss=1.002
  derivmatch lr=0.01 iter=3230/3400 loss=0.05119
  derivmatch lr=0.01 iter=3400/3400 loss=0.3134
  derivmatch lr=0.01 iter=3400/3400 loss=0.05119
  derivmatch lr=0.003 iter=125/2500 loss=0.03069
  derivmatch lr=0.003 iter=250/2500 loss=0.02429
  derivmatch lr=0.003 iter=375/2500 loss=0.03782
  derivmatch lr=0.003 iter=500/2500 loss=0.02489
  derivmatch lr=0.003 iter=625/2500 loss=0.04297
  derivmatch lr=0.003 iter=750/2500 loss=0.0299
  derivmatch lr=0.003 iter=875/2500 loss=0.02508
  derivmatch lr=0.003 iter=1000/2500 loss=0.04062
  derivmatch lr=0.003 iter=1125/2500 loss=0.01593
  derivmatch lr=0.003 iter=1250/2500 loss=0.02444
  derivmatch lr=0.003 iter=1375/2500 loss=0.02329
  derivmatch lr=0.003 iter=1500/2500 loss=0.01557
  derivmatch lr=0.003 iter=1625/2500 loss=0.02099
  derivmatch lr=0.003 iter=1750/2500 loss=0.01277
  derivmatch lr=0.003 iter=1875/2500 loss=0.02312
  derivmatch lr=0.003 iter=2000/2500 loss=0.01786
  derivmatch lr=0.003 iter=2125/2500 loss=0.01598
  derivmatch lr=0.003 iter=2250/2500 loss=0.01502
  derivmatch lr=0.003 iter=2375/2500 loss=0.01792
  derivmatch lr=0.003 iter=2500/2500 loss=0.01659
  derivmatch lr=0.003 iter=2500/2500 loss=0.01055
  derivmatch lr=0.001 iter=125/2500 loss=0.004411
  derivmatch lr=0.001 iter=250/2500 loss=0.004234
  derivmatch lr=0.001 iter=375/2500 loss=0.004086
  derivmatch lr=0.001 iter=500/2500 loss=0.005817
  derivmatch lr=0.001 iter=625/2500 loss=0.003811
  derivmatch lr=0.001 iter=750/2500 loss=0.003699
  derivmatch lr=0.001 iter=875/2500 loss=0.00814
  derivmatch lr=0.001 iter=1000/2500 loss=0.003611
  derivmatch lr=0.001 iter=1125/2500 loss=0.003671
  derivmatch lr=0.001 iter=1250/2500 loss=0.004204
  derivmatch lr=0.001 iter=1375/2500 loss=0.003149
  derivmatch lr=0.001 iter=1500/2500 loss=0.003259
  derivmatch lr=0.001 iter=1625/2500 loss=0.00343
  derivmatch lr=0.001 iter=1750/2500 loss=0.00596
  derivmatch lr=0.001 iter=1875/2500 loss=0.004754
  derivmatch lr=0.001 iter=2000/2500 loss=0.003769
  derivmatch lr=0.001 iter=2125/2500 loss=0.004694
  derivmatch lr=0.001 iter=2250/2500 loss=0.00389
  derivmatch lr=0.001 iter=2375/2500 loss=0.003581
  derivmatch lr=0.001 iter=2500/2500 loss=0.00443
  derivmatch lr=0.001 iter=2500/2500 loss=0.002859
  derivmatch lr=0.0003 iter=80/1600 loss=0.002887
  derivmatch lr=0.0003 iter=160/1600 loss=0.002832
  derivmatch lr=0.0003 iter=240/1600 loss=0.002814
  derivmatch lr=0.0003 iter=320/1600 loss=0.002794
  derivmatch lr=0.0003 iter=400/1600 loss=0.002771
  derivmatch lr=0.0003 iter=480/1600 loss=0.002746
  derivmatch lr=0.0003 iter=560/1600 loss=0.002719
  derivmatch lr=0.0003 iter=640/1600 loss=0.00269
  derivmatch lr=0.0003 iter=720/1600 loss=0.002659
  derivmatch lr=0.0003 iter=800/1600 loss=0.002627
  derivmatch lr=0.0003 iter=880/1600 loss=0.002593
  derivmatch lr=0.0003 iter=960/1600 loss=0.002558
  derivmatch lr=0.0003 iter=1040/1600 loss=0.002522
  derivmatch lr=0.0003 iter=1120/1600 loss=0.002518
  derivmatch lr=0.0003 iter=1200/1600 loss=0.00245
  derivmatch lr=0.0003 iter=1280/1600 loss=0.002413
  derivmatch lr=0.0003 iter=1360/1600 loss=0.002376
  derivmatch lr=0.0003 iter=1440/1600 loss=0.002337
  derivmatch lr=0.0003 iter=1520/1600 loss=0.002305
  derivmatch lr=0.0003 iter=1600/1600 loss=0.002262
  derivmatch lr=0.0003 iter=1600/1600 loss=0.002262
derivative matching [31s]  fitloss=0.00226
  [derivative matching]  nrmse=0.3288  l2=325.3
  shooting iter=50/1000 loss=0.7929
  shooting iter=100/1000 loss=0.7995
  shooting iter=150/1000 loss=0.7996
  shooting iter=200/1000 loss=0.7996
  shooting iter=250/1000 loss=0.7996
  shooting iter=300/1000 loss=0.7996
  shooting iter=350/1000 loss=0.7996
  shooting iter=400/1000 loss=0.7996
  shooting iter=450/1000 loss=0.7996
  shooting iter=500/1000 loss=0.7996
  shooting iter=550/1000 loss=0.7996
  shooting iter=600/1000 loss=0.7996
  shooting iter=650/1000 loss=0.7996
  shooting iter=700/1000 loss=0.7996
  shooting iter=750/1000 loss=0.7996
  shooting iter=800/1000 loss=0.7996
  shooting iter=850/1000 loss=0.7996
  shooting iter=900/1000 loss=0.7996
  shooting iter=950/1000 loss=0.7996
  shooting iter=1000/1000 loss=0.7996
  shooting iter=1000/1000 loss=0.1714
shooting [217s]  loss=0.174
  [final]  nrmse=0.3288  l2=325.3
extrapolation window: T=200.0 -> T_test=400.0  n_test=302
  [train]  E_traj=1.142  E_VF=0.01587  E_spec=0.1278
  [test ]  E_traj=2.751  E_VF=6.985  E_spec=0.05145
saved /orcd/home/002/txenakis/projects/BVPsolver/src/../data/runs/run_at1AYNly/vanderpol_fit.png
saved /orcd/home/002/txenakis/projects/BVPsolver/src/../data/runs/run_at1AYNly/vanderpol_fit_extrapolated.png
saved /orcd/home/002/txenakis/projects/BVPsolver/src/../data/runs/run_at1AYNly/vanderpol_spectral_fit_extrapolated.png
saved /orcd/home/002/txenakis/projects/BVPsolver/src/../data/runs/run_at1AYNly/vanderpol_vf_fit_extrapolated.png
┌ Warning: Attempting to store StiffNN.var"#14#15"{Float64}.
│ JLD2 only stores functions by name.
│  This may not be useful for anonymous functions.
└ @ JLD2 ~/.julia/packages/JLD2/ADycq/src/data/writing_datatypes.jl:447
saved run → /orcd/home/002/txenakis/projects/BVPsolver/src/../data/runs/run_at1AYNly
--------------------------------------
Done: Wed Sep 23 09:43:32 EDT 2026
