Task 893/1800: --problem vanderpol --model GELU-scaled --profile fast --seed 143 --pretraining derivmatch --training collocation
Logging to /home/txenakis/projects/BVPsolver/logs/run_main_23553922_893.log
vanderpol  model=GELU-scaled width=7 d=2 tlen=151 profile=fast seed=143  solver=Kvaerno5  N=317
  derivmatch lr=0.01 iter=170/3400 loss=3.003
  derivmatch lr=0.01 iter=340/3400 loss=1.67
  derivmatch lr=0.01 iter=510/3400 loss=0.9047
  derivmatch lr=0.01 iter=680/3400 loss=2.806
  derivmatch lr=0.01 iter=850/3400 loss=1.908
  derivmatch lr=0.01 iter=1020/3400 loss=1.514
  derivmatch lr=0.01 iter=1190/3400 loss=1.314
  derivmatch lr=0.01 iter=1360/3400 loss=1.453
  derivmatch lr=0.01 iter=1530/3400 loss=0.6204
  derivmatch lr=0.01 iter=1700/3400 loss=0.4734
  derivmatch lr=0.01 iter=1870/3400 loss=0.3282
  derivmatch lr=0.01 iter=2040/3400 loss=0.2476
  derivmatch lr=0.01 iter=2210/3400 loss=0.2049
  derivmatch lr=0.01 iter=2380/3400 loss=0.1543
  derivmatch lr=0.01 iter=2550/3400 loss=0.136
  derivmatch lr=0.01 iter=2720/3400 loss=0.1019
  derivmatch lr=0.01 iter=2890/3400 loss=0.08644
  derivmatch lr=0.01 iter=3060/3400 loss=0.07062
  derivmatch lr=0.01 iter=3230/3400 loss=0.05899
  derivmatch lr=0.01 iter=3400/3400 loss=0.05416
  derivmatch lr=0.01 iter=3400/3400 loss=0.05124
  derivmatch lr=0.003 iter=125/2500 loss=0.04827
  derivmatch lr=0.003 iter=250/2500 loss=0.04335
  derivmatch lr=0.003 iter=375/2500 loss=0.03651
  derivmatch lr=0.003 iter=500/2500 loss=0.03168
  derivmatch lr=0.003 iter=625/2500 loss=0.02734
  derivmatch lr=0.003 iter=750/2500 loss=0.0239
  derivmatch lr=0.003 iter=875/2500 loss=0.02054
  derivmatch lr=0.003 iter=1000/2500 loss=0.01933
  derivmatch lr=0.003 iter=1125/2500 loss=0.01544
  derivmatch lr=0.003 iter=1250/2500 loss=0.01853
  derivmatch lr=0.003 iter=1375/2500 loss=0.01294
  derivmatch lr=0.003 iter=1500/2500 loss=0.01159
  derivmatch lr=0.003 iter=1625/2500 loss=0.01034
  derivmatch lr=0.003 iter=1750/2500 loss=0.01266
  derivmatch lr=0.003 iter=1875/2500 loss=0.0119
  derivmatch lr=0.003 iter=2000/2500 loss=0.007921
  derivmatch lr=0.003 iter=2125/2500 loss=0.007693
  derivmatch lr=0.003 iter=2250/2500 loss=0.01154
  derivmatch lr=0.003 iter=2375/2500 loss=0.006394
  derivmatch lr=0.003 iter=2500/2500 loss=0.006172
  derivmatch lr=0.003 iter=2500/2500 loss=0.005963
  derivmatch lr=0.001 iter=125/2500 loss=0.005605
  derivmatch lr=0.001 iter=250/2500 loss=0.005171
  derivmatch lr=0.001 iter=375/2500 loss=0.004828
  derivmatch lr=0.001 iter=500/2500 loss=0.004575
  derivmatch lr=0.001 iter=625/2500 loss=0.004384
  derivmatch lr=0.001 iter=750/2500 loss=0.004247
  derivmatch lr=0.001 iter=875/2500 loss=0.004134
  derivmatch lr=0.001 iter=1000/2500 loss=0.004038
  derivmatch lr=0.001 iter=1125/2500 loss=0.00397
  derivmatch lr=0.001 iter=1250/2500 loss=0.003858
  derivmatch lr=0.001 iter=1375/2500 loss=0.003789
  derivmatch lr=0.001 iter=1500/2500 loss=0.003663
  derivmatch lr=0.001 iter=1625/2500 loss=0.003933
  derivmatch lr=0.001 iter=1750/2500 loss=0.003518
  derivmatch lr=0.001 iter=1875/2500 loss=0.003474
  derivmatch lr=0.001 iter=2000/2500 loss=0.003527
  derivmatch lr=0.001 iter=2125/2500 loss=0.003394
  derivmatch lr=0.001 iter=2250/2500 loss=0.003745
  derivmatch lr=0.001 iter=2375/2500 loss=0.003285
  derivmatch lr=0.001 iter=2500/2500 loss=0.004358
  derivmatch lr=0.001 iter=2500/2500 loss=0.003242
  derivmatch lr=0.0003 iter=80/1600 loss=0.003243
  derivmatch lr=0.0003 iter=160/1600 loss=0.003234
  derivmatch lr=0.0003 iter=240/1600 loss=0.003229
  derivmatch lr=0.0003 iter=320/1600 loss=0.003222
  derivmatch lr=0.0003 iter=400/1600 loss=0.003215
  derivmatch lr=0.0003 iter=480/1600 loss=0.003207
  derivmatch lr=0.0003 iter=560/1600 loss=0.003197
  derivmatch lr=0.0003 iter=640/1600 loss=0.003188
  derivmatch lr=0.0003 iter=720/1600 loss=0.003177
  derivmatch lr=0.0003 iter=800/1600 loss=0.003167
  derivmatch lr=0.0003 iter=880/1600 loss=0.003155
  derivmatch lr=0.0003 iter=960/1600 loss=0.003144
  derivmatch lr=0.0003 iter=1040/1600 loss=0.003132
  derivmatch lr=0.0003 iter=1120/1600 loss=0.003119
  derivmatch lr=0.0003 iter=1200/1600 loss=0.003106
  derivmatch lr=0.0003 iter=1280/1600 loss=0.003096
  derivmatch lr=0.0003 iter=1360/1600 loss=0.00308
  derivmatch lr=0.0003 iter=1440/1600 loss=0.003067
  derivmatch lr=0.0003 iter=1520/1600 loss=0.003053
  derivmatch lr=0.0003 iter=1600/1600 loss=0.003039
  derivmatch lr=0.0003 iter=1600/1600 loss=0.003039
derivative matching [29s]  fitloss=0.00304
  [derivative matching]  nrmse=0.2541  l2=324.9
  collocation: M=163 residuals=1274  detecting sparsity + solving...

Algorithm: LevenbergMarquardt(
    trustregion = LevenbergMarquardtTrustRegion(
        β_uphill = 0.0
    ),
    descent = GeodesicAcceleration(
        descent = DampedNewtonDescent(
            linsolve = KLUFactorization(
                reuse_symbolic = true,
                check_pattern = true
            ),
            initial_damping = 1.0,
            damping_fn = LevenbergMarquardtDampingFunction(
                increase_factor = 2.0,
                decrease_factor = 3.0,
                min_damping = 1.0e-8
            ),
            min_norm_mode = :auto
        ),
        finite_diff_step_geodesic = 0.1,
        α = 0.75
    ),
    autodiff = AutoForwardDiff(),
    vjp_autodiff = AutoFiniteDiff(
        fdtype = Val{:forward}(),
        fdjtype = Val{:forward}(),
        fdhtype = Val{:hcentral}(),
        dir = true
    ),
    jvp_autodiff = AutoForwardDiff(),
    concrete_jac = Val{true}()
)

----    	-------------       	-----------         
Iter    	f(u) 2-norm         	Step 2-norm         
----    	-------------       	-----------         
0       	2.70795833e+02      	NaN                 
1       	2.17947400e+02      	5.21148242e-02      
8       	4.73115614e+02      	0.00000000e+00      
15      	6.80467246e+02      	0.00000000e+00      
22      	7.46514440e+02      	0.00000000e+00      
29      	9.02846487e+02      	0.00000000e+00      
36      	8.89919233e+02      	0.00000000e+00      
43      	8.96708076e+02      	0.00000000e+00      
50      	8.98834439e+02      	2.49181897e-03      
57      	8.94636671e+02      	0.00000000e+00      
64      	8.75155922e+02      	1.86471365e-02      
71      	8.55836617e+02      	3.19219547e-02      
78      	8.29773668e+02      	4.52731341e-02      
85      	7.46790946e+02      	0.00000000e+00      
92      	7.46790946e+02      	0.00000000e+00      
99      	7.17421674e+02      	4.27059171e-02      
106     	7.24848444e+02      	0.00000000e+00      
113     	7.44151384e+02      	2.22950777e-02      
120     	7.81858060e+02      	7.49465022e-03      
127     	8.00102710e+02      	0.00000000e+00      
134     	8.82554753e+02      	5.24364263e-02      
141     	9.09753596e+02      	9.34456284e-02      
148     	9.93659528e+02      	0.00000000e+00      
Final   	1.54613942e+02      
----------------------      
  AMR 1/1: M=163  err=9130.0  obs=0.00116  nrmse=0.279  best=0.254  refined=0
 derivative matching was best (1/1 rounds ran)
collocation [44s]
  [final]  nrmse=0.2541  l2=324.9
extrapolation window: T=200.0 -> T_test=400.0  n_test=302
  [train]  E_traj=0.8705  E_VF=0.02598  E_spec=0.4171
  [test ]  E_traj=95.69  E_VF=0.6358  E_spec=0.209
saved /orcd/home/002/txenakis/projects/BVPsolver/src/../data/runs/run_l2zBi8PU/vanderpol_fit.png
saved /orcd/home/002/txenakis/projects/BVPsolver/src/../data/runs/run_l2zBi8PU/vanderpol_fit_extrapolated.png
saved /orcd/home/002/txenakis/projects/BVPsolver/src/../data/runs/run_l2zBi8PU/vanderpol_spectral_fit_extrapolated.png
saved /orcd/home/002/txenakis/projects/BVPsolver/src/../data/runs/run_l2zBi8PU/vanderpol_vf_fit_extrapolated.png
┌ Warning: Attempting to store StiffNN.var"#14#15"{Float64}.
│ JLD2 only stores functions by name.
│  This may not be useful for anonymous functions.
└ @ JLD2 ~/.julia/packages/JLD2/ADycq/src/data/writing_datatypes.jl:447
saved run → /orcd/home/002/txenakis/projects/BVPsolver/src/../data/runs/run_l2zBi8PU
--------------------------------------
Done: Wed Sep 23 13:11:26 EDT 2026
