Task 355/1800: --problem rober --model stiff --profile fast --seed 105 --pretraining derivmatch --training collocation
Logging to /home/txenakis/projects/BVPsolver/logs/run_main_23493023_355.log
rober  model=stiff width=12 d=3 tlen=50 profile=fast seed=105  solver=Rodas5  N=318
  derivmatch lr=0.01 iter=170/3400 loss=0.299
  derivmatch lr=0.01 iter=340/3400 loss=0.1177
  derivmatch lr=0.01 iter=510/3400 loss=0.05932
  derivmatch lr=0.01 iter=680/3400 loss=0.06473
  derivmatch lr=0.01 iter=850/3400 loss=0.03709
  derivmatch lr=0.01 iter=1020/3400 loss=0.03972
  derivmatch lr=0.01 iter=1190/3400 loss=0.02371
  derivmatch lr=0.01 iter=1360/3400 loss=0.01619
  derivmatch lr=0.01 iter=1530/3400 loss=0.1439
  derivmatch lr=0.01 iter=1700/3400 loss=0.008893
  derivmatch lr=0.01 iter=1870/3400 loss=0.007716
  derivmatch lr=0.01 iter=2040/3400 loss=0.006369
  derivmatch lr=0.01 iter=2210/3400 loss=0.005635
  derivmatch lr=0.01 iter=2380/3400 loss=0.04719
  derivmatch lr=0.01 iter=2550/3400 loss=0.003399
  derivmatch lr=0.01 iter=2720/3400 loss=0.002552
  derivmatch lr=0.01 iter=2890/3400 loss=0.002644
  derivmatch lr=0.01 iter=3060/3400 loss=0.00226
  derivmatch lr=0.01 iter=3230/3400 loss=0.001917
  derivmatch lr=0.01 iter=3400/3400 loss=0.001628
  derivmatch lr=0.01 iter=3400/3400 loss=0.001628
  derivmatch lr=0.003 iter=125/2500 loss=0.0008297
  derivmatch lr=0.003 iter=250/2500 loss=0.0006609
  derivmatch lr=0.003 iter=375/2500 loss=0.0005668
  derivmatch lr=0.003 iter=500/2500 loss=0.001163
  derivmatch lr=0.003 iter=625/2500 loss=0.000436
  derivmatch lr=0.003 iter=750/2500 loss=0.0005722
  derivmatch lr=0.003 iter=875/2500 loss=0.000445
  derivmatch lr=0.003 iter=1000/2500 loss=0.0004467
  derivmatch lr=0.003 iter=1125/2500 loss=0.0004137
  derivmatch lr=0.003 iter=1250/2500 loss=0.0003411
  derivmatch lr=0.003 iter=1375/2500 loss=0.000267
  derivmatch lr=0.003 iter=1500/2500 loss=0.0004138
  derivmatch lr=0.003 iter=1625/2500 loss=0.0005115
  derivmatch lr=0.003 iter=1750/2500 loss=0.0004393
  derivmatch lr=0.003 iter=1875/2500 loss=0.0003478
  derivmatch lr=0.003 iter=2000/2500 loss=0.0002838
  derivmatch lr=0.003 iter=2125/2500 loss=0.0002408
  derivmatch lr=0.003 iter=2250/2500 loss=0.0002078
  derivmatch lr=0.003 iter=2375/2500 loss=0.0001787
  derivmatch lr=0.003 iter=2500/2500 loss=0.0001498
  derivmatch lr=0.003 iter=2500/2500 loss=0.0001206
  derivmatch lr=0.001 iter=125/2500 loss=0.0001169
  derivmatch lr=0.001 iter=250/2500 loss=0.0001144
  derivmatch lr=0.001 iter=375/2500 loss=0.0001119
  derivmatch lr=0.001 iter=500/2500 loss=0.0001092
  derivmatch lr=0.001 iter=625/2500 loss=0.0001062
  derivmatch lr=0.001 iter=750/2500 loss=0.0001031
  derivmatch lr=0.001 iter=875/2500 loss=9.993e-5
  derivmatch lr=0.001 iter=1000/2500 loss=9.665e-5
  derivmatch lr=0.001 iter=1125/2500 loss=9.336e-5
  derivmatch lr=0.001 iter=1250/2500 loss=9.008e-5
  derivmatch lr=0.001 iter=1375/2500 loss=0.0001002
  derivmatch lr=0.001 iter=1500/2500 loss=8.399e-5
  derivmatch lr=0.001 iter=1625/2500 loss=8.125e-5
  derivmatch lr=0.001 iter=1750/2500 loss=0.0001156
  derivmatch lr=0.001 iter=1875/2500 loss=7.635e-5
  derivmatch lr=0.001 iter=2000/2500 loss=7.64e-5
  derivmatch lr=0.001 iter=2125/2500 loss=8.012e-5
  derivmatch lr=0.001 iter=2250/2500 loss=9.051e-5
  derivmatch lr=0.001 iter=2375/2500 loss=0.0001012
  derivmatch lr=0.001 iter=2500/2500 loss=0.0001022
  derivmatch lr=0.001 iter=2500/2500 loss=6.678e-5
  derivmatch lr=0.0003 iter=80/1600 loss=6.659e-5
  derivmatch lr=0.0003 iter=160/1600 loss=6.638e-5
  derivmatch lr=0.0003 iter=240/1600 loss=6.613e-5
  derivmatch lr=0.0003 iter=320/1600 loss=6.584e-5
  derivmatch lr=0.0003 iter=400/1600 loss=6.551e-5
  derivmatch lr=0.0003 iter=480/1600 loss=6.514e-5
  derivmatch lr=0.0003 iter=560/1600 loss=6.474e-5
  derivmatch lr=0.0003 iter=640/1600 loss=6.43e-5
  derivmatch lr=0.0003 iter=720/1600 loss=6.384e-5
  derivmatch lr=0.0003 iter=800/1600 loss=6.335e-5
  derivmatch lr=0.0003 iter=880/1600 loss=6.284e-5
  derivmatch lr=0.0003 iter=960/1600 loss=6.23e-5
  derivmatch lr=0.0003 iter=1040/1600 loss=6.175e-5
  derivmatch lr=0.0003 iter=1120/1600 loss=6.117e-5
  derivmatch lr=0.0003 iter=1200/1600 loss=6.058e-5
  derivmatch lr=0.0003 iter=1280/1600 loss=5.997e-5
  derivmatch lr=0.0003 iter=1360/1600 loss=5.934e-5
  derivmatch lr=0.0003 iter=1440/1600 loss=5.87e-5
  derivmatch lr=0.0003 iter=1520/1600 loss=5.805e-5
  derivmatch lr=0.0003 iter=1600/1600 loss=5.741e-5
  derivmatch lr=0.0003 iter=1600/1600 loss=5.741e-5
derivative matching [33s]  fitloss=5.74e-5
  [derivative matching]  nrmse=0.003832  l2=0.02654
  collocation: M=54 residuals=627  detecting sparsity + solving...

Algorithm: LevenbergMarquardt(
    trustregion = LevenbergMarquardtTrustRegion(
        β_uphill = 0.0
    ),
    descent = GeodesicAcceleration(
        descent = DampedNewtonDescent(
            linsolve = KLUFactorization(
                reuse_symbolic = true,
                check_pattern = true
            ),
            initial_damping = 1.0,
            damping_fn = LevenbergMarquardtDampingFunction(
                increase_factor = 2.0,
                decrease_factor = 3.0,
                min_damping = 1.0e-8
            ),
            min_norm_mode = :auto
        ),
        finite_diff_step_geodesic = 0.1,
        α = 0.75
    ),
    autodiff = AutoForwardDiff(),
    vjp_autodiff = AutoFiniteDiff(
        fdtype = Val{:forward}(),
        fdjtype = Val{:forward}(),
        fdhtype = Val{:hcentral}(),
        dir = true
    ),
    jvp_autodiff = AutoForwardDiff(),
    concrete_jac = Val{true}()
)

----    	-------------       	-----------         
Iter    	f(u) 2-norm         	Step 2-norm         
----    	-------------       	-----------         
0       	3.13052213e+03      	NaN                 
1       	3.47851235e+03      	2.35267582e-02      
8       	5.89964036e+02      	3.68258796e-02      
15      	1.10151326e+02      	1.71509255e-01      
22      	7.33787933e+02      	5.18829843e-01      
29      	5.32241129e+01      	4.85050755e-01      
36      	3.76551940e+02      	2.98051890e-01      
43      	9.30682937e+02      	5.96608395e-01      
50      	1.11675259e+02      	0.00000000e+00      
57      	8.96378461e+01      	0.00000000e+00      
64      	3.37636626e+01      	0.00000000e+00      
71      	4.16920568e+01      	0.00000000e+00      
78      	2.10331668e+02      	0.00000000e+00      
85      	7.02368139e+01      	1.74044312e-01      
92      	4.98808740e+00      	6.52942400e-02      
99      	1.35283721e+02      	0.00000000e+00      
106     	2.27678030e+02      	3.69416731e-01      
113     	1.39647157e+02      	0.00000000e+00      
120     	1.16775458e+02      	0.00000000e+00      
127     	5.22070077e+00      	9.96889395e-02      
134     	1.74352975e+01      	0.00000000e+00      
141     	5.01010907e+01      	1.11234605e-01      
148     	1.38953643e+01      	0.00000000e+00      
Final   	1.75856839e+00      
----------------------      
  AMR 1/1: M=54  err=0.699  obs=2.09e-10  nrmse=0.000125  best=0.000125  refined=0
collocation [19s]
  [final]  nrmse=0.0001254  l2=0.0002301
extrapolation window: T=1000.0 -> T_test=1.0e12  n_test=100
  [train]  E_traj=4.323e-8  E_VF=1.319e-6  E_spec=9.429e26
  [test ]  E_traj=0.7492  E_VF=6.71e9  E_spec=3.671e22
saved /orcd/home/002/txenakis/projects/BVPsolver/src/../data/runs/run_M3apSyBb/rober_fit.png
saved /orcd/home/002/txenakis/projects/BVPsolver/src/../data/runs/run_M3apSyBb/rober_fit_extrapolated.png
saved /orcd/home/002/txenakis/projects/BVPsolver/src/../data/runs/run_M3apSyBb/rober_spectral_fit_extrapolated.png
saved /orcd/home/002/txenakis/projects/BVPsolver/src/../data/runs/run_M3apSyBb/rober_vf_fit_extrapolated.png
┌ Warning: Attempting to store StiffNN.var"#12#13"{Float64, Float64, Float64}.
│ JLD2 only stores functions by name.
│  This may not be useful for anonymous functions.
└ @ JLD2 ~/.julia/packages/JLD2/ADycq/src/data/writing_datatypes.jl:447
saved run → /orcd/home/002/txenakis/projects/BVPsolver/src/../data/runs/run_M3apSyBb
--------------------------------------
Done: Wed Sep 23 05:26:07 EDT 2026
