Task 319/1800: --problem rober --model stiff --profile fast --seed 119 --pretraining derivmatch --training shooting
Logging to /home/txenakis/projects/BVPsolver/logs/run_main_23493023_319.log
rober  model=stiff width=12 d=3 tlen=50 profile=fast seed=119  solver=Rodas5  N=318
  derivmatch lr=0.01 iter=170/3400 loss=0.2791
  derivmatch lr=0.01 iter=340/3400 loss=0.1447
  derivmatch lr=0.01 iter=510/3400 loss=0.08874
  derivmatch lr=0.01 iter=680/3400 loss=0.05094
  derivmatch lr=0.01 iter=850/3400 loss=0.05334
  derivmatch lr=0.01 iter=1020/3400 loss=0.03385
  derivmatch lr=0.01 iter=1190/3400 loss=0.03625
  derivmatch lr=0.01 iter=1360/3400 loss=0.02459
  derivmatch lr=0.01 iter=1530/3400 loss=0.02555
  derivmatch lr=0.01 iter=1700/3400 loss=0.02303
  derivmatch lr=0.01 iter=1870/3400 loss=0.01557
  derivmatch lr=0.01 iter=2040/3400 loss=0.01928
  derivmatch lr=0.01 iter=2210/3400 loss=0.01215
  derivmatch lr=0.01 iter=2380/3400 loss=0.01169
  derivmatch lr=0.01 iter=2550/3400 loss=0.01605
  derivmatch lr=0.01 iter=2720/3400 loss=0.008769
  derivmatch lr=0.01 iter=2890/3400 loss=0.008532
  derivmatch lr=0.01 iter=3060/3400 loss=0.0517
  derivmatch lr=0.01 iter=3230/3400 loss=0.006341
  derivmatch lr=0.01 iter=3400/3400 loss=0.005645
  derivmatch lr=0.01 iter=3400/3400 loss=0.005645
  derivmatch lr=0.003 iter=125/2500 loss=0.005477
  derivmatch lr=0.003 iter=250/2500 loss=0.004712
  derivmatch lr=0.003 iter=375/2500 loss=0.004084
  derivmatch lr=0.003 iter=500/2500 loss=0.003516
  derivmatch lr=0.003 iter=625/2500 loss=0.003489
  derivmatch lr=0.003 iter=750/2500 loss=0.002762
  derivmatch lr=0.003 iter=875/2500 loss=0.002975
  derivmatch lr=0.003 iter=1000/2500 loss=0.002371
  derivmatch lr=0.003 iter=1125/2500 loss=0.002193
  derivmatch lr=0.003 iter=1250/2500 loss=0.002
  derivmatch lr=0.003 iter=1375/2500 loss=0.001961
  derivmatch lr=0.003 iter=1500/2500 loss=0.001645
  derivmatch lr=0.003 iter=1625/2500 loss=0.001624
  derivmatch lr=0.003 iter=1750/2500 loss=0.001383
  derivmatch lr=0.003 iter=1875/2500 loss=0.001379
  derivmatch lr=0.003 iter=2000/2500 loss=0.001184
  derivmatch lr=0.003 iter=2125/2500 loss=0.00119
  derivmatch lr=0.003 iter=2250/2500 loss=0.001032
  derivmatch lr=0.003 iter=2375/2500 loss=0.001042
  derivmatch lr=0.003 iter=2500/2500 loss=0.0009114
  derivmatch lr=0.003 iter=2500/2500 loss=0.0009114
  derivmatch lr=0.001 iter=125/2500 loss=0.0006896
  derivmatch lr=0.001 iter=250/2500 loss=0.000669
  derivmatch lr=0.001 iter=375/2500 loss=0.0006479
  derivmatch lr=0.001 iter=500/2500 loss=0.0006255
  derivmatch lr=0.001 iter=625/2500 loss=0.000602
  derivmatch lr=0.001 iter=750/2500 loss=0.000578
  derivmatch lr=0.001 iter=875/2500 loss=0.0007325
  derivmatch lr=0.001 iter=1000/2500 loss=0.0005324
  derivmatch lr=0.001 iter=1125/2500 loss=0.0005521
  derivmatch lr=0.001 iter=1250/2500 loss=0.000574
  derivmatch lr=0.001 iter=1375/2500 loss=0.0005206
  derivmatch lr=0.001 iter=1500/2500 loss=0.0004568
  derivmatch lr=0.001 iter=1625/2500 loss=0.0004468
  derivmatch lr=0.001 iter=1750/2500 loss=0.0004935
  derivmatch lr=0.001 iter=1875/2500 loss=0.0004527
  derivmatch lr=0.001 iter=2000/2500 loss=0.0004014
  derivmatch lr=0.001 iter=2125/2500 loss=0.0003824
  derivmatch lr=0.001 iter=2250/2500 loss=0.0004344
  derivmatch lr=0.001 iter=2375/2500 loss=0.0004289
  derivmatch lr=0.001 iter=2500/2500 loss=0.0003686
  derivmatch lr=0.001 iter=2500/2500 loss=0.0003483
  derivmatch lr=0.0003 iter=80/1600 loss=0.0003476
  derivmatch lr=0.0003 iter=160/1600 loss=0.0003466
  derivmatch lr=0.0003 iter=240/1600 loss=0.0003455
  derivmatch lr=0.0003 iter=320/1600 loss=0.0003442
  derivmatch lr=0.0003 iter=400/1600 loss=0.0003427
  derivmatch lr=0.0003 iter=480/1600 loss=0.0003411
  derivmatch lr=0.0003 iter=560/1600 loss=0.0003393
  derivmatch lr=0.0003 iter=640/1600 loss=0.0003373
  derivmatch lr=0.0003 iter=720/1600 loss=0.0003353
  derivmatch lr=0.0003 iter=800/1600 loss=0.0003331
  derivmatch lr=0.0003 iter=880/1600 loss=0.0003307
  derivmatch lr=0.0003 iter=960/1600 loss=0.0003283
  derivmatch lr=0.0003 iter=1040/1600 loss=0.0003258
  derivmatch lr=0.0003 iter=1120/1600 loss=0.0003232
  derivmatch lr=0.0003 iter=1200/1600 loss=0.0003204
  derivmatch lr=0.0003 iter=1280/1600 loss=0.0003176
  derivmatch lr=0.0003 iter=1360/1600 loss=0.0003147
  derivmatch lr=0.0003 iter=1440/1600 loss=0.0003117
  derivmatch lr=0.0003 iter=1520/1600 loss=0.0003086
  derivmatch lr=0.0003 iter=1600/1600 loss=0.0003054
  derivmatch lr=0.0003 iter=1600/1600 loss=0.0003054
derivative matching [28s]  fitloss=0.000305
  [derivative matching]  nrmse=0.004055  l2=0.027
  shooting iter=50/1000 loss=0.0009031
  shooting iter=100/1000 loss=0.00173
  shooting iter=150/1000 loss=0.000828
  shooting iter=200/1000 loss=0.001071
  shooting iter=250/1000 loss=0.00115
  shooting iter=300/1000 loss=0.0005516
  shooting iter=350/1000 loss=0.001393
  shooting iter=400/1000 loss=0.0007295
  shooting iter=450/1000 loss=0.001285
  shooting iter=500/1000 loss=0.001122
  shooting iter=550/1000 loss=0.0008732
  shooting iter=600/1000 loss=0.0007227
  shooting iter=650/1000 loss=0.0006779
  shooting iter=700/1000 loss=0.0008125
  shooting iter=750/1000 loss=0.001443
  shooting iter=800/1000 loss=0.0005451
  shooting iter=850/1000 loss=0.001746
  shooting iter=900/1000 loss=0.0009706
  shooting iter=950/1000 loss=0.0008229
  shooting iter=1000/1000 loss=0.0007776
  shooting iter=1000/1000 loss=0.0004333
shooting [504s]  loss=0.000433
  [final]  nrmse=0.0007959  l2=0.0037
extrapolation window: T=1000.0 -> T_test=1.0e12  n_test=100
  [train]  E_traj=2.177e-6  E_VF=0.003704  E_spec=1.1589999999999999e27
  [test ]  E_traj=21.34  E_VF=6.483e9  E_spec=8.523e23
saved /orcd/home/002/txenakis/projects/BVPsolver/src/../data/runs/run_42uxcD2a/rober_fit.png
saved /orcd/home/002/txenakis/projects/BVPsolver/src/../data/runs/run_42uxcD2a/rober_fit_extrapolated.png
saved /orcd/home/002/txenakis/projects/BVPsolver/src/../data/runs/run_42uxcD2a/rober_spectral_fit_extrapolated.png
saved /orcd/home/002/txenakis/projects/BVPsolver/src/../data/runs/run_42uxcD2a/rober_vf_fit_extrapolated.png
┌ Warning: Attempting to store StiffNN.var"#12#13"{Float64, Float64, Float64}.
│ JLD2 only stores functions by name.
│  This may not be useful for anonymous functions.
└ @ JLD2 ~/.julia/packages/JLD2/ADycq/src/data/writing_datatypes.jl:447
saved run → /orcd/home/002/txenakis/projects/BVPsolver/src/../data/runs/run_42uxcD2a
--------------------------------------
Done: Wed Sep 23 05:11:23 EDT 2026
