Task 95/140: --problem vanderpol --param 100 --model GELU-scaled --profile fast --seed 45 --pretraining derivmatch --training shooting
Logging to /home/txenakis/projects/BVPsolver/logs/run_main_22314790_95.log
vanderpol  model=GELU-scaled width=7 d=2 tlen=151 profile=fast seed=45  solver=Kvaerno5  N=317
  derivmatch lr=0.01 iter=170/3400 loss=2.412
  derivmatch lr=0.01 iter=340/3400 loss=1.749
  derivmatch lr=0.01 iter=510/3400 loss=0.8624
  derivmatch lr=0.01 iter=680/3400 loss=0.4748
  derivmatch lr=0.01 iter=850/3400 loss=0.3201
  derivmatch lr=0.01 iter=1020/3400 loss=2.562
  derivmatch lr=0.01 iter=1190/3400 loss=2.227
  derivmatch lr=0.01 iter=1360/3400 loss=2.301
  derivmatch lr=0.01 iter=1530/3400 loss=1.505
  derivmatch lr=0.01 iter=1700/3400 loss=2.299
  derivmatch lr=0.01 iter=1870/3400 loss=1.317
  derivmatch lr=0.01 iter=2040/3400 loss=1.167
  derivmatch lr=0.01 iter=2210/3400 loss=1.067
  derivmatch lr=0.01 iter=2380/3400 loss=1.021
  derivmatch lr=0.01 iter=2550/3400 loss=1.013
  derivmatch lr=0.01 iter=2720/3400 loss=0.9675
  derivmatch lr=0.01 iter=2890/3400 loss=0.9567
  derivmatch lr=0.01 iter=3060/3400 loss=0.9164
  derivmatch lr=0.01 iter=3230/3400 loss=0.9238
  derivmatch lr=0.01 iter=3400/3400 loss=0.9124
  derivmatch lr=0.01 iter=3400/3400 loss=0.2548
  derivmatch lr=0.003 iter=125/2500 loss=0.1965
  derivmatch lr=0.003 iter=250/2500 loss=0.152
  derivmatch lr=0.003 iter=375/2500 loss=0.1113
  derivmatch lr=0.003 iter=500/2500 loss=0.07563
  derivmatch lr=0.003 iter=625/2500 loss=0.06438
  derivmatch lr=0.003 iter=750/2500 loss=0.04747
  derivmatch lr=0.003 iter=875/2500 loss=0.03987
  derivmatch lr=0.003 iter=1000/2500 loss=4.195
  derivmatch lr=0.003 iter=1125/2500 loss=0.813
  derivmatch lr=0.003 iter=1250/2500 loss=0.06843
  derivmatch lr=0.003 iter=1375/2500 loss=0.04932
  derivmatch lr=0.003 iter=1500/2500 loss=0.04155
  derivmatch lr=0.003 iter=1625/2500 loss=0.03835
  derivmatch lr=0.003 iter=1750/2500 loss=0.03455
  derivmatch lr=0.003 iter=1875/2500 loss=0.03053
  derivmatch lr=0.003 iter=2000/2500 loss=0.02863
  derivmatch lr=0.003 iter=2125/2500 loss=0.02686
  derivmatch lr=0.003 iter=2250/2500 loss=0.02521
  derivmatch lr=0.003 iter=2375/2500 loss=0.02363
  derivmatch lr=0.003 iter=2500/2500 loss=0.02211
  derivmatch lr=0.003 iter=2500/2500 loss=0.02211
  derivmatch lr=0.001 iter=125/2500 loss=0.02054
  derivmatch lr=0.001 iter=250/2500 loss=0.01896
  derivmatch lr=0.001 iter=375/2500 loss=0.01733
  derivmatch lr=0.001 iter=500/2500 loss=0.01576
  derivmatch lr=0.001 iter=625/2500 loss=0.01424
  derivmatch lr=0.001 iter=750/2500 loss=0.02764
  derivmatch lr=0.001 iter=875/2500 loss=0.0134
  derivmatch lr=0.001 iter=1000/2500 loss=0.01259
  derivmatch lr=0.001 iter=1125/2500 loss=0.01185
  derivmatch lr=0.001 iter=1250/2500 loss=0.01111
  derivmatch lr=0.001 iter=1375/2500 loss=0.0104
  derivmatch lr=0.001 iter=1500/2500 loss=0.009828
  derivmatch lr=0.001 iter=1625/2500 loss=0.009343
  derivmatch lr=0.001 iter=1750/2500 loss=0.008903
  derivmatch lr=0.001 iter=1875/2500 loss=0.008485
  derivmatch lr=0.001 iter=2000/2500 loss=0.008082
  derivmatch lr=0.001 iter=2125/2500 loss=0.007686
  derivmatch lr=0.001 iter=2250/2500 loss=0.007299
  derivmatch lr=0.001 iter=2375/2500 loss=0.006933
  derivmatch lr=0.001 iter=2500/2500 loss=0.006581
  derivmatch lr=0.001 iter=2500/2500 loss=0.006581
  derivmatch lr=0.0003 iter=80/1600 loss=0.006471
  derivmatch lr=0.0003 iter=160/1600 loss=0.006349
  derivmatch lr=0.0003 iter=240/1600 loss=0.006205
  derivmatch lr=0.0003 iter=320/1600 loss=0.006047
  derivmatch lr=0.0003 iter=400/1600 loss=0.00588
  derivmatch lr=0.0003 iter=480/1600 loss=0.005719
  derivmatch lr=0.0003 iter=560/1600 loss=0.005555
  derivmatch lr=0.0003 iter=640/1600 loss=0.005403
  derivmatch lr=0.0003 iter=720/1600 loss=0.00524
  derivmatch lr=0.0003 iter=800/1600 loss=0.005089
  derivmatch lr=0.0003 iter=880/1600 loss=0.004952
  derivmatch lr=0.0003 iter=960/1600 loss=0.004808
  derivmatch lr=0.0003 iter=1040/1600 loss=0.004681
  derivmatch lr=0.0003 iter=1120/1600 loss=0.00456
  derivmatch lr=0.0003 iter=1200/1600 loss=0.004412
  derivmatch lr=0.0003 iter=1280/1600 loss=0.004289
  derivmatch lr=0.0003 iter=1360/1600 loss=0.004278
  derivmatch lr=0.0003 iter=1440/1600 loss=0.004077
  derivmatch lr=0.0003 iter=1520/1600 loss=0.003987
  derivmatch lr=0.0003 iter=1600/1600 loss=0.003886
  derivmatch lr=0.0003 iter=1600/1600 loss=0.003886
derivative matching [27s]  fitloss=0.00389
  [derivative matching]  nrmse=1.8899999999999998e32  l2=1.359e34
  shooting iter=50/1000 loss=0.1832
  shooting iter=100/1000 loss=0.1832
  shooting iter=150/1000 loss=0.1832
  shooting iter=200/1000 loss=0.1832
  shooting iter=250/1000 loss=0.1832
  shooting iter=300/1000 loss=0.1832
  shooting iter=350/1000 loss=0.1832
  shooting iter=400/1000 loss=0.1832
  shooting iter=450/1000 loss=0.1832
  shooting iter=500/1000 loss=0.1832
  shooting iter=550/1000 loss=0.1832
  shooting iter=600/1000 loss=0.1832
  shooting iter=650/1000 loss=0.1832
  shooting iter=700/1000 loss=0.1832
  shooting iter=750/1000 loss=0.1832
  shooting iter=800/1000 loss=0.1832
  shooting iter=850/1000 loss=0.1832
  shooting iter=900/1000 loss=0.1832
  shooting iter=950/1000 loss=0.1832
  shooting iter=1000/1000 loss=0.1832
  shooting iter=1000/1000 loss=0.1831
shooting [476s]  loss=0.183
  [final]  nrmse=0.2964  l2=325.2
extrapolation window: T=200.0 -> T_test=400.0  n_test=302
  [train]  E_traj=1.016  E_VF=1.567  E_spec=0.5686
  [test ]  E_traj=430.8  E_VF=366900.0  E_spec=1.475
saved /orcd/home/002/txenakis/projects/BVPsolver/src/../data/runs/run_WBQgZEfL/vanderpol_fit.png
saved /orcd/home/002/txenakis/projects/BVPsolver/src/../data/runs/run_WBQgZEfL/vanderpol_fit_extrapolated.png
saved /orcd/home/002/txenakis/projects/BVPsolver/src/../data/runs/run_WBQgZEfL/vanderpol_spectral_fit_extrapolated.png
saved /orcd/home/002/txenakis/projects/BVPsolver/src/../data/runs/run_WBQgZEfL/vanderpol_vf_fit_extrapolated.png
┌ Warning: Attempting to store StiffNN.var"#14#15"{Float64}.
│ JLD2 only stores functions by name.
│  This may not be useful for anonymous functions.
└ @ JLD2 ~/.julia/packages/JLD2/ADycq/src/data/writing_datatypes.jl:447
saved run → /orcd/home/002/txenakis/projects/BVPsolver/src/../data/runs/run_WBQgZEfL
--------------------------------------
Done: Tue Sep  8 17:13:09 EDT 2026
