Task 911/1800: --problem hires --model stiff --profile fast --seed 111 --pretraining derivmatch --training shooting
Logging to /home/txenakis/projects/BVPsolver/logs/run_main_23553922_911.log
hires  model=stiff width=16 d=8 tlen=50 profile=fast seed=111  solver=Rodas5  N=816
  derivmatch lr=0.01 iter=170/3400 loss=0.07953
  derivmatch lr=0.01 iter=340/3400 loss=0.02756
  derivmatch lr=0.01 iter=510/3400 loss=0.01467
  derivmatch lr=0.01 iter=680/3400 loss=0.6059
  derivmatch lr=0.01 iter=850/3400 loss=0.01545
  derivmatch lr=0.01 iter=1020/3400 loss=0.01028
  derivmatch lr=0.01 iter=1190/3400 loss=0.007847
  derivmatch lr=0.01 iter=1360/3400 loss=0.006415
  derivmatch lr=0.01 iter=1530/3400 loss=0.00545
  derivmatch lr=0.01 iter=1700/3400 loss=0.004697
  derivmatch lr=0.01 iter=1870/3400 loss=0.004022
  derivmatch lr=0.01 iter=2040/3400 loss=0.003371
  derivmatch lr=0.01 iter=2210/3400 loss=0.002781
  derivmatch lr=0.01 iter=2380/3400 loss=0.002321
  derivmatch lr=0.01 iter=2550/3400 loss=0.001996
  derivmatch lr=0.01 iter=2720/3400 loss=0.001762
  derivmatch lr=0.01 iter=2890/3400 loss=0.001579
  derivmatch lr=0.01 iter=3060/3400 loss=0.001425
  derivmatch lr=0.01 iter=3230/3400 loss=0.001286
  derivmatch lr=0.01 iter=3400/3400 loss=0.001157
  derivmatch lr=0.01 iter=3400/3400 loss=0.001157
  derivmatch lr=0.003 iter=125/2500 loss=0.00106
  derivmatch lr=0.003 iter=250/2500 loss=0.0009603
  derivmatch lr=0.003 iter=375/2500 loss=0.0008415
  derivmatch lr=0.003 iter=500/2500 loss=0.0007186
  derivmatch lr=0.003 iter=625/2500 loss=0.0008388
  derivmatch lr=0.003 iter=750/2500 loss=0.0005885
  derivmatch lr=0.003 iter=875/2500 loss=0.0005366
  derivmatch lr=0.003 iter=1000/2500 loss=0.0004913
  derivmatch lr=0.003 iter=1125/2500 loss=0.0004515
  derivmatch lr=0.003 iter=1250/2500 loss=0.000417
  derivmatch lr=0.003 iter=1375/2500 loss=0.0003963
  derivmatch lr=0.003 iter=1500/2500 loss=0.0003713
  derivmatch lr=0.003 iter=1625/2500 loss=0.0003504
  derivmatch lr=0.003 iter=1750/2500 loss=0.0003409
  derivmatch lr=0.003 iter=1875/2500 loss=0.0003215
  derivmatch lr=0.003 iter=2000/2500 loss=0.0003097
  derivmatch lr=0.003 iter=2125/2500 loss=0.0002957
  derivmatch lr=0.003 iter=2250/2500 loss=0.0003108
  derivmatch lr=0.003 iter=2375/2500 loss=0.0002727
  derivmatch lr=0.003 iter=2500/2500 loss=0.000266
  derivmatch lr=0.003 iter=2500/2500 loss=0.0002647
  derivmatch lr=0.001 iter=125/2500 loss=0.0002618
  derivmatch lr=0.001 iter=250/2500 loss=0.0002589
  derivmatch lr=0.001 iter=375/2500 loss=0.0002553
  derivmatch lr=0.001 iter=500/2500 loss=0.0002514
  derivmatch lr=0.001 iter=625/2500 loss=0.000247
  derivmatch lr=0.001 iter=750/2500 loss=0.0002428
  derivmatch lr=0.001 iter=875/2500 loss=0.0002375
  derivmatch lr=0.001 iter=1000/2500 loss=0.0002559
  derivmatch lr=0.001 iter=1125/2500 loss=0.0002271
  derivmatch lr=0.001 iter=1250/2500 loss=0.0002216
  derivmatch lr=0.001 iter=1375/2500 loss=0.0002161
  derivmatch lr=0.001 iter=1500/2500 loss=0.0002104
  derivmatch lr=0.001 iter=1625/2500 loss=0.0002051
  derivmatch lr=0.001 iter=1750/2500 loss=0.0001989
  derivmatch lr=0.001 iter=1875/2500 loss=0.0001945
  derivmatch lr=0.001 iter=2000/2500 loss=0.0001873
  derivmatch lr=0.001 iter=2125/2500 loss=0.0001817
  derivmatch lr=0.001 iter=2250/2500 loss=0.0001761
  derivmatch lr=0.001 iter=2375/2500 loss=0.0001783
  derivmatch lr=0.001 iter=2500/2500 loss=0.0001658
  derivmatch lr=0.001 iter=2500/2500 loss=0.0001658
  derivmatch lr=0.0003 iter=80/1600 loss=0.000165
  derivmatch lr=0.0003 iter=160/1600 loss=0.0001642
  derivmatch lr=0.0003 iter=240/1600 loss=0.0001632
  derivmatch lr=0.0003 iter=320/1600 loss=0.000162
  derivmatch lr=0.0003 iter=400/1600 loss=0.0001607
  derivmatch lr=0.0003 iter=480/1600 loss=0.0001592
  derivmatch lr=0.0003 iter=560/1600 loss=0.0001575
  derivmatch lr=0.0003 iter=640/1600 loss=0.0001559
  derivmatch lr=0.0003 iter=720/1600 loss=0.0001542
  derivmatch lr=0.0003 iter=800/1600 loss=0.0001525
  derivmatch lr=0.0003 iter=880/1600 loss=0.0001507
  derivmatch lr=0.0003 iter=960/1600 loss=0.0001487
  derivmatch lr=0.0003 iter=1040/1600 loss=0.0001468
  derivmatch lr=0.0003 iter=1120/1600 loss=0.0001462
  derivmatch lr=0.0003 iter=1200/1600 loss=0.0001428
  derivmatch lr=0.0003 iter=1280/1600 loss=0.0001408
  derivmatch lr=0.0003 iter=1360/1600 loss=0.0001387
  derivmatch lr=0.0003 iter=1440/1600 loss=0.0001368
  derivmatch lr=0.0003 iter=1520/1600 loss=0.0001347
  derivmatch lr=0.0003 iter=1600/1600 loss=0.0001326
  derivmatch lr=0.0003 iter=1600/1600 loss=0.0001326
derivative matching [28s]  fitloss=0.000133
  [derivative matching]  nrmse=0.06612  l2=0.1514
  shooting iter=50/1000 loss=0.04733
  shooting iter=100/1000 loss=0.01123
  shooting iter=150/1000 loss=0.007021
  shooting iter=200/1000 loss=0.00432
  shooting iter=250/1000 loss=0.007835
  shooting iter=300/1000 loss=0.003443
  shooting iter=350/1000 loss=0.004165
  shooting iter=400/1000 loss=0.004151
  shooting iter=450/1000 loss=0.003693
  shooting iter=500/1000 loss=0.007083
  shooting iter=550/1000 loss=0.004161
  shooting iter=600/1000 loss=0.004582
  shooting iter=650/1000 loss=0.002125
  shooting iter=700/1000 loss=0.003617
  shooting iter=750/1000 loss=0.003792
  shooting iter=800/1000 loss=0.003802
  shooting iter=850/1000 loss=0.005338
  shooting iter=900/1000 loss=0.004639
  shooting iter=950/1000 loss=0.006528
