Task 97/600: --problem davis-skodje --param 1e-1 --model GELU-scaled --profile fast --seed 347 --pretraining derivmatch --training shooting
Logging to /home/txenakis/projects/BVPsolver/logs/run_main_23642156_97.log
davis-skodje  model=GELU-scaled width=7 d=2 tlen=300 profile=fast seed=347  solver=Rodas5P  N=317
  derivmatch lr=0.01 iter=170/3400 loss=0.4722
  derivmatch lr=0.01 iter=340/3400 loss=0.3901
  derivmatch lr=0.01 iter=510/3400 loss=0.02236
  derivmatch lr=0.01 iter=680/3400 loss=0.01539
  derivmatch lr=0.01 iter=850/3400 loss=0.02238
  derivmatch lr=0.01 iter=1020/3400 loss=0.006592
  derivmatch lr=0.01 iter=1190/3400 loss=0.007783
  derivmatch lr=0.01 iter=1360/3400 loss=0.01362
  derivmatch lr=0.01 iter=1530/3400 loss=0.003775
  derivmatch lr=0.01 iter=1700/3400 loss=0.005673
  derivmatch lr=0.01 iter=1870/3400 loss=0.01034
  derivmatch lr=0.01 iter=2040/3400 loss=0.002487
  derivmatch lr=0.01 iter=2210/3400 loss=0.004465
  derivmatch lr=0.01 iter=2380/3400 loss=0.008098
  derivmatch lr=0.01 iter=2550/3400 loss=0.001632
  derivmatch lr=0.01 iter=2720/3400 loss=0.003614
  derivmatch lr=0.01 iter=2890/3400 loss=0.006387
  derivmatch lr=0.01 iter=3060/3400 loss=0.001067
  derivmatch lr=0.01 iter=3230/3400 loss=0.003027
  derivmatch lr=0.01 iter=3400/3400 loss=0.00513
  derivmatch lr=0.01 iter=3400/3400 loss=0.0008119
  derivmatch lr=0.003 iter=125/2500 loss=0.0002988
  derivmatch lr=0.003 iter=250/2500 loss=0.0001723
  derivmatch lr=0.003 iter=375/2500 loss=0.0001115
  derivmatch lr=0.003 iter=500/2500 loss=8.077e-5
  derivmatch lr=0.003 iter=625/2500 loss=6.376e-5
  derivmatch lr=0.003 iter=750/2500 loss=5.334e-5
  derivmatch lr=0.003 iter=875/2500 loss=6.566e-5
  derivmatch lr=0.003 iter=1000/2500 loss=0.0002618
  derivmatch lr=0.003 iter=1125/2500 loss=8.582e-5
  derivmatch lr=0.003 iter=1250/2500 loss=0.0008289
  derivmatch lr=0.003 iter=1375/2500 loss=0.0003812
  derivmatch lr=0.003 iter=1500/2500 loss=0.0001759
  derivmatch lr=0.003 iter=1625/2500 loss=3.178e-5
  derivmatch lr=0.003 iter=1750/2500 loss=0.0001036
  derivmatch lr=0.003 iter=1875/2500 loss=0.0004253
  derivmatch lr=0.003 iter=2000/2500 loss=0.0005282
  derivmatch lr=0.003 iter=2125/2500 loss=5.366e-5
  derivmatch lr=0.003 iter=2250/2500 loss=3.484e-5
  derivmatch lr=0.003 iter=2375/2500 loss=0.0003551
  derivmatch lr=0.003 iter=2500/2500 loss=0.0007788
  derivmatch lr=0.003 iter=2500/2500 loss=2.53e-5
  derivmatch lr=0.001 iter=125/2500 loss=2.568e-5
  derivmatch lr=0.001 iter=250/2500 loss=2.426e-5
  derivmatch lr=0.001 iter=375/2500 loss=2.358e-5
  derivmatch lr=0.001 iter=500/2500 loss=2.303e-5
  derivmatch lr=0.001 iter=625/2500 loss=2.249e-5
  derivmatch lr=0.001 iter=750/2500 loss=2.193e-5
  derivmatch lr=0.001 iter=875/2500 loss=2.136e-5
  derivmatch lr=0.001 iter=1000/2500 loss=2.077e-5
  derivmatch lr=0.001 iter=1125/2500 loss=2.016e-5
  derivmatch lr=0.001 iter=1250/2500 loss=1.955e-5
  derivmatch lr=0.001 iter=1375/2500 loss=1.893e-5
  derivmatch lr=0.001 iter=1500/2500 loss=4.084e-5
  derivmatch lr=0.001 iter=1625/2500 loss=1.814e-5
  derivmatch lr=0.001 iter=1750/2500 loss=1.761e-5
  derivmatch lr=0.001 iter=1875/2500 loss=5.197e-5
  derivmatch lr=0.001 iter=2000/2500 loss=1.684e-5
  derivmatch lr=0.001 iter=2125/2500 loss=3.432e-5
  derivmatch lr=0.001 iter=2250/2500 loss=1.608e-5
  derivmatch lr=0.001 iter=2375/2500 loss=1.585e-5
  derivmatch lr=0.001 iter=2500/2500 loss=1.552e-5
  derivmatch lr=0.001 iter=2500/2500 loss=1.55e-5
  derivmatch lr=0.0003 iter=80/1600 loss=1.626e-5
  derivmatch lr=0.0003 iter=160/1600 loss=1.544e-5
  derivmatch lr=0.0003 iter=240/1600 loss=1.537e-5
  derivmatch lr=0.0003 iter=320/1600 loss=1.529e-5
  derivmatch lr=0.0003 iter=400/1600 loss=1.521e-5
  derivmatch lr=0.0003 iter=480/1600 loss=1.511e-5
  derivmatch lr=0.0003 iter=560/1600 loss=1.501e-5
  derivmatch lr=0.0003 iter=640/1600 loss=1.49e-5
  derivmatch lr=0.0003 iter=720/1600 loss=1.478e-5
  derivmatch lr=0.0003 iter=800/1600 loss=1.466e-5
  derivmatch lr=0.0003 iter=880/1600 loss=1.452e-5
  derivmatch lr=0.0003 iter=960/1600 loss=1.438e-5
  derivmatch lr=0.0003 iter=1040/1600 loss=1.424e-5
  derivmatch lr=0.0003 iter=1120/1600 loss=1.409e-5
  derivmatch lr=0.0003 iter=1200/1600 loss=1.393e-5
  derivmatch lr=0.0003 iter=1280/1600 loss=1.376e-5
  derivmatch lr=0.0003 iter=1360/1600 loss=1.36e-5
  derivmatch lr=0.0003 iter=1440/1600 loss=1.342e-5
  derivmatch lr=0.0003 iter=1520/1600 loss=1.324e-5
  derivmatch lr=0.0003 iter=1600/1600 loss=1.306e-5
  derivmatch lr=0.0003 iter=1600/1600 loss=1.306e-5
derivative matching [32s]  fitloss=1.31e-5
  [derivative matching]  nrmse=0.0001979  l2=0.005794
  shooting iter=50/1000 loss=0.005917
  shooting iter=100/1000 loss=0.00217
  shooting iter=150/1000 loss=0.001227
  shooting iter=200/1000 loss=0.002323
  shooting iter=250/1000 loss=0.002552
  shooting iter=300/1000 loss=0.0005684
  shooting iter=350/1000 loss=0.001439
  shooting iter=400/1000 loss=0.002172
  shooting iter=450/1000 loss=0.002528
  shooting iter=500/1000 loss=0.001644
  shooting iter=550/1000 loss=0.001259
  shooting iter=600/1000 loss=0.001327
  shooting iter=650/1000 loss=0.001388
  shooting iter=700/1000 loss=0.0022
  shooting iter=750/1000 loss=0.0003712
  shooting iter=800/1000 loss=0.001309
  shooting iter=850/1000 loss=0.00247
  shooting iter=900/1000 loss=0.002033
  shooting iter=950/1000 loss=0.001118
  shooting iter=1000/1000 loss=0.001398
  shooting iter=1000/1000 loss=9.631e-5
shooting [421s]  loss=9.63e-5
  [final]  nrmse=0.0001979  l2=0.005794
extrapolation window: T=15.0 -> T_test=30.0  n_test=600
  [train]  E_traj=6.129e-8  E_VF=2.361e-6  E_spec=0.4773
  [test ]  E_traj=3.689e7  E_VF=234900.0  E_spec=0.8961
saved /orcd/home/002/txenakis/projects/BVPsolver/src/../data/runs/run_ARcudV0Z/davis-skodje_fit.png
saved /orcd/home/002/txenakis/projects/BVPsolver/src/../data/runs/run_ARcudV0Z/davis-skodje_fit_extrapolated.png
saved /orcd/home/002/txenakis/projects/BVPsolver/src/../data/runs/run_ARcudV0Z/davis-skodje_spectral_fit_extrapolated.png
saved /orcd/home/002/txenakis/projects/BVPsolver/src/../data/runs/run_ARcudV0Z/davis-skodje_vf_fit_extrapolated.png
┌ Warning: Attempting to store StiffNN.var"#22#23"{Float64}.
│ JLD2 only stores functions by name.
│  This may not be useful for anonymous functions.
└ @ JLD2 ~/.julia/packages/JLD2/ADycq/src/data/writing_datatypes.jl:447
saved run → /orcd/home/002/txenakis/projects/BVPsolver/src/../data/runs/run_ARcudV0Z
--------------------------------------
Done: Thu Sep 24 08:00:57 EDT 2026
