Task 943/1800: --problem hires --model stiff --profile fast --seed 143 --pretraining derivmatch --training shooting
Logging to /home/txenakis/projects/BVPsolver/logs/run_main_23553922_943.log
hires  model=stiff width=16 d=8 tlen=50 profile=fast seed=143  solver=Rodas5  N=816
  derivmatch lr=0.01 iter=170/3400 loss=0.115
  derivmatch lr=0.01 iter=340/3400 loss=0.0423
  derivmatch lr=0.01 iter=510/3400 loss=0.05493
  derivmatch lr=0.01 iter=680/3400 loss=0.01454
  derivmatch lr=0.01 iter=850/3400 loss=0.009815
  derivmatch lr=0.01 iter=1020/3400 loss=0.007605
  derivmatch lr=0.01 iter=1190/3400 loss=0.006245
  derivmatch lr=0.01 iter=1360/3400 loss=0.00529
  derivmatch lr=0.01 iter=1530/3400 loss=0.004659
  derivmatch lr=0.01 iter=1700/3400 loss=0.004411
  derivmatch lr=0.01 iter=1870/3400 loss=0.003636
  derivmatch lr=0.01 iter=2040/3400 loss=0.003415
  derivmatch lr=0.01 iter=2210/3400 loss=0.003064
  derivmatch lr=0.01 iter=2380/3400 loss=0.002955
  derivmatch lr=0.01 iter=2550/3400 loss=0.002247
  derivmatch lr=0.01 iter=2720/3400 loss=0.002172
  derivmatch lr=0.01 iter=2890/3400 loss=0.001905
  derivmatch lr=0.01 iter=3060/3400 loss=0.002676
  derivmatch lr=0.01 iter=3230/3400 loss=0.001347
  derivmatch lr=0.01 iter=3400/3400 loss=0.00106
  derivmatch lr=0.01 iter=3400/3400 loss=0.00106
  derivmatch lr=0.003 iter=125/2500 loss=0.001045
  derivmatch lr=0.003 iter=250/2500 loss=0.0009693
  derivmatch lr=0.003 iter=375/2500 loss=0.0008935
  derivmatch lr=0.003 iter=500/2500 loss=0.0008171
  derivmatch lr=0.003 iter=625/2500 loss=0.0007468
  derivmatch lr=0.003 iter=750/2500 loss=0.0006858
  derivmatch lr=0.003 iter=875/2500 loss=0.0006341
  derivmatch lr=0.003 iter=1000/2500 loss=0.0005903
  derivmatch lr=0.003 iter=1125/2500 loss=0.0005523
  derivmatch lr=0.003 iter=1250/2500 loss=0.001758
  derivmatch lr=0.003 iter=1375/2500 loss=0.0004971
  derivmatch lr=0.003 iter=1500/2500 loss=0.0004719
  derivmatch lr=0.003 iter=1625/2500 loss=0.0004518
  derivmatch lr=0.003 iter=1750/2500 loss=0.0004239
  derivmatch lr=0.003 iter=1875/2500 loss=0.0004004
  derivmatch lr=0.003 iter=2000/2500 loss=0.0004314
  derivmatch lr=0.003 iter=2125/2500 loss=0.0003564
  derivmatch lr=0.003 iter=2250/2500 loss=0.000342
  derivmatch lr=0.003 iter=2375/2500 loss=0.0003312
  derivmatch lr=0.003 iter=2500/2500 loss=0.0003205
  derivmatch lr=0.003 iter=2500/2500 loss=0.0003186
  derivmatch lr=0.001 iter=125/2500 loss=0.0003175
  derivmatch lr=0.001 iter=250/2500 loss=0.0003135
  derivmatch lr=0.001 iter=375/2500 loss=0.0003094
  derivmatch lr=0.001 iter=500/2500 loss=0.0003049
  derivmatch lr=0.001 iter=625/2500 loss=0.0003002
  derivmatch lr=0.001 iter=750/2500 loss=0.0002954
  derivmatch lr=0.001 iter=875/2500 loss=0.0002904
  derivmatch lr=0.001 iter=1000/2500 loss=0.0002854
  derivmatch lr=0.001 iter=1125/2500 loss=0.0002804
  derivmatch lr=0.001 iter=1250/2500 loss=0.0002753
  derivmatch lr=0.001 iter=1375/2500 loss=0.0002703
  derivmatch lr=0.001 iter=1500/2500 loss=0.0002657
  derivmatch lr=0.001 iter=1625/2500 loss=0.0002621
  derivmatch lr=0.001 iter=1750/2500 loss=0.0002581
  derivmatch lr=0.001 iter=1875/2500 loss=0.0002542
  derivmatch lr=0.001 iter=2000/2500 loss=0.00064
  derivmatch lr=0.001 iter=2125/2500 loss=0.0002474
  derivmatch lr=0.001 iter=2250/2500 loss=0.000244
  derivmatch lr=0.001 iter=2375/2500 loss=0.0002407
  derivmatch lr=0.001 iter=2500/2500 loss=0.000238
  derivmatch lr=0.001 iter=2500/2500 loss=0.000238
  derivmatch lr=0.0003 iter=80/1600 loss=0.0002378
  derivmatch lr=0.0003 iter=160/1600 loss=0.0002374
  derivmatch lr=0.0003 iter=240/1600 loss=0.000237
  derivmatch lr=0.0003 iter=320/1600 loss=0.0002364
  derivmatch lr=0.0003 iter=400/1600 loss=0.0002358
  derivmatch lr=0.0003 iter=480/1600 loss=0.0002352
  derivmatch lr=0.0003 iter=560/1600 loss=0.0002344
  derivmatch lr=0.0003 iter=640/1600 loss=0.0002336
  derivmatch lr=0.0003 iter=720/1600 loss=0.0002328
  derivmatch lr=0.0003 iter=800/1600 loss=0.0002319
  derivmatch lr=0.0003 iter=880/1600 loss=0.0002309
  derivmatch lr=0.0003 iter=960/1600 loss=0.0002299
  derivmatch lr=0.0003 iter=1040/1600 loss=0.0002289
  derivmatch lr=0.0003 iter=1120/1600 loss=0.0002278
  derivmatch lr=0.0003 iter=1200/1600 loss=0.0002266
  derivmatch lr=0.0003 iter=1280/1600 loss=0.0002255
  derivmatch lr=0.0003 iter=1360/1600 loss=0.0002243
  derivmatch lr=0.0003 iter=1440/1600 loss=0.000223
  derivmatch lr=0.0003 iter=1520/1600 loss=0.0002217
  derivmatch lr=0.0003 iter=1600/1600 loss=0.0002204
  derivmatch lr=0.0003 iter=1600/1600 loss=0.0002204
derivative matching [28s]  fitloss=0.00022
  [derivative matching]  nrmse=0.2225  l2=1.558
  shooting iter=50/1000 loss=0.08372
  shooting iter=100/1000 loss=0.03341
  shooting iter=150/1000 loss=0.01614
  shooting iter=200/1000 loss=0.01241
  shooting iter=250/1000 loss=0.01026
  shooting iter=300/1000 loss=0.009789
  shooting iter=350/1000 loss=0.008195
  shooting iter=400/1000 loss=0.007712
  shooting iter=450/1000 loss=0.03234
  shooting iter=500/1000 loss=0.01821
  shooting iter=550/1000 loss=0.01214
  shooting iter=600/1000 loss=0.009695
  shooting iter=650/1000 loss=0.008603
  shooting iter=700/1000 loss=0.007931
  shooting iter=750/1000 loss=0.008319
  shooting iter=800/1000 loss=0.008613
  shooting iter=850/1000 loss=0.008404
  shooting iter=900/1000 loss=0.007892
  shooting iter=950/1000 loss=0.009667
  shooting iter=1000/1000 loss=0.008552
  shooting iter=1000/1000 loss=0.006945
shooting [5836s]  loss=0.00694
  [final]  nrmse=0.03739  l2=0.1086
extrapolation window: T=321.8122 -> T_test=643.624  n_test=100
  [train]  E_traj=0.003366  E_VF=0.005997  E_spec=6.009e17
  [test ]  E_traj=1160.0  E_VF=858800.0  E_spec=3.329e27
saved /orcd/home/002/txenakis/projects/BVPsolver/src/../data/runs/run_Y7L7P4o7/hires_fit.png
saved /orcd/home/002/txenakis/projects/BVPsolver/src/../data/runs/run_Y7L7P4o7/hires_fit_extrapolated.png
saved /orcd/home/002/txenakis/projects/BVPsolver/src/../data/runs/run_Y7L7P4o7/hires_spectral_fit_extrapolated.png
saved /orcd/home/002/txenakis/projects/BVPsolver/src/../data/runs/run_Y7L7P4o7/hires_vf_fit_extrapolated.png
┌ Warning: Attempting to store StiffNN.var"#18#19"{Type{Float64}}.
│ JLD2 only stores functions by name.
│  This may not be useful for anonymous functions.
└ @ JLD2 ~/.julia/packages/JLD2/ADycq/src/data/writing_datatypes.jl:447
saved run → /orcd/home/002/txenakis/projects/BVPsolver/src/../data/runs/run_Y7L7P4o7
--------------------------------------
Done: Wed Sep 23 16:28:08 EDT 2026
