Task 2/200: --problem dahlquist --param -1 --model stiff --profile fast --seed 802 --pretraining derivmatch --training shooting
Logging to /home/txenakis/projects/BVPsolver/logs/run_main_23927197_2.log
Precompiling packages...
  13891.4 ms  ✓ StiffNN
  1 dependency successfully precompiled in 32 seconds. 596 already precompiled.
dahlquist  model=stiff width=8 d=1 tlen=50 profile=fast seed=802  solver=Rodas5  N=114
  derivmatch lr=0.01 iter=170/3400 loss=0.001458
  derivmatch lr=0.01 iter=340/3400 loss=0.000888
  derivmatch lr=0.01 iter=510/3400 loss=0.0005982
  derivmatch lr=0.01 iter=680/3400 loss=0.0004458
  derivmatch lr=0.01 iter=850/3400 loss=0.0003626
  derivmatch lr=0.01 iter=1020/3400 loss=0.0003156
  derivmatch lr=0.01 iter=1190/3400 loss=0.0002872
  derivmatch lr=0.01 iter=1360/3400 loss=0.0002677
  derivmatch lr=0.01 iter=1530/3400 loss=0.0002523
  derivmatch lr=0.01 iter=1700/3400 loss=0.0002388
  derivmatch lr=0.01 iter=1870/3400 loss=0.0002265
  derivmatch lr=0.01 iter=2040/3400 loss=0.0002147
  derivmatch lr=0.01 iter=2210/3400 loss=0.0002032
  derivmatch lr=0.01 iter=2380/3400 loss=0.0001917
  derivmatch lr=0.01 iter=2550/3400 loss=0.0001799
  derivmatch lr=0.01 iter=2720/3400 loss=0.0001676
  derivmatch lr=0.01 iter=2890/3400 loss=0.0001551
  derivmatch lr=0.01 iter=3060/3400 loss=0.0001428
  derivmatch lr=0.01 iter=3230/3400 loss=0.0001307
  derivmatch lr=0.01 iter=3400/3400 loss=0.0001189
  derivmatch lr=0.01 iter=3400/3400 loss=0.0001189
  derivmatch lr=0.003 iter=125/2500 loss=7.03e-5
  derivmatch lr=0.003 iter=250/2500 loss=6.403e-5
  derivmatch lr=0.003 iter=375/2500 loss=5.669e-5
  derivmatch lr=0.003 iter=500/2500 loss=4.466e-5
  derivmatch lr=0.003 iter=625/2500 loss=3.461e-5
  derivmatch lr=0.003 iter=750/2500 loss=2.563e-5
  derivmatch lr=0.003 iter=875/2500 loss=1.924e-5
  derivmatch lr=0.003 iter=1000/2500 loss=1.238e-5
  derivmatch lr=0.003 iter=1125/2500 loss=8.53e-6
  derivmatch lr=0.003 iter=1250/2500 loss=5.909e-6
  derivmatch lr=0.003 iter=1375/2500 loss=4.991e-6
  derivmatch lr=0.003 iter=1500/2500 loss=4.483e-6
  derivmatch lr=0.003 iter=1625/2500 loss=4.221e-6
  derivmatch lr=0.003 iter=1750/2500 loss=7.236e-6
  derivmatch lr=0.003 iter=1875/2500 loss=3.818e-6
  derivmatch lr=0.003 iter=2000/2500 loss=3.63e-6
  derivmatch lr=0.003 iter=2125/2500 loss=3.434e-6
  derivmatch lr=0.003 iter=2250/2500 loss=3.289e-6
  derivmatch lr=0.003 iter=2375/2500 loss=3.134e-6
  derivmatch lr=0.003 iter=2500/2500 loss=2.973e-6
  derivmatch lr=0.003 iter=2500/2500 loss=2.973e-6
  derivmatch lr=0.001 iter=125/2500 loss=2.891e-6
  derivmatch lr=0.001 iter=250/2500 loss=2.832e-6
  derivmatch lr=0.001 iter=375/2500 loss=2.754e-6
  derivmatch lr=0.001 iter=500/2500 loss=2.66e-6
  derivmatch lr=0.001 iter=625/2500 loss=2.553e-6
  derivmatch lr=0.001 iter=750/2500 loss=2.434e-6
  derivmatch lr=0.001 iter=875/2500 loss=2.306e-6
  derivmatch lr=0.001 iter=1000/2500 loss=2.207e-6
  derivmatch lr=0.001 iter=1125/2500 loss=2.113e-6
  derivmatch lr=0.001 iter=1250/2500 loss=2.02e-6
  derivmatch lr=0.001 iter=1375/2500 loss=1.925e-6
  derivmatch lr=0.001 iter=1500/2500 loss=1.847e-6
  derivmatch lr=0.001 iter=1625/2500 loss=1.773e-6
  derivmatch lr=0.001 iter=1750/2500 loss=1.706e-6
  derivmatch lr=0.001 iter=1875/2500 loss=1.636e-6
  derivmatch lr=0.001 iter=2000/2500 loss=2.125e-6
  derivmatch lr=0.001 iter=2125/2500 loss=1.514e-6
  derivmatch lr=0.001 iter=2250/2500 loss=1.458e-6
  derivmatch lr=0.001 iter=2375/2500 loss=1.396e-6
  derivmatch lr=0.001 iter=2500/2500 loss=1.329e-6
  derivmatch lr=0.001 iter=2500/2500 loss=1.329e-6
  derivmatch lr=0.0003 iter=80/1600 loss=1.326e-6
  derivmatch lr=0.0003 iter=160/1600 loss=1.32e-6
  derivmatch lr=0.0003 iter=240/1600 loss=1.313e-6
  derivmatch lr=0.0003 iter=320/1600 loss=1.305e-6
  derivmatch lr=0.0003 iter=400/1600 loss=1.295e-6
  derivmatch lr=0.0003 iter=480/1600 loss=1.284e-6
  derivmatch lr=0.0003 iter=560/1600 loss=1.272e-6
  derivmatch lr=0.0003 iter=640/1600 loss=1.259e-6
  derivmatch lr=0.0003 iter=720/1600 loss=1.245e-6
  derivmatch lr=0.0003 iter=800/1600 loss=1.229e-6
  derivmatch lr=0.0003 iter=880/1600 loss=1.211e-6
  derivmatch lr=0.0003 iter=960/1600 loss=1.193e-6
  derivmatch lr=0.0003 iter=1040/1600 loss=1.173e-6
  derivmatch lr=0.0003 iter=1120/1600 loss=1.151e-6
  derivmatch lr=0.0003 iter=1200/1600 loss=1.128e-6
  derivmatch lr=0.0003 iter=1280/1600 loss=1.104e-6
  derivmatch lr=0.0003 iter=1360/1600 loss=1.077e-6
  derivmatch lr=0.0003 iter=1440/1600 loss=1.049e-6
  derivmatch lr=0.0003 iter=1520/1600 loss=1.02e-6
  derivmatch lr=0.0003 iter=1600/1600 loss=9.893e-7
  derivmatch lr=0.0003 iter=1600/1600 loss=9.893e-7
derivative matching [34s]  fitloss=9.89e-7
  [derivative matching]  nrmse=0.0006785  l2=0.003033
  shooting iter=50/1000 loss=0.0009197
  shooting iter=100/1000 loss=0.001212
  shooting iter=150/1000 loss=0.0004581
  shooting iter=200/1000 loss=0.0001932
  shooting iter=250/1000 loss=0.000267
  shooting iter=300/1000 loss=0.000664
  shooting iter=350/1000 loss=0.0004461
  shooting iter=400/1000 loss=0.00134
  shooting iter=450/1000 loss=0.0002619
  shooting iter=500/1000 loss=0.0003895
  shooting iter=550/1000 loss=0.0008637
  shooting iter=600/1000 loss=0.0002346
  shooting iter=650/1000 loss=0.001115
  shooting iter=700/1000 loss=4.86e-5
  shooting iter=750/1000 loss=0.001074
  shooting iter=800/1000 loss=0.0004018
  shooting iter=850/1000 loss=2.893e-5
  shooting iter=900/1000 loss=0.0001538
  shooting iter=950/1000 loss=0.0004479
  shooting iter=1000/1000 loss=0.0008756
  shooting iter=1000/1000 loss=2.133e-5
shooting [28s]  loss=2.13e-5
  [final]  nrmse=5.456e-5  l2=0.0002438
  trajectory_parameter_sensitivity_rms = 0.3465
extrapolation window: T=1.0 -> T_test=2.0  n_test=100
  [train]  E_traj=1.393e-9  E_VF=3.294e-7  E_spec=0.0007338
  [test ]  E_traj=0.03244  E_VF=0.2204  E_spec=0.4535
saved /orcd/home/002/txenakis/projects/BVPsolver/src/../data/runs/run_Du7UbPyw/dahlquist_fit.png
saved /orcd/home/002/txenakis/projects/BVPsolver/src/../data/runs/run_Du7UbPyw/dahlquist_fit_extrapolated.png
saved /orcd/home/002/txenakis/projects/BVPsolver/src/../data/runs/run_Du7UbPyw/dahlquist_spectral_fit_extrapolated.png
saved /orcd/home/002/txenakis/projects/BVPsolver/src/../data/runs/run_Du7UbPyw/dahlquist_vf_fit_extrapolated.png
┌ Warning: Attempting to store StiffNN.var"#25#26"{Float64}.
│ JLD2 only stores functions by name.
│  This may not be useful for anonymous functions.
└ @ JLD2 ~/.julia/packages/JLD2/ADycq/src/data/writing_datatypes.jl:447
saved run → /orcd/home/002/txenakis/projects/BVPsolver/src/../data/runs/run_Du7UbPyw
--------------------------------------
Done: Fri Sep 25 16:16:59 EDT 2026
