Task 196/750: --problem rober --model stiff --profile fast --seed 246 --pretraining none --training shooting
Logging to /home/txenakis/projects/BVPsolver/logs/run_main_23648109_196.log
rober  model=stiff width=12 d=3 tlen=50 profile=fast seed=246  solver=Rodas5  N=318
  shooting iter=50/1000 loss=0.152
  shooting iter=100/1000 loss=0.07042
  shooting iter=150/1000 loss=0.02808
  shooting iter=200/1000 loss=0.006573
  shooting iter=250/1000 loss=0.003834
  shooting iter=300/1000 loss=0.002496
  shooting iter=350/1000 loss=0.001889
  shooting iter=400/1000 loss=0.002394
  shooting iter=450/1000 loss=0.001544
  shooting iter=500/1000 loss=0.001148
  shooting iter=550/1000 loss=0.001052
  shooting iter=600/1000 loss=0.001653
  shooting iter=650/1000 loss=0.002329
  shooting iter=700/1000 loss=0.0009692
  shooting iter=750/1000 loss=0.00125
  shooting iter=800/1000 loss=0.001755
  shooting iter=850/1000 loss=0.0008541
  shooting iter=900/1000 loss=0.000754
  shooting iter=950/1000 loss=0.001253
  shooting iter=1000/1000 loss=0.001251
  shooting iter=1000/1000 loss=0.0006129
shooting [437s]  loss=0.000613
  [final]  nrmse=0.001625  l2=0.002927
extrapolation window: T=1000.0 -> T_test=1.0e12  n_test=100
  [train]  E_traj=7.387e-6  E_VF=0.1274  E_spec=1.637e27
  [test ]  E_traj=10.22  E_VF=2.171e12  E_spec=1.587e23
saved /orcd/home/002/txenakis/projects/BVPsolver/src/../data/runs/run_UwEtrJu7/rober_fit.png
saved /orcd/home/002/txenakis/projects/BVPsolver/src/../data/runs/run_UwEtrJu7/rober_fit_extrapolated.png
saved /orcd/home/002/txenakis/projects/BVPsolver/src/../data/runs/run_UwEtrJu7/rober_spectral_fit_extrapolated.png
saved /orcd/home/002/txenakis/projects/BVPsolver/src/../data/runs/run_UwEtrJu7/rober_vf_fit_extrapolated.png
┌ Warning: Attempting to store StiffNN.var"#12#13"{Float64, Float64, Float64}.
│ JLD2 only stores functions by name.
│  This may not be useful for anonymous functions.
└ @ JLD2 ~/.julia/packages/JLD2/ADycq/src/data/writing_datatypes.jl:447
saved run → /orcd/home/002/txenakis/projects/BVPsolver/src/../data/runs/run_UwEtrJu7
--------------------------------------
Done: Thu Sep 24 11:22:09 EDT 2026
