Task 151/750: --problem rober --model stiff --profile fast --seed 201 --pretraining none --training shooting
Logging to /home/txenakis/projects/BVPsolver/logs/run_main_23648109_151.log
rober  model=stiff width=12 d=3 tlen=50 profile=fast seed=201  solver=Rodas5  N=318
  shooting iter=50/1000 loss=0.1917
  shooting iter=100/1000 loss=0.1052
  shooting iter=150/1000 loss=0.06337
  shooting iter=200/1000 loss=0.05571
  shooting iter=250/1000 loss=0.05601
  shooting iter=300/1000 loss=0.05389
  shooting iter=350/1000 loss=0.05356
  shooting iter=400/1000 loss=0.05413
  shooting iter=450/1000 loss=0.05381
  shooting iter=500/1000 loss=0.05309
  shooting iter=550/1000 loss=0.05411
  shooting iter=600/1000 loss=0.05285
  shooting iter=650/1000 loss=0.05293
  shooting iter=700/1000 loss=0.05333
  shooting iter=750/1000 loss=0.0532
  shooting iter=800/1000 loss=0.05309
  shooting iter=850/1000 loss=0.05304
  shooting iter=900/1000 loss=0.05286
  shooting iter=950/1000 loss=0.05269
  shooting iter=1000/1000 loss=0.05291
  shooting iter=1000/1000 loss=0.05257
shooting [331s]  loss=0.0526
  [final]  nrmse=0.1828  l2=1.485
extrapolation window: T=1000.0 -> T_test=1.0e12  n_test=100
  [train]  E_traj=0.3352  E_VF=0.8328  E_spec=2.32e26
  [test ]  E_traj=4.656  E_VF=1.479e14  E_spec=4.78e25
saved /orcd/home/002/txenakis/projects/BVPsolver/src/../data/runs/run_mwoyJ207/rober_fit.png
saved /orcd/home/002/txenakis/projects/BVPsolver/src/../data/runs/run_mwoyJ207/rober_fit_extrapolated.png
saved /orcd/home/002/txenakis/projects/BVPsolver/src/../data/runs/run_mwoyJ207/rober_spectral_fit_extrapolated.png
saved /orcd/home/002/txenakis/projects/BVPsolver/src/../data/runs/run_mwoyJ207/rober_vf_fit_extrapolated.png
┌ Warning: Attempting to store StiffNN.var"#12#13"{Float64, Float64, Float64}.
│ JLD2 only stores functions by name.
│  This may not be useful for anonymous functions.
└ @ JLD2 ~/.julia/packages/JLD2/ADycq/src/data/writing_datatypes.jl:447
saved run → /orcd/home/002/txenakis/projects/BVPsolver/src/../data/runs/run_mwoyJ207
--------------------------------------
Done: Thu Sep 24 11:03:56 EDT 2026
