Task 986/1800: --problem hires --model stiff --profile fast --seed 136 --pretraining derivmatch --training collocation
Logging to /home/txenakis/projects/BVPsolver/logs/run_main_23553922_986.log
hires  model=stiff width=16 d=8 tlen=50 profile=fast seed=136  solver=Rodas5  N=816
  derivmatch lr=0.01 iter=170/3400 loss=0.06701
  derivmatch lr=0.01 iter=340/3400 loss=0.02288
  derivmatch lr=0.01 iter=510/3400 loss=0.01447
  derivmatch lr=0.01 iter=680/3400 loss=0.0453
  derivmatch lr=0.01 iter=850/3400 loss=0.02389
  derivmatch lr=0.01 iter=1020/3400 loss=0.01617
  derivmatch lr=0.01 iter=1190/3400 loss=0.01226
  derivmatch lr=0.01 iter=1360/3400 loss=0.009908
  derivmatch lr=0.01 iter=1530/3400 loss=0.008368
  derivmatch lr=0.01 iter=1700/3400 loss=0.007248
  derivmatch lr=0.01 iter=1870/3400 loss=0.006363
  derivmatch lr=0.01 iter=2040/3400 loss=0.005628
  derivmatch lr=0.01 iter=2210/3400 loss=0.005
  derivmatch lr=0.01 iter=2380/3400 loss=0.004449
  derivmatch lr=0.01 iter=2550/3400 loss=0.003958
  derivmatch lr=0.01 iter=2720/3400 loss=0.003514
  derivmatch lr=0.01 iter=2890/3400 loss=0.00312
  derivmatch lr=0.01 iter=3060/3400 loss=0.0029
  derivmatch lr=0.01 iter=3230/3400 loss=0.002433
  derivmatch lr=0.01 iter=3400/3400 loss=0.00356
  derivmatch lr=0.01 iter=3400/3400 loss=0.002104
  derivmatch lr=0.003 iter=125/2500 loss=0.00196
  derivmatch lr=0.003 iter=250/2500 loss=0.001722
  derivmatch lr=0.003 iter=375/2500 loss=0.001497
  derivmatch lr=0.003 iter=500/2500 loss=0.001311
  derivmatch lr=0.003 iter=625/2500 loss=0.001149
  derivmatch lr=0.003 iter=750/2500 loss=0.001016
  derivmatch lr=0.003 iter=875/2500 loss=0.0009042
  derivmatch lr=0.003 iter=1000/2500 loss=0.0008066
  derivmatch lr=0.003 iter=1125/2500 loss=0.0007272
  derivmatch lr=0.003 iter=1250/2500 loss=0.0006475
  derivmatch lr=0.003 iter=1375/2500 loss=0.0006096
  derivmatch lr=0.003 iter=1500/2500 loss=0.0005296
  derivmatch lr=0.003 iter=1625/2500 loss=0.0005798
  derivmatch lr=0.003 iter=1750/2500 loss=0.000488
  derivmatch lr=0.003 iter=1875/2500 loss=0.0004222
  derivmatch lr=0.003 iter=2000/2500 loss=0.0003846
  derivmatch lr=0.003 iter=2125/2500 loss=0.0003602
  derivmatch lr=0.003 iter=2250/2500 loss=0.001052
  derivmatch lr=0.003 iter=2375/2500 loss=0.0003216
  derivmatch lr=0.003 iter=2500/2500 loss=0.0003061
  derivmatch lr=0.003 iter=2500/2500 loss=0.0003051
  derivmatch lr=0.001 iter=125/2500 loss=0.0003038
  derivmatch lr=0.001 iter=250/2500 loss=0.0002996
  derivmatch lr=0.001 iter=375/2500 loss=0.0002947
  derivmatch lr=0.001 iter=500/2500 loss=0.0002892
  derivmatch lr=0.001 iter=625/2500 loss=0.0002831
  derivmatch lr=0.001 iter=750/2500 loss=0.0002766
  derivmatch lr=0.001 iter=875/2500 loss=0.0002698
  derivmatch lr=0.001 iter=1000/2500 loss=0.0002627
  derivmatch lr=0.001 iter=1125/2500 loss=0.0002554
  derivmatch lr=0.001 iter=1250/2500 loss=0.000248
  derivmatch lr=0.001 iter=1375/2500 loss=0.0002404
  derivmatch lr=0.001 iter=1500/2500 loss=0.0002328
  derivmatch lr=0.001 iter=1625/2500 loss=0.0002251
  derivmatch lr=0.001 iter=1750/2500 loss=0.0002232
  derivmatch lr=0.001 iter=1875/2500 loss=0.0002116
  derivmatch lr=0.001 iter=2000/2500 loss=0.000205
  derivmatch lr=0.001 iter=2125/2500 loss=0.0001984
  derivmatch lr=0.001 iter=2250/2500 loss=0.000193
  derivmatch lr=0.001 iter=2375/2500 loss=0.0001873
  derivmatch lr=0.001 iter=2500/2500 loss=0.0001818
  derivmatch lr=0.001 iter=2500/2500 loss=0.0001818
  derivmatch lr=0.0003 iter=80/1600 loss=0.0001806
  derivmatch lr=0.0003 iter=160/1600 loss=0.0001796
  derivmatch lr=0.0003 iter=240/1600 loss=0.0001785
  derivmatch lr=0.0003 iter=320/1600 loss=0.0001772
  derivmatch lr=0.0003 iter=400/1600 loss=0.0001757
  derivmatch lr=0.0003 iter=480/1600 loss=0.000174
  derivmatch lr=0.0003 iter=560/1600 loss=0.0001722
  derivmatch lr=0.0003 iter=640/1600 loss=0.0001702
  derivmatch lr=0.0003 iter=720/1600 loss=0.0001682
  derivmatch lr=0.0003 iter=800/1600 loss=0.000166
  derivmatch lr=0.0003 iter=880/1600 loss=0.0001637
  derivmatch lr=0.0003 iter=960/1600 loss=0.0001614
  derivmatch lr=0.0003 iter=1040/1600 loss=0.0001623
  derivmatch lr=0.0003 iter=1120/1600 loss=0.0001572
  derivmatch lr=0.0003 iter=1200/1600 loss=0.0001553
  derivmatch lr=0.0003 iter=1280/1600 loss=0.0001533
  derivmatch lr=0.0003 iter=1360/1600 loss=0.0001512
  derivmatch lr=0.0003 iter=1440/1600 loss=0.0001491
  derivmatch lr=0.0003 iter=1520/1600 loss=0.000147
  derivmatch lr=0.0003 iter=1600/1600 loss=0.0001452
  derivmatch lr=0.0003 iter=1600/1600 loss=0.0001452
derivative matching [28s]  fitloss=0.000145
  [derivative matching]  nrmse=0.6569  l2=5.674
  collocation: M=75 residuals=2176  detecting sparsity + solving...

Algorithm: LevenbergMarquardt(
    trustregion = LevenbergMarquardtTrustRegion(
        β_uphill = 0.0
    ),
    descent = GeodesicAcceleration(
        descent = DampedNewtonDescent(
            linsolve = QRFactorization(
                pivot = NoPivot(),
                blocksize = 16,
                inplace = true
            ),
            initial_damping = 1.0,
            damping_fn = LevenbergMarquardtDampingFunction(
                increase_factor = 2.0,
                decrease_factor = 3.0,
                min_damping = 1.0e-8
            ),
            min_norm_mode = :auto
        ),
        finite_diff_step_geodesic = 0.1,
        α = 0.75
    ),
    autodiff = AutoForwardDiff(),
    vjp_autodiff = AutoFiniteDiff(
        fdtype = Val{:forward}(),
        fdjtype = Val{:forward}(),
        fdhtype = Val{:hcentral}(),
        dir = true
    ),
    jvp_autodiff = AutoForwardDiff(),
    concrete_jac = Val{true}()
)

----    	-------------       	-----------         
Iter    	f(u) 2-norm         	Step 2-norm         
----    	-------------       	-----------         
0       	5.52909524e+02      	NaN                 
1       	4.22488895e+02      	5.92503251e-02      
8       	9.30923935e+01      	9.91259665e-02      
15      	1.56000496e+00      	3.76713875e-01      
22      	9.03349064e-01      	0.00000000e+00      
29      	1.34493797e+01      	0.00000000e+00      
36      	5.14057342e-01      	0.00000000e+00      
43      	2.36381903e+00      	0.00000000e+00      
50      	1.39660897e+00      	5.95760330e-01      
57      	2.01758424e+00      	0.00000000e+00      
64      	8.01810709e-01      	0.00000000e+00      
71      	3.92795828e-01      	0.00000000e+00      
78      	4.04214625e-01      	0.00000000e+00      
85      	5.12708822e+00      	0.00000000e+00      
92      	3.56823390e-01      	0.00000000e+00      
99      	8.39654599e-01      	0.00000000e+00      
106     	6.90369595e-01      	0.00000000e+00      
113     	1.34755440e-01      	2.25061015e-01      
120     	5.46334132e+00      	0.00000000e+00      
127     	4.93107219e-01      	4.54072751e-01      
134     	1.04120913e+00      	0.00000000e+00      
141     	3.79789134e+00      	0.00000000e+00      
148     	5.71345656e-01      	0.00000000e+00      
Final   	5.00310915e-02      
----------------------      
  AMR 1/1: M=75  err=0.000729  obs=7.14e-6  nrmse=0.167  best=0.167  refined=0
collocation [143s]
  [final]  nrmse=0.1668  l2=1.345
extrapolation window: T=321.8122 -> T_test=643.624  n_test=100
  [train]  E_traj=0.1837  E_VF=3.654e-5  E_spec=2.645e17
  [test ]  E_traj=726000.0  E_VF=8.874e8  E_spec=1.421e27
saved /orcd/home/002/txenakis/projects/BVPsolver/src/../data/runs/run_12eZPtLu/hires_fit.png
saved /orcd/home/002/txenakis/projects/BVPsolver/src/../data/runs/run_12eZPtLu/hires_fit_extrapolated.png
saved /orcd/home/002/txenakis/projects/BVPsolver/src/../data/runs/run_12eZPtLu/hires_spectral_fit_extrapolated.png
saved /orcd/home/002/txenakis/projects/BVPsolver/src/../data/runs/run_12eZPtLu/hires_vf_fit_extrapolated.png
┌ Warning: Attempting to store StiffNN.var"#18#19"{Type{Float64}}.
│ JLD2 only stores functions by name.
│  This may not be useful for anonymous functions.
└ @ JLD2 ~/.julia/packages/JLD2/ADycq/src/data/writing_datatypes.jl:447
saved run → /orcd/home/002/txenakis/projects/BVPsolver/src/../data/runs/run_12eZPtLu
--------------------------------------
Done: Wed Sep 23 15:39:11 EDT 2026
