Task 10/80: --problem vanderpol --model stiff --profile fast --seed 600 --pretraining derivmatch --training shooting --track-sensitivity
Logging to /home/txenakis/projects/BVPsolver/logs/run_main_23877927_10.log
Precompiling packages...
    StiffNN Being precompiled by another machine (hostname: node3104, pid: 1186745, pidfile: /home/txenakis/.julia/compiled/v1.12/StiffNN/YZ2jX_slr9s.ji.pidfile)
  64563.6 ms  ✓ StiffNN
  1 dependency successfully precompiled in 80 seconds. 596 already precompiled.
vanderpol  model=stiff width=12 d=2 tlen=151 profile=fast seed=600  solver=Kvaerno5  N=268
  derivmatch lr=0.01 iter=170/3400 loss=3.679
  derivmatch lr=0.01 iter=340/3400 loss=4.273
  derivmatch lr=0.01 iter=510/3400 loss=3.135
  derivmatch lr=0.01 iter=680/3400 loss=1.78
  derivmatch lr=0.01 iter=850/3400 loss=2.789
  derivmatch lr=0.01 iter=1020/3400 loss=4.033
  derivmatch lr=0.01 iter=1190/3400 loss=2.112
  derivmatch lr=0.01 iter=1360/3400 loss=0.8299
  derivmatch lr=0.01 iter=1530/3400 loss=1.769
  derivmatch lr=0.01 iter=1700/3400 loss=1.197
  derivmatch lr=0.01 iter=1870/3400 loss=2.21
  derivmatch lr=0.01 iter=2040/3400 loss=1.897
  derivmatch lr=0.01 iter=2210/3400 loss=0.776
  derivmatch lr=0.01 iter=2380/3400 loss=1.888
  derivmatch lr=0.01 iter=2550/3400 loss=2.862
  derivmatch lr=0.01 iter=2720/3400 loss=1.063
  derivmatch lr=0.01 iter=2890/3400 loss=1.024
  derivmatch lr=0.01 iter=3060/3400 loss=0.9326
  derivmatch lr=0.01 iter=3230/3400 loss=0.6462
  derivmatch lr=0.01 iter=3400/3400 loss=0.3618
  derivmatch lr=0.01 iter=3400/3400 loss=0.0647
  derivmatch lr=0.003 iter=125/2500 loss=0.0226
  derivmatch lr=0.003 iter=250/2500 loss=0.02987
  derivmatch lr=0.003 iter=375/2500 loss=0.02895
  derivmatch lr=0.003 iter=500/2500 loss=0.02832
  derivmatch lr=0.003 iter=625/2500 loss=0.02637
  derivmatch lr=0.003 iter=750/2500 loss=0.02628
  derivmatch lr=0.003 iter=875/2500 loss=0.02461
  derivmatch lr=0.003 iter=1000/2500 loss=0.02469
  derivmatch lr=0.003 iter=1125/2500 loss=0.02317
  derivmatch lr=0.003 iter=1250/2500 loss=0.02419
  derivmatch lr=0.003 iter=1375/2500 loss=0.02191
  derivmatch lr=0.003 iter=1500/2500 loss=0.02138
  derivmatch lr=0.003 iter=1625/2500 loss=0.02179
  derivmatch lr=0.003 iter=1750/2500 loss=0.02046
  derivmatch lr=0.003 iter=1875/2500 loss=0.01981
  derivmatch lr=0.003 iter=2000/2500 loss=0.01953
  derivmatch lr=0.003 iter=2125/2500 loss=0.01875
  derivmatch lr=0.003 iter=2250/2500 loss=0.01806
  derivmatch lr=0.003 iter=2375/2500 loss=0.01776
  derivmatch lr=0.003 iter=2500/2500 loss=0.01715
  derivmatch lr=0.003 iter=2500/2500 loss=0.0115
  derivmatch lr=0.001 iter=125/2500 loss=0.007647
  derivmatch lr=0.001 iter=250/2500 loss=0.007316
  derivmatch lr=0.001 iter=375/2500 loss=0.006951
  derivmatch lr=0.001 iter=500/2500 loss=0.006571
  derivmatch lr=0.001 iter=625/2500 loss=0.007012
  derivmatch lr=0.001 iter=750/2500 loss=0.01153
  derivmatch lr=0.001 iter=875/2500 loss=0.0117
  derivmatch lr=0.001 iter=1000/2500 loss=0.006111
  derivmatch lr=0.001 iter=1125/2500 loss=0.008017
  derivmatch lr=0.001 iter=1250/2500 loss=0.004708
  derivmatch lr=0.001 iter=1375/2500 loss=0.004441
  derivmatch lr=0.001 iter=1500/2500 loss=0.004239
  derivmatch lr=0.001 iter=1625/2500 loss=0.00401
  derivmatch lr=0.001 iter=1750/2500 loss=0.003821
  derivmatch lr=0.001 iter=1875/2500 loss=0.003999
  derivmatch lr=0.001 iter=2000/2500 loss=0.009338
  derivmatch lr=0.001 iter=2125/2500 loss=0.005587
  derivmatch lr=0.001 iter=2250/2500 loss=0.003113
  derivmatch lr=0.001 iter=2375/2500 loss=0.005002
  derivmatch lr=0.001 iter=2500/2500 loss=0.002684
  derivmatch lr=0.001 iter=2500/2500 loss=0.002675
  derivmatch lr=0.0003 iter=80/1600 loss=0.00269
  derivmatch lr=0.0003 iter=160/1600 loss=0.002638
  derivmatch lr=0.0003 iter=240/1600 loss=0.002613
  derivmatch lr=0.0003 iter=320/1600 loss=0.002584
  derivmatch lr=0.0003 iter=400/1600 loss=0.002552
  derivmatch lr=0.0003 iter=480/1600 loss=0.002517
  derivmatch lr=0.0003 iter=560/1600 loss=0.002479
  derivmatch lr=0.0003 iter=640/1600 loss=0.002439
  derivmatch lr=0.0003 iter=720/1600 loss=0.002398
  derivmatch lr=0.0003 iter=800/1600 loss=0.002354
  derivmatch lr=0.0003 iter=880/1600 loss=0.00231
  derivmatch lr=0.0003 iter=960/1600 loss=0.002264
  derivmatch lr=0.0003 iter=1040/1600 loss=0.002217
  derivmatch lr=0.0003 iter=1120/1600 loss=0.002169
  derivmatch lr=0.0003 iter=1200/1600 loss=0.002121
  derivmatch lr=0.0003 iter=1280/1600 loss=0.002072
  derivmatch lr=0.0003 iter=1360/1600 loss=0.002023
  derivmatch lr=0.0003 iter=1440/1600 loss=0.001974
  derivmatch lr=0.0003 iter=1520/1600 loss=0.001926
  derivmatch lr=0.0003 iter=1600/1600 loss=0.001882
  derivmatch lr=0.0003 iter=1600/1600 loss=0.001882
derivative matching [29s]  fitloss=0.00188
  [derivative matching]  nrmse=0.275  l2=325.0
  shooting iter=50/1000 loss=0.4938
  shooting iter=100/1000 loss=0.4943
  shooting iter=150/1000 loss=0.4939
  shooting iter=200/1000 loss=0.4935
  shooting iter=250/1000 loss=0.493
  shooting iter=300/1000 loss=0.4925
  shooting iter=350/1000 loss=0.4919
  shooting iter=400/1000 loss=0.4912
  shooting iter=450/1000 loss=0.4905
  shooting iter=500/1000 loss=0.4897
  shooting iter=550/1000 loss=0.4889
  shooting iter=600/1000 loss=0.488
  shooting iter=650/1000 loss=0.487
  shooting iter=700/1000 loss=0.486
  shooting iter=750/1000 loss=0.4849
  shooting iter=800/1000 loss=0.4838
  shooting iter=850/1000 loss=0.4825
  shooting iter=900/1000 loss=0.4813
  shooting iter=950/1000 loss=0.4799
  shooting iter=1000/1000 loss=0.4784
  shooting iter=1000/1000 loss=0.1234
shooting [135s]  loss=0.123
  [final]  nrmse=0.275  l2=325.0
extrapolation window: T=200.0 -> T_test=400.0  n_test=302
  [train]  E_traj=0.9396  E_VF=0.01416  E_spec=0.2244
  [test ]  E_traj=120.1  E_VF=3.919  E_spec=0.1384
saved /orcd/home/002/txenakis/projects/BVPsolver/src/../data/runs/run_JcvEI56f/vanderpol_fit.png
saved /orcd/home/002/txenakis/projects/BVPsolver/src/../data/runs/run_JcvEI56f/vanderpol_fit_extrapolated.png
saved /orcd/home/002/txenakis/projects/BVPsolver/src/../data/runs/run_JcvEI56f/vanderpol_spectral_fit_extrapolated.png
saved /orcd/home/002/txenakis/projects/BVPsolver/src/../data/runs/run_JcvEI56f/vanderpol_vf_fit_extrapolated.png
saved /orcd/home/002/txenakis/projects/BVPsolver/src/../data/runs/run_JcvEI56f/vanderpol_sensitivity_vs_stiffness_derivmatch_pointwise.png
┌ Warning: No strict ticks found
└ @ PlotUtils ~/.julia/packages/PlotUtils/HX80C/src/ticks.jl:194
┌ Warning: No strict ticks found
└ @ PlotUtils ~/.julia/packages/PlotUtils/HX80C/src/ticks.jl:194
┌ Warning: Invalid negative or zero value 0.0 found at series index 1 for log10 based yscale
└ @ Plots ~/.julia/packages/Plots/GIume/src/utils.jl:105
saved /orcd/home/002/txenakis/projects/BVPsolver/src/../data/runs/run_JcvEI56f/vanderpol_sensitivity_vs_stiffness_derivmatch_trajectory.png
saved /orcd/home/002/txenakis/projects/BVPsolver/src/../data/runs/run_JcvEI56f/vanderpol_sensitivity_vs_stiffness_shooting_pointwise.png
┌ Warning: No strict ticks found
└ @ PlotUtils ~/.julia/packages/PlotUtils/HX80C/src/ticks.jl:194
┌ Warning: No strict ticks found
└ @ PlotUtils ~/.julia/packages/PlotUtils/HX80C/src/ticks.jl:194
┌ Warning: Invalid negative or zero value 0.0 found at series index 1 for log10 based yscale
└ @ Plots ~/.julia/packages/Plots/GIume/src/utils.jl:105
saved /orcd/home/002/txenakis/projects/BVPsolver/src/../data/runs/run_JcvEI56f/vanderpol_sensitivity_vs_stiffness_shooting_trajectory.png
┌ Warning: Attempting to store StiffNN.var"#14#15"{Float64}.
│ JLD2 only stores functions by name.
│  This may not be useful for anonymous functions.
└ @ JLD2 ~/.julia/packages/JLD2/ADycq/src/data/writing_datatypes.jl:447
saved run → /orcd/home/002/txenakis/projects/BVPsolver/src/../data/runs/run_JcvEI56f
--------------------------------------
Done: Fri Sep 25 11:55:48 EDT 2026
