Task 303/750: --problem rober --model mlp --profile fast --seed 203 --pretraining derivmatch --training shooting
Logging to /home/txenakis/projects/BVPsolver/logs/run_main_23648109_303.log
rober  model=mlp width=15 d=3 tlen=50 profile=fast seed=203  solver=Rodas5  N=348
  derivmatch lr=0.01 iter=170/3400 loss=37.84
  derivmatch lr=0.01 iter=340/3400 loss=39.73
  derivmatch lr=0.01 iter=510/3400 loss=34.33
  derivmatch lr=0.01 iter=680/3400 loss=42.41
  derivmatch lr=0.01 iter=850/3400 loss=47.34
  derivmatch lr=0.01 iter=1020/3400 loss=37.86
  derivmatch lr=0.01 iter=1190/3400 loss=32.49
  derivmatch lr=0.01 iter=1360/3400 loss=53.84
  derivmatch lr=0.01 iter=1530/3400 loss=59.08
  derivmatch lr=0.01 iter=1700/3400 loss=58.0
  derivmatch lr=0.01 iter=1870/3400 loss=52.16
  derivmatch lr=0.01 iter=2040/3400 loss=51.47
  derivmatch lr=0.01 iter=2210/3400 loss=50.73
  derivmatch lr=0.01 iter=2380/3400 loss=32.18
  derivmatch lr=0.01 iter=2550/3400 loss=44.62
  derivmatch lr=0.01 iter=2720/3400 loss=26.65
  derivmatch lr=0.01 iter=2890/3400 loss=52.04
  derivmatch lr=0.01 iter=3060/3400 loss=47.96
  derivmatch lr=0.01 iter=3230/3400 loss=52.7
  derivmatch lr=0.01 iter=3400/3400 loss=43.29
  derivmatch lr=0.01 iter=3400/3400 loss=20.95
  derivmatch lr=0.003 iter=125/2500 loss=28.2
  derivmatch lr=0.003 iter=250/2500 loss=19.65
  derivmatch lr=0.003 iter=375/2500 loss=19.6
  derivmatch lr=0.003 iter=500/2500 loss=27.75
  derivmatch lr=0.003 iter=625/2500 loss=33.65
  derivmatch lr=0.003 iter=750/2500 loss=38.18
  derivmatch lr=0.003 iter=875/2500 loss=36.38
  derivmatch lr=0.003 iter=1000/2500 loss=33.49
  derivmatch lr=0.003 iter=1125/2500 loss=31.17
  derivmatch lr=0.003 iter=1250/2500 loss=38.64
  derivmatch lr=0.003 iter=1375/2500 loss=40.59
  derivmatch lr=0.003 iter=1500/2500 loss=36.4
  derivmatch lr=0.003 iter=1625/2500 loss=35.99
  derivmatch lr=0.003 iter=1750/2500 loss=30.93
  derivmatch lr=0.003 iter=1875/2500 loss=22.34
  derivmatch lr=0.003 iter=2000/2500 loss=35.09
  derivmatch lr=0.003 iter=2125/2500 loss=37.07
  derivmatch lr=0.003 iter=2250/2500 loss=37.03
  derivmatch lr=0.003 iter=2375/2500 loss=34.01
  derivmatch lr=0.003 iter=2500/2500 loss=32.33
  derivmatch lr=0.003 iter=2500/2500 loss=16.43
  derivmatch lr=0.001 iter=125/2500 loss=24.3
  derivmatch lr=0.001 iter=250/2500 loss=22.71
  derivmatch lr=0.001 iter=375/2500 loss=20.67
  derivmatch lr=0.001 iter=500/2500 loss=18.36
  derivmatch lr=0.001 iter=625/2500 loss=14.45
  derivmatch lr=0.001 iter=750/2500 loss=12.29
  derivmatch lr=0.001 iter=875/2500 loss=10.82
  derivmatch lr=0.001 iter=1000/2500 loss=9.684
  derivmatch lr=0.001 iter=1125/2500 loss=10.97
  derivmatch lr=0.001 iter=1250/2500 loss=9.621
  derivmatch lr=0.001 iter=1375/2500 loss=21.14
  derivmatch lr=0.001 iter=1500/2500 loss=19.84
  derivmatch lr=0.001 iter=1625/2500 loss=14.0
  derivmatch lr=0.001 iter=1750/2500 loss=10.79
  derivmatch lr=0.001 iter=1875/2500 loss=25.34
  derivmatch lr=0.001 iter=2000/2500 loss=23.98
  derivmatch lr=0.001 iter=2125/2500 loss=24.31
  derivmatch lr=0.001 iter=2250/2500 loss=23.77
  derivmatch lr=0.001 iter=2375/2500 loss=24.44
  derivmatch lr=0.001 iter=2500/2500 loss=22.96
  derivmatch lr=0.001 iter=2500/2500 loss=8.741
  derivmatch lr=0.0003 iter=80/1600 loss=9.704
  derivmatch lr=0.0003 iter=160/1600 loss=8.534
  derivmatch lr=0.0003 iter=240/1600 loss=8.139
  derivmatch lr=0.0003 iter=320/1600 loss=14.5
  derivmatch lr=0.0003 iter=400/1600 loss=8.267
  derivmatch lr=0.0003 iter=480/1600 loss=8.105
  derivmatch lr=0.0003 iter=560/1600 loss=8.982
  derivmatch lr=0.0003 iter=640/1600 loss=15.63
  derivmatch lr=0.0003 iter=720/1600 loss=15.24
  derivmatch lr=0.0003 iter=800/1600 loss=11.14
  derivmatch lr=0.0003 iter=880/1600 loss=8.135
  derivmatch lr=0.0003 iter=960/1600 loss=7.504
  derivmatch lr=0.0003 iter=1040/1600 loss=18.12
  derivmatch lr=0.0003 iter=1120/1600 loss=17.12
  derivmatch lr=0.0003 iter=1200/1600 loss=15.69
  derivmatch lr=0.0003 iter=1280/1600 loss=12.76
  derivmatch lr=0.0003 iter=1360/1600 loss=9.285
  derivmatch lr=0.0003 iter=1440/1600 loss=7.926
  derivmatch lr=0.0003 iter=1520/1600 loss=8.073
  derivmatch lr=0.0003 iter=1600/1600 loss=10.3
  derivmatch lr=0.0003 iter=1600/1600 loss=6.913
derivative matching [24s]  fitloss=6.91
  [derivative matching]  nrmse=87.55  l2=0.933
  shooting iter=50/1000 loss=18.14
  shooting iter=100/1000 loss=5.576
  shooting iter=150/1000 loss=10.54
  shooting iter=200/1000 loss=10.84
  shooting iter=250/1000 loss=6.315
  shooting iter=300/1000 loss=3.622
  shooting iter=350/1000 loss=10.04
  shooting iter=400/1000 loss=18.03
  shooting iter=450/1000 loss=20.54
  shooting iter=500/1000 loss=4.872
  shooting iter=550/1000 loss=3.337
  shooting iter=600/1000 loss=9.416
  shooting iter=650/1000 loss=6.195
  shooting iter=700/1000 loss=22.09
  shooting iter=750/1000 loss=3.583
  shooting iter=800/1000 loss=8.264
  shooting iter=850/1000 loss=6.856
  shooting iter=900/1000 loss=3.035
  shooting iter=950/1000 loss=4.599
  shooting iter=1000/1000 loss=6.525
  shooting iter=1000/1000 loss=1.022
shooting [444s]  loss=1.02
  [final]  nrmse=3.872  l2=1.474
extrapolation window: T=1000.0 -> T_test=1.0e12  n_test=100
  [train]  E_traj=39.21  E_VF=6.794  E_spec=3.148e27
  [test ]  E_traj=6052.0  E_VF=4.497e17  E_spec=9.511e27
saved /orcd/home/002/txenakis/projects/BVPsolver/src/../data/runs/run_b79yqaYQ/rober_fit.png
saved /orcd/home/002/txenakis/projects/BVPsolver/src/../data/runs/run_b79yqaYQ/rober_fit_extrapolated.png
saved /orcd/home/002/txenakis/projects/BVPsolver/src/../data/runs/run_b79yqaYQ/rober_spectral_fit_extrapolated.png
saved /orcd/home/002/txenakis/projects/BVPsolver/src/../data/runs/run_b79yqaYQ/rober_vf_fit_extrapolated.png
┌ Warning: Attempting to store StiffNN.var"#12#13"{Float64, Float64, Float64}.
│ JLD2 only stores functions by name.
│  This may not be useful for anonymous functions.
└ @ JLD2 ~/.julia/packages/JLD2/ADycq/src/data/writing_datatypes.jl:447
saved run → /orcd/home/002/txenakis/projects/BVPsolver/src/../data/runs/run_b79yqaYQ
--------------------------------------
Done: Thu Sep 24 11:32:44 EDT 2026
