Task 1250/1800: --problem orego --model stiff --profile fast --seed 100 --pretraining derivmatch --training collocation
Logging to /home/txenakis/projects/BVPsolver/logs/run_main_23593274_1250.log
orego  model=stiff width=16 d=3 tlen=112 profile=fast seed=100  solver=Rodas5  N=486
  derivmatch lr=0.01 iter=170/3400 loss=0.09753
  derivmatch lr=0.01 iter=340/3400 loss=0.2158
  derivmatch lr=0.01 iter=510/3400 loss=0.02179
  derivmatch lr=0.01 iter=680/3400 loss=0.01501
  derivmatch lr=0.01 iter=850/3400 loss=0.01143
  derivmatch lr=0.01 iter=1020/3400 loss=0.009184
  derivmatch lr=0.01 iter=1190/3400 loss=0.007616
  derivmatch lr=0.01 iter=1360/3400 loss=0.006326
  derivmatch lr=0.01 iter=1530/3400 loss=0.005238
  derivmatch lr=0.01 iter=1700/3400 loss=0.004491
  derivmatch lr=0.01 iter=1870/3400 loss=0.003749
  derivmatch lr=0.01 iter=2040/3400 loss=0.003198
  derivmatch lr=0.01 iter=2210/3400 loss=0.002762
  derivmatch lr=0.01 iter=2380/3400 loss=0.002401
  derivmatch lr=0.01 iter=2550/3400 loss=0.009817
  derivmatch lr=0.01 iter=2720/3400 loss=0.005421
  derivmatch lr=0.01 iter=2890/3400 loss=0.004742
  derivmatch lr=0.01 iter=3060/3400 loss=0.004247
  derivmatch lr=0.01 iter=3230/3400 loss=0.00387
  derivmatch lr=0.01 iter=3400/3400 loss=0.00358
  derivmatch lr=0.01 iter=3400/3400 loss=0.001634
  derivmatch lr=0.003 iter=125/2500 loss=0.00114
  derivmatch lr=0.003 iter=250/2500 loss=0.0009902
  derivmatch lr=0.003 iter=375/2500 loss=0.0008702
  derivmatch lr=0.003 iter=500/2500 loss=0.0007608
  derivmatch lr=0.003 iter=625/2500 loss=0.0006612
  derivmatch lr=0.003 iter=750/2500 loss=0.0006514
  derivmatch lr=0.003 iter=875/2500 loss=0.0005547
  derivmatch lr=0.003 iter=1000/2500 loss=0.0005207
  derivmatch lr=0.003 iter=1125/2500 loss=0.0004635
  derivmatch lr=0.003 iter=1250/2500 loss=0.0004452
  derivmatch lr=0.003 iter=1375/2500 loss=0.0004016
  derivmatch lr=0.003 iter=1500/2500 loss=0.0003938
  derivmatch lr=0.003 iter=1625/2500 loss=0.0003579
  derivmatch lr=0.003 iter=1750/2500 loss=0.000356
  derivmatch lr=0.003 iter=1875/2500 loss=0.0003245
  derivmatch lr=0.003 iter=2000/2500 loss=0.0003261
  derivmatch lr=0.003 iter=2125/2500 loss=0.0002974
  derivmatch lr=0.003 iter=2250/2500 loss=0.0003012
  derivmatch lr=0.003 iter=2375/2500 loss=0.0002745
  derivmatch lr=0.003 iter=2500/2500 loss=0.0002823
  derivmatch lr=0.003 iter=2500/2500 loss=0.0002613
  derivmatch lr=0.001 iter=125/2500 loss=0.0002157
  derivmatch lr=0.001 iter=250/2500 loss=0.0002125
  derivmatch lr=0.001 iter=375/2500 loss=0.0002087
  derivmatch lr=0.001 iter=500/2500 loss=0.0002043
  derivmatch lr=0.001 iter=625/2500 loss=0.0001996
  derivmatch lr=0.001 iter=750/2500 loss=0.0001947
  derivmatch lr=0.001 iter=875/2500 loss=0.0001897
  derivmatch lr=0.001 iter=1000/2500 loss=0.0001855
  derivmatch lr=0.001 iter=1125/2500 loss=0.0001799
  derivmatch lr=0.001 iter=1250/2500 loss=0.0001753
  derivmatch lr=0.001 iter=1375/2500 loss=0.0001713
  derivmatch lr=0.001 iter=1500/2500 loss=0.0001672
  derivmatch lr=0.001 iter=1625/2500 loss=0.0001681
  derivmatch lr=0.001 iter=1750/2500 loss=0.0001609
  derivmatch lr=0.001 iter=1875/2500 loss=0.0001635
  derivmatch lr=0.001 iter=2000/2500 loss=0.0001576
  derivmatch lr=0.001 iter=2125/2500 loss=0.0001501
  derivmatch lr=0.001 iter=2250/2500 loss=0.0001477
  derivmatch lr=0.001 iter=2375/2500 loss=0.0001495
  derivmatch lr=0.001 iter=2500/2500 loss=0.0001496
  derivmatch lr=0.001 iter=2500/2500 loss=0.000143
  derivmatch lr=0.0003 iter=80/1600 loss=0.0001428
  derivmatch lr=0.0003 iter=160/1600 loss=0.0001424
  derivmatch lr=0.0003 iter=240/1600 loss=0.0001421
  derivmatch lr=0.0003 iter=320/1600 loss=0.0001417
  derivmatch lr=0.0003 iter=400/1600 loss=0.0001413
  derivmatch lr=0.0003 iter=480/1600 loss=0.0001408
  derivmatch lr=0.0003 iter=560/1600 loss=0.0001402
  derivmatch lr=0.0003 iter=640/1600 loss=0.0001397
  derivmatch lr=0.0003 iter=720/1600 loss=0.0001391
  derivmatch lr=0.0003 iter=800/1600 loss=0.0001384
  derivmatch lr=0.0003 iter=880/1600 loss=0.0001377
  derivmatch lr=0.0003 iter=960/1600 loss=0.0001371
  derivmatch lr=0.0003 iter=1040/1600 loss=0.0001364
  derivmatch lr=0.0003 iter=1120/1600 loss=0.0001357
  derivmatch lr=0.0003 iter=1200/1600 loss=0.0001349
  derivmatch lr=0.0003 iter=1280/1600 loss=0.0001342
  derivmatch lr=0.0003 iter=1360/1600 loss=0.0001334
  derivmatch lr=0.0003 iter=1440/1600 loss=0.0001326
  derivmatch lr=0.0003 iter=1520/1600 loss=0.0001319
  derivmatch lr=0.0003 iter=1600/1600 loss=0.0001311
  derivmatch lr=0.0003 iter=1600/1600 loss=0.0001311
derivative matching [32s]  fitloss=0.000131
  [derivative matching]  nrmse=0.5656  l2=496700.0
  collocation: M=127 residuals=1470  detecting sparsity + solving...

Algorithm: LevenbergMarquardt(
    trustregion = LevenbergMarquardtTrustRegion(
        β_uphill = 0.0
    ),
    descent = GeodesicAcceleration(
        descent = DampedNewtonDescent(
            linsolve = KLUFactorization(
                reuse_symbolic = true,
                check_pattern = true
            ),
            initial_damping = 1.0,
            damping_fn = LevenbergMarquardtDampingFunction(
                increase_factor = 2.0,
                decrease_factor = 3.0,
                min_damping = 1.0e-8
            ),
            min_norm_mode = :auto
        ),
        finite_diff_step_geodesic = 0.1,
        α = 0.75
    ),
    autodiff = AutoForwardDiff(),
    vjp_autodiff = AutoFiniteDiff(
        fdtype = Val{:forward}(),
        fdjtype = Val{:forward}(),
        fdhtype = Val{:hcentral}(),
        dir = true
    ),
    jvp_autodiff = AutoForwardDiff(),
    concrete_jac = Val{true}()
)

----    	-------------       	-----------         
Iter    	f(u) 2-norm         	Step 2-norm         
----    	-------------       	-----------         
0       	1.32281455e+02      	NaN                 
1       	2.93021754e+02      	3.20852458e-03      
8       	1.48119708e+02      	2.81635504e-02      
15      	1.22570740e+01      	1.38106360e-01      
22      	5.83432391e+00      	9.94446590e-01      
29      	6.63602676e+00      	0.00000000e+00      
36      	3.44604946e+00      	0.00000000e+00      
43      	2.57347487e+00      	0.00000000e+00      
50      	6.44891940e+00      	0.00000000e+00      
57      	6.44891940e+00      	0.00000000e+00      
64      	6.39567554e-01      	2.36472702e-01      
71      	9.77245772e-01      	4.77456629e-01      
78      	3.24703543e-01      	1.07407152e-01      
85      	2.88425021e-01      	1.86570150e-01      
92      	5.27954204e-01      	0.00000000e+00      
99      	5.52479828e-01      	0.00000000e+00      
106     	3.17633128e-01      	1.78917560e-01      
113     	3.57514202e+00      	0.00000000e+00      
120     	2.29375634e+00      	1.08370864e+00      
127     	2.96793251e+00      	8.26379920e-01      
134     	2.11311870e+00      	9.30105454e-01      
141     	2.76814574e+00      	6.26108519e-01      
148     	1.66004285e+00      	0.00000000e+00      
Final   	9.10434988e-02      
----------------------      
  AMR 1/1: M=127  err=0.00145  obs=1.4e-9  nrmse=0.129  best=0.129  refined=0
collocation [66s]
  [final]  nrmse=0.1286  l2=273100.0
extrapolation window: T=180.0 -> T_test=360.0  n_test=224
  [train]  E_traj=0.13  E_VF=1.172e-5  E_spec=2.704
  [test ]  E_traj=0.9582  E_VF=1.918e-5  E_spec=0.9238
saved /orcd/home/002/txenakis/projects/BVPsolver/src/../data/runs/run_a71CPB3y/orego_fit.png
saved /orcd/home/002/txenakis/projects/BVPsolver/src/../data/runs/run_a71CPB3y/orego_fit_extrapolated.png
saved /orcd/home/002/txenakis/projects/BVPsolver/src/../data/runs/run_a71CPB3y/orego_spectral_fit_extrapolated.png
saved /orcd/home/002/txenakis/projects/BVPsolver/src/../data/runs/run_a71CPB3y/orego_vf_fit_extrapolated.png
┌ Warning: Attempting to store StiffNN.var"#20#21"{Float64, Float64, Float64}.
│ JLD2 only stores functions by name.
│  This may not be useful for anonymous functions.
└ @ JLD2 ~/.julia/packages/JLD2/ADycq/src/data/writing_datatypes.jl:447
saved run → /orcd/home/002/txenakis/projects/BVPsolver/src/../data/runs/run_a71CPB3y
--------------------------------------
Done: Wed Sep 23 20:16:06 EDT 2026
