Task 1698/1800: --problem davis-skodje --model mlp --profile fast --seed 148 --pretraining derivmatch --training collocation
Logging to /home/txenakis/projects/BVPsolver/logs/run_main_23640313_1698.log
davis-skodje  model=mlp width=14 d=2 tlen=300 profile=fast seed=148  solver=Rodas5P  N=282
  derivmatch lr=0.01 iter=170/3400 loss=2.403
  derivmatch lr=0.01 iter=340/3400 loss=2.136
  derivmatch lr=0.01 iter=510/3400 loss=1.609
  derivmatch lr=0.01 iter=680/3400 loss=1.536
  derivmatch lr=0.01 iter=850/3400 loss=1.246
  derivmatch lr=0.01 iter=1020/3400 loss=0.751
  derivmatch lr=0.01 iter=1190/3400 loss=0.9187
  derivmatch lr=0.01 iter=1360/3400 loss=1.155
  derivmatch lr=0.01 iter=1530/3400 loss=0.8187
  derivmatch lr=0.01 iter=1700/3400 loss=0.6769
  derivmatch lr=0.01 iter=1870/3400 loss=0.7775
  derivmatch lr=0.01 iter=2040/3400 loss=0.6405
  derivmatch lr=0.01 iter=2210/3400 loss=0.5559
  derivmatch lr=0.01 iter=2380/3400 loss=0.3676
  derivmatch lr=0.01 iter=2550/3400 loss=0.7894
  derivmatch lr=0.01 iter=2720/3400 loss=0.6364
  derivmatch lr=0.01 iter=2890/3400 loss=0.7778
  derivmatch lr=0.01 iter=3060/3400 loss=0.8759
  derivmatch lr=0.01 iter=3230/3400 loss=0.393
  derivmatch lr=0.01 iter=3400/3400 loss=0.3173
  derivmatch lr=0.01 iter=3400/3400 loss=0.287
  derivmatch lr=0.003 iter=125/2500 loss=0.2727
  derivmatch lr=0.003 iter=250/2500 loss=0.2693
  derivmatch lr=0.003 iter=375/2500 loss=0.259
  derivmatch lr=0.003 iter=500/2500 loss=0.2508
  derivmatch lr=0.003 iter=625/2500 loss=0.2398
  derivmatch lr=0.003 iter=750/2500 loss=0.2324
  derivmatch lr=0.003 iter=875/2500 loss=0.2219
  derivmatch lr=0.003 iter=1000/2500 loss=0.2156
  derivmatch lr=0.003 iter=1125/2500 loss=0.2057
  derivmatch lr=0.003 iter=1250/2500 loss=0.2006
  derivmatch lr=0.003 iter=1375/2500 loss=0.1918
  derivmatch lr=0.003 iter=1500/2500 loss=0.1843
  derivmatch lr=0.003 iter=1625/2500 loss=0.1769
  derivmatch lr=0.003 iter=1750/2500 loss=0.1766
  derivmatch lr=0.003 iter=1875/2500 loss=0.1708
  derivmatch lr=0.003 iter=2000/2500 loss=0.1688
  derivmatch lr=0.003 iter=2125/2500 loss=0.1678
  derivmatch lr=0.003 iter=2250/2500 loss=0.1641
  derivmatch lr=0.003 iter=2375/2500 loss=0.1631
  derivmatch lr=0.003 iter=2500/2500 loss=0.1586
  derivmatch lr=0.003 iter=2500/2500 loss=0.1586
  derivmatch lr=0.001 iter=125/2500 loss=0.1505
  derivmatch lr=0.001 iter=250/2500 loss=0.1491
  derivmatch lr=0.001 iter=375/2500 loss=0.1472
  derivmatch lr=0.001 iter=500/2500 loss=0.1456
  derivmatch lr=0.001 iter=625/2500 loss=0.1452
  derivmatch lr=0.001 iter=750/2500 loss=0.1404
  derivmatch lr=0.001 iter=875/2500 loss=0.1381
  derivmatch lr=0.001 iter=1000/2500 loss=0.1361
  derivmatch lr=0.001 iter=1125/2500 loss=0.1334
  derivmatch lr=0.001 iter=1250/2500 loss=0.1306
  derivmatch lr=0.001 iter=1375/2500 loss=0.128
  derivmatch lr=0.001 iter=1500/2500 loss=0.1253
  derivmatch lr=0.001 iter=1625/2500 loss=0.1229
  derivmatch lr=0.001 iter=1750/2500 loss=0.1204
  derivmatch lr=0.001 iter=1875/2500 loss=0.1183
  derivmatch lr=0.001 iter=2000/2500 loss=0.1159
  derivmatch lr=0.001 iter=2125/2500 loss=0.114
  derivmatch lr=0.001 iter=2250/2500 loss=0.1118
  derivmatch lr=0.001 iter=2375/2500 loss=0.1101
  derivmatch lr=0.001 iter=2500/2500 loss=0.1081
  derivmatch lr=0.001 iter=2500/2500 loss=0.1081
  derivmatch lr=0.0003 iter=80/1600 loss=0.1066
  derivmatch lr=0.0003 iter=160/1600 loss=0.1063
  derivmatch lr=0.0003 iter=240/1600 loss=0.106
  derivmatch lr=0.0003 iter=320/1600 loss=0.1057
  derivmatch lr=0.0003 iter=400/1600 loss=0.1052
  derivmatch lr=0.0003 iter=480/1600 loss=0.1048
  derivmatch lr=0.0003 iter=560/1600 loss=0.1043
  derivmatch lr=0.0003 iter=640/1600 loss=0.1038
  derivmatch lr=0.0003 iter=720/1600 loss=0.1032
  derivmatch lr=0.0003 iter=800/1600 loss=0.1026
  derivmatch lr=0.0003 iter=880/1600 loss=0.102
  derivmatch lr=0.0003 iter=960/1600 loss=0.1014
  derivmatch lr=0.0003 iter=1040/1600 loss=0.1007
  derivmatch lr=0.0003 iter=1120/1600 loss=0.1001
  derivmatch lr=0.0003 iter=1200/1600 loss=0.09941
  derivmatch lr=0.0003 iter=1280/1600 loss=0.09873
  derivmatch lr=0.0003 iter=1360/1600 loss=0.09803
  derivmatch lr=0.0003 iter=1440/1600 loss=0.09734
  derivmatch lr=0.0003 iter=1520/1600 loss=0.09723
  derivmatch lr=0.0003 iter=1600/1600 loss=0.09595
  derivmatch lr=0.0003 iter=1600/1600 loss=0.09595
derivative matching [25s]  fitloss=0.096
  [derivative matching]  nrmse=0.04122  l2=2.016
  collocation: M=300 residuals=2394  detecting sparsity + solving...

Algorithm: LevenbergMarquardt(
    trustregion = LevenbergMarquardtTrustRegion(
        β_uphill = 0.0
    ),
    descent = GeodesicAcceleration(
        descent = DampedNewtonDescent(
            linsolve = KLUFactorization(
                reuse_symbolic = true,
                check_pattern = true
            ),
            initial_damping = 1.0,
            damping_fn = LevenbergMarquardtDampingFunction(
                increase_factor = 2.0,
                decrease_factor = 3.0,
                min_damping = 1.0e-8
            ),
            min_norm_mode = :auto
        ),
        finite_diff_step_geodesic = 0.1,
        α = 0.75
    ),
    autodiff = AutoForwardDiff(),
    vjp_autodiff = AutoFiniteDiff(
        fdtype = Val{:forward}(),
        fdjtype = Val{:forward}(),
        fdhtype = Val{:hcentral}(),
        dir = true
    ),
    jvp_autodiff = AutoForwardDiff(),
    concrete_jac = Val{true}()
)

----    	-------------       	-----------         
Iter    	f(u) 2-norm         	Step 2-norm         
----    	-------------       	-----------         
0       	2.83784864e+02      	3.58415065e-308     
1       	2.83784864e+02      	0.00000000e+00      
8       	2.02122293e+02      	0.00000000e+00      
15      	8.89786309e+00      	1.22965442e+00      
22      	6.46297829e-02      	2.75236211e-02      
29      	1.94443384e-02      	9.37125951e-03      
36      	1.20695640e+01      	0.00000000e+00      
43      	5.32334397e+00      	1.66726739e+00      
50      	4.29443595e+01      	0.00000000e+00      
57      	1.36045124e+01      	0.00000000e+00      
64      	3.45564152e+00      	0.00000000e+00      
71      	2.92048963e+00      	7.83139865e-01      
78      	3.21394582e+00      	0.00000000e+00      
85      	9.23451494e+00      	0.00000000e+00      
92      	1.75562223e+00      	5.34654781e-01      
99      	9.84213834e-01      	4.65039526e-01      
106     	6.39865243e+00      	0.00000000e+00      
113     	3.82053994e+00      	0.00000000e+00      
120     	2.61572230e+00      	0.00000000e+00      
127     	3.15054050e-01      	0.00000000e+00      
134     	4.99497389e+00      	0.00000000e+00      
141     	9.03089325e-01      	0.00000000e+00      
148     	2.35344557e+00      	0.00000000e+00      
Final   	1.92963927e-02      
----------------------      
  AMR 1/3: M=300  err=8.87e-6  obs=9.41e-5  nrmse=0.041  best=0.041  refined=39
  collocation: M=339 residuals=2628  detecting sparsity + solving...

Algorithm: LevenbergMarquardt(
    trustregion = LevenbergMarquardtTrustRegion(
        β_uphill = 0.0
    ),
    descent = GeodesicAcceleration(
        descent = DampedNewtonDescent(
            linsolve = KLUFactorization(
                reuse_symbolic = true,
                check_pattern = true
            ),
            initial_damping = 1.0,
            damping_fn = LevenbergMarquardtDampingFunction(
                increase_factor = 2.0,
                decrease_factor = 3.0,
                min_damping = 1.0e-8
            ),
            min_norm_mode = :auto
        ),
        finite_diff_step_geodesic = 0.1,
        α = 0.75
    ),
    autodiff = AutoForwardDiff(),
    vjp_autodiff = AutoFiniteDiff(
        fdtype = Val{:forward}(),
        fdjtype = Val{:forward}(),
        fdhtype = Val{:hcentral}(),
        dir = true
    ),
    jvp_autodiff = AutoForwardDiff(),
    concrete_jac = Val{true}()
)

----    	-------------       	-----------         
Iter    	f(u) 2-norm         	Step 2-norm         
----    	-------------       	-----------         
0       	2.28808994e+02      	1.25739895e-315     
1       	2.28808994e+02      	0.00000000e+00      
8       	1.60742666e+02      	0.00000000e+00      
15      	3.69272724e+00      	5.61642703e-01      
22      	3.52685665e-02      	2.20452312e-02      
29      	1.54216118e-02      	2.76322805e-02      
36      	2.12968711e+01      	3.41293416e+00      
43      	2.93724887e+01      	0.00000000e+00      
50      	1.16356553e+02      	0.00000000e+00      
57      	1.31127599e+01      	1.38194528e+00      
64      	7.20675961e+00      	0.00000000e+00      
71      	2.33294837e+00      	6.18623623e-01      
78      	2.34280414e+00      	6.72444277e-01      
85      	4.71924751e+00      	0.00000000e+00      
92      	6.24730588e+00      	0.00000000e+00      
99      	7.42248186e+00      	9.20036204e-01      
106     	2.53603878e+00      	6.61656105e-01      
113     	5.40177305e+00      	0.00000000e+00      
120     	1.12837990e+00      	8.42306763e-01      
127     	2.95758116e+00      	0.00000000e+00      
134     	6.99095803e-01      	0.00000000e+00      
141     	1.72578320e+00      	0.00000000e+00      
148     	2.10838639e+00      	0.00000000e+00      
Final   	1.54216118e-02      
----------------------      
  AMR 2/3: M=339  err=4.44e-6  obs=9.42e-5  nrmse=0.0409  best=0.0409  refined=61
  collocation: M=439 residuals=3228  detecting sparsity + solving...

Algorithm: LevenbergMarquardt(
    trustregion = LevenbergMarquardtTrustRegion(
        β_uphill = 0.0
    ),
    descent = GeodesicAcceleration(
        descent = DampedNewtonDescent(
            linsolve = KLUFactorization(
                reuse_symbolic = true,
                check_pattern = true
            ),
            initial_damping = 1.0,
            damping_fn = LevenbergMarquardtDampingFunction(
                increase_factor = 2.0,
                decrease_factor = 3.0,
                min_damping = 1.0e-8
            ),
            min_norm_mode = :auto
        ),
        finite_diff_step_geodesic = 0.1,
        α = 0.75
    ),
    autodiff = AutoForwardDiff(),
    vjp_autodiff = AutoFiniteDiff(
        fdtype = Val{:forward}(),
        fdjtype = Val{:forward}(),
        fdhtype = Val{:hcentral}(),
        dir = true
    ),
    jvp_autodiff = AutoForwardDiff(),
    concrete_jac = Val{true}()
)

----    	-------------       	-----------         
Iter    	f(u) 2-norm         	Step 2-norm         
----    	-------------       	-----------         
0       	1.87810801e+02      	4.48354692e-319     
1       	1.87810801e+02      	0.00000000e+00      
8       	9.55566698e+00      	1.48048716e+00      
15      	6.63560945e-02      	3.50081957e-02      
22      	1.20529554e-02      	2.28306872e-03      
29      	2.70348339e+00      	1.67034864e+00      
36      	1.35349532e+01      	2.21440999e+00      
43      	1.57794156e+01      	0.00000000e+00      
50      	1.77380732e+01      	1.32125021e+00      
57      	7.76371226e+00      	1.19791626e+00      
64      	1.40423244e+01      	0.00000000e+00      
71      	1.47914052e+01      	0.00000000e+00      
78      	1.29335123e+01      	0.00000000e+00      
85      	1.70999499e+00      	0.00000000e+00      
92      	6.55781346e+00      	9.74873973e-01      
99      	5.46327190e+00      	0.00000000e+00      
106     	1.08201765e+00      	4.58782736e-01      
113     	4.84839113e+00      	7.20480054e-01      
120     	2.81205407e+00      	0.00000000e+00      
127     	1.57687590e+01      	0.00000000e+00      
134     	4.31005365e+00      	0.00000000e+00      
141     	2.37787943e+00      	0.00000000e+00      
148     	2.53930729e-01      	0.00000000e+00      
Final   	1.19053118e-02      
----------------------      
  AMR 3/3: M=439  err=2.95e-6  obs=7.14e-5  nrmse=0.041  best=0.0409  refined=0
collocation [152s]
  [final]  nrmse=0.04091  l2=2.0
extrapolation window: T=15.0 -> T_test=30.0  n_test=600
  [train]  E_traj=0.005018  E_VF=0.1345  E_spec=0.6331
  [test ]  E_traj=27720.0  E_VF=1.765e9  E_spec=0.7092
saved /orcd/home/002/txenakis/projects/BVPsolver/src/../data/runs/run_WDcPytcN/davis-skodje_fit.png
saved /orcd/home/002/txenakis/projects/BVPsolver/src/../data/runs/run_WDcPytcN/davis-skodje_fit_extrapolated.png
saved /orcd/home/002/txenakis/projects/BVPsolver/src/../data/runs/run_WDcPytcN/davis-skodje_spectral_fit_extrapolated.png
saved /orcd/home/002/txenakis/projects/BVPsolver/src/../data/runs/run_WDcPytcN/davis-skodje_vf_fit_extrapolated.png
┌ Warning: Attempting to store StiffNN.var"#22#23"{Float64}.
│ JLD2 only stores functions by name.
│  This may not be useful for anonymous functions.
└ @ JLD2 ~/.julia/packages/JLD2/ADycq/src/data/writing_datatypes.jl:447
saved run → /orcd/home/002/txenakis/projects/BVPsolver/src/../data/runs/run_WDcPytcN
--------------------------------------
Done: Thu Sep 24 06:45:21 EDT 2026
