Task 277/360: --problem orego --model mlp --profile fast --seed 27 --pretraining derivmatch --training collocation
Logging to /home/txenakis/projects/BVPsolver/logs/run_main_22227913_277.log
orego  model=mlp width=19 d=3 tlen=112 profile=fast seed=27  solver=Rodas5  N=516
  derivmatch lr=0.01 iter=170/3400 loss=9.952
  derivmatch lr=0.01 iter=340/3400 loss=8.643
  derivmatch lr=0.01 iter=510/3400 loss=7.914
  derivmatch lr=0.01 iter=680/3400 loss=7.68
  derivmatch lr=0.01 iter=850/3400 loss=7.245
  derivmatch lr=0.01 iter=1020/3400 loss=6.975
  derivmatch lr=0.01 iter=1190/3400 loss=6.762
  derivmatch lr=0.01 iter=1360/3400 loss=6.592
  derivmatch lr=0.01 iter=1530/3400 loss=6.425
  derivmatch lr=0.01 iter=1700/3400 loss=6.293
  derivmatch lr=0.01 iter=1870/3400 loss=6.177
  derivmatch lr=0.01 iter=2040/3400 loss=6.073
  derivmatch lr=0.01 iter=2210/3400 loss=5.976
  derivmatch lr=0.01 iter=2380/3400 loss=5.875
  derivmatch lr=0.01 iter=2550/3400 loss=5.788
  derivmatch lr=0.01 iter=2720/3400 loss=5.696
  derivmatch lr=0.01 iter=2890/3400 loss=5.887
  derivmatch lr=0.01 iter=3060/3400 loss=5.675
  derivmatch lr=0.01 iter=3230/3400 loss=5.555
  derivmatch lr=0.01 iter=3400/3400 loss=5.491
  derivmatch lr=0.01 iter=3400/3400 loss=5.491
  derivmatch lr=0.003 iter=125/2500 loss=5.434
  derivmatch lr=0.003 iter=250/2500 loss=5.411
  derivmatch lr=0.003 iter=375/2500 loss=5.379
  derivmatch lr=0.003 iter=500/2500 loss=5.351
  derivmatch lr=0.003 iter=625/2500 loss=5.324
  derivmatch lr=0.003 iter=750/2500 loss=5.298
  derivmatch lr=0.003 iter=875/2500 loss=5.267
  derivmatch lr=0.003 iter=1000/2500 loss=5.02
  derivmatch lr=0.003 iter=1125/2500 loss=4.994
  derivmatch lr=0.003 iter=1250/2500 loss=4.969
  derivmatch lr=0.003 iter=1375/2500 loss=4.943
  derivmatch lr=0.003 iter=1500/2500 loss=4.915
  derivmatch lr=0.003 iter=1625/2500 loss=4.895
  derivmatch lr=0.003 iter=1750/2500 loss=4.872
  derivmatch lr=0.003 iter=1875/2500 loss=4.854
  derivmatch lr=0.003 iter=2000/2500 loss=4.832
  derivmatch lr=0.003 iter=2125/2500 loss=4.813
  derivmatch lr=0.003 iter=2250/2500 loss=4.794
  derivmatch lr=0.003 iter=2375/2500 loss=4.775
  derivmatch lr=0.003 iter=2500/2500 loss=4.761
  derivmatch lr=0.003 iter=2500/2500 loss=4.759
  derivmatch lr=0.001 iter=125/2500 loss=4.752
  derivmatch lr=0.001 iter=250/2500 loss=4.746
  derivmatch lr=0.001 iter=375/2500 loss=4.739
  derivmatch lr=0.001 iter=500/2500 loss=4.732
  derivmatch lr=0.001 iter=625/2500 loss=4.725
  derivmatch lr=0.001 iter=750/2500 loss=4.718
  derivmatch lr=0.001 iter=875/2500 loss=4.712
  derivmatch lr=0.001 iter=1000/2500 loss=4.704
  derivmatch lr=0.001 iter=1125/2500 loss=4.697
  derivmatch lr=0.001 iter=1250/2500 loss=4.69
  derivmatch lr=0.001 iter=1375/2500 loss=4.683
  derivmatch lr=0.001 iter=1500/2500 loss=4.677
  derivmatch lr=0.001 iter=1625/2500 loss=4.67
  derivmatch lr=0.001 iter=1750/2500 loss=4.663
  derivmatch lr=0.001 iter=1875/2500 loss=4.657
  derivmatch lr=0.001 iter=2000/2500 loss=4.651
  derivmatch lr=0.001 iter=2125/2500 loss=4.654
  derivmatch lr=0.001 iter=2250/2500 loss=4.644
  derivmatch lr=0.001 iter=2375/2500 loss=4.638
  derivmatch lr=0.001 iter=2500/2500 loss=4.631
  derivmatch lr=0.001 iter=2500/2500 loss=4.631
  derivmatch lr=0.0003 iter=80/1600 loss=4.63
  derivmatch lr=0.0003 iter=160/1600 loss=4.628
  derivmatch lr=0.0003 iter=240/1600 loss=4.627
  derivmatch lr=0.0003 iter=320/1600 loss=4.626
  derivmatch lr=0.0003 iter=400/1600 loss=4.624
  derivmatch lr=0.0003 iter=480/1600 loss=4.623
  derivmatch lr=0.0003 iter=560/1600 loss=4.622
  derivmatch lr=0.0003 iter=640/1600 loss=4.62
  derivmatch lr=0.0003 iter=720/1600 loss=4.619
  derivmatch lr=0.0003 iter=800/1600 loss=4.617
  derivmatch lr=0.0003 iter=880/1600 loss=4.616
  derivmatch lr=0.0003 iter=960/1600 loss=4.614
  derivmatch lr=0.0003 iter=1040/1600 loss=4.613
  derivmatch lr=0.0003 iter=1120/1600 loss=4.611
  derivmatch lr=0.0003 iter=1200/1600 loss=4.61
  derivmatch lr=0.0003 iter=1280/1600 loss=4.608
  derivmatch lr=0.0003 iter=1360/1600 loss=4.607
  derivmatch lr=0.0003 iter=1440/1600 loss=4.605
  derivmatch lr=0.0003 iter=1520/1600 loss=4.604
  derivmatch lr=0.0003 iter=1600/1600 loss=4.602
  derivmatch lr=0.0003 iter=1600/1600 loss=4.602
derivative matching [23s]  fitloss=4.6
  [derivative matching]  nrmse=0.4226  l2=477700.0
  collocation: M=127 residuals=1470  detecting sparsity + solving...

Algorithm: LevenbergMarquardt(
    trustregion = LevenbergMarquardtTrustRegion(
        β_uphill = 0.0
    ),
    descent = GeodesicAcceleration(
        descent = DampedNewtonDescent(
            linsolve = KLUFactorization(
                reuse_symbolic = true,
                check_pattern = true
            ),
            initial_damping = 1.0,
            damping_fn = LevenbergMarquardtDampingFunction(
                increase_factor = 2.0,
                decrease_factor = 3.0,
                min_damping = 1.0e-8
            ),
            min_norm_mode = :auto
        ),
        finite_diff_step_geodesic = 0.1,
        α = 0.75
    ),
    autodiff = AutoForwardDiff(),
    vjp_autodiff = AutoFiniteDiff(
        fdtype = Val{:forward}(),
        fdjtype = Val{:forward}(),
        fdhtype = Val{:hcentral}(),
        dir = true
    ),
    jvp_autodiff = AutoForwardDiff(),
    concrete_jac = Val{true}()
)

----    	-------------       	-----------         
Iter    	f(u) 2-norm         	Step 2-norm         
----    	-------------       	-----------         
0       	7.26893789e+02      	NaN                 
1       	7.26893789e+02      	0.00000000e+00      
8       	7.26893789e+02      	0.00000000e+00      
15      	5.04062416e+02      	0.00000000e+00      
22      	4.48227813e+02      	0.00000000e+00      
29      	3.37852159e+02      	3.59774304e-02      
36      	2.55215667e+02      	0.00000000e+00      
43      	2.55278324e+02      	2.33859382e-03      
50      	2.66430572e+02      	2.57539145e-02      
57      	4.02863887e+02      	0.00000000e+00      
64      	4.02863887e+02      	0.00000000e+00      
71      	4.01820691e+02      	5.14042000e-05      
78      	4.15175594e+02      	4.02986196e-02      
85      	4.25871957e+02      	0.00000000e+00      
92      	4.25871957e+02      	0.00000000e+00      
99      	4.29440809e+02      	1.20718998e-04      
106     	4.25877352e+02      	1.37344525e-05      
113     	4.26554755e+02      	7.36792631e-05      
120     	4.24959048e+02      	2.48560866e-05      
127     	4.22297637e+02      	6.84151192e-03      
134     	4.65629379e+02      	3.84836030e-01      
141     	5.04593677e+02      	5.48593471e-01      
148     	5.81543817e+02      	0.00000000e+00      
Final   	2.50384626e+02      
----------------------      
  AMR 1/1: M=127  err=21200.0  obs=0.00187  nrmse=0.423  best=0.423  refined=0
collocation [62s]
  [final]  nrmse=0.4226  l2=477600.0
extrapolation window: T=180.0 -> T_test=360.0  n_test=224
  [train]  E_traj=0.9709  E_VF=0.8185  E_spec=1.092
  [test ]  E_traj=89.65  E_VF=0.7812  E_spec=6.767
saved /orcd/home/002/txenakis/projects/BVPsolver/src/../data/runs/run_NyCTfnfg/orego_fit.png
saved /orcd/home/002/txenakis/projects/BVPsolver/src/../data/runs/run_NyCTfnfg/orego_fit_extrapolated.png
saved /orcd/home/002/txenakis/projects/BVPsolver/src/../data/runs/run_NyCTfnfg/orego_spectral_fit_extrapolated.png
saved /orcd/home/002/txenakis/projects/BVPsolver/src/../data/runs/run_NyCTfnfg/orego_vf_fit_extrapolated.png
┌ Warning: Attempting to store StiffNN.var"#20#21"{Float64, Float64, Float64}.
│ JLD2 only stores functions by name.
│  This may not be useful for anonymous functions.
└ @ JLD2 ~/.julia/packages/JLD2/ADycq/src/data/writing_datatypes.jl:447
saved run → /orcd/home/002/txenakis/projects/BVPsolver/src/../data/runs/run_NyCTfnfg
--------------------------------------
Done: Mon Sep  7 21:12:48 EDT 2026
