Task 835/1800: --problem vanderpol --model GELU-scaled --profile fast --seed 135 --pretraining derivmatch --training shooting
Logging to /home/txenakis/projects/BVPsolver/logs/run_main_23553922_835.log
vanderpol  model=GELU-scaled width=7 d=2 tlen=151 profile=fast seed=135  solver=Kvaerno5  N=317
  derivmatch lr=0.01 iter=170/3400 loss=3.255
  derivmatch lr=0.01 iter=340/3400 loss=2.504
  derivmatch lr=0.01 iter=510/3400 loss=1.744
  derivmatch lr=0.01 iter=680/3400 loss=1.2
  derivmatch lr=0.01 iter=850/3400 loss=1.074
  derivmatch lr=0.01 iter=1020/3400 loss=1.141
  derivmatch lr=0.01 iter=1190/3400 loss=0.5689
  derivmatch lr=0.01 iter=1360/3400 loss=0.4417
  derivmatch lr=0.01 iter=1530/3400 loss=0.3272
  derivmatch lr=0.01 iter=1700/3400 loss=0.2168
  derivmatch lr=0.01 iter=1870/3400 loss=0.1699
  derivmatch lr=0.01 iter=2040/3400 loss=0.1212
  derivmatch lr=0.01 iter=2210/3400 loss=0.101
  derivmatch lr=0.01 iter=2380/3400 loss=0.08505
  derivmatch lr=0.01 iter=2550/3400 loss=0.07329
  derivmatch lr=0.01 iter=2720/3400 loss=0.06391
  derivmatch lr=0.01 iter=2890/3400 loss=0.05669
  derivmatch lr=0.01 iter=3060/3400 loss=0.0511
  derivmatch lr=0.01 iter=3230/3400 loss=0.04672
  derivmatch lr=0.01 iter=3400/3400 loss=0.04321
  derivmatch lr=0.01 iter=3400/3400 loss=0.04321
  derivmatch lr=0.003 iter=125/2500 loss=0.03096
  derivmatch lr=0.003 iter=250/2500 loss=0.02932
  derivmatch lr=0.003 iter=375/2500 loss=0.02852
  derivmatch lr=0.003 iter=500/2500 loss=0.02771
  derivmatch lr=0.003 iter=625/2500 loss=0.02687
  derivmatch lr=0.003 iter=750/2500 loss=0.02602
  derivmatch lr=0.003 iter=875/2500 loss=0.02517
  derivmatch lr=0.003 iter=1000/2500 loss=0.02445
  derivmatch lr=0.003 iter=1125/2500 loss=0.02405
  derivmatch lr=0.003 iter=1250/2500 loss=0.023
  derivmatch lr=0.003 iter=1375/2500 loss=0.0224
  derivmatch lr=0.003 iter=1500/2500 loss=0.0263
  derivmatch lr=0.003 iter=1625/2500 loss=0.02109
  derivmatch lr=0.003 iter=1750/2500 loss=0.02215
  derivmatch lr=0.003 iter=1875/2500 loss=0.02284
  derivmatch lr=0.003 iter=2000/2500 loss=0.01978
  derivmatch lr=0.003 iter=2125/2500 loss=0.01897
  derivmatch lr=0.003 iter=2250/2500 loss=0.01909
  derivmatch lr=0.003 iter=2375/2500 loss=0.01794
  derivmatch lr=0.003 iter=2500/2500 loss=0.02393
  derivmatch lr=0.003 iter=2500/2500 loss=0.01772
  derivmatch lr=0.001 iter=125/2500 loss=0.01745
  derivmatch lr=0.001 iter=250/2500 loss=0.01726
  derivmatch lr=0.001 iter=375/2500 loss=0.01702
  derivmatch lr=0.001 iter=500/2500 loss=0.01676
  derivmatch lr=0.001 iter=625/2500 loss=0.01646
  derivmatch lr=0.001 iter=750/2500 loss=0.01614
  derivmatch lr=0.001 iter=875/2500 loss=0.0158
  derivmatch lr=0.001 iter=1000/2500 loss=0.01545
  derivmatch lr=0.001 iter=1125/2500 loss=0.01508
  derivmatch lr=0.001 iter=1250/2500 loss=0.01471
  derivmatch lr=0.001 iter=1375/2500 loss=0.01433
  derivmatch lr=0.001 iter=1500/2500 loss=0.01495
  derivmatch lr=0.001 iter=1625/2500 loss=0.01358
  derivmatch lr=0.001 iter=1750/2500 loss=0.01322
  derivmatch lr=0.001 iter=1875/2500 loss=0.01287
  derivmatch lr=0.001 iter=2000/2500 loss=0.01442
  derivmatch lr=0.001 iter=2125/2500 loss=0.01223
  derivmatch lr=0.001 iter=2250/2500 loss=0.01244
  derivmatch lr=0.001 iter=2375/2500 loss=0.01174
  derivmatch lr=0.001 iter=2500/2500 loss=0.01155
  derivmatch lr=0.001 iter=2500/2500 loss=0.01143
  derivmatch lr=0.0003 iter=80/1600 loss=0.01141
  derivmatch lr=0.0003 iter=160/1600 loss=0.01138
  derivmatch lr=0.0003 iter=240/1600 loss=0.01134
  derivmatch lr=0.0003 iter=320/1600 loss=0.01129
  derivmatch lr=0.0003 iter=400/1600 loss=0.01123
  derivmatch lr=0.0003 iter=480/1600 loss=0.01118
  derivmatch lr=0.0003 iter=560/1600 loss=0.01111
  derivmatch lr=0.0003 iter=640/1600 loss=0.01104
  derivmatch lr=0.0003 iter=720/1600 loss=0.01097
  derivmatch lr=0.0003 iter=800/1600 loss=0.0109
  derivmatch lr=0.0003 iter=880/1600 loss=0.01081
  derivmatch lr=0.0003 iter=960/1600 loss=0.01073
  derivmatch lr=0.0003 iter=1040/1600 loss=0.01064
  derivmatch lr=0.0003 iter=1120/1600 loss=0.01055
  derivmatch lr=0.0003 iter=1200/1600 loss=0.01046
  derivmatch lr=0.0003 iter=1280/1600 loss=0.01037
  derivmatch lr=0.0003 iter=1360/1600 loss=0.01027
  derivmatch lr=0.0003 iter=1440/1600 loss=0.01017
  derivmatch lr=0.0003 iter=1520/1600 loss=0.01007
  derivmatch lr=0.0003 iter=1600/1600 loss=0.009966
  derivmatch lr=0.0003 iter=1600/1600 loss=0.009966
derivative matching [33s]  fitloss=0.00997
  [derivative matching]  nrmse=0.3221  l2=325.6
  shooting iter=50/1000 loss=0.182
  shooting iter=100/1000 loss=0.1835
  shooting iter=150/1000 loss=0.1828
  shooting iter=200/1000 loss=0.1821
  shooting iter=250/1000 loss=0.1817
  shooting iter=300/1000 loss=0.183
  shooting iter=350/1000 loss=0.1808
  shooting iter=400/1000 loss=0.1792
  shooting iter=450/1000 loss=0.1728
  shooting iter=500/1000 loss=0.1839
  shooting iter=550/1000 loss=0.1839
  shooting iter=600/1000 loss=0.1839
  shooting iter=650/1000 loss=0.1839
  shooting iter=700/1000 loss=0.1839
  shooting iter=750/1000 loss=0.1839
  shooting iter=800/1000 loss=0.1839
  shooting iter=850/1000 loss=0.1839
  shooting iter=900/1000 loss=0.1839
  shooting iter=950/1000 loss=0.1839
  shooting iter=1000/1000 loss=0.1839
  shooting iter=1000/1000 loss=0.1705
shooting [548s]  loss=0.171
  [final]  nrmse=0.2813  l2=325.0
extrapolation window: T=200.0 -> T_test=400.0  n_test=302
  [train]  E_traj=0.9611  E_VF=1.476  E_spec=1.373
  [test ]  E_traj=3.657  E_VF=367400.0  E_spec=1.434
saved /orcd/home/002/txenakis/projects/BVPsolver/src/../data/runs/run_C3EshCa1/vanderpol_fit.png
saved /orcd/home/002/txenakis/projects/BVPsolver/src/../data/runs/run_C3EshCa1/vanderpol_fit_extrapolated.png
saved /orcd/home/002/txenakis/projects/BVPsolver/src/../data/runs/run_C3EshCa1/vanderpol_spectral_fit_extrapolated.png
saved /orcd/home/002/txenakis/projects/BVPsolver/src/../data/runs/run_C3EshCa1/vanderpol_vf_fit_extrapolated.png
┌ Warning: Attempting to store StiffNN.var"#14#15"{Float64}.
│ JLD2 only stores functions by name.
│  This may not be useful for anonymous functions.
└ @ JLD2 ~/.julia/packages/JLD2/ADycq/src/data/writing_datatypes.jl:447
saved run → /orcd/home/002/txenakis/projects/BVPsolver/src/../data/runs/run_C3EshCa1
--------------------------------------
Done: Wed Sep 23 12:29:26 EDT 2026
