Task 330/360: --problem davis-skodje --model mlp --profile fast --seed 20 --pretraining derivmatch --training collocation
Logging to /home/txenakis/projects/BVPsolver/logs/run_main_22227913_330.log
davis-skodje  model=mlp width=14 d=2 tlen=300 profile=fast seed=20  solver=Rodas5P  N=282
  derivmatch lr=0.01 iter=170/3400 loss=2.531
  derivmatch lr=0.01 iter=340/3400 loss=2.366
  derivmatch lr=0.01 iter=510/3400 loss=1.599
  derivmatch lr=0.01 iter=680/3400 loss=1.651
  derivmatch lr=0.01 iter=850/3400 loss=1.125
  derivmatch lr=0.01 iter=1020/3400 loss=2.088
  derivmatch lr=0.01 iter=1190/3400 loss=0.9081
  derivmatch lr=0.01 iter=1360/3400 loss=1.734
  derivmatch lr=0.01 iter=1530/3400 loss=1.979
  derivmatch lr=0.01 iter=1700/3400 loss=1.277
  derivmatch lr=0.01 iter=1870/3400 loss=1.248
  derivmatch lr=0.01 iter=2040/3400 loss=1.553
  derivmatch lr=0.01 iter=2210/3400 loss=0.9982
  derivmatch lr=0.01 iter=2380/3400 loss=1.098
  derivmatch lr=0.01 iter=2550/3400 loss=1.943
  derivmatch lr=0.01 iter=2720/3400 loss=1.293
  derivmatch lr=0.01 iter=2890/3400 loss=1.288
  derivmatch lr=0.01 iter=3060/3400 loss=1.513
  derivmatch lr=0.01 iter=3230/3400 loss=0.8258
  derivmatch lr=0.01 iter=3400/3400 loss=1.099
  derivmatch lr=0.01 iter=3400/3400 loss=0.4083
  derivmatch lr=0.003 iter=125/2500 loss=0.4898
  derivmatch lr=0.003 iter=250/2500 loss=0.4773
  derivmatch lr=0.003 iter=375/2500 loss=0.4661
  derivmatch lr=0.003 iter=500/2500 loss=0.4566
  derivmatch lr=0.003 iter=625/2500 loss=0.4478
  derivmatch lr=0.003 iter=750/2500 loss=0.4394
  derivmatch lr=0.003 iter=875/2500 loss=0.4314
  derivmatch lr=0.003 iter=1000/2500 loss=0.4239
  derivmatch lr=0.003 iter=1125/2500 loss=0.4168
  derivmatch lr=0.003 iter=1250/2500 loss=0.41
  derivmatch lr=0.003 iter=1375/2500 loss=0.4036
  derivmatch lr=0.003 iter=1500/2500 loss=0.3974
  derivmatch lr=0.003 iter=1625/2500 loss=0.3914
  derivmatch lr=0.003 iter=1750/2500 loss=0.3857
  derivmatch lr=0.003 iter=1875/2500 loss=0.2823
  derivmatch lr=0.003 iter=2000/2500 loss=0.2714
  derivmatch lr=0.003 iter=2125/2500 loss=0.2739
  derivmatch lr=0.003 iter=2250/2500 loss=0.2986
  derivmatch lr=0.003 iter=2375/2500 loss=0.2561
  derivmatch lr=0.003 iter=2500/2500 loss=0.2605
  derivmatch lr=0.003 iter=2500/2500 loss=0.2512
  derivmatch lr=0.001 iter=125/2500 loss=0.2417
  derivmatch lr=0.001 iter=250/2500 loss=0.2391
  derivmatch lr=0.001 iter=375/2500 loss=0.2392
  derivmatch lr=0.001 iter=500/2500 loss=0.2348
  derivmatch lr=0.001 iter=625/2500 loss=0.2316
  derivmatch lr=0.001 iter=750/2500 loss=0.2275
  derivmatch lr=0.001 iter=875/2500 loss=0.2239
  derivmatch lr=0.001 iter=1000/2500 loss=0.2196
  derivmatch lr=0.001 iter=1125/2500 loss=0.2159
  derivmatch lr=0.001 iter=1250/2500 loss=0.2115
  derivmatch lr=0.001 iter=1375/2500 loss=0.2077
  derivmatch lr=0.001 iter=1500/2500 loss=0.2033
  derivmatch lr=0.001 iter=1625/2500 loss=0.1996
  derivmatch lr=0.001 iter=1750/2500 loss=0.1952
  derivmatch lr=0.001 iter=1875/2500 loss=0.1917
  derivmatch lr=0.001 iter=2000/2500 loss=0.1875
  derivmatch lr=0.001 iter=2125/2500 loss=0.1841
  derivmatch lr=0.001 iter=2250/2500 loss=0.1801
  derivmatch lr=0.001 iter=2375/2500 loss=0.1769
  derivmatch lr=0.001 iter=2500/2500 loss=0.1732
  derivmatch lr=0.001 iter=2500/2500 loss=0.1732
  derivmatch lr=0.0003 iter=80/1600 loss=0.1702
  derivmatch lr=0.0003 iter=160/1600 loss=0.1696
  derivmatch lr=0.0003 iter=240/1600 loss=0.169
  derivmatch lr=0.0003 iter=320/1600 loss=0.1682
  derivmatch lr=0.0003 iter=400/1600 loss=0.1674
  derivmatch lr=0.0003 iter=480/1600 loss=0.1665
  derivmatch lr=0.0003 iter=560/1600 loss=0.1655
  derivmatch lr=0.0003 iter=640/1600 loss=0.1645
  derivmatch lr=0.0003 iter=720/1600 loss=0.1634
  derivmatch lr=0.0003 iter=800/1600 loss=0.1624
  derivmatch lr=0.0003 iter=880/1600 loss=0.1616
  derivmatch lr=0.0003 iter=960/1600 loss=0.1602
  derivmatch lr=0.0003 iter=1040/1600 loss=0.159
  derivmatch lr=0.0003 iter=1120/1600 loss=0.158
  derivmatch lr=0.0003 iter=1200/1600 loss=0.1574
  derivmatch lr=0.0003 iter=1280/1600 loss=0.1556
  derivmatch lr=0.0003 iter=1360/1600 loss=0.1543
  derivmatch lr=0.0003 iter=1440/1600 loss=0.1535
  derivmatch lr=0.0003 iter=1520/1600 loss=0.1519
  derivmatch lr=0.0003 iter=1600/1600 loss=0.1511
  derivmatch lr=0.0003 iter=1600/1600 loss=0.151
derivative matching [27s]  fitloss=0.151
  [derivative matching]  nrmse=0.0552  l2=2.704
  collocation: M=300 residuals=2394  detecting sparsity + solving...

Algorithm: LevenbergMarquardt(
    trustregion = LevenbergMarquardtTrustRegion(
        β_uphill = 0.0
    ),
    descent = GeodesicAcceleration(
        descent = DampedNewtonDescent(
            linsolve = KLUFactorization(
                reuse_symbolic = true,
                check_pattern = true
            ),
            initial_damping = 1.0,
            damping_fn = LevenbergMarquardtDampingFunction(
                increase_factor = 2.0,
                decrease_factor = 3.0,
                min_damping = 1.0e-8
            ),
            min_norm_mode = :auto
        ),
        finite_diff_step_geodesic = 0.1,
        α = 0.75
    ),
    autodiff = AutoForwardDiff(),
    vjp_autodiff = AutoFiniteDiff(
        fdtype = Val{:forward}(),
        fdjtype = Val{:forward}(),
        fdhtype = Val{:hcentral}(),
        dir = true
    ),
    jvp_autodiff = AutoForwardDiff(),
    concrete_jac = Val{true}()
)

----    	-------------       	-----------         
Iter    	f(u) 2-norm         	Step 2-norm         
----    	-------------       	-----------         
0       	3.60854712e+02      	NaN                 
1       	3.60854712e+02      	0.00000000e+00      
8       	2.54922537e+02      	0.00000000e+00      
15      	6.48509259e+00      	1.44853322e+00      
22      	5.73215080e-02      	5.38837003e-02      
29      	2.47532829e-02      	9.80740433e-03      
36      	1.08320640e+02      	4.27907620e+00      
43      	1.47570003e+01      	0.00000000e+00      
50      	1.16756925e+02      	0.00000000e+00      
57      	3.70527228e+01      	0.00000000e+00      
64      	2.94743561e-01      	0.00000000e+00      
71      	1.28288655e+01      	0.00000000e+00      
78      	3.21638116e+00      	0.00000000e+00      
85      	7.28380881e+00      	0.00000000e+00      
92      	1.02560166e-01      	4.92568591e-01      
99      	4.00300564e-02      	4.64108345e-01      
106     	1.77385073e+02      	0.00000000e+00      
113     	2.29900651e+00      	0.00000000e+00      
120     	1.46218820e-01      	7.79189277e-01      
127     	1.00059496e+00      	9.96943568e-01      
134     	1.70520731e-02      	0.00000000e+00      
141     	1.66788733e-02      	1.08106586e-01      
148     	1.40251058e-03      	0.00000000e+00      
Final   	2.59777437e-04      
----------------------      
  AMR 1/3: M=300  err=3.56e-9  obs=1.79e-6  nrmse=3.28e-5  best=3.28e-5  refined=16
  collocation: M=316 residuals=2490  detecting sparsity + solving...

Algorithm: LevenbergMarquardt(
    trustregion = LevenbergMarquardtTrustRegion(
        β_uphill = 0.0
    ),
    descent = GeodesicAcceleration(
        descent = DampedNewtonDescent(
            linsolve = KLUFactorization(
                reuse_symbolic = true,
                check_pattern = true
            ),
            initial_damping = 1.0,
            damping_fn = LevenbergMarquardtDampingFunction(
                increase_factor = 2.0,
                decrease_factor = 3.0,
                min_damping = 1.0e-8
            ),
            min_norm_mode = :auto
        ),
        finite_diff_step_geodesic = 0.1,
        α = 0.75
    ),
    autodiff = AutoForwardDiff(),
    vjp_autodiff = AutoFiniteDiff(
        fdtype = Val{:forward}(),
        fdjtype = Val{:forward}(),
        fdhtype = Val{:hcentral}(),
        dir = true
    ),
    jvp_autodiff = AutoForwardDiff(),
    concrete_jac = Val{true}()
)

----    	-------------       	-----------         
Iter    	f(u) 2-norm         	Step 2-norm         
----    	-------------       	-----------         
0       	4.54021452e+01      	NaN                 
1       	1.63906925e+01      	1.24298060e-02      
8       	1.09736887e-01      	1.94503013e-03      
15      	6.97126690e-04      	8.81088949e-04      
22      	1.79797817e-04      	4.86456817e-03      
29      	8.06571600e-05      	2.36826046e-02      
36      	2.51405841e-03      	0.00000000e+00      
43      	1.97554903e-02      	1.23002055e-01      
50      	3.63921247e-02      	0.00000000e+00      
57      	1.27881209e-03      	0.00000000e+00      
64      	1.82741793e-02      	0.00000000e+00      
71      	6.17072469e-04      	5.84136682e-02      
78      	4.03342211e+00      	0.00000000e+00      
85      	6.59877045e-01      	0.00000000e+00      
92      	4.69817212e+00      	8.34321900e-01      
99      	6.84830498e-03      	0.00000000e+00      
106     	1.30344476e+00      	0.00000000e+00      
113     	7.16630832e+00      	0.00000000e+00      
120     	1.32182136e-01      	0.00000000e+00      
127     	2.27893058e-02      	0.00000000e+00      
134     	3.57903354e+01      	1.28885851e+00      
141     	1.60822615e+00      	0.00000000e+00      
148     	2.71106021e-03      	0.00000000e+00      
Final   	7.72511251e-05      
----------------------      
  AMR 2/3: M=316  err=4.54e-10  obs=1.76e-6  nrmse=3.26e-5  best=3.26e-5  refined=1
  collocation: M=317 residuals=2496  detecting sparsity + solving...

Algorithm: LevenbergMarquardt(
    trustregion = LevenbergMarquardtTrustRegion(
        β_uphill = 0.0
    ),
    descent = GeodesicAcceleration(
        descent = DampedNewtonDescent(
            linsolve = KLUFactorization(
                reuse_symbolic = true,
                check_pattern = true
            ),
            initial_damping = 1.0,
            damping_fn = LevenbergMarquardtDampingFunction(
                increase_factor = 2.0,
                decrease_factor = 3.0,
                min_damping = 1.0e-8
            ),
            min_norm_mode = :auto
        ),
        finite_diff_step_geodesic = 0.1,
        α = 0.75
    ),
    autodiff = AutoForwardDiff(),
    vjp_autodiff = AutoFiniteDiff(
        fdtype = Val{:forward}(),
        fdjtype = Val{:forward}(),
        fdhtype = Val{:hcentral}(),
        dir = true
    ),
    jvp_autodiff = AutoForwardDiff(),
    concrete_jac = Val{true}()
)

----    	-------------       	-----------         
Iter    	f(u) 2-norm         	Step 2-norm         
----    	-------------       	-----------         
0       	4.47580751e+01      	1.47752427e-309     
1       	1.63460890e+01      	1.27281404e-02      
8       	1.08863512e-01      	2.30158114e-03      
15      	6.95931605e-04      	8.80335162e-04      
22      	1.78255559e-04      	4.81982675e-03      
29      	8.11418719e-05      	2.20711356e-02      
36      	1.55535867e-03      	0.00000000e+00      
43      	1.41428795e+00      	0.00000000e+00      
50      	9.01361971e-01      	8.93670531e-01      
57      	1.67915703e-01      	4.49148915e-01      
64      	2.78956326e+00      	0.00000000e+00      
71      	1.59859227e-03      	9.37416313e-02      
78      	2.41992795e+00      	0.00000000e+00      
85      	2.55802470e-03      	0.00000000e+00      
92      	4.53260316e+00      	1.36151799e+00      
99      	2.15800089e-02      	0.00000000e+00      
106     	3.58574460e+00      	5.56414261e-01      
113     	2.28237783e+00      	0.00000000e+00      
120     	2.66019248e-01      	0.00000000e+00      
127     	3.97602237e-03      	0.00000000e+00      
134     	1.99830859e-01      	4.65272592e-01      
141     	5.80621175e-04      	4.98184420e-02      
148     	1.97636872e-04      	0.00000000e+00      
Final   	6.49913093e-05      
----------------------      
  AMR 3/3: M=317  err=1.1e-10  obs=8.18e-7  nrmse=1.25e-5  best=1.25e-5  refined=0
collocation [131s]
  [final]  nrmse=1.249e-5  l2=0.0005762
extrapolation window: T=15.0 -> T_test=30.0  n_test=600
  [train]  E_traj=4.337e-10  E_VF=4.733e-5  E_spec=0.517
  [test ]  E_traj=1380.0  E_VF=2.075e8  E_spec=2.069
saved /orcd/home/002/txenakis/projects/BVPsolver/src/../data/runs/run_Fc3vIprg/davis-skodje_fit.png
saved /orcd/home/002/txenakis/projects/BVPsolver/src/../data/runs/run_Fc3vIprg/davis-skodje_fit_extrapolated.png
saved /orcd/home/002/txenakis/projects/BVPsolver/src/../data/runs/run_Fc3vIprg/davis-skodje_spectral_fit_extrapolated.png
saved /orcd/home/002/txenakis/projects/BVPsolver/src/../data/runs/run_Fc3vIprg/davis-skodje_vf_fit_extrapolated.png
┌ Warning: Attempting to store StiffNN.var"#22#23"{Float64}.
│ JLD2 only stores functions by name.
│  This may not be useful for anonymous functions.
└ @ JLD2 ~/.julia/packages/JLD2/ADycq/src/data/writing_datatypes.jl:447
saved run → /orcd/home/002/txenakis/projects/BVPsolver/src/../data/runs/run_Fc3vIprg
--------------------------------------
Done: Mon Sep  7 21:54:42 EDT 2026
