Task 509/1800: --problem rober --model GELU-scaled --profile fast --seed 109 --pretraining derivmatch --training shooting
Logging to /home/txenakis/projects/BVPsolver/logs/run_main_23544358_509.log
rober  model=GELU-scaled width=7 d=3 tlen=50 profile=fast seed=109  solver=Rodas5  N=332
  derivmatch lr=0.01 iter=170/3400 loss=10.08
  derivmatch lr=0.01 iter=340/3400 loss=7.937
  derivmatch lr=0.01 iter=510/3400 loss=9.353
  derivmatch lr=0.01 iter=680/3400 loss=9.22
  derivmatch lr=0.01 iter=850/3400 loss=9.082
  derivmatch lr=0.01 iter=1020/3400 loss=8.894
  derivmatch lr=0.01 iter=1190/3400 loss=8.586
  derivmatch lr=0.01 iter=1360/3400 loss=8.053
  derivmatch lr=0.01 iter=1530/3400 loss=6.316
  derivmatch lr=0.01 iter=1700/3400 loss=5.944
  derivmatch lr=0.01 iter=1870/3400 loss=5.868
  derivmatch lr=0.01 iter=2040/3400 loss=5.836
  derivmatch lr=0.01 iter=2210/3400 loss=5.784
  derivmatch lr=0.01 iter=2380/3400 loss=5.728
  derivmatch lr=0.01 iter=2550/3400 loss=5.665
  derivmatch lr=0.01 iter=2720/3400 loss=5.598
  derivmatch lr=0.01 iter=2890/3400 loss=5.516
  derivmatch lr=0.01 iter=3060/3400 loss=5.431
  derivmatch lr=0.01 iter=3230/3400 loss=7.65
  derivmatch lr=0.01 iter=3400/3400 loss=7.352
  derivmatch lr=0.01 iter=3400/3400 loss=5.334
  derivmatch lr=0.003 iter=125/2500 loss=5.89
  derivmatch lr=0.003 iter=250/2500 loss=6.339
  derivmatch lr=0.003 iter=375/2500 loss=5.554
  derivmatch lr=0.003 iter=500/2500 loss=7.463
  derivmatch lr=0.003 iter=625/2500 loss=5.66
  derivmatch lr=0.003 iter=750/2500 loss=6.52
  derivmatch lr=0.003 iter=875/2500 loss=7.259
  derivmatch lr=0.003 iter=1000/2500 loss=7.692
  derivmatch lr=0.003 iter=1125/2500 loss=6.87
  derivmatch lr=0.003 iter=1250/2500 loss=6.551
  derivmatch lr=0.003 iter=1375/2500 loss=6.071
  derivmatch lr=0.003 iter=1500/2500 loss=6.796
  derivmatch lr=0.003 iter=1625/2500 loss=5.923
  derivmatch lr=0.003 iter=1750/2500 loss=5.904
  derivmatch lr=0.003 iter=1875/2500 loss=4.535
  derivmatch lr=0.003 iter=2000/2500 loss=8.074
  derivmatch lr=0.003 iter=2125/2500 loss=7.577
  derivmatch lr=0.003 iter=2250/2500 loss=6.458
  derivmatch lr=0.003 iter=2375/2500 loss=5.681
  derivmatch lr=0.003 iter=2500/2500 loss=5.507
  derivmatch lr=0.003 iter=2500/2500 loss=4.529
  derivmatch lr=0.001 iter=125/2500 loss=5.541
  derivmatch lr=0.001 iter=250/2500 loss=4.466
  derivmatch lr=0.001 iter=375/2500 loss=4.387
  derivmatch lr=0.001 iter=500/2500 loss=6.778
  derivmatch lr=0.001 iter=625/2500 loss=5.577
  derivmatch lr=0.001 iter=750/2500 loss=5.944
  derivmatch lr=0.001 iter=875/2500 loss=4.315
  derivmatch lr=0.001 iter=1000/2500 loss=4.239
  derivmatch lr=0.001 iter=1125/2500 loss=4.166
  derivmatch lr=0.001 iter=1250/2500 loss=4.093
  derivmatch lr=0.001 iter=1375/2500 loss=6.698
  derivmatch lr=0.001 iter=1500/2500 loss=5.085
  derivmatch lr=0.001 iter=1625/2500 loss=6.058
  derivmatch lr=0.001 iter=1750/2500 loss=5.076
  derivmatch lr=0.001 iter=1875/2500 loss=4.244
  derivmatch lr=0.001 iter=2000/2500 loss=4.166
  derivmatch lr=0.001 iter=2125/2500 loss=4.287
  derivmatch lr=0.001 iter=2250/2500 loss=5.853
  derivmatch lr=0.001 iter=2375/2500 loss=6.351
  derivmatch lr=0.001 iter=2500/2500 loss=5.334
  derivmatch lr=0.001 iter=2500/2500 loss=4.052
  derivmatch lr=0.0003 iter=80/1600 loss=4.144
  derivmatch lr=0.0003 iter=160/1600 loss=4.326
  derivmatch lr=0.0003 iter=240/1600 loss=3.999
  derivmatch lr=0.0003 iter=320/1600 loss=3.984
  derivmatch lr=0.0003 iter=400/1600 loss=3.971
  derivmatch lr=0.0003 iter=480/1600 loss=3.957
  derivmatch lr=0.0003 iter=560/1600 loss=3.941
  derivmatch lr=0.0003 iter=640/1600 loss=3.925
  derivmatch lr=0.0003 iter=720/1600 loss=3.908
  derivmatch lr=0.0003 iter=800/1600 loss=3.891
  derivmatch lr=0.0003 iter=880/1600 loss=3.872
  derivmatch lr=0.0003 iter=960/1600 loss=3.853
  derivmatch lr=0.0003 iter=1040/1600 loss=3.833
  derivmatch lr=0.0003 iter=1120/1600 loss=5.106
  derivmatch lr=0.0003 iter=1200/1600 loss=5.176
  derivmatch lr=0.0003 iter=1280/1600 loss=5.39
  derivmatch lr=0.0003 iter=1360/1600 loss=4.55
  derivmatch lr=0.0003 iter=1440/1600 loss=4.201
  derivmatch lr=0.0003 iter=1520/1600 loss=5.127
  derivmatch lr=0.0003 iter=1600/1600 loss=4.854
  derivmatch lr=0.0003 iter=1600/1600 loss=3.816
derivative matching [27s]  fitloss=3.82
  [derivative matching]  nrmse=3.333  l2=0.05508
  shooting iter=50/1000 loss=0.09945
  shooting iter=100/1000 loss=0.09126
  shooting iter=150/1000 loss=0.08573
  shooting iter=200/1000 loss=0.07941
  shooting iter=250/1000 loss=0.0827
  shooting iter=300/1000 loss=0.07641
  shooting iter=350/1000 loss=0.08136
  shooting iter=400/1000 loss=0.07606
  shooting iter=450/1000 loss=0.07916
  shooting iter=500/1000 loss=0.07524
  shooting iter=550/1000 loss=0.0757
  shooting iter=600/1000 loss=0.08506
  shooting iter=650/1000 loss=0.07369
  shooting iter=700/1000 loss=0.07348
  shooting iter=750/1000 loss=0.08317
  shooting iter=800/1000 loss=0.0817
  shooting iter=850/1000 loss=0.07902
  shooting iter=900/1000 loss=0.07013
  shooting iter=950/1000 loss=0.06924
  shooting iter=1000/1000 loss=0.08613
  shooting iter=1000/1000 loss=0.06743
shooting [749s]  loss=0.0674
  [final]  nrmse=0.2137  l2=0.02617
extrapolation window: T=1000.0 -> T_test=1.0e12  n_test=100
  [train]  E_traj=0.1188  E_VF=3.301  E_spec=4.953e23
  [test ]  E_traj=9.112e19  E_VF=5.25e6  E_spec=8.507e11
saved /orcd/home/002/txenakis/projects/BVPsolver/src/../data/runs/run_ZedT9sjf/rober_fit.png
saved /orcd/home/002/txenakis/projects/BVPsolver/src/../data/runs/run_ZedT9sjf/rober_fit_extrapolated.png
saved /orcd/home/002/txenakis/projects/BVPsolver/src/../data/runs/run_ZedT9sjf/rober_spectral_fit_extrapolated.png
saved /orcd/home/002/txenakis/projects/BVPsolver/src/../data/runs/run_ZedT9sjf/rober_vf_fit_extrapolated.png
┌ Warning: Attempting to store StiffNN.var"#12#13"{Float64, Float64, Float64}.
│ JLD2 only stores functions by name.
│  This may not be useful for anonymous functions.
└ @ JLD2 ~/.julia/packages/JLD2/ADycq/src/data/writing_datatypes.jl:447
saved run → /orcd/home/002/txenakis/projects/BVPsolver/src/../data/runs/run_ZedT9sjf
--------------------------------------
Done: Wed Sep 23 09:37:07 EDT 2026
