Task 501/1800: --problem rober --model GELU-scaled --profile fast --seed 101 --pretraining derivmatch --training shooting
Logging to /home/txenakis/projects/BVPsolver/logs/run_main_23544358_501.log
rober  model=GELU-scaled width=7 d=3 tlen=50 profile=fast seed=101  solver=Rodas5  N=332
  derivmatch lr=0.01 iter=170/3400 loss=9.103
  derivmatch lr=0.01 iter=340/3400 loss=8.76
  derivmatch lr=0.01 iter=510/3400 loss=6.941
  derivmatch lr=0.01 iter=680/3400 loss=5.87
  derivmatch lr=0.01 iter=850/3400 loss=5.55
  derivmatch lr=0.01 iter=1020/3400 loss=8.007
  derivmatch lr=0.01 iter=1190/3400 loss=8.37
  derivmatch lr=0.01 iter=1360/3400 loss=8.043
  derivmatch lr=0.01 iter=1530/3400 loss=7.542
  derivmatch lr=0.01 iter=1700/3400 loss=5.987
  derivmatch lr=0.01 iter=1870/3400 loss=6.126
  derivmatch lr=0.01 iter=2040/3400 loss=8.071
  derivmatch lr=0.01 iter=2210/3400 loss=7.054
  derivmatch lr=0.01 iter=2380/3400 loss=5.766
  derivmatch lr=0.01 iter=2550/3400 loss=5.61
  derivmatch lr=0.01 iter=2720/3400 loss=5.46
  derivmatch lr=0.01 iter=2890/3400 loss=5.29
  derivmatch lr=0.01 iter=3060/3400 loss=5.088
  derivmatch lr=0.01 iter=3230/3400 loss=7.371
  derivmatch lr=0.01 iter=3400/3400 loss=7.72
  derivmatch lr=0.01 iter=3400/3400 loss=4.967
  derivmatch lr=0.003 iter=125/2500 loss=4.926
  derivmatch lr=0.003 iter=250/2500 loss=4.849
  derivmatch lr=0.003 iter=375/2500 loss=4.776
  derivmatch lr=0.003 iter=500/2500 loss=4.685
  derivmatch lr=0.003 iter=625/2500 loss=6.292
  derivmatch lr=0.003 iter=750/2500 loss=4.82
  derivmatch lr=0.003 iter=875/2500 loss=4.729
  derivmatch lr=0.003 iter=1000/2500 loss=4.652
  derivmatch lr=0.003 iter=1125/2500 loss=4.585
  derivmatch lr=0.003 iter=1250/2500 loss=4.517
  derivmatch lr=0.003 iter=1375/2500 loss=4.449
  derivmatch lr=0.003 iter=1500/2500 loss=7.336
  derivmatch lr=0.003 iter=1625/2500 loss=6.762
  derivmatch lr=0.003 iter=1750/2500 loss=8.02
  derivmatch lr=0.003 iter=1875/2500 loss=7.307
  derivmatch lr=0.003 iter=2000/2500 loss=7.147
  derivmatch lr=0.003 iter=2125/2500 loss=6.943
  derivmatch lr=0.003 iter=2250/2500 loss=6.653
  derivmatch lr=0.003 iter=2375/2500 loss=5.604
  derivmatch lr=0.003 iter=2500/2500 loss=6.128
  derivmatch lr=0.003 iter=2500/2500 loss=4.421
  derivmatch lr=0.001 iter=125/2500 loss=4.415
  derivmatch lr=0.001 iter=250/2500 loss=4.401
  derivmatch lr=0.001 iter=375/2500 loss=4.377
  derivmatch lr=0.001 iter=500/2500 loss=4.359
  derivmatch lr=0.001 iter=625/2500 loss=4.341
  derivmatch lr=0.001 iter=750/2500 loss=4.321
  derivmatch lr=0.001 iter=875/2500 loss=4.301
  derivmatch lr=0.001 iter=1000/2500 loss=4.278
  derivmatch lr=0.001 iter=1125/2500 loss=4.253
  derivmatch lr=0.001 iter=1250/2500 loss=4.225
  derivmatch lr=0.001 iter=1375/2500 loss=4.193
  derivmatch lr=0.001 iter=1500/2500 loss=4.159
  derivmatch lr=0.001 iter=1625/2500 loss=4.127
  derivmatch lr=0.001 iter=1750/2500 loss=8.088
  derivmatch lr=0.001 iter=1875/2500 loss=6.647
  derivmatch lr=0.001 iter=2000/2500 loss=5.311
  derivmatch lr=0.001 iter=2125/2500 loss=5.803
  derivmatch lr=0.001 iter=2250/2500 loss=6.263
  derivmatch lr=0.001 iter=2375/2500 loss=4.928
  derivmatch lr=0.001 iter=2500/2500 loss=6.234
  derivmatch lr=0.001 iter=2500/2500 loss=4.108
  derivmatch lr=0.0003 iter=80/1600 loss=4.111
  derivmatch lr=0.0003 iter=160/1600 loss=4.103
  derivmatch lr=0.0003 iter=240/1600 loss=4.1
  derivmatch lr=0.0003 iter=320/1600 loss=4.097
  derivmatch lr=0.0003 iter=400/1600 loss=4.093
  derivmatch lr=0.0003 iter=480/1600 loss=4.089
  derivmatch lr=0.0003 iter=560/1600 loss=4.084
  derivmatch lr=0.0003 iter=640/1600 loss=4.079
  derivmatch lr=0.0003 iter=720/1600 loss=4.074
  derivmatch lr=0.0003 iter=800/1600 loss=4.068
  derivmatch lr=0.0003 iter=880/1600 loss=4.062
  derivmatch lr=0.0003 iter=960/1600 loss=4.054
  derivmatch lr=0.0003 iter=1040/1600 loss=4.045
  derivmatch lr=0.0003 iter=1120/1600 loss=4.034
  derivmatch lr=0.0003 iter=1200/1600 loss=4.022
  derivmatch lr=0.0003 iter=1280/1600 loss=4.011
  derivmatch lr=0.0003 iter=1360/1600 loss=4.002
  derivmatch lr=0.0003 iter=1440/1600 loss=3.994
  derivmatch lr=0.0003 iter=1520/1600 loss=3.986
  derivmatch lr=0.0003 iter=1600/1600 loss=3.978
  derivmatch lr=0.0003 iter=1600/1600 loss=3.978
derivative matching [25s]  fitloss=3.98
  [derivative matching]  nrmse=29.13  l2=0.5006
  shooting iter=50/1000 loss=1.487
  shooting iter=100/1000 loss=0.5367
  shooting iter=150/1000 loss=0.3357
  shooting iter=200/1000 loss=0.186
  shooting iter=250/1000 loss=0.1712
  shooting iter=300/1000 loss=0.1629
  shooting iter=350/1000 loss=0.1575
  shooting iter=400/1000 loss=0.1558
  shooting iter=450/1000 loss=0.1536
  shooting iter=500/1000 loss=0.1514
  shooting iter=550/1000 loss=0.1501
  shooting iter=600/1000 loss=0.1508
  shooting iter=650/1000 loss=0.1491
  shooting iter=700/1000 loss=0.147
  shooting iter=750/1000 loss=0.146
  shooting iter=800/1000 loss=0.146
  shooting iter=850/1000 loss=0.1469
  shooting iter=900/1000 loss=0.1454
  shooting iter=950/1000 loss=0.1429
  shooting iter=1000/1000 loss=0.1411
  shooting iter=1000/1000 loss=0.1403
shooting [586s]  loss=0.14
  [final]  nrmse=0.2676  l2=0.7715
extrapolation window: T=1000.0 -> T_test=1.0e12  n_test=100
  [train]  E_traj=0.2208  E_VF=3.082  E_spec=1.007
  [test ]  E_traj=1.143e24  E_VF=108700.0  E_spec=0.9999
saved /orcd/home/002/txenakis/projects/BVPsolver/src/../data/runs/run_JDyIsVXB/rober_fit.png
saved /orcd/home/002/txenakis/projects/BVPsolver/src/../data/runs/run_JDyIsVXB/rober_fit_extrapolated.png
saved /orcd/home/002/txenakis/projects/BVPsolver/src/../data/runs/run_JDyIsVXB/rober_spectral_fit_extrapolated.png
saved /orcd/home/002/txenakis/projects/BVPsolver/src/../data/runs/run_JDyIsVXB/rober_vf_fit_extrapolated.png
┌ Warning: Attempting to store StiffNN.var"#12#13"{Float64, Float64, Float64}.
│ JLD2 only stores functions by name.
│  This may not be useful for anonymous functions.
└ @ JLD2 ~/.julia/packages/JLD2/ADycq/src/data/writing_datatypes.jl:447
saved run → /orcd/home/002/txenakis/projects/BVPsolver/src/../data/runs/run_JDyIsVXB
--------------------------------------
Done: Wed Sep 23 09:34:18 EDT 2026
