Task 1580/1800: --problem davis-skodje --model stiff --profile fast --seed 130 --pretraining derivmatch --training collocation
Logging to /home/txenakis/projects/BVPsolver/logs/run_main_23593274_1580.log
davis-skodje  model=stiff width=12 d=2 tlen=300 profile=fast seed=130  solver=Rodas5P  N=268
  derivmatch lr=0.01 iter=170/3400 loss=0.07597
  derivmatch lr=0.01 iter=340/3400 loss=0.02992
  derivmatch lr=0.01 iter=510/3400 loss=0.01756
  derivmatch lr=0.01 iter=680/3400 loss=0.01124
  derivmatch lr=0.01 iter=850/3400 loss=0.007115
  derivmatch lr=0.01 iter=1020/3400 loss=0.004784
  derivmatch lr=0.01 iter=1190/3400 loss=0.003367
  derivmatch lr=0.01 iter=1360/3400 loss=0.002426
  derivmatch lr=0.01 iter=1530/3400 loss=0.001773
  derivmatch lr=0.01 iter=1700/3400 loss=0.001307
  derivmatch lr=0.01 iter=1870/3400 loss=0.0009717
  derivmatch lr=0.01 iter=2040/3400 loss=0.0007317
  derivmatch lr=0.01 iter=2210/3400 loss=0.0005606
  derivmatch lr=0.01 iter=2380/3400 loss=0.0004381
  derivmatch lr=0.01 iter=2550/3400 loss=0.0003493
  derivmatch lr=0.01 iter=2720/3400 loss=0.0002834
  derivmatch lr=0.01 iter=2890/3400 loss=0.0002333
  derivmatch lr=0.01 iter=3060/3400 loss=0.0001946
  derivmatch lr=0.01 iter=3230/3400 loss=0.0001641
  derivmatch lr=0.01 iter=3400/3400 loss=0.0001401
  derivmatch lr=0.01 iter=3400/3400 loss=0.0001401
  derivmatch lr=0.003 iter=125/2500 loss=9.329e-5
  derivmatch lr=0.003 iter=250/2500 loss=6.681e-5
  derivmatch lr=0.003 iter=375/2500 loss=5.02e-5
  derivmatch lr=0.003 iter=500/2500 loss=3.838e-5
  derivmatch lr=0.003 iter=625/2500 loss=2.959e-5
  derivmatch lr=0.003 iter=750/2500 loss=3.314e-5
  derivmatch lr=0.003 iter=875/2500 loss=1.963e-5
  derivmatch lr=0.003 iter=1000/2500 loss=1.667e-5
  derivmatch lr=0.003 iter=1125/2500 loss=2.116e-5
  derivmatch lr=0.003 iter=1250/2500 loss=1.331e-5
  derivmatch lr=0.003 iter=1375/2500 loss=1.243e-5
  derivmatch lr=0.003 iter=1500/2500 loss=1.156e-5
  derivmatch lr=0.003 iter=1625/2500 loss=1.115e-5
  derivmatch lr=0.003 iter=1750/2500 loss=1.045e-5
  derivmatch lr=0.003 iter=1875/2500 loss=1.0e-5
  derivmatch lr=0.003 iter=2000/2500 loss=1.141e-5
  derivmatch lr=0.003 iter=2125/2500 loss=9.234e-6
  derivmatch lr=0.003 iter=2250/2500 loss=8.903e-6
  derivmatch lr=0.003 iter=2375/2500 loss=8.587e-6
  derivmatch lr=0.003 iter=2500/2500 loss=1.317e-5
  derivmatch lr=0.003 iter=2500/2500 loss=8.438e-6
  derivmatch lr=0.001 iter=125/2500 loss=8.298e-6
  derivmatch lr=0.001 iter=250/2500 loss=8.227e-6
  derivmatch lr=0.001 iter=375/2500 loss=8.14e-6
  derivmatch lr=0.001 iter=500/2500 loss=8.039e-6
  derivmatch lr=0.001 iter=625/2500 loss=7.924e-6
  derivmatch lr=0.001 iter=750/2500 loss=7.798e-6
  derivmatch lr=0.001 iter=875/2500 loss=7.662e-6
  derivmatch lr=0.001 iter=1000/2500 loss=7.515e-6
  derivmatch lr=0.001 iter=1125/2500 loss=7.361e-6
  derivmatch lr=0.001 iter=1250/2500 loss=7.198e-6
  derivmatch lr=0.001 iter=1375/2500 loss=7.042e-6
  derivmatch lr=0.001 iter=1500/2500 loss=6.882e-6
  derivmatch lr=0.001 iter=1625/2500 loss=6.721e-6
  derivmatch lr=0.001 iter=1750/2500 loss=6.556e-6
  derivmatch lr=0.001 iter=1875/2500 loss=6.501e-6
  derivmatch lr=0.001 iter=2000/2500 loss=6.234e-6
  derivmatch lr=0.001 iter=2125/2500 loss=6.787e-6
  derivmatch lr=0.001 iter=2250/2500 loss=5.943e-6
  derivmatch lr=0.001 iter=2375/2500 loss=5.993e-6
  derivmatch lr=0.001 iter=2500/2500 loss=5.675e-6
  derivmatch lr=0.001 iter=2500/2500 loss=5.675e-6
  derivmatch lr=0.0003 iter=80/1600 loss=5.656e-6
  derivmatch lr=0.0003 iter=160/1600 loss=5.639e-6
  derivmatch lr=0.0003 iter=240/1600 loss=5.616e-6
  derivmatch lr=0.0003 iter=320/1600 loss=5.59e-6
  derivmatch lr=0.0003 iter=400/1600 loss=5.561e-6
  derivmatch lr=0.0003 iter=480/1600 loss=5.528e-6
  derivmatch lr=0.0003 iter=560/1600 loss=5.492e-6
  derivmatch lr=0.0003 iter=640/1600 loss=5.453e-6
  derivmatch lr=0.0003 iter=720/1600 loss=5.412e-6
  derivmatch lr=0.0003 iter=800/1600 loss=5.368e-6
  derivmatch lr=0.0003 iter=880/1600 loss=5.322e-6
  derivmatch lr=0.0003 iter=960/1600 loss=5.274e-6
  derivmatch lr=0.0003 iter=1040/1600 loss=5.224e-6
  derivmatch lr=0.0003 iter=1120/1600 loss=5.172e-6
  derivmatch lr=0.0003 iter=1200/1600 loss=5.128e-6
  derivmatch lr=0.0003 iter=1280/1600 loss=5.066e-6
  derivmatch lr=0.0003 iter=1360/1600 loss=5.013e-6
  derivmatch lr=0.0003 iter=1440/1600 loss=4.958e-6
  derivmatch lr=0.0003 iter=1520/1600 loss=4.905e-6
  derivmatch lr=0.0003 iter=1600/1600 loss=4.852e-6
  derivmatch lr=0.0003 iter=1600/1600 loss=4.852e-6
derivative matching [32s]  fitloss=4.85e-6
  [derivative matching]  nrmse=0.02125  l2=1.039
  collocation: M=300 residuals=2394  detecting sparsity + solving...

Algorithm: LevenbergMarquardt(
    trustregion = LevenbergMarquardtTrustRegion(
        β_uphill = 0.0
    ),
    descent = GeodesicAcceleration(
        descent = DampedNewtonDescent(
            linsolve = KLUFactorization(
                reuse_symbolic = true,
                check_pattern = true
            ),
            initial_damping = 1.0,
            damping_fn = LevenbergMarquardtDampingFunction(
                increase_factor = 2.0,
                decrease_factor = 3.0,
                min_damping = 1.0e-8
            ),
            min_norm_mode = :auto
        ),
        finite_diff_step_geodesic = 0.1,
        α = 0.75
    ),
    autodiff = AutoForwardDiff(),
    vjp_autodiff = AutoFiniteDiff(
        fdtype = Val{:forward}(),
        fdjtype = Val{:forward}(),
        fdhtype = Val{:hcentral}(),
        dir = true
    ),
    jvp_autodiff = AutoForwardDiff(),
    concrete_jac = Val{true}()
)

----    	-------------       	-----------         
Iter    	f(u) 2-norm         	Step 2-norm         
----    	-------------       	-----------         
0       	2.54704196e+01      	NaN                 
1       	1.18167975e+01      	5.20058880e-02      
8       	1.00763005e-02      	4.18952637e-03      
15      	9.14010589e-04      	4.51844961e-03      
22      	5.48223449e-03      	1.80366719e-01      
29      	5.76865354e-01      	4.94479452e+00      
36      	2.38885103e-01      	0.00000000e+00      
43      	1.81387431e-02      	1.33651665e+00      
50      	1.29688186e-01      	2.82733877e+00      
57      	1.85696769e-03      	0.00000000e+00      
64      	7.75439057e-02      	0.00000000e+00      
71      	8.19057506e-03      	6.36261926e-01      
78      	2.64781588e-01      	0.00000000e+00      
85      	2.05465413e+00      	7.46748769e+00      
92      	1.30445691e-01      	0.00000000e+00      
99      	1.32902178e-02      	0.00000000e+00      
106     	2.83702591e-01      	1.48759372e+00      
113     	2.22367566e-01      	0.00000000e+00      
120     	3.02925053e-03      	7.38921113e-01      
127     	3.44118735e-03      	0.00000000e+00      
134     	2.37175091e-02      	0.00000000e+00      
141     	1.26708081e-04      	2.12719559e-01      
148     	8.51099769e-03      	4.42493425e-01      
Final   	8.67052458e-06      
----------------------      
  AMR 1/3: M=300  err=1.82e-12  obs=5.78e-8  nrmse=0.0269  best=0.0212  refined=31
  collocation: M=331 residuals=2580  detecting sparsity + solving...

Algorithm: LevenbergMarquardt(
    trustregion = LevenbergMarquardtTrustRegion(
        β_uphill = 0.0
    ),
    descent = GeodesicAcceleration(
        descent = DampedNewtonDescent(
            linsolve = KLUFactorization(
                reuse_symbolic = true,
                check_pattern = true
            ),
            initial_damping = 1.0,
            damping_fn = LevenbergMarquardtDampingFunction(
                increase_factor = 2.0,
                decrease_factor = 3.0,
                min_damping = 1.0e-8
            ),
            min_norm_mode = :auto
        ),
        finite_diff_step_geodesic = 0.1,
        α = 0.75
    ),
    autodiff = AutoForwardDiff(),
    vjp_autodiff = AutoFiniteDiff(
        fdtype = Val{:forward}(),
        fdjtype = Val{:forward}(),
        fdhtype = Val{:hcentral}(),
        dir = true
    ),
    jvp_autodiff = AutoForwardDiff(),
    concrete_jac = Val{true}()
)

----    	-------------       	-----------         
Iter    	f(u) 2-norm         	Step 2-norm         
----    	-------------       	-----------         
0       	2.48224604e+01      	NaN                 
1       	1.13659367e+01      	7.06087329e-02      
8       	6.57636769e-03      	2.01593461e-03      
15      	8.42860349e-04      	3.57832511e-03      
22      	3.42975281e-06      	1.72123795e-03      
29      	3.57990025e-04      	1.52341944e-01      
36      	3.28325929e-02      	0.00000000e+00      
43      	1.20114520e-02      	2.04518519e-01      
50      	4.47907305e-02      	5.67016302e-01      
57      	2.24672443e-03      	0.00000000e+00      
64      	4.21483349e-04      	1.11121864e-01      
71      	5.14560373e-04      	0.00000000e+00      
78      	1.59922418e-01      	0.00000000e+00      
85      	1.78231523e-03      	0.00000000e+00      
92      	2.29408467e-04      	2.43952611e-01      
99      	4.12035081e-03      	2.53824988e-01      
106     	2.54281358e-02      	0.00000000e+00      
113     	1.01742131e-02      	0.00000000e+00      
120     	1.80335396e-02      	0.00000000e+00      
127     	2.70192028e-01      	0.00000000e+00      
134     	1.89655575e-05      	5.71408891e-02      
141     	2.82704531e-01      	0.00000000e+00      
148     	2.52291978e-02      	0.00000000e+00      
Final   	3.33087211e-06      
----------------------      
  AMR 2/3: M=331  err=1.35e-13  obs=7.01e-8  nrmse=0.0266  best=0.0212  refined=49
  collocation: M=386 residuals=2910  detecting sparsity + solving...

Algorithm: LevenbergMarquardt(
    trustregion = LevenbergMarquardtTrustRegion(
        β_uphill = 0.0
    ),
    descent = GeodesicAcceleration(
        descent = DampedNewtonDescent(
            linsolve = KLUFactorization(
                reuse_symbolic = true,
                check_pattern = true
            ),
            initial_damping = 1.0,
            damping_fn = LevenbergMarquardtDampingFunction(
                increase_factor = 2.0,
                decrease_factor = 3.0,
                min_damping = 1.0e-8
            ),
            min_norm_mode = :auto
        ),
        finite_diff_step_geodesic = 0.1,
        α = 0.75
    ),
    autodiff = AutoForwardDiff(),
    vjp_autodiff = AutoFiniteDiff(
        fdtype = Val{:forward}(),
        fdjtype = Val{:forward}(),
        fdhtype = Val{:hcentral}(),
        dir = true
    ),
    jvp_autodiff = AutoForwardDiff(),
    concrete_jac = Val{true}()
)

----    	-------------       	-----------         
Iter    	f(u) 2-norm         	Step 2-norm         
----    	-------------       	-----------         
0       	2.31076710e+01      	NaN                 
1       	1.03982667e+01      	6.95808053e-02      
8       	2.16330354e-02      	3.24045993e-03      
15      	7.28176509e-04      	3.28000334e-03      
22      	3.09082046e-06      	2.03513723e-03      
29      	4.35699439e-04      	1.26716966e-01      
36      	9.69620331e-03      	0.00000000e+00      
43      	6.53072238e-02      	0.00000000e+00      
50      	9.19012085e-02      	0.00000000e+00      
57      	1.84463930e-01      	0.00000000e+00      
64      	1.92090331e-03      	0.00000000e+00      
71      	1.02759876e-03      	4.11090889e-01      
78      	2.50512564e-05      	0.00000000e+00      
85      	3.50045189e-01      	0.00000000e+00      
92      	6.20630223e-03      	0.00000000e+00      
99      	4.71205197e-02      	1.12874230e+00      
106     	1.44231424e-02      	7.37522053e-01      
113     	6.69341946e-02      	0.00000000e+00      
120     	2.32442172e-03      	2.29200992e-01      
127     	8.40656223e-03      	4.09512506e-01      
134     	1.68197060e-01      	5.42271823e-01      
141     	3.09001783e-02      	0.00000000e+00      
148     	6.24636019e-02      	0.00000000e+00      
Final   	3.03989678e-06      
----------------------      
  AMR 3/3: M=386  err=1.09e-13  obs=7.17e-8  nrmse=0.0267  best=0.0212  refined=0
 derivative matching was best (3/3 rounds ran)
collocation [168s]
  [final]  nrmse=0.02125  l2=1.039
extrapolation window: T=15.0 -> T_test=30.0  n_test=600
  [train]  E_traj=0.001355  E_VF=1.78e-6  E_spec=0.3268
  [test ]  E_traj=1.819e13  E_VF=655000.0  E_spec=0.4131
saved /orcd/home/002/txenakis/projects/BVPsolver/src/../data/runs/run_Y2NopuI4/davis-skodje_fit.png
saved /orcd/home/002/txenakis/projects/BVPsolver/src/../data/runs/run_Y2NopuI4/davis-skodje_fit_extrapolated.png
saved /orcd/home/002/txenakis/projects/BVPsolver/src/../data/runs/run_Y2NopuI4/davis-skodje_spectral_fit_extrapolated.png
saved /orcd/home/002/txenakis/projects/BVPsolver/src/../data/runs/run_Y2NopuI4/davis-skodje_vf_fit_extrapolated.png
┌ Warning: Attempting to store StiffNN.var"#22#23"{Float64}.
│ JLD2 only stores functions by name.
│  This may not be useful for anonymous functions.
└ @ JLD2 ~/.julia/packages/JLD2/ADycq/src/data/writing_datatypes.jl:447
saved run → /orcd/home/002/txenakis/projects/BVPsolver/src/../data/runs/run_Y2NopuI4
--------------------------------------
Done: Thu Sep 24 01:21:51 EDT 2026
