Task 1279/1800: --problem orego --model stiff --profile fast --seed 129 --pretraining derivmatch --training collocation
Logging to /home/txenakis/projects/BVPsolver/logs/run_main_23593274_1279.log
orego  model=stiff width=16 d=3 tlen=112 profile=fast seed=129  solver=Rodas5  N=486
  derivmatch lr=0.01 iter=170/3400 loss=0.09822
  derivmatch lr=0.01 iter=340/3400 loss=0.03398
  derivmatch lr=0.01 iter=510/3400 loss=0.01562
  derivmatch lr=0.01 iter=680/3400 loss=0.01057
  derivmatch lr=0.01 iter=850/3400 loss=0.008397
  derivmatch lr=0.01 iter=1020/3400 loss=0.006853
  derivmatch lr=0.01 iter=1190/3400 loss=0.005606
  derivmatch lr=0.01 iter=1360/3400 loss=0.004575
  derivmatch lr=0.01 iter=1530/3400 loss=0.003797
  derivmatch lr=0.01 iter=1700/3400 loss=0.005224
  derivmatch lr=0.01 iter=1870/3400 loss=0.005822
  derivmatch lr=0.01 iter=2040/3400 loss=0.004893
  derivmatch lr=0.01 iter=2210/3400 loss=0.004233
  derivmatch lr=0.01 iter=2380/3400 loss=0.003739
  derivmatch lr=0.01 iter=2550/3400 loss=0.003281
  derivmatch lr=0.01 iter=2720/3400 loss=0.001576
  derivmatch lr=0.01 iter=2890/3400 loss=0.001397
  derivmatch lr=0.01 iter=3060/3400 loss=0.001228
  derivmatch lr=0.01 iter=3230/3400 loss=0.001063
  derivmatch lr=0.01 iter=3400/3400 loss=0.0009058
  derivmatch lr=0.01 iter=3400/3400 loss=0.0009058
  derivmatch lr=0.003 iter=125/2500 loss=0.0007807
  derivmatch lr=0.003 iter=250/2500 loss=0.0006621
  derivmatch lr=0.003 iter=375/2500 loss=0.0005602
  derivmatch lr=0.003 iter=500/2500 loss=0.0004752
  derivmatch lr=0.003 iter=625/2500 loss=0.0004105
  derivmatch lr=0.003 iter=750/2500 loss=0.0003611
  derivmatch lr=0.003 iter=875/2500 loss=0.0003821
  derivmatch lr=0.003 iter=1000/2500 loss=0.0002976
  derivmatch lr=0.003 iter=1125/2500 loss=0.000261
  derivmatch lr=0.003 iter=1250/2500 loss=0.0002421
  derivmatch lr=0.003 iter=1375/2500 loss=0.0002441
  derivmatch lr=0.003 iter=1500/2500 loss=0.000196
  derivmatch lr=0.003 iter=1625/2500 loss=0.0002513
  derivmatch lr=0.003 iter=1750/2500 loss=0.0001768
  derivmatch lr=0.003 iter=1875/2500 loss=0.0001683
  derivmatch lr=0.003 iter=2000/2500 loss=0.0001567
  derivmatch lr=0.003 iter=2125/2500 loss=0.0001557
  derivmatch lr=0.003 iter=2250/2500 loss=0.0001405
  derivmatch lr=0.003 iter=2375/2500 loss=0.0001418
  derivmatch lr=0.003 iter=2500/2500 loss=0.0001662
  derivmatch lr=0.003 iter=2500/2500 loss=0.000133
  derivmatch lr=0.001 iter=125/2500 loss=0.0001307
  derivmatch lr=0.001 iter=250/2500 loss=0.0001295
  derivmatch lr=0.001 iter=375/2500 loss=0.000128
  derivmatch lr=0.001 iter=500/2500 loss=0.0001263
  derivmatch lr=0.001 iter=625/2500 loss=0.0001243
  derivmatch lr=0.001 iter=750/2500 loss=0.0001221
  derivmatch lr=0.001 iter=875/2500 loss=0.0001198
  derivmatch lr=0.001 iter=1000/2500 loss=0.0001174
  derivmatch lr=0.001 iter=1125/2500 loss=0.0001149
  derivmatch lr=0.001 iter=1250/2500 loss=0.0001123
  derivmatch lr=0.001 iter=1375/2500 loss=0.0001096
  derivmatch lr=0.001 iter=1500/2500 loss=0.0001069
  derivmatch lr=0.001 iter=1625/2500 loss=0.0001042
  derivmatch lr=0.001 iter=1750/2500 loss=0.0001046
  derivmatch lr=0.001 iter=1875/2500 loss=9.867e-5
  derivmatch lr=0.001 iter=2000/2500 loss=9.6e-5
  derivmatch lr=0.001 iter=2125/2500 loss=9.341e-5
  derivmatch lr=0.001 iter=2250/2500 loss=9.129e-5
  derivmatch lr=0.001 iter=2375/2500 loss=9.058e-5
  derivmatch lr=0.001 iter=2500/2500 loss=8.718e-5
  derivmatch lr=0.001 iter=2500/2500 loss=8.651e-5
  derivmatch lr=0.0003 iter=80/1600 loss=8.617e-5
  derivmatch lr=0.0003 iter=160/1600 loss=8.584e-5
  derivmatch lr=0.0003 iter=240/1600 loss=8.546e-5
  derivmatch lr=0.0003 iter=320/1600 loss=8.501e-5
  derivmatch lr=0.0003 iter=400/1600 loss=8.45e-5
  derivmatch lr=0.0003 iter=480/1600 loss=8.394e-5
  derivmatch lr=0.0003 iter=560/1600 loss=8.332e-5
  derivmatch lr=0.0003 iter=640/1600 loss=8.267e-5
  derivmatch lr=0.0003 iter=720/1600 loss=8.197e-5
  derivmatch lr=0.0003 iter=800/1600 loss=8.124e-5
  derivmatch lr=0.0003 iter=880/1600 loss=8.047e-5
  derivmatch lr=0.0003 iter=960/1600 loss=7.967e-5
  derivmatch lr=0.0003 iter=1040/1600 loss=7.884e-5
  derivmatch lr=0.0003 iter=1120/1600 loss=7.799e-5
  derivmatch lr=0.0003 iter=1200/1600 loss=7.711e-5
  derivmatch lr=0.0003 iter=1280/1600 loss=7.621e-5
  derivmatch lr=0.0003 iter=1360/1600 loss=7.529e-5
  derivmatch lr=0.0003 iter=1440/1600 loss=7.435e-5
  derivmatch lr=0.0003 iter=1520/1600 loss=7.35e-5
  derivmatch lr=0.0003 iter=1600/1600 loss=7.265e-5
  derivmatch lr=0.0003 iter=1600/1600 loss=7.265e-5
derivative matching [29s]  fitloss=7.27e-5
  [derivative matching]  nrmse=0.835  l2=947400.0
  collocation: M=127 residuals=1470  detecting sparsity + solving...

Algorithm: LevenbergMarquardt(
    trustregion = LevenbergMarquardtTrustRegion(
        β_uphill = 0.0
    ),
    descent = GeodesicAcceleration(
        descent = DampedNewtonDescent(
            linsolve = KLUFactorization(
                reuse_symbolic = true,
                check_pattern = true
            ),
            initial_damping = 1.0,
            damping_fn = LevenbergMarquardtDampingFunction(
                increase_factor = 2.0,
                decrease_factor = 3.0,
                min_damping = 1.0e-8
            ),
            min_norm_mode = :auto
        ),
        finite_diff_step_geodesic = 0.1,
        α = 0.75
    ),
    autodiff = AutoForwardDiff(),
    vjp_autodiff = AutoFiniteDiff(
        fdtype = Val{:forward}(),
        fdjtype = Val{:forward}(),
        fdhtype = Val{:hcentral}(),
        dir = true
    ),
    jvp_autodiff = AutoForwardDiff(),
    concrete_jac = Val{true}()
)

----    	-------------       	-----------         
Iter    	f(u) 2-norm         	Step 2-norm         
----    	-------------       	-----------         
0       	1.30546828e+02      	NaN                 
1       	1.24250630e+02      	6.03585561e-03      
8       	8.00830191e+01      	3.24202626e-02      
15      	1.11413643e+01      	1.61347558e-01      
22      	3.41845688e+00      	5.08678929e-01      
29      	2.86239500e+00      	0.00000000e+00      
36      	7.99650232e-01      	1.50961766e-01      
43      	7.15398986e-01      	1.57593882e-01      
50      	7.72613534e-01      	2.05710812e-01      
57      	6.35863214e-01      	5.37785170e-01      
64      	1.56665621e+01      	0.00000000e+00      
71      	2.20611052e+00      	0.00000000e+00      
78      	4.04447254e-01      	3.86460363e-01      
85      	6.16177719e+00      	9.33961248e-01      
92      	3.78606780e+00      	7.48490990e-01      
99      	3.55473046e+00      	8.99764338e-01      
106     	1.92116596e+00      	0.00000000e+00      
113     	2.26210096e-01      	4.04169545e-01      
120     	7.78110447e-01      	0.00000000e+00      
127     	7.95842746e-01      	0.00000000e+00      
134     	9.26697121e-02      	1.60390283e-01      
141     	8.45242168e-01      	0.00000000e+00      
148     	1.00666293e-01      	0.00000000e+00      
Final   	7.61132802e-02      
----------------------      
  AMR 1/1: M=127  err=0.00208  obs=1.86e-9  nrmse=0.00554  best=0.00554  refined=0
collocation [64s]
  [final]  nrmse=0.005538  l2=11860.0
extrapolation window: T=180.0 -> T_test=360.0  n_test=224
  [train]  E_traj=0.0002391  E_VF=7.866e-5  E_spec=1.721
  [test ]  E_traj=1.285  E_VF=0.0001229  E_spec=0.843
saved /orcd/home/002/txenakis/projects/BVPsolver/src/../data/runs/run_wwJbZTUR/orego_fit.png
saved /orcd/home/002/txenakis/projects/BVPsolver/src/../data/runs/run_wwJbZTUR/orego_fit_extrapolated.png
saved /orcd/home/002/txenakis/projects/BVPsolver/src/../data/runs/run_wwJbZTUR/orego_spectral_fit_extrapolated.png
saved /orcd/home/002/txenakis/projects/BVPsolver/src/../data/runs/run_wwJbZTUR/orego_vf_fit_extrapolated.png
┌ Warning: Attempting to store StiffNN.var"#20#21"{Float64, Float64, Float64}.
│ JLD2 only stores functions by name.
│  This may not be useful for anonymous functions.
└ @ JLD2 ~/.julia/packages/JLD2/ADycq/src/data/writing_datatypes.jl:447
saved run → /orcd/home/002/txenakis/projects/BVPsolver/src/../data/runs/run_wwJbZTUR
--------------------------------------
Done: Wed Sep 23 20:42:56 EDT 2026
