Task 106/750: --problem rober --model stiff --profile fast --seed 206 --pretraining derivmatch --training collocation
Logging to /home/txenakis/projects/BVPsolver/logs/run_main_23648109_106.log
rober  model=stiff width=12 d=3 tlen=50 profile=fast seed=206  solver=Rodas5  N=318
  derivmatch lr=0.01 iter=170/3400 loss=0.597
  derivmatch lr=0.01 iter=340/3400 loss=0.08687
  derivmatch lr=0.01 iter=510/3400 loss=0.04714
  derivmatch lr=0.01 iter=680/3400 loss=0.03985
  derivmatch lr=0.01 iter=850/3400 loss=0.02925
  derivmatch lr=0.01 iter=1020/3400 loss=0.02254
  derivmatch lr=0.01 iter=1190/3400 loss=0.01776
  derivmatch lr=0.01 iter=1360/3400 loss=0.01285
  derivmatch lr=0.01 iter=1530/3400 loss=0.01114
  derivmatch lr=0.01 iter=1700/3400 loss=0.008598
  derivmatch lr=0.01 iter=1870/3400 loss=0.007658
  derivmatch lr=0.01 iter=2040/3400 loss=0.005768
  derivmatch lr=0.01 iter=2210/3400 loss=0.004774
  derivmatch lr=0.01 iter=2380/3400 loss=0.00399
  derivmatch lr=0.01 iter=2550/3400 loss=0.003373
  derivmatch lr=0.01 iter=2720/3400 loss=0.00288
  derivmatch lr=0.01 iter=2890/3400 loss=0.002476
  derivmatch lr=0.01 iter=3060/3400 loss=0.002139
  derivmatch lr=0.01 iter=3230/3400 loss=0.001866
  derivmatch lr=0.01 iter=3400/3400 loss=0.001608
  derivmatch lr=0.01 iter=3400/3400 loss=0.001608
  derivmatch lr=0.003 iter=125/2500 loss=0.001505
  derivmatch lr=0.003 iter=250/2500 loss=0.001387
  derivmatch lr=0.003 iter=375/2500 loss=0.001273
  derivmatch lr=0.003 iter=500/2500 loss=0.001163
  derivmatch lr=0.003 iter=625/2500 loss=0.00106
  derivmatch lr=0.003 iter=750/2500 loss=0.0009649
  derivmatch lr=0.003 iter=875/2500 loss=0.0008784
  derivmatch lr=0.003 iter=1000/2500 loss=0.0007993
  derivmatch lr=0.003 iter=1125/2500 loss=0.0007267
  derivmatch lr=0.003 iter=1250/2500 loss=0.0006598
  derivmatch lr=0.003 iter=1375/2500 loss=0.0005983
  derivmatch lr=0.003 iter=1500/2500 loss=0.0005418
  derivmatch lr=0.003 iter=1625/2500 loss=0.0004904
  derivmatch lr=0.003 iter=1750/2500 loss=0.000444
  derivmatch lr=0.003 iter=1875/2500 loss=0.0004023
  derivmatch lr=0.003 iter=2000/2500 loss=0.0003652
  derivmatch lr=0.003 iter=2125/2500 loss=0.0003337
  derivmatch lr=0.003 iter=2250/2500 loss=0.0003059
  derivmatch lr=0.003 iter=2375/2500 loss=0.0002819
  derivmatch lr=0.003 iter=2500/2500 loss=0.0002615
  derivmatch lr=0.003 iter=2500/2500 loss=0.0002615
  derivmatch lr=0.001 iter=125/2500 loss=0.0002541
  derivmatch lr=0.001 iter=250/2500 loss=0.0002474
  derivmatch lr=0.001 iter=375/2500 loss=0.0002393
  derivmatch lr=0.001 iter=500/2500 loss=0.0002304
  derivmatch lr=0.001 iter=625/2500 loss=0.0002209
  derivmatch lr=0.001 iter=750/2500 loss=0.0002112
  derivmatch lr=0.001 iter=875/2500 loss=0.0002014
  derivmatch lr=0.001 iter=1000/2500 loss=0.0001916
  derivmatch lr=0.001 iter=1125/2500 loss=0.0001819
  derivmatch lr=0.001 iter=1250/2500 loss=0.0001737
  derivmatch lr=0.001 iter=1375/2500 loss=0.0001664
  derivmatch lr=0.001 iter=1500/2500 loss=0.0001592
  derivmatch lr=0.001 iter=1625/2500 loss=0.0001522
  derivmatch lr=0.001 iter=1750/2500 loss=0.0001479
  derivmatch lr=0.001 iter=1875/2500 loss=0.00014
  derivmatch lr=0.001 iter=2000/2500 loss=0.0001346
  derivmatch lr=0.001 iter=2125/2500 loss=0.0001292
  derivmatch lr=0.001 iter=2250/2500 loss=0.0001516
  derivmatch lr=0.001 iter=2375/2500 loss=0.0001199
  derivmatch lr=0.001 iter=2500/2500 loss=0.0001157
  derivmatch lr=0.001 iter=2500/2500 loss=0.0001157
  derivmatch lr=0.0003 iter=80/1600 loss=0.0001149
  derivmatch lr=0.0003 iter=160/1600 loss=0.0001142
  derivmatch lr=0.0003 iter=240/1600 loss=0.0001133
  derivmatch lr=0.0003 iter=320/1600 loss=0.0001123
  derivmatch lr=0.0003 iter=400/1600 loss=0.0001111
  derivmatch lr=0.0003 iter=480/1600 loss=0.0001099
  derivmatch lr=0.0003 iter=560/1600 loss=0.0001086
  derivmatch lr=0.0003 iter=640/1600 loss=0.0001072
  derivmatch lr=0.0003 iter=720/1600 loss=0.0001057
  derivmatch lr=0.0003 iter=800/1600 loss=0.0001042
  derivmatch lr=0.0003 iter=880/1600 loss=0.0001026
  derivmatch lr=0.0003 iter=960/1600 loss=0.000101
  derivmatch lr=0.0003 iter=1040/1600 loss=9.932e-5
  derivmatch lr=0.0003 iter=1120/1600 loss=9.762e-5
  derivmatch lr=0.0003 iter=1200/1600 loss=9.589e-5
  derivmatch lr=0.0003 iter=1280/1600 loss=9.445e-5
  derivmatch lr=0.0003 iter=1360/1600 loss=9.31e-5
  derivmatch lr=0.0003 iter=1440/1600 loss=9.176e-5
  derivmatch lr=0.0003 iter=1520/1600 loss=9.04e-5
  derivmatch lr=0.0003 iter=1600/1600 loss=8.903e-5
  derivmatch lr=0.0003 iter=1600/1600 loss=8.903e-5
derivative matching [29s]  fitloss=8.9e-5
  [derivative matching]  nrmse=0.004741  l2=0.02648
  collocation: M=54 residuals=627  detecting sparsity + solving...

Algorithm: LevenbergMarquardt(
    trustregion = LevenbergMarquardtTrustRegion(
        β_uphill = 0.0
    ),
    descent = GeodesicAcceleration(
        descent = DampedNewtonDescent(
            linsolve = KLUFactorization(
                reuse_symbolic = true,
                check_pattern = true
            ),
            initial_damping = 1.0,
            damping_fn = LevenbergMarquardtDampingFunction(
                increase_factor = 2.0,
                decrease_factor = 3.0,
                min_damping = 1.0e-8
            ),
            min_norm_mode = :auto
        ),
        finite_diff_step_geodesic = 0.1,
        α = 0.75
    ),
    autodiff = AutoForwardDiff(),
    vjp_autodiff = AutoFiniteDiff(
        fdtype = Val{:forward}(),
        fdjtype = Val{:forward}(),
        fdhtype = Val{:hcentral}(),
        dir = true
    ),
    jvp_autodiff = AutoForwardDiff(),
    concrete_jac = Val{true}()
)

----    	-------------       	-----------         
Iter    	f(u) 2-norm         	Step 2-norm         
----    	-------------       	-----------         
0       	4.66590556e+03      	NaN                 
1       	5.24177950e+03      	2.25285127e-02      
8       	1.63551721e+03      	3.58829588e-02      
15      	7.43409855e+01      	1.62039798e-01      
22      	1.50741105e+02      	4.53608693e-01      
29      	1.38429019e+02      	5.73695651e-01      
36      	1.15786710e+02      	5.13026105e-01      
43      	6.91548565e+02      	0.00000000e+00      
50      	8.28368931e+01      	0.00000000e+00      
57      	7.02402428e+00      	0.00000000e+00      
64      	1.32858009e+03      	0.00000000e+00      
71      	3.52329206e+01      	0.00000000e+00      
78      	1.19115865e-01      	0.00000000e+00      
85      	1.98263644e+01      	0.00000000e+00      
92      	4.03578651e+01      	0.00000000e+00      
99      	1.01161305e+00      	0.00000000e+00      
106     	7.87609974e+02      	0.00000000e+00      
113     	4.58720405e+00      	8.74323188e-02      
120     	1.12554296e+02      	0.00000000e+00      
127     	4.52183281e+01      	0.00000000e+00      
134     	3.17350654e+00      	0.00000000e+00      
141     	3.05716093e+00      	0.00000000e+00      
148     	4.23541278e+00      	0.00000000e+00      
Final   	7.32965789e-02      
----------------------      
  AMR 1/1: M=54  err=0.0033  obs=1.57e-10  nrmse=7.35e-5  best=7.35e-5  refined=0
collocation [17s]
  [final]  nrmse=7.347e-5  l2=0.0002309
extrapolation window: T=1000.0 -> T_test=1.0e12  n_test=100
  [train]  E_traj=1.618e-8  E_VF=5.968e-6  E_spec=1.185e27
  [test ]  E_traj=0.6194  E_VF=4.644e7  E_spec=8.588e22
saved /orcd/home/002/txenakis/projects/BVPsolver/src/../data/runs/run_o9thfC3y/rober_fit.png
saved /orcd/home/002/txenakis/projects/BVPsolver/src/../data/runs/run_o9thfC3y/rober_fit_extrapolated.png
saved /orcd/home/002/txenakis/projects/BVPsolver/src/../data/runs/run_o9thfC3y/rober_spectral_fit_extrapolated.png
saved /orcd/home/002/txenakis/projects/BVPsolver/src/../data/runs/run_o9thfC3y/rober_vf_fit_extrapolated.png
┌ Warning: Attempting to store StiffNN.var"#12#13"{Float64, Float64, Float64}.
│ JLD2 only stores functions by name.
│  This may not be useful for anonymous functions.
└ @ JLD2 ~/.julia/packages/JLD2/ADycq/src/data/writing_datatypes.jl:447
saved run → /orcd/home/002/txenakis/projects/BVPsolver/src/../data/runs/run_o9thfC3y
--------------------------------------
Done: Thu Sep 24 10:41:14 EDT 2026
