Task 388/600: --problem davis-skodje --param 1e-4 --model GELU-scaled --profile fast --seed 338 --pretraining derivmatch --training shooting
Logging to /home/txenakis/projects/BVPsolver/logs/run_main_23642156_388.log
davis-skodje  model=GELU-scaled width=7 d=2 tlen=300 profile=fast seed=338  solver=Rodas5P  N=317
  derivmatch lr=0.01 iter=170/3400 loss=1.906
  derivmatch lr=0.01 iter=340/3400 loss=1.772
  derivmatch lr=0.01 iter=510/3400 loss=1.445
  derivmatch lr=0.01 iter=680/3400 loss=0.7306
  derivmatch lr=0.01 iter=850/3400 loss=0.6509
  derivmatch lr=0.01 iter=1020/3400 loss=0.3182
  derivmatch lr=0.01 iter=1190/3400 loss=0.3965
  derivmatch lr=0.01 iter=1360/3400 loss=0.2817
  derivmatch lr=0.01 iter=1530/3400 loss=0.04693
  derivmatch lr=0.01 iter=1700/3400 loss=0.3922
  derivmatch lr=0.01 iter=1870/3400 loss=0.109
  derivmatch lr=0.01 iter=2040/3400 loss=0.05385
  derivmatch lr=0.01 iter=2210/3400 loss=1.392
  derivmatch lr=0.01 iter=2380/3400 loss=0.8502
  derivmatch lr=0.01 iter=2550/3400 loss=0.4279
  derivmatch lr=0.01 iter=2720/3400 loss=0.223
  derivmatch lr=0.01 iter=2890/3400 loss=0.1273
  derivmatch lr=0.01 iter=3060/3400 loss=0.2206
  derivmatch lr=0.01 iter=3230/3400 loss=0.3761
  derivmatch lr=0.01 iter=3400/3400 loss=0.4453
  derivmatch lr=0.01 iter=3400/3400 loss=0.02787
  derivmatch lr=0.003 iter=125/2500 loss=0.03705
  derivmatch lr=0.003 iter=250/2500 loss=0.009897
  derivmatch lr=0.003 iter=375/2500 loss=0.007944
  derivmatch lr=0.003 iter=500/2500 loss=0.02486
  derivmatch lr=0.003 iter=625/2500 loss=0.03989
  derivmatch lr=0.003 iter=750/2500 loss=0.01412
  derivmatch lr=0.003 iter=875/2500 loss=0.004589
  derivmatch lr=0.003 iter=1000/2500 loss=0.005825
  derivmatch lr=0.003 iter=1125/2500 loss=0.003572
  derivmatch lr=0.003 iter=1250/2500 loss=0.002911
  derivmatch lr=0.003 iter=1375/2500 loss=0.003398
  derivmatch lr=0.003 iter=1500/2500 loss=0.1564
  derivmatch lr=0.003 iter=1625/2500 loss=0.01944
  derivmatch lr=0.003 iter=1750/2500 loss=0.1116
  derivmatch lr=0.003 iter=1875/2500 loss=0.003245
  derivmatch lr=0.003 iter=2000/2500 loss=0.002564
  derivmatch lr=0.003 iter=2125/2500 loss=0.002284
  derivmatch lr=0.003 iter=2250/2500 loss=0.002074
  derivmatch lr=0.003 iter=2375/2500 loss=0.00189
  derivmatch lr=0.003 iter=2500/2500 loss=0.1067
  derivmatch lr=0.003 iter=2500/2500 loss=0.001841
  derivmatch lr=0.001 iter=125/2500 loss=0.001817
  derivmatch lr=0.001 iter=250/2500 loss=0.001724
  derivmatch lr=0.001 iter=375/2500 loss=0.001644
  derivmatch lr=0.001 iter=500/2500 loss=0.001561
  derivmatch lr=0.001 iter=625/2500 loss=0.001477
  derivmatch lr=0.001 iter=750/2500 loss=0.001396
  derivmatch lr=0.001 iter=875/2500 loss=0.001318
  derivmatch lr=0.001 iter=1000/2500 loss=0.001244
  derivmatch lr=0.001 iter=1125/2500 loss=0.001176
  derivmatch lr=0.001 iter=1250/2500 loss=0.001227
  derivmatch lr=0.001 iter=1375/2500 loss=0.02645
  derivmatch lr=0.001 iter=1500/2500 loss=0.001165
  derivmatch lr=0.001 iter=1625/2500 loss=0.001077
  derivmatch lr=0.001 iter=1750/2500 loss=0.001029
  derivmatch lr=0.001 iter=1875/2500 loss=0.0009937
  derivmatch lr=0.001 iter=2000/2500 loss=0.0009622
  derivmatch lr=0.001 iter=2125/2500 loss=0.0009322
  derivmatch lr=0.001 iter=2250/2500 loss=0.0009027
  derivmatch lr=0.001 iter=2375/2500 loss=0.001048
  derivmatch lr=0.001 iter=2500/2500 loss=0.0008566
  derivmatch lr=0.001 iter=2500/2500 loss=0.0008494
  derivmatch lr=0.0003 iter=80/1600 loss=0.0008498
  derivmatch lr=0.0003 iter=160/1600 loss=0.0008426
  derivmatch lr=0.0003 iter=240/1600 loss=0.0008378
  derivmatch lr=0.0003 iter=320/1600 loss=0.0008325
  derivmatch lr=0.0003 iter=400/1600 loss=0.0008266
  derivmatch lr=0.0003 iter=480/1600 loss=0.00082
  derivmatch lr=0.0003 iter=560/1600 loss=0.0008129
  derivmatch lr=0.0003 iter=640/1600 loss=0.0008053
  derivmatch lr=0.0003 iter=720/1600 loss=0.0007973
  derivmatch lr=0.0003 iter=800/1600 loss=0.000789
  derivmatch lr=0.0003 iter=880/1600 loss=0.0007804
  derivmatch lr=0.0003 iter=960/1600 loss=0.0007716
  derivmatch lr=0.0003 iter=1040/1600 loss=0.0007626
  derivmatch lr=0.0003 iter=1120/1600 loss=0.0007537
  derivmatch lr=0.0003 iter=1200/1600 loss=0.0007448
  derivmatch lr=0.0003 iter=1280/1600 loss=0.0007361
  derivmatch lr=0.0003 iter=1360/1600 loss=0.0007275
  derivmatch lr=0.0003 iter=1440/1600 loss=0.0007192
  derivmatch lr=0.0003 iter=1520/1600 loss=0.0007113
  derivmatch lr=0.0003 iter=1600/1600 loss=0.0007036
  derivmatch lr=0.0003 iter=1600/1600 loss=0.0007036
derivative matching [28s]  fitloss=0.000704
  [derivative matching]  nrmse=0.09566  l2=2.387
  shooting iter=50/1000 loss=0.01798
  shooting iter=100/1000 loss=0.01905
  shooting iter=150/1000 loss=0.01906
  shooting iter=200/1000 loss=0.01906
  shooting iter=250/1000 loss=0.01906
  shooting iter=300/1000 loss=0.01906
  shooting iter=350/1000 loss=0.01906
  shooting iter=400/1000 loss=0.01906
  shooting iter=450/1000 loss=0.01906
  shooting iter=500/1000 loss=0.01906
  shooting iter=550/1000 loss=0.01906
  shooting iter=600/1000 loss=0.01906
  shooting iter=650/1000 loss=0.01906
  shooting iter=700/1000 loss=0.01906
  shooting iter=750/1000 loss=0.01906
  shooting iter=800/1000 loss=0.01906
  shooting iter=850/1000 loss=0.01906
  shooting iter=900/1000 loss=0.01906
  shooting iter=950/1000 loss=0.01906
  shooting iter=1000/1000 loss=0.01906
  shooting iter=1000/1000 loss=0.006109
shooting [1109s]  loss=0.00611
  [final]  nrmse=0.009582  l2=0.3372
extrapolation window: T=15.0 -> T_test=30.0  n_test=600
  [train]  E_traj=0.0006592  E_VF=3.676  E_spec=0.5006
  [test ]  E_traj=4.007e11  E_VF=1.073e16  E_spec=0.8126
saved /orcd/home/002/txenakis/projects/BVPsolver/src/../data/runs/run_zPwfxLfh/davis-skodje_fit.png
saved /orcd/home/002/txenakis/projects/BVPsolver/src/../data/runs/run_zPwfxLfh/davis-skodje_fit_extrapolated.png
saved /orcd/home/002/txenakis/projects/BVPsolver/src/../data/runs/run_zPwfxLfh/davis-skodje_spectral_fit_extrapolated.png
saved /orcd/home/002/txenakis/projects/BVPsolver/src/../data/runs/run_zPwfxLfh/davis-skodje_vf_fit_extrapolated.png
┌ Warning: Attempting to store StiffNN.var"#22#23"{Float64}.
│ JLD2 only stores functions by name.
│  This may not be useful for anonymous functions.
└ @ JLD2 ~/.julia/packages/JLD2/ADycq/src/data/writing_datatypes.jl:447
saved run → /orcd/home/002/txenakis/projects/BVPsolver/src/../data/runs/run_zPwfxLfh
--------------------------------------
Done: Thu Sep 24 09:00:31 EDT 2026
