Task 19/416: --problem pollu --model mlp --profile fast --seed 15 --pretraining derivmatch --training none
Logging to /home/txenakis/projects/BVPsolver/logs/run_main_21347893_19.log
┌ Warning: Verbosity toggle: dt_epsilon 
│  Initial timestep too small (near machine epsilon), using default: dt = 1.0e-6
└ @ OrdinaryDiffEqCore ~/.julia/packages/OrdinaryDiffEqCore/NVUZl/src/initdt.jl:222
pollu  model=mlp width=40 d=20 tlen=50 profile=fast seed=15  solver=Rodas5  N=4940
  derivmatch lr=0.01 iter=510/10200 loss=295.4
  derivmatch lr=0.01 iter=1020/10200 loss=303.4
  derivmatch lr=0.01 iter=1530/10200 loss=284.8
  derivmatch lr=0.01 iter=2040/10200 loss=307.6
  derivmatch lr=0.01 iter=2550/10200 loss=310.4
  derivmatch lr=0.01 iter=3060/10200 loss=342.1
  derivmatch lr=0.01 iter=3570/10200 loss=336.2
  derivmatch lr=0.01 iter=4080/10200 loss=327.7
  derivmatch lr=0.01 iter=4590/10200 loss=365.7
  derivmatch lr=0.01 iter=5100/10200 loss=353.6
  derivmatch lr=0.01 iter=5610/10200 loss=342.5
  derivmatch lr=0.01 iter=6120/10200 loss=327.0
  derivmatch lr=0.01 iter=6630/10200 loss=308.8
  derivmatch lr=0.01 iter=7140/10200 loss=301.7
  derivmatch lr=0.01 iter=7650/10200 loss=310.1
  derivmatch lr=0.01 iter=8160/10200 loss=311.6
  derivmatch lr=0.01 iter=8670/10200 loss=314.4
  derivmatch lr=0.01 iter=9180/10200 loss=302.0
  derivmatch lr=0.01 iter=9690/10200 loss=304.5
  derivmatch lr=0.01 iter=10200/10200 loss=319.1
  derivmatch lr=0.01 iter=10200/10200 loss=225.3
  derivmatch lr=0.003 iter=375/7500 loss=261.1
  derivmatch lr=0.003 iter=750/7500 loss=234.4
  derivmatch lr=0.003 iter=1125/7500 loss=234.1
  derivmatch lr=0.003 iter=1500/7500 loss=261.0
  derivmatch lr=0.003 iter=1875/7500 loss=277.8
  derivmatch lr=0.003 iter=2250/7500 loss=272.0
  derivmatch lr=0.003 iter=2625/7500 loss=320.9
  derivmatch lr=0.003 iter=3000/7500 loss=299.3
  derivmatch lr=0.003 iter=3375/7500 loss=271.4
  derivmatch lr=0.003 iter=3750/7500 loss=243.4
  derivmatch lr=0.003 iter=4125/7500 loss=258.8
  derivmatch lr=0.003 iter=4500/7500 loss=249.2
  derivmatch lr=0.003 iter=4875/7500 loss=261.2
  derivmatch lr=0.003 iter=5250/7500 loss=255.2
  derivmatch lr=0.003 iter=5625/7500 loss=261.3
  derivmatch lr=0.003 iter=6000/7500 loss=261.5
  derivmatch lr=0.003 iter=6375/7500 loss=261.6
  derivmatch lr=0.003 iter=6750/7500 loss=256.1
  derivmatch lr=0.003 iter=7125/7500 loss=264.5
  derivmatch lr=0.003 iter=7500/7500 loss=243.2
  derivmatch lr=0.003 iter=7500/7500 loss=193.6
  derivmatch lr=0.001 iter=375/7500 loss=208.7
  derivmatch lr=0.001 iter=750/7500 loss=212.7
  derivmatch lr=0.001 iter=1125/7500 loss=224.4
  derivmatch lr=0.001 iter=1500/7500 loss=214.3
  derivmatch lr=0.001 iter=1875/7500 loss=243.3
  derivmatch lr=0.001 iter=2250/7500 loss=213.4
  derivmatch lr=0.001 iter=2625/7500 loss=200.6
  derivmatch lr=0.001 iter=3000/7500 loss=223.2
  derivmatch lr=0.001 iter=3375/7500 loss=224.3
  derivmatch lr=0.001 iter=3750/7500 loss=263.3
  derivmatch lr=0.001 iter=4125/7500 loss=228.5
  derivmatch lr=0.001 iter=4500/7500 loss=214.9
  derivmatch lr=0.001 iter=4875/7500 loss=262.5
  derivmatch lr=0.001 iter=5250/7500 loss=228.3
  derivmatch lr=0.001 iter=5625/7500 loss=227.9
  derivmatch lr=0.001 iter=6000/7500 loss=239.2
  derivmatch lr=0.001 iter=6375/7500 loss=221.4
  derivmatch lr=0.001 iter=6750/7500 loss=243.4
  derivmatch lr=0.001 iter=7125/7500 loss=244.1
  derivmatch lr=0.001 iter=7500/7500 loss=237.7
  derivmatch lr=0.001 iter=7500/7500 loss=173.4
  derivmatch lr=0.0003 iter=240/4800 loss=182.5
  derivmatch lr=0.0003 iter=480/4800 loss=191.7
  derivmatch lr=0.0003 iter=720/4800 loss=188.0
  derivmatch lr=0.0003 iter=960/4800 loss=197.6
  derivmatch lr=0.0003 iter=1200/4800 loss=221.4
  derivmatch lr=0.0003 iter=1440/4800 loss=216.4
  derivmatch lr=0.0003 iter=1680/4800 loss=208.9
  derivmatch lr=0.0003 iter=1920/4800 loss=211.5
  derivmatch lr=0.0003 iter=2160/4800 loss=221.2
  derivmatch lr=0.0003 iter=2400/4800 loss=192.2
  derivmatch lr=0.0003 iter=2640/4800 loss=195.3
  derivmatch lr=0.0003 iter=2880/4800 loss=180.7
  derivmatch lr=0.0003 iter=3120/4800 loss=204.1
  derivmatch lr=0.0003 iter=3360/4800 loss=200.5
  derivmatch lr=0.0003 iter=3600/4800 loss=189.9
  derivmatch lr=0.0003 iter=3840/4800 loss=204.0
  derivmatch lr=0.0003 iter=4080/4800 loss=181.8
  derivmatch lr=0.0003 iter=4320/4800 loss=181.3
  derivmatch lr=0.0003 iter=4560/4800 loss=198.9
  derivmatch lr=0.0003 iter=4800/4800 loss=197.9
  derivmatch lr=0.0003 iter=4800/4800 loss=151.0
derivative matching [37s]  fitloss=151.0
  [derivative matching]  nrmse=2.606e17  l2=253.2
┌ Warning: Verbosity toggle: dt_epsilon 
│  Initial timestep too small (near machine epsilon), using default: dt = 1.0e-6
└ @ OrdinaryDiffEqCore ~/.julia/packages/OrdinaryDiffEqCore/NVUZl/src/initdt.jl:222
extrapolation window: T=60.0 -> T_test=120.0  n_test=100
  [train]  E_traj=1.248e35  E_VF=2.176e8  E_spec=Inf
  [test ]  E_traj=2.183e38  E_VF=3.0240000000000003e36  E_spec=Inf
saved /orcd/home/002/txenakis/projects/BVPsolver/src/../data/runs/run_lQfoGBAd/pollu_fit.png
saved /orcd/home/002/txenakis/projects/BVPsolver/src/../data/runs/run_lQfoGBAd/pollu_fit_extrapolated.png
saved /orcd/home/002/txenakis/projects/BVPsolver/src/../data/runs/run_lQfoGBAd/pollu_spectral_fit_extrapolated.png
saved /orcd/home/002/txenakis/projects/BVPsolver/src/../data/runs/run_lQfoGBAd/pollu_vf_fit_extrapolated.png
┌ Warning: Attempting to store StiffNN.var"#16#17"{Vector{Float64}}.
│ JLD2 only stores functions by name.
│  This may not be useful for anonymous functions.
└ @ JLD2 ~/.julia/packages/JLD2/ADycq/src/data/writing_datatypes.jl:447
saved run → /orcd/home/002/txenakis/projects/BVPsolver/src/../data/runs/run_lQfoGBAd
--------------------------------------
Done: Wed Aug 26 20:28:49 EDT 2026
