Task 299/416: --problem orego --model mlp --profile fast --seed 12 --pretraining derivmatch --training shooting
Logging to /home/txenakis/projects/BVPsolver/logs/run_main_21347893_299.log
orego  model=mlp width=19 d=3 tlen=112 profile=fast seed=12  solver=Rodas5  N=516
  derivmatch lr=0.01 iter=170/3400 loss=10.18
  derivmatch lr=0.01 iter=340/3400 loss=8.81
  derivmatch lr=0.01 iter=510/3400 loss=8.095
  derivmatch lr=0.01 iter=680/3400 loss=7.624
  derivmatch lr=0.01 iter=850/3400 loss=7.291
  derivmatch lr=0.01 iter=1020/3400 loss=7.014
  derivmatch lr=0.01 iter=1190/3400 loss=6.769
  derivmatch lr=0.01 iter=1360/3400 loss=6.564
  derivmatch lr=0.01 iter=1530/3400 loss=6.387
  derivmatch lr=0.01 iter=1700/3400 loss=6.237
  derivmatch lr=0.01 iter=1870/3400 loss=6.099
  derivmatch lr=0.01 iter=2040/3400 loss=5.982
  derivmatch lr=0.01 iter=2210/3400 loss=5.851
  derivmatch lr=0.01 iter=2380/3400 loss=5.811
  derivmatch lr=0.01 iter=2550/3400 loss=5.666
  derivmatch lr=0.01 iter=2720/3400 loss=5.579
  derivmatch lr=0.01 iter=2890/3400 loss=5.502
  derivmatch lr=0.01 iter=3060/3400 loss=5.426
  derivmatch lr=0.01 iter=3230/3400 loss=5.352
  derivmatch lr=0.01 iter=3400/3400 loss=5.284
  derivmatch lr=0.01 iter=3400/3400 loss=5.284
  derivmatch lr=0.003 iter=125/2500 loss=5.263
  derivmatch lr=0.003 iter=250/2500 loss=5.234
  derivmatch lr=0.003 iter=375/2500 loss=5.205
  derivmatch lr=0.003 iter=500/2500 loss=5.177
  derivmatch lr=0.003 iter=625/2500 loss=5.147
  derivmatch lr=0.003 iter=750/2500 loss=5.119
  derivmatch lr=0.003 iter=875/2500 loss=5.092
  derivmatch lr=0.003 iter=1000/2500 loss=5.065
  derivmatch lr=0.003 iter=1125/2500 loss=5.039
  derivmatch lr=0.003 iter=1250/2500 loss=5.016
  derivmatch lr=0.003 iter=1375/2500 loss=4.994
  derivmatch lr=0.003 iter=1500/2500 loss=4.973
  derivmatch lr=0.003 iter=1625/2500 loss=4.952
  derivmatch lr=0.003 iter=1750/2500 loss=4.932
  derivmatch lr=0.003 iter=1875/2500 loss=4.912
  derivmatch lr=0.003 iter=2000/2500 loss=4.893
  derivmatch lr=0.003 iter=2125/2500 loss=4.874
  derivmatch lr=0.003 iter=2250/2500 loss=4.857
  derivmatch lr=0.003 iter=2375/2500 loss=4.838
  derivmatch lr=0.003 iter=2500/2500 loss=4.82
  derivmatch lr=0.003 iter=2500/2500 loss=4.82
  derivmatch lr=0.001 iter=125/2500 loss=4.814
  derivmatch lr=0.001 iter=250/2500 loss=4.807
  derivmatch lr=0.001 iter=375/2500 loss=4.8
  derivmatch lr=0.001 iter=500/2500 loss=4.794
  derivmatch lr=0.001 iter=625/2500 loss=4.787
  derivmatch lr=0.001 iter=750/2500 loss=4.781
  derivmatch lr=0.001 iter=875/2500 loss=4.773
  derivmatch lr=0.001 iter=1000/2500 loss=4.765
  derivmatch lr=0.001 iter=1125/2500 loss=4.758
  derivmatch lr=0.001 iter=1250/2500 loss=4.751
  derivmatch lr=0.001 iter=1375/2500 loss=4.744
  derivmatch lr=0.001 iter=1500/2500 loss=4.737
  derivmatch lr=0.001 iter=1625/2500 loss=4.73
  derivmatch lr=0.001 iter=1750/2500 loss=4.724
  derivmatch lr=0.001 iter=1875/2500 loss=4.717
  derivmatch lr=0.001 iter=2000/2500 loss=4.711
  derivmatch lr=0.001 iter=2125/2500 loss=4.796
  derivmatch lr=0.001 iter=2250/2500 loss=4.788
  derivmatch lr=0.001 iter=2375/2500 loss=4.781
  derivmatch lr=0.001 iter=2500/2500 loss=4.772
  derivmatch lr=0.001 iter=2500/2500 loss=4.7
  derivmatch lr=0.0003 iter=80/1600 loss=4.699
  derivmatch lr=0.0003 iter=160/1600 loss=4.696
  derivmatch lr=0.0003 iter=240/1600 loss=4.694
  derivmatch lr=0.0003 iter=320/1600 loss=4.693
  derivmatch lr=0.0003 iter=400/1600 loss=4.691
  derivmatch lr=0.0003 iter=480/1600 loss=4.683
  derivmatch lr=0.0003 iter=560/1600 loss=4.682
  derivmatch lr=0.0003 iter=640/1600 loss=4.68
  derivmatch lr=0.0003 iter=720/1600 loss=4.677
  derivmatch lr=0.0003 iter=800/1600 loss=4.674
  derivmatch lr=0.0003 iter=880/1600 loss=4.671
  derivmatch lr=0.0003 iter=960/1600 loss=4.669
  derivmatch lr=0.0003 iter=1040/1600 loss=4.666
  derivmatch lr=0.0003 iter=1120/1600 loss=4.658
  derivmatch lr=0.0003 iter=1200/1600 loss=4.654
  derivmatch lr=0.0003 iter=1280/1600 loss=4.649
  derivmatch lr=0.0003 iter=1360/1600 loss=4.641
  derivmatch lr=0.0003 iter=1440/1600 loss=4.636
  derivmatch lr=0.0003 iter=1520/1600 loss=4.634
  derivmatch lr=0.0003 iter=1600/1600 loss=4.632
  derivmatch lr=0.0003 iter=1600/1600 loss=4.632
derivative matching [24s]  fitloss=4.63
  [derivative matching]  nrmse=0.4265  l2=485900.0
  shooting iter=50/1000 loss=0.2199
  shooting iter=100/1000 loss=0.2191
  shooting iter=150/1000 loss=0.2192
  shooting iter=200/1000 loss=0.2193
  shooting iter=250/1000 loss=0.2191
  shooting iter=300/1000 loss=0.2191
  shooting iter=350/1000 loss=0.2198
  shooting iter=400/1000 loss=0.2196
  shooting iter=450/1000 loss=0.2191
  shooting iter=500/1000 loss=0.219
  shooting iter=550/1000 loss=0.2189
  shooting iter=600/1000 loss=0.2191
  shooting iter=650/1000 loss=0.2196
  shooting iter=700/1000 loss=0.219
  shooting iter=750/1000 loss=0.219
  shooting iter=800/1000 loss=0.2196
  shooting iter=850/1000 loss=0.2189
  shooting iter=900/1000 loss=0.2191
  shooting iter=950/1000 loss=0.2189
  shooting iter=1000/1000 loss=0.2188
  shooting iter=1000/1000 loss=0.2188
shooting [2330s]  loss=0.219
  [final]  nrmse=0.4225  l2=485900.0
extrapolation window: T=180.0 -> T_test=360.0  n_test=224
  [train]  E_traj=0.959  E_VF=0.8247  E_spec=1.006
  [test ]  E_traj=1.109  E_VF=0.843  E_spec=4.5
saved /orcd/home/002/txenakis/projects/BVPsolver/src/../data/runs/run_rQ0u8utB/orego_fit.png
saved /orcd/home/002/txenakis/projects/BVPsolver/src/../data/runs/run_rQ0u8utB/orego_fit_extrapolated.png
saved /orcd/home/002/txenakis/projects/BVPsolver/src/../data/runs/run_rQ0u8utB/orego_spectral_fit_extrapolated.png
saved /orcd/home/002/txenakis/projects/BVPsolver/src/../data/runs/run_rQ0u8utB/orego_vf_fit_extrapolated.png
┌ Warning: Attempting to store StiffNN.var"#20#21"{Float64, Float64, Float64}.
│ JLD2 only stores functions by name.
│  This may not be useful for anonymous functions.
└ @ JLD2 ~/.julia/packages/JLD2/ADycq/src/data/writing_datatypes.jl:447
saved run → /orcd/home/002/txenakis/projects/BVPsolver/src/../data/runs/run_rQ0u8utB
--------------------------------------
Done: Wed Aug 26 23:54:42 EDT 2026
