Task 234/416: --problem hires --model mlp --profile fast --seed 14 --pretraining derivmatch --training none
Logging to /home/txenakis/projects/BVPsolver/logs/run_main_20391846_234.log
hires  model=mlp d=8 tlen=50 profile=fast seed=14  solver=Rodas5  N=552
  derivmatch lr=0.01 iter=170/3400 loss=40.84
  derivmatch lr=0.01 iter=340/3400 loss=39.36
  derivmatch lr=0.01 iter=510/3400 loss=51.44
  derivmatch lr=0.01 iter=680/3400 loss=27.27
  derivmatch lr=0.01 iter=850/3400 loss=23.36
  derivmatch lr=0.01 iter=1020/3400 loss=20.85
  derivmatch lr=0.01 iter=1190/3400 loss=23.86
  derivmatch lr=0.01 iter=1360/3400 loss=19.64
  derivmatch lr=0.01 iter=1530/3400 loss=18.74
  derivmatch lr=0.01 iter=1700/3400 loss=17.12
  derivmatch lr=0.01 iter=1870/3400 loss=20.77
  derivmatch lr=0.01 iter=2040/3400 loss=12.19
  derivmatch lr=0.01 iter=2210/3400 loss=14.36
  derivmatch lr=0.01 iter=2380/3400 loss=23.11
  derivmatch lr=0.01 iter=2550/3400 loss=23.92
  derivmatch lr=0.01 iter=2720/3400 loss=18.51
  derivmatch lr=0.01 iter=2890/3400 loss=15.98
  derivmatch lr=0.01 iter=3060/3400 loss=17.37
  derivmatch lr=0.01 iter=3230/3400 loss=13.66
  derivmatch lr=0.01 iter=3400/3400 loss=11.55
  derivmatch lr=0.01 iter=3400/3400 loss=8.532
  derivmatch lr=0.003 iter=125/2500 loss=5.969
  derivmatch lr=0.003 iter=250/2500 loss=5.194
  derivmatch lr=0.003 iter=375/2500 loss=5.468
  derivmatch lr=0.003 iter=500/2500 loss=6.136
  derivmatch lr=0.003 iter=625/2500 loss=6.788
  derivmatch lr=0.003 iter=750/2500 loss=5.087
  derivmatch lr=0.003 iter=875/2500 loss=5.361
  derivmatch lr=0.003 iter=1000/2500 loss=6.915
  derivmatch lr=0.003 iter=1125/2500 loss=5.588
  derivmatch lr=0.003 iter=1250/2500 loss=5.605
  derivmatch lr=0.003 iter=1375/2500 loss=4.461
  derivmatch lr=0.003 iter=1500/2500 loss=5.722
  derivmatch lr=0.003 iter=1625/2500 loss=5.114
  derivmatch lr=0.003 iter=1750/2500 loss=7.351
  derivmatch lr=0.003 iter=1875/2500 loss=5.61
  derivmatch lr=0.003 iter=2000/2500 loss=3.999
  derivmatch lr=0.003 iter=2125/2500 loss=5.266
  derivmatch lr=0.003 iter=2250/2500 loss=4.229
  derivmatch lr=0.003 iter=2375/2500 loss=6.321
  derivmatch lr=0.003 iter=2500/2500 loss=6.152
  derivmatch lr=0.003 iter=2500/2500 loss=2.997
  derivmatch lr=0.001 iter=125/2500 loss=2.129
  derivmatch lr=0.001 iter=250/2500 loss=1.837
  derivmatch lr=0.001 iter=375/2500 loss=2.391
  derivmatch lr=0.001 iter=500/2500 loss=2.443
  derivmatch lr=0.001 iter=625/2500 loss=1.577
  derivmatch lr=0.001 iter=750/2500 loss=3.402
  derivmatch lr=0.001 iter=875/2500 loss=1.958
  derivmatch lr=0.001 iter=1000/2500 loss=1.72
  derivmatch lr=0.001 iter=1125/2500 loss=1.477
  derivmatch lr=0.001 iter=1250/2500 loss=1.699
  derivmatch lr=0.001 iter=1375/2500 loss=1.963
  derivmatch lr=0.001 iter=1500/2500 loss=1.813
  derivmatch lr=0.001 iter=1625/2500 loss=2.409
  derivmatch lr=0.001 iter=1750/2500 loss=1.659
  derivmatch lr=0.001 iter=1875/2500 loss=1.459
  derivmatch lr=0.001 iter=2000/2500 loss=1.851
  derivmatch lr=0.001 iter=2125/2500 loss=1.485
  derivmatch lr=0.001 iter=2250/2500 loss=1.919
  derivmatch lr=0.001 iter=2375/2500 loss=1.669
  derivmatch lr=0.001 iter=2500/2500 loss=1.591
  derivmatch lr=0.001 iter=2500/2500 loss=1.018
  derivmatch lr=0.0003 iter=80/1600 loss=0.8213
  derivmatch lr=0.0003 iter=160/1600 loss=0.7029
  derivmatch lr=0.0003 iter=240/1600 loss=0.744
  derivmatch lr=0.0003 iter=320/1600 loss=0.9125
  derivmatch lr=0.0003 iter=400/1600 loss=0.8775
  derivmatch lr=0.0003 iter=480/1600 loss=0.7614
  derivmatch lr=0.0003 iter=560/1600 loss=0.8726
  derivmatch lr=0.0003 iter=640/1600 loss=0.8604
  derivmatch lr=0.0003 iter=720/1600 loss=0.6278
  derivmatch lr=0.0003 iter=800/1600 loss=0.6895
  derivmatch lr=0.0003 iter=880/1600 loss=0.8252
  derivmatch lr=0.0003 iter=960/1600 loss=0.7371
  derivmatch lr=0.0003 iter=1040/1600 loss=0.9754
  derivmatch lr=0.0003 iter=1120/1600 loss=0.9504
  derivmatch lr=0.0003 iter=1200/1600 loss=0.7681
  derivmatch lr=0.0003 iter=1280/1600 loss=0.5636
  derivmatch lr=0.0003 iter=1360/1600 loss=0.5604
  derivmatch lr=0.0003 iter=1440/1600 loss=0.8107
  derivmatch lr=0.0003 iter=1520/1600 loss=0.7598
  derivmatch lr=0.0003 iter=1600/1600 loss=0.6693
  derivmatch lr=0.0003 iter=1600/1600 loss=0.5247
derivative matching [26s]  fitloss=0.525
  [derivative matching]  nrmse=40.38  l2=148.0
extrapolation window: T=321.8122 -> T_test=643.624  n_test=100
  [train]  E_traj=12900.0  E_VF=0.4199  E_spec=4.7e15
  [test ]  E_traj=2.243e10  E_VF=878400.0  E_spec=1.014e27
saved /orcd/home/002/txenakis/projects/BVPsolver/src/../data/runs/run_0nOPPAvJ/hires_fit.png
saved /orcd/home/002/txenakis/projects/BVPsolver/src/../data/runs/run_0nOPPAvJ/hires_fit_extrapolated.png
saved /orcd/home/002/txenakis/projects/BVPsolver/src/../data/runs/run_0nOPPAvJ/hires_spectral_fit_extrapolated.png
saved /orcd/home/002/txenakis/projects/BVPsolver/src/../data/runs/run_0nOPPAvJ/hires_vf_fit_extrapolated.png
┌ Warning: Attempting to store StiffNN.var"#18#19"{Type{Float64}}.
│ JLD2 only stores functions by name.
│  This may not be useful for anonymous functions.
└ @ JLD2 ~/.julia/packages/JLD2/ADycq/src/data/writing_datatypes.jl:447
saved run → /orcd/home/002/txenakis/projects/BVPsolver/src/../data/runs/run_0nOPPAvJ
--------------------------------------
Done: Thu Aug 13 23:19:38 EDT 2026
