Task 389/416: --problem davis-skodje --model mlp --profile fast --seed 14 --pretraining derivmatch --training collocation
Logging to /home/txenakis/projects/BVPsolver/logs/run_main_20391846_389.log
davis-skodje  model=mlp d=2 tlen=300 profile=fast seed=14  solver=Rodas5P  N=218
  derivmatch lr=0.01 iter=170/3400 loss=4.447
  derivmatch lr=0.01 iter=340/3400 loss=3.494
  derivmatch lr=0.01 iter=510/3400 loss=2.151
  derivmatch lr=0.01 iter=680/3400 loss=2.051
  derivmatch lr=0.01 iter=850/3400 loss=2.305
  derivmatch lr=0.01 iter=1020/3400 loss=2.592
  derivmatch lr=0.01 iter=1190/3400 loss=1.249
  derivmatch lr=0.01 iter=1360/3400 loss=1.385
  derivmatch lr=0.01 iter=1530/3400 loss=1.755
  derivmatch lr=0.01 iter=1700/3400 loss=0.8063
  derivmatch lr=0.01 iter=1870/3400 loss=1.462
  derivmatch lr=0.01 iter=2040/3400 loss=1.271
  derivmatch lr=0.01 iter=2210/3400 loss=1.852
  derivmatch lr=0.01 iter=2380/3400 loss=1.28
  derivmatch lr=0.01 iter=2550/3400 loss=1.614
  derivmatch lr=0.01 iter=2720/3400 loss=1.087
  derivmatch lr=0.01 iter=2890/3400 loss=0.5378
  derivmatch lr=0.01 iter=3060/3400 loss=0.8377
  derivmatch lr=0.01 iter=3230/3400 loss=1.644
  derivmatch lr=0.01 iter=3400/3400 loss=1.167
  derivmatch lr=0.01 iter=3400/3400 loss=0.4194
  derivmatch lr=0.003 iter=125/2500 loss=0.4158
  derivmatch lr=0.003 iter=250/2500 loss=0.369
  derivmatch lr=0.003 iter=375/2500 loss=0.3937
  derivmatch lr=0.003 iter=500/2500 loss=0.3576
  derivmatch lr=0.003 iter=625/2500 loss=0.3765
  derivmatch lr=0.003 iter=750/2500 loss=0.3074
  derivmatch lr=0.003 iter=875/2500 loss=0.3612
  derivmatch lr=0.003 iter=1000/2500 loss=0.3082
  derivmatch lr=0.003 iter=1125/2500 loss=0.3045
  derivmatch lr=0.003 iter=1250/2500 loss=0.2745
  derivmatch lr=0.003 iter=1375/2500 loss=0.2991
  derivmatch lr=0.003 iter=1500/2500 loss=0.2738
  derivmatch lr=0.003 iter=1625/2500 loss=0.27
  derivmatch lr=0.003 iter=1750/2500 loss=0.2538
  derivmatch lr=0.003 iter=1875/2500 loss=0.2706
  derivmatch lr=0.003 iter=2000/2500 loss=0.2551
  derivmatch lr=0.003 iter=2125/2500 loss=0.2572
  derivmatch lr=0.003 iter=2250/2500 loss=0.22
  derivmatch lr=0.003 iter=2375/2500 loss=0.2604
  derivmatch lr=0.003 iter=2500/2500 loss=0.2327
  derivmatch lr=0.003 iter=2500/2500 loss=0.2099
  derivmatch lr=0.001 iter=125/2500 loss=0.1992
  derivmatch lr=0.001 iter=250/2500 loss=0.1964
  derivmatch lr=0.001 iter=375/2500 loss=0.1933
  derivmatch lr=0.001 iter=500/2500 loss=0.1917
  derivmatch lr=0.001 iter=625/2500 loss=0.1883
  derivmatch lr=0.001 iter=750/2500 loss=0.1848
  derivmatch lr=0.001 iter=875/2500 loss=0.1815
  derivmatch lr=0.001 iter=1000/2500 loss=0.1778
  derivmatch lr=0.001 iter=1125/2500 loss=0.1745
  derivmatch lr=0.001 iter=1250/2500 loss=0.171
  derivmatch lr=0.001 iter=1375/2500 loss=0.1678
  derivmatch lr=0.001 iter=1500/2500 loss=0.1644
  derivmatch lr=0.001 iter=1625/2500 loss=0.1614
  derivmatch lr=0.001 iter=1750/2500 loss=0.1581
  derivmatch lr=0.001 iter=1875/2500 loss=0.1553
  derivmatch lr=0.001 iter=2000/2500 loss=0.1523
  derivmatch lr=0.001 iter=2125/2500 loss=0.1496
  derivmatch lr=0.001 iter=2250/2500 loss=0.1468
  derivmatch lr=0.001 iter=2375/2500 loss=0.1443
  derivmatch lr=0.001 iter=2500/2500 loss=0.1409
  derivmatch lr=0.001 iter=2500/2500 loss=0.1405
  derivmatch lr=0.0003 iter=80/1600 loss=0.1398
  derivmatch lr=0.0003 iter=160/1600 loss=0.1393
  derivmatch lr=0.0003 iter=240/1600 loss=0.1388
  derivmatch lr=0.0003 iter=320/1600 loss=0.1381
  derivmatch lr=0.0003 iter=400/1600 loss=0.1375
  derivmatch lr=0.0003 iter=480/1600 loss=0.1367
  derivmatch lr=0.0003 iter=560/1600 loss=0.136
  derivmatch lr=0.0003 iter=640/1600 loss=0.1352
  derivmatch lr=0.0003 iter=720/1600 loss=0.1343
  derivmatch lr=0.0003 iter=800/1600 loss=0.1336
  derivmatch lr=0.0003 iter=880/1600 loss=0.1328
  derivmatch lr=0.0003 iter=960/1600 loss=0.132
  derivmatch lr=0.0003 iter=1040/1600 loss=0.1312
  derivmatch lr=0.0003 iter=1120/1600 loss=0.1304
  derivmatch lr=0.0003 iter=1200/1600 loss=0.1296
  derivmatch lr=0.0003 iter=1280/1600 loss=0.1288
  derivmatch lr=0.0003 iter=1360/1600 loss=0.1281
  derivmatch lr=0.0003 iter=1440/1600 loss=0.1274
  derivmatch lr=0.0003 iter=1520/1600 loss=0.1265
  derivmatch lr=0.0003 iter=1600/1600 loss=0.1258
  derivmatch lr=0.0003 iter=1600/1600 loss=0.1258
derivative matching [56s]  fitloss=0.126
  [derivative matching]  nrmse=0.04927  l2=2.412
  collocation: M=300 residuals=2394  detecting sparsity + solving...

Algorithm: LevenbergMarquardt(
    trustregion = LevenbergMarquardtTrustRegion(
        β_uphill = 0.0
    ),
    descent = GeodesicAcceleration(
        descent = DampedNewtonDescent(
            linsolve = KLUFactorization(
                reuse_symbolic = true,
                check_pattern = true
            ),
            initial_damping = 1.0,
            damping_fn = LevenbergMarquardtDampingFunction(
                increase_factor = 2.0,
                decrease_factor = 3.0,
                min_damping = 1.0e-8
            ),
            min_norm_mode = :auto
        ),
        finite_diff_step_geodesic = 0.1,
        α = 0.75
    ),
    autodiff = AutoForwardDiff(),
    vjp_autodiff = AutoFiniteDiff(
        fdtype = Val{:forward}(),
        fdjtype = Val{:forward}(),
        fdhtype = Val{:hcentral}(),
        dir = true
    ),
    jvp_autodiff = AutoForwardDiff(),
    concrete_jac = Val{true}()
)

----    	-------------       	-----------         
Iter    	f(u) 2-norm         	Step 2-norm         
----    	-------------       	-----------         
0       	3.37526954e+02      	8.28331742e-316     
1       	3.37526954e+02      	0.00000000e+00      
8       	2.85415267e+02      	0.00000000e+00      
15      	6.77361802e+01      	0.00000000e+00      
22      	1.17288823e+01      	6.82736542e-01      
29      	3.80331870e-01      	2.49970530e-01      
36      	2.24443395e-02      	2.06300826e-02      
43      	7.05990347e+01      	4.94707160e+00      
50      	2.67608567e+01      	0.00000000e+00      
57      	2.77767345e+01      	3.26971470e+00      
64      	8.35983640e+00      	6.74433289e-01      
71      	3.95291868e+00      	1.24446783e+00      
78      	4.71582998e+01      	1.90565833e+00      
85      	2.35312849e+01      	0.00000000e+00      
92      	2.49717296e-01      	0.00000000e+00      
99      	1.20636611e-02      	1.95156709e-01      
106     	3.99719222e+00      	0.00000000e+00      
113     	1.51547972e+01      	1.22275881e+00      
120     	1.73729924e-03      	9.30530498e-02      
127     	5.15471719e-01      	3.30778667e-01      
134     	3.36919081e-04      	0.00000000e+00      
141     	6.12154342e+00      	0.00000000e+00      
148     	5.32459426e-03      	2.15468471e-01      
Final   	3.36919081e-04      
----------------------      
  AMR 1/3: M=300  err=6.92e-9  obs=1.48e-6  nrmse=2.39e-5  best=2.39e-5  refined=12
  collocation: M=312 residuals=2466  detecting sparsity + solving...

Algorithm: LevenbergMarquardt(
    trustregion = LevenbergMarquardtTrustRegion(
        β_uphill = 0.0
    ),
    descent = GeodesicAcceleration(
        descent = DampedNewtonDescent(
            linsolve = KLUFactorization(
                reuse_symbolic = true,
                check_pattern = true
            ),
            initial_damping = 1.0,
            damping_fn = LevenbergMarquardtDampingFunction(
                increase_factor = 2.0,
                decrease_factor = 3.0,
                min_damping = 1.0e-8
            ),
            min_norm_mode = :auto
        ),
        finite_diff_step_geodesic = 0.1,
        α = 0.75
    ),
    autodiff = AutoForwardDiff(),
    vjp_autodiff = AutoFiniteDiff(
        fdtype = Val{:forward}(),
        fdjtype = Val{:forward}(),
        fdhtype = Val{:hcentral}(),
        dir = true
    ),
    jvp_autodiff = AutoForwardDiff(),
    concrete_jac = Val{true}()
)

----    	-------------       	-----------         
Iter    	f(u) 2-norm         	Step 2-norm         
----    	-------------       	-----------         
0       	4.42969648e+01      	3.58415081e-308     
1       	1.86987394e+01      	9.42358955e-03      
8       	3.33275455e-01      	3.45344180e-03      
15      	5.50601225e-04      	8.26693869e-04      
22      	2.35725581e-04      	2.82321431e-03      
29      	1.18757659e-04      	3.20970305e-02      
36      	9.08765325e-01      	0.00000000e+00      
43      	5.31468234e-01      	0.00000000e+00      
50      	7.94147060e+00      	0.00000000e+00      
57      	9.56644384e-02      	0.00000000e+00      
64      	5.24750971e+00      	0.00000000e+00      
71      	7.38014381e+00      	0.00000000e+00      
78      	5.96083945e+00      	1.04233869e+00      
85      	2.69456040e-02      	0.00000000e+00      
92      	5.27204218e-02      	0.00000000e+00      
99      	4.56986909e+00      	0.00000000e+00      
106     	5.51285615e+00      	0.00000000e+00      
113     	3.37334815e-04      	3.38691921e-02      
120     	9.04345444e-02      	0.00000000e+00      
127     	2.80497284e-01      	0.00000000e+00      
134     	4.95609329e-01      	0.00000000e+00      
141     	7.20525817e+00      	1.05397409e+00      
148     	5.12740734e-01      	3.04432422e-01      
Final   	9.07401393e-05      
----------------------      
  AMR 2/3: M=312  err=2.2e-10  obs=1.49e-6  nrmse=2.37e-5  best=2.37e-5  refined=20
  collocation: M=332 residuals=2586  detecting sparsity + solving...

Algorithm: LevenbergMarquardt(
    trustregion = LevenbergMarquardtTrustRegion(
        β_uphill = 0.0
    ),
    descent = GeodesicAcceleration(
        descent = DampedNewtonDescent(
            linsolve = KLUFactorization(
                reuse_symbolic = true,
                check_pattern = true
            ),
            initial_damping = 1.0,
            damping_fn = LevenbergMarquardtDampingFunction(
                increase_factor = 2.0,
                decrease_factor = 3.0,
                min_damping = 1.0e-8
            ),
            min_norm_mode = :auto
        ),
        finite_diff_step_geodesic = 0.1,
        α = 0.75
    ),
    autodiff = AutoForwardDiff(),
    vjp_autodiff = AutoFiniteDiff(
        fdtype = Val{:forward}(),
        fdjtype = Val{:forward}(),
        fdhtype = Val{:hcentral}(),
        dir = true
    ),
    jvp_autodiff = AutoForwardDiff(),
    concrete_jac = Val{true}()
)

----    	-------------       	-----------         
Iter    	f(u) 2-norm         	Step 2-norm         
----    	-------------       	-----------         
0       	4.39630786e+01      	5.00940718e-317     
1       	1.80705172e+01      	1.36060438e-02      
8       	3.33570271e-01      	4.44975859e-03      
15      	4.77933032e-04      	7.86604238e-04      
22      	2.32139330e-04      	2.92150576e-03      
29      	2.89113023e-04      	3.76501133e-02      
36      	7.33360870e-01      	0.00000000e+00      
43      	1.21375180e+00      	0.00000000e+00      
50      	1.92302417e+01      	0.00000000e+00      
57      	3.25325132e+00      	6.65072240e-01      
64      	4.57255255e-01      	0.00000000e+00      
71      	2.55659553e-02      	1.26773192e-01      
78      	3.22067379e+00      	0.00000000e+00      
85      	4.01589424e-03      	0.00000000e+00      
92      	8.13203649e-01      	0.00000000e+00      
99      	4.55129948e+00      	5.13768883e-01      
106     	4.62148508e+00      	0.00000000e+00      
113     	8.20265152e+00      	0.00000000e+00      
120     	1.16379859e-03      	5.58970794e-02      
127     	4.89044715e-02      	3.10899654e-01      
134     	1.55800246e-03      	0.00000000e+00      
141     	3.45664044e-04      	3.52423775e-02      
148     	1.04367507e+00      	0.00000000e+00      
Final   	8.60000473e-05      
----------------------      
  AMR 3/3: M=332  err=2.39e-10  obs=1.4e-6  nrmse=2.39e-5  best=2.37e-5  refined=0
collocation [146s]
  [final]  nrmse=2.373e-5  l2=0.0009843
extrapolation window: T=15.0 -> T_test=30.0  n_test=600
  [train]  E_traj=1.374e-9  E_VF=4.53e-5  E_spec=1.392
  [test ]  E_traj=5156.0  E_VF=1.294e9  E_spec=6.839
saved /orcd/home/002/txenakis/projects/BVPsolver/src/../data/runs/run_dbWZfyOx/davis-skodje_fit.png
saved /orcd/home/002/txenakis/projects/BVPsolver/src/../data/runs/run_dbWZfyOx/davis-skodje_fit_extrapolated.png
saved /orcd/home/002/txenakis/projects/BVPsolver/src/../data/runs/run_dbWZfyOx/davis-skodje_spectral_fit_extrapolated.png
saved /orcd/home/002/txenakis/projects/BVPsolver/src/../data/runs/run_dbWZfyOx/davis-skodje_vf_fit_extrapolated.png
┌ Warning: Attempting to store StiffNN.var"#22#23"{Float64}.
│ JLD2 only stores functions by name.
│  This may not be useful for anonymous functions.
└ @ JLD2 ~/.julia/packages/JLD2/ADycq/src/data/writing_datatypes.jl:447
saved run → /orcd/home/002/txenakis/projects/BVPsolver/src/../data/runs/run_dbWZfyOx
--------------------------------------
Done: Fri Aug 14 00:20:24 EDT 2026
