Task 186/416: --problem vanderpol --model GELU-scaled --profile fast --seed 14 --pretraining derivmatch --training none
Logging to /home/txenakis/projects/BVPsolver/logs/run_main_20391846_186.log
vanderpol  model=GELU-scaled d=2 tlen=151 profile=fast seed=14  solver=Kvaerno5  N=177
  derivmatch lr=0.01 iter=170/3400 loss=3.728
  derivmatch lr=0.01 iter=340/3400 loss=2.355
  derivmatch lr=0.01 iter=510/3400 loss=1.845
  derivmatch lr=0.01 iter=680/3400 loss=1.777
  derivmatch lr=0.01 iter=850/3400 loss=1.663
  derivmatch lr=0.01 iter=1020/3400 loss=1.6
  derivmatch lr=0.01 iter=1190/3400 loss=1.561
  derivmatch lr=0.01 iter=1360/3400 loss=1.528
  derivmatch lr=0.01 iter=1530/3400 loss=1.504
  derivmatch lr=0.01 iter=1700/3400 loss=1.483
  derivmatch lr=0.01 iter=1870/3400 loss=1.469
  derivmatch lr=0.01 iter=2040/3400 loss=1.455
  derivmatch lr=0.01 iter=2210/3400 loss=1.45
  derivmatch lr=0.01 iter=2380/3400 loss=1.435
  derivmatch lr=0.01 iter=2550/3400 loss=1.427
  derivmatch lr=0.01 iter=2720/3400 loss=1.42
  derivmatch lr=0.01 iter=2890/3400 loss=4.626
  derivmatch lr=0.01 iter=3060/3400 loss=4.531
  derivmatch lr=0.01 iter=3230/3400 loss=3.535
  derivmatch lr=0.01 iter=3400/3400 loss=4.665
  derivmatch lr=0.01 iter=3400/3400 loss=1.092
  derivmatch lr=0.003 iter=125/2500 loss=0.6689
  derivmatch lr=0.003 iter=250/2500 loss=0.611
  derivmatch lr=0.003 iter=375/2500 loss=0.5663
  derivmatch lr=0.003 iter=500/2500 loss=0.5287
  derivmatch lr=0.003 iter=625/2500 loss=0.4994
  derivmatch lr=0.003 iter=750/2500 loss=0.4831
  derivmatch lr=0.003 iter=875/2500 loss=0.4578
  derivmatch lr=0.003 iter=1000/2500 loss=0.4384
  derivmatch lr=0.003 iter=1125/2500 loss=0.4309
  derivmatch lr=0.003 iter=1250/2500 loss=0.411
  derivmatch lr=0.003 iter=1375/2500 loss=0.399
  derivmatch lr=0.003 iter=1500/2500 loss=0.3882
  derivmatch lr=0.003 iter=1625/2500 loss=0.3782
  derivmatch lr=0.003 iter=1750/2500 loss=0.3706
  derivmatch lr=0.003 iter=1875/2500 loss=0.3739
  derivmatch lr=0.003 iter=2000/2500 loss=0.3613
  derivmatch lr=0.003 iter=2125/2500 loss=0.3559
  derivmatch lr=0.003 iter=2250/2500 loss=0.3622
  derivmatch lr=0.003 iter=2375/2500 loss=0.3467
  derivmatch lr=0.003 iter=2500/2500 loss=0.3537
  derivmatch lr=0.003 iter=2500/2500 loss=0.3432
  derivmatch lr=0.001 iter=125/2500 loss=0.1033
  derivmatch lr=0.001 iter=250/2500 loss=0.08349
  derivmatch lr=0.001 iter=375/2500 loss=0.07908
  derivmatch lr=0.001 iter=500/2500 loss=0.0748
  derivmatch lr=0.001 iter=625/2500 loss=0.07069
  derivmatch lr=0.001 iter=750/2500 loss=0.2409
  derivmatch lr=0.001 iter=875/2500 loss=0.08095
  derivmatch lr=0.001 iter=1000/2500 loss=0.07729
  derivmatch lr=0.001 iter=1125/2500 loss=0.07416
  derivmatch lr=0.001 iter=1250/2500 loss=0.07127
  derivmatch lr=0.001 iter=1375/2500 loss=0.06816
  derivmatch lr=0.001 iter=1500/2500 loss=0.06572
  derivmatch lr=0.001 iter=1625/2500 loss=0.06343
  derivmatch lr=0.001 iter=1750/2500 loss=0.06099
  derivmatch lr=0.001 iter=1875/2500 loss=0.05901
  derivmatch lr=0.001 iter=2000/2500 loss=0.05719
  derivmatch lr=0.001 iter=2125/2500 loss=0.05528
  derivmatch lr=0.001 iter=2250/2500 loss=0.0536
  derivmatch lr=0.001 iter=2375/2500 loss=0.05206
  derivmatch lr=0.001 iter=2500/2500 loss=0.05057
  derivmatch lr=0.001 iter=2500/2500 loss=0.05057
  derivmatch lr=0.0003 iter=80/1600 loss=0.05008
  derivmatch lr=0.0003 iter=160/1600 loss=0.04949
  derivmatch lr=0.0003 iter=240/1600 loss=0.04883
  derivmatch lr=0.0003 iter=320/1600 loss=0.04815
  derivmatch lr=0.0003 iter=400/1600 loss=0.04744
  derivmatch lr=0.0003 iter=480/1600 loss=0.04672
  derivmatch lr=0.0003 iter=560/1600 loss=0.046
  derivmatch lr=0.0003 iter=640/1600 loss=0.04525
  derivmatch lr=0.0003 iter=720/1600 loss=0.04446
  derivmatch lr=0.0003 iter=800/1600 loss=0.04365
  derivmatch lr=0.0003 iter=880/1600 loss=0.04296
  derivmatch lr=0.0003 iter=960/1600 loss=0.04234
  derivmatch lr=0.0003 iter=1040/1600 loss=0.04173
  derivmatch lr=0.0003 iter=1120/1600 loss=0.04115
  derivmatch lr=0.0003 iter=1200/1600 loss=0.04058
  derivmatch lr=0.0003 iter=1280/1600 loss=0.04006
  derivmatch lr=0.0003 iter=1360/1600 loss=0.03958
  derivmatch lr=0.0003 iter=1440/1600 loss=0.03913
  derivmatch lr=0.0003 iter=1520/1600 loss=0.03868
  derivmatch lr=0.0003 iter=1600/1600 loss=0.03824
  derivmatch lr=0.0003 iter=1600/1600 loss=0.03824
derivative matching [46s]  fitloss=0.0382
  [derivative matching]  nrmse=1.005  l2=329.4
extrapolation window: T=200.0 -> T_test=400.0  n_test=302
  [train]  E_traj=6.762  E_VF=0.08612  E_spec=0.5345
  [test ]  E_traj=96680.0  E_VF=12.22  E_spec=0.6462
saved /orcd/home/002/txenakis/projects/BVPsolver/src/../data/runs/run_z3rvkXOa/vanderpol_fit.png
saved /orcd/home/002/txenakis/projects/BVPsolver/src/../data/runs/run_z3rvkXOa/vanderpol_fit_extrapolated.png
saved /orcd/home/002/txenakis/projects/BVPsolver/src/../data/runs/run_z3rvkXOa/vanderpol_spectral_fit_extrapolated.png
saved /orcd/home/002/txenakis/projects/BVPsolver/src/../data/runs/run_z3rvkXOa/vanderpol_vf_fit_extrapolated.png
┌ Warning: Attempting to store StiffNN.var"#14#15"{Float64}.
│ JLD2 only stores functions by name.
│  This may not be useful for anonymous functions.
└ @ JLD2 ~/.julia/packages/JLD2/ADycq/src/data/writing_datatypes.jl:447
saved run → /orcd/home/002/txenakis/projects/BVPsolver/src/../data/runs/run_z3rvkXOa
--------------------------------------
Done: Thu Aug 13 22:55:37 EDT 2026
