Task 154/416: --problem vanderpol --model mlp --profile fast --seed 13 --pretraining none --training shooting
Logging to /home/txenakis/projects/BVPsolver/logs/run_main_20391846_154.log
vanderpol  model=mlp d=2 tlen=151 profile=fast seed=13  solver=Kvaerno5  N=218
  shooting iter=50/1000 loss=0.1759
  shooting iter=100/1000 loss=0.1809
  shooting iter=150/1000 loss=0.1781
  shooting iter=200/1000 loss=0.175
  shooting iter=250/1000 loss=0.1716
  shooting iter=300/1000 loss=0.1852
  shooting iter=350/1000 loss=0.1843
  shooting iter=400/1000 loss=0.1837
  shooting iter=450/1000 loss=0.1828
  shooting iter=500/1000 loss=0.1834
  shooting iter=550/1000 loss=0.1828
  shooting iter=600/1000 loss=0.1813
  shooting iter=650/1000 loss=0.1848
  shooting iter=700/1000 loss=0.1842
  shooting iter=750/1000 loss=0.1836
  shooting iter=800/1000 loss=0.1831
  shooting iter=850/1000 loss=0.1825
  shooting iter=900/1000 loss=0.1819
  shooting iter=950/1000 loss=0.1816
  shooting iter=1000/1000 loss=0.1812
  shooting iter=1000/1000 loss=0.1701
shooting [190s]  loss=0.17
  [final]  nrmse=0.2663  l2=325.0
extrapolation window: T=200.0 -> T_test=400.0  n_test=302
  [train]  E_traj=0.9101  E_VF=1.002  E_spec=0.9991
  [test ]  E_traj=194.3  E_VF=12.28  E_spec=0.984
saved /orcd/home/002/txenakis/projects/BVPsolver/src/../data/runs/run_pTBFs4sP/vanderpol_fit.png
saved /orcd/home/002/txenakis/projects/BVPsolver/src/../data/runs/run_pTBFs4sP/vanderpol_fit_extrapolated.png
saved /orcd/home/002/txenakis/projects/BVPsolver/src/../data/runs/run_pTBFs4sP/vanderpol_spectral_fit_extrapolated.png
saved /orcd/home/002/txenakis/projects/BVPsolver/src/../data/runs/run_pTBFs4sP/vanderpol_vf_fit_extrapolated.png
┌ Warning: Attempting to store StiffNN.var"#14#15"{Float64}.
│ JLD2 only stores functions by name.
│  This may not be useful for anonymous functions.
└ @ JLD2 ~/.julia/packages/JLD2/ADycq/src/data/writing_datatypes.jl:447
saved run → /orcd/home/002/txenakis/projects/BVPsolver/src/../data/runs/run_pTBFs4sP
--------------------------------------
Done: Thu Aug 13 22:48:34 EDT 2026
