Task 241/416: --problem hires --model mlp --profile fast --seed 11 --pretraining derivmatch --training collocation
Logging to /home/txenakis/projects/BVPsolver/logs/run_main_20391846_241.log
hires  model=mlp d=8 tlen=50 profile=fast seed=11  solver=Rodas5  N=552
  derivmatch lr=0.01 iter=170/3400 loss=46.52
  derivmatch lr=0.01 iter=340/3400 loss=33.74
  derivmatch lr=0.01 iter=510/3400 loss=25.04
  derivmatch lr=0.01 iter=680/3400 loss=23.23
  derivmatch lr=0.01 iter=850/3400 loss=27.15
  derivmatch lr=0.01 iter=1020/3400 loss=29.97
  derivmatch lr=0.01 iter=1190/3400 loss=22.76
  derivmatch lr=0.01 iter=1360/3400 loss=33.47
  derivmatch lr=0.01 iter=1530/3400 loss=29.06
  derivmatch lr=0.01 iter=1700/3400 loss=24.16
  derivmatch lr=0.01 iter=1870/3400 loss=29.74
  derivmatch lr=0.01 iter=2040/3400 loss=19.22
  derivmatch lr=0.01 iter=2210/3400 loss=13.64
  derivmatch lr=0.01 iter=2380/3400 loss=14.79
  derivmatch lr=0.01 iter=2550/3400 loss=16.4
  derivmatch lr=0.01 iter=2720/3400 loss=16.75
  derivmatch lr=0.01 iter=2890/3400 loss=15.87
  derivmatch lr=0.01 iter=3060/3400 loss=13.73
  derivmatch lr=0.01 iter=3230/3400 loss=14.4
  derivmatch lr=0.01 iter=3400/3400 loss=14.81
  derivmatch lr=0.01 iter=3400/3400 loss=9.186
  derivmatch lr=0.003 iter=125/2500 loss=7.229
  derivmatch lr=0.003 iter=250/2500 loss=7.006
  derivmatch lr=0.003 iter=375/2500 loss=5.894
  derivmatch lr=0.003 iter=500/2500 loss=5.193
  derivmatch lr=0.003 iter=625/2500 loss=4.43
  derivmatch lr=0.003 iter=750/2500 loss=5.475
  derivmatch lr=0.003 iter=875/2500 loss=4.967
  derivmatch lr=0.003 iter=1000/2500 loss=4.492
  derivmatch lr=0.003 iter=1125/2500 loss=4.955
  derivmatch lr=0.003 iter=1250/2500 loss=5.596
  derivmatch lr=0.003 iter=1375/2500 loss=5.346
  derivmatch lr=0.003 iter=1500/2500 loss=4.959
  derivmatch lr=0.003 iter=1625/2500 loss=6.123
  derivmatch lr=0.003 iter=1750/2500 loss=5.252
  derivmatch lr=0.003 iter=1875/2500 loss=4.067
  derivmatch lr=0.003 iter=2000/2500 loss=5.112
  derivmatch lr=0.003 iter=2125/2500 loss=4.888
  derivmatch lr=0.003 iter=2250/2500 loss=4.649
  derivmatch lr=0.003 iter=2375/2500 loss=5.511
  derivmatch lr=0.003 iter=2500/2500 loss=5.397
  derivmatch lr=0.003 iter=2500/2500 loss=2.991
  derivmatch lr=0.001 iter=125/2500 loss=1.977
  derivmatch lr=0.001 iter=250/2500 loss=1.617
  derivmatch lr=0.001 iter=375/2500 loss=1.632
  derivmatch lr=0.001 iter=500/2500 loss=1.765
  derivmatch lr=0.001 iter=625/2500 loss=1.954
  derivmatch lr=0.001 iter=750/2500 loss=1.89
  derivmatch lr=0.001 iter=875/2500 loss=1.548
  derivmatch lr=0.001 iter=1000/2500 loss=1.736
  derivmatch lr=0.001 iter=1125/2500 loss=1.875
  derivmatch lr=0.001 iter=1250/2500 loss=2.089
  derivmatch lr=0.001 iter=1375/2500 loss=2.109
  derivmatch lr=0.001 iter=1500/2500 loss=1.983
  derivmatch lr=0.001 iter=1625/2500 loss=2.205
  derivmatch lr=0.001 iter=1750/2500 loss=2.059
  derivmatch lr=0.001 iter=1875/2500 loss=1.155
  derivmatch lr=0.001 iter=2000/2500 loss=1.815
  derivmatch lr=0.001 iter=2125/2500 loss=2.226
  derivmatch lr=0.001 iter=2250/2500 loss=1.746
  derivmatch lr=0.001 iter=2375/2500 loss=2.262
  derivmatch lr=0.001 iter=2500/2500 loss=1.556
  derivmatch lr=0.001 iter=2500/2500 loss=0.992
  derivmatch lr=0.0003 iter=80/1600 loss=0.7702
  derivmatch lr=0.0003 iter=160/1600 loss=0.7755
  derivmatch lr=0.0003 iter=240/1600 loss=0.7851
  derivmatch lr=0.0003 iter=320/1600 loss=0.7627
  derivmatch lr=0.0003 iter=400/1600 loss=0.6857
  derivmatch lr=0.0003 iter=480/1600 loss=0.6353
  derivmatch lr=0.0003 iter=560/1600 loss=0.7758
  derivmatch lr=0.0003 iter=640/1600 loss=0.67
  derivmatch lr=0.0003 iter=720/1600 loss=0.8685
  derivmatch lr=0.0003 iter=800/1600 loss=0.7675
  derivmatch lr=0.0003 iter=880/1600 loss=1.024
  derivmatch lr=0.0003 iter=960/1600 loss=0.6522
  derivmatch lr=0.0003 iter=1040/1600 loss=0.7666
  derivmatch lr=0.0003 iter=1120/1600 loss=0.8757
  derivmatch lr=0.0003 iter=1200/1600 loss=0.6746
  derivmatch lr=0.0003 iter=1280/1600 loss=0.6471
  derivmatch lr=0.0003 iter=1360/1600 loss=0.6605
  derivmatch lr=0.0003 iter=1440/1600 loss=0.5363
  derivmatch lr=0.0003 iter=1520/1600 loss=0.6458
  derivmatch lr=0.0003 iter=1600/1600 loss=0.653
  derivmatch lr=0.0003 iter=1600/1600 loss=0.4808
derivative matching [25s]  fitloss=0.481
  [derivative matching]  nrmse=39.89  l2=63.68
  collocation: M=75 residuals=2176  detecting sparsity + solving...

Algorithm: LevenbergMarquardt(
    trustregion = LevenbergMarquardtTrustRegion(
        β_uphill = 0.0
    ),
    descent = GeodesicAcceleration(
        descent = DampedNewtonDescent(
            linsolve = QRFactorization(
                pivot = NoPivot(),
                blocksize = 16,
                inplace = true
            ),
            initial_damping = 1.0,
            damping_fn = LevenbergMarquardtDampingFunction(
                increase_factor = 2.0,
                decrease_factor = 3.0,
                min_damping = 1.0e-8
            ),
            min_norm_mode = :auto
        ),
        finite_diff_step_geodesic = 0.1,
        α = 0.75
    ),
    autodiff = AutoForwardDiff(),
    vjp_autodiff = AutoFiniteDiff(
        fdtype = Val{:forward}(),
        fdjtype = Val{:forward}(),
        fdhtype = Val{:hcentral}(),
        dir = true
    ),
    jvp_autodiff = AutoForwardDiff(),
    concrete_jac = Val{true}()
)

----    	-------------       	-----------         
Iter    	f(u) 2-norm         	Step 2-norm         
----    	-------------       	-----------         
0       	8.39925518e+02      	NaN                 
1       	1.01072611e+04      	1.34767147e-01      
8       	8.38143964e+02      	3.68775850e-02      
15      	7.89211233e+01      	5.10393553e-02      
22      	1.12944460e+03      	1.27909942e-01      
29      	4.12012236e+00      	1.71389553e-02      
36      	7.40437313e+00      	1.62814697e-02      
43      	2.36450359e-01      	4.55549418e-03      
50      	2.34336418e-01      	2.17451214e-03      
57      	2.37324754e-01      	6.12217155e-03      
64      	1.29369350e+01      	1.75797773e-02      
71      	2.37887349e-01      	8.27995546e-03      
78      	2.44046120e-01      	7.22530012e-03      
85      	2.33265943e-01      	2.47363525e-03      
92      	2.33252166e-01      	2.32482962e-03      
99      	2.33244759e-01      	1.85441149e-03      
106     	2.33242272e-01      	1.57834907e-03      
113     	2.33240987e-01      	1.58375380e-03      
120     	2.33239500e-01      	1.58597019e-03      
127     	2.33237926e-01      	1.57531569e-03      
134     	2.33236459e-01      	1.58050868e-03      
141     	2.33234472e-01      	1.39951422e-03      
148     	2.33233271e-01      	1.19691349e-03      
Final   	2.33233058e-01      
----------------------      
  AMR 1/1: M=75  err=0.0104  obs=0.0041  nrmse=2.67  best=2.67  refined=0
collocation [130s]
  [final]  nrmse=2.669  l2=1.881
extrapolation window: T=321.8122 -> T_test=643.624  n_test=100
  [train]  E_traj=15.25  E_VF=0.3015  E_spec=3.071e16
  [test ]  E_traj=5.893e7  E_VF=9.441e7  E_spec=6.387e26
saved /orcd/home/002/txenakis/projects/BVPsolver/src/../data/runs/run_inZvwv6f/hires_fit.png
saved /orcd/home/002/txenakis/projects/BVPsolver/src/../data/runs/run_inZvwv6f/hires_fit_extrapolated.png
saved /orcd/home/002/txenakis/projects/BVPsolver/src/../data/runs/run_inZvwv6f/hires_spectral_fit_extrapolated.png
saved /orcd/home/002/txenakis/projects/BVPsolver/src/../data/runs/run_inZvwv6f/hires_vf_fit_extrapolated.png
┌ Warning: Attempting to store StiffNN.var"#18#19"{Type{Float64}}.
│ JLD2 only stores functions by name.
│  This may not be useful for anonymous functions.
└ @ JLD2 ~/.julia/packages/JLD2/ADycq/src/data/writing_datatypes.jl:447
saved run → /orcd/home/002/txenakis/projects/BVPsolver/src/../data/runs/run_inZvwv6f
--------------------------------------
Done: Thu Aug 13 23:28:14 EDT 2026
