Task 241/416: --problem hires --model mlp --profile fast --seed 11 --pretraining derivmatch --training collocation
Logging to /home/txenakis/projects/BVPsolver/logs/run_main_21347893_241.log
hires  model=mlp width=21 d=8 tlen=50 profile=fast seed=11  solver=Rodas5  N=827
  derivmatch lr=0.01 iter=170/3400 loss=42.41
  derivmatch lr=0.01 iter=340/3400 loss=34.18
  derivmatch lr=0.01 iter=510/3400 loss=41.06
  derivmatch lr=0.01 iter=680/3400 loss=39.06
  derivmatch lr=0.01 iter=850/3400 loss=26.43
  derivmatch lr=0.01 iter=1020/3400 loss=24.88
  derivmatch lr=0.01 iter=1190/3400 loss=31.25
  derivmatch lr=0.01 iter=1360/3400 loss=23.3
  derivmatch lr=0.01 iter=1530/3400 loss=19.36
  derivmatch lr=0.01 iter=1700/3400 loss=18.44
  derivmatch lr=0.01 iter=1870/3400 loss=15.42
  derivmatch lr=0.01 iter=2040/3400 loss=17.81
  derivmatch lr=0.01 iter=2210/3400 loss=20.37
  derivmatch lr=0.01 iter=2380/3400 loss=11.1
  derivmatch lr=0.01 iter=2550/3400 loss=15.55
  derivmatch lr=0.01 iter=2720/3400 loss=14.93
  derivmatch lr=0.01 iter=2890/3400 loss=13.32
  derivmatch lr=0.01 iter=3060/3400 loss=13.38
  derivmatch lr=0.01 iter=3230/3400 loss=11.92
  derivmatch lr=0.01 iter=3400/3400 loss=13.9
  derivmatch lr=0.01 iter=3400/3400 loss=9.099
  derivmatch lr=0.003 iter=125/2500 loss=6.64
  derivmatch lr=0.003 iter=250/2500 loss=7.039
  derivmatch lr=0.003 iter=375/2500 loss=6.242
  derivmatch lr=0.003 iter=500/2500 loss=6.293
  derivmatch lr=0.003 iter=625/2500 loss=5.811
  derivmatch lr=0.003 iter=750/2500 loss=7.572
  derivmatch lr=0.003 iter=875/2500 loss=6.488
  derivmatch lr=0.003 iter=1000/2500 loss=5.699
  derivmatch lr=0.003 iter=1125/2500 loss=4.818
  derivmatch lr=0.003 iter=1250/2500 loss=4.729
  derivmatch lr=0.003 iter=1375/2500 loss=5.191
  derivmatch lr=0.003 iter=1500/2500 loss=4.286
  derivmatch lr=0.003 iter=1625/2500 loss=5.187
  derivmatch lr=0.003 iter=1750/2500 loss=6.588
  derivmatch lr=0.003 iter=1875/2500 loss=3.885
  derivmatch lr=0.003 iter=2000/2500 loss=5.517
  derivmatch lr=0.003 iter=2125/2500 loss=6.084
  derivmatch lr=0.003 iter=2250/2500 loss=4.883
  derivmatch lr=0.003 iter=2375/2500 loss=4.42
  derivmatch lr=0.003 iter=2500/2500 loss=4.513
  derivmatch lr=0.003 iter=2500/2500 loss=2.919
  derivmatch lr=0.001 iter=125/2500 loss=1.761
  derivmatch lr=0.001 iter=250/2500 loss=1.858
  derivmatch lr=0.001 iter=375/2500 loss=1.513
  derivmatch lr=0.001 iter=500/2500 loss=2.085
  derivmatch lr=0.001 iter=625/2500 loss=1.556
  derivmatch lr=0.001 iter=750/2500 loss=1.586
  derivmatch lr=0.001 iter=875/2500 loss=1.786
  derivmatch lr=0.001 iter=1000/2500 loss=1.434
  derivmatch lr=0.001 iter=1125/2500 loss=1.69
  derivmatch lr=0.001 iter=1250/2500 loss=2.384
  derivmatch lr=0.001 iter=1375/2500 loss=1.578
  derivmatch lr=0.001 iter=1500/2500 loss=2.137
  derivmatch lr=0.001 iter=1625/2500 loss=1.691
  derivmatch lr=0.001 iter=1750/2500 loss=1.505
  derivmatch lr=0.001 iter=1875/2500 loss=2.344
  derivmatch lr=0.001 iter=2000/2500 loss=1.483
  derivmatch lr=0.001 iter=2125/2500 loss=1.506
  derivmatch lr=0.001 iter=2250/2500 loss=1.827
  derivmatch lr=0.001 iter=2375/2500 loss=2.141
  derivmatch lr=0.001 iter=2500/2500 loss=1.166
  derivmatch lr=0.001 iter=2500/2500 loss=1.025
  derivmatch lr=0.0003 iter=80/1600 loss=0.8439
  derivmatch lr=0.0003 iter=160/1600 loss=0.9272
  derivmatch lr=0.0003 iter=240/1600 loss=0.8797
  derivmatch lr=0.0003 iter=320/1600 loss=1.156
  derivmatch lr=0.0003 iter=400/1600 loss=0.8891
  derivmatch lr=0.0003 iter=480/1600 loss=0.78
  derivmatch lr=0.0003 iter=560/1600 loss=0.7422
  derivmatch lr=0.0003 iter=640/1600 loss=0.5132
  derivmatch lr=0.0003 iter=720/1600 loss=0.5117
  derivmatch lr=0.0003 iter=800/1600 loss=0.5887
  derivmatch lr=0.0003 iter=880/1600 loss=0.7499
  derivmatch lr=0.0003 iter=960/1600 loss=0.7389
  derivmatch lr=0.0003 iter=1040/1600 loss=0.5899
  derivmatch lr=0.0003 iter=1120/1600 loss=0.5362
  derivmatch lr=0.0003 iter=1200/1600 loss=0.568
  derivmatch lr=0.0003 iter=1280/1600 loss=0.6954
  derivmatch lr=0.0003 iter=1360/1600 loss=0.4857
  derivmatch lr=0.0003 iter=1440/1600 loss=0.6978
  derivmatch lr=0.0003 iter=1520/1600 loss=0.9929
  derivmatch lr=0.0003 iter=1600/1600 loss=0.4739
  derivmatch lr=0.0003 iter=1600/1600 loss=0.4202
derivative matching [29s]  fitloss=0.42
  [derivative matching]  nrmse=6.317  l2=6.174
  collocation: M=75 residuals=2176  detecting sparsity + solving...

Algorithm: LevenbergMarquardt(
    trustregion = LevenbergMarquardtTrustRegion(
        β_uphill = 0.0
    ),
    descent = GeodesicAcceleration(
        descent = DampedNewtonDescent(
            linsolve = QRFactorization(
                pivot = NoPivot(),
                blocksize = 16,
                inplace = true
            ),
            initial_damping = 1.0,
            damping_fn = LevenbergMarquardtDampingFunction(
                increase_factor = 2.0,
                decrease_factor = 3.0,
                min_damping = 1.0e-8
            ),
            min_norm_mode = :auto
        ),
        finite_diff_step_geodesic = 0.1,
        α = 0.75
    ),
    autodiff = AutoForwardDiff(),
    vjp_autodiff = AutoFiniteDiff(
        fdtype = Val{:forward}(),
        fdjtype = Val{:forward}(),
        fdhtype = Val{:hcentral}(),
        dir = true
    ),
    jvp_autodiff = AutoForwardDiff(),
    concrete_jac = Val{true}()
)

----    	-------------       	-----------         
Iter    	f(u) 2-norm         	Step 2-norm         
----    	-------------       	-----------         
0       	7.31473716e+02      	NaN                 
1       	1.04661894e+04      	1.18110287e-01      
8       	1.11385559e+03      	2.62580671e-02      
15      	3.64209824e+01      	8.34449552e-02      
22      	2.27426811e-01      	8.38657988e-03      
29      	2.27353238e-01      	3.50416558e-03      
36      	2.27351744e-01      	3.32456806e-04      
43      	2.27351709e-01      	5.00179585e-05      
50      	2.27351709e-01      	8.03327120e-06      
57      	2.27351709e-01      	1.48807810e-06      
64      	2.27351709e-01      	2.55764927e-06      
71      	2.27351709e-01      	1.82150871e-06      
78      	2.27351709e-01      	1.37379298e-06      
85      	2.27351709e-01      	2.15002647e-06      
92      	2.27351709e-01      	1.68674418e-06      
99      	2.27351709e-01      	2.19226715e-06      
106     	2.27351709e-01      	3.22717719e-06      
113     	2.27351709e-01      	1.94308424e-06      
120     	2.27351709e-01      	1.24737530e-06      
127     	2.27351709e-01      	1.06481173e-06      
134     	2.27351709e-01      	3.66222592e-06      
141     	2.27351709e-01      	3.59820800e-06      
148     	2.27351709e-01      	1.09381648e-06      
Final   	2.27351709e-01      
----------------------      
  AMR 1/1: M=75  err=0.00891  obs=0.00414  nrmse=0.914  best=0.914  refined=0
collocation [231s]
  [final]  nrmse=0.9144  l2=0.689
extrapolation window: T=321.8122 -> T_test=643.624  n_test=100
  [train]  E_traj=1.867  E_VF=0.8127  E_spec=8.111e15
  [test ]  E_traj=127900.0  E_VF=7.342e6  E_spec=7.144999999999999e26
saved /orcd/home/002/txenakis/projects/BVPsolver/src/../data/runs/run_bAwWv5Cp/hires_fit.png
saved /orcd/home/002/txenakis/projects/BVPsolver/src/../data/runs/run_bAwWv5Cp/hires_fit_extrapolated.png
saved /orcd/home/002/txenakis/projects/BVPsolver/src/../data/runs/run_bAwWv5Cp/hires_spectral_fit_extrapolated.png
saved /orcd/home/002/txenakis/projects/BVPsolver/src/../data/runs/run_bAwWv5Cp/hires_vf_fit_extrapolated.png
┌ Warning: Attempting to store StiffNN.var"#18#19"{Type{Float64}}.
│ JLD2 only stores functions by name.
│  This may not be useful for anonymous functions.
└ @ JLD2 ~/.julia/packages/JLD2/ADycq/src/data/writing_datatypes.jl:447
saved run → /orcd/home/002/txenakis/projects/BVPsolver/src/../data/runs/run_bAwWv5Cp
--------------------------------------
Done: Wed Aug 26 22:39:17 EDT 2026
