Task 268/416: --problem hires --model GELU-scaled --profile fast --seed 13 --pretraining derivmatch --training collocation
Logging to /home/txenakis/projects/BVPsolver/logs/run_main_20391846_268.log
hires  model=GELU-scaled d=8 tlen=50 profile=fast seed=13  solver=Rodas5  N=243
  derivmatch lr=0.01 iter=170/3400 loss=7.785
  derivmatch lr=0.01 iter=340/3400 loss=2.406
  derivmatch lr=0.01 iter=510/3400 loss=0.9295
  derivmatch lr=0.01 iter=680/3400 loss=0.8208
  derivmatch lr=0.01 iter=850/3400 loss=0.7114
  derivmatch lr=0.01 iter=1020/3400 loss=0.4309
  derivmatch lr=0.01 iter=1190/3400 loss=1.564
  derivmatch lr=0.01 iter=1360/3400 loss=0.4732
  derivmatch lr=0.01 iter=1530/3400 loss=0.3804
  derivmatch lr=0.01 iter=1700/3400 loss=0.3177
  derivmatch lr=0.01 iter=1870/3400 loss=0.2945
  derivmatch lr=0.01 iter=2040/3400 loss=0.3591
  derivmatch lr=0.01 iter=2210/3400 loss=0.284
  derivmatch lr=0.01 iter=2380/3400 loss=0.3467
  derivmatch lr=0.01 iter=2550/3400 loss=0.2446
  derivmatch lr=0.01 iter=2720/3400 loss=0.211
  derivmatch lr=0.01 iter=2890/3400 loss=0.4343
  derivmatch lr=0.01 iter=3060/3400 loss=0.3292
  derivmatch lr=0.01 iter=3230/3400 loss=0.2037
  derivmatch lr=0.01 iter=3400/3400 loss=0.2745
  derivmatch lr=0.01 iter=3400/3400 loss=0.1708
  derivmatch lr=0.003 iter=125/2500 loss=0.1589
  derivmatch lr=0.003 iter=250/2500 loss=0.1532
  derivmatch lr=0.003 iter=375/2500 loss=0.1491
  derivmatch lr=0.003 iter=500/2500 loss=0.1439
  derivmatch lr=0.003 iter=625/2500 loss=0.1415
  derivmatch lr=0.003 iter=750/2500 loss=0.1375
  derivmatch lr=0.003 iter=875/2500 loss=0.136
  derivmatch lr=0.003 iter=1000/2500 loss=0.1328
  derivmatch lr=0.003 iter=1125/2500 loss=0.1321
  derivmatch lr=0.003 iter=1250/2500 loss=0.1269
  derivmatch lr=0.003 iter=1375/2500 loss=0.1295
  derivmatch lr=0.003 iter=1500/2500 loss=0.1268
  derivmatch lr=0.003 iter=1625/2500 loss=0.1263
  derivmatch lr=0.003 iter=1750/2500 loss=0.1246
  derivmatch lr=0.003 iter=1875/2500 loss=0.125
  derivmatch lr=0.003 iter=2000/2500 loss=0.1228
  derivmatch lr=0.003 iter=2125/2500 loss=1.102
  derivmatch lr=0.003 iter=2250/2500 loss=0.1268
  derivmatch lr=0.003 iter=2375/2500 loss=0.1234
  derivmatch lr=0.003 iter=2500/2500 loss=0.1231
  derivmatch lr=0.003 iter=2500/2500 loss=0.122
  derivmatch lr=0.001 iter=125/2500 loss=0.116
  derivmatch lr=0.001 iter=250/2500 loss=0.1156
  derivmatch lr=0.001 iter=375/2500 loss=0.1152
  derivmatch lr=0.001 iter=500/2500 loss=0.1149
  derivmatch lr=0.001 iter=625/2500 loss=0.115
  derivmatch lr=0.001 iter=750/2500 loss=0.1162
  derivmatch lr=0.001 iter=875/2500 loss=0.1143
  derivmatch lr=0.001 iter=1000/2500 loss=0.1137
  derivmatch lr=0.001 iter=1125/2500 loss=0.1133
  derivmatch lr=0.001 iter=1250/2500 loss=0.1131
  derivmatch lr=0.001 iter=1375/2500 loss=0.1139
  derivmatch lr=0.001 iter=1500/2500 loss=0.1157
  derivmatch lr=0.001 iter=1625/2500 loss=0.1128
  derivmatch lr=0.001 iter=1750/2500 loss=0.1123
  derivmatch lr=0.001 iter=1875/2500 loss=0.1139
  derivmatch lr=0.001 iter=2000/2500 loss=0.1105
  derivmatch lr=0.001 iter=2125/2500 loss=0.1116
  derivmatch lr=0.001 iter=2250/2500 loss=0.11
  derivmatch lr=0.001 iter=2375/2500 loss=0.1109
  derivmatch lr=0.001 iter=2500/2500 loss=0.1099
  derivmatch lr=0.001 iter=2500/2500 loss=0.1085
  derivmatch lr=0.0003 iter=80/1600 loss=0.1085
  derivmatch lr=0.0003 iter=160/1600 loss=0.1084
  derivmatch lr=0.0003 iter=240/1600 loss=0.1083
  derivmatch lr=0.0003 iter=320/1600 loss=0.1082
  derivmatch lr=0.0003 iter=400/1600 loss=0.1081
  derivmatch lr=0.0003 iter=480/1600 loss=0.108
  derivmatch lr=0.0003 iter=560/1600 loss=0.1079
  derivmatch lr=0.0003 iter=640/1600 loss=0.1078
  derivmatch lr=0.0003 iter=720/1600 loss=0.1076
  derivmatch lr=0.0003 iter=800/1600 loss=0.1075
  derivmatch lr=0.0003 iter=880/1600 loss=0.1073
  derivmatch lr=0.0003 iter=960/1600 loss=0.1071
  derivmatch lr=0.0003 iter=1040/1600 loss=0.1069
  derivmatch lr=0.0003 iter=1120/1600 loss=0.1068
  derivmatch lr=0.0003 iter=1200/1600 loss=0.1066
  derivmatch lr=0.0003 iter=1280/1600 loss=0.1064
  derivmatch lr=0.0003 iter=1360/1600 loss=0.1062
  derivmatch lr=0.0003 iter=1440/1600 loss=0.1059
  derivmatch lr=0.0003 iter=1520/1600 loss=0.1057
  derivmatch lr=0.0003 iter=1600/1600 loss=0.1056
  derivmatch lr=0.0003 iter=1600/1600 loss=0.1055
derivative matching [25s]  fitloss=0.105
  [derivative matching]  nrmse=292.7  l2=2109.0
  collocation: M=75 residuals=2176  detecting sparsity + solving...

Algorithm: LevenbergMarquardt(
    trustregion = LevenbergMarquardtTrustRegion(
        β_uphill = 0.0
    ),
    descent = GeodesicAcceleration(
        descent = DampedNewtonDescent(
            linsolve = QRFactorization(
                pivot = NoPivot(),
                blocksize = 16,
                inplace = true
            ),
            initial_damping = 1.0,
            damping_fn = LevenbergMarquardtDampingFunction(
                increase_factor = 2.0,
                decrease_factor = 3.0,
                min_damping = 1.0e-8
            ),
            min_norm_mode = :auto
        ),
        finite_diff_step_geodesic = 0.1,
        α = 0.75
    ),
    autodiff = AutoForwardDiff(),
    vjp_autodiff = AutoFiniteDiff(
        fdtype = Val{:forward}(),
        fdjtype = Val{:forward}(),
        fdhtype = Val{:hcentral}(),
        dir = true
    ),
    jvp_autodiff = AutoForwardDiff(),
    concrete_jac = Val{true}()
)

----    	-------------       	-----------         
Iter    	f(u) 2-norm         	Step 2-norm         
----    	-------------       	-----------         
0       	6.58466776e+02      	NaN                 
1       	6.58466776e+02      	0.00000000e+00      
8       	3.41057303e+02      	0.00000000e+00      
15      	1.15616828e+02      	9.41890422e-01      
22      	8.43649797e-01      	1.01043946e+01      
29      	3.68453260e-01      	5.01083490e-01      
36      	3.07632114e-01      	0.00000000e+00      
43      	2.73390151e-01      	2.12515669e-01      
50      	2.56414335e-01      	1.46319792e+00      
57      	1.09550217e+00      	3.40968813e+01      
64      	3.82264691e+01      	6.49706884e+01      
71      	6.37328585e+01      	0.00000000e+00      
78      	6.37328585e+01      	0.00000000e+00      
85      	6.37328585e+01      	0.00000000e+00      
92      	1.38799583e-01      	3.64780739e-01      
99      	6.88966654e-02      	1.77494992e-01      
106     	1.88615772e+01      	0.00000000e+00      
113     	8.71933929e-02      	0.00000000e+00      
120     	5.20071121e-02      	7.29697217e-03      
127     	5.75985963e-02      	4.67086147e-01      
134     	2.74611942e-01      	0.00000000e+00      
141     	5.74100063e+01      	0.00000000e+00      
148     	5.74100063e+01      	0.00000000e+00      
Final   	5.19336203e-02      
----------------------      
  AMR 1/1: M=75  err=0.000285  obs=0.0015  nrmse=0.206  best=0.206  refined=0
collocation [41s]
  [final]  nrmse=0.2061  l2=0.225
extrapolation window: T=321.8122 -> T_test=643.624  n_test=100
  [train]  E_traj=0.09407  E_VF=0.4662  E_spec=0.9823
  [test ]  E_traj=9.935e8  E_VF=821700.0  E_spec=0.9096
saved /orcd/home/002/txenakis/projects/BVPsolver/src/../data/runs/run_clPO9pR6/hires_fit.png
saved /orcd/home/002/txenakis/projects/BVPsolver/src/../data/runs/run_clPO9pR6/hires_fit_extrapolated.png
saved /orcd/home/002/txenakis/projects/BVPsolver/src/../data/runs/run_clPO9pR6/hires_spectral_fit_extrapolated.png
saved /orcd/home/002/txenakis/projects/BVPsolver/src/../data/runs/run_clPO9pR6/hires_vf_fit_extrapolated.png
┌ Warning: Attempting to store StiffNN.var"#18#19"{Type{Float64}}.
│ JLD2 only stores functions by name.
│  This may not be useful for anonymous functions.
└ @ JLD2 ~/.julia/packages/JLD2/ADycq/src/data/writing_datatypes.jl:447
saved run → /orcd/home/002/txenakis/projects/BVPsolver/src/../data/runs/run_clPO9pR6
--------------------------------------
Done: Thu Aug 13 23:39:23 EDT 2026
