Task 379/416: --problem davis-skodje --model mlp --profile fast --seed 14 --pretraining derivmatch --training none
Logging to /home/txenakis/projects/BVPsolver/logs/run_main_20391846_379.log
davis-skodje  model=mlp d=2 tlen=300 profile=fast seed=14  solver=Rodas5P  N=218
  derivmatch lr=0.01 iter=170/3400 loss=4.447
  derivmatch lr=0.01 iter=340/3400 loss=3.494
  derivmatch lr=0.01 iter=510/3400 loss=2.151
  derivmatch lr=0.01 iter=680/3400 loss=2.051
  derivmatch lr=0.01 iter=850/3400 loss=2.305
  derivmatch lr=0.01 iter=1020/3400 loss=2.592
  derivmatch lr=0.01 iter=1190/3400 loss=1.249
  derivmatch lr=0.01 iter=1360/3400 loss=1.385
  derivmatch lr=0.01 iter=1530/3400 loss=1.755
  derivmatch lr=0.01 iter=1700/3400 loss=0.8063
  derivmatch lr=0.01 iter=1870/3400 loss=1.462
  derivmatch lr=0.01 iter=2040/3400 loss=1.271
  derivmatch lr=0.01 iter=2210/3400 loss=1.852
  derivmatch lr=0.01 iter=2380/3400 loss=1.28
  derivmatch lr=0.01 iter=2550/3400 loss=1.614
  derivmatch lr=0.01 iter=2720/3400 loss=1.087
  derivmatch lr=0.01 iter=2890/3400 loss=0.5378
  derivmatch lr=0.01 iter=3060/3400 loss=0.8377
  derivmatch lr=0.01 iter=3230/3400 loss=1.644
  derivmatch lr=0.01 iter=3400/3400 loss=1.167
  derivmatch lr=0.01 iter=3400/3400 loss=0.4194
  derivmatch lr=0.003 iter=125/2500 loss=0.4158
  derivmatch lr=0.003 iter=250/2500 loss=0.369
  derivmatch lr=0.003 iter=375/2500 loss=0.3937
  derivmatch lr=0.003 iter=500/2500 loss=0.3576
  derivmatch lr=0.003 iter=625/2500 loss=0.3765
  derivmatch lr=0.003 iter=750/2500 loss=0.3074
  derivmatch lr=0.003 iter=875/2500 loss=0.3612
  derivmatch lr=0.003 iter=1000/2500 loss=0.3082
  derivmatch lr=0.003 iter=1125/2500 loss=0.3045
  derivmatch lr=0.003 iter=1250/2500 loss=0.2745
  derivmatch lr=0.003 iter=1375/2500 loss=0.2991
  derivmatch lr=0.003 iter=1500/2500 loss=0.2738
  derivmatch lr=0.003 iter=1625/2500 loss=0.27
  derivmatch lr=0.003 iter=1750/2500 loss=0.2538
  derivmatch lr=0.003 iter=1875/2500 loss=0.2706
  derivmatch lr=0.003 iter=2000/2500 loss=0.2551
  derivmatch lr=0.003 iter=2125/2500 loss=0.2572
  derivmatch lr=0.003 iter=2250/2500 loss=0.22
  derivmatch lr=0.003 iter=2375/2500 loss=0.2604
  derivmatch lr=0.003 iter=2500/2500 loss=0.2327
  derivmatch lr=0.003 iter=2500/2500 loss=0.2099
  derivmatch lr=0.001 iter=125/2500 loss=0.1992
  derivmatch lr=0.001 iter=250/2500 loss=0.1964
  derivmatch lr=0.001 iter=375/2500 loss=0.1933
  derivmatch lr=0.001 iter=500/2500 loss=0.1917
  derivmatch lr=0.001 iter=625/2500 loss=0.1883
  derivmatch lr=0.001 iter=750/2500 loss=0.1848
  derivmatch lr=0.001 iter=875/2500 loss=0.1815
  derivmatch lr=0.001 iter=1000/2500 loss=0.1778
  derivmatch lr=0.001 iter=1125/2500 loss=0.1745
  derivmatch lr=0.001 iter=1250/2500 loss=0.171
  derivmatch lr=0.001 iter=1375/2500 loss=0.1678
  derivmatch lr=0.001 iter=1500/2500 loss=0.1644
  derivmatch lr=0.001 iter=1625/2500 loss=0.1614
  derivmatch lr=0.001 iter=1750/2500 loss=0.1581
  derivmatch lr=0.001 iter=1875/2500 loss=0.1553
  derivmatch lr=0.001 iter=2000/2500 loss=0.1523
  derivmatch lr=0.001 iter=2125/2500 loss=0.1496
  derivmatch lr=0.001 iter=2250/2500 loss=0.1468
  derivmatch lr=0.001 iter=2375/2500 loss=0.1443
  derivmatch lr=0.001 iter=2500/2500 loss=0.1409
  derivmatch lr=0.001 iter=2500/2500 loss=0.1405
  derivmatch lr=0.0003 iter=80/1600 loss=0.1398
  derivmatch lr=0.0003 iter=160/1600 loss=0.1393
  derivmatch lr=0.0003 iter=240/1600 loss=0.1388
  derivmatch lr=0.0003 iter=320/1600 loss=0.1381
  derivmatch lr=0.0003 iter=400/1600 loss=0.1375
  derivmatch lr=0.0003 iter=480/1600 loss=0.1367
  derivmatch lr=0.0003 iter=560/1600 loss=0.136
  derivmatch lr=0.0003 iter=640/1600 loss=0.1352
  derivmatch lr=0.0003 iter=720/1600 loss=0.1343
  derivmatch lr=0.0003 iter=800/1600 loss=0.1336
  derivmatch lr=0.0003 iter=880/1600 loss=0.1328
  derivmatch lr=0.0003 iter=960/1600 loss=0.132
  derivmatch lr=0.0003 iter=1040/1600 loss=0.1312
  derivmatch lr=0.0003 iter=1120/1600 loss=0.1304
  derivmatch lr=0.0003 iter=1200/1600 loss=0.1296
  derivmatch lr=0.0003 iter=1280/1600 loss=0.1288
  derivmatch lr=0.0003 iter=1360/1600 loss=0.1281
  derivmatch lr=0.0003 iter=1440/1600 loss=0.1274
  derivmatch lr=0.0003 iter=1520/1600 loss=0.1265
  derivmatch lr=0.0003 iter=1600/1600 loss=0.1258
  derivmatch lr=0.0003 iter=1600/1600 loss=0.1258
derivative matching [23s]  fitloss=0.126
  [derivative matching]  nrmse=0.04927  l2=2.412
extrapolation window: T=15.0 -> T_test=30.0  n_test=600
  [train]  E_traj=0.007297  E_VF=0.1601  E_spec=0.4587
  [test ]  E_traj=954400.0  E_VF=2.267e10  E_spec=0.02051
saved /orcd/home/002/txenakis/projects/BVPsolver/src/../data/runs/run_jZK7iTiK/davis-skodje_fit.png
saved /orcd/home/002/txenakis/projects/BVPsolver/src/../data/runs/run_jZK7iTiK/davis-skodje_fit_extrapolated.png
saved /orcd/home/002/txenakis/projects/BVPsolver/src/../data/runs/run_jZK7iTiK/davis-skodje_spectral_fit_extrapolated.png
saved /orcd/home/002/txenakis/projects/BVPsolver/src/../data/runs/run_jZK7iTiK/davis-skodje_vf_fit_extrapolated.png
┌ Warning: Attempting to store StiffNN.var"#22#23"{Float64}.
│ JLD2 only stores functions by name.
│  This may not be useful for anonymous functions.
└ @ JLD2 ~/.julia/packages/JLD2/ADycq/src/data/writing_datatypes.jl:447
saved run → /orcd/home/002/txenakis/projects/BVPsolver/src/../data/runs/run_jZK7iTiK
--------------------------------------
Done: Fri Aug 14 00:14:46 EDT 2026
