Task 141/416: --problem vanderpol --model stiff --profile fast --seed 15 --pretraining derivmatch --training none
Logging to /home/txenakis/projects/BVPsolver/logs/run_main_21347893_141.log
vanderpol  model=stiff width=12 d=2 tlen=151 profile=fast seed=15  solver=Kvaerno5  N=268
  derivmatch lr=0.01 iter=170/3400 loss=5.689
  derivmatch lr=0.01 iter=340/3400 loss=1.739
  derivmatch lr=0.01 iter=510/3400 loss=5.358
  derivmatch lr=0.01 iter=680/3400 loss=3.43
  derivmatch lr=0.01 iter=850/3400 loss=1.173
  derivmatch lr=0.01 iter=1020/3400 loss=1.023
  derivmatch lr=0.01 iter=1190/3400 loss=2.153
  derivmatch lr=0.01 iter=1360/3400 loss=1.969
  derivmatch lr=0.01 iter=1530/3400 loss=2.342
  derivmatch lr=0.01 iter=1700/3400 loss=1.969
  derivmatch lr=0.01 iter=1870/3400 loss=1.689
  derivmatch lr=0.01 iter=2040/3400 loss=2.616
  derivmatch lr=0.01 iter=2210/3400 loss=3.542
  derivmatch lr=0.01 iter=2380/3400 loss=3.837
  derivmatch lr=0.01 iter=2550/3400 loss=1.401
  derivmatch lr=0.01 iter=2720/3400 loss=1.267
  derivmatch lr=0.01 iter=2890/3400 loss=3.256
  derivmatch lr=0.01 iter=3060/3400 loss=1.498
  derivmatch lr=0.01 iter=3230/3400 loss=2.783
  derivmatch lr=0.01 iter=3400/3400 loss=1.401
  derivmatch lr=0.01 iter=3400/3400 loss=0.07201
  derivmatch lr=0.003 iter=125/2500 loss=0.06181
  derivmatch lr=0.003 iter=250/2500 loss=0.0414
  derivmatch lr=0.003 iter=375/2500 loss=0.0407
  derivmatch lr=0.003 iter=500/2500 loss=0.03749
  derivmatch lr=0.003 iter=625/2500 loss=0.03757
  derivmatch lr=0.003 iter=750/2500 loss=0.03717
  derivmatch lr=0.003 iter=875/2500 loss=0.04019
  derivmatch lr=0.003 iter=1000/2500 loss=0.03635
  derivmatch lr=0.003 iter=1125/2500 loss=0.03209
  derivmatch lr=0.003 iter=1250/2500 loss=0.0322
  derivmatch lr=0.003 iter=1375/2500 loss=0.03197
  derivmatch lr=0.003 iter=1500/2500 loss=0.03046
  derivmatch lr=0.003 iter=1625/2500 loss=0.02761
  derivmatch lr=0.003 iter=1750/2500 loss=0.03056
  derivmatch lr=0.003 iter=1875/2500 loss=0.03576
  derivmatch lr=0.003 iter=2000/2500 loss=0.04174
  derivmatch lr=0.003 iter=2125/2500 loss=0.02937
  derivmatch lr=0.003 iter=2250/2500 loss=0.03405
  derivmatch lr=0.003 iter=2375/2500 loss=0.04357
  derivmatch lr=0.003 iter=2500/2500 loss=0.0486
  derivmatch lr=0.003 iter=2500/2500 loss=0.02204
  derivmatch lr=0.001 iter=125/2500 loss=0.01241
  derivmatch lr=0.001 iter=250/2500 loss=0.01176
  derivmatch lr=0.001 iter=375/2500 loss=0.01108
  derivmatch lr=0.001 iter=500/2500 loss=0.01041
  derivmatch lr=0.001 iter=625/2500 loss=0.01289
  derivmatch lr=0.001 iter=750/2500 loss=0.01568
  derivmatch lr=0.001 iter=875/2500 loss=0.008983
  derivmatch lr=0.001 iter=1000/2500 loss=0.01076
  derivmatch lr=0.001 iter=1125/2500 loss=0.008046
  derivmatch lr=0.001 iter=1250/2500 loss=0.008553
  derivmatch lr=0.001 iter=1375/2500 loss=0.007568
  derivmatch lr=0.001 iter=1500/2500 loss=0.01576
  derivmatch lr=0.001 iter=1625/2500 loss=0.01101
  derivmatch lr=0.001 iter=1750/2500 loss=0.009897
  derivmatch lr=0.001 iter=1875/2500 loss=0.009364
  derivmatch lr=0.001 iter=2000/2500 loss=0.009091
  derivmatch lr=0.001 iter=2125/2500 loss=0.007438
  derivmatch lr=0.001 iter=2250/2500 loss=0.01039
  derivmatch lr=0.001 iter=2375/2500 loss=0.01166
  derivmatch lr=0.001 iter=2500/2500 loss=0.008401
  derivmatch lr=0.001 iter=2500/2500 loss=0.006305
  derivmatch lr=0.0003 iter=80/1600 loss=0.004961
  derivmatch lr=0.0003 iter=160/1600 loss=0.004864
  derivmatch lr=0.0003 iter=240/1600 loss=0.004807
  derivmatch lr=0.0003 iter=320/1600 loss=0.004741
  derivmatch lr=0.0003 iter=400/1600 loss=0.004668
  derivmatch lr=0.0003 iter=480/1600 loss=0.004589
  derivmatch lr=0.0003 iter=560/1600 loss=0.004506
  derivmatch lr=0.0003 iter=640/1600 loss=0.004417
  derivmatch lr=0.0003 iter=720/1600 loss=0.004325
  derivmatch lr=0.0003 iter=800/1600 loss=0.00423
  derivmatch lr=0.0003 iter=880/1600 loss=0.004131
  derivmatch lr=0.0003 iter=960/1600 loss=0.00403
  derivmatch lr=0.0003 iter=1040/1600 loss=0.003926
  derivmatch lr=0.0003 iter=1120/1600 loss=0.00382
  derivmatch lr=0.0003 iter=1200/1600 loss=0.004805
  derivmatch lr=0.0003 iter=1280/1600 loss=0.003619
  derivmatch lr=0.0003 iter=1360/1600 loss=0.003515
  derivmatch lr=0.0003 iter=1440/1600 loss=0.003412
  derivmatch lr=0.0003 iter=1520/1600 loss=0.003315
  derivmatch lr=0.0003 iter=1600/1600 loss=0.003218
  derivmatch lr=0.0003 iter=1600/1600 loss=0.003216
derivative matching [34s]  fitloss=0.00322
  [derivative matching]  nrmse=0.3255  l2=325.0
extrapolation window: T=200.0 -> T_test=400.0  n_test=302
  [train]  E_traj=1.128  E_VF=0.01901  E_spec=0.2785
  [test ]  E_traj=2.783  E_VF=10.19  E_spec=0.3394
saved /orcd/home/002/txenakis/projects/BVPsolver/src/../data/runs/run_403tlARX/vanderpol_fit.png
saved /orcd/home/002/txenakis/projects/BVPsolver/src/../data/runs/run_403tlARX/vanderpol_fit_extrapolated.png
saved /orcd/home/002/txenakis/projects/BVPsolver/src/../data/runs/run_403tlARX/vanderpol_spectral_fit_extrapolated.png
saved /orcd/home/002/txenakis/projects/BVPsolver/src/../data/runs/run_403tlARX/vanderpol_vf_fit_extrapolated.png
┌ Warning: Attempting to store StiffNN.var"#14#15"{Float64}.
│ JLD2 only stores functions by name.
│  This may not be useful for anonymous functions.
└ @ JLD2 ~/.julia/packages/JLD2/ADycq/src/data/writing_datatypes.jl:447
saved run → /orcd/home/002/txenakis/projects/BVPsolver/src/../data/runs/run_403tlARX
--------------------------------------
Done: Wed Aug 26 21:15:43 EDT 2026
