Task 245/416: --problem hires --model mlp --profile fast --seed 15 --pretraining derivmatch --training collocation
Logging to /home/txenakis/projects/BVPsolver/logs/run_main_21347893_245.log
hires  model=mlp width=21 d=8 tlen=50 profile=fast seed=15  solver=Rodas5  N=827
  derivmatch lr=0.01 iter=170/3400 loss=48.69
  derivmatch lr=0.01 iter=340/3400 loss=37.72
  derivmatch lr=0.01 iter=510/3400 loss=38.49
  derivmatch lr=0.01 iter=680/3400 loss=50.99
  derivmatch lr=0.01 iter=850/3400 loss=29.96
  derivmatch lr=0.01 iter=1020/3400 loss=36.86
  derivmatch lr=0.01 iter=1190/3400 loss=26.18
  derivmatch lr=0.01 iter=1360/3400 loss=18.83
  derivmatch lr=0.01 iter=1530/3400 loss=23.37
  derivmatch lr=0.01 iter=1700/3400 loss=18.47
  derivmatch lr=0.01 iter=1870/3400 loss=29.29
  derivmatch lr=0.01 iter=2040/3400 loss=22.09
  derivmatch lr=0.01 iter=2210/3400 loss=16.73
  derivmatch lr=0.01 iter=2380/3400 loss=19.5
  derivmatch lr=0.01 iter=2550/3400 loss=15.45
  derivmatch lr=0.01 iter=2720/3400 loss=20.48
  derivmatch lr=0.01 iter=2890/3400 loss=13.13
  derivmatch lr=0.01 iter=3060/3400 loss=16.24
  derivmatch lr=0.01 iter=3230/3400 loss=15.24
  derivmatch lr=0.01 iter=3400/3400 loss=16.03
  derivmatch lr=0.01 iter=3400/3400 loss=9.722
  derivmatch lr=0.003 iter=125/2500 loss=6.133
  derivmatch lr=0.003 iter=250/2500 loss=7.3
  derivmatch lr=0.003 iter=375/2500 loss=9.227
  derivmatch lr=0.003 iter=500/2500 loss=6.509
  derivmatch lr=0.003 iter=625/2500 loss=5.44
  derivmatch lr=0.003 iter=750/2500 loss=6.872
  derivmatch lr=0.003 iter=875/2500 loss=4.961
  derivmatch lr=0.003 iter=1000/2500 loss=5.233
  derivmatch lr=0.003 iter=1125/2500 loss=5.264
  derivmatch lr=0.003 iter=1250/2500 loss=5.375
  derivmatch lr=0.003 iter=1375/2500 loss=4.827
  derivmatch lr=0.003 iter=1500/2500 loss=5.657
  derivmatch lr=0.003 iter=1625/2500 loss=4.987
  derivmatch lr=0.003 iter=1750/2500 loss=4.741
  derivmatch lr=0.003 iter=1875/2500 loss=4.309
  derivmatch lr=0.003 iter=2000/2500 loss=6.607
  derivmatch lr=0.003 iter=2125/2500 loss=6.305
  derivmatch lr=0.003 iter=2250/2500 loss=5.637
  derivmatch lr=0.003 iter=2375/2500 loss=4.306
  derivmatch lr=0.003 iter=2500/2500 loss=5.328
  derivmatch lr=0.003 iter=2500/2500 loss=3.09
  derivmatch lr=0.001 iter=125/2500 loss=2.794
  derivmatch lr=0.001 iter=250/2500 loss=2.236
  derivmatch lr=0.001 iter=375/2500 loss=2.452
  derivmatch lr=0.001 iter=500/2500 loss=2.228
  derivmatch lr=0.001 iter=625/2500 loss=2.58
  derivmatch lr=0.001 iter=750/2500 loss=1.924
  derivmatch lr=0.001 iter=875/2500 loss=1.927
  derivmatch lr=0.001 iter=1000/2500 loss=1.997
  derivmatch lr=0.001 iter=1125/2500 loss=2.202
  derivmatch lr=0.001 iter=1250/2500 loss=2.166
  derivmatch lr=0.001 iter=1375/2500 loss=2.238
  derivmatch lr=0.001 iter=1500/2500 loss=2.018
  derivmatch lr=0.001 iter=1625/2500 loss=1.99
  derivmatch lr=0.001 iter=1750/2500 loss=2.005
  derivmatch lr=0.001 iter=1875/2500 loss=1.796
  derivmatch lr=0.001 iter=2000/2500 loss=2.626
  derivmatch lr=0.001 iter=2125/2500 loss=1.62
  derivmatch lr=0.001 iter=2250/2500 loss=1.324
  derivmatch lr=0.001 iter=2375/2500 loss=2.17
  derivmatch lr=0.001 iter=2500/2500 loss=1.924
  derivmatch lr=0.001 iter=2500/2500 loss=1.051
  derivmatch lr=0.0003 iter=80/1600 loss=1.006
  derivmatch lr=0.0003 iter=160/1600 loss=0.9558
  derivmatch lr=0.0003 iter=240/1600 loss=0.6708
  derivmatch lr=0.0003 iter=320/1600 loss=0.9525
  derivmatch lr=0.0003 iter=400/1600 loss=0.6811
  derivmatch lr=0.0003 iter=480/1600 loss=0.6512
  derivmatch lr=0.0003 iter=560/1600 loss=0.757
  derivmatch lr=0.0003 iter=640/1600 loss=0.7825
  derivmatch lr=0.0003 iter=720/1600 loss=0.6086
  derivmatch lr=0.0003 iter=800/1600 loss=0.8295
  derivmatch lr=0.0003 iter=880/1600 loss=1.175
  derivmatch lr=0.0003 iter=960/1600 loss=0.5485
  derivmatch lr=0.0003 iter=1040/1600 loss=0.5553
  derivmatch lr=0.0003 iter=1120/1600 loss=0.589
  derivmatch lr=0.0003 iter=1200/1600 loss=0.6756
  derivmatch lr=0.0003 iter=1280/1600 loss=0.6868
  derivmatch lr=0.0003 iter=1360/1600 loss=0.5686
  derivmatch lr=0.0003 iter=1440/1600 loss=0.6978
  derivmatch lr=0.0003 iter=1520/1600 loss=0.7559
  derivmatch lr=0.0003 iter=1600/1600 loss=0.66
  derivmatch lr=0.0003 iter=1600/1600 loss=0.4974
derivative matching [28s]  fitloss=0.497
  [derivative matching]  nrmse=81.49  l2=135.6
  collocation: M=75 residuals=2176  detecting sparsity + solving...

Algorithm: LevenbergMarquardt(
    trustregion = LevenbergMarquardtTrustRegion(
        β_uphill = 0.0
    ),
    descent = GeodesicAcceleration(
        descent = DampedNewtonDescent(
            linsolve = QRFactorization(
                pivot = NoPivot(),
                blocksize = 16,
                inplace = true
            ),
            initial_damping = 1.0,
            damping_fn = LevenbergMarquardtDampingFunction(
                increase_factor = 2.0,
                decrease_factor = 3.0,
                min_damping = 1.0e-8
            ),
            min_norm_mode = :auto
        ),
        finite_diff_step_geodesic = 0.1,
        α = 0.75
    ),
    autodiff = AutoForwardDiff(),
    vjp_autodiff = AutoFiniteDiff(
        fdtype = Val{:forward}(),
        fdjtype = Val{:forward}(),
        fdhtype = Val{:hcentral}(),
        dir = true
    ),
    jvp_autodiff = AutoForwardDiff(),
    concrete_jac = Val{true}()
)

----    	-------------       	-----------         
Iter    	f(u) 2-norm         	Step 2-norm         
----    	-------------       	-----------         
0       	7.70523949e+02      	NaN                 
1       	5.51764258e+03      	1.33701798e-01      
8       	1.61745404e+03      	4.28320286e-02      
15      	1.50655018e+02      	9.01588607e-02      
22      	4.51731049e+01      	6.92864938e-02      
29      	1.88238884e-01      	4.24695561e-03      
36      	1.87775436e-01      	5.72354398e-04      
43      	1.87775393e-01      	7.75595897e-05      
50      	1.87775392e-01      	1.10865206e-05      
57      	1.87775392e-01      	4.99894695e-06      
64      	1.87775392e-01      	1.87790726e-06      
71      	1.87775392e-01      	1.85559392e-06      
78      	1.87775392e-01      	1.95916080e-06      
85      	1.87775392e-01      	4.06687318e-06      
92      	1.87775392e-01      	7.19511383e-06      
99      	1.87775392e-01      	2.89688559e-06      
106     	1.87775392e-01      	1.34335759e-06      
113     	1.87775392e-01      	2.16679124e-06      
120     	1.87775392e-01      	3.07508675e-06      
127     	1.87775392e-01      	2.33454718e-06      
134     	1.87775392e-01      	2.49288994e-06      
141     	1.87775392e-01      	6.84967538e-06      
148     	1.87775392e-01      	4.66406326e-06      
Final   	1.87775392e-01      
----------------------      
  AMR 1/1: M=75  err=0.00712  obs=0.00325  nrmse=83.5  best=81.5  refined=0
 derivative matching was best (1/1 rounds ran)
collocation [190s]
  [final]  nrmse=81.49  l2=135.6
extrapolation window: T=321.8122 -> T_test=643.624  n_test=100
  [train]  E_traj=54040.0  E_VF=0.4153  E_spec=2.83e14
  [test ]  E_traj=1.27e11  E_VF=109000.0  E_spec=2.735e23
saved /orcd/home/002/txenakis/projects/BVPsolver/src/../data/runs/run_0A7kQGIb/hires_fit.png
saved /orcd/home/002/txenakis/projects/BVPsolver/src/../data/runs/run_0A7kQGIb/hires_fit_extrapolated.png
saved /orcd/home/002/txenakis/projects/BVPsolver/src/../data/runs/run_0A7kQGIb/hires_spectral_fit_extrapolated.png
saved /orcd/home/002/txenakis/projects/BVPsolver/src/../data/runs/run_0A7kQGIb/hires_vf_fit_extrapolated.png
┌ Warning: Attempting to store StiffNN.var"#18#19"{Type{Float64}}.
│ JLD2 only stores functions by name.
│  This may not be useful for anonymous functions.
└ @ JLD2 ~/.julia/packages/JLD2/ADycq/src/data/writing_datatypes.jl:447
saved run → /orcd/home/002/txenakis/projects/BVPsolver/src/../data/runs/run_0A7kQGIb
--------------------------------------
Done: Wed Aug 26 22:47:06 EDT 2026
