Task 226/416: --problem hires --model mlp --profile fast --seed 11 --pretraining derivmatch --training shooting
Logging to /home/txenakis/projects/BVPsolver/logs/run_main_20391846_226.log
hires  model=mlp d=8 tlen=50 profile=fast seed=11  solver=Rodas5  N=552
  derivmatch lr=0.01 iter=170/3400 loss=46.52
  derivmatch lr=0.01 iter=340/3400 loss=33.74
  derivmatch lr=0.01 iter=510/3400 loss=25.04
  derivmatch lr=0.01 iter=680/3400 loss=23.23
  derivmatch lr=0.01 iter=850/3400 loss=27.15
  derivmatch lr=0.01 iter=1020/3400 loss=29.97
  derivmatch lr=0.01 iter=1190/3400 loss=22.76
  derivmatch lr=0.01 iter=1360/3400 loss=33.47
  derivmatch lr=0.01 iter=1530/3400 loss=29.06
  derivmatch lr=0.01 iter=1700/3400 loss=24.16
  derivmatch lr=0.01 iter=1870/3400 loss=29.74
  derivmatch lr=0.01 iter=2040/3400 loss=19.22
  derivmatch lr=0.01 iter=2210/3400 loss=13.64
  derivmatch lr=0.01 iter=2380/3400 loss=14.79
  derivmatch lr=0.01 iter=2550/3400 loss=16.4
  derivmatch lr=0.01 iter=2720/3400 loss=16.75
  derivmatch lr=0.01 iter=2890/3400 loss=15.87
  derivmatch lr=0.01 iter=3060/3400 loss=13.73
  derivmatch lr=0.01 iter=3230/3400 loss=14.4
  derivmatch lr=0.01 iter=3400/3400 loss=14.81
  derivmatch lr=0.01 iter=3400/3400 loss=9.186
  derivmatch lr=0.003 iter=125/2500 loss=7.229
  derivmatch lr=0.003 iter=250/2500 loss=7.006
  derivmatch lr=0.003 iter=375/2500 loss=5.894
  derivmatch lr=0.003 iter=500/2500 loss=5.193
  derivmatch lr=0.003 iter=625/2500 loss=4.43
  derivmatch lr=0.003 iter=750/2500 loss=5.475
  derivmatch lr=0.003 iter=875/2500 loss=4.967
  derivmatch lr=0.003 iter=1000/2500 loss=4.492
  derivmatch lr=0.003 iter=1125/2500 loss=4.955
  derivmatch lr=0.003 iter=1250/2500 loss=5.596
  derivmatch lr=0.003 iter=1375/2500 loss=5.346
  derivmatch lr=0.003 iter=1500/2500 loss=4.959
  derivmatch lr=0.003 iter=1625/2500 loss=6.123
  derivmatch lr=0.003 iter=1750/2500 loss=5.252
  derivmatch lr=0.003 iter=1875/2500 loss=4.067
  derivmatch lr=0.003 iter=2000/2500 loss=5.112
  derivmatch lr=0.003 iter=2125/2500 loss=4.888
  derivmatch lr=0.003 iter=2250/2500 loss=4.649
  derivmatch lr=0.003 iter=2375/2500 loss=5.511
  derivmatch lr=0.003 iter=2500/2500 loss=5.397
  derivmatch lr=0.003 iter=2500/2500 loss=2.991
  derivmatch lr=0.001 iter=125/2500 loss=1.977
  derivmatch lr=0.001 iter=250/2500 loss=1.617
  derivmatch lr=0.001 iter=375/2500 loss=1.632
  derivmatch lr=0.001 iter=500/2500 loss=1.765
  derivmatch lr=0.001 iter=625/2500 loss=1.954
  derivmatch lr=0.001 iter=750/2500 loss=1.89
  derivmatch lr=0.001 iter=875/2500 loss=1.548
  derivmatch lr=0.001 iter=1000/2500 loss=1.736
  derivmatch lr=0.001 iter=1125/2500 loss=1.875
  derivmatch lr=0.001 iter=1250/2500 loss=2.089
  derivmatch lr=0.001 iter=1375/2500 loss=2.109
  derivmatch lr=0.001 iter=1500/2500 loss=1.983
  derivmatch lr=0.001 iter=1625/2500 loss=2.205
  derivmatch lr=0.001 iter=1750/2500 loss=2.059
  derivmatch lr=0.001 iter=1875/2500 loss=1.155
  derivmatch lr=0.001 iter=2000/2500 loss=1.815
  derivmatch lr=0.001 iter=2125/2500 loss=2.226
  derivmatch lr=0.001 iter=2250/2500 loss=1.746
  derivmatch lr=0.001 iter=2375/2500 loss=2.262
  derivmatch lr=0.001 iter=2500/2500 loss=1.556
  derivmatch lr=0.001 iter=2500/2500 loss=0.992
  derivmatch lr=0.0003 iter=80/1600 loss=0.7702
  derivmatch lr=0.0003 iter=160/1600 loss=0.7755
  derivmatch lr=0.0003 iter=240/1600 loss=0.7851
  derivmatch lr=0.0003 iter=320/1600 loss=0.7627
  derivmatch lr=0.0003 iter=400/1600 loss=0.6857
  derivmatch lr=0.0003 iter=480/1600 loss=0.6353
  derivmatch lr=0.0003 iter=560/1600 loss=0.7758
  derivmatch lr=0.0003 iter=640/1600 loss=0.67
  derivmatch lr=0.0003 iter=720/1600 loss=0.8685
  derivmatch lr=0.0003 iter=800/1600 loss=0.7675
  derivmatch lr=0.0003 iter=880/1600 loss=1.024
  derivmatch lr=0.0003 iter=960/1600 loss=0.6522
  derivmatch lr=0.0003 iter=1040/1600 loss=0.7666
  derivmatch lr=0.0003 iter=1120/1600 loss=0.8757
  derivmatch lr=0.0003 iter=1200/1600 loss=0.6746
  derivmatch lr=0.0003 iter=1280/1600 loss=0.6471
  derivmatch lr=0.0003 iter=1360/1600 loss=0.6605
  derivmatch lr=0.0003 iter=1440/1600 loss=0.5363
  derivmatch lr=0.0003 iter=1520/1600 loss=0.6458
  derivmatch lr=0.0003 iter=1600/1600 loss=0.653
  derivmatch lr=0.0003 iter=1600/1600 loss=0.4808
derivative matching [30s]  fitloss=0.481
  [derivative matching]  nrmse=39.89  l2=63.68
  shooting iter=50/1000 loss=0.1449
  shooting iter=100/1000 loss=0.09622
  shooting iter=150/1000 loss=0.0765
  shooting iter=200/1000 loss=0.08127
  shooting iter=250/1000 loss=0.1386
  shooting iter=300/1000 loss=0.06127
  shooting iter=350/1000 loss=0.07151
  shooting iter=400/1000 loss=0.09171
  shooting iter=450/1000 loss=0.04982
  shooting iter=500/1000 loss=0.0566
  shooting iter=550/1000 loss=0.06374
  shooting iter=600/1000 loss=0.05546
  shooting iter=650/1000 loss=0.08696
  shooting iter=700/1000 loss=0.08
  shooting iter=750/1000 loss=0.07147
  shooting iter=800/1000 loss=0.04293
  shooting iter=850/1000 loss=0.04005
  shooting iter=900/1000 loss=0.04575
  shooting iter=950/1000 loss=0.03794
  shooting iter=1000/1000 loss=0.0632
  shooting iter=1000/1000 loss=0.03052
shooting [1295s]  loss=0.0305
  [final]  nrmse=0.0908  l2=0.8334
extrapolation window: T=321.8122 -> T_test=643.624  n_test=100
  [train]  E_traj=0.02917  E_VF=0.2371  E_spec=1.743e19
  [test ]  E_traj=25830.0  E_VF=1.583e11  E_spec=1.096e31
saved /orcd/home/002/txenakis/projects/BVPsolver/src/../data/runs/run_bEe3R4Mw/hires_fit.png
saved /orcd/home/002/txenakis/projects/BVPsolver/src/../data/runs/run_bEe3R4Mw/hires_fit_extrapolated.png
saved /orcd/home/002/txenakis/projects/BVPsolver/src/../data/runs/run_bEe3R4Mw/hires_spectral_fit_extrapolated.png
saved /orcd/home/002/txenakis/projects/BVPsolver/src/../data/runs/run_bEe3R4Mw/hires_vf_fit_extrapolated.png
┌ Warning: Attempting to store StiffNN.var"#18#19"{Type{Float64}}.
│ JLD2 only stores functions by name.
│  This may not be useful for anonymous functions.
└ @ JLD2 ~/.julia/packages/JLD2/ADycq/src/data/writing_datatypes.jl:447
saved run → /orcd/home/002/txenakis/projects/BVPsolver/src/../data/runs/run_bEe3R4Mw
--------------------------------------
Done: Thu Aug 13 23:31:42 EDT 2026
