Task 253/416: --problem hires --model GELU-scaled --profile fast --seed 13 --pretraining derivmatch --training shooting
Logging to /home/txenakis/projects/BVPsolver/logs/run_main_21347893_253.log
hires  model=GELU-scaled width=11 d=8 tlen=50 profile=fast seed=13  solver=Rodas5  N=855
  derivmatch lr=0.01 iter=170/3400 loss=1.573
  derivmatch lr=0.01 iter=340/3400 loss=0.9295
  derivmatch lr=0.01 iter=510/3400 loss=0.6692
  derivmatch lr=0.01 iter=680/3400 loss=1.42
  derivmatch lr=0.01 iter=850/3400 loss=0.4926
  derivmatch lr=0.01 iter=1020/3400 loss=0.328
  derivmatch lr=0.01 iter=1190/3400 loss=0.3828
  derivmatch lr=0.01 iter=1360/3400 loss=0.2042
  derivmatch lr=0.01 iter=1530/3400 loss=0.3721
  derivmatch lr=0.01 iter=1700/3400 loss=0.193
  derivmatch lr=0.01 iter=1870/3400 loss=0.3842
  derivmatch lr=0.01 iter=2040/3400 loss=0.3737
  derivmatch lr=0.01 iter=2210/3400 loss=0.1329
  derivmatch lr=0.01 iter=2380/3400 loss=0.2536
  derivmatch lr=0.01 iter=2550/3400 loss=0.1859
  derivmatch lr=0.01 iter=2720/3400 loss=0.2707
  derivmatch lr=0.01 iter=2890/3400 loss=0.1395
  derivmatch lr=0.01 iter=3060/3400 loss=0.1089
  derivmatch lr=0.01 iter=3230/3400 loss=0.2959
  derivmatch lr=0.01 iter=3400/3400 loss=0.1486
  derivmatch lr=0.01 iter=3400/3400 loss=0.06844
  derivmatch lr=0.003 iter=125/2500 loss=0.05603
  derivmatch lr=0.003 iter=250/2500 loss=0.03965
  derivmatch lr=0.003 iter=375/2500 loss=0.03568
  derivmatch lr=0.003 iter=500/2500 loss=0.03783
  derivmatch lr=0.003 iter=625/2500 loss=0.0333
  derivmatch lr=0.003 iter=750/2500 loss=0.0308
  derivmatch lr=0.003 iter=875/2500 loss=0.03025
  derivmatch lr=0.003 iter=1000/2500 loss=0.02722
  derivmatch lr=0.003 iter=1125/2500 loss=0.0258
  derivmatch lr=0.003 iter=1250/2500 loss=0.02417
  derivmatch lr=0.003 iter=1375/2500 loss=0.02364
  derivmatch lr=0.003 iter=1500/2500 loss=0.02262
  derivmatch lr=0.003 iter=1625/2500 loss=0.02216
  derivmatch lr=0.003 iter=1750/2500 loss=0.02125
  derivmatch lr=0.003 iter=1875/2500 loss=0.02086
  derivmatch lr=0.003 iter=2000/2500 loss=0.01847
  derivmatch lr=0.003 iter=2125/2500 loss=0.01969
  derivmatch lr=0.003 iter=2250/2500 loss=0.02476
  derivmatch lr=0.003 iter=2375/2500 loss=0.02378
  derivmatch lr=0.003 iter=2500/2500 loss=0.02386
  derivmatch lr=0.003 iter=2500/2500 loss=0.01277
  derivmatch lr=0.001 iter=125/2500 loss=0.01257
  derivmatch lr=0.001 iter=250/2500 loss=0.01214
  derivmatch lr=0.001 iter=375/2500 loss=0.01184
  derivmatch lr=0.001 iter=500/2500 loss=0.01161
  derivmatch lr=0.001 iter=625/2500 loss=0.01238
  derivmatch lr=0.001 iter=750/2500 loss=0.01259
  derivmatch lr=0.001 iter=875/2500 loss=0.01274
  derivmatch lr=0.001 iter=1000/2500 loss=0.01113
  derivmatch lr=0.001 iter=1125/2500 loss=0.01075
  derivmatch lr=0.001 iter=1250/2500 loss=0.01282
  derivmatch lr=0.001 iter=1375/2500 loss=0.01138
  derivmatch lr=0.001 iter=1500/2500 loss=0.01131
  derivmatch lr=0.001 iter=1625/2500 loss=0.01169
  derivmatch lr=0.001 iter=1750/2500 loss=0.01116
  derivmatch lr=0.001 iter=1875/2500 loss=0.01053
  derivmatch lr=0.001 iter=2000/2500 loss=0.01027
  derivmatch lr=0.001 iter=2125/2500 loss=0.009992
  derivmatch lr=0.001 iter=2250/2500 loss=0.009839
  derivmatch lr=0.001 iter=2375/2500 loss=0.00966
  derivmatch lr=0.001 iter=2500/2500 loss=0.009564
  derivmatch lr=0.001 iter=2500/2500 loss=0.009525
  derivmatch lr=0.0003 iter=80/1600 loss=0.008978
  derivmatch lr=0.0003 iter=160/1600 loss=0.008937
  derivmatch lr=0.0003 iter=240/1600 loss=0.008909
  derivmatch lr=0.0003 iter=320/1600 loss=0.008879
  derivmatch lr=0.0003 iter=400/1600 loss=0.008846
  derivmatch lr=0.0003 iter=480/1600 loss=0.00881
  derivmatch lr=0.0003 iter=560/1600 loss=0.008772
  derivmatch lr=0.0003 iter=640/1600 loss=0.008731
  derivmatch lr=0.0003 iter=720/1600 loss=0.008688
  derivmatch lr=0.0003 iter=800/1600 loss=0.008643
  derivmatch lr=0.0003 iter=880/1600 loss=0.008595
  derivmatch lr=0.0003 iter=960/1600 loss=0.008545
  derivmatch lr=0.0003 iter=1040/1600 loss=0.00892
  derivmatch lr=0.0003 iter=1120/1600 loss=0.008443
  derivmatch lr=0.0003 iter=1200/1600 loss=0.008391
  derivmatch lr=0.0003 iter=1280/1600 loss=0.008343
  derivmatch lr=0.0003 iter=1360/1600 loss=0.009212
  derivmatch lr=0.0003 iter=1440/1600 loss=0.008231
  derivmatch lr=0.0003 iter=1520/1600 loss=0.008192
  derivmatch lr=0.0003 iter=1600/1600 loss=0.008118
  derivmatch lr=0.0003 iter=1600/1600 loss=0.008118
derivative matching [35s]  fitloss=0.00812
  [derivative matching]  nrmse=0.2055  l2=1.044
  shooting iter=50/1000 loss=0.01269
  shooting iter=100/1000 loss=0.01067
  shooting iter=150/1000 loss=0.009113
  shooting iter=200/1000 loss=0.005722
  shooting iter=250/1000 loss=0.006299
  shooting iter=300/1000 loss=0.0106
  shooting iter=350/1000 loss=0.01204
  shooting iter=400/1000 loss=0.004344
  shooting iter=450/1000 loss=0.01228
  shooting iter=500/1000 loss=0.006665
  shooting iter=550/1000 loss=0.007645
  shooting iter=600/1000 loss=0.008753
  shooting iter=650/1000 loss=0.004844
  shooting iter=700/1000 loss=0.01041
  shooting iter=750/1000 loss=0.007873
  shooting iter=800/1000 loss=0.005755
  shooting iter=850/1000 loss=0.006773
  shooting iter=900/1000 loss=0.00652
  shooting iter=950/1000 loss=0.005498
  shooting iter=1000/1000 loss=0.003988
  shooting iter=1000/1000 loss=0.003355
shooting [8005s]  loss=0.00336
  [final]  nrmse=0.007046  l2=0.02932
extrapolation window: T=321.8122 -> T_test=643.624  n_test=100
  [train]  E_traj=0.0002077  E_VF=0.01181  E_spec=2.314
  [test ]  E_traj=398800.0  E_VF=1.438e6  E_spec=1.853e11
saved /orcd/home/002/txenakis/projects/BVPsolver/src/../data/runs/run_akyQYY2P/hires_fit.png
saved /orcd/home/002/txenakis/projects/BVPsolver/src/../data/runs/run_akyQYY2P/hires_fit_extrapolated.png
saved /orcd/home/002/txenakis/projects/BVPsolver/src/../data/runs/run_akyQYY2P/hires_spectral_fit_extrapolated.png
saved /orcd/home/002/txenakis/projects/BVPsolver/src/../data/runs/run_akyQYY2P/hires_vf_fit_extrapolated.png
┌ Warning: Attempting to store StiffNN.var"#18#19"{Type{Float64}}.
│ JLD2 only stores functions by name.
│  This may not be useful for anonymous functions.
└ @ JLD2 ~/.julia/packages/JLD2/ADycq/src/data/writing_datatypes.jl:447
saved run → /orcd/home/002/txenakis/projects/BVPsolver/src/../data/runs/run_akyQYY2P
--------------------------------------
Done: Thu Aug 27 01:05:34 EDT 2026
