Task 81/416: --problem rober --model mlp --profile fast --seed 14 --pretraining none --training shooting
Logging to /home/txenakis/projects/BVPsolver/logs/run_main_21347893_81.log
rober  model=mlp width=15 d=3 tlen=50 profile=fast seed=14  solver=Rodas5  N=348
  shooting iter=50/1000 loss=5658.0
  shooting iter=100/1000 loss=3605.0
  shooting iter=150/1000 loss=2817.0
  shooting iter=200/1000 loss=10710.0
  shooting iter=250/1000 loss=2830.0
  shooting iter=300/1000 loss=152.2
  shooting iter=350/1000 loss=2305.0
  shooting iter=400/1000 loss=1355.0
  shooting iter=450/1000 loss=3125.0
  shooting iter=500/1000 loss=269.6
  shooting iter=550/1000 loss=1243.0
  shooting iter=600/1000 loss=3491.0
  shooting iter=650/1000 loss=559.8
  shooting iter=700/1000 loss=598.1
  shooting iter=750/1000 loss=229.9
  shooting iter=800/1000 loss=147.7
  shooting iter=850/1000 loss=436.8
  shooting iter=900/1000 loss=155.9
  shooting iter=950/1000 loss=85.55
  shooting iter=1000/1000 loss=93.44
  shooting iter=1000/1000 loss=57.42
shooting [549s]  loss=57.4
  [final]  nrmse=203.4  l2=1636.0
extrapolation window: T=1000.0 -> T_test=1.0e12  n_test=100
  [train]  E_traj=299400.0  E_VF=229.1  E_spec=1.797e29
  [test ]  E_traj=2.083e24  E_VF=1.245e18  E_spec=1.783e30
saved /orcd/home/002/txenakis/projects/BVPsolver/src/../data/runs/run_0uAFJkRE/rober_fit.png
saved /orcd/home/002/txenakis/projects/BVPsolver/src/../data/runs/run_0uAFJkRE/rober_fit_extrapolated.png
saved /orcd/home/002/txenakis/projects/BVPsolver/src/../data/runs/run_0uAFJkRE/rober_spectral_fit_extrapolated.png
saved /orcd/home/002/txenakis/projects/BVPsolver/src/../data/runs/run_0uAFJkRE/rober_vf_fit_extrapolated.png
┌ Warning: Attempting to store StiffNN.var"#12#13"{Float64, Float64, Float64}.
│ JLD2 only stores functions by name.
│  This may not be useful for anonymous functions.
└ @ JLD2 ~/.julia/packages/JLD2/ADycq/src/data/writing_datatypes.jl:447
saved run → /orcd/home/002/txenakis/projects/BVPsolver/src/../data/runs/run_0uAFJkRE
--------------------------------------
Done: Wed Aug 26 20:52:28 EDT 2026
