Task 171/214: --problem davis-skodje --model GELU-scaled --profile fast --seed 12 --pretraining none --training shapovalova
Logging to /home/txenakis/projects/BVPsolver/logs/run_main_20252509_171.log
davis-skodje  model=GELU-scaled d=2 tlen=300 profile=fast seed=12  solver=Rodas5P  N=177

******************************************************************************
This program contains Ipopt, a library for large-scale nonlinear optimization.
 Ipopt is released as open source code under the Eclipse Public License (EPL).
         For more information visit https://github.com/coin-or/Ipopt
******************************************************************************

This is Ipopt version 3.14.19, running with linear solver MUMPS 5.9.0.

Option "hessian_approximation" is not chosen as "limited-memory", but eval_h returns false.
Exception of type: OPTION_INVALID in file "Interfaces/IpTNLPAdapter.cpp" at line 1283:
 Exception message: eval_h is called but has not been implemented

EXIT: Invalid option encountered.
shapovalova [9s]  loss=0.0
  [final]  nrmse=0.5559  l2=22.94
saved /orcd/home/002/txenakis/projects/BVPsolver/src/../data/runs/run_3ian5D05/davis-skodje_fit.png
saved /orcd/home/002/txenakis/projects/BVPsolver/src/../data/runs/run_3ian5D05/davis-skodje_spectral_fit.png
┌ Warning: Attempting to store StiffNN.var"#22#23"{Float64}.
│ JLD2 only stores functions by name.
│  This may not be useful for anonymous functions.
└ @ JLD2 ~/.julia/packages/JLD2/ADycq/src/data/writing_datatypes.jl:447
saved run → /orcd/home/002/txenakis/projects/BVPsolver/src/../data/runs/run_3ian5D05
--------------------------------------
Done: Wed Aug 12 13:40:41 EDT 2026
