Task 182/416: --problem vanderpol --model GELU-scaled --profile fast --seed 14 --pretraining derivmatch --training shooting
Logging to /home/txenakis/projects/BVPsolver/logs/run_main_21347893_182.log
vanderpol  model=GELU-scaled width=7 d=2 tlen=151 profile=fast seed=14  solver=Kvaerno5  N=317
  derivmatch lr=0.01 iter=170/3400 loss=3.438
  derivmatch lr=0.01 iter=340/3400 loss=3.292
  derivmatch lr=0.01 iter=510/3400 loss=3.277
  derivmatch lr=0.01 iter=680/3400 loss=1.83
  derivmatch lr=0.01 iter=850/3400 loss=0.4167
  derivmatch lr=0.01 iter=1020/3400 loss=0.3492
  derivmatch lr=0.01 iter=1190/3400 loss=0.1629
  derivmatch lr=0.01 iter=1360/3400 loss=0.1235
  derivmatch lr=0.01 iter=1530/3400 loss=0.1002
  derivmatch lr=0.01 iter=1700/3400 loss=0.07884
  derivmatch lr=0.01 iter=1870/3400 loss=0.06335
  derivmatch lr=0.01 iter=2040/3400 loss=0.0523
  derivmatch lr=0.01 iter=2210/3400 loss=0.04436
  derivmatch lr=0.01 iter=2380/3400 loss=0.03814
  derivmatch lr=0.01 iter=2550/3400 loss=0.03388
  derivmatch lr=0.01 iter=2720/3400 loss=0.03041
  derivmatch lr=0.01 iter=2890/3400 loss=0.02562
  derivmatch lr=0.01 iter=3060/3400 loss=0.02075
  derivmatch lr=0.01 iter=3230/3400 loss=0.02273
  derivmatch lr=0.01 iter=3400/3400 loss=0.02195
  derivmatch lr=0.01 iter=3400/3400 loss=0.01553
  derivmatch lr=0.003 iter=125/2500 loss=0.01375
  derivmatch lr=0.003 iter=250/2500 loss=0.01245
  derivmatch lr=0.003 iter=375/2500 loss=0.01131
  derivmatch lr=0.003 iter=500/2500 loss=0.01024
  derivmatch lr=0.003 iter=625/2500 loss=0.009253
  derivmatch lr=0.003 iter=750/2500 loss=0.008383
  derivmatch lr=0.003 iter=875/2500 loss=0.007747
  derivmatch lr=0.003 iter=1000/2500 loss=0.007903
  derivmatch lr=0.003 iter=1125/2500 loss=0.006791
  derivmatch lr=0.003 iter=1250/2500 loss=0.006286
  derivmatch lr=0.003 iter=1375/2500 loss=0.006656
  derivmatch lr=0.003 iter=1500/2500 loss=0.005898
  derivmatch lr=0.003 iter=1625/2500 loss=0.007456
  derivmatch lr=0.003 iter=1750/2500 loss=0.005772
  derivmatch lr=0.003 iter=1875/2500 loss=0.005395
  derivmatch lr=0.003 iter=2000/2500 loss=0.005528
  derivmatch lr=0.003 iter=2125/2500 loss=0.005284
  derivmatch lr=0.003 iter=2250/2500 loss=0.004689
  derivmatch lr=0.003 iter=2375/2500 loss=0.004454
  derivmatch lr=0.003 iter=2500/2500 loss=0.004773
  derivmatch lr=0.003 iter=2500/2500 loss=0.004397
  derivmatch lr=0.001 iter=125/2500 loss=0.004335
  derivmatch lr=0.001 iter=250/2500 loss=0.004239
  derivmatch lr=0.001 iter=375/2500 loss=0.004089
  derivmatch lr=0.001 iter=500/2500 loss=0.003925
  derivmatch lr=0.001 iter=625/2500 loss=0.003756
  derivmatch lr=0.001 iter=750/2500 loss=0.003585
  derivmatch lr=0.001 iter=875/2500 loss=0.003411
  derivmatch lr=0.001 iter=1000/2500 loss=0.003177
  derivmatch lr=0.001 iter=1125/2500 loss=0.002947
  derivmatch lr=0.001 iter=1250/2500 loss=0.002773
  derivmatch lr=0.001 iter=1375/2500 loss=0.002477
  derivmatch lr=0.001 iter=1500/2500 loss=0.002499
  derivmatch lr=0.001 iter=1625/2500 loss=0.002156
  derivmatch lr=0.001 iter=1750/2500 loss=0.00203
  derivmatch lr=0.001 iter=1875/2500 loss=0.00193
  derivmatch lr=0.001 iter=2000/2500 loss=0.001849
  derivmatch lr=0.001 iter=2125/2500 loss=0.001783
  derivmatch lr=0.001 iter=2250/2500 loss=0.001721
  derivmatch lr=0.001 iter=2375/2500 loss=0.001688
  derivmatch lr=0.001 iter=2500/2500 loss=0.001837
  derivmatch lr=0.001 iter=2500/2500 loss=0.001622
  derivmatch lr=0.0003 iter=80/1600 loss=0.001613
  derivmatch lr=0.0003 iter=160/1600 loss=0.001606
  derivmatch lr=0.0003 iter=240/1600 loss=0.001597
  derivmatch lr=0.0003 iter=320/1600 loss=0.001585
  derivmatch lr=0.0003 iter=400/1600 loss=0.001573
  derivmatch lr=0.0003 iter=480/1600 loss=0.00156
  derivmatch lr=0.0003 iter=560/1600 loss=0.001545
  derivmatch lr=0.0003 iter=640/1600 loss=0.00153
  derivmatch lr=0.0003 iter=720/1600 loss=0.001513
  derivmatch lr=0.0003 iter=800/1600 loss=0.001495
  derivmatch lr=0.0003 iter=880/1600 loss=0.001476
  derivmatch lr=0.0003 iter=960/1600 loss=0.001456
  derivmatch lr=0.0003 iter=1040/1600 loss=0.001438
  derivmatch lr=0.0003 iter=1120/1600 loss=0.00142
  derivmatch lr=0.0003 iter=1200/1600 loss=0.001403
  derivmatch lr=0.0003 iter=1280/1600 loss=0.001385
  derivmatch lr=0.0003 iter=1360/1600 loss=0.001369
  derivmatch lr=0.0003 iter=1440/1600 loss=0.001353
  derivmatch lr=0.0003 iter=1520/1600 loss=0.001338
  derivmatch lr=0.0003 iter=1600/1600 loss=0.001322
  derivmatch lr=0.0003 iter=1600/1600 loss=0.001322
derivative matching [26s]  fitloss=0.00132
  [derivative matching]  nrmse=0.3401  l2=325.3
  shooting iter=50/1000 loss=1.3599999999999999e63
  shooting iter=100/1000 loss=6.167e63
  shooting iter=150/1000 loss=6.2329999999999996e63
  shooting iter=200/1000 loss=6.2339999999999994e63
  shooting iter=250/1000 loss=6.2339999999999994e63
  shooting iter=300/1000 loss=6.2339999999999994e63
  shooting iter=350/1000 loss=6.2339999999999994e63
  shooting iter=400/1000 loss=6.2339999999999994e63
  shooting iter=450/1000 loss=6.2339999999999994e63
  shooting iter=500/1000 loss=6.2339999999999994e63
  shooting iter=550/1000 loss=6.2339999999999994e63
  shooting iter=600/1000 loss=6.2339999999999994e63
  shooting iter=650/1000 loss=6.2339999999999994e63
  shooting iter=700/1000 loss=6.2339999999999994e63
  shooting iter=750/1000 loss=6.2339999999999994e63
  shooting iter=800/1000 loss=6.2339999999999994e63
  shooting iter=850/1000 loss=6.2339999999999994e63
  shooting iter=900/1000 loss=6.2339999999999994e63
  shooting iter=950/1000 loss=6.2339999999999994e63
  shooting iter=1000/1000 loss=6.2339999999999994e63
  shooting iter=1000/1000 loss=0.1767
shooting [3332s]  loss=0.177
  [final]  nrmse=0.3401  l2=325.3
extrapolation window: T=200.0 -> T_test=400.0  n_test=302
  [train]  E_traj=1.189  E_VF=0.01689  E_spec=0.1222
  [test ]  E_traj=1.634  E_VF=1.933  E_spec=0.2594
saved /orcd/home/002/txenakis/projects/BVPsolver/src/../data/runs/run_FbpUrybN/vanderpol_fit.png
saved /orcd/home/002/txenakis/projects/BVPsolver/src/../data/runs/run_FbpUrybN/vanderpol_fit_extrapolated.png
saved /orcd/home/002/txenakis/projects/BVPsolver/src/../data/runs/run_FbpUrybN/vanderpol_spectral_fit_extrapolated.png
saved /orcd/home/002/txenakis/projects/BVPsolver/src/../data/runs/run_FbpUrybN/vanderpol_vf_fit_extrapolated.png
┌ Warning: Attempting to store StiffNN.var"#14#15"{Float64}.
│ JLD2 only stores functions by name.
│  This may not be useful for anonymous functions.
└ @ JLD2 ~/.julia/packages/JLD2/ADycq/src/data/writing_datatypes.jl:447
saved run → /orcd/home/002/txenakis/projects/BVPsolver/src/../data/runs/run_FbpUrybN
--------------------------------------
Done: Wed Aug 26 22:33:47 EDT 2026
