Task 157/416: --problem vanderpol --model mlp --profile fast --seed 13 --pretraining derivmatch --training shooting
Logging to /home/txenakis/projects/BVPsolver/logs/run_main_21347893_157.log
vanderpol  model=mlp width=14 d=2 tlen=151 profile=fast seed=13  solver=Kvaerno5  N=282
  derivmatch lr=0.01 iter=170/3400 loss=3.156
  derivmatch lr=0.01 iter=340/3400 loss=2.448
  derivmatch lr=0.01 iter=510/3400 loss=2.08
  derivmatch lr=0.01 iter=680/3400 loss=1.853
  derivmatch lr=0.01 iter=850/3400 loss=1.694
  derivmatch lr=0.01 iter=1020/3400 loss=1.572
  derivmatch lr=0.01 iter=1190/3400 loss=1.462
  derivmatch lr=0.01 iter=1360/3400 loss=1.382
  derivmatch lr=0.01 iter=1530/3400 loss=1.313
  derivmatch lr=0.01 iter=1700/3400 loss=1.253
  derivmatch lr=0.01 iter=1870/3400 loss=1.206
  derivmatch lr=0.01 iter=2040/3400 loss=1.15
  derivmatch lr=0.01 iter=2210/3400 loss=1.102
  derivmatch lr=0.01 iter=2380/3400 loss=1.061
  derivmatch lr=0.01 iter=2550/3400 loss=1.032
  derivmatch lr=0.01 iter=2720/3400 loss=0.9964
  derivmatch lr=0.01 iter=2890/3400 loss=0.9574
  derivmatch lr=0.01 iter=3060/3400 loss=0.9291
  derivmatch lr=0.01 iter=3230/3400 loss=0.9013
  derivmatch lr=0.01 iter=3400/3400 loss=0.876
  derivmatch lr=0.01 iter=3400/3400 loss=0.876
  derivmatch lr=0.003 iter=125/2500 loss=0.8663
  derivmatch lr=0.003 iter=250/2500 loss=0.8562
  derivmatch lr=0.003 iter=375/2500 loss=0.8463
  derivmatch lr=0.003 iter=500/2500 loss=0.8366
  derivmatch lr=0.003 iter=625/2500 loss=0.827
  derivmatch lr=0.003 iter=750/2500 loss=0.8176
  derivmatch lr=0.003 iter=875/2500 loss=0.8083
  derivmatch lr=0.003 iter=1000/2500 loss=0.7991
  derivmatch lr=0.003 iter=1125/2500 loss=0.7901
  derivmatch lr=0.003 iter=1250/2500 loss=0.7812
  derivmatch lr=0.003 iter=1375/2500 loss=0.7727
  derivmatch lr=0.003 iter=1500/2500 loss=0.7644
  derivmatch lr=0.003 iter=1625/2500 loss=0.7563
  derivmatch lr=0.003 iter=1750/2500 loss=0.7483
  derivmatch lr=0.003 iter=1875/2500 loss=0.7407
  derivmatch lr=0.003 iter=2000/2500 loss=0.7331
  derivmatch lr=0.003 iter=2125/2500 loss=0.7258
  derivmatch lr=0.003 iter=2250/2500 loss=0.7186
  derivmatch lr=0.003 iter=2375/2500 loss=0.7117
  derivmatch lr=0.003 iter=2500/2500 loss=0.7048
  derivmatch lr=0.003 iter=2500/2500 loss=0.7048
  derivmatch lr=0.001 iter=125/2500 loss=0.7026
  derivmatch lr=0.001 iter=250/2500 loss=0.7003
  derivmatch lr=0.001 iter=375/2500 loss=0.6979
  derivmatch lr=0.001 iter=500/2500 loss=0.6954
  derivmatch lr=0.001 iter=625/2500 loss=0.6929
  derivmatch lr=0.001 iter=750/2500 loss=0.6903
  derivmatch lr=0.001 iter=875/2500 loss=0.6876
  derivmatch lr=0.001 iter=1000/2500 loss=0.6849
  derivmatch lr=0.001 iter=1125/2500 loss=0.6821
  derivmatch lr=0.001 iter=1250/2500 loss=0.6792
  derivmatch lr=0.001 iter=1375/2500 loss=0.6764
  derivmatch lr=0.001 iter=1500/2500 loss=0.6734
  derivmatch lr=0.001 iter=1625/2500 loss=0.6705
  derivmatch lr=0.001 iter=1750/2500 loss=0.6683
  derivmatch lr=0.001 iter=1875/2500 loss=0.6647
  derivmatch lr=0.001 iter=2000/2500 loss=0.6619
  derivmatch lr=0.001 iter=2125/2500 loss=0.6591
  derivmatch lr=0.001 iter=2250/2500 loss=0.6564
  derivmatch lr=0.001 iter=2375/2500 loss=0.6537
  derivmatch lr=0.001 iter=2500/2500 loss=0.6512
  derivmatch lr=0.001 iter=2500/2500 loss=0.6511
  derivmatch lr=0.0003 iter=80/1600 loss=0.6507
  derivmatch lr=0.0003 iter=160/1600 loss=0.6503
  derivmatch lr=0.0003 iter=240/1600 loss=0.6498
  derivmatch lr=0.0003 iter=320/1600 loss=0.6493
  derivmatch lr=0.0003 iter=400/1600 loss=0.6488
  derivmatch lr=0.0003 iter=480/1600 loss=0.6483
  derivmatch lr=0.0003 iter=560/1600 loss=0.6477
  derivmatch lr=0.0003 iter=640/1600 loss=0.6471
  derivmatch lr=0.0003 iter=720/1600 loss=0.6465
  derivmatch lr=0.0003 iter=800/1600 loss=0.6459
  derivmatch lr=0.0003 iter=880/1600 loss=0.6452
  derivmatch lr=0.0003 iter=960/1600 loss=0.6446
  derivmatch lr=0.0003 iter=1040/1600 loss=0.6439
  derivmatch lr=0.0003 iter=1120/1600 loss=0.6432
  derivmatch lr=0.0003 iter=1200/1600 loss=0.6425
  derivmatch lr=0.0003 iter=1280/1600 loss=0.6418
  derivmatch lr=0.0003 iter=1360/1600 loss=0.641
  derivmatch lr=0.0003 iter=1440/1600 loss=0.6402
  derivmatch lr=0.0003 iter=1520/1600 loss=0.6394
  derivmatch lr=0.0003 iter=1600/1600 loss=0.6386
  derivmatch lr=0.0003 iter=1600/1600 loss=0.6386
derivative matching [25s]  fitloss=0.639
  [derivative matching]  nrmse=0.2873  l2=325.2
  shooting iter=50/1000 loss=5.757
  shooting iter=100/1000 loss=5.76
  shooting iter=150/1000 loss=5.718
  shooting iter=200/1000 loss=5.669
  shooting iter=250/1000 loss=5.613
  shooting iter=300/1000 loss=5.553
  shooting iter=350/1000 loss=5.49
  shooting iter=400/1000 loss=5.423
  shooting iter=450/1000 loss=5.354
  shooting iter=500/1000 loss=5.283
  shooting iter=550/1000 loss=5.211
  shooting iter=600/1000 loss=5.137
  shooting iter=650/1000 loss=5.069
  shooting iter=700/1000 loss=5.013
  shooting iter=750/1000 loss=4.961
  shooting iter=800/1000 loss=4.911
  shooting iter=850/1000 loss=4.862
  shooting iter=900/1000 loss=4.813
  shooting iter=950/1000 loss=4.763
  shooting iter=1000/1000 loss=4.712
  shooting iter=1000/1000 loss=0.1485
shooting [1116s]  loss=0.168
  [final]  nrmse=0.2831  l2=326.5
extrapolation window: T=200.0 -> T_test=400.0  n_test=302
  [train]  E_traj=0.9717  E_VF=0.8031  E_spec=0.9594
  [test ]  E_traj=17150.0  E_VF=118.3  E_spec=0.2982
saved /orcd/home/002/txenakis/projects/BVPsolver/src/../data/runs/run_7geNDIb4/vanderpol_fit.png
saved /orcd/home/002/txenakis/projects/BVPsolver/src/../data/runs/run_7geNDIb4/vanderpol_fit_extrapolated.png
saved /orcd/home/002/txenakis/projects/BVPsolver/src/../data/runs/run_7geNDIb4/vanderpol_spectral_fit_extrapolated.png
saved /orcd/home/002/txenakis/projects/BVPsolver/src/../data/runs/run_7geNDIb4/vanderpol_vf_fit_extrapolated.png
┌ Warning: Attempting to store StiffNN.var"#14#15"{Float64}.
│ JLD2 only stores functions by name.
│  This may not be useful for anonymous functions.
└ @ JLD2 ~/.julia/packages/JLD2/ADycq/src/data/writing_datatypes.jl:447
saved run → /orcd/home/002/txenakis/projects/BVPsolver/src/../data/runs/run_7geNDIb4
--------------------------------------
Done: Wed Aug 26 21:40:58 EDT 2026
