Task 405/416: --problem davis-skodje --model GELU-scaled --profile fast --seed 15 --pretraining derivmatch --training none
Logging to /home/txenakis/projects/BVPsolver/logs/run_main_20391846_405.log
davis-skodje  model=GELU-scaled d=2 tlen=300 profile=fast seed=15  solver=Rodas5P  N=177
  derivmatch lr=0.01 iter=170/3400 loss=1.48
  derivmatch lr=0.01 iter=340/3400 loss=0.757
  derivmatch lr=0.01 iter=510/3400 loss=0.5981
  derivmatch lr=0.01 iter=680/3400 loss=0.7596
  derivmatch lr=0.01 iter=850/3400 loss=0.3649
  derivmatch lr=0.01 iter=1020/3400 loss=0.4525
  derivmatch lr=0.01 iter=1190/3400 loss=0.1768
  derivmatch lr=0.01 iter=1360/3400 loss=0.109
  derivmatch lr=0.01 iter=1530/3400 loss=0.0503
  derivmatch lr=0.01 iter=1700/3400 loss=0.02909
  derivmatch lr=0.01 iter=1870/3400 loss=0.04594
  derivmatch lr=0.01 iter=2040/3400 loss=0.02707
  derivmatch lr=0.01 iter=2210/3400 loss=0.02586
  derivmatch lr=0.01 iter=2380/3400 loss=0.2104
  derivmatch lr=0.01 iter=2550/3400 loss=0.02558
  derivmatch lr=0.01 iter=2720/3400 loss=0.01202
  derivmatch lr=0.01 iter=2890/3400 loss=0.01767
  derivmatch lr=0.01 iter=3060/3400 loss=1.737
  derivmatch lr=0.01 iter=3230/3400 loss=1.195
  derivmatch lr=0.01 iter=3400/3400 loss=0.9841
  derivmatch lr=0.01 iter=3400/3400 loss=0.005521
  derivmatch lr=0.003 iter=125/2500 loss=0.003489
  derivmatch lr=0.003 iter=250/2500 loss=0.004201
  derivmatch lr=0.003 iter=375/2500 loss=0.004919
  derivmatch lr=0.003 iter=500/2500 loss=0.00416
  derivmatch lr=0.003 iter=625/2500 loss=0.00436
  derivmatch lr=0.003 iter=750/2500 loss=0.003744
  derivmatch lr=0.003 iter=875/2500 loss=0.004023
  derivmatch lr=0.003 iter=1000/2500 loss=0.003476
  derivmatch lr=0.003 iter=1125/2500 loss=0.003795
  derivmatch lr=0.003 iter=1250/2500 loss=0.00329
  derivmatch lr=0.003 iter=1375/2500 loss=0.003628
  derivmatch lr=0.003 iter=1500/2500 loss=0.003152
  derivmatch lr=0.003 iter=1625/2500 loss=0.003497
  derivmatch lr=0.003 iter=1750/2500 loss=0.003044
  derivmatch lr=0.003 iter=1875/2500 loss=0.003388
  derivmatch lr=0.003 iter=2000/2500 loss=0.002955
  derivmatch lr=0.003 iter=2125/2500 loss=0.003298
  derivmatch lr=0.003 iter=2250/2500 loss=0.002882
  derivmatch lr=0.003 iter=2375/2500 loss=0.003221
  derivmatch lr=0.003 iter=2500/2500 loss=0.002819
  derivmatch lr=0.003 iter=2500/2500 loss=0.002819
  derivmatch lr=0.001 iter=125/2500 loss=0.0008128
  derivmatch lr=0.001 iter=250/2500 loss=0.0007701
  derivmatch lr=0.001 iter=375/2500 loss=0.0007403
  derivmatch lr=0.001 iter=500/2500 loss=0.0007149
  derivmatch lr=0.001 iter=625/2500 loss=0.000987
  derivmatch lr=0.001 iter=750/2500 loss=0.0006733
  derivmatch lr=0.001 iter=875/2500 loss=0.0008948
  derivmatch lr=0.001 iter=1000/2500 loss=0.0006364
  derivmatch lr=0.001 iter=1125/2500 loss=0.0009079
  derivmatch lr=0.001 iter=1250/2500 loss=0.0007324
  derivmatch lr=0.001 iter=1375/2500 loss=0.0006301
  derivmatch lr=0.001 iter=1500/2500 loss=0.0005756
  derivmatch lr=0.001 iter=1625/2500 loss=0.0005747
  derivmatch lr=0.001 iter=1750/2500 loss=0.0007423
  derivmatch lr=0.001 iter=1875/2500 loss=0.001509
  derivmatch lr=0.001 iter=2000/2500 loss=0.00101
  derivmatch lr=0.001 iter=2125/2500 loss=0.0005194
  derivmatch lr=0.001 iter=2250/2500 loss=0.0004916
  derivmatch lr=0.001 iter=2375/2500 loss=0.001149
  derivmatch lr=0.001 iter=2500/2500 loss=0.0006685
  derivmatch lr=0.001 iter=2500/2500 loss=0.0004661
  derivmatch lr=0.0003 iter=80/1600 loss=0.0004698
  derivmatch lr=0.0003 iter=160/1600 loss=0.0004639
  derivmatch lr=0.0003 iter=240/1600 loss=0.000462
  derivmatch lr=0.0003 iter=320/1600 loss=0.0004597
  derivmatch lr=0.0003 iter=400/1600 loss=0.0004572
  derivmatch lr=0.0003 iter=480/1600 loss=0.0004543
  derivmatch lr=0.0003 iter=560/1600 loss=0.0004513
  derivmatch lr=0.0003 iter=640/1600 loss=0.000448
  derivmatch lr=0.0003 iter=720/1600 loss=0.0004445
  derivmatch lr=0.0003 iter=800/1600 loss=0.0004408
  derivmatch lr=0.0003 iter=880/1600 loss=0.0004368
  derivmatch lr=0.0003 iter=960/1600 loss=0.0004327
  derivmatch lr=0.0003 iter=1040/1600 loss=0.0004283
  derivmatch lr=0.0003 iter=1120/1600 loss=0.0004238
  derivmatch lr=0.0003 iter=1200/1600 loss=0.0004191
  derivmatch lr=0.0003 iter=1280/1600 loss=0.0004143
  derivmatch lr=0.0003 iter=1360/1600 loss=0.0004093
  derivmatch lr=0.0003 iter=1440/1600 loss=0.0004041
  derivmatch lr=0.0003 iter=1520/1600 loss=0.001198
  derivmatch lr=0.0003 iter=1600/1600 loss=0.0003949
  derivmatch lr=0.0003 iter=1600/1600 loss=0.0003948
derivative matching [29s]  fitloss=0.000395
  [derivative matching]  nrmse=0.001783  l2=0.05086
extrapolation window: T=15.0 -> T_test=30.0  n_test=600
  [train]  E_traj=5.338e-6  E_VF=0.0001753  E_spec=0.6853
  [test ]  E_traj=2.649e10  E_VF=6.852e7  E_spec=0.9862
saved /orcd/home/002/txenakis/projects/BVPsolver/src/../data/runs/run_KTSntTbj/davis-skodje_fit.png
saved /orcd/home/002/txenakis/projects/BVPsolver/src/../data/runs/run_KTSntTbj/davis-skodje_fit_extrapolated.png
saved /orcd/home/002/txenakis/projects/BVPsolver/src/../data/runs/run_KTSntTbj/davis-skodje_spectral_fit_extrapolated.png
saved /orcd/home/002/txenakis/projects/BVPsolver/src/../data/runs/run_KTSntTbj/davis-skodje_vf_fit_extrapolated.png
┌ Warning: Attempting to store StiffNN.var"#22#23"{Float64}.
│ JLD2 only stores functions by name.
│  This may not be useful for anonymous functions.
└ @ JLD2 ~/.julia/packages/JLD2/ADycq/src/data/writing_datatypes.jl:447
saved run → /orcd/home/002/txenakis/projects/BVPsolver/src/../data/runs/run_KTSntTbj
--------------------------------------
Done: Fri Aug 14 00:19:49 EDT 2026
