Task 315/416: --problem orego --model mlp --profile fast --seed 14 --pretraining derivmatch --training collocation
Logging to /home/txenakis/projects/BVPsolver/logs/run_main_21347893_315.log
orego  model=mlp width=19 d=3 tlen=112 profile=fast seed=14  solver=Rodas5  N=516
  derivmatch lr=0.01 iter=170/3400 loss=9.993
  derivmatch lr=0.01 iter=340/3400 loss=8.805
  derivmatch lr=0.01 iter=510/3400 loss=8.061
  derivmatch lr=0.01 iter=680/3400 loss=7.711
  derivmatch lr=0.01 iter=850/3400 loss=7.359
  derivmatch lr=0.01 iter=1020/3400 loss=7.44
  derivmatch lr=0.01 iter=1190/3400 loss=6.975
  derivmatch lr=0.01 iter=1360/3400 loss=6.79
  derivmatch lr=0.01 iter=1530/3400 loss=6.687
  derivmatch lr=0.01 iter=1700/3400 loss=6.317
  derivmatch lr=0.01 iter=1870/3400 loss=6.101
  derivmatch lr=0.01 iter=2040/3400 loss=5.951
  derivmatch lr=0.01 iter=2210/3400 loss=5.828
  derivmatch lr=0.01 iter=2380/3400 loss=5.719
  derivmatch lr=0.01 iter=2550/3400 loss=5.621
  derivmatch lr=0.01 iter=2720/3400 loss=5.531
  derivmatch lr=0.01 iter=2890/3400 loss=5.436
  derivmatch lr=0.01 iter=3060/3400 loss=5.356
  derivmatch lr=0.01 iter=3230/3400 loss=5.283
  derivmatch lr=0.01 iter=3400/3400 loss=5.214
  derivmatch lr=0.01 iter=3400/3400 loss=5.214
  derivmatch lr=0.003 iter=125/2500 loss=5.219
  derivmatch lr=0.003 iter=250/2500 loss=5.162
  derivmatch lr=0.003 iter=375/2500 loss=5.137
  derivmatch lr=0.003 iter=500/2500 loss=5.103
  derivmatch lr=0.003 iter=625/2500 loss=5.153
  derivmatch lr=0.003 iter=750/2500 loss=5.17
  derivmatch lr=0.003 iter=875/2500 loss=5.094
  derivmatch lr=0.003 iter=1000/2500 loss=4.971
  derivmatch lr=0.003 iter=1125/2500 loss=4.925
  derivmatch lr=0.003 iter=1250/2500 loss=4.897
  derivmatch lr=0.003 iter=1375/2500 loss=4.871
  derivmatch lr=0.003 iter=1500/2500 loss=4.87
  derivmatch lr=0.003 iter=1625/2500 loss=4.832
  derivmatch lr=0.003 iter=1750/2500 loss=4.807
  derivmatch lr=0.003 iter=1875/2500 loss=4.784
  derivmatch lr=0.003 iter=2000/2500 loss=4.767
  derivmatch lr=0.003 iter=2125/2500 loss=4.745
  derivmatch lr=0.003 iter=2250/2500 loss=4.761
  derivmatch lr=0.003 iter=2375/2500 loss=4.756
  derivmatch lr=0.003 iter=2500/2500 loss=4.734
  derivmatch lr=0.003 iter=2500/2500 loss=4.724
  derivmatch lr=0.001 iter=125/2500 loss=4.763
  derivmatch lr=0.001 iter=250/2500 loss=4.727
  derivmatch lr=0.001 iter=375/2500 loss=4.713
  derivmatch lr=0.001 iter=500/2500 loss=4.702
  derivmatch lr=0.001 iter=625/2500 loss=4.692
  derivmatch lr=0.001 iter=750/2500 loss=4.682
  derivmatch lr=0.001 iter=875/2500 loss=4.673
  derivmatch lr=0.001 iter=1000/2500 loss=4.684
  derivmatch lr=0.001 iter=1125/2500 loss=4.674
  derivmatch lr=0.001 iter=1250/2500 loss=4.658
  derivmatch lr=0.001 iter=1375/2500 loss=4.643
  derivmatch lr=0.001 iter=1500/2500 loss=4.639
  derivmatch lr=0.001 iter=1625/2500 loss=4.63
  derivmatch lr=0.001 iter=1750/2500 loss=4.622
  derivmatch lr=0.001 iter=1875/2500 loss=4.615
  derivmatch lr=0.001 iter=2000/2500 loss=4.636
  derivmatch lr=0.001 iter=2125/2500 loss=4.613
  derivmatch lr=0.001 iter=2250/2500 loss=4.594
  derivmatch lr=0.001 iter=2375/2500 loss=4.585
  derivmatch lr=0.001 iter=2500/2500 loss=4.578
  derivmatch lr=0.001 iter=2500/2500 loss=4.578
  derivmatch lr=0.0003 iter=80/1600 loss=4.577
  derivmatch lr=0.0003 iter=160/1600 loss=4.681
  derivmatch lr=0.0003 iter=240/1600 loss=4.672
  derivmatch lr=0.0003 iter=320/1600 loss=4.669
  derivmatch lr=0.0003 iter=400/1600 loss=4.667
  derivmatch lr=0.0003 iter=480/1600 loss=4.665
  derivmatch lr=0.0003 iter=560/1600 loss=4.665
  derivmatch lr=0.0003 iter=640/1600 loss=4.664
  derivmatch lr=0.0003 iter=720/1600 loss=4.662
  derivmatch lr=0.0003 iter=800/1600 loss=4.66
  derivmatch lr=0.0003 iter=880/1600 loss=4.658
  derivmatch lr=0.0003 iter=960/1600 loss=4.657
  derivmatch lr=0.0003 iter=1040/1600 loss=4.655
  derivmatch lr=0.0003 iter=1120/1600 loss=4.653
  derivmatch lr=0.0003 iter=1200/1600 loss=4.651
  derivmatch lr=0.0003 iter=1280/1600 loss=4.649
  derivmatch lr=0.0003 iter=1360/1600 loss=4.647
  derivmatch lr=0.0003 iter=1440/1600 loss=4.645
  derivmatch lr=0.0003 iter=1520/1600 loss=4.643
  derivmatch lr=0.0003 iter=1600/1600 loss=4.641
  derivmatch lr=0.0003 iter=1600/1600 loss=4.575
derivative matching [25s]  fitloss=4.58
  [derivative matching]  nrmse=0.4388  l2=496300.0
  collocation: M=127 residuals=1470  detecting sparsity + solving...

Algorithm: LevenbergMarquardt(
    trustregion = LevenbergMarquardtTrustRegion(
        β_uphill = 0.0
    ),
    descent = GeodesicAcceleration(
        descent = DampedNewtonDescent(
            linsolve = KLUFactorization(
                reuse_symbolic = true,
                check_pattern = true
            ),
            initial_damping = 1.0,
            damping_fn = LevenbergMarquardtDampingFunction(
                increase_factor = 2.0,
                decrease_factor = 3.0,
                min_damping = 1.0e-8
            ),
            min_norm_mode = :auto
        ),
        finite_diff_step_geodesic = 0.1,
        α = 0.75
    ),
    autodiff = AutoForwardDiff(),
    vjp_autodiff = AutoFiniteDiff(
        fdtype = Val{:forward}(),
        fdjtype = Val{:forward}(),
        fdhtype = Val{:hcentral}(),
        dir = true
    ),
    jvp_autodiff = AutoForwardDiff(),
    concrete_jac = Val{true}()
)

----    	-------------       	-----------         
Iter    	f(u) 2-norm         	Step 2-norm         
----    	-------------       	-----------         
0       	7.66294377e+02      	NaN                 
1       	7.66294377e+02      	0.00000000e+00      
8       	7.66008235e+02      	0.00000000e+00      
15      	5.99722930e+02      	0.00000000e+00      
22      	5.12702862e+02      	0.00000000e+00      
29      	4.97735831e+02      	0.00000000e+00      
36      	4.84731596e+02      	4.14989776e-04      
43      	4.66007688e+02      	0.00000000e+00      
50      	4.87130835e+02      	1.58360620e-02      
57      	4.49250172e+02      	0.00000000e+00      
64      	4.46041129e+02      	0.00000000e+00      
71      	4.46467099e+02      	0.00000000e+00      
78      	4.14830146e+02      	0.00000000e+00      
85      	4.14830146e+02      	0.00000000e+00      
92      	4.16005036e+02      	0.00000000e+00      
99      	4.92140413e+02      	0.00000000e+00      
106     	5.45997939e+02      	0.00000000e+00      
113     	4.69619857e+02      	6.74104743e-03      
120     	5.98674127e+02      	0.00000000e+00      
127     	5.33187229e+02      	0.00000000e+00      
134     	5.33187229e+02      	0.00000000e+00      
141     	5.35691620e+02      	1.47418672e-02      
148     	5.32845713e+02      	4.84437527e-03      
Final   	4.10932123e+02      
----------------------      
  AMR 1/1: M=127  err=55500.0  obs=0.00196  nrmse=0.438  best=0.438  refined=0
collocation [63s]
  [final]  nrmse=0.4376  l2=495200.0
extrapolation window: T=180.0 -> T_test=360.0  n_test=224
  [train]  E_traj=0.9792  E_VF=0.8402  E_spec=1.008
  [test ]  E_traj=154.4  E_VF=0.8321  E_spec=2.029
saved /orcd/home/002/txenakis/projects/BVPsolver/src/../data/runs/run_7hz9o0Pu/orego_fit.png
saved /orcd/home/002/txenakis/projects/BVPsolver/src/../data/runs/run_7hz9o0Pu/orego_fit_extrapolated.png
saved /orcd/home/002/txenakis/projects/BVPsolver/src/../data/runs/run_7hz9o0Pu/orego_spectral_fit_extrapolated.png
saved /orcd/home/002/txenakis/projects/BVPsolver/src/../data/runs/run_7hz9o0Pu/orego_vf_fit_extrapolated.png
┌ Warning: Attempting to store StiffNN.var"#20#21"{Float64, Float64, Float64}.
│ JLD2 only stores functions by name.
│  This may not be useful for anonymous functions.
└ @ JLD2 ~/.julia/packages/JLD2/ADycq/src/data/writing_datatypes.jl:447
saved run → /orcd/home/002/txenakis/projects/BVPsolver/src/../data/runs/run_7hz9o0Pu
--------------------------------------
Done: Wed Aug 26 23:32:55 EDT 2026
