Task 129/416: --problem vanderpol --model stiff --profile fast --seed 12 --pretraining none --training shooting
Logging to /home/txenakis/projects/BVPsolver/logs/run_main_21347893_129.log
vanderpol  model=stiff width=12 d=2 tlen=151 profile=fast seed=12  solver=Kvaerno5  N=268
  shooting iter=50/1000 loss=0.1923
  shooting iter=100/1000 loss=0.1948
  shooting iter=150/1000 loss=0.1934
  shooting iter=200/1000 loss=0.1861
  shooting iter=250/1000 loss=0.1858
  shooting iter=300/1000 loss=0.1853
  shooting iter=350/1000 loss=0.1905
  shooting iter=400/1000 loss=0.186
  shooting iter=450/1000 loss=0.1845
  shooting iter=500/1000 loss=0.187
  shooting iter=550/1000 loss=0.1834
  shooting iter=600/1000 loss=0.1957
  shooting iter=650/1000 loss=0.1951
  shooting iter=700/1000 loss=0.1942
  shooting iter=750/1000 loss=0.1926
  shooting iter=800/1000 loss=0.1948
  shooting iter=850/1000 loss=0.1966
  shooting iter=900/1000 loss=0.1963
  shooting iter=950/1000 loss=0.1958
  shooting iter=1000/1000 loss=0.1953
  shooting iter=1000/1000 loss=0.1813
shooting [190s]  loss=0.181
  [final]  nrmse=0.2847  l2=325.0
extrapolation window: T=200.0 -> T_test=400.0  n_test=302
  [train]  E_traj=0.9731  E_VF=5.454  E_spec=0.911
  [test ]  E_traj=4.171  E_VF=3.275e6  E_spec=1628.0
saved /orcd/home/002/txenakis/projects/BVPsolver/src/../data/runs/run_2Jf27enp/vanderpol_fit.png
saved /orcd/home/002/txenakis/projects/BVPsolver/src/../data/runs/run_2Jf27enp/vanderpol_fit_extrapolated.png
saved /orcd/home/002/txenakis/projects/BVPsolver/src/../data/runs/run_2Jf27enp/vanderpol_spectral_fit_extrapolated.png
saved /orcd/home/002/txenakis/projects/BVPsolver/src/../data/runs/run_2Jf27enp/vanderpol_vf_fit_extrapolated.png
┌ Warning: Attempting to store StiffNN.var"#14#15"{Float64}.
│ JLD2 only stores functions by name.
│  This may not be useful for anonymous functions.
└ @ JLD2 ~/.julia/packages/JLD2/ADycq/src/data/writing_datatypes.jl:447
saved run → /orcd/home/002/txenakis/projects/BVPsolver/src/../data/runs/run_2Jf27enp
--------------------------------------
Done: Wed Aug 26 21:12:22 EDT 2026
