Task 257/416: --problem hires --model GELU-scaled --profile fast --seed 12 --pretraining derivmatch --training none
Logging to /home/txenakis/projects/BVPsolver/logs/run_main_20391846_257.log
hires  model=GELU-scaled d=8 tlen=50 profile=fast seed=12  solver=Rodas5  N=243
  derivmatch lr=0.01 iter=170/3400 loss=6.09
  derivmatch lr=0.01 iter=340/3400 loss=5.363
  derivmatch lr=0.01 iter=510/3400 loss=4.246
  derivmatch lr=0.01 iter=680/3400 loss=3.566
  derivmatch lr=0.01 iter=850/3400 loss=2.655
  derivmatch lr=0.01 iter=1020/3400 loss=2.047
  derivmatch lr=0.01 iter=1190/3400 loss=1.724
  derivmatch lr=0.01 iter=1360/3400 loss=1.88
  derivmatch lr=0.01 iter=1530/3400 loss=1.781
  derivmatch lr=0.01 iter=1700/3400 loss=1.666
  derivmatch lr=0.01 iter=1870/3400 loss=1.322
  derivmatch lr=0.01 iter=2040/3400 loss=1.173
  derivmatch lr=0.01 iter=2210/3400 loss=1.462
  derivmatch lr=0.01 iter=2380/3400 loss=1.015
  derivmatch lr=0.01 iter=2550/3400 loss=1.302
  derivmatch lr=0.01 iter=2720/3400 loss=1.076
  derivmatch lr=0.01 iter=2890/3400 loss=0.8861
  derivmatch lr=0.01 iter=3060/3400 loss=0.7755
  derivmatch lr=0.01 iter=3230/3400 loss=0.9188
  derivmatch lr=0.01 iter=3400/3400 loss=0.8403
  derivmatch lr=0.01 iter=3400/3400 loss=0.7264
  derivmatch lr=0.003 iter=125/2500 loss=0.6978
  derivmatch lr=0.003 iter=250/2500 loss=0.6807
  derivmatch lr=0.003 iter=375/2500 loss=0.6916
  derivmatch lr=0.003 iter=500/2500 loss=0.6406
  derivmatch lr=0.003 iter=625/2500 loss=0.6402
  derivmatch lr=0.003 iter=750/2500 loss=0.6604
  derivmatch lr=0.003 iter=875/2500 loss=0.6055
  derivmatch lr=0.003 iter=1000/2500 loss=0.6112
  derivmatch lr=0.003 iter=1125/2500 loss=0.6323
  derivmatch lr=0.003 iter=1250/2500 loss=0.5813
  derivmatch lr=0.003 iter=1375/2500 loss=0.593
  derivmatch lr=0.003 iter=1500/2500 loss=0.625
  derivmatch lr=0.003 iter=1625/2500 loss=0.5634
  derivmatch lr=0.003 iter=1750/2500 loss=0.5775
  derivmatch lr=0.003 iter=1875/2500 loss=0.5881
  derivmatch lr=0.003 iter=2000/2500 loss=0.5418
  derivmatch lr=0.003 iter=2125/2500 loss=0.5457
  derivmatch lr=0.003 iter=2250/2500 loss=0.5764
  derivmatch lr=0.003 iter=2375/2500 loss=0.5289
  derivmatch lr=0.003 iter=2500/2500 loss=0.5352
  derivmatch lr=0.003 iter=2500/2500 loss=0.5209
  derivmatch lr=0.001 iter=125/2500 loss=0.5109
  derivmatch lr=0.001 iter=250/2500 loss=0.5079
  derivmatch lr=0.001 iter=375/2500 loss=0.5045
  derivmatch lr=0.001 iter=500/2500 loss=0.5048
  derivmatch lr=0.001 iter=625/2500 loss=0.4995
  derivmatch lr=0.001 iter=750/2500 loss=0.4958
  derivmatch lr=0.001 iter=875/2500 loss=0.4927
  derivmatch lr=0.001 iter=1000/2500 loss=0.489
  derivmatch lr=0.001 iter=1125/2500 loss=0.4861
  derivmatch lr=0.001 iter=1250/2500 loss=0.4826
  derivmatch lr=0.001 iter=1375/2500 loss=0.4799
  derivmatch lr=0.001 iter=1500/2500 loss=0.4764
  derivmatch lr=0.001 iter=1625/2500 loss=0.4739
  derivmatch lr=0.001 iter=1750/2500 loss=0.4722
  derivmatch lr=0.001 iter=1875/2500 loss=0.4683
  derivmatch lr=0.001 iter=2000/2500 loss=0.4653
  derivmatch lr=0.001 iter=2125/2500 loss=0.463
  derivmatch lr=0.001 iter=2250/2500 loss=0.4601
  derivmatch lr=0.001 iter=2375/2500 loss=0.4579
  derivmatch lr=0.001 iter=2500/2500 loss=0.4551
  derivmatch lr=0.001 iter=2500/2500 loss=0.4551
  derivmatch lr=0.0003 iter=80/1600 loss=0.4516
  derivmatch lr=0.0003 iter=160/1600 loss=0.4512
  derivmatch lr=0.0003 iter=240/1600 loss=0.4507
  derivmatch lr=0.0003 iter=320/1600 loss=0.4501
  derivmatch lr=0.0003 iter=400/1600 loss=0.4495
  derivmatch lr=0.0003 iter=480/1600 loss=0.4488
  derivmatch lr=0.0003 iter=560/1600 loss=0.4482
  derivmatch lr=0.0003 iter=640/1600 loss=0.4474
  derivmatch lr=0.0003 iter=720/1600 loss=0.4467
  derivmatch lr=0.0003 iter=800/1600 loss=0.4459
  derivmatch lr=0.0003 iter=880/1600 loss=0.4451
  derivmatch lr=0.0003 iter=960/1600 loss=0.4444
  derivmatch lr=0.0003 iter=1040/1600 loss=0.4436
  derivmatch lr=0.0003 iter=1120/1600 loss=0.4428
  derivmatch lr=0.0003 iter=1200/1600 loss=0.4421
  derivmatch lr=0.0003 iter=1280/1600 loss=0.4413
  derivmatch lr=0.0003 iter=1360/1600 loss=0.4406
  derivmatch lr=0.0003 iter=1440/1600 loss=0.4403
  derivmatch lr=0.0003 iter=1520/1600 loss=0.4392
  derivmatch lr=0.0003 iter=1600/1600 loss=0.4383
  derivmatch lr=0.0003 iter=1600/1600 loss=0.4382
derivative matching [29s]  fitloss=0.438
  [derivative matching]  nrmse=0.257  l2=2.219
extrapolation window: T=321.8122 -> T_test=643.624  n_test=100
  [train]  E_traj=0.2777  E_VF=0.31  E_spec=0.9886
  [test ]  E_traj=280500.0  E_VF=727700.0  E_spec=0.9644
saved /orcd/home/002/txenakis/projects/BVPsolver/src/../data/runs/run_I7KyoGI2/hires_fit.png
saved /orcd/home/002/txenakis/projects/BVPsolver/src/../data/runs/run_I7KyoGI2/hires_fit_extrapolated.png
saved /orcd/home/002/txenakis/projects/BVPsolver/src/../data/runs/run_I7KyoGI2/hires_spectral_fit_extrapolated.png
saved /orcd/home/002/txenakis/projects/BVPsolver/src/../data/runs/run_I7KyoGI2/hires_vf_fit_extrapolated.png
┌ Warning: Attempting to store StiffNN.var"#18#19"{Type{Float64}}.
│ JLD2 only stores functions by name.
│  This may not be useful for anonymous functions.
└ @ JLD2 ~/.julia/packages/JLD2/ADycq/src/data/writing_datatypes.jl:447
saved run → /orcd/home/002/txenakis/projects/BVPsolver/src/../data/runs/run_I7KyoGI2
--------------------------------------
Done: Thu Aug 13 23:33:41 EDT 2026
