Task 378/416: --problem davis-skodje --model mlp --profile fast --seed 13 --pretraining derivmatch --training none
Logging to /home/txenakis/projects/BVPsolver/logs/run_main_21347893_378.log
davis-skodje  model=mlp width=14 d=2 tlen=300 profile=fast seed=13  solver=Rodas5P  N=282
  derivmatch lr=0.01 iter=170/3400 loss=1.7
  derivmatch lr=0.01 iter=340/3400 loss=1.908
  derivmatch lr=0.01 iter=510/3400 loss=1.313
  derivmatch lr=0.01 iter=680/3400 loss=1.102
  derivmatch lr=0.01 iter=850/3400 loss=1.749
  derivmatch lr=0.01 iter=1020/3400 loss=1.726
  derivmatch lr=0.01 iter=1190/3400 loss=1.544
  derivmatch lr=0.01 iter=1360/3400 loss=1.312
  derivmatch lr=0.01 iter=1530/3400 loss=0.773
  derivmatch lr=0.01 iter=1700/3400 loss=0.6547
  derivmatch lr=0.01 iter=1870/3400 loss=1.42
  derivmatch lr=0.01 iter=2040/3400 loss=1.275
  derivmatch lr=0.01 iter=2210/3400 loss=1.006
  derivmatch lr=0.01 iter=2380/3400 loss=1.502
  derivmatch lr=0.01 iter=2550/3400 loss=0.7384
  derivmatch lr=0.01 iter=2720/3400 loss=0.7364
  derivmatch lr=0.01 iter=2890/3400 loss=0.6563
  derivmatch lr=0.01 iter=3060/3400 loss=0.5471
  derivmatch lr=0.01 iter=3230/3400 loss=0.9471
  derivmatch lr=0.01 iter=3400/3400 loss=0.59
  derivmatch lr=0.01 iter=3400/3400 loss=0.3906
  derivmatch lr=0.003 iter=125/2500 loss=0.4286
  derivmatch lr=0.003 iter=250/2500 loss=0.3945
  derivmatch lr=0.003 iter=375/2500 loss=0.3361
  derivmatch lr=0.003 iter=500/2500 loss=0.3015
  derivmatch lr=0.003 iter=625/2500 loss=0.2948
  derivmatch lr=0.003 iter=750/2500 loss=0.2836
  derivmatch lr=0.003 iter=875/2500 loss=0.2774
  derivmatch lr=0.003 iter=1000/2500 loss=0.2649
  derivmatch lr=0.003 iter=1125/2500 loss=0.2599
  derivmatch lr=0.003 iter=1250/2500 loss=0.2473
  derivmatch lr=0.003 iter=1375/2500 loss=0.2435
  derivmatch lr=0.003 iter=1500/2500 loss=0.2318
  derivmatch lr=0.003 iter=1625/2500 loss=0.2291
  derivmatch lr=0.003 iter=1750/2500 loss=0.2184
  derivmatch lr=0.003 iter=1875/2500 loss=0.2167
  derivmatch lr=0.003 iter=2000/2500 loss=0.207
  derivmatch lr=0.003 iter=2125/2500 loss=0.206
  derivmatch lr=0.003 iter=2250/2500 loss=0.2045
  derivmatch lr=0.003 iter=2375/2500 loss=0.2678
  derivmatch lr=0.003 iter=2500/2500 loss=0.2285
  derivmatch lr=0.003 iter=2500/2500 loss=0.1877
  derivmatch lr=0.001 iter=125/2500 loss=0.1822
  derivmatch lr=0.001 iter=250/2500 loss=0.181
  derivmatch lr=0.001 iter=375/2500 loss=0.1808
  derivmatch lr=0.001 iter=500/2500 loss=0.1795
  derivmatch lr=0.001 iter=625/2500 loss=0.1774
  derivmatch lr=0.001 iter=750/2500 loss=0.1756
  derivmatch lr=0.001 iter=875/2500 loss=0.1733
  derivmatch lr=0.001 iter=1000/2500 loss=0.1711
  derivmatch lr=0.001 iter=1125/2500 loss=0.1686
  derivmatch lr=0.001 iter=1250/2500 loss=0.1663
  derivmatch lr=0.001 iter=1375/2500 loss=0.1637
  derivmatch lr=0.001 iter=1500/2500 loss=0.1613
  derivmatch lr=0.001 iter=1625/2500 loss=0.1587
  derivmatch lr=0.001 iter=1750/2500 loss=0.1564
  derivmatch lr=0.001 iter=1875/2500 loss=0.1538
  derivmatch lr=0.001 iter=2000/2500 loss=0.1516
  derivmatch lr=0.001 iter=2125/2500 loss=0.1491
  derivmatch lr=0.001 iter=2250/2500 loss=0.1471
  derivmatch lr=0.001 iter=2375/2500 loss=0.1448
  derivmatch lr=0.001 iter=2500/2500 loss=0.1429
  derivmatch lr=0.001 iter=2500/2500 loss=0.1427
  derivmatch lr=0.0003 iter=80/1600 loss=0.1408
  derivmatch lr=0.0003 iter=160/1600 loss=0.1405
  derivmatch lr=0.0003 iter=240/1600 loss=0.1402
  derivmatch lr=0.0003 iter=320/1600 loss=0.1398
  derivmatch lr=0.0003 iter=400/1600 loss=0.1393
  derivmatch lr=0.0003 iter=480/1600 loss=0.1387
  derivmatch lr=0.0003 iter=560/1600 loss=0.1382
  derivmatch lr=0.0003 iter=640/1600 loss=0.1375
  derivmatch lr=0.0003 iter=720/1600 loss=0.1368
  derivmatch lr=0.0003 iter=800/1600 loss=0.1361
  derivmatch lr=0.0003 iter=880/1600 loss=0.1354
  derivmatch lr=0.0003 iter=960/1600 loss=0.1346
  derivmatch lr=0.0003 iter=1040/1600 loss=0.1338
  derivmatch lr=0.0003 iter=1120/1600 loss=0.133
  derivmatch lr=0.0003 iter=1200/1600 loss=0.1322
  derivmatch lr=0.0003 iter=1280/1600 loss=0.1314
  derivmatch lr=0.0003 iter=1360/1600 loss=0.1305
  derivmatch lr=0.0003 iter=1440/1600 loss=0.1298
  derivmatch lr=0.0003 iter=1520/1600 loss=0.1288
  derivmatch lr=0.0003 iter=1600/1600 loss=0.1281
  derivmatch lr=0.0003 iter=1600/1600 loss=0.128
derivative matching [26s]  fitloss=0.128
  [derivative matching]  nrmse=0.04982  l2=2.438
extrapolation window: T=15.0 -> T_test=30.0  n_test=600
  [train]  E_traj=0.007457  E_VF=0.1628  E_spec=0.5319
  [test ]  E_traj=133300.0  E_VF=5.037e9  E_spec=0.5207
saved /orcd/home/002/txenakis/projects/BVPsolver/src/../data/runs/run_ilsopkbg/davis-skodje_fit.png
saved /orcd/home/002/txenakis/projects/BVPsolver/src/../data/runs/run_ilsopkbg/davis-skodje_fit_extrapolated.png
saved /orcd/home/002/txenakis/projects/BVPsolver/src/../data/runs/run_ilsopkbg/davis-skodje_spectral_fit_extrapolated.png
saved /orcd/home/002/txenakis/projects/BVPsolver/src/../data/runs/run_ilsopkbg/davis-skodje_vf_fit_extrapolated.png
┌ Warning: Attempting to store StiffNN.var"#22#23"{Float64}.
│ JLD2 only stores functions by name.
│  This may not be useful for anonymous functions.
└ @ JLD2 ~/.julia/packages/JLD2/ADycq/src/data/writing_datatypes.jl:447
saved run → /orcd/home/002/txenakis/projects/BVPsolver/src/../data/runs/run_ilsopkbg
--------------------------------------
Done: Wed Aug 26 23:52:38 EDT 2026
