Task 127/416: --problem rober --model GELU-scaled --profile fast --seed 15 --pretraining derivmatch --training collocation
Logging to /home/txenakis/projects/BVPsolver/logs/run_main_20391846_127.log
rober  model=GELU-scaled d=3 tlen=50 profile=fast seed=15  solver=Rodas5  N=188
  derivmatch lr=0.01 iter=170/3400 loss=10.83
  derivmatch lr=0.01 iter=340/3400 loss=9.641
  derivmatch lr=0.01 iter=510/3400 loss=9.295
  derivmatch lr=0.01 iter=680/3400 loss=9.028
  derivmatch lr=0.01 iter=850/3400 loss=8.744
  derivmatch lr=0.01 iter=1020/3400 loss=8.382
  derivmatch lr=0.01 iter=1190/3400 loss=7.927
  derivmatch lr=0.01 iter=1360/3400 loss=7.448
  derivmatch lr=0.01 iter=1530/3400 loss=6.913
  derivmatch lr=0.01 iter=1700/3400 loss=6.719
  derivmatch lr=0.01 iter=1870/3400 loss=6.33
  derivmatch lr=0.01 iter=2040/3400 loss=6.269
  derivmatch lr=0.01 iter=2210/3400 loss=10.11
  derivmatch lr=0.01 iter=2380/3400 loss=9.542
  derivmatch lr=0.01 iter=2550/3400 loss=8.508
  derivmatch lr=0.01 iter=2720/3400 loss=7.963
  derivmatch lr=0.01 iter=2890/3400 loss=7.751
  derivmatch lr=0.01 iter=3060/3400 loss=7.666
  derivmatch lr=0.01 iter=3230/3400 loss=7.621
  derivmatch lr=0.01 iter=3400/3400 loss=7.592
  derivmatch lr=0.01 iter=3400/3400 loss=5.835
  derivmatch lr=0.003 iter=125/2500 loss=5.765
  derivmatch lr=0.003 iter=250/2500 loss=5.647
  derivmatch lr=0.003 iter=375/2500 loss=5.526
  derivmatch lr=0.003 iter=500/2500 loss=5.377
  derivmatch lr=0.003 iter=625/2500 loss=8.354
  derivmatch lr=0.003 iter=750/2500 loss=8.125
  derivmatch lr=0.003 iter=875/2500 loss=7.46
  derivmatch lr=0.003 iter=1000/2500 loss=6.065
  derivmatch lr=0.003 iter=1125/2500 loss=9.644
  derivmatch lr=0.003 iter=1250/2500 loss=9.294
  derivmatch lr=0.003 iter=1375/2500 loss=8.959
  derivmatch lr=0.003 iter=1500/2500 loss=8.721
  derivmatch lr=0.003 iter=1625/2500 loss=8.507
  derivmatch lr=0.003 iter=1750/2500 loss=8.272
  derivmatch lr=0.003 iter=1875/2500 loss=7.996
  derivmatch lr=0.003 iter=2000/2500 loss=7.764
  derivmatch lr=0.003 iter=2125/2500 loss=7.606
  derivmatch lr=0.003 iter=2250/2500 loss=7.483
  derivmatch lr=0.003 iter=2375/2500 loss=7.38
  derivmatch lr=0.003 iter=2500/2500 loss=7.291
  derivmatch lr=0.003 iter=2500/2500 loss=5.322
  derivmatch lr=0.001 iter=125/2500 loss=5.315
  derivmatch lr=0.001 iter=250/2500 loss=5.291
  derivmatch lr=0.001 iter=375/2500 loss=5.262
  derivmatch lr=0.001 iter=500/2500 loss=5.227
  derivmatch lr=0.001 iter=625/2500 loss=5.186
  derivmatch lr=0.001 iter=750/2500 loss=5.138
  derivmatch lr=0.001 iter=875/2500 loss=5.084
  derivmatch lr=0.001 iter=1000/2500 loss=8.374
  derivmatch lr=0.001 iter=1125/2500 loss=8.293
  derivmatch lr=0.001 iter=1250/2500 loss=8.254
  derivmatch lr=0.001 iter=1375/2500 loss=8.209
  derivmatch lr=0.001 iter=1500/2500 loss=8.158
  derivmatch lr=0.001 iter=1625/2500 loss=8.095
  derivmatch lr=0.001 iter=1750/2500 loss=8.012
  derivmatch lr=0.001 iter=1875/2500 loss=7.899
  derivmatch lr=0.001 iter=2000/2500 loss=7.74
  derivmatch lr=0.001 iter=2125/2500 loss=7.508
  derivmatch lr=0.001 iter=2250/2500 loss=7.156
  derivmatch lr=0.001 iter=2375/2500 loss=6.544
  derivmatch lr=0.001 iter=2500/2500 loss=6.113
  derivmatch lr=0.001 iter=2500/2500 loss=5.059
  derivmatch lr=0.0003 iter=80/1600 loss=5.061
  derivmatch lr=0.0003 iter=160/1600 loss=5.053
  derivmatch lr=0.0003 iter=240/1600 loss=5.049
  derivmatch lr=0.0003 iter=320/1600 loss=5.045
  derivmatch lr=0.0003 iter=400/1600 loss=5.04
  derivmatch lr=0.0003 iter=480/1600 loss=5.035
  derivmatch lr=0.0003 iter=560/1600 loss=5.03
  derivmatch lr=0.0003 iter=640/1600 loss=5.024
  derivmatch lr=0.0003 iter=720/1600 loss=5.018
  derivmatch lr=0.0003 iter=800/1600 loss=5.012
  derivmatch lr=0.0003 iter=880/1600 loss=5.006
  derivmatch lr=0.0003 iter=960/1600 loss=4.999
  derivmatch lr=0.0003 iter=1040/1600 loss=4.992
  derivmatch lr=0.0003 iter=1120/1600 loss=4.985
  derivmatch lr=0.0003 iter=1200/1600 loss=4.977
  derivmatch lr=0.0003 iter=1280/1600 loss=4.969
  derivmatch lr=0.0003 iter=1360/1600 loss=4.961
  derivmatch lr=0.0003 iter=1440/1600 loss=4.953
  derivmatch lr=0.0003 iter=1520/1600 loss=4.944
  derivmatch lr=0.0003 iter=1600/1600 loss=4.935
  derivmatch lr=0.0003 iter=1600/1600 loss=4.935
derivative matching [25s]  fitloss=4.93
  [derivative matching]  nrmse=6.853  l2=0.5341
  collocation: M=54 residuals=627  detecting sparsity + solving...

Algorithm: LevenbergMarquardt(
    trustregion = LevenbergMarquardtTrustRegion(
        β_uphill = 0.0
    ),
    descent = GeodesicAcceleration(
        descent = DampedNewtonDescent(
            linsolve = KLUFactorization(
                reuse_symbolic = true,
                check_pattern = true
            ),
            initial_damping = 1.0,
            damping_fn = LevenbergMarquardtDampingFunction(
                increase_factor = 2.0,
                decrease_factor = 3.0,
                min_damping = 1.0e-8
            ),
            min_norm_mode = :auto
        ),
        finite_diff_step_geodesic = 0.1,
        α = 0.75
    ),
    autodiff = AutoForwardDiff(),
    vjp_autodiff = AutoFiniteDiff(
        fdtype = Val{:forward}(),
        fdjtype = Val{:forward}(),
        fdhtype = Val{:hcentral}(),
        dir = true
    ),
    jvp_autodiff = AutoForwardDiff(),
    concrete_jac = Val{true}()
)

----    	-------------       	-----------         
Iter    	f(u) 2-norm         	Step 2-norm         
----    	-------------       	-----------         
0       	1.45944288e+04      	NaN                 
1       	1.45944288e+04      	0.00000000e+00      
8       	8.05864873e+03      	9.48658635e-02      
15      	1.69087561e+04      	0.00000000e+00      
22      	5.03858307e+03      	1.00970888e-01      
29      	5.03858307e+03      	0.00000000e+00      
36      	4.87128858e+03      	5.94419125e-03      
43      	5.01191906e+03      	0.00000000e+00      
50      	4.99214008e+03      	0.00000000e+00      
57      	4.74074414e+03      	5.18642782e-03      
64      	4.91884691e+03      	0.00000000e+00      
71      	4.91020283e+03      	0.00000000e+00      
78      	4.88900522e+03      	7.50928101e-03      
85      	4.87562401e+03      	0.00000000e+00      
92      	4.60624798e+03      	8.90205562e-03      
99      	4.80985128e+03      	0.00000000e+00      
106     	4.58131102e+03      	1.51705322e-02      
113     	4.58477203e+03      	5.40584774e-03      
120     	4.72034802e+03      	0.00000000e+00      
127     	4.70502720e+03      	0.00000000e+00      
134     	4.47253812e+03      	0.00000000e+00      
141     	4.66459601e+03      	0.00000000e+00      
148     	4.65478813e+03      	0.00000000e+00      
Final   	3.44644491e+03      
----------------------      
  AMR 1/1: M=54  err=3.51e6  obs=0.00177  nrmse=1.95  best=1.95  refined=0
collocation [14s]
  [final]  nrmse=1.954  l2=0.6799
extrapolation window: T=1000.0 -> T_test=1.0e12  n_test=100
  [train]  E_traj=9.94  E_VF=0.7326  E_spec=0.9972
  [test ]  E_traj=2.4099999999999998e26  E_VF=7.635e6  E_spec=0.9909
saved /orcd/home/002/txenakis/projects/BVPsolver/src/../data/runs/run_AL9rDH5u/rober_fit.png
saved /orcd/home/002/txenakis/projects/BVPsolver/src/../data/runs/run_AL9rDH5u/rober_fit_extrapolated.png
saved /orcd/home/002/txenakis/projects/BVPsolver/src/../data/runs/run_AL9rDH5u/rober_spectral_fit_extrapolated.png
saved /orcd/home/002/txenakis/projects/BVPsolver/src/../data/runs/run_AL9rDH5u/rober_vf_fit_extrapolated.png
┌ Warning: Attempting to store StiffNN.var"#12#13"{Float64, Float64, Float64}.
│ JLD2 only stores functions by name.
│  This may not be useful for anonymous functions.
└ @ JLD2 ~/.julia/packages/JLD2/ADycq/src/data/writing_datatypes.jl:447
saved run → /orcd/home/002/txenakis/projects/BVPsolver/src/../data/runs/run_AL9rDH5u
--------------------------------------
Done: Thu Aug 13 22:39:38 EDT 2026
