Task 280/416: --problem orego --model stiff --profile fast --seed 13 --pretraining derivmatch --training none
Logging to /home/txenakis/projects/BVPsolver/logs/run_main_21347893_280.log
orego  model=stiff width=16 d=3 tlen=112 profile=fast seed=13  solver=Rodas5  N=486
  derivmatch lr=0.01 iter=170/3400 loss=0.08339
  derivmatch lr=0.01 iter=340/3400 loss=0.03071
  derivmatch lr=0.01 iter=510/3400 loss=0.2225
  derivmatch lr=0.01 iter=680/3400 loss=0.01737
  derivmatch lr=0.01 iter=850/3400 loss=0.01406
  derivmatch lr=0.01 iter=1020/3400 loss=0.0117
  derivmatch lr=0.01 iter=1190/3400 loss=0.009671
  derivmatch lr=0.01 iter=1360/3400 loss=0.007931
  derivmatch lr=0.01 iter=1530/3400 loss=0.006513
  derivmatch lr=0.01 iter=1700/3400 loss=0.005375
  derivmatch lr=0.01 iter=1870/3400 loss=0.004447
  derivmatch lr=0.01 iter=2040/3400 loss=0.003692
  derivmatch lr=0.01 iter=2210/3400 loss=0.003089
  derivmatch lr=0.01 iter=2380/3400 loss=0.002598
  derivmatch lr=0.01 iter=2550/3400 loss=0.00219
  derivmatch lr=0.01 iter=2720/3400 loss=0.001852
  derivmatch lr=0.01 iter=2890/3400 loss=0.001585
  derivmatch lr=0.01 iter=3060/3400 loss=0.001382
  derivmatch lr=0.01 iter=3230/3400 loss=0.001235
  derivmatch lr=0.01 iter=3400/3400 loss=0.00113
  derivmatch lr=0.01 iter=3400/3400 loss=0.00113
  derivmatch lr=0.003 iter=125/2500 loss=0.001049
  derivmatch lr=0.003 iter=250/2500 loss=0.0009795
  derivmatch lr=0.003 iter=375/2500 loss=0.0009088
  derivmatch lr=0.003 iter=500/2500 loss=0.0008427
  derivmatch lr=0.003 iter=625/2500 loss=0.000792
  derivmatch lr=0.003 iter=750/2500 loss=0.0007449
  derivmatch lr=0.003 iter=875/2500 loss=0.0007098
  derivmatch lr=0.003 iter=1000/2500 loss=0.000676
  derivmatch lr=0.003 iter=1125/2500 loss=0.0006429
  derivmatch lr=0.003 iter=1250/2500 loss=0.0006104
  derivmatch lr=0.003 iter=1375/2500 loss=0.0005783
  derivmatch lr=0.003 iter=1500/2500 loss=0.0005468
  derivmatch lr=0.003 iter=1625/2500 loss=0.002127
  derivmatch lr=0.003 iter=1750/2500 loss=0.0005048
  derivmatch lr=0.003 iter=1875/2500 loss=0.0004867
  derivmatch lr=0.003 iter=2000/2500 loss=0.0004688
  derivmatch lr=0.003 iter=2125/2500 loss=0.0004508
  derivmatch lr=0.003 iter=2250/2500 loss=0.0004327
  derivmatch lr=0.003 iter=2375/2500 loss=0.0004145
  derivmatch lr=0.003 iter=2500/2500 loss=0.0003963
  derivmatch lr=0.003 iter=2500/2500 loss=0.0003963
  derivmatch lr=0.001 iter=125/2500 loss=0.0003892
  derivmatch lr=0.001 iter=250/2500 loss=0.0003828
  derivmatch lr=0.001 iter=375/2500 loss=0.0003744
  derivmatch lr=0.001 iter=500/2500 loss=0.0003647
  derivmatch lr=0.001 iter=625/2500 loss=0.0003538
  derivmatch lr=0.001 iter=750/2500 loss=0.0003419
  derivmatch lr=0.001 iter=875/2500 loss=0.0003293
  derivmatch lr=0.001 iter=1000/2500 loss=0.0003159
  derivmatch lr=0.001 iter=1125/2500 loss=0.0003018
  derivmatch lr=0.001 iter=1250/2500 loss=0.0002883
  derivmatch lr=0.001 iter=1375/2500 loss=0.0002744
  derivmatch lr=0.001 iter=1500/2500 loss=0.0002605
  derivmatch lr=0.001 iter=1625/2500 loss=0.0002462
  derivmatch lr=0.001 iter=1750/2500 loss=0.000234
  derivmatch lr=0.001 iter=1875/2500 loss=0.0002229
  derivmatch lr=0.001 iter=2000/2500 loss=0.0002128
  derivmatch lr=0.001 iter=2125/2500 loss=0.0002058
  derivmatch lr=0.001 iter=2250/2500 loss=0.0001996
  derivmatch lr=0.001 iter=2375/2500 loss=0.0001884
  derivmatch lr=0.001 iter=2500/2500 loss=0.0001818
  derivmatch lr=0.001 iter=2500/2500 loss=0.0001818
  derivmatch lr=0.0003 iter=80/1600 loss=0.0001811
  derivmatch lr=0.0003 iter=160/1600 loss=0.0001804
  derivmatch lr=0.0003 iter=240/1600 loss=0.0001795
  derivmatch lr=0.0003 iter=320/1600 loss=0.0001786
  derivmatch lr=0.0003 iter=400/1600 loss=0.0001775
  derivmatch lr=0.0003 iter=480/1600 loss=0.0001763
  derivmatch lr=0.0003 iter=560/1600 loss=0.000175
  derivmatch lr=0.0003 iter=640/1600 loss=0.0001737
  derivmatch lr=0.0003 iter=720/1600 loss=0.0001722
  derivmatch lr=0.0003 iter=800/1600 loss=0.0001707
  derivmatch lr=0.0003 iter=880/1600 loss=0.0001692
  derivmatch lr=0.0003 iter=960/1600 loss=0.0001675
  derivmatch lr=0.0003 iter=1040/1600 loss=0.0001659
  derivmatch lr=0.0003 iter=1120/1600 loss=0.0001642
  derivmatch lr=0.0003 iter=1200/1600 loss=0.0001625
  derivmatch lr=0.0003 iter=1280/1600 loss=0.0001607
  derivmatch lr=0.0003 iter=1360/1600 loss=0.0001589
  derivmatch lr=0.0003 iter=1440/1600 loss=0.0001571
  derivmatch lr=0.0003 iter=1520/1600 loss=0.0001553
  derivmatch lr=0.0003 iter=1600/1600 loss=0.0001535
  derivmatch lr=0.0003 iter=1600/1600 loss=0.0001535
derivative matching [33s]  fitloss=0.000154
  [derivative matching]  nrmse=0.4748  l2=486300.0
extrapolation window: T=180.0 -> T_test=360.0  n_test=224
  [train]  E_traj=1.627  E_VF=0.001033  E_spec=1.125
  [test ]  E_traj=0.968  E_VF=0.00087  E_spec=1.02
saved /orcd/home/002/txenakis/projects/BVPsolver/src/../data/runs/run_kg2jOP4C/orego_fit.png
saved /orcd/home/002/txenakis/projects/BVPsolver/src/../data/runs/run_kg2jOP4C/orego_fit_extrapolated.png
saved /orcd/home/002/txenakis/projects/BVPsolver/src/../data/runs/run_kg2jOP4C/orego_spectral_fit_extrapolated.png
saved /orcd/home/002/txenakis/projects/BVPsolver/src/../data/runs/run_kg2jOP4C/orego_vf_fit_extrapolated.png
┌ Warning: Attempting to store StiffNN.var"#20#21"{Float64, Float64, Float64}.
│ JLD2 only stores functions by name.
│  This may not be useful for anonymous functions.
└ @ JLD2 ~/.julia/packages/JLD2/ADycq/src/data/writing_datatypes.jl:447
saved run → /orcd/home/002/txenakis/projects/BVPsolver/src/../data/runs/run_kg2jOP4C
--------------------------------------
Done: Wed Aug 26 23:06:46 EDT 2026
