Task 98/416: --problem rober --model mlp --profile fast --seed 11 --pretraining derivmatch --training collocation
Logging to /home/txenakis/projects/BVPsolver/logs/run_main_21347893_98.log
rober  model=mlp width=15 d=3 tlen=50 profile=fast seed=11  solver=Rodas5  N=348
  derivmatch lr=0.01 iter=170/3400 loss=36.88
  derivmatch lr=0.01 iter=340/3400 loss=37.18
  derivmatch lr=0.01 iter=510/3400 loss=27.43
  derivmatch lr=0.01 iter=680/3400 loss=40.78
  derivmatch lr=0.01 iter=850/3400 loss=45.66
  derivmatch lr=0.01 iter=1020/3400 loss=40.67
  derivmatch lr=0.01 iter=1190/3400 loss=41.65
  derivmatch lr=0.01 iter=1360/3400 loss=34.21
  derivmatch lr=0.01 iter=1530/3400 loss=54.22
  derivmatch lr=0.01 iter=1700/3400 loss=44.05
  derivmatch lr=0.01 iter=1870/3400 loss=52.01
  derivmatch lr=0.01 iter=2040/3400 loss=46.46
  derivmatch lr=0.01 iter=2210/3400 loss=44.99
  derivmatch lr=0.01 iter=2380/3400 loss=43.81
  derivmatch lr=0.01 iter=2550/3400 loss=44.85
  derivmatch lr=0.01 iter=2720/3400 loss=43.58
  derivmatch lr=0.01 iter=2890/3400 loss=34.8
  derivmatch lr=0.01 iter=3060/3400 loss=42.59
  derivmatch lr=0.01 iter=3230/3400 loss=48.2
  derivmatch lr=0.01 iter=3400/3400 loss=51.22
  derivmatch lr=0.01 iter=3400/3400 loss=18.93
  derivmatch lr=0.003 iter=125/2500 loss=22.81
  derivmatch lr=0.003 iter=250/2500 loss=30.14
  derivmatch lr=0.003 iter=375/2500 loss=26.74
  derivmatch lr=0.003 iter=500/2500 loss=24.09
  derivmatch lr=0.003 iter=625/2500 loss=34.92
  derivmatch lr=0.003 iter=750/2500 loss=29.12
  derivmatch lr=0.003 iter=875/2500 loss=30.66
  derivmatch lr=0.003 iter=1000/2500 loss=23.28
  derivmatch lr=0.003 iter=1125/2500 loss=35.83
  derivmatch lr=0.003 iter=1250/2500 loss=30.7
  derivmatch lr=0.003 iter=1375/2500 loss=31.49
  derivmatch lr=0.003 iter=1500/2500 loss=32.53
  derivmatch lr=0.003 iter=1625/2500 loss=29.86
  derivmatch lr=0.003 iter=1750/2500 loss=35.63
  derivmatch lr=0.003 iter=1875/2500 loss=31.17
  derivmatch lr=0.003 iter=2000/2500 loss=22.88
  derivmatch lr=0.003 iter=2125/2500 loss=39.53
  derivmatch lr=0.003 iter=2250/2500 loss=38.38
  derivmatch lr=0.003 iter=2375/2500 loss=36.94
  derivmatch lr=0.003 iter=2500/2500 loss=34.56
  derivmatch lr=0.003 iter=2500/2500 loss=14.99
  derivmatch lr=0.001 iter=125/2500 loss=15.12
  derivmatch lr=0.001 iter=250/2500 loss=13.16
  derivmatch lr=0.001 iter=375/2500 loss=18.05
  derivmatch lr=0.001 iter=500/2500 loss=12.33
  derivmatch lr=0.001 iter=625/2500 loss=15.21
  derivmatch lr=0.001 iter=750/2500 loss=16.66
  derivmatch lr=0.001 iter=875/2500 loss=17.25
  derivmatch lr=0.001 iter=1000/2500 loss=17.56
  derivmatch lr=0.001 iter=1125/2500 loss=15.34
  derivmatch lr=0.001 iter=1250/2500 loss=25.0
  derivmatch lr=0.001 iter=1375/2500 loss=24.77
  derivmatch lr=0.001 iter=1500/2500 loss=19.63
  derivmatch lr=0.001 iter=1625/2500 loss=18.13
  derivmatch lr=0.001 iter=1750/2500 loss=18.17
  derivmatch lr=0.001 iter=1875/2500 loss=14.47
  derivmatch lr=0.001 iter=2000/2500 loss=13.93
  derivmatch lr=0.001 iter=2125/2500 loss=16.14
  derivmatch lr=0.001 iter=2250/2500 loss=17.92
  derivmatch lr=0.001 iter=2375/2500 loss=25.36
  derivmatch lr=0.001 iter=2500/2500 loss=24.82
  derivmatch lr=0.001 iter=2500/2500 loss=9.209
  derivmatch lr=0.0003 iter=80/1600 loss=8.691
  derivmatch lr=0.0003 iter=160/1600 loss=8.37
  derivmatch lr=0.0003 iter=240/1600 loss=8.883
  derivmatch lr=0.0003 iter=320/1600 loss=8.559
  derivmatch lr=0.0003 iter=400/1600 loss=8.062
  derivmatch lr=0.0003 iter=480/1600 loss=7.813
  derivmatch lr=0.0003 iter=560/1600 loss=7.855
  derivmatch lr=0.0003 iter=640/1600 loss=8.336
  derivmatch lr=0.0003 iter=720/1600 loss=8.19
  derivmatch lr=0.0003 iter=800/1600 loss=7.836
  derivmatch lr=0.0003 iter=880/1600 loss=7.585
  derivmatch lr=0.0003 iter=960/1600 loss=7.886
  derivmatch lr=0.0003 iter=1040/1600 loss=11.56
  derivmatch lr=0.0003 iter=1120/1600 loss=7.674
  derivmatch lr=0.0003 iter=1200/1600 loss=7.803
  derivmatch lr=0.0003 iter=1280/1600 loss=8.05
  derivmatch lr=0.0003 iter=1360/1600 loss=7.196
  derivmatch lr=0.0003 iter=1440/1600 loss=7.579
  derivmatch lr=0.0003 iter=1520/1600 loss=7.469
  derivmatch lr=0.0003 iter=1600/1600 loss=8.156
  derivmatch lr=0.0003 iter=1600/1600 loss=6.959
derivative matching [23s]  fitloss=6.96
  [derivative matching]  nrmse=114300.0  l2=155.8
  collocation: M=54 residuals=627  detecting sparsity + solving...

Algorithm: LevenbergMarquardt(
    trustregion = LevenbergMarquardtTrustRegion(
        β_uphill = 0.0
    ),
    descent = GeodesicAcceleration(
        descent = DampedNewtonDescent(
            linsolve = KLUFactorization(
                reuse_symbolic = true,
                check_pattern = true
            ),
            initial_damping = 1.0,
            damping_fn = LevenbergMarquardtDampingFunction(
                increase_factor = 2.0,
                decrease_factor = 3.0,
                min_damping = 1.0e-8
            ),
            min_norm_mode = :auto
        ),
        finite_diff_step_geodesic = 0.1,
        α = 0.75
    ),
    autodiff = AutoForwardDiff(),
    vjp_autodiff = AutoFiniteDiff(
        fdtype = Val{:forward}(),
        fdjtype = Val{:forward}(),
        fdhtype = Val{:hcentral}(),
        dir = true
    ),
    jvp_autodiff = AutoForwardDiff(),
    concrete_jac = Val{true}()
)

----    	-------------       	-----------         
Iter    	f(u) 2-norm         	Step 2-norm         
----    	-------------       	-----------         
0       	4.13066049e+07      	NaN                 
1       	1.82500756e+07      	1.84128373e-02      
8       	2.58433320e+07      	4.44339547e-01      
15      	7.66180917e+07      	7.01684808e-01      
22      	2.69875530e+07      	4.11062223e-01      
29      	3.14910644e+07      	9.35509581e-01      
36      	6.68206310e+08      	0.00000000e+00      
43      	1.19662464e+09      	0.00000000e+00      
50      	2.04442078e+08      	6.27170919e-01      
57      	4.54983775e+07      	7.00863297e-01      
64      	2.61697418e+08      	0.00000000e+00      
71      	1.54154136e+09      	0.00000000e+00      
78      	4.64873284e+08      	0.00000000e+00      
85      	1.82838088e+09      	0.00000000e+00      
92      	9.55165441e+08      	3.98205873e-01      
99      	3.85986980e+08      	4.23117477e-01      
106     	9.07173586e+07      	0.00000000e+00      
113     	1.02901979e+07      	0.00000000e+00      
120     	9.35288567e+05      	1.20473472e-01      
127     	1.17903226e+07      	0.00000000e+00      
134     	5.71303629e+06      	1.45739495e-01      
141     	2.33663909e+07      	0.00000000e+00      
148     	2.23664634e+07      	0.00000000e+00      
Final   	2.24513041e+05      
----------------------      
  AMR 1/1: M=54  err=3.78e10  obs=7.26e-7  nrmse=0.24  best=0.24  refined=0
collocation [15s]
  [final]  nrmse=0.2401  l2=0.002162
extrapolation window: T=1000.0 -> T_test=1.0e12  n_test=100
  [train]  E_traj=0.15  E_VF=0.3509  E_spec=7.5640000000000004e28
  [test ]  E_traj=2.288e31  E_VF=1.402e16  E_spec=4.3309999999999996e26
saved /orcd/home/002/txenakis/projects/BVPsolver/src/../data/runs/run_v9bslB7g/rober_fit.png
saved /orcd/home/002/txenakis/projects/BVPsolver/src/../data/runs/run_v9bslB7g/rober_fit_extrapolated.png
saved /orcd/home/002/txenakis/projects/BVPsolver/src/../data/runs/run_v9bslB7g/rober_spectral_fit_extrapolated.png
saved /orcd/home/002/txenakis/projects/BVPsolver/src/../data/runs/run_v9bslB7g/rober_vf_fit_extrapolated.png
┌ Warning: Attempting to store StiffNN.var"#12#13"{Float64, Float64, Float64}.
│ JLD2 only stores functions by name.
│  This may not be useful for anonymous functions.
└ @ JLD2 ~/.julia/packages/JLD2/ADycq/src/data/writing_datatypes.jl:447
saved run → /orcd/home/002/txenakis/projects/BVPsolver/src/../data/runs/run_v9bslB7g
--------------------------------------
Done: Wed Aug 26 20:53:49 EDT 2026
