rober  model=stiff width=12 d=3 tlen=50 profile=fast seed=100  solver=Rodas5  N=318
  derivmatch lr=0.01 iter=170/3400 loss=0.3406
  derivmatch lr=0.01 iter=340/3400 loss=0.1311
  derivmatch lr=0.01 iter=510/3400 loss=0.08565
  derivmatch lr=0.01 iter=680/3400 loss=0.04856
  derivmatch lr=0.01 iter=850/3400 loss=0.07436
  derivmatch lr=0.01 iter=1020/3400 loss=0.03766
  derivmatch lr=0.01 iter=1190/3400 loss=0.03723
  derivmatch lr=0.01 iter=1360/3400 loss=0.02596
  derivmatch lr=0.01 iter=1530/3400 loss=0.02567
  derivmatch lr=0.01 iter=1700/3400 loss=0.01988
  derivmatch lr=0.01 iter=1870/3400 loss=0.01771
  derivmatch lr=0.01 iter=2040/3400 loss=0.01632
  derivmatch lr=0.01 iter=2210/3400 loss=0.02166
  derivmatch lr=0.01 iter=2380/3400 loss=0.01294
  derivmatch lr=0.01 iter=2550/3400 loss=0.01124
  derivmatch lr=0.01 iter=2720/3400 loss=0.01017
  derivmatch lr=0.01 iter=2890/3400 loss=0.01082
  derivmatch lr=0.01 iter=3060/3400 loss=0.01321
  derivmatch lr=0.01 iter=3230/3400 loss=0.007895
  derivmatch lr=0.01 iter=3400/3400 loss=0.007095
  derivmatch lr=0.01 iter=3400/3400 loss=0.007095
  derivmatch lr=0.003 iter=125/2500 loss=0.006118
  derivmatch lr=0.003 iter=250/2500 loss=0.0049
  derivmatch lr=0.003 iter=375/2500 loss=0.003989
  derivmatch lr=0.003 iter=500/2500 loss=0.003757
  derivmatch lr=0.003 iter=625/2500 loss=0.002837
  derivmatch lr=0.003 iter=750/2500 loss=0.00255
  derivmatch lr=0.003 iter=875/2500 loss=0.002533
  derivmatch lr=0.003 iter=1000/2500 loss=0.002771
  derivmatch lr=0.003 iter=1125/2500 loss=0.001552
  derivmatch lr=0.003 iter=1250/2500 loss=0.00198
  derivmatch lr=0.003 iter=1375/2500 loss=0.001417
  derivmatch lr=0.003 iter=1500/2500 loss=0.0008017
  derivmatch lr=0.003 iter=1625/2500 loss=0.0008293
  derivmatch lr=0.003 iter=1750/2500 loss=0.0005331
  derivmatch lr=0.003 iter=1875/2500 loss=0.0006717
  derivmatch lr=0.003 iter=2000/2500 loss=0.0005855
  derivmatch lr=0.003 iter=2125/2500 loss=0.0004201
  derivmatch lr=0.003 iter=2250/2500 loss=0.000662
  derivmatch lr=0.003 iter=2375/2500 loss=0.0005168
  derivmatch lr=0.003 iter=2500/2500 loss=0.0002568
  derivmatch lr=0.003 iter=2500/2500 loss=0.0002286
  derivmatch lr=0.001 iter=125/2500 loss=0.0002229
  derivmatch lr=0.001 iter=250/2500 loss=0.0002132
  derivmatch lr=0.001 iter=375/2500 loss=0.0002045
  derivmatch lr=0.001 iter=500/2500 loss=0.0001953
  derivmatch lr=0.001 iter=625/2500 loss=0.0001858
  derivmatch lr=0.001 iter=750/2500 loss=0.0001762
  derivmatch lr=0.001 iter=875/2500 loss=0.0001668
  derivmatch lr=0.001 iter=1000/2500 loss=0.0001577
  derivmatch lr=0.001 iter=1125/2500 loss=0.0001492
  derivmatch lr=0.001 iter=1250/2500 loss=0.0001512
  derivmatch lr=0.001 iter=1375/2500 loss=0.0001432
  derivmatch lr=0.001 iter=1500/2500 loss=0.0001885
  derivmatch lr=0.001 iter=1625/2500 loss=0.0001288
  derivmatch lr=0.001 iter=1750/2500 loss=0.000144
  derivmatch lr=0.001 iter=1875/2500 loss=0.0001521
  derivmatch lr=0.001 iter=2000/2500 loss=0.0001205
  derivmatch lr=0.001 iter=2125/2500 loss=0.0001745
  derivmatch lr=0.001 iter=2250/2500 loss=0.0001026
  derivmatch lr=0.001 iter=2375/2500 loss=0.000149
  derivmatch lr=0.001 iter=2500/2500 loss=9.666e-5
  derivmatch lr=0.001 iter=2500/2500 loss=9.535e-5
  derivmatch lr=0.0003 iter=80/1600 loss=9.526e-5
  derivmatch lr=0.0003 iter=160/1600 loss=9.455e-5
  derivmatch lr=0.0003 iter=240/1600 loss=9.415e-5
  derivmatch lr=0.0003 iter=320/1600 loss=9.369e-5
  derivmatch lr=0.0003 iter=400/1600 loss=9.318e-5
  derivmatch lr=0.0003 iter=480/1600 loss=9.262e-5
  derivmatch lr=0.0003 iter=560/1600 loss=9.201e-5
  derivmatch lr=0.0003 iter=640/1600 loss=9.136e-5
  derivmatch lr=0.0003 iter=720/1600 loss=9.066e-5
  derivmatch lr=0.0003 iter=800/1600 loss=8.993e-5
  derivmatch lr=0.0003 iter=880/1600 loss=8.916e-5
  derivmatch lr=0.0003 iter=960/1600 loss=8.836e-5
  derivmatch lr=0.0003 iter=1040/1600 loss=8.753e-5
  derivmatch lr=0.0003 iter=1120/1600 loss=8.668e-5
  derivmatch lr=0.0003 iter=1200/1600 loss=8.58e-5
  derivmatch lr=0.0003 iter=1280/1600 loss=8.489e-5
  derivmatch lr=0.0003 iter=1360/1600 loss=8.397e-5
  derivmatch lr=0.0003 iter=1440/1600 loss=8.302e-5
  derivmatch lr=0.0003 iter=1520/1600 loss=8.206e-5
  derivmatch lr=0.0003 iter=1600/1600 loss=8.108e-5
  derivmatch lr=0.0003 iter=1600/1600 loss=8.108e-5
derivative matching [28s]  fitloss=8.11e-5
  [derivative matching]  nrmse=0.003792  l2=0.02625
  shooting iter=50/1000 loss=0.001552
  shooting iter=100/1000 loss=0.001732
  shooting iter=150/1000 loss=0.0006967
  shooting iter=200/1000 loss=0.001751
  shooting iter=250/1000 loss=0.002479
  shooting iter=300/1000 loss=0.001311
  shooting iter=350/1000 loss=0.001212
  shooting iter=400/1000 loss=0.0009762
  shooting iter=450/1000 loss=0.002463
  shooting iter=500/1000 loss=0.001211
  shooting iter=550/1000 loss=0.0003895
  shooting iter=600/1000 loss=0.001543
  shooting iter=650/1000 loss=0.001359
  shooting iter=700/1000 loss=0.0007318
  shooting iter=750/1000 loss=0.001134
  shooting iter=800/1000 loss=0.00247
  shooting iter=850/1000 loss=0.001541
  shooting iter=900/1000 loss=0.0005115
  shooting iter=950/1000 loss=0.001913
  shooting iter=1000/1000 loss=0.0008966
  shooting iter=1000/1000 loss=0.0003647
shooting [502s]  loss=0.000365
  [final]  nrmse=0.0008438  l2=0.006319
extrapolation window: T=1000.0 -> T_test=1.0e12  n_test=100
  [train]  E_traj=3.971e-6  E_VF=0.0001686  E_spec=4.404e27
  [test ]  E_traj=1.179  E_VF=3.016e9  E_spec=5.356e23
saved /orcd/home/002/txenakis/projects/BVPsolver/src/../data/runs/run_gkJBNANh/rober_fit.png
saved /orcd/home/002/txenakis/projects/BVPsolver/src/../data/runs/run_gkJBNANh/rober_fit_extrapolated.png
saved /orcd/home/002/txenakis/projects/BVPsolver/src/../data/runs/run_gkJBNANh/rober_spectral_fit_extrapolated.png
saved /orcd/home/002/txenakis/projects/BVPsolver/src/../data/runs/run_gkJBNANh/rober_vf_fit_extrapolated.png
┌ Warning: Attempting to store StiffNN.var"#12#13"{Float64, Float64, Float64}.
│ JLD2 only stores functions by name.
│  This may not be useful for anonymous functions.
└ @ JLD2 ~/.julia/packages/JLD2/ADycq/src/data/writing_datatypes.jl:447
saved run → /orcd/home/002/txenakis/projects/BVPsolver/src/../data/runs/run_gkJBNANh
