davis-skodje  model=stiff width=12 d=2 tlen=300 profile=fast seed=311  solver=Rodas5P  N=268
  derivmatch lr=0.01 iter=170/3400 loss=0.1997
  derivmatch lr=0.01 iter=340/3400 loss=0.7871
  derivmatch lr=0.01 iter=510/3400 loss=0.05975
  derivmatch lr=0.01 iter=680/3400 loss=0.06192
  derivmatch lr=0.01 iter=850/3400 loss=0.0568
  derivmatch lr=0.01 iter=1020/3400 loss=0.2338
  derivmatch lr=0.01 iter=1190/3400 loss=0.04449
  derivmatch lr=0.01 iter=1360/3400 loss=0.04118
  derivmatch lr=0.01 iter=1530/3400 loss=0.03802
  derivmatch lr=0.01 iter=1700/3400 loss=0.03533
  derivmatch lr=0.01 iter=1870/3400 loss=0.03293
  derivmatch lr=0.01 iter=2040/3400 loss=0.03079
  derivmatch lr=0.01 iter=2210/3400 loss=0.02887
  derivmatch lr=0.01 iter=2380/3400 loss=0.02715
  derivmatch lr=0.01 iter=2550/3400 loss=0.02561
  derivmatch lr=0.01 iter=2720/3400 loss=0.02421
  derivmatch lr=0.01 iter=2890/3400 loss=0.02296
  derivmatch lr=0.01 iter=3060/3400 loss=0.02181
  derivmatch lr=0.01 iter=3230/3400 loss=0.02076
  derivmatch lr=0.01 iter=3400/3400 loss=0.01978
  derivmatch lr=0.01 iter=3400/3400 loss=0.01978
  derivmatch lr=0.003 iter=125/2500 loss=0.009841
  derivmatch lr=0.003 iter=250/2500 loss=0.01635
  derivmatch lr=0.003 iter=375/2500 loss=0.011
  derivmatch lr=0.003 iter=500/2500 loss=0.009657
  derivmatch lr=0.003 iter=625/2500 loss=0.008927
  derivmatch lr=0.003 iter=750/2500 loss=0.02203
  derivmatch lr=0.003 iter=875/2500 loss=0.00789
  derivmatch lr=0.003 iter=1000/2500 loss=0.008536
  derivmatch lr=0.003 iter=1125/2500 loss=0.006717
  derivmatch lr=0.003 iter=1250/2500 loss=0.005917
  derivmatch lr=0.003 iter=1375/2500 loss=0.005938
  derivmatch lr=0.003 iter=1500/2500 loss=0.005823
  derivmatch lr=0.003 iter=1625/2500 loss=0.01288
  derivmatch lr=0.003 iter=1750/2500 loss=0.005627
  derivmatch lr=0.003 iter=1875/2500 loss=0.004977
  derivmatch lr=0.003 iter=2000/2500 loss=0.007643
  derivmatch lr=0.003 iter=2125/2500 loss=0.00683
  derivmatch lr=0.003 iter=2250/2500 loss=0.004139
  derivmatch lr=0.003 iter=2375/2500 loss=0.003872
  derivmatch lr=0.003 iter=2500/2500 loss=0.004377
  derivmatch lr=0.003 iter=2500/2500 loss=0.003701
  derivmatch lr=0.001 iter=125/2500 loss=0.003671
  derivmatch lr=0.001 iter=250/2500 loss=0.003601
  derivmatch lr=0.001 iter=375/2500 loss=0.003531
  derivmatch lr=0.001 iter=500/2500 loss=0.003453
  derivmatch lr=0.001 iter=625/2500 loss=0.003369
  derivmatch lr=0.001 iter=750/2500 loss=0.00328
  derivmatch lr=0.001 iter=875/2500 loss=0.003188
  derivmatch lr=0.001 iter=1000/2500 loss=0.003094
  derivmatch lr=0.001 iter=1125/2500 loss=0.002998
  derivmatch lr=0.001 iter=1250/2500 loss=0.002901
  derivmatch lr=0.001 iter=1375/2500 loss=0.002811
  derivmatch lr=0.001 iter=1500/2500 loss=0.002951
  derivmatch lr=0.001 iter=1625/2500 loss=0.002646
  derivmatch lr=0.001 iter=1750/2500 loss=0.002553
  derivmatch lr=0.001 iter=1875/2500 loss=0.002851
  derivmatch lr=0.001 iter=2000/2500 loss=0.002393
  derivmatch lr=0.001 iter=2125/2500 loss=0.002322
  derivmatch lr=0.001 iter=2250/2500 loss=0.002709
  derivmatch lr=0.001 iter=2375/2500 loss=0.00256
  derivmatch lr=0.001 iter=2500/2500 loss=0.002156
  derivmatch lr=0.001 iter=2500/2500 loss=0.002113
  derivmatch lr=0.0003 iter=80/1600 loss=0.002115
  derivmatch lr=0.0003 iter=160/1600 loss=0.002094
  derivmatch lr=0.0003 iter=240/1600 loss=0.002083
  derivmatch lr=0.0003 iter=320/1600 loss=0.002072
  derivmatch lr=0.0003 iter=400/1600 loss=0.002059
  derivmatch lr=0.0003 iter=480/1600 loss=0.002045
  derivmatch lr=0.0003 iter=560/1600 loss=0.002031
  derivmatch lr=0.0003 iter=640/1600 loss=0.002016
  derivmatch lr=0.0003 iter=720/1600 loss=0.002
  derivmatch lr=0.0003 iter=800/1600 loss=0.001984
  derivmatch lr=0.0003 iter=880/1600 loss=0.001967
  derivmatch lr=0.0003 iter=960/1600 loss=0.00195
  derivmatch lr=0.0003 iter=1040/1600 loss=0.001932
  derivmatch lr=0.0003 iter=1120/1600 loss=0.001913
  derivmatch lr=0.0003 iter=1200/1600 loss=0.001894
  derivmatch lr=0.0003 iter=1280/1600 loss=0.001874
  derivmatch lr=0.0003 iter=1360/1600 loss=0.001854
  derivmatch lr=0.0003 iter=1440/1600 loss=0.001834
  derivmatch lr=0.0003 iter=1520/1600 loss=0.001813
  derivmatch lr=0.0003 iter=1600/1600 loss=0.001791
  derivmatch lr=0.0003 iter=1600/1600 loss=0.001791
derivative matching [33s]  fitloss=0.00179
  [derivative matching]  nrmse=0.001338  l2=0.04128
  collocation: M=300 residuals=2394  detecting sparsity + solving...

Algorithm: LevenbergMarquardt(
    trustregion = LevenbergMarquardtTrustRegion(
        β_uphill = 0.0
    ),
    descent = GeodesicAcceleration(
        descent = DampedNewtonDescent(
            linsolve = KLUFactorization(
                reuse_symbolic = true,
                check_pattern = true
            ),
            initial_damping = 1.0,
            damping_fn = LevenbergMarquardtDampingFunction(
                increase_factor = 2.0,
                decrease_factor = 3.0,
                min_damping = 1.0e-8
            ),
            min_norm_mode = :auto
        ),
        finite_diff_step_geodesic = 0.1,
        α = 0.75
    ),
    autodiff = AutoForwardDiff(),
    vjp_autodiff = AutoFiniteDiff(
        fdtype = Val{:forward}(),
        fdjtype = Val{:forward}(),
        fdhtype = Val{:hcentral}(),
        dir = true
    ),
    jvp_autodiff = AutoForwardDiff(),
    concrete_jac = Val{true}()
)

----    	-------------       	-----------         
Iter    	f(u) 2-norm         	Step 2-norm         
----    	-------------       	-----------         
0       	2.36747352e+01      	1.39985051e-315     
1       	9.91960476e+00      	9.47062650e-01      
8       	1.55528332e-02      	5.26672710e-02      
15      	2.89768928e-03      	7.51594319e-01      
22      	1.54178562e+00      	0.00000000e+00      
29      	1.41797268e+01      	3.21488263e+01      
36      	1.41797268e+01      	0.00000000e+00      
43      	1.41797268e+01      	0.00000000e+00      
50      	6.37120882e-04      	1.02283340e-01      
57      	2.18128589e-03      	2.78782682e-01      
64      	2.10012654e-01      	0.00000000e+00      
71      	8.88408821e-02      	1.89675092e+00      
78      	4.14950549e-01      	2.40172373e+00      
85      	1.44095633e-01      	2.17644237e+00      
92      	1.19646897e-02      	3.04282538e-01      
99      	6.34553554e-03      	0.00000000e+00      
106     	2.53406422e+00      	0.00000000e+00      
113     	2.15523628e-02      	0.00000000e+00      
120     	1.23493624e-03      	3.43039287e-01      
127     	7.40815375e-05      	0.00000000e+00      
134     	5.50736027e-02      	5.20046920e-01      
141     	1.77448386e-01      	0.00000000e+00      
148     	2.46326013e-01      	1.40914543e+00      
Final   	7.40815375e-05      
----------------------      
  AMR 1/3: M=300  err=5.68e-10  obs=7.98e-8  nrmse=0.0109  best=0.00134  refined=8
  collocation: M=308 residuals=2442  detecting sparsity + solving...

Algorithm: LevenbergMarquardt(
    trustregion = LevenbergMarquardtTrustRegion(
        β_uphill = 0.0
    ),
    descent = GeodesicAcceleration(
        descent = DampedNewtonDescent(
            linsolve = KLUFactorization(
                reuse_symbolic = true,
                check_pattern = true
            ),
            initial_damping = 1.0,
            damping_fn = LevenbergMarquardtDampingFunction(
                increase_factor = 2.0,
                decrease_factor = 3.0,
                min_damping = 1.0e-8
            ),
            min_norm_mode = :auto
        ),
        finite_diff_step_geodesic = 0.1,
        α = 0.75
    ),
    autodiff = AutoForwardDiff(),
    vjp_autodiff = AutoFiniteDiff(
        fdtype = Val{:forward}(),
        fdjtype = Val{:forward}(),
        fdhtype = Val{:hcentral}(),
        dir = true
    ),
    jvp_autodiff = AutoForwardDiff(),
    concrete_jac = Val{true}()
)

----    	-------------       	-----------         
Iter    	f(u) 2-norm         	Step 2-norm         
----    	-------------       	-----------         
0       	1.83932435e+01      	9.45448530e+218     
1       	8.36772090e+00      	2.35659398e-01      
8       	5.72357913e-03      	7.43446057e-03      
15      	8.14679565e-04      	9.16921990e-02      
22      	4.63373414e-06      	2.95975792e-03      
29      	1.65563297e-05      	3.04635704e-02      
36      	6.47331343e-01      	2.00007344e+00      
43      	3.82096427e-03      	0.00000000e+00      
50      	3.72591083e-02      	6.71110394e-01      
57      	3.02145761e-01      	0.00000000e+00      
64      	7.98620527e-03      	0.00000000e+00      
71      	9.76316894e-04      	2.25860529e-01      
78      	2.51310684e-01      	0.00000000e+00      
85      	1.01147138e+00      	0.00000000e+00      
92      	2.12899656e-02      	0.00000000e+00      
99      	1.77585023e-03      	0.00000000e+00      
106     	1.57214029e-02      	8.38933847e-01      
113     	3.60486299e-02      	1.75747481e+00      
120     	2.96201713e-02      	0.00000000e+00      
127     	4.37796859e-04      	0.00000000e+00      
134     	2.80988208e+00      	0.00000000e+00      
141     	4.98082988e-02      	0.00000000e+00      
148     	1.54785321e-01      	8.78277197e-01      
Final   	4.60664935e-06      
----------------------      
  AMR 2/3: M=308  err=5.84e-13  obs=7.96e-8  nrmse=0.0109  best=0.00134  refined=22
  collocation: M=330 residuals=2574  detecting sparsity + solving...

Algorithm: LevenbergMarquardt(
    trustregion = LevenbergMarquardtTrustRegion(
        β_uphill = 0.0
    ),
    descent = GeodesicAcceleration(
        descent = DampedNewtonDescent(
            linsolve = KLUFactorization(
                reuse_symbolic = true,
                check_pattern = true
            ),
            initial_damping = 1.0,
            damping_fn = LevenbergMarquardtDampingFunction(
                increase_factor = 2.0,
                decrease_factor = 3.0,
                min_damping = 1.0e-8
            ),
            min_norm_mode = :auto
        ),
        finite_diff_step_geodesic = 0.1,
        α = 0.75
    ),
    autodiff = AutoForwardDiff(),
    vjp_autodiff = AutoFiniteDiff(
        fdtype = Val{:forward}(),
        fdjtype = Val{:forward}(),
        fdhtype = Val{:hcentral}(),
        dir = true
    ),
    jvp_autodiff = AutoForwardDiff(),
    concrete_jac = Val{true}()
)

----    	-------------       	-----------         
Iter    	f(u) 2-norm         	Step 2-norm         
----    	-------------       	-----------         
0       	1.83377651e+01      	NaN                 
1       	8.33326999e+00      	2.30286559e-01      
8       	7.10829513e-03      	9.90515343e-03      
15      	8.10104432e-04      	8.70938357e-02      
22      	4.10452162e-06      	2.85917533e-03      
29      	1.24433911e-05      	3.63948928e-02      
36      	7.73311469e-02      	7.03065241e-01      
43      	1.59455795e-01      	0.00000000e+00      
50      	4.59515765e-02      	0.00000000e+00      
57      	3.20497768e-02      	0.00000000e+00      
64      	1.14318611e-01      	0.00000000e+00      
71      	1.53977915e-02      	0.00000000e+00      
78      	6.36234095e-04      	0.00000000e+00      
85      	6.49130669e-01      	2.62336015e+00      
92      	4.13540461e-02      	0.00000000e+00      
99      	3.46739235e-01      	1.11269802e+00      
106     	3.15651496e-01      	0.00000000e+00      
113     	3.09966078e-02      	6.61579007e-01      
120     	1.86614068e-02      	0.00000000e+00      
127     	1.21994929e-03      	1.90195145e-01      
134     	2.36154716e-02      	0.00000000e+00      
141     	2.08575920e-02      	0.00000000e+00      
148     	1.27419552e-02      	4.73875934e-01      
Final   	4.06532172e-06      
----------------------      
  AMR 3/3: M=330  err=3.54e-13  obs=7.34e-8  nrmse=0.0109  best=0.00134  refined=0
 derivative matching was best (3/3 rounds ran)
collocation [130s]
  [final]  nrmse=0.001338  l2=0.04128
extrapolation window: T=15.0 -> T_test=30.0  n_test=600
  [train]  E_traj=4.303e-6  E_VF=2.758e-5  E_spec=0.2386
  [test ]  E_traj=6.343e10  E_VF=1.039e8  E_spec=0.321
saved /orcd/home/002/txenakis/projects/BVPsolver/src/../data/runs/run_IiKDZTAm/davis-skodje_fit.png
saved /orcd/home/002/txenakis/projects/BVPsolver/src/../data/runs/run_IiKDZTAm/davis-skodje_fit_extrapolated.png
saved /orcd/home/002/txenakis/projects/BVPsolver/src/../data/runs/run_IiKDZTAm/davis-skodje_spectral_fit_extrapolated.png
saved /orcd/home/002/txenakis/projects/BVPsolver/src/../data/runs/run_IiKDZTAm/davis-skodje_vf_fit_extrapolated.png
┌ Warning: Attempting to store StiffNN.var"#22#23"{Float64}.
│ JLD2 only stores functions by name.
│  This may not be useful for anonymous functions.
└ @ JLD2 ~/.julia/packages/JLD2/ADycq/src/data/writing_datatypes.jl:447
saved run → /orcd/home/002/txenakis/projects/BVPsolver/src/../data/runs/run_IiKDZTAm
