dahlquist  model=GELU-scaled width=5 d=1 tlen=50 profile=fast seed=800  solver=Rodas5  N=166
  derivmatch lr=0.01 iter=170/3400 loss=0.07079
  derivmatch lr=0.01 iter=340/3400 loss=0.04599
  derivmatch lr=0.01 iter=510/3400 loss=0.8925
  derivmatch lr=0.01 iter=680/3400 loss=0.7659
  derivmatch lr=0.01 iter=850/3400 loss=0.6426
  derivmatch lr=0.01 iter=1020/3400 loss=0.525
  derivmatch lr=0.01 iter=1190/3400 loss=0.4361
  derivmatch lr=0.01 iter=1360/3400 loss=1.848
  derivmatch lr=0.01 iter=1530/3400 loss=1.832
  derivmatch lr=0.01 iter=1700/3400 loss=1.832
  derivmatch lr=0.01 iter=1870/3400 loss=1.832
  derivmatch lr=0.01 iter=2040/3400 loss=1.832
  derivmatch lr=0.01 iter=2210/3400 loss=1.832
  derivmatch lr=0.01 iter=2380/3400 loss=1.832
  derivmatch lr=0.01 iter=2550/3400 loss=1.831
  derivmatch lr=0.01 iter=2720/3400 loss=1.831
  derivmatch lr=0.01 iter=2890/3400 loss=1.831
  derivmatch lr=0.01 iter=3060/3400 loss=1.831
  derivmatch lr=0.01 iter=3230/3400 loss=1.831
  derivmatch lr=0.01 iter=3400/3400 loss=1.831
  derivmatch lr=0.01 iter=3400/3400 loss=0.03416
  derivmatch lr=0.003 iter=125/2500 loss=0.02933
  derivmatch lr=0.003 iter=250/2500 loss=0.3277
  derivmatch lr=0.003 iter=375/2500 loss=0.3006
  derivmatch lr=0.003 iter=500/2500 loss=0.03281
  derivmatch lr=0.003 iter=625/2500 loss=0.01596
  derivmatch lr=0.003 iter=750/2500 loss=0.01259
  derivmatch lr=0.003 iter=875/2500 loss=0.01176
  derivmatch lr=0.003 iter=1000/2500 loss=0.06576
  derivmatch lr=0.003 iter=1125/2500 loss=0.0121
  derivmatch lr=0.003 iter=1250/2500 loss=0.01245
  derivmatch lr=0.003 iter=1375/2500 loss=0.0193
  derivmatch lr=0.003 iter=1500/2500 loss=0.009155
  derivmatch lr=0.003 iter=1625/2500 loss=0.007126
  derivmatch lr=0.003 iter=1750/2500 loss=0.01307
  derivmatch lr=0.003 iter=1875/2500 loss=0.008003
  derivmatch lr=0.003 iter=2000/2500 loss=0.007429
  derivmatch lr=0.003 iter=2125/2500 loss=0.00799
  derivmatch lr=0.003 iter=2250/2500 loss=0.01308
  derivmatch lr=0.003 iter=2375/2500 loss=0.005388
  derivmatch lr=0.003 iter=2500/2500 loss=0.00552
  derivmatch lr=0.003 iter=2500/2500 loss=0.003812
  derivmatch lr=0.001 iter=125/2500 loss=0.004285
  derivmatch lr=0.001 iter=250/2500 loss=0.003256
  derivmatch lr=0.001 iter=375/2500 loss=0.002666
  derivmatch lr=0.001 iter=500/2500 loss=0.002252
  derivmatch lr=0.001 iter=625/2500 loss=0.001961
  derivmatch lr=0.001 iter=750/2500 loss=0.002415
  derivmatch lr=0.001 iter=875/2500 loss=0.001984
  derivmatch lr=0.001 iter=1000/2500 loss=0.00178
  derivmatch lr=0.001 iter=1125/2500 loss=0.002186
  derivmatch lr=0.001 iter=1250/2500 loss=0.001638
  derivmatch lr=0.001 iter=1375/2500 loss=0.001622
  derivmatch lr=0.001 iter=1500/2500 loss=0.001877
  derivmatch lr=0.001 iter=1625/2500 loss=0.001535
  derivmatch lr=0.001 iter=1750/2500 loss=0.005578
  derivmatch lr=0.001 iter=1875/2500 loss=0.002519
  derivmatch lr=0.001 iter=2000/2500 loss=0.002336
  derivmatch lr=0.001 iter=2125/2500 loss=0.001805
  derivmatch lr=0.001 iter=2250/2500 loss=0.001464
  derivmatch lr=0.001 iter=2375/2500 loss=0.00156
  derivmatch lr=0.001 iter=2500/2500 loss=0.001432
  derivmatch lr=0.001 iter=2500/2500 loss=0.001379
  derivmatch lr=0.0003 iter=80/1600 loss=0.001411
  derivmatch lr=0.0003 iter=160/1600 loss=0.001378
  derivmatch lr=0.0003 iter=240/1600 loss=0.001363
  derivmatch lr=0.0003 iter=320/1600 loss=0.001347
  derivmatch lr=0.0003 iter=400/1600 loss=0.00133
  derivmatch lr=0.0003 iter=480/1600 loss=0.001313
  derivmatch lr=0.0003 iter=560/1600 loss=0.001295
  derivmatch lr=0.0003 iter=640/1600 loss=0.001277
  derivmatch lr=0.0003 iter=720/1600 loss=0.00126
  derivmatch lr=0.0003 iter=800/1600 loss=0.001242
  derivmatch lr=0.0003 iter=880/1600 loss=0.001225
  derivmatch lr=0.0003 iter=960/1600 loss=0.001207
  derivmatch lr=0.0003 iter=1040/1600 loss=0.001191
  derivmatch lr=0.0003 iter=1120/1600 loss=0.001175
  derivmatch lr=0.0003 iter=1200/1600 loss=0.001159
  derivmatch lr=0.0003 iter=1280/1600 loss=0.001143
  derivmatch lr=0.0003 iter=1360/1600 loss=0.001295
  derivmatch lr=0.0003 iter=1440/1600 loss=0.00113
  derivmatch lr=0.0003 iter=1520/1600 loss=0.001117
  derivmatch lr=0.0003 iter=1600/1600 loss=0.001105
  derivmatch lr=0.0003 iter=1600/1600 loss=0.001105
derivative matching [24s]  fitloss=0.00111
  [derivative matching]  nrmse=0.005179  l2=0.03662
  trajectory_parameter_sensitivity_rms = 0.3652
extrapolation window: T=1.0 -> T_test=2.0  n_test=100
  [train]  E_traj=0.0001723  E_VF=0.0019  E_spec=0.01184
  [test ]  E_traj=5.763e28  E_VF=6.536e28  E_spec=0.004359
saved /orcd/home/002/txenakis/projects/BVPsolver/src/../data/runs/run_uhni0lMl/dahlquist_fit.png
saved /orcd/home/002/txenakis/projects/BVPsolver/src/../data/runs/run_uhni0lMl/dahlquist_fit_extrapolated.png
saved /orcd/home/002/txenakis/projects/BVPsolver/src/../data/runs/run_uhni0lMl/dahlquist_spectral_fit_extrapolated.png
saved /orcd/home/002/txenakis/projects/BVPsolver/src/../data/runs/run_uhni0lMl/dahlquist_vf_fit_extrapolated.png
┌ Warning: Attempting to store StiffNN.var"#25#26"{Float64}.
│ JLD2 only stores functions by name.
│  This may not be useful for anonymous functions.
└ @ JLD2 ~/.julia/packages/JLD2/ADycq/src/data/writing_datatypes.jl:447
saved run → /orcd/home/002/txenakis/projects/BVPsolver/src/../data/runs/run_uhni0lMl
