rober  model=GELU-scaled width=7 d=3 tlen=50 profile=fast seed=244  solver=Rodas5  N=332
  shooting iter=50/1000 loss=0.2129
  shooting iter=100/1000 loss=0.1681
  shooting iter=150/1000 loss=0.1522
  shooting iter=200/1000 loss=0.1464
  shooting iter=250/1000 loss=0.1429
  shooting iter=300/1000 loss=0.1384
  shooting iter=350/1000 loss=0.1367
  shooting iter=400/1000 loss=0.1329
  shooting iter=450/1000 loss=0.131
  shooting iter=500/1000 loss=0.1304
  shooting iter=550/1000 loss=0.1269
  shooting iter=600/1000 loss=0.1256
  shooting iter=650/1000 loss=0.1244
  shooting iter=700/1000 loss=0.1236
  shooting iter=750/1000 loss=0.1219
  shooting iter=800/1000 loss=0.1197
  shooting iter=850/1000 loss=0.1188
  shooting iter=900/1000 loss=0.1187
  shooting iter=950/1000 loss=0.1178
  shooting iter=1000/1000 loss=0.1159
  shooting iter=1000/1000 loss=0.1149
shooting [423s]  loss=0.115
  [final]  nrmse=0.3027  l2=0.04624
extrapolation window: T=1000.0 -> T_test=1.0e12  n_test=100
  [train]  E_traj=0.2386  E_VF=1.544  E_spec=1.997e13
  [test ]  E_traj=NaN  E_VF=NaN  E_spec=NaN
saved /orcd/home/002/txenakis/projects/BVPsolver/src/../data/runs/run_Nl0e9ppG/rober_fit.png
saved /orcd/home/002/txenakis/projects/BVPsolver/src/../data/runs/run_Nl0e9ppG/rober_fit_extrapolated.png
saved /orcd/home/002/txenakis/projects/BVPsolver/src/../data/runs/run_Nl0e9ppG/rober_spectral_fit_extrapolated.png
saved /orcd/home/002/txenakis/projects/BVPsolver/src/../data/runs/run_Nl0e9ppG/rober_vf_fit_extrapolated.png
┌ Warning: Attempting to store StiffNN.var"#12#13"{Float64, Float64, Float64}.
│ JLD2 only stores functions by name.
│  This may not be useful for anonymous functions.
└ @ JLD2 ~/.julia/packages/JLD2/ADycq/src/data/writing_datatypes.jl:447
saved run → /orcd/home/002/txenakis/projects/BVPsolver/src/../data/runs/run_Nl0e9ppG
