dahlquist  model=GELU-scaled width=5 d=1 tlen=50 profile=fast seed=804  solver=Rodas5  N=166
  derivmatch lr=0.01 iter=170/3400 loss=0.6542
  derivmatch lr=0.01 iter=340/3400 loss=0.8275
  derivmatch lr=0.01 iter=510/3400 loss=0.7733
  derivmatch lr=0.01 iter=680/3400 loss=0.6672
  derivmatch lr=0.01 iter=850/3400 loss=0.6047
  derivmatch lr=0.01 iter=1020/3400 loss=0.5422
  derivmatch lr=0.01 iter=1190/3400 loss=0.4935
  derivmatch lr=0.01 iter=1360/3400 loss=0.4526
  derivmatch lr=0.01 iter=1530/3400 loss=1.387
  derivmatch lr=0.01 iter=1700/3400 loss=1.26
  derivmatch lr=0.01 iter=1870/3400 loss=1.221
  derivmatch lr=0.01 iter=2040/3400 loss=1.212
  derivmatch lr=0.01 iter=2210/3400 loss=1.208
  derivmatch lr=0.01 iter=2380/3400 loss=1.205
  derivmatch lr=0.01 iter=2550/3400 loss=1.202
  derivmatch lr=0.01 iter=2720/3400 loss=1.199
  derivmatch lr=0.01 iter=2890/3400 loss=1.195
  derivmatch lr=0.01 iter=3060/3400 loss=1.192
  derivmatch lr=0.01 iter=3230/3400 loss=1.188
  derivmatch lr=0.01 iter=3400/3400 loss=1.185
  derivmatch lr=0.01 iter=3400/3400 loss=0.1597
  derivmatch lr=0.003 iter=125/2500 loss=0.03369
  derivmatch lr=0.003 iter=250/2500 loss=0.01895
  derivmatch lr=0.003 iter=375/2500 loss=0.01636
  derivmatch lr=0.003 iter=500/2500 loss=0.494
  derivmatch lr=0.003 iter=625/2500 loss=0.4487
  derivmatch lr=0.003 iter=750/2500 loss=0.4431
  derivmatch lr=0.003 iter=875/2500 loss=0.4282
  derivmatch lr=0.003 iter=1000/2500 loss=0.3946
  derivmatch lr=0.003 iter=1125/2500 loss=0.3679
  derivmatch lr=0.003 iter=1250/2500 loss=0.3522
  derivmatch lr=0.003 iter=1375/2500 loss=0.3402
  derivmatch lr=0.003 iter=1500/2500 loss=0.33
  derivmatch lr=0.003 iter=1625/2500 loss=0.472
  derivmatch lr=0.003 iter=1750/2500 loss=0.4545
  derivmatch lr=0.003 iter=1875/2500 loss=0.4499
  derivmatch lr=0.003 iter=2000/2500 loss=0.4484
  derivmatch lr=0.003 iter=2125/2500 loss=0.4477
  derivmatch lr=0.003 iter=2250/2500 loss=0.4473
  derivmatch lr=0.003 iter=2375/2500 loss=0.447
  derivmatch lr=0.003 iter=2500/2500 loss=0.4467
  derivmatch lr=0.003 iter=2500/2500 loss=0.01471
  derivmatch lr=0.001 iter=125/2500 loss=0.0148
  derivmatch lr=0.001 iter=250/2500 loss=0.01416
  derivmatch lr=0.001 iter=375/2500 loss=0.01346
  derivmatch lr=0.001 iter=500/2500 loss=0.01271
  derivmatch lr=0.001 iter=625/2500 loss=0.01195
  derivmatch lr=0.001 iter=750/2500 loss=0.0112
  derivmatch lr=0.001 iter=875/2500 loss=0.01048
  derivmatch lr=0.001 iter=1000/2500 loss=0.009793
  derivmatch lr=0.001 iter=1125/2500 loss=0.009144
  derivmatch lr=0.001 iter=1250/2500 loss=0.008533
  derivmatch lr=0.001 iter=1375/2500 loss=0.007959
  derivmatch lr=0.001 iter=1500/2500 loss=0.007419
  derivmatch lr=0.001 iter=1625/2500 loss=0.006912
  derivmatch lr=0.001 iter=1750/2500 loss=0.006911
  derivmatch lr=0.001 iter=1875/2500 loss=0.006858
  derivmatch lr=0.001 iter=2000/2500 loss=0.006353
  derivmatch lr=0.001 iter=2125/2500 loss=0.00623
  derivmatch lr=0.001 iter=2250/2500 loss=0.00578
  derivmatch lr=0.001 iter=2375/2500 loss=0.005722
  derivmatch lr=0.001 iter=2500/2500 loss=0.00531
  derivmatch lr=0.001 iter=2500/2500 loss=0.00531
  derivmatch lr=0.0003 iter=80/1600 loss=0.004585
  derivmatch lr=0.0003 iter=160/1600 loss=0.004492
  derivmatch lr=0.0003 iter=240/1600 loss=0.004401
  derivmatch lr=0.0003 iter=320/1600 loss=0.00431
  derivmatch lr=0.0003 iter=400/1600 loss=0.00422
  derivmatch lr=0.0003 iter=480/1600 loss=0.00413
  derivmatch lr=0.0003 iter=560/1600 loss=0.00404
  derivmatch lr=0.0003 iter=640/1600 loss=0.003951
  derivmatch lr=0.0003 iter=720/1600 loss=0.003861
  derivmatch lr=0.0003 iter=800/1600 loss=0.003771
  derivmatch lr=0.0003 iter=880/1600 loss=0.003721
  derivmatch lr=0.0003 iter=960/1600 loss=0.003617
  derivmatch lr=0.0003 iter=1040/1600 loss=0.003546
  derivmatch lr=0.0003 iter=1120/1600 loss=0.003477
  derivmatch lr=0.0003 iter=1200/1600 loss=0.003415
  derivmatch lr=0.0003 iter=1280/1600 loss=0.003355
  derivmatch lr=0.0003 iter=1360/1600 loss=0.003489
  derivmatch lr=0.0003 iter=1440/1600 loss=0.003248
  derivmatch lr=0.0003 iter=1520/1600 loss=0.003198
  derivmatch lr=0.0003 iter=1600/1600 loss=0.003157
  derivmatch lr=0.0003 iter=1600/1600 loss=0.003157
derivative matching [26s]  fitloss=0.00316
  [derivative matching]  nrmse=0.02869  l2=0.2029
  shooting iter=50/1000 loss=0.003039
  shooting iter=100/1000 loss=0.002737
  shooting iter=150/1000 loss=0.002189
  shooting iter=200/1000 loss=0.002459
  shooting iter=250/1000 loss=0.001861
  shooting iter=300/1000 loss=0.002103
  shooting iter=350/1000 loss=0.002303
  shooting iter=400/1000 loss=0.001118
  shooting iter=450/1000 loss=0.001929
  shooting iter=500/1000 loss=0.001078
  shooting iter=550/1000 loss=0.001274
  shooting iter=600/1000 loss=0.0009398
  shooting iter=650/1000 loss=0.002074
  shooting iter=700/1000 loss=0.001735
  shooting iter=750/1000 loss=0.001815
  shooting iter=800/1000 loss=0.001004
  shooting iter=850/1000 loss=0.001051
  shooting iter=900/1000 loss=0.001869
  shooting iter=950/1000 loss=0.0008742
  shooting iter=1000/1000 loss=0.00283
  shooting iter=1000/1000 loss=0.0007777
shooting [93s]  loss=0.000778
  [final]  nrmse=0.001801  l2=0.01274
  trajectory_parameter_sensitivity_rms = 0.3796
extrapolation window: T=1.0 -> T_test=2.0  n_test=100
  [train]  E_traj=0.0001223  E_VF=0.003408  E_spec=0.418
  [test ]  E_traj=4.2600000000000007e36  E_VF=3.074e35  E_spec=0.5442
saved /orcd/home/002/txenakis/projects/BVPsolver/src/../data/runs/run_97lf6CmG/dahlquist_fit.png
saved /orcd/home/002/txenakis/projects/BVPsolver/src/../data/runs/run_97lf6CmG/dahlquist_fit_extrapolated.png
saved /orcd/home/002/txenakis/projects/BVPsolver/src/../data/runs/run_97lf6CmG/dahlquist_spectral_fit_extrapolated.png
saved /orcd/home/002/txenakis/projects/BVPsolver/src/../data/runs/run_97lf6CmG/dahlquist_vf_fit_extrapolated.png
┌ Warning: Attempting to store StiffNN.var"#25#26"{Float64}.
│ JLD2 only stores functions by name.
│  This may not be useful for anonymous functions.
└ @ JLD2 ~/.julia/packages/JLD2/ADycq/src/data/writing_datatypes.jl:447
saved run → /orcd/home/002/txenakis/projects/BVPsolver/src/../data/runs/run_97lf6CmG
