orego  model=stiff width=16 d=3 tlen=112 profile=fast seed=116  solver=Rodas5  N=486
  derivmatch lr=0.01 iter=170/3400 loss=0.1642
  derivmatch lr=0.01 iter=340/3400 loss=0.05449
  derivmatch lr=0.01 iter=510/3400 loss=2.244
  derivmatch lr=0.01 iter=680/3400 loss=0.0387
  derivmatch lr=0.01 iter=850/3400 loss=0.02471
  derivmatch lr=0.01 iter=1020/3400 loss=0.01769
  derivmatch lr=0.01 iter=1190/3400 loss=0.01312
  derivmatch lr=0.01 iter=1360/3400 loss=0.009925
  derivmatch lr=0.01 iter=1530/3400 loss=0.02061
  derivmatch lr=0.01 iter=1700/3400 loss=0.01359
  derivmatch lr=0.01 iter=1870/3400 loss=0.01035
  derivmatch lr=0.01 iter=2040/3400 loss=0.008277
  derivmatch lr=0.01 iter=2210/3400 loss=0.006769
  derivmatch lr=0.01 iter=2380/3400 loss=0.005587
  derivmatch lr=0.01 iter=2550/3400 loss=0.004621
  derivmatch lr=0.01 iter=2720/3400 loss=0.003837
  derivmatch lr=0.01 iter=2890/3400 loss=0.003352
  derivmatch lr=0.01 iter=3060/3400 loss=0.002894
  derivmatch lr=0.01 iter=3230/3400 loss=0.009687
  derivmatch lr=0.01 iter=3400/3400 loss=0.004664
  derivmatch lr=0.01 iter=3400/3400 loss=0.002442
  derivmatch lr=0.003 iter=125/2500 loss=0.002074
  derivmatch lr=0.003 iter=250/2500 loss=0.001669
  derivmatch lr=0.003 iter=375/2500 loss=0.001356
  derivmatch lr=0.003 iter=500/2500 loss=0.001154
  derivmatch lr=0.003 iter=625/2500 loss=0.001064
  derivmatch lr=0.003 iter=750/2500 loss=0.001023
  derivmatch lr=0.003 iter=875/2500 loss=0.0008876
  derivmatch lr=0.003 iter=1000/2500 loss=0.0008796
  derivmatch lr=0.003 iter=1125/2500 loss=0.0007698
  derivmatch lr=0.003 iter=1250/2500 loss=0.000784
  derivmatch lr=0.003 iter=1375/2500 loss=0.0006919
  derivmatch lr=0.003 iter=1500/2500 loss=0.0007179
  derivmatch lr=0.003 iter=1625/2500 loss=0.0006369
  derivmatch lr=0.003 iter=1750/2500 loss=0.0006647
  derivmatch lr=0.003 iter=1875/2500 loss=0.0005966
  derivmatch lr=0.003 iter=2000/2500 loss=0.0006365
  derivmatch lr=0.003 iter=2125/2500 loss=0.0005604
  derivmatch lr=0.003 iter=2250/2500 loss=0.0006006
  derivmatch lr=0.003 iter=2375/2500 loss=0.0005429
  derivmatch lr=0.003 iter=2500/2500 loss=0.0005804
  derivmatch lr=0.003 iter=2500/2500 loss=0.0005254
  derivmatch lr=0.001 iter=125/2500 loss=0.0004411
  derivmatch lr=0.001 iter=250/2500 loss=0.0004351
  derivmatch lr=0.001 iter=375/2500 loss=0.0004281
  derivmatch lr=0.001 iter=500/2500 loss=0.0004202
  derivmatch lr=0.001 iter=625/2500 loss=0.0004625
  derivmatch lr=0.001 iter=750/2500 loss=0.0004048
  derivmatch lr=0.001 iter=875/2500 loss=0.000413
  derivmatch lr=0.001 iter=1000/2500 loss=0.0003925
  derivmatch lr=0.001 iter=1125/2500 loss=0.0003846
  derivmatch lr=0.001 iter=1250/2500 loss=0.0003738
  derivmatch lr=0.001 iter=1375/2500 loss=0.00042
  derivmatch lr=0.001 iter=1500/2500 loss=0.0003774
  derivmatch lr=0.001 iter=1625/2500 loss=0.000352
  derivmatch lr=0.001 iter=1750/2500 loss=0.0004166
  derivmatch lr=0.001 iter=1875/2500 loss=0.0003478
  derivmatch lr=0.001 iter=2000/2500 loss=0.0003418
  derivmatch lr=0.001 iter=2125/2500 loss=0.0003281
  derivmatch lr=0.001 iter=2250/2500 loss=0.0003435
  derivmatch lr=0.001 iter=2375/2500 loss=0.0003388
  derivmatch lr=0.001 iter=2500/2500 loss=0.0003111
  derivmatch lr=0.001 iter=2500/2500 loss=0.0003111
  derivmatch lr=0.0003 iter=80/1600 loss=0.0003115
  derivmatch lr=0.0003 iter=160/1600 loss=0.0003096
  derivmatch lr=0.0003 iter=240/1600 loss=0.0003088
  derivmatch lr=0.0003 iter=320/1600 loss=0.0003079
  derivmatch lr=0.0003 iter=400/1600 loss=0.0003069
  derivmatch lr=0.0003 iter=480/1600 loss=0.0003058
  derivmatch lr=0.0003 iter=560/1600 loss=0.0003047
  derivmatch lr=0.0003 iter=640/1600 loss=0.0003034
  derivmatch lr=0.0003 iter=720/1600 loss=0.0003021
  derivmatch lr=0.0003 iter=800/1600 loss=0.0003007
  derivmatch lr=0.0003 iter=880/1600 loss=0.0002992
  derivmatch lr=0.0003 iter=960/1600 loss=0.0002976
  derivmatch lr=0.0003 iter=1040/1600 loss=0.000296
  derivmatch lr=0.0003 iter=1120/1600 loss=0.0002943
  derivmatch lr=0.0003 iter=1200/1600 loss=0.0002926
  derivmatch lr=0.0003 iter=1280/1600 loss=0.0002908
  derivmatch lr=0.0003 iter=1360/1600 loss=0.0002889
  derivmatch lr=0.0003 iter=1440/1600 loss=0.000287
  derivmatch lr=0.0003 iter=1520/1600 loss=0.0002851
  derivmatch lr=0.0003 iter=1600/1600 loss=0.0002831
  derivmatch lr=0.0003 iter=1600/1600 loss=0.0002831
derivative matching [38s]  fitloss=0.000283
  [derivative matching]  nrmse=0.4386  l2=508700.0
  shooting iter=50/1000 loss=0.2318
  shooting iter=100/1000 loss=0.2256
  shooting iter=150/1000 loss=0.2269
  shooting iter=200/1000 loss=0.2244
  shooting iter=250/1000 loss=0.2224
  shooting iter=300/1000 loss=0.2209
  shooting iter=350/1000 loss=0.2204
  shooting iter=400/1000 loss=0.22
  shooting iter=450/1000 loss=0.2196
  shooting iter=500/1000 loss=0.2192
  shooting iter=550/1000 loss=0.2188
  shooting iter=600/1000 loss=0.2183
  shooting iter=650/1000 loss=0.2179
  shooting iter=700/1000 loss=0.2173
  shooting iter=750/1000 loss=0.2166
  shooting iter=800/1000 loss=0.2157
  shooting iter=850/1000 loss=0.2148
  shooting iter=900/1000 loss=0.2134
  shooting iter=950/1000 loss=0.2089
  shooting iter=1000/1000 loss=0.1989
  shooting iter=1000/1000 loss=0.1856
shooting [3989s]  loss=0.186
  [final]  nrmse=0.3141  l2=465900.0
extrapolation window: T=180.0 -> T_test=360.0  n_test=224
  [train]  E_traj=0.5579  E_VF=0.7117  E_spec=1.385
  [test ]  E_traj=0.9552  E_VF=2.579  E_spec=0.9857
saved /orcd/home/002/txenakis/projects/BVPsolver/src/../data/runs/run_J2jSPDqP/orego_fit.png
saved /orcd/home/002/txenakis/projects/BVPsolver/src/../data/runs/run_J2jSPDqP/orego_fit_extrapolated.png
saved /orcd/home/002/txenakis/projects/BVPsolver/src/../data/runs/run_J2jSPDqP/orego_spectral_fit_extrapolated.png
saved /orcd/home/002/txenakis/projects/BVPsolver/src/../data/runs/run_J2jSPDqP/orego_vf_fit_extrapolated.png
┌ Warning: Attempting to store StiffNN.var"#20#21"{Float64, Float64, Float64}.
│ JLD2 only stores functions by name.
│  This may not be useful for anonymous functions.
└ @ JLD2 ~/.julia/packages/JLD2/ADycq/src/data/writing_datatypes.jl:447
saved run → /orcd/home/002/txenakis/projects/BVPsolver/src/../data/runs/run_J2jSPDqP
