hires  model=GELU-scaled width=11 d=8 tlen=50 profile=fast seed=21  solver=Rodas5  N=855
  derivmatch lr=0.01 iter=170/3400 loss=5.214
  derivmatch lr=0.01 iter=340/3400 loss=1.318
  derivmatch lr=0.01 iter=510/3400 loss=0.9001
  derivmatch lr=0.01 iter=680/3400 loss=0.5478
  derivmatch lr=0.01 iter=850/3400 loss=0.6535
  derivmatch lr=0.01 iter=1020/3400 loss=0.6877
  derivmatch lr=0.01 iter=1190/3400 loss=0.3061
  derivmatch lr=0.01 iter=1360/3400 loss=0.6843
  derivmatch lr=0.01 iter=1530/3400 loss=0.2732
  derivmatch lr=0.01 iter=1700/3400 loss=0.2497
  derivmatch lr=0.01 iter=1870/3400 loss=0.4711
  derivmatch lr=0.01 iter=2040/3400 loss=0.3664
  derivmatch lr=0.01 iter=2210/3400 loss=0.2201
  derivmatch lr=0.01 iter=2380/3400 loss=0.297
  derivmatch lr=0.01 iter=2550/3400 loss=0.2021
  derivmatch lr=0.01 iter=2720/3400 loss=0.177
  derivmatch lr=0.01 iter=2890/3400 loss=0.177
  derivmatch lr=0.01 iter=3060/3400 loss=0.312
  derivmatch lr=0.01 iter=3230/3400 loss=0.2576
  derivmatch lr=0.01 iter=3400/3400 loss=0.3899
  derivmatch lr=0.01 iter=3400/3400 loss=0.1077
  derivmatch lr=0.003 iter=125/2500 loss=0.08981
  derivmatch lr=0.003 iter=250/2500 loss=0.0806
  derivmatch lr=0.003 iter=375/2500 loss=0.07346
  derivmatch lr=0.003 iter=500/2500 loss=0.06022
  derivmatch lr=0.003 iter=625/2500 loss=0.06003
  derivmatch lr=0.003 iter=750/2500 loss=0.05267
  derivmatch lr=0.003 iter=875/2500 loss=0.05059
  derivmatch lr=0.003 iter=1000/2500 loss=0.0432
  derivmatch lr=0.003 iter=1125/2500 loss=0.06159
  derivmatch lr=0.003 iter=1250/2500 loss=0.03188
  derivmatch lr=0.003 iter=1375/2500 loss=0.02639
  derivmatch lr=0.003 iter=1500/2500 loss=0.03104
  derivmatch lr=0.003 iter=1625/2500 loss=0.03666
  derivmatch lr=0.003 iter=1750/2500 loss=0.03137
  derivmatch lr=0.003 iter=1875/2500 loss=0.02937
  derivmatch lr=0.003 iter=2000/2500 loss=0.03108
  derivmatch lr=0.003 iter=2125/2500 loss=0.0275
  derivmatch lr=0.003 iter=2250/2500 loss=0.02976
  derivmatch lr=0.003 iter=2375/2500 loss=0.02628
  derivmatch lr=0.003 iter=2500/2500 loss=0.02719
  derivmatch lr=0.003 iter=2500/2500 loss=0.02257
  derivmatch lr=0.001 iter=125/2500 loss=0.02106
  derivmatch lr=0.001 iter=250/2500 loss=0.01888
  derivmatch lr=0.001 iter=375/2500 loss=0.02102
  derivmatch lr=0.001 iter=500/2500 loss=0.01651
  derivmatch lr=0.001 iter=625/2500 loss=0.02095
  derivmatch lr=0.001 iter=750/2500 loss=0.01567
  derivmatch lr=0.001 iter=875/2500 loss=0.01588
  derivmatch lr=0.001 iter=1000/2500 loss=0.0154
  derivmatch lr=0.001 iter=1125/2500 loss=0.01497
  derivmatch lr=0.001 iter=1250/2500 loss=0.01468
  derivmatch lr=0.001 iter=1375/2500 loss=0.01442
  derivmatch lr=0.001 iter=1500/2500 loss=0.01406
  derivmatch lr=0.001 iter=1625/2500 loss=0.01381
  derivmatch lr=0.001 iter=1750/2500 loss=0.01341
  derivmatch lr=0.001 iter=1875/2500 loss=0.01328
  derivmatch lr=0.001 iter=2000/2500 loss=0.01285
  derivmatch lr=0.001 iter=2125/2500 loss=0.01278
  derivmatch lr=0.001 iter=2250/2500 loss=0.01232
  derivmatch lr=0.001 iter=2375/2500 loss=0.01218
  derivmatch lr=0.001 iter=2500/2500 loss=0.01185
  derivmatch lr=0.001 iter=2500/2500 loss=0.01182
  derivmatch lr=0.0003 iter=80/1600 loss=0.01018
  derivmatch lr=0.0003 iter=160/1600 loss=0.0101
  derivmatch lr=0.0003 iter=240/1600 loss=0.01004
  derivmatch lr=0.0003 iter=320/1600 loss=0.009984
  derivmatch lr=0.0003 iter=400/1600 loss=0.009924
  derivmatch lr=0.0003 iter=480/1600 loss=0.009862
  derivmatch lr=0.0003 iter=560/1600 loss=0.009798
  derivmatch lr=0.0003 iter=640/1600 loss=0.009732
  derivmatch lr=0.0003 iter=720/1600 loss=0.009665
  derivmatch lr=0.0003 iter=800/1600 loss=0.009596
  derivmatch lr=0.0003 iter=880/1600 loss=0.009525
  derivmatch lr=0.0003 iter=960/1600 loss=0.009452
  derivmatch lr=0.0003 iter=1040/1600 loss=0.009466
  derivmatch lr=0.0003 iter=1120/1600 loss=0.009311
  derivmatch lr=0.0003 iter=1200/1600 loss=0.009238
  derivmatch lr=0.0003 iter=1280/1600 loss=0.009204
  derivmatch lr=0.0003 iter=1360/1600 loss=0.009095
  derivmatch lr=0.0003 iter=1440/1600 loss=0.009022
  derivmatch lr=0.0003 iter=1520/1600 loss=0.009016
  derivmatch lr=0.0003 iter=1600/1600 loss=0.009112
  derivmatch lr=0.0003 iter=1600/1600 loss=0.008923
derivative matching [30s]  fitloss=0.00892
  [derivative matching]  nrmse=0.03634  l2=0.2089
  collocation: M=75 residuals=2176  detecting sparsity + solving...

Algorithm: LevenbergMarquardt(
    trustregion = LevenbergMarquardtTrustRegion(
        β_uphill = 0.0
    ),
    descent = GeodesicAcceleration(
        descent = DampedNewtonDescent(
            linsolve = QRFactorization(
                pivot = NoPivot(),
                blocksize = 16,
                inplace = true
            ),
            initial_damping = 1.0,
            damping_fn = LevenbergMarquardtDampingFunction(
                increase_factor = 2.0,
                decrease_factor = 3.0,
                min_damping = 1.0e-8
            ),
            min_norm_mode = :auto
        ),
        finite_diff_step_geodesic = 0.1,
        α = 0.75
    ),
    autodiff = AutoForwardDiff(),
    vjp_autodiff = AutoFiniteDiff(
        fdtype = Val{:forward}(),
        fdjtype = Val{:forward}(),
        fdhtype = Val{:hcentral}(),
        dir = true
    ),
    jvp_autodiff = AutoForwardDiff(),
    concrete_jac = Val{true}()
)

----    	-------------       	-----------         
Iter    	f(u) 2-norm         	Step 2-norm         
----    	-------------       	-----------         
0       	3.72630592e+02      	NaN                 
1       	2.12251037e+02      	9.64603602e-02      
8       	3.04755590e+01      	4.49019272e-01      
15      	1.76548017e+01      	9.11424123e-02      
22      	9.63222188e+00      	0.00000000e+00      
29      	7.61271580e+00      	4.84287981e-02      
36      	7.10263292e+00      	1.16471817e-02      
43      	2.19325176e+01      	0.00000000e+00      
50      	6.68915574e+00      	0.00000000e+00      
57      	5.22353148e+00      	0.00000000e+00      
64      	2.12479282e+00      	0.00000000e+00      
71      	2.50011275e+00      	2.40307312e-01      
78      	8.86171637e+00      	5.72645418e-01      
85      	1.08457052e+01      	0.00000000e+00      
92      	8.44872099e+00      	0.00000000e+00      
99      	2.09408015e+00      	0.00000000e+00      
106     	1.72733258e+00      	0.00000000e+00      
113     	1.72733258e+00      	0.00000000e+00      
120     	3.40319437e-01      	4.20376382e-02      
127     	3.06193511e+00      	0.00000000e+00      
134     	3.06193511e+00      	0.00000000e+00      
141     	2.53495907e-01      	0.00000000e+00      
148     	1.10473499e+01      	0.00000000e+00      
Final   	2.50655112e-01      
----------------------      
  AMR 1/1: M=75  err=0.0142  obs=7.64e-6  nrmse=0.0555  best=0.0363  refined=0
 derivative matching was best (1/1 rounds ran)
collocation [195s]
  [final]  nrmse=0.03634  l2=0.2089
extrapolation window: T=321.8122 -> T_test=643.624  n_test=100
  [train]  E_traj=0.006261  E_VF=0.01481  E_spec=0.9668
  [test ]  E_traj=5.59e6  E_VF=152100.0  E_spec=0.9949
saved /orcd/home/002/txenakis/projects/BVPsolver/src/../data/runs/run_d430vUo7/hires_fit.png
saved /orcd/home/002/txenakis/projects/BVPsolver/src/../data/runs/run_d430vUo7/hires_fit_extrapolated.png
saved /orcd/home/002/txenakis/projects/BVPsolver/src/../data/runs/run_d430vUo7/hires_spectral_fit_extrapolated.png
saved /orcd/home/002/txenakis/projects/BVPsolver/src/../data/runs/run_d430vUo7/hires_vf_fit_extrapolated.png
┌ Warning: Attempting to store StiffNN.var"#18#19"{Type{Float64}}.
│ JLD2 only stores functions by name.
│  This may not be useful for anonymous functions.
└ @ JLD2 ~/.julia/packages/JLD2/ADycq/src/data/writing_datatypes.jl:447
saved run → /orcd/home/002/txenakis/projects/BVPsolver/src/../data/runs/run_d430vUo7
