davis-skodje  model=GELU-scaled width=7 d=2 tlen=300 profile=fast seed=310  solver=Rodas5P  N=317
  derivmatch lr=0.01 iter=170/3400 loss=1.618
  derivmatch lr=0.01 iter=340/3400 loss=0.9005
  derivmatch lr=0.01 iter=510/3400 loss=0.07659
  derivmatch lr=0.01 iter=680/3400 loss=0.0658
  derivmatch lr=0.01 iter=850/3400 loss=0.06969
  derivmatch lr=0.01 iter=1020/3400 loss=0.04959
  derivmatch lr=0.01 iter=1190/3400 loss=0.03878
  derivmatch lr=0.01 iter=1360/3400 loss=0.02008
  derivmatch lr=0.01 iter=1530/3400 loss=0.02294
  derivmatch lr=0.01 iter=1700/3400 loss=0.02961
  derivmatch lr=0.01 iter=1870/3400 loss=0.01221
  derivmatch lr=0.01 iter=2040/3400 loss=0.01685
  derivmatch lr=0.01 iter=2210/3400 loss=0.02359
  derivmatch lr=0.01 iter=2380/3400 loss=0.008853
  derivmatch lr=0.01 iter=2550/3400 loss=0.01376
  derivmatch lr=0.01 iter=2720/3400 loss=0.01936
  derivmatch lr=0.01 iter=2890/3400 loss=0.006797
  derivmatch lr=0.01 iter=3060/3400 loss=0.0118
  derivmatch lr=0.01 iter=3230/3400 loss=0.01605
  derivmatch lr=0.01 iter=3400/3400 loss=0.005019
  derivmatch lr=0.01 iter=3400/3400 loss=0.005019
  derivmatch lr=0.003 iter=125/2500 loss=0.002021
  derivmatch lr=0.003 iter=250/2500 loss=0.001275
  derivmatch lr=0.003 iter=375/2500 loss=0.002048
  derivmatch lr=0.003 iter=500/2500 loss=0.003383
  derivmatch lr=0.003 iter=625/2500 loss=0.0006462
  derivmatch lr=0.003 iter=750/2500 loss=0.0005083
  derivmatch lr=0.003 iter=875/2500 loss=0.0007461
  derivmatch lr=0.003 iter=1000/2500 loss=0.0008703
  derivmatch lr=0.003 iter=1125/2500 loss=0.001073
  derivmatch lr=0.003 iter=1250/2500 loss=0.001118
  derivmatch lr=0.003 iter=1375/2500 loss=0.001004
  derivmatch lr=0.003 iter=1500/2500 loss=0.001025
  derivmatch lr=0.003 iter=1625/2500 loss=0.0009452
  derivmatch lr=0.003 iter=1750/2500 loss=0.00097
  derivmatch lr=0.003 iter=1875/2500 loss=0.0009006
  derivmatch lr=0.003 iter=2000/2500 loss=0.0009269
  derivmatch lr=0.003 iter=2125/2500 loss=0.0008548
  derivmatch lr=0.003 iter=2250/2500 loss=0.0009187
  derivmatch lr=0.003 iter=2375/2500 loss=0.0007323
  derivmatch lr=0.003 iter=2500/2500 loss=0.00104
  derivmatch lr=0.003 iter=2500/2500 loss=0.0003871
  derivmatch lr=0.001 iter=125/2500 loss=0.0003814
  derivmatch lr=0.001 iter=250/2500 loss=0.0003503
  derivmatch lr=0.001 iter=375/2500 loss=0.0003235
  derivmatch lr=0.001 iter=500/2500 loss=0.0002992
  derivmatch lr=0.001 iter=625/2500 loss=0.0002767
  derivmatch lr=0.001 iter=750/2500 loss=0.000256
  derivmatch lr=0.001 iter=875/2500 loss=0.0002373
  derivmatch lr=0.001 iter=1000/2500 loss=0.0002204
  derivmatch lr=0.001 iter=1125/2500 loss=0.0002053
  derivmatch lr=0.001 iter=1250/2500 loss=0.0001932
  derivmatch lr=0.001 iter=1375/2500 loss=0.0001829
  derivmatch lr=0.001 iter=1500/2500 loss=0.0009154
  derivmatch lr=0.001 iter=1625/2500 loss=0.0004561
  derivmatch lr=0.001 iter=1750/2500 loss=0.0001507
  derivmatch lr=0.001 iter=1875/2500 loss=0.00026
  derivmatch lr=0.001 iter=2000/2500 loss=0.0001353
  derivmatch lr=0.001 iter=2125/2500 loss=0.0001862
  derivmatch lr=0.001 iter=2250/2500 loss=0.0002305
  derivmatch lr=0.001 iter=2375/2500 loss=0.0005878
  derivmatch lr=0.001 iter=2500/2500 loss=0.000124
  derivmatch lr=0.001 iter=2500/2500 loss=0.0001125
  derivmatch lr=0.0003 iter=80/1600 loss=0.0001121
  derivmatch lr=0.0003 iter=160/1600 loss=0.0001112
  derivmatch lr=0.0003 iter=240/1600 loss=0.0001103
  derivmatch lr=0.0003 iter=320/1600 loss=0.0001094
  derivmatch lr=0.0003 iter=400/1600 loss=0.0001083
  derivmatch lr=0.0003 iter=480/1600 loss=0.0001072
  derivmatch lr=0.0003 iter=560/1600 loss=0.000106
  derivmatch lr=0.0003 iter=640/1600 loss=0.0001047
  derivmatch lr=0.0003 iter=720/1600 loss=0.0001033
  derivmatch lr=0.0003 iter=800/1600 loss=0.0001018
  derivmatch lr=0.0003 iter=880/1600 loss=0.0001003
  derivmatch lr=0.0003 iter=960/1600 loss=9.88e-5
  derivmatch lr=0.0003 iter=1040/1600 loss=9.721e-5
  derivmatch lr=0.0003 iter=1120/1600 loss=9.559e-5
  derivmatch lr=0.0003 iter=1200/1600 loss=9.393e-5
  derivmatch lr=0.0003 iter=1280/1600 loss=9.225e-5
  derivmatch lr=0.0003 iter=1360/1600 loss=9.054e-5
  derivmatch lr=0.0003 iter=1440/1600 loss=8.882e-5
  derivmatch lr=0.0003 iter=1520/1600 loss=8.709e-5
  derivmatch lr=0.0003 iter=1600/1600 loss=8.535e-5
  derivmatch lr=0.0003 iter=1600/1600 loss=8.535e-5
derivative matching [28s]  fitloss=8.53e-5
  [derivative matching]  nrmse=0.0008662  l2=0.03619
  shooting iter=50/1000 loss=0.00256
  shooting iter=100/1000 loss=0.001068
  shooting iter=150/1000 loss=0.001256
  shooting iter=200/1000 loss=0.000911
  shooting iter=250/1000 loss=0.001129
  shooting iter=300/1000 loss=0.001279
  shooting iter=350/1000 loss=0.0009844
  shooting iter=400/1000 loss=0.0005393
  shooting iter=450/1000 loss=0.000715
  shooting iter=500/1000 loss=0.001089
  shooting iter=550/1000 loss=0.00141
  shooting iter=600/1000 loss=0.001262
  shooting iter=650/1000 loss=0.001473
  shooting iter=700/1000 loss=0.0009504
  shooting iter=750/1000 loss=0.0006636
  shooting iter=800/1000 loss=0.001154
  shooting iter=850/1000 loss=0.0008467
  shooting iter=900/1000 loss=0.0005875
  shooting iter=950/1000 loss=0.0008672
  shooting iter=1000/1000 loss=0.0008234
  shooting iter=1000/1000 loss=0.0002214
shooting [740s]  loss=0.000221
  [final]  nrmse=0.0002862  l2=0.0116
extrapolation window: T=15.0 -> T_test=30.0  n_test=600
  [train]  E_traj=1.945e-7  E_VF=0.0001333  E_spec=0.1306
  [test ]  E_traj=5.11e7  E_VF=3.404e7  E_spec=0.5865
saved /orcd/home/002/txenakis/projects/BVPsolver/src/../data/runs/run_5z3lJD1P/davis-skodje_fit.png
saved /orcd/home/002/txenakis/projects/BVPsolver/src/../data/runs/run_5z3lJD1P/davis-skodje_fit_extrapolated.png
saved /orcd/home/002/txenakis/projects/BVPsolver/src/../data/runs/run_5z3lJD1P/davis-skodje_spectral_fit_extrapolated.png
saved /orcd/home/002/txenakis/projects/BVPsolver/src/../data/runs/run_5z3lJD1P/davis-skodje_vf_fit_extrapolated.png
┌ Warning: Attempting to store StiffNN.var"#22#23"{Float64}.
│ JLD2 only stores functions by name.
│  This may not be useful for anonymous functions.
└ @ JLD2 ~/.julia/packages/JLD2/ADycq/src/data/writing_datatypes.jl:447
saved run → /orcd/home/002/txenakis/projects/BVPsolver/src/../data/runs/run_5z3lJD1P
