rober  model=mlp width=15 d=3 tlen=50 profile=fast seed=201  solver=Rodas5  N=348
  shooting iter=50/1000 loss=1024.0
  shooting iter=100/1000 loss=777.9
  shooting iter=150/1000 loss=618.2
  shooting iter=200/1000 loss=456.8
  shooting iter=250/1000 loss=292.1
  shooting iter=300/1000 loss=139.2
  shooting iter=350/1000 loss=103.0
  shooting iter=400/1000 loss=69.47
  shooting iter=450/1000 loss=40.22
  shooting iter=500/1000 loss=21.57
  shooting iter=550/1000 loss=17.15
  shooting iter=600/1000 loss=15.45
  shooting iter=650/1000 loss=14.03
  shooting iter=700/1000 loss=11.97
  shooting iter=750/1000 loss=10.83
  shooting iter=800/1000 loss=9.392
  shooting iter=850/1000 loss=11.21
  shooting iter=900/1000 loss=9.002
  shooting iter=950/1000 loss=8.405
  shooting iter=1000/1000 loss=8.674
  shooting iter=1000/1000 loss=7.886
shooting [1018s]  loss=7.89
  [final]  nrmse=27.14  l2=3.418
extrapolation window: T=1000.0 -> T_test=1.0e12  n_test=100
  [train]  E_traj=1917.0  E_VF=459.3  E_spec=5.856e28
  [test ]  E_traj=828.2  E_VF=5.998e19  E_spec=1.376e29
saved /orcd/home/002/txenakis/projects/BVPsolver/src/../data/runs/run_3aNQPY7h/rober_fit.png
saved /orcd/home/002/txenakis/projects/BVPsolver/src/../data/runs/run_3aNQPY7h/rober_fit_extrapolated.png
saved /orcd/home/002/txenakis/projects/BVPsolver/src/../data/runs/run_3aNQPY7h/rober_spectral_fit_extrapolated.png
saved /orcd/home/002/txenakis/projects/BVPsolver/src/../data/runs/run_3aNQPY7h/rober_vf_fit_extrapolated.png
┌ Warning: Attempting to store StiffNN.var"#12#13"{Float64, Float64, Float64}.
│ JLD2 only stores functions by name.
│  This may not be useful for anonymous functions.
└ @ JLD2 ~/.julia/packages/JLD2/ADycq/src/data/writing_datatypes.jl:447
saved run → /orcd/home/002/txenakis/projects/BVPsolver/src/../data/runs/run_3aNQPY7h
