davis-skodje  model=GELU-scaled width=7 d=2 tlen=300 profile=fast seed=140  solver=Rodas5P  N=317
  derivmatch lr=0.01 iter=170/3400 loss=0.2466
  derivmatch lr=0.01 iter=340/3400 loss=0.06898
  derivmatch lr=0.01 iter=510/3400 loss=0.1569
  derivmatch lr=0.01 iter=680/3400 loss=0.04581
  derivmatch lr=0.01 iter=850/3400 loss=0.01856
  derivmatch lr=0.01 iter=1020/3400 loss=0.02166
  derivmatch lr=0.01 iter=1190/3400 loss=0.02967
  derivmatch lr=0.01 iter=1360/3400 loss=0.01447
  derivmatch lr=0.01 iter=1530/3400 loss=0.009628
  derivmatch lr=0.01 iter=1700/3400 loss=0.009853
  derivmatch lr=0.01 iter=1870/3400 loss=0.06902
  derivmatch lr=0.01 iter=2040/3400 loss=0.02381
  derivmatch lr=0.01 iter=2210/3400 loss=0.007697
  derivmatch lr=0.01 iter=2380/3400 loss=0.009805
  derivmatch lr=0.01 iter=2550/3400 loss=0.02166
  derivmatch lr=0.01 iter=2720/3400 loss=0.005245
  derivmatch lr=0.01 iter=2890/3400 loss=0.005333
  derivmatch lr=0.01 iter=3060/3400 loss=0.005586
  derivmatch lr=0.01 iter=3230/3400 loss=0.005787
  derivmatch lr=0.01 iter=3400/3400 loss=0.005877
  derivmatch lr=0.01 iter=3400/3400 loss=0.002238
  derivmatch lr=0.003 iter=125/2500 loss=0.001416
  derivmatch lr=0.003 iter=250/2500 loss=0.001869
  derivmatch lr=0.003 iter=375/2500 loss=0.001307
  derivmatch lr=0.003 iter=500/2500 loss=0.001008
  derivmatch lr=0.003 iter=625/2500 loss=0.003036
  derivmatch lr=0.003 iter=750/2500 loss=0.001128
  derivmatch lr=0.003 iter=875/2500 loss=0.001424
  derivmatch lr=0.003 iter=1000/2500 loss=0.001601
  derivmatch lr=0.003 iter=1125/2500 loss=0.001591
  derivmatch lr=0.003 iter=1250/2500 loss=0.001495
  derivmatch lr=0.003 iter=1375/2500 loss=0.001536
  derivmatch lr=0.003 iter=1500/2500 loss=0.001441
  derivmatch lr=0.003 iter=1625/2500 loss=0.001475
  derivmatch lr=0.003 iter=1750/2500 loss=0.001429
  derivmatch lr=0.003 iter=1875/2500 loss=0.001316
  derivmatch lr=0.003 iter=2000/2500 loss=0.001283
  derivmatch lr=0.003 iter=2125/2500 loss=0.001334
  derivmatch lr=0.003 iter=2250/2500 loss=0.001264
  derivmatch lr=0.003 iter=2375/2500 loss=0.001294
  derivmatch lr=0.003 iter=2500/2500 loss=0.001182
  derivmatch lr=0.003 iter=2500/2500 loss=0.0007507
  derivmatch lr=0.001 iter=125/2500 loss=0.0007169
  derivmatch lr=0.001 iter=250/2500 loss=0.0006655
  derivmatch lr=0.001 iter=375/2500 loss=0.0006256
  derivmatch lr=0.001 iter=500/2500 loss=0.0005854
  derivmatch lr=0.001 iter=625/2500 loss=0.0005505
  derivmatch lr=0.001 iter=750/2500 loss=0.0005162
  derivmatch lr=0.001 iter=875/2500 loss=0.0004854
  derivmatch lr=0.001 iter=1000/2500 loss=0.0004619
  derivmatch lr=0.001 iter=1125/2500 loss=0.0005099
  derivmatch lr=0.001 iter=1250/2500 loss=0.0008374
  derivmatch lr=0.001 iter=1375/2500 loss=0.0006769
  derivmatch lr=0.001 iter=1500/2500 loss=0.0004037
  derivmatch lr=0.001 iter=1625/2500 loss=0.0007364
  derivmatch lr=0.001 iter=1750/2500 loss=0.0005193
  derivmatch lr=0.001 iter=1875/2500 loss=0.0003546
  derivmatch lr=0.001 iter=2000/2500 loss=0.0003669
  derivmatch lr=0.001 iter=2125/2500 loss=0.0009406
  derivmatch lr=0.001 iter=2250/2500 loss=0.0006398
  derivmatch lr=0.001 iter=2375/2500 loss=0.0003492
  derivmatch lr=0.001 iter=2500/2500 loss=0.0003845
  derivmatch lr=0.001 iter=2500/2500 loss=0.000291
  derivmatch lr=0.0003 iter=80/1600 loss=0.0002918
  derivmatch lr=0.0003 iter=160/1600 loss=0.0002874
  derivmatch lr=0.0003 iter=240/1600 loss=0.000286
  derivmatch lr=0.0003 iter=320/1600 loss=0.0002844
  derivmatch lr=0.0003 iter=400/1600 loss=0.0002827
  derivmatch lr=0.0003 iter=480/1600 loss=0.0002808
  derivmatch lr=0.0003 iter=560/1600 loss=0.0002787
  derivmatch lr=0.0003 iter=640/1600 loss=0.0002766
  derivmatch lr=0.0003 iter=720/1600 loss=0.0002742
  derivmatch lr=0.0003 iter=800/1600 loss=0.0002718
  derivmatch lr=0.0003 iter=880/1600 loss=0.0002692
  derivmatch lr=0.0003 iter=960/1600 loss=0.0002665
  derivmatch lr=0.0003 iter=1040/1600 loss=0.0002638
  derivmatch lr=0.0003 iter=1120/1600 loss=0.0002609
  derivmatch lr=0.0003 iter=1200/1600 loss=0.0002579
  derivmatch lr=0.0003 iter=1280/1600 loss=0.0002548
  derivmatch lr=0.0003 iter=1360/1600 loss=0.0002516
  derivmatch lr=0.0003 iter=1440/1600 loss=0.0002484
  derivmatch lr=0.0003 iter=1520/1600 loss=0.000245
  derivmatch lr=0.0003 iter=1600/1600 loss=0.0002416
  derivmatch lr=0.0003 iter=1600/1600 loss=0.0002416
derivative matching [27s]  fitloss=0.000242
  [derivative matching]  nrmse=0.0008716  l2=0.03812
  collocation: M=300 residuals=2394  detecting sparsity + solving...

Algorithm: LevenbergMarquardt(
    trustregion = LevenbergMarquardtTrustRegion(
        β_uphill = 0.0
    ),
    descent = GeodesicAcceleration(
        descent = DampedNewtonDescent(
            linsolve = KLUFactorization(
                reuse_symbolic = true,
                check_pattern = true
            ),
            initial_damping = 1.0,
            damping_fn = LevenbergMarquardtDampingFunction(
                increase_factor = 2.0,
                decrease_factor = 3.0,
                min_damping = 1.0e-8
            ),
            min_norm_mode = :auto
        ),
        finite_diff_step_geodesic = 0.1,
        α = 0.75
    ),
    autodiff = AutoForwardDiff(),
    vjp_autodiff = AutoFiniteDiff(
        fdtype = Val{:forward}(),
        fdjtype = Val{:forward}(),
        fdhtype = Val{:hcentral}(),
        dir = true
    ),
    jvp_autodiff = AutoForwardDiff(),
    concrete_jac = Val{true}()
)

----    	-------------       	-----------         
Iter    	f(u) 2-norm         	Step 2-norm         
----    	-------------       	-----------         
0       	3.60851300e+01      	9.49984286e-316     
1       	1.34666460e+01      	1.45910248e+00      
8       	6.62924100e-02      	4.06013199e-02      
15      	2.03032490e-03      	2.79907603e-01      
22      	1.64042738e-01      	0.00000000e+00      
29      	6.72614903e+00      	0.00000000e+00      
36      	2.10115062e-01      	0.00000000e+00      
43      	1.19597995e-01      	0.00000000e+00      
50      	7.17673301e-01      	0.00000000e+00      
57      	1.66193629e-02      	0.00000000e+00      
64      	1.64484751e-01      	4.64618437e-02      
71      	1.64484751e-01      	0.00000000e+00      
78      	5.96906271e-03      	0.00000000e+00      
85      	1.68570498e-03      	0.00000000e+00      
92      	9.99162480e-04      	1.11525959e-02      
99      	1.69929604e-02      	0.00000000e+00      
106     	3.87129611e-03      	0.00000000e+00      
113     	2.23265059e-03      	0.00000000e+00      
120     	4.39066647e-03      	0.00000000e+00      
127     	1.29945290e-02      	0.00000000e+00      
134     	1.97184115e-03      	0.00000000e+00      
141     	8.47284216e-02      	0.00000000e+00      
148     	5.46886579e-03      	0.00000000e+00      
Final   	3.66555243e-04      
----------------------      
  AMR 1/3: M=300  err=5.6e-9  obs=4.08e-6  nrmse=0.000297  best=0.000297  refined=11
  collocation: M=311 residuals=2460  detecting sparsity + solving...

Algorithm: LevenbergMarquardt(
    trustregion = LevenbergMarquardtTrustRegion(
        β_uphill = 0.0
    ),
    descent = GeodesicAcceleration(
        descent = DampedNewtonDescent(
            linsolve = KLUFactorization(
                reuse_symbolic = true,
                check_pattern = true
            ),
            initial_damping = 1.0,
            damping_fn = LevenbergMarquardtDampingFunction(
                increase_factor = 2.0,
                decrease_factor = 3.0,
                min_damping = 1.0e-8
            ),
            min_norm_mode = :auto
        ),
        finite_diff_step_geodesic = 0.1,
        α = 0.75
    ),
    autodiff = AutoForwardDiff(),
    vjp_autodiff = AutoFiniteDiff(
        fdtype = Val{:forward}(),
        fdjtype = Val{:forward}(),
        fdhtype = Val{:hcentral}(),
        dir = true
    ),
    jvp_autodiff = AutoForwardDiff(),
    concrete_jac = Val{true}()
)

----    	-------------       	-----------         
Iter    	f(u) 2-norm         	Step 2-norm         
----    	-------------       	-----------         
0       	2.51477222e+01      	4.73289124e-308     
1       	1.15491538e+01      	1.78378773e-01      
8       	1.68818725e-02      	1.21057331e-02      
15      	8.99573670e-04      	6.34965589e-03      
22      	1.57228860e-02      	0.00000000e+00      
29      	1.43965429e-03      	1.34311636e-02      
36      	3.29402632e-04      	1.87395388e-02      
43      	3.32019664e-01      	1.65482528e+00      
50      	6.76233985e-02      	4.19347473e-01      
57      	2.49427506e-02      	1.50291970e-01      
64      	6.50630032e-01      	0.00000000e+00      
71      	1.74010991e-01      	0.00000000e+00      
78      	1.51401683e-01      	0.00000000e+00      
85      	2.36230856e-01      	0.00000000e+00      
92      	2.08953084e-01      	1.61590345e+00      
99      	2.29206339e-01      	0.00000000e+00      
106     	1.59550591e-02      	0.00000000e+00      
113     	4.67826544e-02      	0.00000000e+00      
120     	3.41740747e-03      	0.00000000e+00      
127     	1.65595685e-01      	0.00000000e+00      
134     	1.06630782e-04      	1.60480573e-01      
141     	1.37996302e-02      	3.62594073e-01      
148     	6.48638175e-02      	0.00000000e+00      
Final   	8.07157590e-05      
----------------------      
  AMR 2/3: M=311  err=4.74e-10  obs=1.84e-7  nrmse=2.19e-6  best=2.19e-6  refined=12
  collocation: M=323 residuals=2532  detecting sparsity + solving...

Algorithm: LevenbergMarquardt(
    trustregion = LevenbergMarquardtTrustRegion(
        β_uphill = 0.0
    ),
    descent = GeodesicAcceleration(
        descent = DampedNewtonDescent(
            linsolve = KLUFactorization(
                reuse_symbolic = true,
                check_pattern = true
            ),
            initial_damping = 1.0,
            damping_fn = LevenbergMarquardtDampingFunction(
                increase_factor = 2.0,
                decrease_factor = 3.0,
                min_damping = 1.0e-8
            ),
            min_norm_mode = :auto
        ),
        finite_diff_step_geodesic = 0.1,
        α = 0.75
    ),
    autodiff = AutoForwardDiff(),
    vjp_autodiff = AutoFiniteDiff(
        fdtype = Val{:forward}(),
        fdjtype = Val{:forward}(),
        fdhtype = Val{:hcentral}(),
        dir = true
    ),
    jvp_autodiff = AutoForwardDiff(),
    concrete_jac = Val{true}()
)

----    	-------------       	-----------         
Iter    	f(u) 2-norm         	Step 2-norm         
----    	-------------       	-----------         
0       	2.50050850e+01      	NaN                 
1       	2.50050850e+01      	0.00000000e+00      
8       	2.50050850e+01      	0.00000000e+00      
15      	1.77221541e+01      	3.39717722e+00      
22      	1.15239671e-01      	2.27221284e-01      
29      	3.57124706e-03      	3.05578814e-01      
36      	8.99964653e-01      	0.00000000e+00      
43      	2.64570087e-02      	1.26025833e+00      
50      	1.22653557e-01      	0.00000000e+00      
57      	8.15416272e-02      	0.00000000e+00      
64      	6.57608671e-03      	6.61741862e-01      
71      	1.22667650e-01      	0.00000000e+00      
78      	1.25428878e-01      	4.03961007e+00      
85      	1.21642029e-02      	1.76298807e+00      
92      	1.51381844e-01      	1.99010149e+00      
99      	1.07929187e-01      	3.51695888e+00      
106     	3.21284663e+01      	0.00000000e+00      
113     	3.21284663e+01      	0.00000000e+00      
120     	3.21284663e+01      	0.00000000e+00      
127     	2.37575713e-02      	9.22165170e-01      
134     	1.26608727e-01      	0.00000000e+00      
141     	3.11233234e-02      	6.64976075e-01      
148     	8.48562813e-02      	0.00000000e+00      
Final   	4.14475299e-04      
----------------------      
  AMR 3/3: M=323  err=2.96e-8  obs=2.82e-7  nrmse=5.11e-6  best=2.19e-6  refined=0
collocation [194s]
  [final]  nrmse=2.189e-6  l2=0.000103
extrapolation window: T=15.0 -> T_test=30.0  n_test=600
  [train]  E_traj=1.367e-11  E_VF=4.164e-7  E_spec=0.3947
  [test ]  E_traj=17.92  E_VF=0.1632  E_spec=0.9326
saved /orcd/home/002/txenakis/projects/BVPsolver/src/../data/runs/run_LE8j4eSx/davis-skodje_fit.png
saved /orcd/home/002/txenakis/projects/BVPsolver/src/../data/runs/run_LE8j4eSx/davis-skodje_fit_extrapolated.png
saved /orcd/home/002/txenakis/projects/BVPsolver/src/../data/runs/run_LE8j4eSx/davis-skodje_spectral_fit_extrapolated.png
saved /orcd/home/002/txenakis/projects/BVPsolver/src/../data/runs/run_LE8j4eSx/davis-skodje_vf_fit_extrapolated.png
┌ Warning: Attempting to store StiffNN.var"#22#23"{Float64}.
│ JLD2 only stores functions by name.
│  This may not be useful for anonymous functions.
└ @ JLD2 ~/.julia/packages/JLD2/ADycq/src/data/writing_datatypes.jl:447
saved run → /orcd/home/002/txenakis/projects/BVPsolver/src/../data/runs/run_LE8j4eSx
