vanderpol  model=stiff width=12 d=2 tlen=151 profile=fast seed=11  solver=Kvaerno5  N=268
  derivmatch lr=0.01 iter=170/3400 loss=7.329
  derivmatch lr=0.01 iter=340/3400 loss=7.32
  derivmatch lr=0.01 iter=510/3400 loss=6.948
  derivmatch lr=0.01 iter=680/3400 loss=3.393
  derivmatch lr=0.01 iter=850/3400 loss=2.279
  derivmatch lr=0.01 iter=1020/3400 loss=2.817
  derivmatch lr=0.01 iter=1190/3400 loss=4.738
  derivmatch lr=0.01 iter=1360/3400 loss=3.244
  derivmatch lr=0.01 iter=1530/3400 loss=1.718
  derivmatch lr=0.01 iter=1700/3400 loss=1.439
  derivmatch lr=0.01 iter=1870/3400 loss=2.649
  derivmatch lr=0.01 iter=2040/3400 loss=2.667
  derivmatch lr=0.01 iter=2210/3400 loss=2.395
  derivmatch lr=0.01 iter=2380/3400 loss=1.568
  derivmatch lr=0.01 iter=2550/3400 loss=1.215
  derivmatch lr=0.01 iter=2720/3400 loss=3.894
  derivmatch lr=0.01 iter=2890/3400 loss=3.721
  derivmatch lr=0.01 iter=3060/3400 loss=1.773
  derivmatch lr=0.01 iter=3230/3400 loss=1.218
  derivmatch lr=0.01 iter=3400/3400 loss=3.522
  derivmatch lr=0.01 iter=3400/3400 loss=0.0749
  derivmatch lr=0.003 iter=125/2500 loss=0.0352
  derivmatch lr=0.003 iter=250/2500 loss=0.04672
  derivmatch lr=0.003 iter=375/2500 loss=0.04075
  derivmatch lr=0.003 iter=500/2500 loss=0.04075
  derivmatch lr=0.003 iter=625/2500 loss=0.03687
  derivmatch lr=0.003 iter=750/2500 loss=0.05436
  derivmatch lr=0.003 iter=875/2500 loss=0.03557
  derivmatch lr=0.003 iter=1000/2500 loss=0.03549
  derivmatch lr=0.003 iter=1125/2500 loss=0.03287
  derivmatch lr=0.003 iter=1250/2500 loss=0.03476
  derivmatch lr=0.003 iter=1375/2500 loss=0.03348
  derivmatch lr=0.003 iter=1500/2500 loss=0.03445
  derivmatch lr=0.003 iter=1625/2500 loss=0.03105
  derivmatch lr=0.003 iter=1750/2500 loss=0.03422
  derivmatch lr=0.003 iter=1875/2500 loss=0.0305
  derivmatch lr=0.003 iter=2000/2500 loss=0.03325
  derivmatch lr=0.003 iter=2125/2500 loss=0.03023
  derivmatch lr=0.003 iter=2250/2500 loss=0.03152
  derivmatch lr=0.003 iter=2375/2500 loss=0.02952
  derivmatch lr=0.003 iter=2500/2500 loss=0.03137
  derivmatch lr=0.003 iter=2500/2500 loss=0.0258
  derivmatch lr=0.001 iter=125/2500 loss=0.02009
  derivmatch lr=0.001 iter=250/2500 loss=0.01528
  derivmatch lr=0.001 iter=375/2500 loss=0.01199
  derivmatch lr=0.001 iter=500/2500 loss=0.01376
  derivmatch lr=0.001 iter=625/2500 loss=0.0114
  derivmatch lr=0.001 iter=750/2500 loss=0.01076
  derivmatch lr=0.001 iter=875/2500 loss=0.01032
  derivmatch lr=0.001 iter=1000/2500 loss=0.01013
  derivmatch lr=0.001 iter=1125/2500 loss=0.009445
  derivmatch lr=0.001 iter=1250/2500 loss=0.008573
  derivmatch lr=0.001 iter=1375/2500 loss=0.008545
  derivmatch lr=0.001 iter=1500/2500 loss=0.008559
  derivmatch lr=0.001 iter=1625/2500 loss=0.007306
  derivmatch lr=0.001 iter=1750/2500 loss=0.007809
  derivmatch lr=0.001 iter=1875/2500 loss=0.00778
  derivmatch lr=0.001 iter=2000/2500 loss=0.007419
  derivmatch lr=0.001 iter=2125/2500 loss=0.00713
  derivmatch lr=0.001 iter=2250/2500 loss=0.007425
  derivmatch lr=0.001 iter=2375/2500 loss=0.006821
  derivmatch lr=0.001 iter=2500/2500 loss=0.006884
  derivmatch lr=0.001 iter=2500/2500 loss=0.006608
  derivmatch lr=0.0003 iter=80/1600 loss=0.003473
  derivmatch lr=0.0003 iter=160/1600 loss=0.003412
  derivmatch lr=0.0003 iter=240/1600 loss=0.003373
  derivmatch lr=0.0003 iter=320/1600 loss=0.00333
  derivmatch lr=0.0003 iter=400/1600 loss=0.003282
  derivmatch lr=0.0003 iter=480/1600 loss=0.00323
  derivmatch lr=0.0003 iter=560/1600 loss=0.003174
  derivmatch lr=0.0003 iter=640/1600 loss=0.003114
  derivmatch lr=0.0003 iter=720/1600 loss=0.003052
  derivmatch lr=0.0003 iter=800/1600 loss=0.002986
  derivmatch lr=0.0003 iter=880/1600 loss=0.002918
  derivmatch lr=0.0003 iter=960/1600 loss=0.002847
  derivmatch lr=0.0003 iter=1040/1600 loss=0.002774
  derivmatch lr=0.0003 iter=1120/1600 loss=0.002698
  derivmatch lr=0.0003 iter=1200/1600 loss=0.002621
  derivmatch lr=0.0003 iter=1280/1600 loss=0.002555
  derivmatch lr=0.0003 iter=1360/1600 loss=0.002486
  derivmatch lr=0.0003 iter=1440/1600 loss=0.002417
  derivmatch lr=0.0003 iter=1520/1600 loss=0.003047
  derivmatch lr=0.0003 iter=1600/1600 loss=0.002284
  derivmatch lr=0.0003 iter=1600/1600 loss=0.002284
derivative matching [29s]  fitloss=0.00228
  [derivative matching]  nrmse=0.3942  l2=325.5
  collocation: M=163 residuals=1274  detecting sparsity + solving...

Algorithm: LevenbergMarquardt(
    trustregion = LevenbergMarquardtTrustRegion(
        β_uphill = 0.0
    ),
    descent = GeodesicAcceleration(
        descent = DampedNewtonDescent(
            linsolve = KLUFactorization(
                reuse_symbolic = true,
                check_pattern = true
            ),
            initial_damping = 1.0,
            damping_fn = LevenbergMarquardtDampingFunction(
                increase_factor = 2.0,
                decrease_factor = 3.0,
                min_damping = 1.0e-8
            ),
            min_norm_mode = :auto
        ),
        finite_diff_step_geodesic = 0.1,
        α = 0.75
    ),
    autodiff = AutoForwardDiff(),
    vjp_autodiff = AutoFiniteDiff(
        fdtype = Val{:forward}(),
        fdjtype = Val{:forward}(),
        fdhtype = Val{:hcentral}(),
        dir = true
    ),
    jvp_autodiff = AutoForwardDiff(),
    concrete_jac = Val{true}()
)

----    	-------------       	-----------         
Iter    	f(u) 2-norm         	Step 2-norm         
----    	-------------       	-----------         
0       	2.66434238e+02      	NaN                 
1       	8.38444973e+01      	2.62887136e-01      
8       	2.53442486e-01      	2.53201434e-02      
15      	6.32039116e-02      	1.14525682e-01      
22      	4.52957194e-01      	1.57460775e-01      
29      	7.09188444e+00      	0.00000000e+00      
36      	2.13414524e+01      	1.42005537e+00      
43      	3.45239053e+00      	7.43731265e-01      
50      	6.57905877e-01      	0.00000000e+00      
57      	1.89614519e-01      	0.00000000e+00      
64      	2.66320534e-02      	1.37955466e-01      
71      	5.93463508e-02      	1.60896340e-01      
78      	6.21742434e+00      	0.00000000e+00      
85      	1.33201563e-02      	0.00000000e+00      
92      	9.23858074e-01      	0.00000000e+00      
99      	1.16210457e-02      	1.20067452e-01      
106     	8.03331096e-01      	0.00000000e+00      
113     	2.78328993e-02      	0.00000000e+00      
120     	1.57903786e+00      	0.00000000e+00      
127     	1.68142123e-01      	0.00000000e+00      
134     	2.19594444e-01      	0.00000000e+00      
141     	1.11842871e+00      	5.47311865e-01      
148     	2.60035034e+00      	0.00000000e+00      
Final   	3.49116878e-04      
----------------------      
  AMR 1/1: M=163  err=1.29e-8  obs=4.55e-6  nrmse=0.226  best=0.226  refined=0
collocation [29s]
  [final]  nrmse=0.2264  l2=340.9
extrapolation window: T=200.0 -> T_test=400.0  n_test=302
  [train]  E_traj=0.8349  E_VF=0.008439  E_spec=0.09434
  [test ]  E_traj=1.311  E_VF=0.1855  E_spec=0.03847
saved /orcd/home/002/txenakis/projects/BVPsolver/src/../data/runs/run_d8GKdWVm/vanderpol_fit.png
saved /orcd/home/002/txenakis/projects/BVPsolver/src/../data/runs/run_d8GKdWVm/vanderpol_fit_extrapolated.png
saved /orcd/home/002/txenakis/projects/BVPsolver/src/../data/runs/run_d8GKdWVm/vanderpol_spectral_fit_extrapolated.png
saved /orcd/home/002/txenakis/projects/BVPsolver/src/../data/runs/run_d8GKdWVm/vanderpol_vf_fit_extrapolated.png
┌ Warning: Attempting to store StiffNN.var"#14#15"{Float64}.
│ JLD2 only stores functions by name.
│  This may not be useful for anonymous functions.
└ @ JLD2 ~/.julia/packages/JLD2/ADycq/src/data/writing_datatypes.jl:447
saved run → /orcd/home/002/txenakis/projects/BVPsolver/src/../data/runs/run_d8GKdWVm
