rober  model=GELU-scaled width=7 d=3 tlen=50 profile=fast seed=504  solver=Rodas5  N=332
  derivmatch lr=0.01 iter=170/3400 loss=9.168
  derivmatch lr=0.01 iter=340/3400 loss=6.761
  derivmatch lr=0.01 iter=510/3400 loss=10.24
  derivmatch lr=0.01 iter=680/3400 loss=9.334
  derivmatch lr=0.01 iter=850/3400 loss=9.202
  derivmatch lr=0.01 iter=1020/3400 loss=9.106
  derivmatch lr=0.01 iter=1190/3400 loss=9.045
  derivmatch lr=0.01 iter=1360/3400 loss=8.992
  derivmatch lr=0.01 iter=1530/3400 loss=8.939
  derivmatch lr=0.01 iter=1700/3400 loss=8.881
  derivmatch lr=0.01 iter=1870/3400 loss=8.799
  derivmatch lr=0.01 iter=2040/3400 loss=8.625
  derivmatch lr=0.01 iter=2210/3400 loss=8.361
  derivmatch lr=0.01 iter=2380/3400 loss=8.143
  derivmatch lr=0.01 iter=2550/3400 loss=7.902
  derivmatch lr=0.01 iter=2720/3400 loss=7.479
  derivmatch lr=0.01 iter=2890/3400 loss=5.531
  derivmatch lr=0.01 iter=3060/3400 loss=5.641
  derivmatch lr=0.01 iter=3230/3400 loss=6.324
  derivmatch lr=0.01 iter=3400/3400 loss=5.85
  derivmatch lr=0.01 iter=3400/3400 loss=5.393
  derivmatch lr=0.003 iter=125/2500 loss=5.272
  derivmatch lr=0.003 iter=250/2500 loss=5.036
  derivmatch lr=0.003 iter=375/2500 loss=5.312
  derivmatch lr=0.003 iter=500/2500 loss=5.126
  derivmatch lr=0.003 iter=625/2500 loss=4.992
  derivmatch lr=0.003 iter=750/2500 loss=4.858
  derivmatch lr=0.003 iter=875/2500 loss=4.631
  derivmatch lr=0.003 iter=1000/2500 loss=7.311
  derivmatch lr=0.003 iter=1125/2500 loss=6.144
  derivmatch lr=0.003 iter=1250/2500 loss=7.864
  derivmatch lr=0.003 iter=1375/2500 loss=6.113
  derivmatch lr=0.003 iter=1500/2500 loss=5.82
  derivmatch lr=0.003 iter=1625/2500 loss=5.602
  derivmatch lr=0.003 iter=1750/2500 loss=5.442
  derivmatch lr=0.003 iter=1875/2500 loss=5.351
  derivmatch lr=0.003 iter=2000/2500 loss=5.263
  derivmatch lr=0.003 iter=2125/2500 loss=5.175
  derivmatch lr=0.003 iter=2250/2500 loss=5.087
  derivmatch lr=0.003 iter=2375/2500 loss=4.995
  derivmatch lr=0.003 iter=2500/2500 loss=8.251
  derivmatch lr=0.003 iter=2500/2500 loss=4.554
  derivmatch lr=0.001 iter=125/2500 loss=4.528
  derivmatch lr=0.001 iter=250/2500 loss=4.469
  derivmatch lr=0.001 iter=375/2500 loss=4.412
  derivmatch lr=0.001 iter=500/2500 loss=4.343
  derivmatch lr=0.001 iter=625/2500 loss=7.226
  derivmatch lr=0.001 iter=750/2500 loss=6.174
  derivmatch lr=0.001 iter=875/2500 loss=6.359
  derivmatch lr=0.001 iter=1000/2500 loss=6.494
  derivmatch lr=0.001 iter=1125/2500 loss=4.711
  derivmatch lr=0.001 iter=1250/2500 loss=4.338
  derivmatch lr=0.001 iter=1375/2500 loss=4.304
  derivmatch lr=0.001 iter=1500/2500 loss=4.27
  derivmatch lr=0.001 iter=1625/2500 loss=4.235
  derivmatch lr=0.001 iter=1750/2500 loss=4.198
  derivmatch lr=0.001 iter=1875/2500 loss=4.159
  derivmatch lr=0.001 iter=2000/2500 loss=4.11
  derivmatch lr=0.001 iter=2125/2500 loss=7.376
  derivmatch lr=0.001 iter=2250/2500 loss=6.683
  derivmatch lr=0.001 iter=2375/2500 loss=4.937
  derivmatch lr=0.001 iter=2500/2500 loss=6.217
  derivmatch lr=0.001 iter=2500/2500 loss=4.098
  derivmatch lr=0.0003 iter=80/1600 loss=4.541
  derivmatch lr=0.0003 iter=160/1600 loss=4.678
  derivmatch lr=0.0003 iter=240/1600 loss=4.214
  derivmatch lr=0.0003 iter=320/1600 loss=4.094
  derivmatch lr=0.0003 iter=400/1600 loss=4.087
  derivmatch lr=0.0003 iter=480/1600 loss=4.082
  derivmatch lr=0.0003 iter=560/1600 loss=4.077
  derivmatch lr=0.0003 iter=640/1600 loss=4.071
  derivmatch lr=0.0003 iter=720/1600 loss=4.065
  derivmatch lr=0.0003 iter=800/1600 loss=4.059
  derivmatch lr=0.0003 iter=880/1600 loss=4.053
  derivmatch lr=0.0003 iter=960/1600 loss=4.047
  derivmatch lr=0.0003 iter=1040/1600 loss=4.04
  derivmatch lr=0.0003 iter=1120/1600 loss=4.033
  derivmatch lr=0.0003 iter=1200/1600 loss=4.025
  derivmatch lr=0.0003 iter=1280/1600 loss=4.018
  derivmatch lr=0.0003 iter=1360/1600 loss=4.01
  derivmatch lr=0.0003 iter=1440/1600 loss=4.002
  derivmatch lr=0.0003 iter=1520/1600 loss=3.994
  derivmatch lr=0.0003 iter=1600/1600 loss=3.985
  derivmatch lr=0.0003 iter=1600/1600 loss=3.985
derivative matching [27s]  fitloss=3.98
  [derivative matching]  nrmse=12.08  l2=0.1322
  shooting iter=50/1000 loss=0.455
  shooting iter=100/1000 loss=0.2576
  shooting iter=150/1000 loss=0.2411
  shooting iter=200/1000 loss=0.238
  shooting iter=250/1000 loss=0.2356
  shooting iter=300/1000 loss=0.2298
  shooting iter=350/1000 loss=0.2283
  shooting iter=400/1000 loss=0.2273
  shooting iter=450/1000 loss=0.2204
  shooting iter=500/1000 loss=0.2185
  shooting iter=550/1000 loss=0.228
  shooting iter=600/1000 loss=0.2095
  shooting iter=650/1000 loss=0.219
  shooting iter=700/1000 loss=0.2065
  shooting iter=750/1000 loss=0.2064
  shooting iter=800/1000 loss=0.2033
  shooting iter=850/1000 loss=0.2012
  shooting iter=900/1000 loss=0.199
  shooting iter=950/1000 loss=0.2075
  shooting iter=1000/1000 loss=0.1967
  shooting iter=1000/1000 loss=0.1967
shooting [385s]  loss=0.197
  [final]  nrmse=0.3611  l2=1.72
extrapolation window: T=1000.0 -> T_test=1.0e12  n_test=100
  [train]  E_traj=0.5672  E_VF=0.8048  E_spec=9.203e16
  [test ]  E_traj=1.409e18  E_VF=552.3  E_spec=1.0
saved /orcd/home/002/txenakis/projects/BVPsolver/src/../data/runs/run_RWMR4EiU/rober_fit.png
saved /orcd/home/002/txenakis/projects/BVPsolver/src/../data/runs/run_RWMR4EiU/rober_fit_extrapolated.png
saved /orcd/home/002/txenakis/projects/BVPsolver/src/../data/runs/run_RWMR4EiU/rober_spectral_fit_extrapolated.png
saved /orcd/home/002/txenakis/projects/BVPsolver/src/../data/runs/run_RWMR4EiU/rober_vf_fit_extrapolated.png
saved /orcd/home/002/txenakis/projects/BVPsolver/src/../data/runs/run_RWMR4EiU/rober_sensitivity_vs_stiffness_derivmatch.png
┌ Warning: No strict ticks found
└ @ PlotUtils ~/.julia/packages/PlotUtils/HX80C/src/ticks.jl:194
┌ Warning: No strict ticks found
└ @ PlotUtils ~/.julia/packages/PlotUtils/HX80C/src/ticks.jl:194
┌ Warning: Invalid negative or zero value 0.0 found at series index 46 for log10 based xscale
└ @ Plots ~/.julia/packages/Plots/GIume/src/utils.jl:105
saved /orcd/home/002/txenakis/projects/BVPsolver/src/../data/runs/run_RWMR4EiU/rober_sensitivity_vs_stiffness_shooting.png
┌ Warning: Attempting to store StiffNN.var"#12#13"{Float64, Float64, Float64}.
│ JLD2 only stores functions by name.
│  This may not be useful for anonymous functions.
└ @ JLD2 ~/.julia/packages/JLD2/ADycq/src/data/writing_datatypes.jl:447
saved run → /orcd/home/002/txenakis/projects/BVPsolver/src/../data/runs/run_RWMR4EiU
