davis-skodje  model=stiff width=12 d=2 tlen=300 profile=fast seed=349  solver=Rodas5P  N=268
  derivmatch lr=0.01 iter=170/3400 loss=1.192
  derivmatch lr=0.01 iter=340/3400 loss=0.538
  derivmatch lr=0.01 iter=510/3400 loss=0.3845
  derivmatch lr=0.01 iter=680/3400 loss=0.2528
  derivmatch lr=0.01 iter=850/3400 loss=0.2211
  derivmatch lr=0.01 iter=1020/3400 loss=0.2493
  derivmatch lr=0.01 iter=1190/3400 loss=0.1483
  derivmatch lr=0.01 iter=1360/3400 loss=0.1468
  derivmatch lr=0.01 iter=1530/3400 loss=0.1845
  derivmatch lr=0.01 iter=1700/3400 loss=0.104
  derivmatch lr=0.01 iter=1870/3400 loss=0.1103
  derivmatch lr=0.01 iter=2040/3400 loss=0.1481
  derivmatch lr=0.01 iter=2210/3400 loss=0.0805
  derivmatch lr=0.01 iter=2380/3400 loss=0.09056
  derivmatch lr=0.01 iter=2550/3400 loss=0.1253
  derivmatch lr=0.01 iter=2720/3400 loss=0.06757
  derivmatch lr=0.01 iter=2890/3400 loss=0.07887
  derivmatch lr=0.01 iter=3060/3400 loss=0.1105
  derivmatch lr=0.01 iter=3230/3400 loss=0.05923
  derivmatch lr=0.01 iter=3400/3400 loss=0.07103
  derivmatch lr=0.01 iter=3400/3400 loss=0.05692
  derivmatch lr=0.003 iter=125/2500 loss=0.04125
  derivmatch lr=0.003 iter=250/2500 loss=0.03401
  derivmatch lr=0.003 iter=375/2500 loss=0.03008
  derivmatch lr=0.003 iter=500/2500 loss=0.02764
  derivmatch lr=0.003 iter=625/2500 loss=0.02634
  derivmatch lr=0.003 iter=750/2500 loss=0.02344
  derivmatch lr=0.003 iter=875/2500 loss=0.03179
  derivmatch lr=0.003 iter=1000/2500 loss=0.0229
  derivmatch lr=0.003 iter=1125/2500 loss=0.02655
  derivmatch lr=0.003 iter=1250/2500 loss=0.02598
  derivmatch lr=0.003 iter=1375/2500 loss=0.02542
  derivmatch lr=0.003 iter=1500/2500 loss=0.02377
  derivmatch lr=0.003 iter=1625/2500 loss=0.02419
  derivmatch lr=0.003 iter=1750/2500 loss=0.02277
  derivmatch lr=0.003 iter=1875/2500 loss=0.02316
  derivmatch lr=0.003 iter=2000/2500 loss=0.02183
  derivmatch lr=0.003 iter=2125/2500 loss=0.02229
  derivmatch lr=0.003 iter=2250/2500 loss=0.02106
  derivmatch lr=0.003 iter=2375/2500 loss=0.02158
  derivmatch lr=0.003 iter=2500/2500 loss=0.0204
  derivmatch lr=0.003 iter=2500/2500 loss=0.0204
  derivmatch lr=0.001 iter=125/2500 loss=0.01242
  derivmatch lr=0.001 iter=250/2500 loss=0.0118
  derivmatch lr=0.001 iter=375/2500 loss=0.01131
  derivmatch lr=0.001 iter=500/2500 loss=0.01082
  derivmatch lr=0.001 iter=625/2500 loss=0.01032
  derivmatch lr=0.001 iter=750/2500 loss=0.009933
  derivmatch lr=0.001 iter=875/2500 loss=0.01019
  derivmatch lr=0.001 iter=1000/2500 loss=0.009767
  derivmatch lr=0.001 iter=1125/2500 loss=0.01058
  derivmatch lr=0.001 iter=1250/2500 loss=0.01009
  derivmatch lr=0.001 iter=1375/2500 loss=0.009779
  derivmatch lr=0.001 iter=1500/2500 loss=0.00881
  derivmatch lr=0.001 iter=1625/2500 loss=0.01215
  derivmatch lr=0.001 iter=1750/2500 loss=0.008976
  derivmatch lr=0.001 iter=1875/2500 loss=0.008366
  derivmatch lr=0.001 iter=2000/2500 loss=0.007094
  derivmatch lr=0.001 iter=2125/2500 loss=0.007297
  derivmatch lr=0.001 iter=2250/2500 loss=0.01085
  derivmatch lr=0.001 iter=2375/2500 loss=0.00879
  derivmatch lr=0.001 iter=2500/2500 loss=0.006145
  derivmatch lr=0.001 iter=2500/2500 loss=0.006145
  derivmatch lr=0.0003 iter=80/1600 loss=0.006134
  derivmatch lr=0.0003 iter=160/1600 loss=0.00609
  derivmatch lr=0.0003 iter=240/1600 loss=0.006051
  derivmatch lr=0.0003 iter=320/1600 loss=0.006007
  derivmatch lr=0.0003 iter=400/1600 loss=0.005958
  derivmatch lr=0.0003 iter=480/1600 loss=0.005905
  derivmatch lr=0.0003 iter=560/1600 loss=0.005848
  derivmatch lr=0.0003 iter=640/1600 loss=0.005787
  derivmatch lr=0.0003 iter=720/1600 loss=0.005723
  derivmatch lr=0.0003 iter=800/1600 loss=0.005655
  derivmatch lr=0.0003 iter=880/1600 loss=0.005583
  derivmatch lr=0.0003 iter=960/1600 loss=0.005509
  derivmatch lr=0.0003 iter=1040/1600 loss=0.005431
  derivmatch lr=0.0003 iter=1120/1600 loss=0.005351
  derivmatch lr=0.0003 iter=1200/1600 loss=0.005269
  derivmatch lr=0.0003 iter=1280/1600 loss=0.005183
  derivmatch lr=0.0003 iter=1360/1600 loss=0.005096
  derivmatch lr=0.0003 iter=1440/1600 loss=0.005376
  derivmatch lr=0.0003 iter=1520/1600 loss=0.004944
  derivmatch lr=0.0003 iter=1600/1600 loss=0.004867
  derivmatch lr=0.0003 iter=1600/1600 loss=0.004867
derivative matching [33s]  fitloss=0.00487
  [derivative matching]  nrmse=0.01502  l2=0.7359
  collocation: M=304 residuals=2418  detecting sparsity + solving...

Algorithm: LevenbergMarquardt(
    trustregion = LevenbergMarquardtTrustRegion(
        β_uphill = 0.0
    ),
    descent = GeodesicAcceleration(
        descent = DampedNewtonDescent(
            linsolve = KLUFactorization(
                reuse_symbolic = true,
                check_pattern = true
            ),
            initial_damping = 1.0,
            damping_fn = LevenbergMarquardtDampingFunction(
                increase_factor = 2.0,
                decrease_factor = 3.0,
                min_damping = 1.0e-8
            ),
            min_norm_mode = :auto
        ),
        finite_diff_step_geodesic = 0.1,
        α = 0.75
    ),
    autodiff = AutoForwardDiff(),
    vjp_autodiff = AutoFiniteDiff(
        fdtype = Val{:forward}(),
        fdjtype = Val{:forward}(),
        fdhtype = Val{:hcentral}(),
        dir = true
    ),
    jvp_autodiff = AutoForwardDiff(),
    concrete_jac = Val{true}()
)

----    	-------------       	-----------         
Iter    	f(u) 2-norm         	Step 2-norm         
----    	-------------       	-----------         
0       	2.41252489e+02      	1.11666888e-310     
1       	2.41252489e+02      	0.00000000e+00      
8       	1.57491560e+02      	0.00000000e+00      
15      	6.29200526e-01      	7.28332463e-02      
22      	6.42834348e-02      	9.47638533e-02      
29      	4.03072260e-01      	7.28607605e-01      
36      	7.48838039e-01      	3.55167844e-01      
43      	1.15853340e+01      	1.96304256e+00      
50      	4.12102339e+00      	3.10782402e-01      
57      	2.14365782e+01      	0.00000000e+00      
64      	7.86058048e+00      	5.58505823e-01      
71      	5.50792808e-03      	0.00000000e+00      
78      	5.46797224e-01      	0.00000000e+00      
85      	3.17609326e-03      	1.00013891e-01      
92      	4.99973507e+00      	9.28958710e-01      
99      	4.51419700e-02      	0.00000000e+00      
106     	7.68111490e-01      	0.00000000e+00      
113     	4.89383045e-02      	1.16403646e-01      
120     	4.57939371e+00      	0.00000000e+00      
127     	2.97177215e-01      	5.07986377e-01      
134     	5.63073280e-01      	2.40186646e-01      
141     	6.39839905e-03      	1.33499449e-01      
148     	5.37563541e+00      	0.00000000e+00      
Final   	4.44102195e-04      
----------------------      
  AMR 1/3: M=304  err=1.84e-8  obs=7.46e-7  nrmse=2.5e-5  best=2.5e-5  refined=11
  collocation: M=315 residuals=2484  detecting sparsity + solving...

Algorithm: LevenbergMarquardt(
    trustregion = LevenbergMarquardtTrustRegion(
        β_uphill = 0.0
    ),
    descent = GeodesicAcceleration(
        descent = DampedNewtonDescent(
            linsolve = KLUFactorization(
                reuse_symbolic = true,
                check_pattern = true
            ),
            initial_damping = 1.0,
            damping_fn = LevenbergMarquardtDampingFunction(
                increase_factor = 2.0,
                decrease_factor = 3.0,
                min_damping = 1.0e-8
            ),
            min_norm_mode = :auto
        ),
        finite_diff_step_geodesic = 0.1,
        α = 0.75
    ),
    autodiff = AutoForwardDiff(),
    vjp_autodiff = AutoFiniteDiff(
        fdtype = Val{:forward}(),
        fdjtype = Val{:forward}(),
        fdhtype = Val{:hcentral}(),
        dir = true
    ),
    jvp_autodiff = AutoForwardDiff(),
    concrete_jac = Val{true}()
)

----    	-------------       	-----------         
Iter    	f(u) 2-norm         	Step 2-norm         
----    	-------------       	-----------         
0       	9.12857224e+01      	1.25200357e-315     
1       	9.12857224e+01      	0.00000000e+00      
8       	9.12857224e+01      	0.00000000e+00      
15      	3.02983208e+00      	1.80542356e-01      
22      	8.15631303e-02      	3.31253453e-02      
29      	3.84038631e-01      	3.98702218e-01      
36      	3.65668092e-04      	3.17921440e-02      
43      	5.40495881e-01      	5.96238835e-01      
50      	9.80722922e-01      	0.00000000e+00      
57      	6.57281450e-02      	7.91639191e-02      
64      	5.61654301e+00      	0.00000000e+00      
71      	5.07169422e-01      	4.75181842e-01      
78      	4.38322214e-01      	0.00000000e+00      
85      	2.63921389e-03      	1.85778124e-01      
92      	3.13784936e-01      	5.51454994e-01      
99      	2.19115630e-01      	0.00000000e+00      
106     	2.93658964e+00      	0.00000000e+00      
113     	2.08434563e-04      	5.93270894e-02      
120     	4.02261972e-02      	0.00000000e+00      
127     	6.46272325e-02      	0.00000000e+00      
134     	2.12649732e-01      	8.62097783e-01      
141     	2.50192049e+00      	2.68917884e+00      
148     	8.42215057e-01      	0.00000000e+00      
Final   	3.40722900e-05      
----------------------      
  AMR 2/3: M=315  err=3.31e-11  obs=7.62e-7  nrmse=2.37e-5  best=2.37e-5  refined=10
  collocation: M=329 residuals=2568  detecting sparsity + solving...

Algorithm: LevenbergMarquardt(
    trustregion = LevenbergMarquardtTrustRegion(
        β_uphill = 0.0
    ),
    descent = GeodesicAcceleration(
        descent = DampedNewtonDescent(
            linsolve = KLUFactorization(
                reuse_symbolic = true,
                check_pattern = true
            ),
            initial_damping = 1.0,
            damping_fn = LevenbergMarquardtDampingFunction(
                increase_factor = 2.0,
                decrease_factor = 3.0,
                min_damping = 1.0e-8
            ),
            min_norm_mode = :auto
        ),
        finite_diff_step_geodesic = 0.1,
        α = 0.75
    ),
    autodiff = AutoForwardDiff(),
    vjp_autodiff = AutoFiniteDiff(
        fdtype = Val{:forward}(),
        fdjtype = Val{:forward}(),
        fdhtype = Val{:hcentral}(),
        dir = true
    ),
    jvp_autodiff = AutoForwardDiff(),
    concrete_jac = Val{true}()
)

----    	-------------       	-----------         
Iter    	f(u) 2-norm         	Step 2-norm         
----    	-------------       	-----------         
0       	1.26473803e+02      	2.31160956e+01      
1       	1.26473803e+02      	0.00000000e+00      
8       	1.05724412e+02      	7.49367548e-01      
15      	8.54037940e-01      	1.84123257e-02      
22      	6.88296767e-02      	6.50118304e-02      
29      	6.18009898e-01      	4.99670289e-01      
36      	8.13787871e-05      	1.19882874e-02      
43      	1.81206866e-01      	0.00000000e+00      
50      	1.70953692e-01      	3.88500793e-01      
57      	1.24294727e-01      	0.00000000e+00      
64      	8.00859219e-02      	1.08577336e-01      
71      	2.38587466e-01      	6.93214830e-01      
78      	3.80469668e-01      	1.07844470e+00      
85      	6.11253375e-02      	0.00000000e+00      
92      	7.29105051e-01      	0.00000000e+00      
99      	6.15404701e-01      	4.32936022e-01      
106     	2.16273907e-01      	7.17512023e-01      
113     	5.01997641e-03      	1.83909555e-01      
120     	3.26907655e-01      	4.44910525e-01      
127     	5.46334416e-02      	3.84101103e-01      
134     	6.14731125e-03      	0.00000000e+00      
141     	2.13043790e+00      	0.00000000e+00      
148     	1.72435516e-02      	2.84619090e-01      
Final   	4.48122065e-05      
----------------------      
  AMR 3/3: M=329  err=9.02e-10  obs=7.57e-7  nrmse=2.31e-5  best=2.31e-5  refined=0
collocation [132s]
  [final]  nrmse=2.309e-5  l2=0.000597
extrapolation window: T=15.0 -> T_test=30.0  n_test=600
  [train]  E_traj=1.124e-9  E_VF=0.002813  E_spec=0.3368
  [test ]  E_traj=2538.0  E_VF=5.895e8  E_spec=0.4652
saved /orcd/home/002/txenakis/projects/BVPsolver/src/../data/runs/run_rYGS9Dhf/davis-skodje_fit.png
saved /orcd/home/002/txenakis/projects/BVPsolver/src/../data/runs/run_rYGS9Dhf/davis-skodje_fit_extrapolated.png
saved /orcd/home/002/txenakis/projects/BVPsolver/src/../data/runs/run_rYGS9Dhf/davis-skodje_spectral_fit_extrapolated.png
saved /orcd/home/002/txenakis/projects/BVPsolver/src/../data/runs/run_rYGS9Dhf/davis-skodje_vf_fit_extrapolated.png
┌ Warning: Attempting to store StiffNN.var"#22#23"{Float64}.
│ JLD2 only stores functions by name.
│  This may not be useful for anonymous functions.
└ @ JLD2 ~/.julia/packages/JLD2/ADycq/src/data/writing_datatypes.jl:447
saved run → /orcd/home/002/txenakis/projects/BVPsolver/src/../data/runs/run_rYGS9Dhf
