orego  model=GELU-scaled width=9 d=3 tlen=112 profile=fast seed=120  solver=Rodas5  N=516
  derivmatch lr=0.01 iter=170/3400 loss=5.911
  derivmatch lr=0.01 iter=340/3400 loss=19.18
  derivmatch lr=0.01 iter=510/3400 loss=12.31
  derivmatch lr=0.01 iter=680/3400 loss=4.784
  derivmatch lr=0.01 iter=850/3400 loss=4.558
  derivmatch lr=0.01 iter=1020/3400 loss=4.375
  derivmatch lr=0.01 iter=1190/3400 loss=4.309
  derivmatch lr=0.01 iter=1360/3400 loss=3.651
  derivmatch lr=0.01 iter=1530/3400 loss=3.61
  derivmatch lr=0.01 iter=1700/3400 loss=3.571
  derivmatch lr=0.01 iter=1870/3400 loss=3.528
  derivmatch lr=0.01 iter=2040/3400 loss=3.578
  derivmatch lr=0.01 iter=2210/3400 loss=3.554
  derivmatch lr=0.01 iter=2380/3400 loss=3.538
  derivmatch lr=0.01 iter=2550/3400 loss=3.522
  derivmatch lr=0.01 iter=2720/3400 loss=3.508
  derivmatch lr=0.01 iter=2890/3400 loss=3.497
  derivmatch lr=0.01 iter=3060/3400 loss=3.487
  derivmatch lr=0.01 iter=3230/3400 loss=3.479
  derivmatch lr=0.01 iter=3400/3400 loss=3.471
  derivmatch lr=0.01 iter=3400/3400 loss=3.471
  derivmatch lr=0.003 iter=125/2500 loss=2.968
  derivmatch lr=0.003 iter=250/2500 loss=3.503
  derivmatch lr=0.003 iter=375/2500 loss=2.964
  derivmatch lr=0.003 iter=500/2500 loss=2.914
  derivmatch lr=0.003 iter=625/2500 loss=2.888
  derivmatch lr=0.003 iter=750/2500 loss=2.863
  derivmatch lr=0.003 iter=875/2500 loss=2.848
  derivmatch lr=0.003 iter=1000/2500 loss=2.748
  derivmatch lr=0.003 iter=1125/2500 loss=2.735
  derivmatch lr=0.003 iter=1250/2500 loss=2.733
  derivmatch lr=0.003 iter=1375/2500 loss=2.717
  derivmatch lr=0.003 iter=1500/2500 loss=2.714
  derivmatch lr=0.003 iter=1625/2500 loss=2.708
  derivmatch lr=0.003 iter=1750/2500 loss=2.707
  derivmatch lr=0.003 iter=1875/2500 loss=2.703
  derivmatch lr=0.003 iter=2000/2500 loss=11.48
  derivmatch lr=0.003 iter=2125/2500 loss=3.21
  derivmatch lr=0.003 iter=2250/2500 loss=3.121
  derivmatch lr=0.003 iter=2375/2500 loss=2.987
  derivmatch lr=0.003 iter=2500/2500 loss=2.97
  derivmatch lr=0.003 iter=2500/2500 loss=2.701
  derivmatch lr=0.001 iter=125/2500 loss=2.7
  derivmatch lr=0.001 iter=250/2500 loss=2.698
  derivmatch lr=0.001 iter=375/2500 loss=2.696
  derivmatch lr=0.001 iter=500/2500 loss=2.616
  derivmatch lr=0.001 iter=625/2500 loss=2.57
  derivmatch lr=0.001 iter=750/2500 loss=2.556
  derivmatch lr=0.001 iter=875/2500 loss=2.544
  derivmatch lr=0.001 iter=1000/2500 loss=2.537
  derivmatch lr=0.001 iter=1125/2500 loss=2.273
  derivmatch lr=0.001 iter=1250/2500 loss=2.239
  derivmatch lr=0.001 iter=1375/2500 loss=2.217
  derivmatch lr=0.001 iter=1500/2500 loss=7.987
  derivmatch lr=0.001 iter=1625/2500 loss=2.224
  derivmatch lr=0.001 iter=1750/2500 loss=2.018
  derivmatch lr=0.001 iter=1875/2500 loss=1.886
  derivmatch lr=0.001 iter=2000/2500 loss=3.124
  derivmatch lr=0.001 iter=2125/2500 loss=2.236
  derivmatch lr=0.001 iter=2250/2500 loss=5.905
  derivmatch lr=0.001 iter=2375/2500 loss=2.351
  derivmatch lr=0.001 iter=2500/2500 loss=2.292
  derivmatch lr=0.001 iter=2500/2500 loss=1.867
  derivmatch lr=0.0003 iter=80/1600 loss=1.838
  derivmatch lr=0.0003 iter=160/1600 loss=1.782
  derivmatch lr=0.0003 iter=240/1600 loss=1.749
  derivmatch lr=0.0003 iter=320/1600 loss=1.654
  derivmatch lr=0.0003 iter=400/1600 loss=1.805
  derivmatch lr=0.0003 iter=480/1600 loss=1.707
  derivmatch lr=0.0003 iter=560/1600 loss=1.675
  derivmatch lr=0.0003 iter=640/1600 loss=1.645
  derivmatch lr=0.0003 iter=720/1600 loss=1.666
  derivmatch lr=0.0003 iter=800/1600 loss=1.655
  derivmatch lr=0.0003 iter=880/1600 loss=1.647
  derivmatch lr=0.0003 iter=960/1600 loss=1.641
  derivmatch lr=0.0003 iter=1040/1600 loss=1.634
  derivmatch lr=0.0003 iter=1120/1600 loss=1.628
  derivmatch lr=0.0003 iter=1200/1600 loss=1.623
  derivmatch lr=0.0003 iter=1280/1600 loss=1.619
  derivmatch lr=0.0003 iter=1360/1600 loss=1.614
  derivmatch lr=0.0003 iter=1440/1600 loss=1.609
  derivmatch lr=0.0003 iter=1520/1600 loss=1.605
  derivmatch lr=0.0003 iter=1600/1600 loss=1.601
  derivmatch lr=0.0003 iter=1600/1600 loss=1.581
derivative matching [26s]  fitloss=1.58
  [derivative matching]  nrmse=0.7589  l2=1.446e6
  shooting iter=50/1000 loss=0.2198
  shooting iter=100/1000 loss=0.2189
  shooting iter=150/1000 loss=0.2202
  shooting iter=200/1000 loss=0.2198
  shooting iter=250/1000 loss=0.2192
  shooting iter=300/1000 loss=0.2181
  shooting iter=350/1000 loss=0.2168
  shooting iter=400/1000 loss=0.2191
  shooting iter=450/1000 loss=0.2183
  shooting iter=500/1000 loss=0.2176
  shooting iter=550/1000 loss=0.2168
  shooting iter=600/1000 loss=0.216
  shooting iter=650/1000 loss=0.2158
  shooting iter=700/1000 loss=0.2168
  shooting iter=750/1000 loss=0.215
  shooting iter=800/1000 loss=0.2143
  shooting iter=850/1000 loss=0.2138
  shooting iter=900/1000 loss=0.2127
  shooting iter=950/1000 loss=0.2177
  shooting iter=1000/1000 loss=0.2106
  shooting iter=1000/1000 loss=0.2089
shooting [3897s]  loss=0.209
  [final]  nrmse=0.3818  l2=473200.0
extrapolation window: T=180.0 -> T_test=360.0  n_test=224
  [train]  E_traj=0.8655  E_VF=25.74  E_spec=1.5
  [test ]  E_traj=1.383  E_VF=7756.0  E_spec=54.28
saved /orcd/home/002/txenakis/projects/BVPsolver/src/../data/runs/run_vzvXzdeK/orego_fit.png
saved /orcd/home/002/txenakis/projects/BVPsolver/src/../data/runs/run_vzvXzdeK/orego_fit_extrapolated.png
saved /orcd/home/002/txenakis/projects/BVPsolver/src/../data/runs/run_vzvXzdeK/orego_spectral_fit_extrapolated.png
saved /orcd/home/002/txenakis/projects/BVPsolver/src/../data/runs/run_vzvXzdeK/orego_vf_fit_extrapolated.png
┌ Warning: Attempting to store StiffNN.var"#20#21"{Float64, Float64, Float64}.
│ JLD2 only stores functions by name.
│  This may not be useful for anonymous functions.
└ @ JLD2 ~/.julia/packages/JLD2/ADycq/src/data/writing_datatypes.jl:447
saved run → /orcd/home/002/txenakis/projects/BVPsolver/src/../data/runs/run_vzvXzdeK
