rober  model=stiff width=12 d=3 tlen=50 profile=fast seed=216  solver=Rodas5  N=318
  derivmatch lr=0.01 iter=170/3400 loss=0.4153
  derivmatch lr=0.01 iter=340/3400 loss=0.2272
  derivmatch lr=0.01 iter=510/3400 loss=0.1446
  derivmatch lr=0.01 iter=680/3400 loss=0.1095
  derivmatch lr=0.01 iter=850/3400 loss=0.09164
  derivmatch lr=0.01 iter=1020/3400 loss=0.07701
  derivmatch lr=0.01 iter=1190/3400 loss=0.0657
  derivmatch lr=0.01 iter=1360/3400 loss=0.05579
  derivmatch lr=0.01 iter=1530/3400 loss=0.0422
  derivmatch lr=0.01 iter=1700/3400 loss=0.0456
  derivmatch lr=0.01 iter=1870/3400 loss=0.03396
  derivmatch lr=0.01 iter=2040/3400 loss=0.03402
  derivmatch lr=0.01 iter=2210/3400 loss=0.02978
  derivmatch lr=0.01 iter=2380/3400 loss=0.02628
  derivmatch lr=0.01 iter=2550/3400 loss=0.02345
  derivmatch lr=0.01 iter=2720/3400 loss=0.02076
  derivmatch lr=0.01 iter=2890/3400 loss=0.01791
  derivmatch lr=0.01 iter=3060/3400 loss=0.01545
  derivmatch lr=0.01 iter=3230/3400 loss=0.01336
  derivmatch lr=0.01 iter=3400/3400 loss=0.01153
  derivmatch lr=0.01 iter=3400/3400 loss=0.01153
  derivmatch lr=0.003 iter=125/2500 loss=0.01017
  derivmatch lr=0.003 iter=250/2500 loss=0.008708
  derivmatch lr=0.003 iter=375/2500 loss=0.007333
  derivmatch lr=0.003 iter=500/2500 loss=0.00609
  derivmatch lr=0.003 iter=625/2500 loss=0.005013
  derivmatch lr=0.003 iter=750/2500 loss=0.004112
  derivmatch lr=0.003 iter=875/2500 loss=0.00341
  derivmatch lr=0.003 iter=1000/2500 loss=0.002883
  derivmatch lr=0.003 iter=1125/2500 loss=0.002473
  derivmatch lr=0.003 iter=1250/2500 loss=0.002144
  derivmatch lr=0.003 iter=1375/2500 loss=0.001871
  derivmatch lr=0.003 iter=1500/2500 loss=0.001642
  derivmatch lr=0.003 iter=1625/2500 loss=0.001453
  derivmatch lr=0.003 iter=1750/2500 loss=0.001298
  derivmatch lr=0.003 iter=1875/2500 loss=0.00117
  derivmatch lr=0.003 iter=2000/2500 loss=0.001061
  derivmatch lr=0.003 iter=2125/2500 loss=0.0009719
  derivmatch lr=0.003 iter=2250/2500 loss=0.0008868
  derivmatch lr=0.003 iter=2375/2500 loss=0.0008153
  derivmatch lr=0.003 iter=2500/2500 loss=0.0007521
  derivmatch lr=0.003 iter=2500/2500 loss=0.0007521
  derivmatch lr=0.001 iter=125/2500 loss=0.0007262
  derivmatch lr=0.001 iter=250/2500 loss=0.0006961
  derivmatch lr=0.001 iter=375/2500 loss=0.0006602
  derivmatch lr=0.001 iter=500/2500 loss=0.0006207
  derivmatch lr=0.001 iter=625/2500 loss=0.0005792
  derivmatch lr=0.001 iter=750/2500 loss=0.0005369
  derivmatch lr=0.001 iter=875/2500 loss=0.0004944
  derivmatch lr=0.001 iter=1000/2500 loss=0.0004524
  derivmatch lr=0.001 iter=1125/2500 loss=0.0004112
  derivmatch lr=0.001 iter=1250/2500 loss=0.0003712
  derivmatch lr=0.001 iter=1375/2500 loss=0.0003328
  derivmatch lr=0.001 iter=1500/2500 loss=0.0002964
  derivmatch lr=0.001 iter=1625/2500 loss=0.0002682
  derivmatch lr=0.001 iter=1750/2500 loss=0.000232
  derivmatch lr=0.001 iter=1875/2500 loss=0.0002046
  derivmatch lr=0.001 iter=2000/2500 loss=0.0001796
  derivmatch lr=0.001 iter=2125/2500 loss=0.0001574
  derivmatch lr=0.001 iter=2250/2500 loss=0.0001383
  derivmatch lr=0.001 iter=2375/2500 loss=0.0001404
  derivmatch lr=0.001 iter=2500/2500 loss=0.0001069
  derivmatch lr=0.001 iter=2500/2500 loss=0.0001069
  derivmatch lr=0.0003 iter=80/1600 loss=0.0001043
  derivmatch lr=0.0003 iter=160/1600 loss=0.0001015
  derivmatch lr=0.0003 iter=240/1600 loss=9.813e-5
  derivmatch lr=0.0003 iter=320/1600 loss=9.438e-5
  derivmatch lr=0.0003 iter=400/1600 loss=9.04e-5
  derivmatch lr=0.0003 iter=480/1600 loss=8.631e-5
  derivmatch lr=0.0003 iter=560/1600 loss=8.218e-5
  derivmatch lr=0.0003 iter=640/1600 loss=7.81e-5
  derivmatch lr=0.0003 iter=720/1600 loss=7.41e-5
  derivmatch lr=0.0003 iter=800/1600 loss=7.023e-5
  derivmatch lr=0.0003 iter=880/1600 loss=6.651e-5
  derivmatch lr=0.0003 iter=960/1600 loss=6.297e-5
  derivmatch lr=0.0003 iter=1040/1600 loss=5.961e-5
  derivmatch lr=0.0003 iter=1120/1600 loss=5.651e-5
  derivmatch lr=0.0003 iter=1200/1600 loss=5.369e-5
  derivmatch lr=0.0003 iter=1280/1600 loss=5.103e-5
  derivmatch lr=0.0003 iter=1360/1600 loss=4.855e-5
  derivmatch lr=0.0003 iter=1440/1600 loss=4.628e-5
  derivmatch lr=0.0003 iter=1520/1600 loss=4.429e-5
  derivmatch lr=0.0003 iter=1600/1600 loss=4.251e-5
  derivmatch lr=0.0003 iter=1600/1600 loss=4.251e-5
derivative matching [31s]  fitloss=4.25e-5
  [derivative matching]  nrmse=0.004312  l2=0.02646
  collocation: M=54 residuals=627  detecting sparsity + solving...

Algorithm: LevenbergMarquardt(
    trustregion = LevenbergMarquardtTrustRegion(
        β_uphill = 0.0
    ),
    descent = GeodesicAcceleration(
        descent = DampedNewtonDescent(
            linsolve = KLUFactorization(
                reuse_symbolic = true,
                check_pattern = true
            ),
            initial_damping = 1.0,
            damping_fn = LevenbergMarquardtDampingFunction(
                increase_factor = 2.0,
                decrease_factor = 3.0,
                min_damping = 1.0e-8
            ),
            min_norm_mode = :auto
        ),
        finite_diff_step_geodesic = 0.1,
        α = 0.75
    ),
    autodiff = AutoForwardDiff(),
    vjp_autodiff = AutoFiniteDiff(
        fdtype = Val{:forward}(),
        fdjtype = Val{:forward}(),
        fdhtype = Val{:hcentral}(),
        dir = true
    ),
    jvp_autodiff = AutoForwardDiff(),
    concrete_jac = Val{true}()
)

----    	-------------       	-----------         
Iter    	f(u) 2-norm         	Step 2-norm         
----    	-------------       	-----------         
0       	2.84633872e+03      	NaN                 
1       	2.60444612e+03      	2.26983080e-02      
8       	7.21225043e+02      	3.14137975e-02      
15      	7.60077466e+01      	2.77977626e-01      
22      	9.86135546e+01      	2.55822075e-01      
29      	1.46056459e+02      	4.39919955e-01      
36      	5.89864841e+02      	4.36824319e-01      
43      	1.95295087e+02      	4.07071937e-01      
50      	6.22042479e+02      	0.00000000e+00      
57      	8.02258502e+01      	2.52278726e-01      
64      	4.02184210e+00      	0.00000000e+00      
71      	6.73404038e+02      	0.00000000e+00      
78      	4.90614785e+02      	0.00000000e+00      
85      	1.91149075e+02      	2.33437352e-01      
92      	8.32642419e+00      	0.00000000e+00      
99      	5.85344922e+02      	0.00000000e+00      
106     	1.51522627e+02      	1.89361446e-01      
113     	1.45860881e+02      	0.00000000e+00      
120     	2.24294798e+01      	0.00000000e+00      
127     	2.35735082e+00      	9.66362973e-02      
134     	6.12885132e+01      	0.00000000e+00      
141     	4.83610876e+02      	0.00000000e+00      
148     	3.97500788e+02      	0.00000000e+00      
Final   	1.67034806e+00      
----------------------      
  AMR 1/1: M=54  err=0.552  obs=5.31e-10  nrmse=0.000111  best=0.000111  refined=0
collocation [18s]
  [final]  nrmse=0.0001105  l2=0.0002368
extrapolation window: T=1000.0 -> T_test=1.0e12  n_test=100
  [train]  E_traj=3.404e-8  E_VF=4.077e-6  E_spec=1.356e27
  [test ]  E_traj=0.6064  E_VF=3.021e12  E_spec=2.089e23
saved /orcd/home/002/txenakis/projects/BVPsolver/src/../data/runs/run_keF054kd/rober_fit.png
saved /orcd/home/002/txenakis/projects/BVPsolver/src/../data/runs/run_keF054kd/rober_fit_extrapolated.png
saved /orcd/home/002/txenakis/projects/BVPsolver/src/../data/runs/run_keF054kd/rober_spectral_fit_extrapolated.png
saved /orcd/home/002/txenakis/projects/BVPsolver/src/../data/runs/run_keF054kd/rober_vf_fit_extrapolated.png
┌ Warning: Attempting to store StiffNN.var"#12#13"{Float64, Float64, Float64}.
│ JLD2 only stores functions by name.
│  This may not be useful for anonymous functions.
└ @ JLD2 ~/.julia/packages/JLD2/ADycq/src/data/writing_datatypes.jl:447
saved run → /orcd/home/002/txenakis/projects/BVPsolver/src/../data/runs/run_keF054kd
