rober  model=stiff width=12 d=3 tlen=50 profile=fast seed=223  solver=Rodas5  N=318
  derivmatch lr=0.01 iter=170/3400 loss=0.3051
  derivmatch lr=0.01 iter=340/3400 loss=0.1188
  derivmatch lr=0.01 iter=510/3400 loss=0.1319
  derivmatch lr=0.01 iter=680/3400 loss=0.06885
  derivmatch lr=0.01 iter=850/3400 loss=0.0563
  derivmatch lr=0.01 iter=1020/3400 loss=0.0379
  derivmatch lr=0.01 iter=1190/3400 loss=0.03543
  derivmatch lr=0.01 iter=1360/3400 loss=0.02896
  derivmatch lr=0.01 iter=1530/3400 loss=0.02446
  derivmatch lr=0.01 iter=1700/3400 loss=0.02154
  derivmatch lr=0.01 iter=1870/3400 loss=0.01844
  derivmatch lr=0.01 iter=2040/3400 loss=0.02197
  derivmatch lr=0.01 iter=2210/3400 loss=0.01926
  derivmatch lr=0.01 iter=2380/3400 loss=0.01467
  derivmatch lr=0.01 iter=2550/3400 loss=0.01083
  derivmatch lr=0.01 iter=2720/3400 loss=0.00908
  derivmatch lr=0.01 iter=2890/3400 loss=0.0089
  derivmatch lr=0.01 iter=3060/3400 loss=0.01041
  derivmatch lr=0.01 iter=3230/3400 loss=0.006243
  derivmatch lr=0.01 iter=3400/3400 loss=0.006786
  derivmatch lr=0.01 iter=3400/3400 loss=0.005706
  derivmatch lr=0.003 iter=125/2500 loss=0.005548
  derivmatch lr=0.003 iter=250/2500 loss=0.005169
  derivmatch lr=0.003 iter=375/2500 loss=0.004795
  derivmatch lr=0.003 iter=500/2500 loss=0.004425
  derivmatch lr=0.003 iter=625/2500 loss=0.004067
  derivmatch lr=0.003 iter=750/2500 loss=0.003731
  derivmatch lr=0.003 iter=875/2500 loss=0.003417
  derivmatch lr=0.003 iter=1000/2500 loss=0.003127
  derivmatch lr=0.003 iter=1125/2500 loss=0.007691
  derivmatch lr=0.003 iter=1250/2500 loss=0.002631
  derivmatch lr=0.003 iter=1375/2500 loss=0.002426
  derivmatch lr=0.003 iter=1500/2500 loss=0.002237
  derivmatch lr=0.003 iter=1625/2500 loss=0.002062
  derivmatch lr=0.003 iter=1750/2500 loss=0.001898
  derivmatch lr=0.003 iter=1875/2500 loss=0.001741
  derivmatch lr=0.003 iter=2000/2500 loss=0.001605
  derivmatch lr=0.003 iter=2125/2500 loss=0.001484
  derivmatch lr=0.003 iter=2250/2500 loss=0.001372
  derivmatch lr=0.003 iter=2375/2500 loss=0.001268
  derivmatch lr=0.003 iter=2500/2500 loss=0.001171
  derivmatch lr=0.003 iter=2500/2500 loss=0.001171
  derivmatch lr=0.001 iter=125/2500 loss=0.001149
  derivmatch lr=0.001 iter=250/2500 loss=0.001123
  derivmatch lr=0.001 iter=375/2500 loss=0.001091
  derivmatch lr=0.001 iter=500/2500 loss=0.001055
  derivmatch lr=0.001 iter=625/2500 loss=0.001015
  derivmatch lr=0.001 iter=750/2500 loss=0.0009734
  derivmatch lr=0.001 iter=875/2500 loss=0.0009303
  derivmatch lr=0.001 iter=1000/2500 loss=0.0008866
  derivmatch lr=0.001 iter=1125/2500 loss=0.000843
  derivmatch lr=0.001 iter=1250/2500 loss=0.0007999
  derivmatch lr=0.001 iter=1375/2500 loss=0.0007577
  derivmatch lr=0.001 iter=1500/2500 loss=0.0007167
  derivmatch lr=0.001 iter=1625/2500 loss=0.0006773
  derivmatch lr=0.001 iter=1750/2500 loss=0.0006396
  derivmatch lr=0.001 iter=1875/2500 loss=0.0006037
  derivmatch lr=0.001 iter=2000/2500 loss=0.0005698
  derivmatch lr=0.001 iter=2125/2500 loss=0.0005377
  derivmatch lr=0.001 iter=2250/2500 loss=0.0005075
  derivmatch lr=0.001 iter=2375/2500 loss=0.000479
  derivmatch lr=0.001 iter=2500/2500 loss=0.0004522
  derivmatch lr=0.001 iter=2500/2500 loss=0.0004522
  derivmatch lr=0.0003 iter=80/1600 loss=0.0004464
  derivmatch lr=0.0003 iter=160/1600 loss=0.0004393
  derivmatch lr=0.0003 iter=240/1600 loss=0.0004307
  derivmatch lr=0.0003 iter=320/1600 loss=0.000421
  derivmatch lr=0.0003 iter=400/1600 loss=0.0004105
  derivmatch lr=0.0003 iter=480/1600 loss=0.0003995
  derivmatch lr=0.0003 iter=560/1600 loss=0.0003902
  derivmatch lr=0.0003 iter=640/1600 loss=0.0003811
  derivmatch lr=0.0003 iter=720/1600 loss=0.0003717
  derivmatch lr=0.0003 iter=800/1600 loss=0.0003622
  derivmatch lr=0.0003 iter=880/1600 loss=0.0003526
  derivmatch lr=0.0003 iter=960/1600 loss=0.0003558
  derivmatch lr=0.0003 iter=1040/1600 loss=0.0003349
  derivmatch lr=0.0003 iter=1120/1600 loss=0.0003268
  derivmatch lr=0.0003 iter=1200/1600 loss=0.0003187
  derivmatch lr=0.0003 iter=1280/1600 loss=0.0003106
  derivmatch lr=0.0003 iter=1360/1600 loss=0.0003025
  derivmatch lr=0.0003 iter=1440/1600 loss=0.0002956
  derivmatch lr=0.0003 iter=1520/1600 loss=0.0002881
  derivmatch lr=0.0003 iter=1600/1600 loss=0.0002813
  derivmatch lr=0.0003 iter=1600/1600 loss=0.0002813
derivative matching [29s]  fitloss=0.000281
  [derivative matching]  nrmse=0.004195  l2=0.02718
  shooting iter=50/1000 loss=0.001746
  shooting iter=100/1000 loss=0.002261
  shooting iter=150/1000 loss=0.001436
  shooting iter=200/1000 loss=0.001612
  shooting iter=250/1000 loss=0.002039
  shooting iter=300/1000 loss=0.001686
  shooting iter=350/1000 loss=0.0008468
  shooting iter=400/1000 loss=0.004249
  shooting iter=450/1000 loss=0.001569
  shooting iter=500/1000 loss=0.0008985
  shooting iter=550/1000 loss=0.002945
  shooting iter=600/1000 loss=0.001954
  shooting iter=650/1000 loss=0.002222
  shooting iter=700/1000 loss=0.0008174
  shooting iter=750/1000 loss=0.001266
  shooting iter=800/1000 loss=0.0007913
  shooting iter=850/1000 loss=0.003131
  shooting iter=900/1000 loss=0.001117
  shooting iter=950/1000 loss=0.001238
  shooting iter=1000/1000 loss=0.001093
  shooting iter=1000/1000 loss=0.0004546
shooting [642s]  loss=0.000455
  [final]  nrmse=0.000803  l2=0.004908
extrapolation window: T=1000.0 -> T_test=1.0e12  n_test=100
  [train]  E_traj=3.096e-6  E_VF=0.002705  E_spec=1.796e27
  [test ]  E_traj=4.16  E_VF=4.224e8  E_spec=4.509e23
saved /orcd/home/002/txenakis/projects/BVPsolver/src/../data/runs/run_wePkbbn5/rober_fit.png
saved /orcd/home/002/txenakis/projects/BVPsolver/src/../data/runs/run_wePkbbn5/rober_fit_extrapolated.png
saved /orcd/home/002/txenakis/projects/BVPsolver/src/../data/runs/run_wePkbbn5/rober_spectral_fit_extrapolated.png
saved /orcd/home/002/txenakis/projects/BVPsolver/src/../data/runs/run_wePkbbn5/rober_vf_fit_extrapolated.png
┌ Warning: Attempting to store StiffNN.var"#12#13"{Float64, Float64, Float64}.
│ JLD2 only stores functions by name.
│  This may not be useful for anonymous functions.
└ @ JLD2 ~/.julia/packages/JLD2/ADycq/src/data/writing_datatypes.jl:447
saved run → /orcd/home/002/txenakis/projects/BVPsolver/src/../data/runs/run_wePkbbn5
