hires  model=mlp width=21 d=8 tlen=50 profile=fast seed=141  solver=Rodas5  N=827
  derivmatch lr=0.01 iter=170/3400 loss=37.83
  derivmatch lr=0.01 iter=340/3400 loss=36.86
  derivmatch lr=0.01 iter=510/3400 loss=34.58
  derivmatch lr=0.01 iter=680/3400 loss=38.31
  derivmatch lr=0.01 iter=850/3400 loss=27.71
  derivmatch lr=0.01 iter=1020/3400 loss=20.44
  derivmatch lr=0.01 iter=1190/3400 loss=22.75
  derivmatch lr=0.01 iter=1360/3400 loss=17.19
  derivmatch lr=0.01 iter=1530/3400 loss=22.14
  derivmatch lr=0.01 iter=1700/3400 loss=16.16
  derivmatch lr=0.01 iter=1870/3400 loss=15.67
  derivmatch lr=0.01 iter=2040/3400 loss=27.13
  derivmatch lr=0.01 iter=2210/3400 loss=19.54
  derivmatch lr=0.01 iter=2380/3400 loss=15.85
  derivmatch lr=0.01 iter=2550/3400 loss=13.74
  derivmatch lr=0.01 iter=2720/3400 loss=13.41
  derivmatch lr=0.01 iter=2890/3400 loss=14.45
  derivmatch lr=0.01 iter=3060/3400 loss=15.17
  derivmatch lr=0.01 iter=3230/3400 loss=12.83
  derivmatch lr=0.01 iter=3400/3400 loss=10.9
  derivmatch lr=0.01 iter=3400/3400 loss=8.992
  derivmatch lr=0.003 iter=125/2500 loss=7.393
  derivmatch lr=0.003 iter=250/2500 loss=6.163
  derivmatch lr=0.003 iter=375/2500 loss=5.249
  derivmatch lr=0.003 iter=500/2500 loss=7.921
  derivmatch lr=0.003 iter=625/2500 loss=5.322
  derivmatch lr=0.003 iter=750/2500 loss=4.329
  derivmatch lr=0.003 iter=875/2500 loss=4.158
  derivmatch lr=0.003 iter=1000/2500 loss=3.903
  derivmatch lr=0.003 iter=1125/2500 loss=7.168
  derivmatch lr=0.003 iter=1250/2500 loss=4.769
  derivmatch lr=0.003 iter=1375/2500 loss=6.087
  derivmatch lr=0.003 iter=1500/2500 loss=7.252
  derivmatch lr=0.003 iter=1625/2500 loss=4.557
  derivmatch lr=0.003 iter=1750/2500 loss=6.281
  derivmatch lr=0.003 iter=1875/2500 loss=5.138
  derivmatch lr=0.003 iter=2000/2500 loss=5.901
  derivmatch lr=0.003 iter=2125/2500 loss=5.47
  derivmatch lr=0.003 iter=2250/2500 loss=5.643
  derivmatch lr=0.003 iter=2375/2500 loss=5.031
  derivmatch lr=0.003 iter=2500/2500 loss=5.664
  derivmatch lr=0.003 iter=2500/2500 loss=2.929
  derivmatch lr=0.001 iter=125/2500 loss=1.849
  derivmatch lr=0.001 iter=250/2500 loss=1.853
  derivmatch lr=0.001 iter=375/2500 loss=1.751
  derivmatch lr=0.001 iter=500/2500 loss=1.51
  derivmatch lr=0.001 iter=625/2500 loss=1.881
  derivmatch lr=0.001 iter=750/2500 loss=3.07
  derivmatch lr=0.001 iter=875/2500 loss=1.791
  derivmatch lr=0.001 iter=1000/2500 loss=1.736
  derivmatch lr=0.001 iter=1125/2500 loss=1.675
  derivmatch lr=0.001 iter=1250/2500 loss=1.977
  derivmatch lr=0.001 iter=1375/2500 loss=1.836
  derivmatch lr=0.001 iter=1500/2500 loss=1.61
  derivmatch lr=0.001 iter=1625/2500 loss=1.295
  derivmatch lr=0.001 iter=1750/2500 loss=1.681
  derivmatch lr=0.001 iter=1875/2500 loss=2.017
  derivmatch lr=0.001 iter=2000/2500 loss=1.941
  derivmatch lr=0.001 iter=2125/2500 loss=2.268
  derivmatch lr=0.001 iter=2250/2500 loss=2.104
  derivmatch lr=0.001 iter=2375/2500 loss=1.549
  derivmatch lr=0.001 iter=2500/2500 loss=1.567
  derivmatch lr=0.001 iter=2500/2500 loss=1.136
  derivmatch lr=0.0003 iter=80/1600 loss=0.7828
  derivmatch lr=0.0003 iter=160/1600 loss=0.7258
  derivmatch lr=0.0003 iter=240/1600 loss=0.7295
  derivmatch lr=0.0003 iter=320/1600 loss=0.8062
  derivmatch lr=0.0003 iter=400/1600 loss=0.7422
  derivmatch lr=0.0003 iter=480/1600 loss=0.7489
  derivmatch lr=0.0003 iter=560/1600 loss=0.6823
  derivmatch lr=0.0003 iter=640/1600 loss=0.5938
  derivmatch lr=0.0003 iter=720/1600 loss=0.7123
  derivmatch lr=0.0003 iter=800/1600 loss=0.646
  derivmatch lr=0.0003 iter=880/1600 loss=0.7486
  derivmatch lr=0.0003 iter=960/1600 loss=0.7247
  derivmatch lr=0.0003 iter=1040/1600 loss=0.6211
  derivmatch lr=0.0003 iter=1120/1600 loss=0.6434
  derivmatch lr=0.0003 iter=1200/1600 loss=0.5176
  derivmatch lr=0.0003 iter=1280/1600 loss=0.8529
  derivmatch lr=0.0003 iter=1360/1600 loss=0.7997
  derivmatch lr=0.0003 iter=1440/1600 loss=0.6334
  derivmatch lr=0.0003 iter=1520/1600 loss=0.6331
  derivmatch lr=0.0003 iter=1600/1600 loss=0.5291
  derivmatch lr=0.0003 iter=1600/1600 loss=0.4794
derivative matching [33s]  fitloss=0.479
  [derivative matching]  nrmse=7.664  l2=11.27
  shooting iter=50/1000 loss=0.08987
  shooting iter=100/1000 loss=0.07591
  shooting iter=150/1000 loss=0.09486
  shooting iter=200/1000 loss=0.05748
  shooting iter=250/1000 loss=0.06078
  shooting iter=300/1000 loss=0.06318
  shooting iter=350/1000 loss=0.03814
  shooting iter=400/1000 loss=0.06078
  shooting iter=450/1000 loss=0.04034
  shooting iter=500/1000 loss=0.04233
  shooting iter=550/1000 loss=0.05048
  shooting iter=600/1000 loss=0.04249
  shooting iter=650/1000 loss=0.04916
  shooting iter=700/1000 loss=0.03153
  shooting iter=750/1000 loss=0.03664
  shooting iter=800/1000 loss=0.02266
  shooting iter=850/1000 loss=0.03059
  shooting iter=900/1000 loss=0.02348
  shooting iter=950/1000 loss=0.02854
  shooting iter=1000/1000 loss=0.03934
  shooting iter=1000/1000 loss=0.0176
shooting [3270s]  loss=0.0176
  [final]  nrmse=0.04198  l2=0.1896
extrapolation window: T=321.8122 -> T_test=643.624  n_test=100
  [train]  E_traj=0.004682  E_VF=0.3661  E_spec=2.589e16
  [test ]  E_traj=249.7  E_VF=2.234e9  E_spec=1.4510000000000001e28
saved /orcd/home/002/txenakis/projects/BVPsolver/src/../data/runs/run_1s1AhyTp/hires_fit.png
saved /orcd/home/002/txenakis/projects/BVPsolver/src/../data/runs/run_1s1AhyTp/hires_fit_extrapolated.png
saved /orcd/home/002/txenakis/projects/BVPsolver/src/../data/runs/run_1s1AhyTp/hires_spectral_fit_extrapolated.png
saved /orcd/home/002/txenakis/projects/BVPsolver/src/../data/runs/run_1s1AhyTp/hires_vf_fit_extrapolated.png
┌ Warning: Attempting to store StiffNN.var"#18#19"{Type{Float64}}.
│ JLD2 only stores functions by name.
│  This may not be useful for anonymous functions.
└ @ JLD2 ~/.julia/packages/JLD2/ADycq/src/data/writing_datatypes.jl:447
saved run → /orcd/home/002/txenakis/projects/BVPsolver/src/../data/runs/run_1s1AhyTp
