rober  model=stiff width=12 d=3 tlen=50 profile=fast seed=130  solver=Rodas5  N=318
  derivmatch lr=0.01 iter=170/3400 loss=0.2623
  derivmatch lr=0.01 iter=340/3400 loss=0.1092
  derivmatch lr=0.01 iter=510/3400 loss=0.06314
  derivmatch lr=0.01 iter=680/3400 loss=0.03947
  derivmatch lr=0.01 iter=850/3400 loss=0.1415
  derivmatch lr=0.01 iter=1020/3400 loss=0.01941
  derivmatch lr=0.01 iter=1190/3400 loss=0.01573
  derivmatch lr=0.01 iter=1360/3400 loss=0.02277
  derivmatch lr=0.01 iter=1530/3400 loss=0.009751
  derivmatch lr=0.01 iter=1700/3400 loss=0.008877
  derivmatch lr=0.01 iter=1870/3400 loss=0.3445
  derivmatch lr=0.01 iter=2040/3400 loss=0.007301
  derivmatch lr=0.01 iter=2210/3400 loss=0.005131
  derivmatch lr=0.01 iter=2380/3400 loss=0.003968
  derivmatch lr=0.01 iter=2550/3400 loss=0.0111
  derivmatch lr=0.01 iter=2720/3400 loss=0.00754
  derivmatch lr=0.01 iter=2890/3400 loss=0.002411
  derivmatch lr=0.01 iter=3060/3400 loss=0.004358
  derivmatch lr=0.01 iter=3230/3400 loss=0.002104
  derivmatch lr=0.01 iter=3400/3400 loss=0.001514
  derivmatch lr=0.01 iter=3400/3400 loss=0.001514
  derivmatch lr=0.003 iter=125/2500 loss=0.001251
  derivmatch lr=0.003 iter=250/2500 loss=0.001014
  derivmatch lr=0.003 iter=375/2500 loss=0.0008557
  derivmatch lr=0.003 iter=500/2500 loss=0.0009304
  derivmatch lr=0.003 iter=625/2500 loss=0.0009046
  derivmatch lr=0.003 iter=750/2500 loss=0.0008424
  derivmatch lr=0.003 iter=875/2500 loss=0.0008037
  derivmatch lr=0.003 iter=1000/2500 loss=0.0006869
  derivmatch lr=0.003 iter=1125/2500 loss=0.0006149
  derivmatch lr=0.003 iter=1250/2500 loss=0.0005114
  derivmatch lr=0.003 iter=1375/2500 loss=0.0004447
  derivmatch lr=0.003 iter=1500/2500 loss=0.0004073
  derivmatch lr=0.003 iter=1625/2500 loss=0.0003842
  derivmatch lr=0.003 iter=1750/2500 loss=0.0003658
  derivmatch lr=0.003 iter=1875/2500 loss=0.0003676
  derivmatch lr=0.003 iter=2000/2500 loss=0.0003557
  derivmatch lr=0.003 iter=2125/2500 loss=0.000389
  derivmatch lr=0.003 iter=2250/2500 loss=0.0004214
  derivmatch lr=0.003 iter=2375/2500 loss=0.0003713
  derivmatch lr=0.003 iter=2500/2500 loss=0.0003772
  derivmatch lr=0.003 iter=2500/2500 loss=0.0002358
  derivmatch lr=0.001 iter=125/2500 loss=0.0002254
  derivmatch lr=0.001 iter=250/2500 loss=0.0002206
  derivmatch lr=0.001 iter=375/2500 loss=0.0002153
  derivmatch lr=0.001 iter=500/2500 loss=0.0002092
  derivmatch lr=0.001 iter=625/2500 loss=0.0002025
  derivmatch lr=0.001 iter=750/2500 loss=0.0001952
  derivmatch lr=0.001 iter=875/2500 loss=0.0001874
  derivmatch lr=0.001 iter=1000/2500 loss=0.0001792
  derivmatch lr=0.001 iter=1125/2500 loss=0.0001708
  derivmatch lr=0.001 iter=1250/2500 loss=0.0001621
  derivmatch lr=0.001 iter=1375/2500 loss=0.0001534
  derivmatch lr=0.001 iter=1500/2500 loss=0.0001451
  derivmatch lr=0.001 iter=1625/2500 loss=0.000137
  derivmatch lr=0.001 iter=1750/2500 loss=0.0001292
  derivmatch lr=0.001 iter=1875/2500 loss=0.0001217
  derivmatch lr=0.001 iter=2000/2500 loss=0.0001146
  derivmatch lr=0.001 iter=2125/2500 loss=0.0001082
  derivmatch lr=0.001 iter=2250/2500 loss=0.000102
  derivmatch lr=0.001 iter=2375/2500 loss=9.857e-5
  derivmatch lr=0.001 iter=2500/2500 loss=9.341e-5
  derivmatch lr=0.001 iter=2500/2500 loss=9.075e-5
  derivmatch lr=0.0003 iter=80/1600 loss=9.065e-5
  derivmatch lr=0.0003 iter=160/1600 loss=8.991e-5
  derivmatch lr=0.0003 iter=240/1600 loss=8.932e-5
  derivmatch lr=0.0003 iter=320/1600 loss=8.862e-5
  derivmatch lr=0.0003 iter=400/1600 loss=8.783e-5
  derivmatch lr=0.0003 iter=480/1600 loss=8.696e-5
  derivmatch lr=0.0003 iter=560/1600 loss=8.602e-5
  derivmatch lr=0.0003 iter=640/1600 loss=8.501e-5
  derivmatch lr=0.0003 iter=720/1600 loss=8.394e-5
  derivmatch lr=0.0003 iter=800/1600 loss=8.282e-5
  derivmatch lr=0.0003 iter=880/1600 loss=8.166e-5
  derivmatch lr=0.0003 iter=960/1600 loss=8.045e-5
  derivmatch lr=0.0003 iter=1040/1600 loss=7.92e-5
  derivmatch lr=0.0003 iter=1120/1600 loss=7.793e-5
  derivmatch lr=0.0003 iter=1200/1600 loss=7.662e-5
  derivmatch lr=0.0003 iter=1280/1600 loss=7.53e-5
  derivmatch lr=0.0003 iter=1360/1600 loss=7.395e-5
  derivmatch lr=0.0003 iter=1440/1600 loss=7.258e-5
  derivmatch lr=0.0003 iter=1520/1600 loss=7.12e-5
  derivmatch lr=0.0003 iter=1600/1600 loss=6.982e-5
  derivmatch lr=0.0003 iter=1600/1600 loss=6.982e-5
derivative matching [34s]  fitloss=6.98e-5
  [derivative matching]  nrmse=0.004139  l2=0.0269
  shooting iter=50/1000 loss=0.001107
  shooting iter=100/1000 loss=0.001776
  shooting iter=150/1000 loss=0.0008655
  shooting iter=200/1000 loss=0.001064
  shooting iter=250/1000 loss=0.000633
  shooting iter=300/1000 loss=0.001196
  shooting iter=350/1000 loss=0.00119
  shooting iter=400/1000 loss=0.001872
  shooting iter=450/1000 loss=0.0008937
  shooting iter=500/1000 loss=0.001563
  shooting iter=550/1000 loss=0.001165
  shooting iter=600/1000 loss=0.001928
  shooting iter=650/1000 loss=0.001544
  shooting iter=700/1000 loss=0.00148
  shooting iter=750/1000 loss=0.0008809
  shooting iter=800/1000 loss=0.001189
  shooting iter=850/1000 loss=0.001963
  shooting iter=900/1000 loss=0.001116
  shooting iter=950/1000 loss=0.0005308
  shooting iter=1000/1000 loss=0.001171
  shooting iter=1000/1000 loss=0.0002959
shooting [559s]  loss=0.000296
  [final]  nrmse=0.0005371  l2=0.002687
extrapolation window: T=1000.0 -> T_test=1.0e12  n_test=100
  [train]  E_traj=1.136e-6  E_VF=0.001966  E_spec=3.8559999999999997e27
  [test ]  E_traj=0.8138  E_VF=2.702e12  E_spec=7.266e23
saved /orcd/home/002/txenakis/projects/BVPsolver/src/../data/runs/run_lyBayjK6/rober_fit.png
saved /orcd/home/002/txenakis/projects/BVPsolver/src/../data/runs/run_lyBayjK6/rober_fit_extrapolated.png
saved /orcd/home/002/txenakis/projects/BVPsolver/src/../data/runs/run_lyBayjK6/rober_spectral_fit_extrapolated.png
saved /orcd/home/002/txenakis/projects/BVPsolver/src/../data/runs/run_lyBayjK6/rober_vf_fit_extrapolated.png
┌ Warning: Attempting to store StiffNN.var"#12#13"{Float64, Float64, Float64}.
│ JLD2 only stores functions by name.
│  This may not be useful for anonymous functions.
└ @ JLD2 ~/.julia/packages/JLD2/ADycq/src/data/writing_datatypes.jl:447
saved run → /orcd/home/002/txenakis/projects/BVPsolver/src/../data/runs/run_lyBayjK6
