orego  model=stiff width=16 d=3 tlen=112 profile=fast seed=106  solver=Rodas5  N=486
  derivmatch lr=0.01 iter=170/3400 loss=0.07093
  derivmatch lr=0.01 iter=340/3400 loss=0.02885
  derivmatch lr=0.01 iter=510/3400 loss=0.01451
  derivmatch lr=0.01 iter=680/3400 loss=0.01112
  derivmatch lr=0.01 iter=850/3400 loss=0.009282
  derivmatch lr=0.01 iter=1020/3400 loss=0.007167
  derivmatch lr=0.01 iter=1190/3400 loss=0.005819
  derivmatch lr=0.01 iter=1360/3400 loss=0.005004
  derivmatch lr=0.01 iter=1530/3400 loss=0.004359
  derivmatch lr=0.01 iter=1700/3400 loss=0.003789
  derivmatch lr=0.01 iter=1870/3400 loss=0.003468
  derivmatch lr=0.01 iter=2040/3400 loss=0.003057
  derivmatch lr=0.01 iter=2210/3400 loss=0.002663
  derivmatch lr=0.01 iter=2380/3400 loss=0.002317
  derivmatch lr=0.01 iter=2550/3400 loss=0.002041
  derivmatch lr=0.01 iter=2720/3400 loss=0.001826
  derivmatch lr=0.01 iter=2890/3400 loss=0.001659
  derivmatch lr=0.01 iter=3060/3400 loss=0.001526
  derivmatch lr=0.01 iter=3230/3400 loss=0.001418
  derivmatch lr=0.01 iter=3400/3400 loss=0.001328
  derivmatch lr=0.01 iter=3400/3400 loss=0.001152
  derivmatch lr=0.003 iter=125/2500 loss=0.0009092
  derivmatch lr=0.003 iter=250/2500 loss=0.0008402
  derivmatch lr=0.003 iter=375/2500 loss=0.0007734
  derivmatch lr=0.003 iter=500/2500 loss=0.000711
  derivmatch lr=0.003 iter=625/2500 loss=0.000651
  derivmatch lr=0.003 iter=750/2500 loss=0.0006354
  derivmatch lr=0.003 iter=875/2500 loss=0.0005866
  derivmatch lr=0.003 iter=1000/2500 loss=0.0005475
  derivmatch lr=0.003 iter=1125/2500 loss=0.0005077
  derivmatch lr=0.003 iter=1250/2500 loss=0.000466
  derivmatch lr=0.003 iter=1375/2500 loss=0.000422
  derivmatch lr=0.003 iter=1500/2500 loss=0.0004311
  derivmatch lr=0.003 iter=1625/2500 loss=0.0004272
  derivmatch lr=0.003 iter=1750/2500 loss=0.000377
  derivmatch lr=0.003 iter=1875/2500 loss=0.0003794
  derivmatch lr=0.003 iter=2000/2500 loss=0.0003308
  derivmatch lr=0.003 iter=2125/2500 loss=0.0003388
  derivmatch lr=0.003 iter=2250/2500 loss=0.0002955
  derivmatch lr=0.003 iter=2375/2500 loss=0.0003065
  derivmatch lr=0.003 iter=2500/2500 loss=0.000269
  derivmatch lr=0.003 iter=2500/2500 loss=0.000269
  derivmatch lr=0.001 iter=125/2500 loss=0.0002071
  derivmatch lr=0.001 iter=250/2500 loss=0.0002014
  derivmatch lr=0.001 iter=375/2500 loss=0.0001956
  derivmatch lr=0.001 iter=500/2500 loss=0.0001897
  derivmatch lr=0.001 iter=625/2500 loss=0.0001838
  derivmatch lr=0.001 iter=750/2500 loss=0.002416
  derivmatch lr=0.001 iter=875/2500 loss=0.0001782
  derivmatch lr=0.001 iter=1000/2500 loss=0.0001735
  derivmatch lr=0.001 iter=1125/2500 loss=0.0001697
  derivmatch lr=0.001 iter=1250/2500 loss=0.000166
  derivmatch lr=0.001 iter=1375/2500 loss=0.0001624
  derivmatch lr=0.001 iter=1500/2500 loss=0.0001588
  derivmatch lr=0.001 iter=1625/2500 loss=0.0001551
  derivmatch lr=0.001 iter=1750/2500 loss=0.0001515
  derivmatch lr=0.001 iter=1875/2500 loss=0.0001479
  derivmatch lr=0.001 iter=2000/2500 loss=0.0001449
  derivmatch lr=0.001 iter=2125/2500 loss=0.0001451
  derivmatch lr=0.001 iter=2250/2500 loss=0.0001408
  derivmatch lr=0.001 iter=2375/2500 loss=0.0001364
  derivmatch lr=0.001 iter=2500/2500 loss=0.0001377
  derivmatch lr=0.001 iter=2500/2500 loss=0.0001338
  derivmatch lr=0.0003 iter=80/1600 loss=0.0001334
  derivmatch lr=0.0003 iter=160/1600 loss=0.000133
  derivmatch lr=0.0003 iter=240/1600 loss=0.0001325
  derivmatch lr=0.0003 iter=320/1600 loss=0.000132
  derivmatch lr=0.0003 iter=400/1600 loss=0.0001314
  derivmatch lr=0.0003 iter=480/1600 loss=0.0001307
  derivmatch lr=0.0003 iter=560/1600 loss=0.00013
  derivmatch lr=0.0003 iter=640/1600 loss=0.0001292
  derivmatch lr=0.0003 iter=720/1600 loss=0.0001284
  derivmatch lr=0.0003 iter=800/1600 loss=0.0001276
  derivmatch lr=0.0003 iter=880/1600 loss=0.0001267
  derivmatch lr=0.0003 iter=960/1600 loss=0.0001259
  derivmatch lr=0.0003 iter=1040/1600 loss=0.0001249
  derivmatch lr=0.0003 iter=1120/1600 loss=0.000124
  derivmatch lr=0.0003 iter=1200/1600 loss=0.000123
  derivmatch lr=0.0003 iter=1280/1600 loss=0.0001221
  derivmatch lr=0.0003 iter=1360/1600 loss=0.0001213
  derivmatch lr=0.0003 iter=1440/1600 loss=0.0001204
  derivmatch lr=0.0003 iter=1520/1600 loss=0.0001195
  derivmatch lr=0.0003 iter=1600/1600 loss=0.0001185
  derivmatch lr=0.0003 iter=1600/1600 loss=0.0001185
derivative matching [41s]  fitloss=0.000119
  [derivative matching]  nrmse=0.5982  l2=526100.0
  shooting iter=50/1000 loss=0.2331
  shooting iter=100/1000 loss=0.2253
  shooting iter=150/1000 loss=0.2226
  shooting iter=200/1000 loss=0.221
  shooting iter=250/1000 loss=0.2194
  shooting iter=300/1000 loss=0.2176
  shooting iter=350/1000 loss=0.2159
  shooting iter=400/1000 loss=0.2089
  shooting iter=450/1000 loss=0.2088
  shooting iter=500/1000 loss=0.1922
  shooting iter=550/1000 loss=0.159
  shooting iter=600/1000 loss=0.1294
  shooting iter=650/1000 loss=0.1152
  shooting iter=700/1000 loss=0.1067
  shooting iter=750/1000 loss=0.08994
  shooting iter=800/1000 loss=0.08446
  shooting iter=850/1000 loss=0.2168
  shooting iter=900/1000 loss=0.1038
