vanderpol  model=GELU-scaled width=7 d=2 tlen=151 profile=fast seed=500  solver=Kvaerno5  N=317
  derivmatch lr=0.01 iter=170/3400 loss=2.886
  derivmatch lr=0.01 iter=340/3400 loss=2.433
  derivmatch lr=0.01 iter=510/3400 loss=2.266
  derivmatch lr=0.01 iter=680/3400 loss=1.311
  derivmatch lr=0.01 iter=850/3400 loss=1.186
  derivmatch lr=0.01 iter=1020/3400 loss=0.8133
  derivmatch lr=0.01 iter=1190/3400 loss=0.8293
  derivmatch lr=0.01 iter=1360/3400 loss=1.758
  derivmatch lr=0.01 iter=1530/3400 loss=0.4522
  derivmatch lr=0.01 iter=1700/3400 loss=0.316
  derivmatch lr=0.01 iter=1870/3400 loss=0.2425
  derivmatch lr=0.01 iter=2040/3400 loss=0.1806
  derivmatch lr=0.01 iter=2210/3400 loss=0.1395
  derivmatch lr=0.01 iter=2380/3400 loss=0.127
  derivmatch lr=0.01 iter=2550/3400 loss=0.08972
  derivmatch lr=0.01 iter=2720/3400 loss=0.08322
  derivmatch lr=0.01 iter=2890/3400 loss=0.07027
  derivmatch lr=0.01 iter=3060/3400 loss=0.06138
  derivmatch lr=0.01 iter=3230/3400 loss=0.05355
  derivmatch lr=0.01 iter=3400/3400 loss=0.04768
  derivmatch lr=0.01 iter=3400/3400 loss=0.04768
  derivmatch lr=0.003 iter=125/2500 loss=0.03505
  derivmatch lr=0.003 iter=250/2500 loss=0.03229
  derivmatch lr=0.003 iter=375/2500 loss=0.02967
  derivmatch lr=0.003 iter=500/2500 loss=0.02709
  derivmatch lr=0.003 iter=625/2500 loss=0.02459
  derivmatch lr=0.003 iter=750/2500 loss=0.02223
  derivmatch lr=0.003 iter=875/2500 loss=0.02001
  derivmatch lr=0.003 iter=1000/2500 loss=0.01793
  derivmatch lr=0.003 iter=1125/2500 loss=0.017
  derivmatch lr=0.003 iter=1250/2500 loss=0.01468
  derivmatch lr=0.003 iter=1375/2500 loss=0.01352
  derivmatch lr=0.003 iter=1500/2500 loss=0.01611
  derivmatch lr=0.003 iter=1625/2500 loss=0.01286
  derivmatch lr=0.003 iter=1750/2500 loss=0.01109
  derivmatch lr=0.003 iter=1875/2500 loss=0.01292
  derivmatch lr=0.003 iter=2000/2500 loss=0.009525
  derivmatch lr=0.003 iter=2125/2500 loss=0.009098
  derivmatch lr=0.003 iter=2250/2500 loss=0.009054
  derivmatch lr=0.003 iter=2375/2500 loss=0.008284
  derivmatch lr=0.003 iter=2500/2500 loss=0.008311
  derivmatch lr=0.003 iter=2500/2500 loss=0.007542
  derivmatch lr=0.001 iter=125/2500 loss=0.007381
  derivmatch lr=0.001 iter=250/2500 loss=0.007149
  derivmatch lr=0.001 iter=375/2500 loss=0.006877
  derivmatch lr=0.001 iter=500/2500 loss=0.006585
  derivmatch lr=0.001 iter=625/2500 loss=0.006289
  derivmatch lr=0.001 iter=750/2500 loss=0.006
  derivmatch lr=0.001 iter=875/2500 loss=0.005722
  derivmatch lr=0.001 iter=1000/2500 loss=0.005458
  derivmatch lr=0.001 iter=1125/2500 loss=0.005208
  derivmatch lr=0.001 iter=1250/2500 loss=0.00497
  derivmatch lr=0.001 iter=1375/2500 loss=0.004746
  derivmatch lr=0.001 iter=1500/2500 loss=0.004533
  derivmatch lr=0.001 iter=1625/2500 loss=0.004423
  derivmatch lr=0.001 iter=1750/2500 loss=0.004187
  derivmatch lr=0.001 iter=1875/2500 loss=0.004033
  derivmatch lr=0.001 iter=2000/2500 loss=0.003879
  derivmatch lr=0.001 iter=2125/2500 loss=0.003744
  derivmatch lr=0.001 iter=2250/2500 loss=0.003612
  derivmatch lr=0.001 iter=2375/2500 loss=0.003506
  derivmatch lr=0.001 iter=2500/2500 loss=0.003369
  derivmatch lr=0.001 iter=2500/2500 loss=0.003369
  derivmatch lr=0.0003 iter=80/1600 loss=0.00336
  derivmatch lr=0.0003 iter=160/1600 loss=0.003345
  derivmatch lr=0.0003 iter=240/1600 loss=0.003329
  derivmatch lr=0.0003 iter=320/1600 loss=0.003309
  derivmatch lr=0.0003 iter=400/1600 loss=0.003285
  derivmatch lr=0.0003 iter=480/1600 loss=0.003256
  derivmatch lr=0.0003 iter=560/1600 loss=0.003226
  derivmatch lr=0.0003 iter=640/1600 loss=0.003194
  derivmatch lr=0.0003 iter=720/1600 loss=0.003163
  derivmatch lr=0.0003 iter=800/1600 loss=0.003131
  derivmatch lr=0.0003 iter=880/1600 loss=0.003099
  derivmatch lr=0.0003 iter=960/1600 loss=0.003066
  derivmatch lr=0.0003 iter=1040/1600 loss=0.003032
  derivmatch lr=0.0003 iter=1120/1600 loss=0.002999
  derivmatch lr=0.0003 iter=1200/1600 loss=0.002965
  derivmatch lr=0.0003 iter=1280/1600 loss=0.00293
  derivmatch lr=0.0003 iter=1360/1600 loss=0.002896
  derivmatch lr=0.0003 iter=1440/1600 loss=0.002861
  derivmatch lr=0.0003 iter=1520/1600 loss=0.002827
  derivmatch lr=0.0003 iter=1600/1600 loss=0.002792
  derivmatch lr=0.0003 iter=1600/1600 loss=0.002792
derivative matching [31s]  fitloss=0.00279
  [derivative matching]  nrmse=0.3922  l2=325.5
  shooting iter=50/1000 loss=0.2519
  shooting iter=100/1000 loss=0.1711
  shooting iter=150/1000 loss=0.1694
  shooting iter=200/1000 loss=0.1634
  shooting iter=250/1000 loss=0.1666
  shooting iter=300/1000 loss=0.1682
  shooting iter=350/1000 loss=0.1649
  shooting iter=400/1000 loss=0.1649
  shooting iter=450/1000 loss=0.1691
  shooting iter=500/1000 loss=0.1679
  shooting iter=550/1000 loss=0.1641
  shooting iter=600/1000 loss=0.1637
  shooting iter=650/1000 loss=0.1682
  shooting iter=700/1000 loss=0.1631
  shooting iter=750/1000 loss=0.1638
  shooting iter=800/1000 loss=0.1682
  shooting iter=850/1000 loss=0.1693
  shooting iter=900/1000 loss=0.1698
  shooting iter=950/1000 loss=0.1664
  shooting iter=1000/1000 loss=0.1692
  shooting iter=1000/1000 loss=0.1472
shooting [938s]  loss=0.147
  [final]  nrmse=0.248  l2=323.6
extrapolation window: T=200.0 -> T_test=400.0  n_test=302
  [train]  E_traj=0.8474  E_VF=3.119  E_spec=0.8793
  [test ]  E_traj=1.283  E_VF=207200.0  E_spec=0.6285
saved /orcd/home/002/txenakis/projects/BVPsolver/src/../data/runs/run_AsFYyztz/vanderpol_fit.png
saved /orcd/home/002/txenakis/projects/BVPsolver/src/../data/runs/run_AsFYyztz/vanderpol_fit_extrapolated.png
saved /orcd/home/002/txenakis/projects/BVPsolver/src/../data/runs/run_AsFYyztz/vanderpol_spectral_fit_extrapolated.png
saved /orcd/home/002/txenakis/projects/BVPsolver/src/../data/runs/run_AsFYyztz/vanderpol_vf_fit_extrapolated.png
saved /orcd/home/002/txenakis/projects/BVPsolver/src/../data/runs/run_AsFYyztz/vanderpol_sensitivity_vs_stiffness_derivmatch.png
saved /orcd/home/002/txenakis/projects/BVPsolver/src/../data/runs/run_AsFYyztz/vanderpol_sensitivity_vs_stiffness_shooting.png
┌ Warning: Attempting to store StiffNN.var"#14#15"{Float64}.
│ JLD2 only stores functions by name.
│  This may not be useful for anonymous functions.
└ @ JLD2 ~/.julia/packages/JLD2/ADycq/src/data/writing_datatypes.jl:447
saved run → /orcd/home/002/txenakis/projects/BVPsolver/src/../data/runs/run_AsFYyztz
