davis-skodje  model=GELU-scaled width=7 d=2 tlen=300 profile=fast seed=46  solver=Rodas5P  N=317
  derivmatch lr=0.01 iter=170/3400 loss=0.4577
  derivmatch lr=0.01 iter=340/3400 loss=0.3111
  derivmatch lr=0.01 iter=510/3400 loss=0.1968
  derivmatch lr=0.01 iter=680/3400 loss=0.03085
  derivmatch lr=0.01 iter=850/3400 loss=0.02969
  derivmatch lr=0.01 iter=1020/3400 loss=0.00948
  derivmatch lr=0.01 iter=1190/3400 loss=0.01095
  derivmatch lr=0.01 iter=1360/3400 loss=0.02006
  derivmatch lr=0.01 iter=1530/3400 loss=0.006334
  derivmatch lr=0.01 iter=1700/3400 loss=0.008349
  derivmatch lr=0.01 iter=1870/3400 loss=0.01552
  derivmatch lr=0.01 iter=2040/3400 loss=0.004558
  derivmatch lr=0.01 iter=2210/3400 loss=0.006646
  derivmatch lr=0.01 iter=2380/3400 loss=0.01237
  derivmatch lr=0.01 iter=2550/3400 loss=0.003361
  derivmatch lr=0.01 iter=2720/3400 loss=0.005858
  derivmatch lr=0.01 iter=2890/3400 loss=0.01032
  derivmatch lr=0.01 iter=3060/3400 loss=0.00276
  derivmatch lr=0.01 iter=3230/3400 loss=0.004927
  derivmatch lr=0.01 iter=3400/3400 loss=0.008668
  derivmatch lr=0.01 iter=3400/3400 loss=0.002441
  derivmatch lr=0.003 iter=125/2500 loss=0.0008436
  derivmatch lr=0.003 iter=250/2500 loss=0.0005154
  derivmatch lr=0.003 iter=375/2500 loss=0.0003771
  derivmatch lr=0.003 iter=500/2500 loss=0.0002836
  derivmatch lr=0.003 iter=625/2500 loss=0.0005196
  derivmatch lr=0.003 iter=750/2500 loss=0.0003793
  derivmatch lr=0.003 iter=875/2500 loss=0.00028
  derivmatch lr=0.003 iter=1000/2500 loss=0.0001897
  derivmatch lr=0.003 iter=1125/2500 loss=0.001853
  derivmatch lr=0.003 iter=1250/2500 loss=0.0001474
  derivmatch lr=0.003 iter=1375/2500 loss=0.001063
  derivmatch lr=0.003 iter=1500/2500 loss=0.0002181
  derivmatch lr=0.003 iter=1625/2500 loss=0.0007906
  derivmatch lr=0.003 iter=1750/2500 loss=0.0007099
  derivmatch lr=0.003 iter=1875/2500 loss=0.0006129
  derivmatch lr=0.003 iter=2000/2500 loss=0.0006005
  derivmatch lr=0.003 iter=2125/2500 loss=0.0006182
  derivmatch lr=0.003 iter=2250/2500 loss=0.0005747
  derivmatch lr=0.003 iter=2375/2500 loss=0.0005322
  derivmatch lr=0.003 iter=2500/2500 loss=0.0006663
  derivmatch lr=0.003 iter=2500/2500 loss=0.000121
  derivmatch lr=0.001 iter=125/2500 loss=0.0001212
  derivmatch lr=0.001 iter=250/2500 loss=0.0001047
  derivmatch lr=0.001 iter=375/2500 loss=9.624e-5
  derivmatch lr=0.001 iter=500/2500 loss=8.863e-5
  derivmatch lr=0.001 iter=625/2500 loss=8.141e-5
  derivmatch lr=0.001 iter=750/2500 loss=7.462e-5
  derivmatch lr=0.001 iter=875/2500 loss=6.834e-5
  derivmatch lr=0.001 iter=1000/2500 loss=6.263e-5
  derivmatch lr=0.001 iter=1125/2500 loss=5.748e-5
  derivmatch lr=0.001 iter=1250/2500 loss=5.289e-5
  derivmatch lr=0.001 iter=1375/2500 loss=4.881e-5
  derivmatch lr=0.001 iter=1500/2500 loss=4.707e-5
  derivmatch lr=0.001 iter=1625/2500 loss=4.353e-5
  derivmatch lr=0.001 iter=1750/2500 loss=4.211e-5
  derivmatch lr=0.001 iter=1875/2500 loss=4.479e-5
  derivmatch lr=0.001 iter=2000/2500 loss=3.87e-5
  derivmatch lr=0.001 iter=2125/2500 loss=0.0004272
  derivmatch lr=0.001 iter=2250/2500 loss=5.242e-5
  derivmatch lr=0.001 iter=2375/2500 loss=4.896e-5
  derivmatch lr=0.001 iter=2500/2500 loss=7.952e-5
  derivmatch lr=0.001 iter=2500/2500 loss=3.302e-5
  derivmatch lr=0.0003 iter=80/1600 loss=3.44e-5
  derivmatch lr=0.0003 iter=160/1600 loss=3.223e-5
  derivmatch lr=0.0003 iter=240/1600 loss=3.198e-5
  derivmatch lr=0.0003 iter=320/1600 loss=3.175e-5
  derivmatch lr=0.0003 iter=400/1600 loss=3.151e-5
  derivmatch lr=0.0003 iter=480/1600 loss=3.126e-5
  derivmatch lr=0.0003 iter=560/1600 loss=3.098e-5
  derivmatch lr=0.0003 iter=640/1600 loss=3.069e-5
  derivmatch lr=0.0003 iter=720/1600 loss=3.039e-5
  derivmatch lr=0.0003 iter=800/1600 loss=3.007e-5
  derivmatch lr=0.0003 iter=880/1600 loss=2.975e-5
  derivmatch lr=0.0003 iter=960/1600 loss=2.941e-5
  derivmatch lr=0.0003 iter=1040/1600 loss=2.907e-5
  derivmatch lr=0.0003 iter=1120/1600 loss=2.871e-5
  derivmatch lr=0.0003 iter=1200/1600 loss=2.836e-5
  derivmatch lr=0.0003 iter=1280/1600 loss=2.799e-5
  derivmatch lr=0.0003 iter=1360/1600 loss=2.763e-5
  derivmatch lr=0.0003 iter=1440/1600 loss=2.725e-5
  derivmatch lr=0.0003 iter=1520/1600 loss=2.688e-5
  derivmatch lr=0.0003 iter=1600/1600 loss=2.65e-5
  derivmatch lr=0.0003 iter=1600/1600 loss=2.65e-5
derivative matching [28s]  fitloss=2.65e-5
  [derivative matching]  nrmse=0.0003496  l2=0.01643
  shooting iter=50/1000 loss=0.005014
  shooting iter=100/1000 loss=0.003074
  shooting iter=150/1000 loss=0.0007874
  shooting iter=200/1000 loss=0.002019
  shooting iter=250/1000 loss=0.0008884
  shooting iter=300/1000 loss=0.00191
  shooting iter=350/1000 loss=0.00115
  shooting iter=400/1000 loss=0.001836
  shooting iter=450/1000 loss=0.00125
  shooting iter=500/1000 loss=0.0004997
  shooting iter=550/1000 loss=0.001608
  shooting iter=600/1000 loss=0.001735
  shooting iter=650/1000 loss=0.0008736
  shooting iter=700/1000 loss=0.0004123
  shooting iter=750/1000 loss=0.0004252
  shooting iter=800/1000 loss=0.001108
  shooting iter=850/1000 loss=0.001174
  shooting iter=900/1000 loss=0.0007106
  shooting iter=950/1000 loss=0.0005903
  shooting iter=1000/1000 loss=0.0005997
  shooting iter=1000/1000 loss=0.0001486
shooting [372s]  loss=0.000149
  [final]  nrmse=0.0003496  l2=0.01643
extrapolation window: T=15.0 -> T_test=30.0  n_test=600
  [train]  E_traj=2.337e-7  E_VF=6.424e-6  E_spec=0.2692
  [test ]  E_traj=2.48e6  E_VF=238200.0  E_spec=0.9052
saved /orcd/home/002/txenakis/projects/BVPsolver/src/../data/runs/run_YP25WSwu/davis-skodje_fit.png
saved /orcd/home/002/txenakis/projects/BVPsolver/src/../data/runs/run_YP25WSwu/davis-skodje_fit_extrapolated.png
saved /orcd/home/002/txenakis/projects/BVPsolver/src/../data/runs/run_YP25WSwu/davis-skodje_spectral_fit_extrapolated.png
saved /orcd/home/002/txenakis/projects/BVPsolver/src/../data/runs/run_YP25WSwu/davis-skodje_vf_fit_extrapolated.png
┌ Warning: Attempting to store StiffNN.var"#22#23"{Float64}.
│ JLD2 only stores functions by name.
│  This may not be useful for anonymous functions.
└ @ JLD2 ~/.julia/packages/JLD2/ADycq/src/data/writing_datatypes.jl:447
saved run → /orcd/home/002/txenakis/projects/BVPsolver/src/../data/runs/run_YP25WSwu
