rober  model=stiff width=12 d=3 tlen=50 profile=fast seed=143  solver=Rodas5  N=318
  derivmatch lr=0.01 iter=170/3400 loss=0.2909
  derivmatch lr=0.01 iter=340/3400 loss=0.1567
  derivmatch lr=0.01 iter=510/3400 loss=0.1857
  derivmatch lr=0.01 iter=680/3400 loss=0.06114
  derivmatch lr=0.01 iter=850/3400 loss=0.05393
  derivmatch lr=0.01 iter=1020/3400 loss=0.0439
  derivmatch lr=0.01 iter=1190/3400 loss=0.03303
  derivmatch lr=0.01 iter=1360/3400 loss=0.03369
  derivmatch lr=0.01 iter=1530/3400 loss=0.02319
  derivmatch lr=0.01 iter=1700/3400 loss=0.02508
  derivmatch lr=0.01 iter=1870/3400 loss=0.01588
  derivmatch lr=0.01 iter=2040/3400 loss=0.01473
  derivmatch lr=0.01 iter=2210/3400 loss=0.01727
  derivmatch lr=0.01 iter=2380/3400 loss=0.01688
  derivmatch lr=0.01 iter=2550/3400 loss=0.008131
  derivmatch lr=0.01 iter=2720/3400 loss=0.007376
  derivmatch lr=0.01 iter=2890/3400 loss=0.005803
  derivmatch lr=0.01 iter=3060/3400 loss=0.005046
  derivmatch lr=0.01 iter=3230/3400 loss=0.00412
  derivmatch lr=0.01 iter=3400/3400 loss=0.00902
  derivmatch lr=0.01 iter=3400/3400 loss=0.003689
  derivmatch lr=0.003 iter=125/2500 loss=0.003365
  derivmatch lr=0.003 iter=250/2500 loss=0.002713
  derivmatch lr=0.003 iter=375/2500 loss=0.002324
  derivmatch lr=0.003 iter=500/2500 loss=0.002023
  derivmatch lr=0.003 iter=625/2500 loss=0.001773
  derivmatch lr=0.003 iter=750/2500 loss=0.001562
  derivmatch lr=0.003 iter=875/2500 loss=0.001385
  derivmatch lr=0.003 iter=1000/2500 loss=0.001236
  derivmatch lr=0.003 iter=1125/2500 loss=0.001107
  derivmatch lr=0.003 iter=1250/2500 loss=0.001001
  derivmatch lr=0.003 iter=1375/2500 loss=0.001381
  derivmatch lr=0.003 iter=1500/2500 loss=0.0008599
  derivmatch lr=0.003 iter=1625/2500 loss=0.0009045
  derivmatch lr=0.003 iter=1750/2500 loss=0.0006784
  derivmatch lr=0.003 iter=1875/2500 loss=0.0006811
  derivmatch lr=0.003 iter=2000/2500 loss=0.0007282
  derivmatch lr=0.003 iter=2125/2500 loss=0.000589
  derivmatch lr=0.003 iter=2250/2500 loss=0.0005273
  derivmatch lr=0.003 iter=2375/2500 loss=0.0004727
  derivmatch lr=0.003 iter=2500/2500 loss=0.0004347
  derivmatch lr=0.003 iter=2500/2500 loss=0.0004222
  derivmatch lr=0.001 iter=125/2500 loss=0.000418
  derivmatch lr=0.001 iter=250/2500 loss=0.0004045
  derivmatch lr=0.001 iter=375/2500 loss=0.0003921
  derivmatch lr=0.001 iter=500/2500 loss=0.0003783
  derivmatch lr=0.001 iter=625/2500 loss=0.0003634
  derivmatch lr=0.001 iter=750/2500 loss=0.0003478
  derivmatch lr=0.001 iter=875/2500 loss=0.0003319
  derivmatch lr=0.001 iter=1000/2500 loss=0.0003158
  derivmatch lr=0.001 iter=1125/2500 loss=0.0002998
  derivmatch lr=0.001 iter=1250/2500 loss=0.000284
  derivmatch lr=0.001 iter=1375/2500 loss=0.0002686
  derivmatch lr=0.001 iter=1500/2500 loss=0.0002536
  derivmatch lr=0.001 iter=1625/2500 loss=0.000239
  derivmatch lr=0.001 iter=1750/2500 loss=0.0003067
  derivmatch lr=0.001 iter=1875/2500 loss=0.0002138
  derivmatch lr=0.001 iter=2000/2500 loss=0.0002027
  derivmatch lr=0.001 iter=2125/2500 loss=0.0001923
  derivmatch lr=0.001 iter=2250/2500 loss=0.0001838
  derivmatch lr=0.001 iter=2375/2500 loss=0.0001739
  derivmatch lr=0.001 iter=2500/2500 loss=0.0002063
  derivmatch lr=0.001 iter=2500/2500 loss=0.0001666
  derivmatch lr=0.0003 iter=80/1600 loss=0.0001664
  derivmatch lr=0.0003 iter=160/1600 loss=0.0001647
  derivmatch lr=0.0003 iter=240/1600 loss=0.0001635
  derivmatch lr=0.0003 iter=320/1600 loss=0.000162
  derivmatch lr=0.0003 iter=400/1600 loss=0.0001603
  derivmatch lr=0.0003 iter=480/1600 loss=0.0001585
  derivmatch lr=0.0003 iter=560/1600 loss=0.0001566
  derivmatch lr=0.0003 iter=640/1600 loss=0.0001546
  derivmatch lr=0.0003 iter=720/1600 loss=0.0001524
  derivmatch lr=0.0003 iter=800/1600 loss=0.0001502
  derivmatch lr=0.0003 iter=880/1600 loss=0.0001479
  derivmatch lr=0.0003 iter=960/1600 loss=0.0001456
  derivmatch lr=0.0003 iter=1040/1600 loss=0.0001432
  derivmatch lr=0.0003 iter=1120/1600 loss=0.0001408
  derivmatch lr=0.0003 iter=1200/1600 loss=0.0001383
  derivmatch lr=0.0003 iter=1280/1600 loss=0.0001359
  derivmatch lr=0.0003 iter=1360/1600 loss=0.0001334
  derivmatch lr=0.0003 iter=1440/1600 loss=0.000131
  derivmatch lr=0.0003 iter=1520/1600 loss=0.0001285
  derivmatch lr=0.0003 iter=1600/1600 loss=0.0001261
  derivmatch lr=0.0003 iter=1600/1600 loss=0.0001261
derivative matching [28s]  fitloss=0.000126
  [derivative matching]  nrmse=0.004008  l2=0.02668
  shooting iter=50/1000 loss=0.00238
  shooting iter=100/1000 loss=0.0009716
  shooting iter=150/1000 loss=0.001478
  shooting iter=200/1000 loss=0.00161
  shooting iter=250/1000 loss=0.0005811
  shooting iter=300/1000 loss=0.001928
  shooting iter=350/1000 loss=0.00251
  shooting iter=400/1000 loss=0.0005939
  shooting iter=450/1000 loss=0.001643
  shooting iter=500/1000 loss=0.0008062
  shooting iter=550/1000 loss=0.0009088
  shooting iter=600/1000 loss=0.001144
  shooting iter=650/1000 loss=0.001808
  shooting iter=700/1000 loss=0.001671
  shooting iter=750/1000 loss=0.0009956
  shooting iter=800/1000 loss=0.001058
  shooting iter=850/1000 loss=0.001817
  shooting iter=900/1000 loss=0.00055
  shooting iter=950/1000 loss=0.0009404
  shooting iter=1000/1000 loss=0.001566
  shooting iter=1000/1000 loss=0.0004047
shooting [521s]  loss=0.000405
  [final]  nrmse=0.0007738  l2=0.002962
extrapolation window: T=1000.0 -> T_test=1.0e12  n_test=100
  [train]  E_traj=1.988e-6  E_VF=0.001338  E_spec=9.134e26
  [test ]  E_traj=3525.0  E_VF=5.576e8  E_spec=1.321e24
saved /orcd/home/002/txenakis/projects/BVPsolver/src/../data/runs/run_UOtJuZMp/rober_fit.png
saved /orcd/home/002/txenakis/projects/BVPsolver/src/../data/runs/run_UOtJuZMp/rober_fit_extrapolated.png
saved /orcd/home/002/txenakis/projects/BVPsolver/src/../data/runs/run_UOtJuZMp/rober_spectral_fit_extrapolated.png
saved /orcd/home/002/txenakis/projects/BVPsolver/src/../data/runs/run_UOtJuZMp/rober_vf_fit_extrapolated.png
┌ Warning: Attempting to store StiffNN.var"#12#13"{Float64, Float64, Float64}.
│ JLD2 only stores functions by name.
│  This may not be useful for anonymous functions.
└ @ JLD2 ~/.julia/packages/JLD2/ADycq/src/data/writing_datatypes.jl:447
saved run → /orcd/home/002/txenakis/projects/BVPsolver/src/../data/runs/run_UOtJuZMp
