┌ Warning: Verbosity toggle: dt_epsilon 
│  Initial timestep too small (near machine epsilon), using default: dt = 1.0e-6
└ @ OrdinaryDiffEqCore ~/.julia/packages/OrdinaryDiffEqCore/NVUZl/src/initdt.jl:222
pollu  model=stiff width=32 d=20 tlen=50 profile=fast seed=28  solver=Rodas5  N=4744
  derivmatch lr=0.01 iter=510/10200 loss=0.03759
  derivmatch lr=0.01 iter=1020/10200 loss=0.01244
  derivmatch lr=0.01 iter=1530/10200 loss=0.006508
  derivmatch lr=0.01 iter=2040/10200 loss=0.009356
  derivmatch lr=0.01 iter=2550/10200 loss=0.01107
  derivmatch lr=0.01 iter=3060/10200 loss=0.004078
  derivmatch lr=0.01 iter=3570/10200 loss=0.0027
  derivmatch lr=0.01 iter=4080/10200 loss=0.002235
  derivmatch lr=0.01 iter=4590/10200 loss=0.001988
  derivmatch lr=0.01 iter=5100/10200 loss=0.001821
  derivmatch lr=0.01 iter=5610/10200 loss=0.001486
  derivmatch lr=0.01 iter=6120/10200 loss=0.001276
  derivmatch lr=0.01 iter=6630/10200 loss=0.00115
  derivmatch lr=0.01 iter=7140/10200 loss=0.001125
  derivmatch lr=0.01 iter=7650/10200 loss=0.003509
  derivmatch lr=0.01 iter=8160/10200 loss=0.002009
  derivmatch lr=0.01 iter=8670/10200 loss=0.001639
  derivmatch lr=0.01 iter=9180/10200 loss=0.001294
  derivmatch lr=0.01 iter=9690/10200 loss=0.001328
  derivmatch lr=0.01 iter=10200/10200 loss=0.001295
  derivmatch lr=0.01 iter=10200/10200 loss=0.0006832
  derivmatch lr=0.003 iter=375/7500 loss=0.000311
  derivmatch lr=0.003 iter=750/7500 loss=0.000613
  derivmatch lr=0.003 iter=1125/7500 loss=0.000781
  derivmatch lr=0.003 iter=1500/7500 loss=0.0002237
  derivmatch lr=0.003 iter=1875/7500 loss=0.0001058
  derivmatch lr=0.003 iter=2250/7500 loss=0.0001656
  derivmatch lr=0.003 iter=2625/7500 loss=0.0003039
  derivmatch lr=0.003 iter=3000/7500 loss=0.0004558
  derivmatch lr=0.003 iter=3375/7500 loss=0.0001847
  derivmatch lr=0.003 iter=3750/7500 loss=4.774e-5
  derivmatch lr=0.003 iter=4125/7500 loss=8.664e-5
  derivmatch lr=0.003 iter=4500/7500 loss=0.0004963
  derivmatch lr=0.003 iter=4875/7500 loss=0.0003437
  derivmatch lr=0.003 iter=5250/7500 loss=0.0001329
  derivmatch lr=0.003 iter=5625/7500 loss=0.0001616
  derivmatch lr=0.003 iter=6000/7500 loss=0.0001072
  derivmatch lr=0.003 iter=6375/7500 loss=0.0001737
  derivmatch lr=0.003 iter=6750/7500 loss=0.0001138
  derivmatch lr=0.003 iter=7125/7500 loss=0.000136
  derivmatch lr=0.003 iter=7500/7500 loss=0.0002448
  derivmatch lr=0.003 iter=7500/7500 loss=3.369e-5
  derivmatch lr=0.001 iter=375/7500 loss=3.234e-5
  derivmatch lr=0.001 iter=750/7500 loss=3.148e-5
  derivmatch lr=0.001 iter=1125/7500 loss=3.06e-5
  derivmatch lr=0.001 iter=1500/7500 loss=2.981e-5
  derivmatch lr=0.001 iter=1875/7500 loss=2.901e-5
  derivmatch lr=0.001 iter=2250/7500 loss=2.833e-5
  derivmatch lr=0.001 iter=2625/7500 loss=3.02e-5
  derivmatch lr=0.001 iter=3000/7500 loss=2.761e-5
  derivmatch lr=0.001 iter=3375/7500 loss=2.677e-5
  derivmatch lr=0.001 iter=3750/7500 loss=0.0001063
  derivmatch lr=0.001 iter=4125/7500 loss=4.562e-5
  derivmatch lr=0.001 iter=4500/7500 loss=0.0001093
  derivmatch lr=0.001 iter=4875/7500 loss=2.452e-5
  derivmatch lr=0.001 iter=5250/7500 loss=3.329e-5
  derivmatch lr=0.001 iter=5625/7500 loss=2.622e-5
  derivmatch lr=0.001 iter=6000/7500 loss=2.425e-5
  derivmatch lr=0.001 iter=6375/7500 loss=3.771e-5
  derivmatch lr=0.001 iter=6750/7500 loss=2.776e-5
  derivmatch lr=0.001 iter=7125/7500 loss=2.32e-5
  derivmatch lr=0.001 iter=7500/7500 loss=2.196e-5
  derivmatch lr=0.001 iter=7500/7500 loss=2.179e-5
  derivmatch lr=0.0003 iter=240/4800 loss=2.174e-5
  derivmatch lr=0.0003 iter=480/4800 loss=2.167e-5
  derivmatch lr=0.0003 iter=720/4800 loss=2.158e-5
  derivmatch lr=0.0003 iter=960/4800 loss=2.147e-5
  derivmatch lr=0.0003 iter=1200/4800 loss=2.134e-5
  derivmatch lr=0.0003 iter=1440/4800 loss=2.118e-5
  derivmatch lr=0.0003 iter=1680/4800 loss=2.101e-5
  derivmatch lr=0.0003 iter=1920/4800 loss=2.082e-5
  derivmatch lr=0.0003 iter=2160/4800 loss=2.063e-5
  derivmatch lr=0.0003 iter=2400/4800 loss=2.783e-5
  derivmatch lr=0.0003 iter=2640/4800 loss=2.058e-5
  derivmatch lr=0.0003 iter=2880/4800 loss=2.292e-5
  derivmatch lr=0.0003 iter=3120/4800 loss=2.021e-5
  derivmatch lr=0.0003 iter=3360/4800 loss=2.179e-5
  derivmatch lr=0.0003 iter=3600/4800 loss=1.961e-5
  derivmatch lr=0.0003 iter=3840/4800 loss=1.937e-5
  derivmatch lr=0.0003 iter=4080/4800 loss=2.01e-5
  derivmatch lr=0.0003 iter=4320/4800 loss=1.967e-5
  derivmatch lr=0.0003 iter=4560/4800 loss=1.889e-5
  derivmatch lr=0.0003 iter=4800/4800 loss=2.169e-5
  derivmatch lr=0.0003 iter=4800/4800 loss=1.87e-5
derivative matching [45s]  fitloss=1.87e-5
  [derivative matching]  nrmse=0.05913  l2=0.00444
  collocation: M=72 residuals=5260  detecting sparsity + solving...

Algorithm: LevenbergMarquardt(
    trustregion = LevenbergMarquardtTrustRegion(
        β_uphill = 0.0
    ),
    descent = GeodesicAcceleration(
        descent = DampedNewtonDescent(
            linsolve = KLUFactorization(
                reuse_symbolic = true,
                check_pattern = true
            ),
            initial_damping = 1.0,
            damping_fn = LevenbergMarquardtDampingFunction(
                increase_factor = 2.0,
                decrease_factor = 3.0,
                min_damping = 1.0e-8
            ),
            min_norm_mode = :auto
        ),
        finite_diff_step_geodesic = 0.1,
        α = 0.75
    ),
    autodiff = AutoForwardDiff(),
    vjp_autodiff = AutoFiniteDiff(
        fdtype = Val{:forward}(),
        fdjtype = Val{:forward}(),
        fdhtype = Val{:hcentral}(),
        dir = true
    ),
    jvp_autodiff = AutoForwardDiff(),
    concrete_jac = Val{true}()
)

----    	-------------       	-----------         
Iter    	f(u) 2-norm         	Step 2-norm         
----    	-------------       	-----------         
0       	9.32543068e+03      	NaN                 
1       	9.32543068e+03      	0.00000000e+00      
8       	8.95154246e+03      	7.68156718e-03      
15      	8.08368181e+03      	0.00000000e+00      
22      	6.84851472e+03      	0.00000000e+00      
29      	6.68299562e+03      	2.22675183e-03      
36      	4.81695765e+03      	0.00000000e+00      
43      	4.68156018e+03      	0.00000000e+00      
50      	4.62061448e+03      	1.08362551e-03      
57      	4.52133546e+03      	0.00000000e+00      
64      	4.46932295e+03      	0.00000000e+00      
71      	4.36345747e+03      	1.72418663e-03      
78      	4.31283880e+03      	0.00000000e+00      
85      	4.27791229e+03      	1.44565877e-03      
92      	4.23383132e+03      	1.38824849e-03      
99      	4.21785351e+03      	0.00000000e+00      
106     	4.16951081e+03      	0.00000000e+00      
113     	4.14231079e+03      	9.75981626e-04      
120     	4.12134994e+03      	0.00000000e+00      
127     	4.09598969e+03      	0.00000000e+00      
134     	4.06948100e+03      	0.00000000e+00      
141     	4.06006912e+03      	0.00000000e+00      
148     	4.04508934e+03      	1.88223353e-03      
Final   	4.04508934e+03      
----------------------      
  AMR 1/1: M=72  err=6.83e6  obs=0.000107  nrmse=0.0579  best=0.0579  refined=0
collocation [5368s]
  [final]  nrmse=0.05793  l2=0.001584
┌ Warning: Verbosity toggle: dt_epsilon 
│  Initial timestep too small (near machine epsilon), using default: dt = 1.0e-6
└ @ OrdinaryDiffEqCore ~/.julia/packages/OrdinaryDiffEqCore/NVUZl/src/initdt.jl:222
extrapolation window: T=60.0 -> T_test=120.0  n_test=100
  [train]  E_traj=0.006366  E_VF=0.09995  E_spec=4.036e302
  [test ]  E_traj=964.3  E_VF=1.907e8  E_spec=6.946000000000001e302
┌ Warning: No strict ticks found
└ @ PlotUtils ~/.julia/packages/PlotUtils/HX80C/src/ticks.jl:194
┌ Warning: No strict ticks found
└ @ PlotUtils ~/.julia/packages/PlotUtils/HX80C/src/ticks.jl:194
saved /orcd/home/002/txenakis/projects/BVPsolver/src/../data/runs/run_vEHB8azc/pollu_fit.png
┌ Warning: No strict ticks found
└ @ PlotUtils ~/.julia/packages/PlotUtils/HX80C/src/ticks.jl:194
┌ Warning: No strict ticks found
└ @ PlotUtils ~/.julia/packages/PlotUtils/HX80C/src/ticks.jl:194
saved /orcd/home/002/txenakis/projects/BVPsolver/src/../data/runs/run_vEHB8azc/pollu_fit_extrapolated.png
saved /orcd/home/002/txenakis/projects/BVPsolver/src/../data/runs/run_vEHB8azc/pollu_spectral_fit_extrapolated.png
saved /orcd/home/002/txenakis/projects/BVPsolver/src/../data/runs/run_vEHB8azc/pollu_vf_fit_extrapolated.png
┌ Warning: Attempting to store StiffNN.var"#16#17"{Vector{Float64}}.
│ JLD2 only stores functions by name.
│  This may not be useful for anonymous functions.
└ @ JLD2 ~/.julia/packages/JLD2/ADycq/src/data/writing_datatypes.jl:447
saved run → /orcd/home/002/txenakis/projects/BVPsolver/src/../data/runs/run_vEHB8azc
