rober  model=mlp width=15 d=3 tlen=50 profile=fast seed=220  solver=Rodas5  N=348
  shooting iter=50/1000 loss=279.3
  shooting iter=100/1000 loss=195.4
  shooting iter=150/1000 loss=128.3
  shooting iter=200/1000 loss=81.94
  shooting iter=250/1000 loss=44.0
  shooting iter=300/1000 loss=28.65
  shooting iter=350/1000 loss=9.039
  shooting iter=400/1000 loss=6.81
  shooting iter=450/1000 loss=9.633
  shooting iter=500/1000 loss=4.959
  shooting iter=550/1000 loss=8.158
  shooting iter=600/1000 loss=3.873
  shooting iter=650/1000 loss=2.146
  shooting iter=700/1000 loss=9.966
  shooting iter=750/1000 loss=4.307
  shooting iter=800/1000 loss=4.196
  shooting iter=850/1000 loss=9.139
  shooting iter=900/1000 loss=7.013
  shooting iter=950/1000 loss=4.18
  shooting iter=1000/1000 loss=3.312
  shooting iter=1000/1000 loss=1.714
shooting [437s]  loss=1.71
  [final]  nrmse=6.559  l2=3.077
extrapolation window: T=1000.0 -> T_test=1.0e12  n_test=100
  [train]  E_traj=111.8  E_VF=2014.0  E_spec=1.065e29
  [test ]  E_traj=45.1  E_VF=1.259e17  E_spec=1.391e31
saved /orcd/home/002/txenakis/projects/BVPsolver/src/../data/runs/run_sEOp8O8o/rober_fit.png
saved /orcd/home/002/txenakis/projects/BVPsolver/src/../data/runs/run_sEOp8O8o/rober_fit_extrapolated.png
saved /orcd/home/002/txenakis/projects/BVPsolver/src/../data/runs/run_sEOp8O8o/rober_spectral_fit_extrapolated.png
saved /orcd/home/002/txenakis/projects/BVPsolver/src/../data/runs/run_sEOp8O8o/rober_vf_fit_extrapolated.png
┌ Warning: Attempting to store StiffNN.var"#12#13"{Float64, Float64, Float64}.
│ JLD2 only stores functions by name.
│  This may not be useful for anonymous functions.
└ @ JLD2 ~/.julia/packages/JLD2/ADycq/src/data/writing_datatypes.jl:447
saved run → /orcd/home/002/txenakis/projects/BVPsolver/src/../data/runs/run_sEOp8O8o
