rober  model=mlp width=15 d=3 tlen=50 profile=fast seed=206  solver=Rodas5  N=348
  derivmatch lr=0.01 iter=170/3400 loss=41.26
  derivmatch lr=0.01 iter=340/3400 loss=38.43
  derivmatch lr=0.01 iter=510/3400 loss=37.89
  derivmatch lr=0.01 iter=680/3400 loss=39.06
  derivmatch lr=0.01 iter=850/3400 loss=41.44
  derivmatch lr=0.01 iter=1020/3400 loss=40.53
  derivmatch lr=0.01 iter=1190/3400 loss=33.57
  derivmatch lr=0.01 iter=1360/3400 loss=32.92
  derivmatch lr=0.01 iter=1530/3400 loss=63.78
  derivmatch lr=0.01 iter=1700/3400 loss=27.73
  derivmatch lr=0.01 iter=1870/3400 loss=40.68
  derivmatch lr=0.01 iter=2040/3400 loss=33.42
  derivmatch lr=0.01 iter=2210/3400 loss=62.07
  derivmatch lr=0.01 iter=2380/3400 loss=44.29
  derivmatch lr=0.01 iter=2550/3400 loss=45.21
  derivmatch lr=0.01 iter=2720/3400 loss=38.23
  derivmatch lr=0.01 iter=2890/3400 loss=65.57
  derivmatch lr=0.01 iter=3060/3400 loss=48.05
  derivmatch lr=0.01 iter=3230/3400 loss=35.5
  derivmatch lr=0.01 iter=3400/3400 loss=48.35
  derivmatch lr=0.01 iter=3400/3400 loss=15.07
  derivmatch lr=0.003 iter=125/2500 loss=26.56
  derivmatch lr=0.003 iter=250/2500 loss=20.92
  derivmatch lr=0.003 iter=375/2500 loss=26.35
  derivmatch lr=0.003 iter=500/2500 loss=32.72
  derivmatch lr=0.003 iter=625/2500 loss=28.42
  derivmatch lr=0.003 iter=750/2500 loss=23.84
  derivmatch lr=0.003 iter=875/2500 loss=25.28
  derivmatch lr=0.003 iter=1000/2500 loss=32.08
  derivmatch lr=0.003 iter=1125/2500 loss=29.57
  derivmatch lr=0.003 iter=1250/2500 loss=21.36
  derivmatch lr=0.003 iter=1375/2500 loss=17.72
  derivmatch lr=0.003 iter=1500/2500 loss=32.94
  derivmatch lr=0.003 iter=1625/2500 loss=21.82
  derivmatch lr=0.003 iter=1750/2500 loss=22.82
  derivmatch lr=0.003 iter=1875/2500 loss=31.02
  derivmatch lr=0.003 iter=2000/2500 loss=23.27
  derivmatch lr=0.003 iter=2125/2500 loss=15.81
  derivmatch lr=0.003 iter=2250/2500 loss=25.65
  derivmatch lr=0.003 iter=2375/2500 loss=30.15
  derivmatch lr=0.003 iter=2500/2500 loss=19.6
  derivmatch lr=0.003 iter=2500/2500 loss=15.07
  derivmatch lr=0.001 iter=125/2500 loss=16.21
  derivmatch lr=0.001 iter=250/2500 loss=11.79
  derivmatch lr=0.001 iter=375/2500 loss=10.83
  derivmatch lr=0.001 iter=500/2500 loss=14.74
  derivmatch lr=0.001 iter=625/2500 loss=22.78
  derivmatch lr=0.001 iter=750/2500 loss=21.09
  derivmatch lr=0.001 iter=875/2500 loss=22.53
  derivmatch lr=0.001 iter=1000/2500 loss=22.01
  derivmatch lr=0.001 iter=1125/2500 loss=17.79
  derivmatch lr=0.001 iter=1250/2500 loss=16.85
  derivmatch lr=0.001 iter=1375/2500 loss=11.14
  derivmatch lr=0.001 iter=1500/2500 loss=11.44
  derivmatch lr=0.001 iter=1625/2500 loss=10.97
  derivmatch lr=0.001 iter=1750/2500 loss=11.79
  derivmatch lr=0.001 iter=1875/2500 loss=23.85
  derivmatch lr=0.001 iter=2000/2500 loss=18.58
  derivmatch lr=0.001 iter=2125/2500 loss=13.13
  derivmatch lr=0.001 iter=2250/2500 loss=25.71
  derivmatch lr=0.001 iter=2375/2500 loss=29.44
  derivmatch lr=0.001 iter=2500/2500 loss=27.99
  derivmatch lr=0.001 iter=2500/2500 loss=8.374
  derivmatch lr=0.0003 iter=80/1600 loss=8.184
  derivmatch lr=0.0003 iter=160/1600 loss=8.243
  derivmatch lr=0.0003 iter=240/1600 loss=8.267
  derivmatch lr=0.0003 iter=320/1600 loss=8.077
  derivmatch lr=0.0003 iter=400/1600 loss=8.059
  derivmatch lr=0.0003 iter=480/1600 loss=9.42
  derivmatch lr=0.0003 iter=560/1600 loss=8.559
  derivmatch lr=0.0003 iter=640/1600 loss=8.991
  derivmatch lr=0.0003 iter=720/1600 loss=7.706
  derivmatch lr=0.0003 iter=800/1600 loss=7.755
  derivmatch lr=0.0003 iter=880/1600 loss=7.577
  derivmatch lr=0.0003 iter=960/1600 loss=8.023
  derivmatch lr=0.0003 iter=1040/1600 loss=7.963
  derivmatch lr=0.0003 iter=1120/1600 loss=7.668
  derivmatch lr=0.0003 iter=1200/1600 loss=9.02
  derivmatch lr=0.0003 iter=1280/1600 loss=7.383
  derivmatch lr=0.0003 iter=1360/1600 loss=7.485
  derivmatch lr=0.0003 iter=1440/1600 loss=7.397
  derivmatch lr=0.0003 iter=1520/1600 loss=7.551
  derivmatch lr=0.0003 iter=1600/1600 loss=7.364
  derivmatch lr=0.0003 iter=1600/1600 loss=6.964
derivative matching [28s]  fitloss=6.96
  [derivative matching]  nrmse=525900.0  l2=431.2
extrapolation window: T=1000.0 -> T_test=1.0e12  n_test=100
  [train]  E_traj=7.196e11  E_VF=0.6214  E_spec=1.048e27
  [test ]  E_traj=2.2590000000000002e33  E_VF=3.35e15  E_spec=4.783e28
saved /orcd/home/002/txenakis/projects/BVPsolver/src/../data/runs/run_2ipAm4hY/rober_fit.png
saved /orcd/home/002/txenakis/projects/BVPsolver/src/../data/runs/run_2ipAm4hY/rober_fit_extrapolated.png
saved /orcd/home/002/txenakis/projects/BVPsolver/src/../data/runs/run_2ipAm4hY/rober_spectral_fit_extrapolated.png
saved /orcd/home/002/txenakis/projects/BVPsolver/src/../data/runs/run_2ipAm4hY/rober_vf_fit_extrapolated.png
┌ Warning: Attempting to store StiffNN.var"#12#13"{Float64, Float64, Float64}.
│ JLD2 only stores functions by name.
│  This may not be useful for anonymous functions.
└ @ JLD2 ~/.julia/packages/JLD2/ADycq/src/data/writing_datatypes.jl:447
saved run → /orcd/home/002/txenakis/projects/BVPsolver/src/../data/runs/run_2ipAm4hY
