vanderpol  model=stiff width=12 d=2 tlen=151 profile=fast seed=40  solver=Kvaerno5  N=268
  derivmatch lr=0.01 iter=170/3400 loss=4.672
  derivmatch lr=0.01 iter=340/3400 loss=7.13
  derivmatch lr=0.01 iter=510/3400 loss=1.372
  derivmatch lr=0.01 iter=680/3400 loss=5.675
  derivmatch lr=0.01 iter=850/3400 loss=2.971
  derivmatch lr=0.01 iter=1020/3400 loss=5.239
  derivmatch lr=0.01 iter=1190/3400 loss=1.579
  derivmatch lr=0.01 iter=1360/3400 loss=0.7147
  derivmatch lr=0.01 iter=1530/3400 loss=1.289
  derivmatch lr=0.01 iter=1700/3400 loss=1.237
  derivmatch lr=0.01 iter=1870/3400 loss=3.908
  derivmatch lr=0.01 iter=2040/3400 loss=0.156
  derivmatch lr=0.01 iter=2210/3400 loss=0.9445
  derivmatch lr=0.01 iter=2380/3400 loss=0.5609
  derivmatch lr=0.01 iter=2550/3400 loss=1.664
  derivmatch lr=0.01 iter=2720/3400 loss=0.3395
  derivmatch lr=0.01 iter=2890/3400 loss=0.8503
  derivmatch lr=0.01 iter=3060/3400 loss=2.215
  derivmatch lr=0.01 iter=3230/3400 loss=0.948
  derivmatch lr=0.01 iter=3400/3400 loss=0.8587
  derivmatch lr=0.01 iter=3400/3400 loss=0.05654
  derivmatch lr=0.003 iter=125/2500 loss=0.04369
  derivmatch lr=0.003 iter=250/2500 loss=0.03882
  derivmatch lr=0.003 iter=375/2500 loss=0.03426
  derivmatch lr=0.003 iter=500/2500 loss=0.03477
  derivmatch lr=0.003 iter=625/2500 loss=0.03137
  derivmatch lr=0.003 iter=750/2500 loss=0.03245
  derivmatch lr=0.003 iter=875/2500 loss=0.0297
  derivmatch lr=0.003 iter=1000/2500 loss=0.03128
  derivmatch lr=0.003 iter=1125/2500 loss=0.02893
  derivmatch lr=0.003 iter=1250/2500 loss=0.03071
  derivmatch lr=0.003 iter=1375/2500 loss=0.02843
  derivmatch lr=0.003 iter=1500/2500 loss=0.03018
  derivmatch lr=0.003 iter=1625/2500 loss=0.02787
  derivmatch lr=0.003 iter=1750/2500 loss=0.02953
  derivmatch lr=0.003 iter=1875/2500 loss=0.02632
  derivmatch lr=0.003 iter=2000/2500 loss=0.02856
  derivmatch lr=0.003 iter=2125/2500 loss=0.0263
  derivmatch lr=0.003 iter=2250/2500 loss=0.02756
  derivmatch lr=0.003 iter=2375/2500 loss=0.02542
  derivmatch lr=0.003 iter=2500/2500 loss=0.02707
  derivmatch lr=0.003 iter=2500/2500 loss=0.01873
  derivmatch lr=0.001 iter=125/2500 loss=0.013
  derivmatch lr=0.001 iter=250/2500 loss=0.009434
  derivmatch lr=0.001 iter=375/2500 loss=0.007465
  derivmatch lr=0.001 iter=500/2500 loss=0.008501
  derivmatch lr=0.001 iter=625/2500 loss=0.006457
  derivmatch lr=0.001 iter=750/2500 loss=0.004263
  derivmatch lr=0.001 iter=875/2500 loss=0.004194
  derivmatch lr=0.001 iter=1000/2500 loss=0.003354
  derivmatch lr=0.001 iter=1125/2500 loss=0.003733
  derivmatch lr=0.001 iter=1250/2500 loss=0.005605
  derivmatch lr=0.001 iter=1375/2500 loss=0.006594
  derivmatch lr=0.001 iter=1500/2500 loss=0.005505
  derivmatch lr=0.001 iter=1625/2500 loss=0.005405
  derivmatch lr=0.001 iter=1750/2500 loss=0.005384
  derivmatch lr=0.001 iter=1875/2500 loss=0.005152
  derivmatch lr=0.001 iter=2000/2500 loss=0.005133
  derivmatch lr=0.001 iter=2125/2500 loss=0.004953
  derivmatch lr=0.001 iter=2250/2500 loss=0.004952
  derivmatch lr=0.001 iter=2375/2500 loss=0.004792
  derivmatch lr=0.001 iter=2500/2500 loss=0.004804
  derivmatch lr=0.001 iter=2500/2500 loss=0.003209
  derivmatch lr=0.0003 iter=80/1600 loss=0.00315
  derivmatch lr=0.0003 iter=160/1600 loss=0.003071
  derivmatch lr=0.0003 iter=240/1600 loss=0.002983
  derivmatch lr=0.0003 iter=320/1600 loss=0.002889
  derivmatch lr=0.0003 iter=400/1600 loss=0.002791
  derivmatch lr=0.0003 iter=480/1600 loss=0.002692
  derivmatch lr=0.0003 iter=560/1600 loss=0.002595
  derivmatch lr=0.0003 iter=640/1600 loss=0.0025
  derivmatch lr=0.0003 iter=720/1600 loss=0.00241
  derivmatch lr=0.0003 iter=800/1600 loss=0.002325
  derivmatch lr=0.0003 iter=880/1600 loss=0.002245
  derivmatch lr=0.0003 iter=960/1600 loss=0.00217
  derivmatch lr=0.0003 iter=1040/1600 loss=0.002101
  derivmatch lr=0.0003 iter=1120/1600 loss=0.002036
  derivmatch lr=0.0003 iter=1200/1600 loss=0.001976
  derivmatch lr=0.0003 iter=1280/1600 loss=0.002004
  derivmatch lr=0.0003 iter=1360/1600 loss=0.001876
  derivmatch lr=0.0003 iter=1440/1600 loss=0.00183
  derivmatch lr=0.0003 iter=1520/1600 loss=0.002281
  derivmatch lr=0.0003 iter=1600/1600 loss=0.001746
  derivmatch lr=0.0003 iter=1600/1600 loss=0.001746
derivative matching [31s]  fitloss=0.00175
  [derivative matching]  nrmse=0.3078  l2=325.5
  collocation: M=163 residuals=1274  detecting sparsity + solving...

Algorithm: LevenbergMarquardt(
    trustregion = LevenbergMarquardtTrustRegion(
        β_uphill = 0.0
    ),
    descent = GeodesicAcceleration(
        descent = DampedNewtonDescent(
            linsolve = KLUFactorization(
                reuse_symbolic = true,
                check_pattern = true
            ),
            initial_damping = 1.0,
            damping_fn = LevenbergMarquardtDampingFunction(
                increase_factor = 2.0,
                decrease_factor = 3.0,
                min_damping = 1.0e-8
            ),
            min_norm_mode = :auto
        ),
        finite_diff_step_geodesic = 0.1,
        α = 0.75
    ),
    autodiff = AutoForwardDiff(),
    vjp_autodiff = AutoFiniteDiff(
        fdtype = Val{:forward}(),
        fdjtype = Val{:forward}(),
        fdhtype = Val{:hcentral}(),
        dir = true
    ),
    jvp_autodiff = AutoForwardDiff(),
    concrete_jac = Val{true}()
)

----    	-------------       	-----------         
Iter    	f(u) 2-norm         	Step 2-norm         
----    	-------------       	-----------         
0       	1.93636726e+02      	2.72249807e-309     
1       	6.84365263e+01      	3.38359874e-01      
8       	3.15054868e-01      	4.78046856e-02      
15      	2.32011722e+00      	1.06794733e-01      
22      	4.02809154e+00      	7.88258774e-01      
29      	1.39014630e+00      	0.00000000e+00      
36      	1.10012920e+00      	7.14661455e-01      
43      	9.48258141e+00      	7.59740632e-01      
50      	8.66492093e-01      	0.00000000e+00      
57      	1.37945075e-01      	0.00000000e+00      
64      	2.20014191e-02      	1.73436396e-01      
71      	2.71267766e-02      	0.00000000e+00      
78      	9.24676643e-01      	0.00000000e+00      
85      	3.29849161e-02      	0.00000000e+00      
92      	4.21682308e-02      	1.59123488e-01      
99      	4.07489730e-02      	0.00000000e+00      
106     	5.63991111e-03      	0.00000000e+00      
113     	2.29966313e-03      	1.00202505e-01      
120     	3.54574834e-03      	0.00000000e+00      
127     	7.68407544e-04      	0.00000000e+00      
134     	3.04632429e-01      	0.00000000e+00      
141     	4.91608154e-03      	8.31013471e-02      
148     	1.27157611e+00      	0.00000000e+00      
Final   	4.17214971e-04      
----------------------      
  AMR 1/1: M=163  err=2.01e-8  obs=4.34e-6  nrmse=0.12  best=0.12  refined=0
collocation [30s]
  [final]  nrmse=0.1203  l2=260.6
extrapolation window: T=200.0 -> T_test=400.0  n_test=302
  [train]  E_traj=0.3917  E_VF=0.0009512  E_spec=0.05834
  [test ]  E_traj=0.07609  E_VF=0.2352  E_spec=0.09247
saved /orcd/home/002/txenakis/projects/BVPsolver/src/../data/runs/run_ApBXe5oi/vanderpol_fit.png
saved /orcd/home/002/txenakis/projects/BVPsolver/src/../data/runs/run_ApBXe5oi/vanderpol_fit_extrapolated.png
saved /orcd/home/002/txenakis/projects/BVPsolver/src/../data/runs/run_ApBXe5oi/vanderpol_spectral_fit_extrapolated.png
saved /orcd/home/002/txenakis/projects/BVPsolver/src/../data/runs/run_ApBXe5oi/vanderpol_vf_fit_extrapolated.png
┌ Warning: Attempting to store StiffNN.var"#14#15"{Float64}.
│ JLD2 only stores functions by name.
│  This may not be useful for anonymous functions.
└ @ JLD2 ~/.julia/packages/JLD2/ADycq/src/data/writing_datatypes.jl:447
saved run → /orcd/home/002/txenakis/projects/BVPsolver/src/../data/runs/run_ApBXe5oi
