davis-skodje  model=GELU-scaled width=7 d=2 tlen=300 profile=fast seed=315  solver=Rodas5P  N=317
  derivmatch lr=0.01 iter=170/3400 loss=1.879
  derivmatch lr=0.01 iter=340/3400 loss=1.798
  derivmatch lr=0.01 iter=510/3400 loss=1.587
  derivmatch lr=0.01 iter=680/3400 loss=1.307
  derivmatch lr=0.01 iter=850/3400 loss=1.149
  derivmatch lr=0.01 iter=1020/3400 loss=2.323
  derivmatch lr=0.01 iter=1190/3400 loss=1.106
  derivmatch lr=0.01 iter=1360/3400 loss=1.025
  derivmatch lr=0.01 iter=1530/3400 loss=0.9798
  derivmatch lr=0.01 iter=1700/3400 loss=0.9981
  derivmatch lr=0.01 iter=1870/3400 loss=1.008
  derivmatch lr=0.01 iter=2040/3400 loss=0.9801
  derivmatch lr=0.01 iter=2210/3400 loss=0.9501
  derivmatch lr=0.01 iter=2380/3400 loss=0.9497
  derivmatch lr=0.01 iter=2550/3400 loss=0.9469
  derivmatch lr=0.01 iter=2720/3400 loss=0.9343
  derivmatch lr=0.01 iter=2890/3400 loss=0.8672
  derivmatch lr=0.01 iter=3060/3400 loss=0.8655
  derivmatch lr=0.01 iter=3230/3400 loss=0.8723
  derivmatch lr=0.01 iter=3400/3400 loss=0.8494
  derivmatch lr=0.01 iter=3400/3400 loss=0.8282
  derivmatch lr=0.003 iter=125/2500 loss=0.8234
  derivmatch lr=0.003 iter=250/2500 loss=0.8174
  derivmatch lr=0.003 iter=375/2500 loss=0.8112
  derivmatch lr=0.003 iter=500/2500 loss=0.8003
  derivmatch lr=0.003 iter=625/2500 loss=0.7605
  derivmatch lr=0.003 iter=750/2500 loss=0.4919
  derivmatch lr=0.003 iter=875/2500 loss=0.2524
  derivmatch lr=0.003 iter=1000/2500 loss=0.1387
  derivmatch lr=0.003 iter=1125/2500 loss=0.1028
  derivmatch lr=0.003 iter=1250/2500 loss=0.07697
  derivmatch lr=0.003 iter=1375/2500 loss=0.05687
  derivmatch lr=0.003 iter=1500/2500 loss=0.04375
  derivmatch lr=0.003 iter=1625/2500 loss=0.05466
  derivmatch lr=0.003 iter=1750/2500 loss=0.03367
  derivmatch lr=0.003 iter=1875/2500 loss=0.02464
  derivmatch lr=0.003 iter=2000/2500 loss=0.0227
  derivmatch lr=0.003 iter=2125/2500 loss=0.02596
  derivmatch lr=0.003 iter=2250/2500 loss=0.03481
  derivmatch lr=0.003 iter=2375/2500 loss=0.01757
  derivmatch lr=0.003 iter=2500/2500 loss=0.01482
  derivmatch lr=0.003 iter=2500/2500 loss=0.01329
  derivmatch lr=0.001 iter=125/2500 loss=0.01257
  derivmatch lr=0.001 iter=250/2500 loss=0.01181
  derivmatch lr=0.001 iter=375/2500 loss=0.01107
  derivmatch lr=0.001 iter=500/2500 loss=0.01032
  derivmatch lr=0.001 iter=625/2500 loss=0.009574
  derivmatch lr=0.001 iter=750/2500 loss=0.008838
  derivmatch lr=0.001 iter=875/2500 loss=0.008134
  derivmatch lr=0.001 iter=1000/2500 loss=0.007482
  derivmatch lr=0.001 iter=1125/2500 loss=0.006937
  derivmatch lr=0.001 iter=1250/2500 loss=0.006523
  derivmatch lr=0.001 iter=1375/2500 loss=0.006109
  derivmatch lr=0.001 iter=1500/2500 loss=0.005766
  derivmatch lr=0.001 iter=1625/2500 loss=0.005493
  derivmatch lr=0.001 iter=1750/2500 loss=0.005632
  derivmatch lr=0.001 iter=1875/2500 loss=0.005304
  derivmatch lr=0.001 iter=2000/2500 loss=0.005002
  derivmatch lr=0.001 iter=2125/2500 loss=0.005261
  derivmatch lr=0.001 iter=2250/2500 loss=0.004634
  derivmatch lr=0.001 iter=2375/2500 loss=0.005333
  derivmatch lr=0.001 iter=2500/2500 loss=0.005271
  derivmatch lr=0.001 iter=2500/2500 loss=0.004436
  derivmatch lr=0.0003 iter=80/1600 loss=0.004373
  derivmatch lr=0.0003 iter=160/1600 loss=0.004353
  derivmatch lr=0.0003 iter=240/1600 loss=0.004338
  derivmatch lr=0.0003 iter=320/1600 loss=0.004321
  derivmatch lr=0.0003 iter=400/1600 loss=0.004303
  derivmatch lr=0.0003 iter=480/1600 loss=0.004283
  derivmatch lr=0.0003 iter=560/1600 loss=0.004262
  derivmatch lr=0.0003 iter=640/1600 loss=0.004239
  derivmatch lr=0.0003 iter=720/1600 loss=0.004215
  derivmatch lr=0.0003 iter=800/1600 loss=0.004189
  derivmatch lr=0.0003 iter=880/1600 loss=0.004163
  derivmatch lr=0.0003 iter=960/1600 loss=0.004135
  derivmatch lr=0.0003 iter=1040/1600 loss=0.004106
  derivmatch lr=0.0003 iter=1120/1600 loss=0.004077
  derivmatch lr=0.0003 iter=1200/1600 loss=0.00549
  derivmatch lr=0.0003 iter=1280/1600 loss=0.004019
  derivmatch lr=0.0003 iter=1360/1600 loss=0.00399
  derivmatch lr=0.0003 iter=1440/1600 loss=0.003961
  derivmatch lr=0.0003 iter=1520/1600 loss=0.00393
  derivmatch lr=0.0003 iter=1600/1600 loss=0.004389
  derivmatch lr=0.0003 iter=1600/1600 loss=0.003903
derivative matching [30s]  fitloss=0.0039
  [derivative matching]  nrmse=0.03693  l2=1.766
  shooting iter=50/1000 loss=0.003741
  shooting iter=100/1000 loss=0.001812
  shooting iter=150/1000 loss=0.00167
  shooting iter=200/1000 loss=0.001374
  shooting iter=250/1000 loss=0.001448
  shooting iter=300/1000 loss=0.002571
  shooting iter=350/1000 loss=0.001578
  shooting iter=400/1000 loss=0.001184
  shooting iter=450/1000 loss=0.002669
  shooting iter=500/1000 loss=0.00119
  shooting iter=550/1000 loss=0.001085
  shooting iter=600/1000 loss=0.001783
  shooting iter=650/1000 loss=0.001501
  shooting iter=700/1000 loss=0.0009546
  shooting iter=750/1000 loss=0.001406
  shooting iter=800/1000 loss=0.001128
  shooting iter=850/1000 loss=0.001015
  shooting iter=900/1000 loss=0.000846
  shooting iter=950/1000 loss=0.001313
  shooting iter=1000/1000 loss=0.001963
  shooting iter=1000/1000 loss=0.0005878
shooting [1413s]  loss=0.000588
  [final]  nrmse=0.001306  l2=0.06153
extrapolation window: T=15.0 -> T_test=30.0  n_test=600
  [train]  E_traj=2.713e-5  E_VF=0.05638  E_spec=0.4558
  [test ]  E_traj=1.957e8  E_VF=2.438e12  E_spec=0.5082
saved /orcd/home/002/txenakis/projects/BVPsolver/src/../data/runs/run_e07gPQdi/davis-skodje_fit.png
saved /orcd/home/002/txenakis/projects/BVPsolver/src/../data/runs/run_e07gPQdi/davis-skodje_fit_extrapolated.png
saved /orcd/home/002/txenakis/projects/BVPsolver/src/../data/runs/run_e07gPQdi/davis-skodje_spectral_fit_extrapolated.png
saved /orcd/home/002/txenakis/projects/BVPsolver/src/../data/runs/run_e07gPQdi/davis-skodje_vf_fit_extrapolated.png
┌ Warning: Attempting to store StiffNN.var"#22#23"{Float64}.
│ JLD2 only stores functions by name.
│  This may not be useful for anonymous functions.
└ @ JLD2 ~/.julia/packages/JLD2/ADycq/src/data/writing_datatypes.jl:447
saved run → /orcd/home/002/txenakis/projects/BVPsolver/src/../data/runs/run_e07gPQdi
