vanderpol  model=stiff width=12 d=2 tlen=151 profile=fast seed=503  solver=Kvaerno5  N=268
  derivmatch lr=0.01 iter=170/3400 loss=5.175
  derivmatch lr=0.01 iter=340/3400 loss=5.188
  derivmatch lr=0.01 iter=510/3400 loss=2.063
  derivmatch lr=0.01 iter=680/3400 loss=4.607
  derivmatch lr=0.01 iter=850/3400 loss=1.416
  derivmatch lr=0.01 iter=1020/3400 loss=4.118
  derivmatch lr=0.01 iter=1190/3400 loss=4.64
  derivmatch lr=0.01 iter=1360/3400 loss=1.44
  derivmatch lr=0.01 iter=1530/3400 loss=0.6244
  derivmatch lr=0.01 iter=1700/3400 loss=3.39
  derivmatch lr=0.01 iter=1870/3400 loss=2.157
  derivmatch lr=0.01 iter=2040/3400 loss=1.231
  derivmatch lr=0.01 iter=2210/3400 loss=1.414
  derivmatch lr=0.01 iter=2380/3400 loss=1.556
  derivmatch lr=0.01 iter=2550/3400 loss=1.656
  derivmatch lr=0.01 iter=2720/3400 loss=0.5973
  derivmatch lr=0.01 iter=2890/3400 loss=1.171
  derivmatch lr=0.01 iter=3060/3400 loss=0.09332
  derivmatch lr=0.01 iter=3230/3400 loss=0.6026
  derivmatch lr=0.01 iter=3400/3400 loss=1.361
  derivmatch lr=0.01 iter=3400/3400 loss=0.0602
  derivmatch lr=0.003 iter=125/2500 loss=0.0153
  derivmatch lr=0.003 iter=250/2500 loss=0.02511
  derivmatch lr=0.003 iter=375/2500 loss=0.02578
  derivmatch lr=0.003 iter=500/2500 loss=0.0235
  derivmatch lr=0.003 iter=625/2500 loss=0.02661
  derivmatch lr=0.003 iter=750/2500 loss=0.02057
  derivmatch lr=0.003 iter=875/2500 loss=0.02027
  derivmatch lr=0.003 iter=1000/2500 loss=0.01902
  derivmatch lr=0.003 iter=1125/2500 loss=0.01816
  derivmatch lr=0.003 iter=1250/2500 loss=0.01766
  derivmatch lr=0.003 iter=1375/2500 loss=0.01878
  derivmatch lr=0.003 iter=1500/2500 loss=0.01687
  derivmatch lr=0.003 iter=1625/2500 loss=0.01942
  derivmatch lr=0.003 iter=1750/2500 loss=0.01744
  derivmatch lr=0.003 iter=1875/2500 loss=0.01762
  derivmatch lr=0.003 iter=2000/2500 loss=0.01774
  derivmatch lr=0.003 iter=2125/2500 loss=0.01815
  derivmatch lr=0.003 iter=2250/2500 loss=0.01628
  derivmatch lr=0.003 iter=2375/2500 loss=0.02119
  derivmatch lr=0.003 iter=2500/2500 loss=0.01622
  derivmatch lr=0.003 iter=2500/2500 loss=0.0144
  derivmatch lr=0.001 iter=125/2500 loss=0.004358
  derivmatch lr=0.001 iter=250/2500 loss=0.003596
  derivmatch lr=0.001 iter=375/2500 loss=0.003004
  derivmatch lr=0.001 iter=500/2500 loss=0.003304
  derivmatch lr=0.001 iter=625/2500 loss=0.011
  derivmatch lr=0.001 iter=750/2500 loss=0.003706
  derivmatch lr=0.001 iter=875/2500 loss=0.00201
  derivmatch lr=0.001 iter=1000/2500 loss=0.007366
  derivmatch lr=0.001 iter=1125/2500 loss=0.001724
  derivmatch lr=0.001 iter=1250/2500 loss=0.001283
  derivmatch lr=0.001 iter=1375/2500 loss=0.001216
  derivmatch lr=0.001 iter=1500/2500 loss=0.001073
  derivmatch lr=0.001 iter=1625/2500 loss=0.001127
  derivmatch lr=0.001 iter=1750/2500 loss=0.006065
  derivmatch lr=0.001 iter=1875/2500 loss=0.003953
  derivmatch lr=0.001 iter=2000/2500 loss=0.005924
  derivmatch lr=0.001 iter=2125/2500 loss=0.0027
  derivmatch lr=0.001 iter=2250/2500 loss=0.002732
  derivmatch lr=0.001 iter=2375/2500 loss=0.002901
  derivmatch lr=0.001 iter=2500/2500 loss=0.002802
  derivmatch lr=0.001 iter=2500/2500 loss=0.0009125
  derivmatch lr=0.0003 iter=80/1600 loss=0.0009309
  derivmatch lr=0.0003 iter=160/1600 loss=0.0008963
  derivmatch lr=0.0003 iter=240/1600 loss=0.0008845
  derivmatch lr=0.0003 iter=320/1600 loss=0.000871
  derivmatch lr=0.0003 iter=400/1600 loss=0.0008562
  derivmatch lr=0.0003 iter=480/1600 loss=0.0008404
  derivmatch lr=0.0003 iter=560/1600 loss=0.0008238
  derivmatch lr=0.0003 iter=640/1600 loss=0.0008065
  derivmatch lr=0.0003 iter=720/1600 loss=0.0007888
  derivmatch lr=0.0003 iter=800/1600 loss=0.0007708
  derivmatch lr=0.0003 iter=880/1600 loss=0.0007526
  derivmatch lr=0.0003 iter=960/1600 loss=0.0007343
  derivmatch lr=0.0003 iter=1040/1600 loss=0.000716
  derivmatch lr=0.0003 iter=1120/1600 loss=0.0006978
  derivmatch lr=0.0003 iter=1200/1600 loss=0.0006798
  derivmatch lr=0.0003 iter=1280/1600 loss=0.000662
  derivmatch lr=0.0003 iter=1360/1600 loss=0.0006445
  derivmatch lr=0.0003 iter=1440/1600 loss=0.007764
  derivmatch lr=0.0003 iter=1520/1600 loss=0.0006148
  derivmatch lr=0.0003 iter=1600/1600 loss=0.0005995
  derivmatch lr=0.0003 iter=1600/1600 loss=0.0005995
derivative matching [29s]  fitloss=0.0006
  [derivative matching]  nrmse=0.3185  l2=325.2
  shooting iter=50/1000 loss=0.1884
  shooting iter=100/1000 loss=0.1885
  shooting iter=150/1000 loss=0.1885
  shooting iter=200/1000 loss=0.1885
  shooting iter=250/1000 loss=0.1885
  shooting iter=300/1000 loss=0.1885
  shooting iter=350/1000 loss=0.1885
  shooting iter=400/1000 loss=0.1885
  shooting iter=450/1000 loss=0.1885
  shooting iter=500/1000 loss=0.1885
  shooting iter=550/1000 loss=0.1885
  shooting iter=600/1000 loss=0.1885
  shooting iter=650/1000 loss=0.1885
  shooting iter=700/1000 loss=0.1885
  shooting iter=750/1000 loss=0.1885
  shooting iter=800/1000 loss=0.1885
  shooting iter=850/1000 loss=0.1885
  shooting iter=900/1000 loss=0.1885
  shooting iter=950/1000 loss=0.1885
  shooting iter=1000/1000 loss=0.1885
  shooting iter=1000/1000 loss=0.1517
shooting [340s]  loss=0.152
  [final]  nrmse=0.3185  l2=325.2
extrapolation window: T=200.0 -> T_test=400.0  n_test=302
  [train]  E_traj=1.1  E_VF=0.01551  E_spec=0.1331
  [test ]  E_traj=0.9349  E_VF=0.2249  E_spec=0.1336
saved /orcd/home/002/txenakis/projects/BVPsolver/src/../data/runs/run_RUdUKGUK/vanderpol_fit.png
saved /orcd/home/002/txenakis/projects/BVPsolver/src/../data/runs/run_RUdUKGUK/vanderpol_fit_extrapolated.png
saved /orcd/home/002/txenakis/projects/BVPsolver/src/../data/runs/run_RUdUKGUK/vanderpol_spectral_fit_extrapolated.png
saved /orcd/home/002/txenakis/projects/BVPsolver/src/../data/runs/run_RUdUKGUK/vanderpol_vf_fit_extrapolated.png
saved /orcd/home/002/txenakis/projects/BVPsolver/src/../data/runs/run_RUdUKGUK/vanderpol_sensitivity_vs_stiffness_derivmatch.png
saved /orcd/home/002/txenakis/projects/BVPsolver/src/../data/runs/run_RUdUKGUK/vanderpol_sensitivity_vs_stiffness_shooting.png
┌ Warning: Attempting to store StiffNN.var"#14#15"{Float64}.
│ JLD2 only stores functions by name.
│  This may not be useful for anonymous functions.
└ @ JLD2 ~/.julia/packages/JLD2/ADycq/src/data/writing_datatypes.jl:447
saved run → /orcd/home/002/txenakis/projects/BVPsolver/src/../data/runs/run_RUdUKGUK
