vanderpol  model=GELU-scaled width=7 d=2 tlen=1054 profile=fast seed=43  solver=Kvaerno5  N=317
  derivmatch lr=0.01 iter=170/3400 loss=3.096
  derivmatch lr=0.01 iter=340/3400 loss=2.061
  derivmatch lr=0.01 iter=510/3400 loss=2.043
  derivmatch lr=0.01 iter=680/3400 loss=1.381
  derivmatch lr=0.01 iter=850/3400 loss=0.4734
  derivmatch lr=0.01 iter=1020/3400 loss=0.2694
  derivmatch lr=0.01 iter=1190/3400 loss=0.3833
  derivmatch lr=0.01 iter=1360/3400 loss=0.4435
  derivmatch lr=0.01 iter=1530/3400 loss=0.3583
  derivmatch lr=0.01 iter=1700/3400 loss=0.5102
  derivmatch lr=0.01 iter=1870/3400 loss=0.1895
  derivmatch lr=0.01 iter=2040/3400 loss=0.4627
  derivmatch lr=0.01 iter=2210/3400 loss=0.1285
  derivmatch lr=0.01 iter=2380/3400 loss=0.07674
  derivmatch lr=0.01 iter=2550/3400 loss=0.3781
  derivmatch lr=0.01 iter=2720/3400 loss=0.45
  derivmatch lr=0.01 iter=2890/3400 loss=0.3743
  derivmatch lr=0.01 iter=3060/3400 loss=0.1982
  derivmatch lr=0.01 iter=3230/3400 loss=0.2866
  derivmatch lr=0.01 iter=3400/3400 loss=0.4481
  derivmatch lr=0.01 iter=3400/3400 loss=0.03052
  derivmatch lr=0.003 iter=125/2500 loss=0.02594
  derivmatch lr=0.003 iter=250/2500 loss=0.02301
  derivmatch lr=0.003 iter=375/2500 loss=0.0207
  derivmatch lr=0.003 iter=500/2500 loss=0.01877
  derivmatch lr=0.003 iter=625/2500 loss=0.01724
  derivmatch lr=0.003 iter=750/2500 loss=0.01573
  derivmatch lr=0.003 iter=875/2500 loss=0.01316
  derivmatch lr=0.003 iter=1000/2500 loss=0.01204
  derivmatch lr=0.003 iter=1125/2500 loss=0.0112
  derivmatch lr=0.003 iter=1250/2500 loss=0.01163
  derivmatch lr=0.003 iter=1375/2500 loss=0.009984
  derivmatch lr=0.003 iter=1500/2500 loss=0.009745
  derivmatch lr=0.003 iter=1625/2500 loss=0.009476
  derivmatch lr=0.003 iter=1750/2500 loss=0.009006
  derivmatch lr=0.003 iter=1875/2500 loss=0.009583
  derivmatch lr=0.003 iter=2000/2500 loss=0.008589
  derivmatch lr=0.003 iter=2125/2500 loss=0.008886
  derivmatch lr=0.003 iter=2250/2500 loss=0.7153
  derivmatch lr=0.003 iter=2375/2500 loss=0.1553
  derivmatch lr=0.003 iter=2500/2500 loss=0.05106
  derivmatch lr=0.003 iter=2500/2500 loss=0.007631
  derivmatch lr=0.001 iter=125/2500 loss=0.007592
  derivmatch lr=0.001 iter=250/2500 loss=0.007511
  derivmatch lr=0.001 iter=375/2500 loss=0.007447
  derivmatch lr=0.001 iter=500/2500 loss=0.007379
  derivmatch lr=0.001 iter=625/2500 loss=0.007304
  derivmatch lr=0.001 iter=750/2500 loss=0.007223
  derivmatch lr=0.001 iter=875/2500 loss=0.007137
  derivmatch lr=0.001 iter=1000/2500 loss=0.00706
  derivmatch lr=0.001 iter=1125/2500 loss=0.006982
  derivmatch lr=0.001 iter=1250/2500 loss=0.0069
  derivmatch lr=0.001 iter=1375/2500 loss=0.006827
  derivmatch lr=0.001 iter=1500/2500 loss=0.006737
  derivmatch lr=0.001 iter=1625/2500 loss=0.006755
  derivmatch lr=0.001 iter=1750/2500 loss=0.006573
  derivmatch lr=0.001 iter=1875/2500 loss=0.006494
  derivmatch lr=0.001 iter=2000/2500 loss=0.006614
  derivmatch lr=0.001 iter=2125/2500 loss=0.006362
  derivmatch lr=0.001 iter=2250/2500 loss=0.006279
  derivmatch lr=0.001 iter=2375/2500 loss=0.00617
  derivmatch lr=0.001 iter=2500/2500 loss=0.006102
  derivmatch lr=0.001 iter=2500/2500 loss=0.006078
  derivmatch lr=0.0003 iter=80/1600 loss=0.006057
  derivmatch lr=0.0003 iter=160/1600 loss=0.006029
  derivmatch lr=0.0003 iter=240/1600 loss=0.005994
  derivmatch lr=0.0003 iter=320/1600 loss=0.005953
  derivmatch lr=0.0003 iter=400/1600 loss=0.005907
  derivmatch lr=0.0003 iter=480/1600 loss=0.005857
  derivmatch lr=0.0003 iter=560/1600 loss=0.005802
  derivmatch lr=0.0003 iter=640/1600 loss=0.005744
  derivmatch lr=0.0003 iter=720/1600 loss=0.005782
  derivmatch lr=0.0003 iter=800/1600 loss=0.005631
  derivmatch lr=0.0003 iter=880/1600 loss=0.005577
  derivmatch lr=0.0003 iter=960/1600 loss=0.005521
  derivmatch lr=0.0003 iter=1040/1600 loss=0.005462
  derivmatch lr=0.0003 iter=1120/1600 loss=0.005398
  derivmatch lr=0.0003 iter=1200/1600 loss=0.00533
  derivmatch lr=0.0003 iter=1280/1600 loss=0.005262
  derivmatch lr=0.0003 iter=1360/1600 loss=0.005191
  derivmatch lr=0.0003 iter=1440/1600 loss=0.00512
  derivmatch lr=0.0003 iter=1520/1600 loss=0.005049
  derivmatch lr=0.0003 iter=1600/1600 loss=0.005
  derivmatch lr=0.0003 iter=1600/1600 loss=0.004991
derivative matching [40s]  fitloss=0.00499
  [derivative matching]  nrmse=0.3022  l2=147.6
  shooting iter=50/1000 loss=0.3185
  shooting iter=100/1000 loss=0.2288
  shooting iter=150/1000 loss=1.047
  shooting iter=200/1000 loss=0.2218
  shooting iter=250/1000 loss=0.2213
  shooting iter=300/1000 loss=0.2213
  shooting iter=350/1000 loss=0.2213
