orego  model=GELU-scaled width=9 d=3 tlen=112 profile=fast seed=20  solver=Rodas5  N=516
  derivmatch lr=0.01 iter=170/3400 loss=4.91
  derivmatch lr=0.01 iter=340/3400 loss=4.812
  derivmatch lr=0.01 iter=510/3400 loss=4.039
  derivmatch lr=0.01 iter=680/3400 loss=3.605
  derivmatch lr=0.01 iter=850/3400 loss=3.512
  derivmatch lr=0.01 iter=1020/3400 loss=10.25
  derivmatch lr=0.01 iter=1190/3400 loss=14.3
  derivmatch lr=0.01 iter=1360/3400 loss=14.17
  derivmatch lr=0.01 iter=1530/3400 loss=14.12
  derivmatch lr=0.01 iter=1700/3400 loss=14.11
  derivmatch lr=0.01 iter=1870/3400 loss=14.11
  derivmatch lr=0.01 iter=2040/3400 loss=14.11
  derivmatch lr=0.01 iter=2210/3400 loss=14.1
  derivmatch lr=0.01 iter=2380/3400 loss=14.1
  derivmatch lr=0.01 iter=2550/3400 loss=14.1
  derivmatch lr=0.01 iter=2720/3400 loss=14.1
  derivmatch lr=0.01 iter=2890/3400 loss=14.1
  derivmatch lr=0.01 iter=3060/3400 loss=14.09
  derivmatch lr=0.01 iter=3230/3400 loss=14.1
  derivmatch lr=0.01 iter=3400/3400 loss=14.1
  derivmatch lr=0.01 iter=3400/3400 loss=3.43
  derivmatch lr=0.003 iter=125/2500 loss=2.782
  derivmatch lr=0.003 iter=250/2500 loss=2.982
  derivmatch lr=0.003 iter=375/2500 loss=3.293
  derivmatch lr=0.003 iter=500/2500 loss=3.259
  derivmatch lr=0.003 iter=625/2500 loss=3.232
  derivmatch lr=0.003 iter=750/2500 loss=2.716
  derivmatch lr=0.003 iter=875/2500 loss=2.893
  derivmatch lr=0.003 iter=1000/2500 loss=2.833
  derivmatch lr=0.003 iter=1125/2500 loss=2.801
  derivmatch lr=0.003 iter=1250/2500 loss=2.776
  derivmatch lr=0.003 iter=1375/2500 loss=2.755
  derivmatch lr=0.003 iter=1500/2500 loss=2.678
  derivmatch lr=0.003 iter=1625/2500 loss=2.666
  derivmatch lr=0.003 iter=1750/2500 loss=2.657
  derivmatch lr=0.003 iter=1875/2500 loss=2.65
  derivmatch lr=0.003 iter=2000/2500 loss=2.64
  derivmatch lr=0.003 iter=2125/2500 loss=2.585
  derivmatch lr=0.003 iter=2250/2500 loss=2.575
  derivmatch lr=0.003 iter=2375/2500 loss=2.943
  derivmatch lr=0.003 iter=2500/2500 loss=2.551
  derivmatch lr=0.003 iter=2500/2500 loss=2.542
  derivmatch lr=0.001 iter=125/2500 loss=2.527
  derivmatch lr=0.001 iter=250/2500 loss=2.513
  derivmatch lr=0.001 iter=375/2500 loss=2.502
  derivmatch lr=0.001 iter=500/2500 loss=2.493
  derivmatch lr=0.001 iter=625/2500 loss=2.484
  derivmatch lr=0.001 iter=750/2500 loss=2.476
  derivmatch lr=0.001 iter=875/2500 loss=2.467
  derivmatch lr=0.001 iter=1000/2500 loss=2.657
  derivmatch lr=0.001 iter=1125/2500 loss=2.652
  derivmatch lr=0.001 iter=1250/2500 loss=2.647
  derivmatch lr=0.001 iter=1375/2500 loss=2.648
  derivmatch lr=0.001 iter=1500/2500 loss=2.645
  derivmatch lr=0.001 iter=1625/2500 loss=2.639
  derivmatch lr=0.001 iter=1750/2500 loss=2.637
  derivmatch lr=0.001 iter=1875/2500 loss=2.634
  derivmatch lr=0.001 iter=2000/2500 loss=2.632
  derivmatch lr=0.001 iter=2125/2500 loss=2.63
  derivmatch lr=0.001 iter=2250/2500 loss=2.629
  derivmatch lr=0.001 iter=2375/2500 loss=2.626
  derivmatch lr=0.001 iter=2500/2500 loss=2.625
  derivmatch lr=0.001 iter=2500/2500 loss=2.436
  derivmatch lr=0.0003 iter=80/1600 loss=2.373
  derivmatch lr=0.0003 iter=160/1600 loss=2.37
  derivmatch lr=0.0003 iter=240/1600 loss=2.367
  derivmatch lr=0.0003 iter=320/1600 loss=2.364
  derivmatch lr=0.0003 iter=400/1600 loss=2.362
  derivmatch lr=0.0003 iter=480/1600 loss=2.359
  derivmatch lr=0.0003 iter=560/1600 loss=2.356
  derivmatch lr=0.0003 iter=640/1600 loss=2.354
  derivmatch lr=0.0003 iter=720/1600 loss=2.351
  derivmatch lr=0.0003 iter=800/1600 loss=2.348
  derivmatch lr=0.0003 iter=880/1600 loss=2.346
  derivmatch lr=0.0003 iter=960/1600 loss=2.343
  derivmatch lr=0.0003 iter=1040/1600 loss=2.34
  derivmatch lr=0.0003 iter=1120/1600 loss=2.338
  derivmatch lr=0.0003 iter=1200/1600 loss=2.335
  derivmatch lr=0.0003 iter=1280/1600 loss=2.333
  derivmatch lr=0.0003 iter=1360/1600 loss=2.33
  derivmatch lr=0.0003 iter=1440/1600 loss=2.327
  derivmatch lr=0.0003 iter=1520/1600 loss=2.326
  derivmatch lr=0.0003 iter=1600/1600 loss=2.322
  derivmatch lr=0.0003 iter=1600/1600 loss=2.322
derivative matching [31s]  fitloss=2.32
  [derivative matching]  nrmse=0.4265  l2=485900.0
  shooting iter=50/1000 loss=0.4047
  shooting iter=100/1000 loss=0.4032
  shooting iter=150/1000 loss=0.401
  shooting iter=200/1000 loss=0.3986
  shooting iter=250/1000 loss=0.3961
  shooting iter=300/1000 loss=0.3936
  shooting iter=350/1000 loss=0.391
  shooting iter=400/1000 loss=0.3883
  shooting iter=450/1000 loss=0.3856
  shooting iter=500/1000 loss=0.3827
  shooting iter=550/1000 loss=0.3798
  shooting iter=600/1000 loss=0.3768
  shooting iter=650/1000 loss=0.3737
  shooting iter=700/1000 loss=0.3706
  shooting iter=750/1000 loss=0.3675
  shooting iter=800/1000 loss=0.3643
  shooting iter=850/1000 loss=0.3611
  shooting iter=900/1000 loss=0.3578
  shooting iter=950/1000 loss=0.3545
  shooting iter=1000/1000 loss=0.3511
  shooting iter=1000/1000 loss=0.2214
shooting [8308s]  loss=0.221
  [final]  nrmse=0.4263  l2=485900.0
extrapolation window: T=180.0 -> T_test=360.0  n_test=224
  [train]  E_traj=0.9984  E_VF=109.5  E_spec=1.013
  [test ]  E_traj=0.9986  E_VF=177.5  E_spec=1.583
saved /orcd/home/002/txenakis/projects/BVPsolver/src/../data/runs/run_VjQgpbqC/orego_fit.png
saved /orcd/home/002/txenakis/projects/BVPsolver/src/../data/runs/run_VjQgpbqC/orego_fit_extrapolated.png
saved /orcd/home/002/txenakis/projects/BVPsolver/src/../data/runs/run_VjQgpbqC/orego_spectral_fit_extrapolated.png
saved /orcd/home/002/txenakis/projects/BVPsolver/src/../data/runs/run_VjQgpbqC/orego_vf_fit_extrapolated.png
┌ Warning: Attempting to store StiffNN.var"#20#21"{Float64, Float64, Float64}.
│ JLD2 only stores functions by name.
│  This may not be useful for anonymous functions.
└ @ JLD2 ~/.julia/packages/JLD2/ADycq/src/data/writing_datatypes.jl:447
saved run → /orcd/home/002/txenakis/projects/BVPsolver/src/../data/runs/run_VjQgpbqC
