vanderpol  model=GELU-scaled d=2 tlen=151 profile=fast seed=15  solver=Kvaerno5  N=177
  derivmatch lr=0.01 iter=170/3400 loss=3.552
  derivmatch lr=0.01 iter=340/3400 loss=3.382
  derivmatch lr=0.01 iter=510/3400 loss=3.175
  derivmatch lr=0.01 iter=680/3400 loss=2.61
  derivmatch lr=0.01 iter=850/3400 loss=2.258
  derivmatch lr=0.01 iter=1020/3400 loss=1.9
  derivmatch lr=0.01 iter=1190/3400 loss=1.746
  derivmatch lr=0.01 iter=1360/3400 loss=1.833
  derivmatch lr=0.01 iter=1530/3400 loss=1.66
  derivmatch lr=0.01 iter=1700/3400 loss=1.633
  derivmatch lr=0.01 iter=1870/3400 loss=1.62
  derivmatch lr=0.01 iter=2040/3400 loss=1.614
  derivmatch lr=0.01 iter=2210/3400 loss=2.911
  derivmatch lr=0.01 iter=2380/3400 loss=2.624
  derivmatch lr=0.01 iter=2550/3400 loss=1.568
  derivmatch lr=0.01 iter=2720/3400 loss=1.512
  derivmatch lr=0.01 iter=2890/3400 loss=1.527
  derivmatch lr=0.01 iter=3060/3400 loss=1.497
  derivmatch lr=0.01 iter=3230/3400 loss=1.483
  derivmatch lr=0.01 iter=3400/3400 loss=1.491
  derivmatch lr=0.01 iter=3400/3400 loss=1.47
  derivmatch lr=0.003 iter=125/2500 loss=1.463
  derivmatch lr=0.003 iter=250/2500 loss=1.453
  derivmatch lr=0.003 iter=375/2500 loss=1.446
  derivmatch lr=0.003 iter=500/2500 loss=1.443
  derivmatch lr=0.003 iter=625/2500 loss=1.437
  derivmatch lr=0.003 iter=750/2500 loss=1.431
  derivmatch lr=0.003 iter=875/2500 loss=1.529
  derivmatch lr=0.003 iter=1000/2500 loss=1.425
  derivmatch lr=0.003 iter=1125/2500 loss=1.421
  derivmatch lr=0.003 iter=1250/2500 loss=1.407
  derivmatch lr=0.003 iter=1375/2500 loss=1.151
  derivmatch lr=0.003 iter=1500/2500 loss=0.8218
  derivmatch lr=0.003 iter=1625/2500 loss=0.7388
  derivmatch lr=0.003 iter=1750/2500 loss=0.6669
  derivmatch lr=0.003 iter=1875/2500 loss=0.6321
  derivmatch lr=0.003 iter=2000/2500 loss=0.6048
  derivmatch lr=0.003 iter=2125/2500 loss=0.578
  derivmatch lr=0.003 iter=2250/2500 loss=0.5539
  derivmatch lr=0.003 iter=2375/2500 loss=0.5335
  derivmatch lr=0.003 iter=2500/2500 loss=0.5273
  derivmatch lr=0.003 iter=2500/2500 loss=0.5156
  derivmatch lr=0.001 iter=125/2500 loss=0.4969
  derivmatch lr=0.001 iter=250/2500 loss=0.4795
  derivmatch lr=0.001 iter=375/2500 loss=0.4635
  derivmatch lr=0.001 iter=500/2500 loss=0.4494
  derivmatch lr=0.001 iter=625/2500 loss=0.4349
  derivmatch lr=0.001 iter=750/2500 loss=0.4258
  derivmatch lr=0.001 iter=875/2500 loss=0.4109
  derivmatch lr=0.001 iter=1000/2500 loss=0.4011
  derivmatch lr=0.001 iter=1125/2500 loss=0.3925
  derivmatch lr=0.001 iter=1250/2500 loss=0.3834
  derivmatch lr=0.001 iter=1375/2500 loss=0.3749
  derivmatch lr=0.001 iter=1500/2500 loss=0.3675
  derivmatch lr=0.001 iter=1625/2500 loss=0.3597
  derivmatch lr=0.001 iter=1750/2500 loss=0.3526
  derivmatch lr=0.001 iter=1875/2500 loss=0.3457
  derivmatch lr=0.001 iter=2000/2500 loss=0.3393
  derivmatch lr=0.001 iter=2125/2500 loss=0.3332
  derivmatch lr=0.001 iter=2250/2500 loss=0.3271
  derivmatch lr=0.001 iter=2375/2500 loss=0.3214
  derivmatch lr=0.001 iter=2500/2500 loss=0.3157
  derivmatch lr=0.001 iter=2500/2500 loss=0.3157
  derivmatch lr=0.0003 iter=80/1600 loss=0.3145
  derivmatch lr=0.0003 iter=160/1600 loss=0.3132
  derivmatch lr=0.0003 iter=240/1600 loss=0.3119
  derivmatch lr=0.0003 iter=320/1600 loss=0.3106
  derivmatch lr=0.0003 iter=400/1600 loss=0.3093
  derivmatch lr=0.0003 iter=480/1600 loss=0.3081
  derivmatch lr=0.0003 iter=560/1600 loss=0.3068
  derivmatch lr=0.0003 iter=640/1600 loss=0.3055
  derivmatch lr=0.0003 iter=720/1600 loss=0.3042
  derivmatch lr=0.0003 iter=800/1600 loss=0.3029
  derivmatch lr=0.0003 iter=880/1600 loss=0.3016
  derivmatch lr=0.0003 iter=960/1600 loss=0.3003
  derivmatch lr=0.0003 iter=1040/1600 loss=0.299
  derivmatch lr=0.0003 iter=1120/1600 loss=0.2977
  derivmatch lr=0.0003 iter=1200/1600 loss=0.2964
  derivmatch lr=0.0003 iter=1280/1600 loss=0.2952
  derivmatch lr=0.0003 iter=1360/1600 loss=0.2939
  derivmatch lr=0.0003 iter=1440/1600 loss=0.2926
  derivmatch lr=0.0003 iter=1520/1600 loss=0.2914
  derivmatch lr=0.0003 iter=1600/1600 loss=0.2901
  derivmatch lr=0.0003 iter=1600/1600 loss=0.2901
derivative matching [27s]  fitloss=0.29
  [derivative matching]  nrmse=0.4146  l2=325.7

******************************************************************************
This program contains Ipopt, a library for large-scale nonlinear optimization.
 Ipopt is released as open source code under the Eclipse Public License (EPL).
         For more information visit https://github.com/coin-or/Ipopt
******************************************************************************

This is Ipopt version 3.14.19, running with linear solver MUMPS 5.9.0.

Number of nonzeros in equality constraint Jacobian...:    99360
Number of nonzeros in inequality constraint Jacobian.:        0
Number of nonzeros in Lagrangian Hessian.............:        0

Total number of variables............................:      479
                     variables with only lower bounds:        0
                variables with lower and upper bounds:        0
                     variables with only upper bounds:        0
Total number of equality constraints.................:      304
Total number of inequality constraints...............:        0
        inequality constraints with only lower bounds:        0
   inequality constraints with lower and upper bounds:        0
        inequality constraints with only upper bounds:        0

iter    objective    inf_pr   inf_du lg(mu)  ||d||  lg(rg) alpha_du alpha_pr  ls
   0  2.0007265e-03 1.29e+00 3.24e-05   0.0 0.00e+00    -  0.00e+00 0.00e+00   0
   1  3.2911564e-02 1.80e+00 2.49e+01 -11.0 1.80e+00    -  1.00e+00 6.25e-02h  5
   2  1.0050221e-01 1.61e+00 7.54e+00 -11.0 1.72e+00    -  1.00e+00 6.25e-02h  5
   3  1.4588733e-01 1.49e+00 1.83e+01 -11.0 1.78e+00    -  1.00e+00 3.12e-02h  6
   4  1.9675540e-01 1.39e+00 1.70e+01 -11.0 1.53e+00    -  1.00e+00 3.12e-02h  6
   5  2.1856859e-01 1.35e+00 1.74e+01 -11.0 1.13e+00    -  1.00e+00 1.56e-02h  7
   6  2.4173522e-01 1.32e+00 1.73e+01 -11.0 1.10e+00    -  1.00e+00 1.56e-02h  7
   7  2.6645189e-01 1.28e+00 1.69e+01 -11.0 1.09e+00    -  1.00e+00 1.56e-02h  7
   8  3.7519191e-01 1.59e+00 1.24e+01 -11.0 1.03e+00    -  1.00e+00 6.25e-02h  5
   9  4.9872510e-01 1.63e+00 1.41e+01 -11.0 1.09e+00    -  1.00e+00 6.25e-02h  5
iter    objective    inf_pr   inf_du lg(mu)  ||d||  lg(rg) alpha_du alpha_pr  ls
  10  6.1234661e-01 1.52e+00 2.01e+01 -11.0 1.05e+00    -  1.00e+00 6.25e-02h  5
  11  4.4688653e+00 1.53e+02 3.88e+02 -11.0 9.71e-01    -  1.00e+00 1.00e+00w  1
  12  4.3705691e+00 6.28e+01 9.08e+02 -11.0 5.87e-01    -  1.00e+00 1.00e+00w  1
  13  4.7964479e+00 3.42e+01 3.12e+03 -11.0 4.55e-01    -  1.00e+00 1.00e+00w  1
  14  8.7907343e-01 1.22e+00 2.79e+01 -11.0 2.18e-01    -  1.00e+00 1.25e-01h  3
  15  9.9438946e-01 1.17e+00 2.92e+01 -11.0 7.75e-01    -  1.00e+00 6.25e-02h  5
  16  1.0121746e+00 1.19e+00 2.91e+01 -11.0 7.17e-01    -  1.00e+00 1.56e-02h  7
  17  1.0283626e+00 1.19e+00 2.86e+01 -11.0 5.97e-01    -  1.00e+00 1.56e-02h  7
  18  1.0433409e+00 1.18e+00 2.80e+01 -11.0 4.90e-01    -  1.00e+00 1.56e-02h  7
  19  1.0596282e+00 1.15e+00 2.78e+01 -11.0 4.61e-01    -  1.00e+00 1.56e-02h  7
iter    objective    inf_pr   inf_du lg(mu)  ||d||  lg(rg) alpha_du alpha_pr  ls
  20  1.0714226e+00 1.11e+00 2.76e+01 -11.0 4.95e-01    -  1.00e+00 1.56e-02h  7
  21  1.0796480e+00 1.06e+00 2.73e+01 -11.0 6.03e-01    -  1.00e+00 1.56e-02h  7
  22  1.0861511e+00 1.04e+00 2.69e+01 -11.0 6.47e-01    -  1.00e+00 1.56e-02h  7
  23  1.1010575e+00 1.01e+00 2.75e+01 -11.0 6.70e-01    -  1.00e+00 3.12e-02h  6
  24  7.7852737e+00 4.22e+01 6.93e+01 -11.0 1.13e+00    -  1.00e+00 1.00e+00w  1
  25  1.6837807e+01 2.63e+03 2.60e+03 -11.0 1.76e+00    -  1.00e+00 1.00e+00w  1
  26  2.5724846e+02 2.19e+04 5.07e+04 -11.0 1.01e+01    -  1.00e+00 1.00e+00w  1
  27  1.0995462e+00 8.69e-01 2.10e+01 -11.0 2.29e+00    -  1.00e+00 6.25e-02h  4
  28  1.2779415e+00 7.63e-01 6.00e+01 -11.0 5.31e-01    -  1.00e+00 1.25e-01h  4
  29  1.4540512e+00 6.54e-01 5.66e+01 -11.0 5.16e-01    -  1.00e+00 1.25e-01h  4
iter    objective    inf_pr   inf_du lg(mu)  ||d||  lg(rg) alpha_du alpha_pr  ls
  30  1.5539795e+00 1.11e+00 4.75e+01 -11.0 3.95e-01    -  1.00e+00 1.25e-01h  4
  31  1.4899962e+00 9.08e-01 4.49e+01 -11.0 3.61e+00    -  1.00e+00 3.12e-02h  6
  32  2.0129032e+00 2.05e+00 6.96e+01 -11.0 2.86e-01    -  1.00e+00 5.00e-01h  2
  33  2.0422845e+00 1.64e+00 4.35e+01 -11.0 2.87e-01    -  1.00e+00 2.50e-01h  3
  34  1.8559991e+00 1.85e+00 5.39e+01 -11.0 2.24e+01    -  1.00e+00 7.81e-03f  8
  35  1.7251923e+00 2.00e+00 6.93e+01 -11.0 1.91e+00    -  1.00e+00 6.25e-02h  5
  36  1.8818146e+00 1.47e+00 4.73e+01 -11.0 3.92e-01    -  1.00e+00 2.50e-01h  3
  37  2.5517633e+00 1.21e+00 4.73e+01 -11.0 2.98e-01    -  1.00e+00 1.00e+00w  1
  38  2.2370273e+00 2.88e+00 6.10e+01 -11.0 5.95e-01    -  1.00e+00 1.00e+00w  1
  39  3.8548796e+00 1.27e+01 2.14e+02 -11.0 1.13e+00    -  1.00e+00 1.00e+00w  1
iter    objective    inf_pr   inf_du lg(mu)  ||d||  lg(rg) alpha_du alpha_pr  ls
  40  2.1757494e+00 4.96e-01 3.27e+01 -11.0 4.29e+00    -  1.00e+00 5.00e-01h  1
  41  2.0610833e+00 6.35e-01 3.27e+01 -11.0 2.63e+00    -  1.00e+00 3.12e-02h  6
  42  1.9962998e+00 5.63e-01 2.47e+01 -11.0 2.74e-01    -  1.00e+00 1.25e-01h  4
  43  1.9519898e+00 4.93e-01 1.68e+01 -11.0 2.12e-01    -  1.00e+00 1.25e-01h  4
  44  1.8452083e+00 3.59e-01 1.45e+01 -11.0 1.12e+00    -  1.00e+00 6.25e-02h  5
  45  1.7199770e+00 2.69e-01 2.24e+01 -11.0 3.40e+00    -  1.00e+00 3.12e-02h  6
  46  1.7077959e+00 3.64e+01 1.03e+02 -11.0 6.05e-01    -  1.00e+00 5.00e-01h  2
  47  1.3573945e+00 2.52e+01 5.04e+02 -11.0 8.45e-01    -  1.00e+00 5.00e-01h  2
  48  1.4967655e+00 4.44e+00 5.58e+01 -11.0 3.01e-01    -  1.00e+00 1.00e+00h  1
  49  1.4623272e+00 1.16e+01 1.14e+02 -11.0 3.26e-01    -  1.00e+00 5.00e-01h  2
iter    objective    inf_pr   inf_du lg(mu)  ||d||  lg(rg) alpha_du alpha_pr  ls
  50  1.4173141e+00 1.97e+00 6.08e+01 -11.0 6.34e-01    -  1.00e+00 5.00e-01h  2
  51  1.4168561e+00 5.53e+00 4.89e+01 -11.0 4.38e-01    -  1.00e+00 5.00e-01h  2
  52  1.4086095e+00 1.08e+00 1.77e+02 -11.0 2.55e-01    -  1.00e+00 5.00e-01h  2
  53  1.3967348e+00 2.20e-01 5.69e+01 -11.0 1.09e-01    -  1.00e+00 5.00e-01h  2
  54  1.3767835e+00 1.08e+00 2.62e+01 -11.0 1.92e-01    -  1.00e+00 5.00e-01h  2
  55  1.3111852e+00 8.01e+00 5.09e+01 -11.0 2.17e-01    -  1.00e+00 1.00e+00h  1
  56  1.2393083e+00 5.84e+00 6.16e+01 -11.0 3.92e+00    -  1.00e+00 3.12e-02h  6
  57  1.0693185e+00 8.82e+00 3.02e+02 -11.0 1.69e-01    -  1.00e+00 1.00e+00h  1
  58  1.0243497e+00 1.02e+01 1.44e+02 -11.0 2.86e-01    -  1.00e+00 5.00e-01h  2
  59  9.4948436e-01 7.36e+00 2.73e+02 -11.0 3.04e-01    -  1.00e+00 5.00e-01h  2
iter    objective    inf_pr   inf_du lg(mu)  ||d||  lg(rg) alpha_du alpha_pr  ls
  60  8.8166909e-01 5.32e+00 3.11e+02 -11.0 3.72e-01    -  1.00e+00 5.00e-01h  2
  61  9.2721220e-01 1.17e+01 8.33e+03 -11.0 1.95e-01    -  1.00e+00 5.00e-01h  2
  62  9.2545128e-01 4.44e+01 8.90e+03 -11.0 1.69e-01    -  1.00e+00 1.00e+00h  1
  63  8.8073111e-01 2.37e+01 4.06e+04 -11.0 2.09e-01    -  1.00e+00 5.00e-01h  2
  64  8.5973352e-01 1.71e+01 1.21e+03 -11.0 2.09e-01    -  1.00e+00 1.00e+00h  1
  65  8.2634285e-01 3.04e+01 5.00e+04 -11.0 8.45e-01    -  1.00e+00 1.25e-01h  4
  66  8.6152142e-01 2.31e+01 3.42e+04 -11.0 3.17e-01    -  1.00e+00 2.50e-01h  3
  67  8.6260630e-01 2.16e+01 3.11e+04 -11.0 2.91e-01    -  1.00e+00 6.25e-02h  5
  68  8.6594435e-01 1.63e+01 2.23e+04 -11.0 4.07e-01    -  1.00e+00 2.50e-01h  3
  69  7.9174330e-01 7.61e+00 1.00e+04 -11.0 1.98e-01    -  1.00e+00 5.00e-01h  2
iter    objective    inf_pr   inf_du lg(mu)  ||d||  lg(rg) alpha_du alpha_pr  ls
  70  8.9408478e-01 5.34e+00 2.96e+04 -11.0 1.11e-01    -  1.00e+00 1.00e+00h  1
  71  9.2005128e-01 5.12e+00 2.20e+04 -11.0 1.03e-01    -  1.00e+00 2.50e-01h  3
  72  9.1938297e-01 5.01e+00 1.66e+04 -11.0 1.01e-01    -  1.00e+00 2.50e-01h  3
  73  8.5031086e-01 3.24e+00 1.19e+04 -11.0 1.93e-01    -  1.00e+00 5.00e-01h  2
  74  8.0236330e-01 1.22e+00 1.78e+03 -11.0 2.18e-01    -  1.00e+00 1.00e+00h  1
  75  8.0346151e-01 9.18e-01 1.15e+03 -11.0 9.70e-02    -  1.00e+00 5.00e-01h  2
  76  8.0069761e-01 9.17e-01 7.21e+02 -11.0 6.98e-02    -  1.00e+00 5.00e-01h  2
  77  8.2500085e-01 5.95e-01 2.69e+03 -11.0 5.14e-02    -  1.00e+00 1.00e+00h  1
  78  8.2891370e-01 4.06e-01 4.01e+03 -11.0 7.42e-02    -  1.00e+00 2.50e-01h  3
  79  8.4221332e-01 1.81e-01 4.30e+03 -11.0 7.13e-02    -  1.00e+00 5.00e-01h  2
iter    objective    inf_pr   inf_du lg(mu)  ||d||  lg(rg) alpha_du alpha_pr  ls
  80  8.4911206e-01 1.39e-01 1.61e+03 -11.0 5.97e-02    -  1.00e+00 2.50e-01h  3
  81  8.5489172e-01 1.28e-01 5.88e+02 -11.0 4.76e-02    -  1.00e+00 2.50e-01h  3
  82  8.1202343e-01 1.17e-01 2.88e+02 -11.0 1.52e-01    -  1.00e+00 2.50e-01h  3
  83  7.9504437e-01 4.82e-01 4.86e+02 -11.0 8.50e-02    -  1.00e+00 5.00e-01h  2
  84  7.8241171e-01 2.15e-01 1.93e+02 -11.0 8.28e-02    -  1.00e+00 5.00e-01h  2
  85  7.7958886e-01 6.87e-01 2.43e+01 -11.0 6.12e-02    -  1.00e+00 1.00e+00h  1
  86  7.7568408e-01 7.77e-01 5.41e+02 -11.0 1.12e-01    -  1.00e+00 5.00e-01h  2
  87  7.6548600e-01 2.11e-01 2.19e+02 -11.0 4.75e-02    -  1.00e+00 1.00e+00h  1
  88  7.6719803e-01 1.91e-01 2.07e+02 -11.0 5.09e-02    -  1.00e+00 1.25e-01h  4
  89  7.7067239e-01 1.61e-01 2.34e+02 -11.0 6.61e-02    -  1.00e+00 1.25e-01h  4
iter    objective    inf_pr   inf_du lg(mu)  ||d||  lg(rg) alpha_du alpha_pr  ls
  90  7.7279389e-01 1.49e-01 2.45e+02 -11.0 5.77e-02    -  1.00e+00 6.25e-02h  5
  91  7.7722419e-01 1.25e-01 2.65e+02 -11.0 5.18e-02    -  1.00e+00 1.25e-01h  4
  92  7.6442555e-01 1.83e-01 1.07e+03 -11.0 9.20e-02    -  1.00e+00 5.00e-01h  2
  93  7.6518823e-01 1.38e-01 8.09e+02 -11.0 3.89e-02    -  1.00e+00 2.50e-01h  3
  94  7.6546347e-01 1.34e-01 7.79e+02 -11.0 3.67e-02    -  1.00e+00 3.12e-02h  6
  95  7.6548306e-01 1.33e-01 7.78e+02 -11.0 3.60e-02    -  1.00e+00 1.95e-03h 10
  96  7.6548552e-01 1.33e-01 7.77e+02 -11.0 3.60e-02    -  1.00e+00 2.44e-04h 13
  97  7.5429673e-01 1.10e-01 7.92e+02 -11.0 1.05e-01    -  1.00e+00 5.00e-01h  2
  98  7.1034569e-01 2.57e-01 8.14e+02 -11.0 6.07e-02    -  1.00e+00 1.00e+00h  1
  99  6.8383551e-01 1.62e-01 4.98e+01 -11.0 5.35e-02    -  1.00e+00 1.00e+00h  1
iter    objective    inf_pr   inf_du lg(mu)  ||d||  lg(rg) alpha_du alpha_pr  ls
 100  6.8146757e-01 2.15e-01 1.87e+02 -11.0 2.93e-01    -  1.00e+00 2.50e-01h  3
 101  6.7056375e-01 4.34e-01 1.21e+02 -11.0 2.58e-01    -  1.00e+00 2.50e-01h  3
 102  6.6349841e-01 4.92e-01 1.12e+02 -11.0 3.58e-01    -  1.00e+00 1.25e-01h  4
 103  6.5800702e-01 4.97e-01 1.07e+02 -11.0 5.53e-01    -  1.00e+00 6.25e-02h  5
 104  6.8019985e-01 4.62e-01 3.75e+01 -11.0 1.51e-01    -  1.00e+00 5.00e-01h  2
 105  6.7177868e-01 4.65e-01 3.62e+01 -11.0 2.63e-01    -  1.00e+00 6.25e-02h  5
 106  6.6762696e-01 4.82e-01 3.76e+01 -11.0 1.25e+01    -  1.00e+00 9.77e-04h 11
 107  6.6569268e-01 4.89e-01 3.81e+01 -11.0 4.03e+00    -  1.00e+00 1.95e-03h 10
 108  6.6437098e-01 4.92e-01 3.82e+01 -11.0 1.57e+00    -  1.00e+00 3.91e-03h  9
 109  6.7604739e-01 1.57e-01 1.32e+01 -11.0 5.11e-02    -  1.00e+00 1.00e+00h  1
iter    objective    inf_pr   inf_du lg(mu)  ||d||  lg(rg) alpha_du alpha_pr  ls
 110  6.7338630e-01 1.47e-01 1.39e+01 -11.0 1.15e-01    -  1.00e+00 2.50e-01h  3
 111  6.7311721e-01 1.35e+00 2.42e+02 -11.0 1.17e-01    -  1.00e+00 5.00e-01h  2
 112  6.6382607e-01 6.61e-01 1.69e+01 -11.0 7.54e-02    -  1.00e+00 1.00e+00h  1
 113  6.4711899e-01 7.94e-01 7.69e+01 -11.0 1.69e-01    -  1.00e+00 5.00e-01h  2
 114  6.1529642e-01 8.05e-01 7.03e+01 -11.0 1.87e-01    -  1.00e+00 2.50e-01h  3
 115  6.1147895e-01 2.83e+00 8.90e+01 -11.0 5.01e-02    -  1.00e+00 5.00e-01h  2
 116  6.1562617e-01 2.82e+00 4.17e+01 -11.0 4.65e-02    -  1.00e+00 5.00e-01h  2
 117  6.5013445e-01 5.97e-01 6.11e+01 -11.0 6.27e-02    -  1.00e+00 1.00e+00h  1
 118  6.4640245e-01 3.92e-01 3.45e+01 -11.0 2.74e+00    -  1.00e+00 3.12e-02h  6
 119  6.4303140e-01 2.13e-01 9.51e+01 -11.0 1.11e-01    -  1.00e+00 1.25e-01h  4
iter    objective    inf_pr   inf_du lg(mu)  ||d||  lg(rg) alpha_du alpha_pr  ls
 120  6.3162394e-01 1.01e+00 8.15e+01 -11.0 1.86e-01    -  1.00e+00 2.50e-01h  3
 121  6.3900274e-01 2.47e-01 4.56e+01 -11.0 3.73e-01    -  1.00e+00 2.50e-01h  3
 122  6.4183292e-01 2.38e-01 4.47e+01 -11.0 1.42e-01    -  1.00e+00 3.12e-02h  6
 123  6.4271098e-01 2.29e-01 4.73e+01 -11.0 1.45e-01    -  1.00e+00 3.12e-02h  6
 124  6.4282210e-01 2.20e-01 5.60e+01 -11.0 1.38e-01    -  1.00e+00 3.12e-02h  6
 125  6.3591745e-01 1.62e-01 9.20e+01 -11.0 2.32e-01    -  1.00e+00 1.25e-01h  4
 126  6.3852415e-01 1.42e-01 9.74e+01 -11.0 8.30e-02    -  1.00e+00 1.25e-01h  4
 127  6.7526512e-01 3.72e-01 1.08e+02 -11.0 1.09e-01    -  1.00e+00 5.00e-01h  2
 128  8.6727044e-01 9.95e-01 2.25e+03 -11.0 1.75e-01    -  1.00e+00 1.00e+00w  1
 129  1.1331837e+00 3.90e-01 2.68e+03 -11.0 1.63e-01    -  1.00e+00 1.00e+00w  1
iter    objective    inf_pr   inf_du lg(mu)  ||d||  lg(rg) alpha_du alpha_pr  ls
 130  1.1028239e+00 1.51e+00 8.02e+03 -11.0 1.12e-01    -  1.00e+00 1.00e+00w  1
 131  6.7564406e-01 2.95e-01 9.45e+01 -11.0 1.30e-01    -  1.00e+00 1.25e-01h  3
 132  6.9434957e-01 1.30e-01 6.59e+02 -11.0 1.37e-01    -  1.00e+00 2.50e-01h  3
 133  6.9743527e-01 1.22e-01 5.71e+02 -11.0 1.55e-01    -  1.00e+00 6.25e-02h  5
 134  7.0902779e-01 1.04e-01 1.24e+03 -11.0 2.04e-01    -  1.00e+00 1.25e-01h  4
 135  7.1429107e-01 1.17e-01 1.19e+03 -11.0 2.43e-01    -  1.00e+00 6.25e-02h  5
 136  7.3152359e-01 2.30e-01 1.61e+03 -11.0 1.90e-01    -  1.00e+00 1.25e-01h  4
 137  7.3511706e-01 2.45e-01 1.68e+03 -11.0 1.83e-01    -  1.00e+00 3.12e-02h  6
 138  7.4146764e-01 2.17e-01 2.35e+03 -11.0 1.94e-01    -  1.00e+00 6.25e-02h  5
 139  7.6204945e-01 2.41e-01 2.72e+03 -11.0 1.44e-01    -  1.00e+00 1.25e-01h  4
iter    objective    inf_pr   inf_du lg(mu)  ||d||  lg(rg) alpha_du alpha_pr  ls
 140  7.7738796e-01 1.86e-01 1.47e+03 -11.0 2.38e-01    -  1.00e+00 6.25e-02h  5
 141  1.1495569e+00 5.63e+01 4.76e+07 -11.0 3.32e-01    -  1.00e+00 1.00e+00w  1
 142  1.7334534e+00 1.16e+01 5.11e+06 -11.0 2.15e-01    -  1.00e+00 1.00e+00w  1
 143  2.5278797e+00 1.87e+02 1.42e+06 -11.0 2.10e-01    -  1.00e+00 1.00e+00w  1
 144  7.8004865e-01 1.79e-01 1.39e+03 -11.0 9.49e-01    -  1.00e+00 1.56e-02h  6
 145  7.8279448e-01 1.74e-01 1.22e+03 -11.0 3.23e-01    -  1.00e+00 1.56e-02h  7
 146  7.8628544e-01 1.87e-01 1.09e+03 -11.0 3.56e-01    -  1.00e+00 3.12e-02h  6
 147  7.9211427e-01 1.71e-01 1.98e+03 -11.0 4.02e-01    -  1.00e+00 3.12e-02h  6
 148  7.9304330e-01 1.69e-01 2.51e+03 -11.0 4.57e-01    -  1.00e+00 7.81e-03h  8
 149  7.9399746e-01 1.67e-01 3.02e+03 -11.0 4.65e-01    -  1.00e+00 7.81e-03h  8
iter    objective    inf_pr   inf_du lg(mu)  ||d||  lg(rg) alpha_du alpha_pr  ls
 150  7.9497889e-01 1.65e-01 3.53e+03 -11.0 4.72e-01    -  1.00e+00 7.81e-03h  8
 151  7.9172126e-01 2.36e-01 5.47e+03 -11.0 2.92e-01    -  1.00e+00 3.12e-02h  6
 152  7.9236510e-01 2.38e-01 5.98e+03 -11.0 1.95e-01    -  1.00e+00 7.81e-03h  8
 153  7.9248226e-01 2.38e-01 6.37e+03 -11.0 1.63e-01    -  1.00e+00 3.91e-03h  9
 154  1.1520471e+00 2.45e+00 1.31e+06 -11.0 1.60e-01    -  1.00e+00 1.00e+00w  1
 155  1.3747827e+00 3.66e+02 4.73e+04 -11.0 3.18e-01    -  1.00e+00 1.00e+00w  1
 156  1.8443153e+00 1.44e+02 7.51e+02 -11.0 2.96e-01    -  1.00e+00 1.00e+00w  1
 157  7.9257885e-01 2.37e-01 6.86e+03 -11.0 4.61e-01    -  1.00e+00 3.91e-03h  8
 158  7.7160012e-01 2.44e-01 1.64e+04 -11.0 2.69e-01    -  1.00e+00 6.25e-02h  5
 159  7.6032578e-01 2.59e-01 2.35e+04 -11.0 2.20e-01    -  1.00e+00 6.25e-02h  5
iter    objective    inf_pr   inf_du lg(mu)  ||d||  lg(rg) alpha_du alpha_pr  ls
 160  7.4639907e-01 2.81e-01 2.59e+04 -11.0 2.04e-01    -  1.00e+00 6.25e-02h  5
 161  7.1207235e-01 4.03e-01 3.55e+04 -11.0 2.21e-01    -  1.00e+00 2.50e-01h  3
 162  7.0957849e-01 4.21e-01 3.44e+04 -11.0 1.73e-01    -  1.00e+00 6.25e-02h  5
 163  7.4742979e-01 3.80e-01 3.66e+04 -11.0 1.17e-01    -  1.00e+00 5.00e-01h  2
 164  6.9908770e-01 7.07e-01 6.90e+02 -11.0 9.39e-02    -  1.00e+00 1.00e+00h  1
 165  7.0232643e-01 5.16e-01 6.40e+02 -11.0 1.81e-01    -  1.00e+00 2.50e-01h  3
 166  6.8016651e-01 3.78e-01 5.47e+02 -11.0 1.05e-01    -  1.00e+00 1.00e+00h  1
 167  6.4688205e-01 7.84e-01 2.25e+01 -11.0 2.27e-01    -  1.00e+00 1.00e+00h  1
 168  6.3230267e-01 4.11e-01 1.49e+01 -11.0 1.54e-01    -  1.00e+00 5.00e-01h  2
 169  6.2571616e-01 3.26e-01 1.13e+01 -11.0 1.60e-01    -  1.00e+00 2.50e-01h  3
iter    objective    inf_pr   inf_du lg(mu)  ||d||  lg(rg) alpha_du alpha_pr  ls
 170  6.1583262e-01 2.45e-01 9.93e+00 -11.0 1.75e-01    -  1.00e+00 2.50e-01h  3
 171  6.1490405e-01 2.76e-01 8.63e+02 -11.0 9.84e-02    -  1.00e+00 2.50e-01h  3
 172  6.3557274e-01 1.00e-01 4.66e+01 -11.0 7.79e-02    -  1.00e+00 1.00e+00h  1
 173  6.2373694e-01 9.69e-02 4.38e+01 -11.0 1.24e-01    -  1.00e+00 2.50e-01h  3
 174  6.1970356e-01 7.92e-02 3.58e+01 -11.0 1.16e-01    -  1.00e+00 2.50e-01h  3
 175  6.1577674e-01 9.31e-02 2.08e+01 -11.0 1.52e+00    -  1.00e+00 1.56e-02h  7
 176  6.1235606e-01 1.93e-01 4.06e+01 -11.0 8.36e-02    -  1.00e+00 2.50e-01h  3
 177  6.0484342e-01 1.91e-01 3.12e+01 -11.0 8.64e-02    -  1.00e+00 5.00e-01h  2
 178  6.1046692e-01 3.98e-02 1.79e+02 -11.0 4.33e-02    -  1.00e+00 1.00e+00h  1
 179  6.5722492e-01 2.91e-02 6.34e+02 -11.0 6.50e-02    -  1.00e+00 1.00e+00H  1
iter    objective    inf_pr   inf_du lg(mu)  ||d||  lg(rg) alpha_du alpha_pr  ls
 180  6.4767017e-01 2.84e-02 3.83e+02 -11.0 1.17e-01    -  1.00e+00 1.25e-01h  4
 181  5.9988412e-01 2.15e-01 2.63e+03 -11.0 1.01e-01    -  1.00e+00 1.00e+00h  1
 182  5.8424757e-01 1.30e-01 1.01e+02 -11.0 1.20e-01    -  1.00e+00 1.00e+00h  1
 183  5.6569042e-01 8.02e-01 4.53e+03 -11.0 9.95e-02    -  1.00e+00 1.00e+00h  1
 184  5.5221534e-01 5.84e-02 1.68e+01 -11.0 5.16e-02    -  1.00e+00 1.00e+00h  1
 185  5.3776060e-01 2.11e-01 1.93e+02 -11.0 5.80e-02    -  1.00e+00 1.00e+00h  1
 186  5.3466061e-01 4.87e+00 9.48e+04 -11.0 7.96e-02    -  1.00e+00 1.00e+00h  1
 187  5.3766182e-01 4.58e+00 1.11e+05 -11.0 2.53e-01    -  1.00e+00 6.25e-02h  5
 188  5.3771168e-01 4.56e+00 1.11e+05 -11.0 5.51e-02    -  1.00e+00 3.91e-03h  9
 189  5.3773655e-01 4.55e+00 1.11e+05 -11.0 5.44e-02    -  1.00e+00 1.95e-03h 10
iter    objective    inf_pr   inf_du lg(mu)  ||d||  lg(rg) alpha_du alpha_pr  ls
 190  5.1875642e-01 2.72e+00 9.89e+04 -11.0 2.33e-01    -  1.00e+00 5.00e-01h  2
 191  5.3777131e-01 1.20e+00 1.53e+04 -11.0 2.28e-02    -  1.00e+00 1.00e+00h  1
 192  5.5146564e-01 1.23e-01 2.05e+04 -11.0 2.00e-02    -  1.00e+00 1.00e+00h  1
 193  5.7982977e-01 3.05e-02 3.02e+04 -11.0 8.39e-03    -  1.00e+00 1.00e+00H  1
 194  5.8643491e-01 2.91e-02 5.09e+04 -11.0 3.15e-02    -  1.00e+00 2.50e-01h  3
 195  5.9241003e-01 2.90e-02 4.70e+04 -11.0 2.24e-02    -  1.00e+00 2.50e-01h  3
 196  5.9781732e-01 2.81e-02 3.44e+04 -11.0 2.50e-02    -  1.00e+00 2.50e-01h  3
 197  6.0315683e-01 3.01e-02 2.55e+04 -11.0 2.32e-02    -  1.00e+00 2.50e-01h  3
 198  6.0500810e-01 2.96e-02 2.24e+04 -11.0 1.80e-02    -  1.00e+00 1.25e-01h  4
 199  6.0596070e-01 2.90e-02 2.05e+04 -11.0 1.69e-02    -  1.00e+00 6.25e-02h  5
iter    objective    inf_pr   inf_du lg(mu)  ||d||  lg(rg) alpha_du alpha_pr  ls
 200  6.0348404e-01 2.96e-02 1.85e+04 -11.0 1.40e-01    -  1.00e+00 1.56e-02h  7
 201  6.0115290e-01 3.00e-02 1.64e+04 -11.0 1.42e-01    -  1.00e+00 1.56e-02h  7
 202  5.9897477e-01 3.04e-02 1.43e+04 -11.0 1.44e-01    -  1.00e+00 1.56e-02h  7
 203  5.9695180e-01 3.06e-02 1.23e+04 -11.0 1.44e-01    -  1.00e+00 1.56e-02h  7
 204  6.0731458e-01 7.96e-01 4.33e+03 -11.0 1.43e-01    -  1.00e+00 1.00e+00w  1
 205  6.1363028e-01 5.18e-02 1.37e+03 -11.0 1.97e-02    -  1.00e+00 1.00e+00w  1
 206  5.8542383e-01 5.84e-02 2.05e+04 -11.0 6.03e-02    -  1.00e+00 1.00e+00w  1
 207  5.7756021e-01 1.12e-02 2.09e+02 -11.0 1.99e-02    -  1.00e+00 1.00e+00h  1
 208  5.6941069e-01 1.51e-02 4.08e+03 -11.0 9.73e-02    -  1.00e+00 5.00e-01h  2
 209  5.6370823e-01 3.01e-02 4.18e+03 -11.0 8.64e-02    -  1.00e+00 5.00e-01h  2
iter    objective    inf_pr   inf_du lg(mu)  ||d||  lg(rg) alpha_du alpha_pr  ls
 210  5.5543390e-01 6.29e-03 2.04e+03 -11.0 3.03e-02    -  1.00e+00 1.00e+00h  1
 211  5.2670087e-01 1.43e-01 2.29e+03 -11.0 4.61e-02    -  1.00e+00 1.00e+00h  1
 212  5.1440986e-01 1.13e-02 1.04e+02 -11.0 2.41e-02    -  1.00e+00 1.00e+00h  1
 213  4.8590002e-01 1.16e-01 4.10e+02 -11.0 1.01e-01    -  1.00e+00 1.00e+00h  1
 214  4.7067116e-01 4.55e-01 7.11e+03 -11.0 9.35e-02    -  1.00e+00 5.00e-01h  2
 215  4.7325741e-01 9.01e-02 1.96e+02 -11.0 3.42e-02    -  1.00e+00 1.00e+00h  1
 216  4.6584308e-01 1.95e-01 5.87e+03 -11.0 8.99e-02    -  1.00e+00 5.00e-01h  2
 217  4.6305328e-01 1.11e-01 4.23e+01 -11.0 4.54e-02    -  1.00e+00 1.00e+00h  1
 218  4.5904279e-01 4.67e-02 5.17e+01 -11.0 1.94e-02    -  1.00e+00 1.00e+00h  1
 219  4.6070786e-01 6.34e-03 1.74e+01 -11.0 3.32e-02    -  1.00e+00 1.00e+00h  1
iter    objective    inf_pr   inf_du lg(mu)  ||d||  lg(rg) alpha_du alpha_pr  ls
 220  4.5664477e-01 7.05e-03 2.61e+02 -11.0 4.85e-02    -  1.00e+00 5.00e-01h  2
 221  4.5532520e-01 8.39e-03 8.93e+02 -11.0 3.88e-02    -  1.00e+00 5.00e-01h  2
 222  4.5321235e-01 1.51e-02 1.01e+03 -11.0 9.29e-02    -  1.00e+00 2.50e-01h  3
 223  4.5072715e-01 8.35e-03 4.59e+01 -11.0 1.35e-02    -  1.00e+00 1.00e+00h  1
 224  4.4741070e-01 3.01e-02 1.52e+02 -11.0 4.68e-02    -  1.00e+00 5.00e-01h  2
 225  4.4870728e-01 2.58e-02 1.38e+02 -11.0 5.64e-02    -  1.00e+00 1.25e-01h  4
 226  4.4946728e-01 2.85e-02 1.49e+02 -11.0 5.32e-02    -  1.00e+00 1.25e-01h  4
 227  4.4955386e-01 2.76e-02 1.46e+02 -11.0 4.87e-02    -  1.00e+00 3.12e-02h  6
 228  4.4936522e-01 2.70e-02 1.46e+02 -11.0 1.19e-01    -  1.00e+00 1.56e-02h  7
 229  4.4931624e-01 2.68e-02 1.45e+02 -11.0 1.06e-01    -  1.00e+00 7.81e-03h  8
iter    objective    inf_pr   inf_du lg(mu)  ||d||  lg(rg) alpha_du alpha_pr  ls
 230  4.4929021e-01 2.65e-02 1.44e+02 -11.0 1.00e-01    -  1.00e+00 7.81e-03h  8
 231  4.4937817e-01 2.64e-02 1.43e+02 -11.0 4.19e-02    -  1.00e+00 7.81e-03h  8
 232  4.4944954e-01 2.62e-02 1.42e+02 -11.0 6.70e-02    -  1.00e+00 7.81e-03h  8
 233  4.4946696e-01 2.61e-02 1.42e+02 -11.0 6.73e-02    -  1.00e+00 1.95e-03h 10
 234  4.9161145e-01 1.07e+00 4.63e+03 -11.0 6.73e-02    -  1.00e+00 1.00e+00w  1
 235  4.7137157e-01 1.34e+00 9.38e+03 -11.0 8.54e-02    -  1.00e+00 1.00e+00w  1
 236  4.9947335e-01 6.84e+00 1.14e+04 -11.0 7.14e-02    -  1.00e+00 1.00e+00w  1
 237  4.4946723e-01 2.61e-02 1.42e+02 -11.0 3.51e-02    -  1.00e+00 3.05e-05h 15
 238  4.5039339e-01 2.55e-02 1.48e+02 -11.0 3.91e-02    -  1.00e+00 6.25e-02h  5
 239  4.5064778e-01 2.52e-02 1.69e+02 -11.0 5.61e-02    -  1.00e+00 1.56e-02h  7
iter    objective    inf_pr   inf_du lg(mu)  ||d||  lg(rg) alpha_du alpha_pr  ls
 240  4.5071381e-01 2.51e-02 1.76e+02 -11.0 5.49e-02    -  1.00e+00 3.91e-03h  9
 241  4.5072058e-01 2.51e-02 1.77e+02 -11.0 6.19e-02    -  1.00e+00 4.88e-04h 12
 242  4.5042496e-01 2.50e-02 1.41e+02 -11.0 1.93e-01    -  1.00e+00 7.81e-03h  8
 243  4.5034944e-01 2.50e-02 1.41e+02 -11.0 2.14e+00    -  1.00e+00 1.22e-04h 14
 244  4.5028967e-01 2.50e-02 1.41e+02 -11.0 1.04e+02    -  1.00e+00 1.91e-06h 20
 245  4.5020706e-01 1.07e-01 3.90e+02 -11.0 6.87e-01    -  1.00e+00 3.12e-02h  6
 246  4.4961086e-01 4.32e-01 5.99e+02 -11.0 1.43e+00    -  1.00e+00 3.12e-02h  6
 247  4.7466890e-01 5.61e-01 2.53e+02 -11.0 1.02e-01    -  1.00e+00 1.00e+00w  1
 248  4.5741624e-01 4.25e-01 5.47e+01 -11.0 7.79e-02    -  1.00e+00 1.00e+00w  1
 249  4.6609270e-01 2.21e+01 4.49e+04 -11.0 9.77e-02    -  1.00e+00 1.00e+00w  1
iter    objective    inf_pr   inf_du lg(mu)  ||d||  lg(rg) alpha_du alpha_pr  ls
 250  4.4909971e-01 3.61e-01 3.86e+02 -11.0 1.58e-01    -  1.00e+00 5.00e-01h  1
 251  4.4975865e-01 3.38e-01 1.44e+03 -11.0 9.31e-02    -  1.00e+00 6.25e-02h  5
 252  4.5013795e-01 3.33e-01 1.63e+03 -11.0 1.52e-01    -  1.00e+00 1.56e-02h  7
 253  4.5020169e-01 3.32e-01 1.67e+03 -11.0 2.10e-01    -  1.00e+00 1.95e-03h 10
 254  4.5020569e-01 3.32e-01 1.68e+03 -11.0 2.09e-01    -  1.00e+00 1.22e-04h 14
 255  4.5020669e-01 3.32e-01 1.68e+03 -11.0 2.09e-01    -  1.00e+00 3.05e-05h 16
 256  4.9950493e-01 9.79e-02 3.24e+03 -11.0 1.02e-01    -  1.00e+00 1.00e+00h  1
 257  4.7304981e-01 3.20e-01 2.13e+03 -11.0 1.36e-01    -  1.00e+00 5.00e-01h  2
 258  4.5172373e-01 1.02e-01 5.95e+02 -11.0 1.99e-01    -  1.00e+00 5.00e-01h  2
 259  4.5015803e-01 8.00e-02 2.39e+02 -11.0 7.73e-02    -  1.00e+00 2.50e-01h  3
iter    objective    inf_pr   inf_du lg(mu)  ||d||  lg(rg) alpha_du alpha_pr  ls
 260  4.5799618e-01 7.94e-02 3.99e+02 -11.0 3.46e-02    -  1.00e+00 1.00e+00h  1
 261  5.3092612e-01 1.25e-01 5.09e+04 -11.0 1.02e-01    -  1.00e+00 1.00e+00H  1
 262  5.2262086e-01 6.59e-02 1.68e+04 -11.0 4.09e-02    -  1.00e+00 5.00e-01h  2
 263  5.2052749e-01 1.65e-02 1.67e+05 -11.0 3.13e-02    -  1.00e+00 1.00e+00H  1
 264  4.9347319e-01 2.07e-02 6.62e+05 -11.0 3.86e-02    -  1.00e+00 1.00e+00h  1
 265  4.8578250e-01 2.66e-03 1.28e+05 -11.0 2.44e-02    -  1.00e+00 1.00e+00h  1
 266  4.7003977e-01 2.67e-02 1.46e+04 -11.0 5.79e-02    -  1.00e+00 1.00e+00h  1
 267  4.7053604e-01 2.90e-03 2.24e+02 -11.0 1.14e-02    -  1.00e+00 1.00e+00h  1
 268  4.7158306e-01 3.65e-04 1.59e+03 -11.0 5.77e-03    -  1.00e+00 1.00e+00H  1
 269  4.6455608e-01 5.34e-03 6.73e+02 -11.0 1.28e-02    -  1.00e+00 1.00e+00h  1
iter    objective    inf_pr   inf_du lg(mu)  ||d||  lg(rg) alpha_du alpha_pr  ls
 270  4.5530232e-01 2.54e-02 3.22e+02 -11.0 8.07e-02    -  1.00e+00 2.50e-01h  3
 271  4.5117093e-01 3.46e-02 3.17e+02 -11.0 3.04e-02    -  1.00e+00 1.00e+00h  1
 272  4.4804940e-01 3.70e-02 1.54e+02 -11.0 2.77e-01    -  1.00e+00 1.25e-01h  4
 273  4.5216968e-01 7.19e-02 1.24e+02 -11.0 5.21e-02    -  1.00e+00 1.00e+00h  1
 274  4.4714469e-01 6.48e-02 8.90e+01 -11.0 5.30e-02    -  1.00e+00 1.00e+00h  1
 275  4.5108654e-01 1.07e-02 1.03e+02 -11.0 2.47e-02    -  1.00e+00 1.00e+00H  1
 276  4.4609543e-01 1.89e-02 1.14e+02 -11.0 3.26e-02    -  1.00e+00 1.00e+00h  1
 277  4.4366013e-01 5.90e-03 1.70e+01 -11.0 1.51e-02    -  1.00e+00 1.00e+00h  1
 278  4.4521920e-01 3.09e-03 1.32e+02 -11.0 1.65e-02    -  1.00e+00 1.00e+00h  1
 279  4.4542222e-01 3.64e-03 4.62e+01 -11.0 1.44e-02    -  1.00e+00 1.00e+00h  1
iter    objective    inf_pr   inf_du lg(mu)  ||d||  lg(rg) alpha_du alpha_pr  ls
 280  4.4492467e-01 2.03e-03 1.08e+02 -11.0 7.31e-02    -  1.00e+00 1.25e-01h  4
 281  4.4493703e-01 1.34e-03 2.87e+01 -11.0 7.43e-03    -  1.00e+00 1.00e+00h  1
 282  4.4463180e-01 3.28e-03 3.28e+01 -11.0 2.95e-02    -  1.00e+00 2.50e-01h  3
 283  4.4443581e-01 3.96e-03 5.80e+01 -11.0 1.09e-01    -  1.00e+00 1.56e-02h  7
 284  4.4430325e-01 3.98e-03 6.07e+01 -11.0 1.65e-02    -  1.00e+00 6.25e-02h  5
 285  4.4408416e-01 4.02e-03 4.45e+01 -11.0 9.42e-03    -  1.00e+00 2.50e-01h  3
 286  4.4275384e-01 4.36e-02 1.30e+02 -11.0 2.14e-02    -  1.00e+00 1.00e+00h  1
 287  4.3893835e-01 4.51e-02 9.82e+00 -11.0 2.43e-02    -  1.00e+00 1.00e+00h  1
 288  4.4332893e-01 3.67e-02 2.05e+02 -11.0 3.78e-02    -  1.00e+00 1.00e+00h  1
 289  4.4272089e-01 3.27e-02 1.86e+02 -11.0 3.82e-02    -  1.00e+00 1.25e-01h  4
iter    objective    inf_pr   inf_du lg(mu)  ||d||  lg(rg) alpha_du alpha_pr  ls
 290  4.4233503e-01 3.21e-02 1.75e+02 -11.0 1.24e-01    -  1.00e+00 3.12e-02h  6
 291  4.4220467e-01 3.16e-02 1.70e+02 -11.0 9.52e-02    -  1.00e+00 1.56e-02h  7
 292  4.4202859e-01 3.08e-02 1.62e+02 -11.0 7.00e-02    -  1.00e+00 3.12e-02h  6
 293  4.4296036e-01 1.68e-02 4.36e+02 -11.0 5.91e-02    -  1.00e+00 1.00e+00h  1
 294  4.4300331e-01 9.17e-03 1.16e+02 -11.0 3.08e-02    -  1.00e+00 1.00e+00h  1
 295  4.4242849e-01 2.13e-03 5.58e+02 -11.0 1.48e-02    -  1.00e+00 1.00e+00h  1
 296  4.4150557e-01 7.90e-03 2.98e+02 -11.0 2.29e-02    -  1.00e+00 1.00e+00h  1
 297  4.4109051e-01 1.51e-03 1.11e+02 -11.0 3.17e-03    -  1.00e+00 1.00e+00h  1
 298  4.4144877e-01 8.93e-04 1.16e+02 -11.0 6.34e-03    -  1.00e+00 1.00e+00h  1
 299  4.4159279e-01 1.14e-03 1.19e+01 -11.0 1.53e-02    -  1.00e+00 1.00e+00h  1
iter    objective    inf_pr   inf_du lg(mu)  ||d||  lg(rg) alpha_du alpha_pr  ls
 300  4.4172460e-01 3.80e-04 2.54e+02 -11.0 1.40e-02    -  1.00e+00 1.00e+00H  1
 301  4.4144090e-01 7.26e-04 6.37e+01 -11.0 5.88e-03    -  1.00e+00 1.00e+00h  1
 302  4.4037898e-01 8.20e-03 3.96e+02 -11.0 1.00e-02    -  1.00e+00 1.00e+00H  1
 303  4.4024838e-01 3.11e-03 3.57e+02 -11.0 3.12e-02    -  1.00e+00 5.00e-01h  2
 304  4.4083575e-01 4.90e-03 1.72e+02 -11.0 2.53e-02    -  1.00e+00 5.00e-01h  2
 305  4.4042715e-01 4.41e-03 4.25e+00 -11.0 3.19e-02    -  1.00e+00 1.25e-01h  4
 306  4.4024110e-01 4.45e-03 3.79e+02 -11.0 1.39e-01    -  1.00e+00 6.25e-02h  5
 307  4.4020919e-01 4.23e-03 4.07e+01 -11.0 1.06e-02    -  1.00e+00 1.00e+00h  1
 308  4.4012495e-01 4.26e-03 3.22e+02 -11.0 1.60e-02    -  1.00e+00 5.00e-01h  2
 309  4.4031163e-01 3.57e-03 2.00e+02 -11.0 2.71e-02    -  1.00e+00 5.00e-01h  2
iter    objective    inf_pr   inf_du lg(mu)  ||d||  lg(rg) alpha_du alpha_pr  ls
 310  4.4030946e-01 3.34e-03 2.08e+02 -11.0 4.51e-02    -  1.00e+00 1.25e-01h  4
 311  4.4085268e-01 1.76e-03 6.46e+01 -11.0 8.31e-03    -  1.00e+00 5.00e-01h  2
 312  4.4077750e-01 1.79e-03 1.33e+02 -11.0 1.14e-01    -  1.00e+00 3.12e-02h  6
 313  4.4077693e-01 1.75e-03 1.34e+02 -11.0 1.34e-02    -  1.00e+00 3.12e-02h  6
 314  4.4078335e-01 1.77e-03 1.31e+02 -11.0 1.08e-02    -  1.00e+00 6.25e-02h  5
 315  4.4171243e-01 2.11e-04 2.48e+02 -11.0 5.00e-03    -  1.00e+00 1.00e+00H  1
 316  4.4117503e-01 4.16e-04 2.24e+02 -11.0 2.98e-03    -  1.00e+00 1.00e+00h  1
 317  4.4076711e-01 1.37e-03 3.33e+02 -11.0 9.25e-03    -  1.00e+00 2.50e-01h  3
 318  4.4072943e-01 1.92e-04 2.14e+02 -11.0 2.68e-03    -  1.00e+00 1.00e+00h  1
 319  4.3987466e-01 9.81e-03 2.08e+02 -11.0 7.19e-03    -  1.00e+00 1.00e+00H  1
iter    objective    inf_pr   inf_du lg(mu)  ||d||  lg(rg) alpha_du alpha_pr  ls
 320  4.3929731e-01 1.01e-02 4.05e+02 -11.0 4.62e-02    -  1.00e+00 1.25e-01h  4
 321  4.3906056e-01 1.00e-02 4.48e+02 -11.0 3.61e-02    -  1.00e+00 1.25e-01h  4
 322  4.3890417e-01 1.69e-02 4.95e+02 -11.0 1.52e+00    -  1.00e+00 7.81e-03h  8
 323  4.3871100e-01 2.78e-02 6.26e+02 -11.0 8.16e-01    -  1.00e+00 1.56e-02h  7
 324  4.3823588e-01 6.32e-02 3.11e+02 -11.0 4.83e+00    -  1.00e+00 3.91e-03h  9
 325  4.3883156e-01 2.06e-02 1.06e+02 -11.0 2.62e-02    -  1.00e+00 1.00e+00h  1
 326  4.3895319e-01 8.51e-03 1.47e+02 -11.0 1.70e-02    -  1.00e+00 1.00e+00h  1
 327  4.3957946e-01 5.26e-03 6.17e+01 -11.0 9.49e-03    -  1.00e+00 5.00e-01h  2
 328  4.4003416e-01 2.82e-03 3.62e+01 -11.0 8.06e-03    -  1.00e+00 5.00e-01h  2
 329  4.3993906e-01 2.24e-03 5.08e+01 -11.0 3.31e-03    -  1.00e+00 1.00e+00h  1
iter    objective    inf_pr   inf_du lg(mu)  ||d||  lg(rg) alpha_du alpha_pr  ls
 330  4.4040298e-01 5.62e-04 6.82e+01 -11.0 3.06e-03    -  1.00e+00 1.00e+00h  1
 331  4.4037435e-01 3.67e-03 7.34e+01 -11.0 1.03e-02    -  1.00e+00 5.00e-01h  2
 332  4.3749000e-01 8.98e-02 1.55e+02 -11.0 1.68e-02    -  1.00e+00 1.00e+00H  1
 333  4.3743491e-01 1.51e-01 1.75e+03 -11.0 1.79e-02    -  1.00e+00 1.00e+00h  1
 334  4.3762971e-01 1.15e-01 9.53e+02 -11.0 1.48e-02    -  1.00e+00 2.50e-01h  3
 335  4.3776174e-01 1.01e-01 1.37e+03 -11.0 1.64e-02    -  1.00e+00 1.25e-01h  4
 336  4.3800787e-01 7.63e-02 1.87e+03 -11.0 1.53e-02    -  1.00e+00 2.50e-01h  3
 337  4.3794853e-01 4.10e-02 1.83e+03 -11.0 1.44e-02    -  1.00e+00 5.00e-01h  2
 338  4.3808051e-01 3.07e-02 1.66e+03 -11.0 1.21e-02    -  1.00e+00 2.50e-01h  3
 339  4.3836564e-01 2.33e-02 1.47e+03 -11.0 1.25e-02    -  1.00e+00 2.50e-01h  3
iter    objective    inf_pr   inf_du lg(mu)  ||d||  lg(rg) alpha_du alpha_pr  ls
 340  4.3762894e-01 1.27e-02 1.57e+03 -11.0 1.72e-02    -  1.00e+00 5.00e-01h  2
 341  4.3769235e-01 9.20e-03 5.91e+02 -11.0 1.72e-02    -  1.00e+00 2.50e-01h  3
 342  4.3715697e-01 8.58e-03 1.11e+03 -11.0 1.38e-01    -  1.00e+00 3.12e-02h  6
 343  4.3709250e-01 8.25e-03 7.35e+02 -11.0 3.68e-01    -  1.00e+00 7.81e-03h  8
 344  4.3258862e+01 3.02e+02 7.69e+06 -11.0 1.06e+00    -  1.00e+00 1.00e+00w  1
 345  1.5203439e+01 3.00e+02 4.47e+07 -11.0 6.77e-01    -  1.00e+00 1.00e+00w  1
 346  1.0487940e+01 7.85e+01 1.09e+07 -11.0 6.48e-01    -  1.00e+00 1.00e+00w  1
 347  4.3691580e-01 7.87e-03 1.23e+03 -11.0 3.15e-01    -  1.00e+00 3.91e-03h  8
 348  4.4025533e-01 6.75e-03 4.73e+05 -11.0 7.67e-03    -  1.00e+00 1.00e+00h  1
 349  4.4003308e-01 9.96e-04 2.20e+04 -11.0 4.23e-03    -  1.00e+00 1.00e+00h  1
iter    objective    inf_pr   inf_du lg(mu)  ||d||  lg(rg) alpha_du alpha_pr  ls
 350  4.4024885e-01 7.57e-04 1.36e+04 -11.0 9.79e-03    -  1.00e+00 2.50e-01h  3
 351  4.4033053e-01 6.63e-04 1.02e+04 -11.0 9.65e-03    -  1.00e+00 1.25e-01h  4
 352  4.4039463e-01 5.80e-04 7.18e+03 -11.0 9.72e-03    -  1.00e+00 1.25e-01h  4
 353  4.4039955e-01 5.45e-04 5.61e+03 -11.0 8.47e-03    -  1.00e+00 6.25e-02h  5
 354  4.4029082e-01 6.55e-04 2.74e+03 -11.0 9.31e-03    -  1.00e+00 5.00e-01h  2
 355  4.4086143e-01 1.61e-04 2.14e+02 -11.0 4.40e-03    -  1.00e+00 1.00e+00h  1
 356  4.3989623e-01 8.44e-03 1.77e+02 -11.0 2.33e-02    -  1.00e+00 1.00e+00h  1
 357  4.3828223e-01 7.03e-03 6.28e+01 -11.0 8.43e-03    -  1.00e+00 1.00e+00h  1
 358  4.3941918e-01 1.25e-03 2.12e+01 -11.0 8.33e-03    -  1.00e+00 1.00e+00H  1
 359  4.3890114e-01 1.19e-03 3.19e+01 -11.0 3.78e-02    -  1.00e+00 1.25e-01h  4
iter    objective    inf_pr   inf_du lg(mu)  ||d||  lg(rg) alpha_du alpha_pr  ls
 360  4.3673036e-01 3.46e-02 2.65e+02 -11.0 1.31e-02    -  1.00e+00 1.00e+00h  1
 361  4.3541017e-01 1.18e-02 8.84e+00 -11.0 2.21e-02    -  1.00e+00 1.00e+00h  1
 362  4.3460420e-01 1.77e-02 4.40e+01 -11.0 2.28e-02    -  1.00e+00 1.00e+00h  1
 363  4.3431081e-01 1.44e-02 1.43e+01 -11.0 1.66e-02    -  1.00e+00 5.00e-01h  2
 364  4.3372594e-01 1.66e-02 1.92e+02 -11.0 2.02e-02    -  1.00e+00 5.00e-01h  2
 365  4.3390136e-01 4.40e-03 5.40e+01 -11.0 5.99e-03    -  1.00e+00 1.00e+00h  1
 366  4.3530330e-01 4.16e-03 6.62e+01 -11.0 1.77e-02    -  1.00e+00 1.00e+00h  1
 367  4.3488968e-01 4.66e-03 1.01e+02 -11.0 1.31e-02    -  1.00e+00 5.00e-01h  2
 368  4.3414514e-01 6.48e-03 1.47e+02 -11.0 1.40e-02    -  1.00e+00 1.00e+00h  1
 369  4.3233435e-01 4.45e-02 2.14e+02 -11.0 9.01e-02    -  1.00e+00 2.50e-01h  3
iter    objective    inf_pr   inf_du lg(mu)  ||d||  lg(rg) alpha_du alpha_pr  ls
 370  4.3104523e-01 2.42e-03 7.83e+01 -11.0 8.13e-03    -  1.00e+00 1.00e+00h  1
 371  4.3112527e-01 4.02e-03 9.18e+00 -11.0 2.09e-02    -  1.00e+00 5.00e-01h  2
 372  4.3289438e-01 5.86e-03 3.65e+02 -11.0 2.51e-02    -  1.00e+00 1.00e+00H  1
 373  4.3099989e-01 4.88e-03 2.66e+02 -11.0 2.83e-02    -  1.00e+00 5.00e-01h  2
 374  4.2990916e-01 3.21e-02 1.73e+02 -11.0 1.72e-02    -  1.00e+00 1.00e+00h  1
 375  4.2895586e-01 5.91e-03 4.56e+01 -11.0 1.00e-02    -  1.00e+00 1.00e+00h  1
 376  4.3091057e-01 1.06e-02 5.33e+01 -11.0 2.76e-02    -  1.00e+00 1.00e+00h  1
 377  4.2922399e-01 6.71e-03 1.22e+01 -11.0 2.26e-02    -  1.00e+00 5.00e-01h  2
 378  4.2840283e-01 1.13e-02 6.08e+01 -11.0 6.35e-02    -  1.00e+00 2.50e-01h  3
 379  4.2856789e-01 1.03e-02 2.66e+01 -11.0 1.46e-02    -  1.00e+00 1.00e+00h  1
iter    objective    inf_pr   inf_du lg(mu)  ||d||  lg(rg) alpha_du alpha_pr  ls
 380  4.2854824e-01 5.50e-03 3.23e+01 -11.0 1.28e-02    -  1.00e+00 1.00e+00h  1
 381  4.2882189e-01 2.80e-03 1.33e+01 -11.0 8.19e-03    -  1.00e+00 5.00e-01h  2
 382  4.2871809e-01 1.51e-03 5.48e+00 -11.0 7.65e-03    -  1.00e+00 5.00e-01h  2
 383  4.2820192e-01 9.00e-03 1.11e+02 -11.0 2.26e-02    -  1.00e+00 5.00e-01h  2
 384  4.2795713e-01 1.02e-02 3.78e+01 -11.0 1.35e-02    -  1.00e+00 1.00e+00h  1
 385  4.2758025e-01 1.83e-02 1.20e+02 -11.0 2.91e-02    -  1.00e+00 5.00e-01h  2
 386  4.2752653e-01 1.35e-02 6.00e+01 -11.0 2.70e-02    -  1.00e+00 5.00e-01h  2
 387  4.2753729e-01 7.55e-03 2.08e+01 -11.0 9.66e-03    -  1.00e+00 1.00e+00h  1
 388  4.2729254e-01 5.04e-02 5.40e+01 -11.0 2.23e-02    -  1.00e+00 1.00e+00h  1
 389  4.2673529e-01 4.06e-02 1.11e+02 -11.0 4.01e-02    -  1.00e+00 2.50e-01h  3
iter    objective    inf_pr   inf_du lg(mu)  ||d||  lg(rg) alpha_du alpha_pr  ls
 390  4.2647821e-01 3.78e-02 1.09e+02 -11.0 4.20e-02    -  1.00e+00 2.50e-01h  3
 391  4.2624581e-01 2.87e-02 6.27e+01 -11.0 3.14e-02    -  1.00e+00 2.50e-01h  3
 392  4.2617278e-01 3.67e-02 1.24e+02 -11.0 7.00e-02    -  1.00e+00 1.25e-01h  4
 393  4.2616129e-01 3.24e-02 9.61e+01 -11.0 3.00e-02    -  1.00e+00 1.25e-01h  4
 394  4.2607312e-01 3.48e-02 1.10e+02 -11.0 8.73e-02    -  1.00e+00 6.25e-02h  5
 395  4.2698667e-01 7.65e-03 2.41e+01 -11.0 1.05e-02    -  1.00e+00 1.00e+00h  1
 396  4.2724560e-01 1.76e-03 1.72e+02 -11.0 9.38e-03    -  1.00e+00 1.00e+00h  1
 397  4.2684209e-01 1.04e-03 1.32e+02 -11.0 3.88e-03    -  1.00e+00 1.00e+00h  1
 398  4.2650590e-01 4.52e-04 3.97e+01 -11.0 3.63e-03    -  1.00e+00 1.00e+00h  1
 399  4.2647085e-01 6.36e-03 2.23e+02 -11.0 1.11e-02    -  1.00e+00 5.00e-01h  2
iter    objective    inf_pr   inf_du lg(mu)  ||d||  lg(rg) alpha_du alpha_pr  ls
 400  4.2541768e-01 1.86e-03 7.85e+01 -11.0 6.27e-03    -  1.00e+00 1.00e+00h  1
 401  4.2605516e-01 2.97e-04 2.38e+01 -11.0 3.98e-03    -  1.00e+00 1.00e+00h  1
 402  4.2618306e-01 2.25e-04 2.56e+01 -11.0 2.15e-03    -  1.00e+00 1.00e+00h  1
 403  4.2584567e-01 3.09e-04 6.41e+01 -11.0 5.52e-03    -  1.00e+00 1.00e+00H  1
 404  4.2573200e-01 1.25e-03 1.39e+02 -11.0 9.02e-02    -  1.00e+00 3.12e-02h  6
 405  4.2560670e-01 3.32e-03 2.07e+02 -11.0 5.21e-02    -  1.00e+00 6.25e-02h  5
 406  4.2553971e-01 3.77e-03 2.33e+02 -11.0 5.35e-02    -  1.00e+00 3.12e-02h  6
 407  4.2522817e-01 2.69e-02 2.28e+02 -11.0 2.44e-02    -  1.00e+00 5.00e-01h  2
 408  4.2505791e-01 4.17e-03 2.51e+01 -11.0 1.26e-02    -  1.00e+00 1.00e+00h  1
 409  4.2421333e-01 3.55e-03 9.79e+01 -11.0 1.14e-02    -  1.00e+00 1.00e+00h  1
iter    objective    inf_pr   inf_du lg(mu)  ||d||  lg(rg) alpha_du alpha_pr  ls
 410  4.2484980e-01 1.68e-04 3.09e+01 -11.0 3.63e-03    -  1.00e+00 1.00e+00h  1
 411  4.2485707e-01 7.68e-06 1.22e+01 -11.0 1.04e-03    -  1.00e+00 1.00e+00H  1
 412  4.2479920e-01 3.95e-04 9.14e+00 -11.0 2.29e-02    -  1.00e+00 6.25e-02h  5
 413  4.2473092e-01 9.79e-04 6.49e+00 -11.0 6.06e-02    -  1.00e+00 3.12e-02h  6
 414  4.2404550e-01 2.58e-01 4.40e+01 -11.0 9.82e-02    -  1.00e+00 5.00e-01h  2
 415  4.2388271e-01 3.17e-01 8.03e+01 -11.0 2.93e-01    -  1.00e+00 1.25e-01h  4
 416  4.2306651e-01 2.63e-01 1.05e+02 -11.0 1.75e-01    -  1.00e+00 2.50e-01h  3
 417  4.2175923e-01 1.36e-01 6.31e+01 -11.0 4.85e-02    -  1.00e+00 5.00e-01h  2
 418  4.2381449e-01 8.07e-02 2.17e+01 -11.0 3.02e-02    -  1.00e+00 1.00e+00h  1
 419  4.2291519e-01 8.44e-02 2.01e+01 -11.0 5.75e-02    -  1.00e+00 2.50e-01h  3
iter    objective    inf_pr   inf_du lg(mu)  ||d||  lg(rg) alpha_du alpha_pr  ls
 420  4.2232134e-01 9.07e-02 1.51e+01 -11.0 1.33e-01    -  1.00e+00 1.25e-01h  4
 421  4.2108381e-01 8.85e-02 6.25e+01 -11.0 3.22e-01    -  1.00e+00 6.25e-02h  5
 422  4.2038343e-01 2.87e-01 9.75e+01 -11.0 2.01e-01    -  1.00e+00 2.50e-01h  3
 423  4.1998901e-01 9.96e-01 6.09e+01 -11.0 1.29e-01    -  1.00e+00 5.00e-01h  2
 424  4.1248101e-01 1.59e+00 1.50e+02 -11.0 3.48e-01    -  1.00e+00 2.50e-01h  3
 425  4.0949722e-01 1.29e+00 3.47e+01 -11.0 1.67e-01    -  1.00e+00 5.00e-01h  2
 426  4.0912274e-01 6.21e-01 7.12e+01 -11.0 9.51e-02    -  1.00e+00 5.00e-01h  2
 427  4.1627350e-01 8.20e-01 9.85e+00 -11.0 4.57e-02    -  1.00e+00 1.00e+00h  1
 428  4.0778832e-01 3.23e-01 1.01e+01 -11.0 8.81e-02    -  1.00e+00 5.00e-01h  2
 429  4.0187247e-01 1.85e-01 5.90e+00 -11.0 1.50e-01    -  1.00e+00 5.00e-01h  2
iter    objective    inf_pr   inf_du lg(mu)  ||d||  lg(rg) alpha_du alpha_pr  ls
 430  4.0027965e-01 5.98e-01 8.00e+00 -11.0 8.06e-02    -  1.00e+00 5.00e-01h  2
 431  4.0032805e-01 2.67e-01 1.55e+01 -11.0 6.88e-02    -  1.00e+00 5.00e-01h  2
 432  4.0590865e-01 2.20e-01 2.44e+01 -11.0 7.82e-02    -  1.00e+00 5.00e-01h  2
 433  4.0527283e-01 1.12e-01 4.88e+01 -11.0 3.01e-02    -  1.00e+00 5.00e-01h  2
 434  4.0964106e-01 3.99e-02 2.52e+01 -11.0 3.84e-02    -  1.00e+00 1.00e+00h  1
 435  4.0874891e-01 4.33e-02 3.27e+01 -11.0 4.16e-02    -  1.00e+00 1.00e+00h  1
 436  4.0675715e-01 2.00e-02 7.35e+00 -11.0 2.00e-02    -  1.00e+00 1.00e+00h  1
 437  4.0598155e-01 1.40e-02 7.44e+00 -11.0 2.39e-02    -  1.00e+00 5.00e-01h  2
 438  4.1229108e-01 2.49e-02 2.20e+02 -11.0 2.30e-02    -  1.00e+00 1.00e+00H  1
 439  4.0368094e-01 1.01e-02 2.63e+01 -11.0 2.04e-02    -  1.00e+00 1.00e+00h  1
iter    objective    inf_pr   inf_du lg(mu)  ||d||  lg(rg) alpha_du alpha_pr  ls
 440  4.0043814e-01 1.53e-02 1.70e+02 -11.0 1.22e-02    -  1.00e+00 1.00e+00h  1
 441  3.9827556e-01 6.03e-03 1.67e+01 -11.0 1.41e-02    -  1.00e+00 1.00e+00h  1
 442  3.9739727e-01 1.05e-02 1.93e+01 -11.0 2.08e-02    -  1.00e+00 1.00e+00h  1
 443  3.9583026e-01 9.60e-03 3.81e+01 -11.0 1.44e-02    -  1.00e+00 1.00e+00h  1
 444  3.9507237e-01 2.95e-03 5.45e+01 -11.0 1.01e-02    -  1.00e+00 1.00e+00h  1
 445  3.9307226e-01 1.03e-01 1.86e+02 -11.0 5.41e-02    -  1.00e+00 1.00e+00h  1
 446  3.9106797e-01 4.63e-03 1.73e+01 -11.0 7.09e-03    -  1.00e+00 1.00e+00h  1
 447  3.8909418e-01 1.42e-02 1.80e+01 -11.0 3.48e-02    -  1.00e+00 1.00e+00h  1
 448  3.8768889e-01 7.03e-02 1.66e+02 -11.0 1.47e+00    -  1.00e+00 3.12e-02h  6
 449  3.8483184e-01 2.19e-01 1.05e+02 -11.0 1.10e+00    -  1.00e+00 6.25e-02h  5
iter    objective    inf_pr   inf_du lg(mu)  ||d||  lg(rg) alpha_du alpha_pr  ls
 450  3.7991178e-01 2.68e-01 2.45e+02 -11.0 3.98e-01    -  1.00e+00 2.50e-01h  3
 451  3.7451396e-01 4.14e-01 2.73e+02 -11.0 2.62e-01    -  1.00e+00 5.00e-01h  2
 452  3.6204175e-01 2.02e-01 3.40e+02 -11.0 9.83e-02    -  1.00e+00 5.00e-01h  2
 453  3.6673926e-01 1.65e-01 1.79e+02 -11.0 1.02e-01    -  1.00e+00 5.00e-01h  2
 454  3.5904935e-01 1.30e-01 1.17e+02 -11.0 1.34e-01    -  1.00e+00 5.00e-01h  2
 455  3.5730358e-01 1.63e-01 1.10e+02 -11.0 9.16e-02    -  1.00e+00 5.00e-01h  2
 456  3.4117819e-01 6.14e-01 8.25e+01 -11.0 2.24e-01    -  1.00e+00 5.00e-01h  2
 457  3.4558991e-01 2.62e-01 5.10e+01 -11.0 6.73e-02    -  1.00e+00 5.00e-01h  2
 458  3.5122448e-01 1.54e+00 4.60e+01 -11.0 8.07e-02    -  1.00e+00 1.00e+00h  1
 459  3.4970802e-01 1.13e+00 5.42e+01 -11.0 7.31e-02    -  1.00e+00 2.50e-01h  3
iter    objective    inf_pr   inf_du lg(mu)  ||d||  lg(rg) alpha_du alpha_pr  ls
 460  3.4975381e-01 9.89e-01 1.22e+02 -11.0 2.01e-01    -  1.00e+00 1.25e-01h  4
 461  3.2994965e-01 1.16e+00 1.37e+02 -11.0 3.10e-01    -  1.00e+00 5.00e-01h  2
 462  3.0773617e-01 2.18e+01 1.01e+04 -11.0 1.01e-01    -  1.00e+00 1.00e+00h  1
 463  3.1584340e-01 2.00e+01 9.65e+03 -11.0 3.34e-01    -  1.00e+00 1.25e-01h  4
 464  3.2789503e-01 8.22e+00 6.56e+03 -11.0 1.37e-01    -  1.00e+00 5.00e-01h  2
 465  3.3499066e-01 5.97e+00 5.06e+03 -11.0 8.90e-02    -  1.00e+00 2.50e-01h  3
 466  2.9310612e-01 2.84e+00 2.09e+03 -11.0 3.57e-01    -  1.00e+00 5.00e-01h  2
 467  3.1368652e-01 1.47e+00 8.74e+02 -11.0 7.94e-02    -  1.00e+00 5.00e-01h  2
 468  4.2104851e-01 7.13e-01 1.17e+03 -11.0 1.37e-01    -  1.00e+00 1.00e+00h  1
 469  4.1716800e-01 4.87e-01 8.78e+02 -11.0 6.55e-02    -  1.00e+00 2.50e-01h  3
iter    objective    inf_pr   inf_du lg(mu)  ||d||  lg(rg) alpha_du alpha_pr  ls
 470  3.9873295e-01 2.81e-01 1.04e+02 -11.0 3.14e-02    -  1.00e+00 1.00e+00h  1
 471  3.8757648e-01 4.78e-01 6.98e+01 -11.0 3.85e-02    -  1.00e+00 5.00e-01h  2
 472  3.9763814e-01 1.86e-01 6.24e+01 -11.0 3.87e-02    -  1.00e+00 5.00e-01h  2
 473  3.8225705e-01 3.35e-01 4.89e+01 -11.0 3.03e+00    -  1.00e+00 7.81e-03h  8
 474  3.9359293e-01 1.59e-01 3.19e+01 -11.0 3.73e-02    -  1.00e+00 1.00e+00h  1
 475  3.8725744e-01 1.85e-01 1.58e+01 -11.0 3.32e-02    -  1.00e+00 5.00e-01h  2
 476  3.8027249e-01 4.38e-01 3.33e+01 -11.0 1.19e-01    -  1.00e+00 2.50e-01h  3
 477  3.8130684e-01 4.95e-02 7.22e+01 -11.0 1.90e-02    -  1.00e+00 1.00e+00h  1
 478  3.8173431e-01 4.93e-02 7.42e+01 -11.0 2.92e-02    -  1.00e+00 1.25e-01h  4
 479  3.8078674e-01 1.35e-01 1.27e+02 -11.0 3.40e-02    -  1.00e+00 5.00e-01h  2
iter    objective    inf_pr   inf_du lg(mu)  ||d||  lg(rg) alpha_du alpha_pr  ls
 480  3.7719512e-01 1.48e-01 2.13e+01 -11.0 2.63e-02    -  1.00e+00 1.00e+00h  1
 481  3.7842544e-01 7.27e-02 1.54e+02 -11.0 3.09e-02    -  1.00e+00 5.00e-01h  2
 482  3.7049736e-01 3.08e-01 2.59e+02 -11.0 3.66e-02    -  1.00e+00 5.00e-01h  2
 483  3.5791023e-01 3.56e-01 3.51e+02 -11.0 9.59e-02    -  1.00e+00 5.00e-01h  2
 484  3.4954467e-01 4.66e-01 3.83e+02 -11.0 1.34e+00    -  1.00e+00 3.12e-02h  6
 485  3.4132496e-01 5.64e-01 4.31e+02 -11.0 8.91e-01    -  1.00e+00 6.25e-02h  5
 486  3.3736652e-01 5.66e-01 4.36e+02 -11.0 6.95e-01    -  1.00e+00 3.12e-02h  6
 487  3.3150835e-01 5.52e-01 3.72e+02 -11.0 3.21e-01    -  1.00e+00 1.25e-01h  4
 488  3.2778188e-01 5.85e-01 3.03e+02 -11.0 3.79e+00    -  1.00e+00 6.25e-02h  5
 489  2.9125340e-01 9.87e-01 2.92e+02 -11.0 1.29e+00    -  1.00e+00 6.25e-02h  5
iter    objective    inf_pr   inf_du lg(mu)  ||d||  lg(rg) alpha_du alpha_pr  ls
 490  2.6453282e-01 8.85e-01 2.44e+02 -11.0 1.88e+00    -  1.00e+00 6.25e-02h  5
 491  3.8593416e-01 2.30e+00 9.66e+01 -11.0 1.86e-01    -  1.00e+00 1.00e+00w  1
 492  2.1833999e+00 2.20e+02 2.56e+04 -11.0 8.44e-01    -  1.00e+00 1.00e+00w  1
 493  5.7240359e+00 2.00e+01 7.44e+01 -11.0 1.24e+00    -  1.00e+00 1.00e+00w  1
 494  2.5457440e-01 1.52e+00 1.23e+02 -11.0 7.30e-01    -  1.00e+00 5.00e-01h  1
 495  2.3968308e-01 1.21e+00 1.15e+02 -11.0 4.19e-01    -  1.00e+00 1.25e-01h  4
 496  2.8934246e-01 6.65e-01 7.05e+01 -11.0 8.43e-02    -  1.00e+00 1.00e+00h  1
 497  2.7371100e-01 4.97e-01 1.31e+02 -11.0 7.27e-01    -  1.00e+00 1.25e-01h  4
 498  2.6224310e-01 6.09e-01 9.05e+01 -11.0 3.50e-01    -  1.00e+00 2.50e-01h  3
 499  2.3534702e-01 7.79e-01 9.88e+01 -11.0 2.20e-01    -  1.00e+00 2.50e-01h  3
iter    objective    inf_pr   inf_du lg(mu)  ||d||  lg(rg) alpha_du alpha_pr  ls
 500  2.3617656e-01 7.13e-01 1.39e+02 -11.0 3.62e-01    -  1.00e+00 3.12e-02h  6
 501  2.7889740e-01 2.02e+00 1.88e+03 -11.0 7.98e-02    -  1.00e+00 1.00e+00h  1
 502  2.2631908e-01 6.52e-01 9.68e+02 -11.0 3.71e-01    -  1.00e+00 2.50e-01h  3
 503  1.9122739e-01 3.32e-01 7.28e+02 -11.0 5.51e-01    -  1.00e+00 2.50e-01h  3
 504  2.1232014e-01 2.54e-01 4.21e+02 -11.0 1.33e-01    -  1.00e+00 5.00e-01h  2
 505  2.1147488e-01 6.78e-01 2.37e+02 -11.0 5.85e-02    -  1.00e+00 5.00e-01h  2
 506  2.0682119e-01 6.58e-01 1.47e+02 -11.0 5.27e-02    -  1.00e+00 1.00e+00h  1
 507  2.0064117e-01 1.08e+00 1.60e+02 -11.0 1.77e-01    -  1.00e+00 5.00e-01h  2
 508  2.0491857e-01 5.78e-01 1.54e+02 -11.0 9.22e-02    -  1.00e+00 5.00e-01h  2
 509  1.8282198e-01 2.73e+00 7.39e+02 -11.0 7.21e-02    -  1.00e+00 1.00e+00h  1
iter    objective    inf_pr   inf_du lg(mu)  ||d||  lg(rg) alpha_du alpha_pr  ls
 510  1.8516044e-01 2.76e+00 1.57e+03 -11.0 1.31e+00    -  1.00e+00 3.12e-02h  6
 511  1.8537744e-01 2.84e+00 1.85e+03 -11.0 5.21e-01    -  1.00e+00 7.81e-03h  8
 512  1.8554565e-01 2.93e+00 2.15e+03 -11.0 4.32e-01    -  1.00e+00 7.81e-03h  8
 513  1.8570179e-01 3.01e+00 2.43e+03 -11.0 4.35e-01    -  1.00e+00 7.81e-03h  8
 514  1.8613435e-01 3.31e+00 3.15e+03 -11.0 4.36e-01    -  1.00e+00 1.56e-02h  7
 515  1.8669245e-01 3.47e+00 3.71e+03 -11.0 4.44e-01    -  1.00e+00 1.56e-02h  7
 516  1.8783140e-01 3.77e+00 4.77e+03 -11.0 4.21e-01    -  1.00e+00 3.12e-02h  6
 517  1.8919497e-01 3.90e+00 6.06e+03 -11.0 3.27e-01    -  1.00e+00 6.25e-02h  5
 518  1.8855061e-01 5.98e+00 1.17e+04 -11.0 2.13e-01    -  1.00e+00 2.50e-01h  3
 519  1.8915540e-01 5.98e+00 1.17e+04 -11.0 1.55e-01    -  1.00e+00 7.81e-03h  8
iter    objective    inf_pr   inf_du lg(mu)  ||d||  lg(rg) alpha_du alpha_pr  ls
 520  5.0321079e-01 9.64e+01 2.01e+04 -11.0 1.67e-01    -  1.00e+00 1.00e+00w  1
 521  1.1545189e+00 3.26e+00 5.06e+03 -11.0 2.44e-01    -  1.00e+00 1.00e+00w  1
 522  1.2685817e+00 3.56e+01 4.71e+04 -11.0 1.46e-01    -  1.00e+00 1.00e+00w  1
 523  1.8977764e-01 5.97e+00 1.19e+04 -11.0 4.02e-01    -  1.00e+00 7.81e-03h  7
 524  1.9092531e-01 6.02e+00 1.23e+04 -11.0 1.68e-01    -  1.00e+00 1.56e-02h  7
 525  1.9108952e-01 6.01e+00 1.23e+04 -11.0 1.95e-01    -  1.00e+00 1.95e-03h 10
 526  1.9117069e-01 6.00e+00 1.23e+04 -11.0 1.96e-01    -  1.00e+00 9.77e-04h 11
 527  1.9121103e-01 6.00e+00 1.23e+04 -11.0 1.96e-01    -  1.00e+00 4.88e-04h 12
 528  1.9122108e-01 6.00e+00 1.23e+04 -11.0 1.96e-01    -  1.00e+00 1.22e-04h 14
 529  1.9122610e-01 6.00e+00 1.23e+04 -11.0 1.96e-01    -  1.00e+00 6.10e-05h 15
iter    objective    inf_pr   inf_du lg(mu)  ||d||  lg(rg) alpha_du alpha_pr  ls
 530  1.9255227e-01 6.01e+00 1.26e+04 -11.0 1.96e-01    -  1.00e+00 1.56e-02h  7
 531  1.9385161e-01 6.00e+00 1.29e+04 -11.0 2.01e-01    -  1.00e+00 1.56e-02h  7
 532  1.9641142e-01 6.08e+00 1.33e+04 -11.0 2.03e-01    -  1.00e+00 3.12e-02h  6
 533  3.9255363e-01 3.55e+01 3.35e+04 -11.0 2.04e-01    -  1.00e+00 1.00e+00w  1
 534  1.1914531e+00 4.90e+01 3.45e+03 -11.0 3.20e-01    -  1.00e+00 1.00e+00w  1
 535  1.3135459e+00 6.12e+01 4.80e+03 -11.0 1.91e-01    -  1.00e+00 1.00e+00w  1
 536  2.1189129e+00 5.57e+00 1.51e+04 -11.0 2.42e-01    -  1.00e+00 1.00e+00h  1
 537  2.4024348e+00 6.26e+00 1.53e+05 -11.0 1.56e-01    -  1.00e+00 5.00e-01h  2
 538  2.5513007e+00 5.01e+00 7.43e+05 -11.0 4.07e-01    -  1.00e+00 2.50e-01h  3
 539  2.6452663e+00 3.22e+00 3.50e+05 -11.0 2.20e-01    -  1.00e+00 2.50e-01h  3
iter    objective    inf_pr   inf_du lg(mu)  ||d||  lg(rg) alpha_du alpha_pr  ls
 540  2.6602842e+00 2.57e+00 2.24e+05 -11.0 1.66e-01    -  1.00e+00 1.25e-01h  4
 541  2.1938334e+00 3.21e+00 1.77e+05 -11.0 5.70e-01    -  1.00e+00 2.50e-01h  3
 542  1.8346457e+00 1.01e+00 7.51e+04 -11.0 3.54e-01    -  1.00e+00 5.00e-01h  2
 543  1.8827768e+00 5.79e+00 4.03e+05 -11.0 1.61e-01    -  1.00e+00 5.00e-01h  2
 544  1.8717323e+00 3.40e+00 2.10e+07 -11.0 1.44e-01    -  1.00e+00 5.00e-01h  2
 545  1.9328642e+00 1.74e+00 3.30e+07 -11.0 1.79e-01    -  1.00e+00 5.00e-01h  2
 546  2.1209814e+00 3.33e-01 4.76e+06 -11.0 8.28e-02    -  1.00e+00 1.00e+00h  1
 547  2.1565496e+00 1.97e+00 1.67e+06 -11.0 1.35e-01    -  1.00e+00 5.00e-01h  2
 548  2.2895853e+00 5.06e+00 1.67e+07 -11.0 1.78e-01    -  1.00e+00 5.00e-01h  2
 549  2.3730167e+00 2.30e+00 9.53e+06 -11.0 8.39e-02    -  1.00e+00 5.00e-01h  2
iter    objective    inf_pr   inf_du lg(mu)  ||d||  lg(rg) alpha_du alpha_pr  ls
 550  2.3680997e+00 1.72e+00 2.48e+06 -11.0 1.52e-01    -  1.00e+00 2.50e-01h  3
 551  1.8330515e+00 1.06e+01 6.93e+08 -11.0 5.21e-01    -  1.00e+00 5.00e-01h  2
 552  1.8557363e+00 9.45e+00 6.27e+08 -11.0 1.79e-01    -  1.00e+00 1.25e-01h  4
 553  1.8643042e+00 8.86e+00 5.95e+08 -11.0 2.48e-01    -  1.00e+00 6.25e-02h  5
 554  1.9775366e+00 5.26e+00 2.34e+09 -11.0 1.80e-01    -  1.00e+00 5.00e-01h  2
 555  1.9694467e+00 4.82e+00 7.00e+09 -11.0 1.74e-01    -  1.00e+00 1.25e-01h  4
 556  1.9994411e+00 2.73e+00 4.47e+09 -11.0 2.02e-01    -  1.00e+00 5.00e-01h  2
 557  2.0683473e+00 1.92e+01 1.76e+05 -11.0 6.45e-01    -  1.00e+00 1.00e+00w  1
 558  3.2139004e+00 1.35e+02 4.79e+05 -11.0 3.63e-01    -  1.00e+00 1.00e+00w  1
 559  7.1242789e+00 6.24e+01 4.38e+06 -11.0 6.32e-01    -  1.00e+00 1.00e+00w  1
iter    objective    inf_pr   inf_du lg(mu)  ||d||  lg(rg) alpha_du alpha_pr  ls
 560  1.8138176e+00 1.20e+00 1.28e+10 -11.0 4.86e-01    -  1.00e+00 5.00e-01h  1
 561  1.9534690e+00 1.93e+00 4.02e+10 -11.0 1.96e-01    -  1.00e+00 5.00e-01h  2
 562  1.9816708e+00 2.34e+00 1.55e+10 -11.0 1.37e-01    -  1.00e+00 5.00e-01h  2
 563  1.7382750e+00 3.78e+00 7.70e+09 -11.0 4.33e-01    -  1.00e+00 5.00e-01h  2
 564  1.5458770e+00 2.96e+00 5.28e+09 -11.0 4.93e-01    -  1.00e+00 5.00e-01h  2
 565  1.4283459e+00 3.78e+00 1.51e+09 -11.0 3.51e-01    -  1.00e+00 5.00e-01h  2
 566  1.3880742e+00 7.22e+01 4.97e+09 -11.0 2.39e-01    -  1.00e+00 5.00e-01h  2
 567  1.4033746e+00 4.37e+01 3.68e+09 -11.0 2.64e-01    -  1.00e+00 2.50e-01h  3
 568  1.4169906e+00 4.09e+01 3.38e+09 -11.0 5.30e-01    -  1.00e+00 6.25e-02h  5
 569  1.4229183e+00 3.97e+01 3.23e+09 -11.0 5.48e-01    -  1.00e+00 3.12e-02h  6
iter    objective    inf_pr   inf_du lg(mu)  ||d||  lg(rg) alpha_du alpha_pr  ls
 570  1.4274494e+00 3.84e+01 3.09e+09 -11.0 5.38e-01    -  1.00e+00 3.12e-02h  6
 571  2.0083783e+00 1.18e+02 6.32e+09 -11.0 5.24e-01    -  1.00e+00 1.00e+00w  1
 572  2.1266201e+00 1.40e+02 4.27e+09 -11.0 7.48e-01    -  1.00e+00 1.00e+00w  1
 573  3.0749860e+00 8.92e+01 1.21e+12 -11.0 6.31e-01    -  1.00e+00 1.00e+00w  1
 574  1.6009473e+00 6.66e+00 1.11e+09 -11.0 5.08e-01    -  1.00e+00 5.00e-01h  1
 575  1.7004340e+00 5.11e+00 5.64e+09 -11.0 4.41e-01    -  1.00e+00 2.50e-01h  3
 576  1.5250973e+00 4.42e+00 2.59e+09 -11.0 7.06e-01    -  1.00e+00 1.25e-01h  4
 577  1.6416964e+00 3.25e+00 8.44e+09 -11.0 2.63e-01    -  1.00e+00 2.50e-01h  3
 578  1.7242496e+00 1.92e+00 1.63e+10 -11.0 2.57e-01    -  1.00e+00 5.00e-01h  2
 579  1.8886761e+00 2.08e+00 2.53e+10 -11.0 4.54e-01    -  1.00e+00 2.50e-01h  3
iter    objective    inf_pr   inf_du lg(mu)  ||d||  lg(rg) alpha_du alpha_pr  ls
 580  1.6694948e+00 2.90e+00 1.70e+10 -11.0 7.84e-01    -  1.00e+00 1.25e-01h  4
 581  1.3708188e+00 2.39e+00 2.04e+10 -11.0 4.70e-01    -  1.00e+00 5.00e-01h  2
 582  1.3818955e+00 1.85e+00 9.24e+11 -11.0 5.31e-01    -  1.00e+00 2.50e-01h  3
 583  1.4065770e+00 1.78e+00 8.63e+11 -11.0 5.51e-01    -  1.00e+00 6.25e-02h  5
 584  1.4175422e+00 1.74e+00 8.29e+11 -11.0 4.71e-01    -  1.00e+00 3.12e-02h  6
 585  3.1300703e+00 1.60e+02 2.03e+05 -11.0 4.91e-01    -  1.00e+00 1.00e+00w  1
 586  4.2387235e+00 4.02e+02 1.68e+04 -11.0 1.18e+00    -  1.00e+00 1.00e+00w  1
 587  7.5426770e+00 3.43e+02 1.10e+03 -11.0 1.79e+00    -  1.00e+00 1.00e+00w  1
 588  1.4574475e+00 1.53e+00 8.52e+11 -11.0 1.88e+00    -  1.00e+00 1.25e-01h  3
 589  1.5817395e+00 1.35e+00 7.38e+11 -11.0 7.22e-01    -  1.00e+00 1.25e-01h  4
iter    objective    inf_pr   inf_du lg(mu)  ||d||  lg(rg) alpha_du alpha_pr  ls
 590  1.6259013e+00 1.27e+00 6.39e+11 -11.0 4.93e-01    -  1.00e+00 6.25e-02h  5
 591  1.6618253e+00 1.19e+00 6.02e+11 -11.0 4.89e-01    -  1.00e+00 6.25e-02h  5
 592  1.6694479e+00 1.16e+00 5.76e+11 -11.0 4.24e-01    -  1.00e+00 3.12e-02h  6
 593  1.6694771e+00 1.16e+00 5.76e+11 -11.0 4.67e-01    -  1.00e+00 6.10e-05h 15
 594  1.6694917e+00 1.16e+00 5.76e+11 -11.0 4.67e-01    -  1.00e+00 3.05e-05h 16
 595  3.0833872e+00 9.05e+01 1.23e+05 -11.0 4.67e-01    -  1.00e+00 1.00e+00s 22
 596  5.7513258e+00 1.05e+03 7.85e+02 -11.0 1.31e+00    -  1.00e+00 1.00e+00s 22
 597r 5.7513258e+00 1.05e+03 9.99e+02   3.0 0.00e+00    -  0.00e+00 0.00e+00R  1
 598r 6.0815094e+00 3.81e+02 3.32e+02  -3.0 8.92e+05    -  1.00e+00 9.90e-04f  1
 599r 7.4744754e+00 1.20e+02 7.77e+03   2.9 1.13e+02    -  1.00e+00 9.79e-01f  1
iter    objective    inf_pr   inf_du lg(mu)  ||d||  lg(rg) alpha_du alpha_pr  ls
 600r 5.7418553e+02 2.73e+06 2.90e+05  -3.1 1.78e+01    -  1.00e+00 9.32e-01f  1
 601r 6.8088583e+02 1.11e+06 1.21e+06   1.1 1.18e+01    -  1.00e+00 1.00e+00f  1
 602r 2.6027120e+03 5.47e+05 1.43e+06   0.5 5.01e+01    -  3.25e-06 3.20e-06H  1
 603r 1.5351064e+03 2.07e+04 4.10e+04   1.5 2.27e+01    -  1.00e+00 1.00e+00f  1
 604r 3.0600071e+02 2.68e+03 1.18e+06   1.2 9.62e+00    -  1.00e+00 1.00e+00f  1
 605r 3.1213321e+02 8.39e+02 4.73e+04   2.8 1.03e+00    -  6.81e-01 1.00e+00f  1
 606r 3.1188446e+02 4.62e+02 1.25e+05   2.4 1.19e+00    -  1.00e+00 4.94e-01f  1
 607r 3.0828690e+02 8.29e+01 8.78e+03   2.0 5.32e-01    -  1.00e+00 9.97e-01f  1
 608r 3.0604238e+02 3.78e+01 1.11e+04  -0.1 5.00e-01    -  1.00e+00 5.88e-01f  1
 609r 3.0136494e+02 1.98e+01 2.13e+04  -4.3 4.78e-01    -  1.00e+00 5.14e-01f  1
iter    objective    inf_pr   inf_du lg(mu)  ||d||  lg(rg) alpha_du alpha_pr  ls
 610r 2.9821480e+02 1.65e+01 7.84e+03  -4.7 4.69e-01    -  1.00e+00 3.60e-01f  1
 611r 3.0088200e+02 4.88e+01 5.52e+04   1.1 5.26e-01    -  9.60e-01 6.57e-01f  1
 612r 3.0073799e+02 4.77e+01 5.03e+04   1.0 7.15e-01    -  5.23e-01 2.61e-02f  1
 613r 2.5019604e+02 3.81e+01 3.52e+04   1.1 1.62e+01    -  1.00e+00 9.43e-02f  1
 614r 2.3198923e+02 1.86e+01 2.26e+04  -4.9 1.19e+00    -  1.00e+00 5.08e-01f  1
 615r 2.2994040e+02 2.23e+01 5.35e+04   1.3 3.95e-01    -  3.86e-01 6.24e-01f  1
 616r 2.2751024e+02 2.26e+00 2.76e+04   0.9 3.86e-01    -  1.00e+00 6.98e-01f  1
 617r 2.2517241e+02 1.60e+00 6.03e+04   1.0 5.78e-01    -  1.00e+00 3.04e-01f  1
 618r 2.2257037e+02 1.21e+00 5.23e+04   0.7 3.57e-01    -  1.00e+00 5.92e-01f  1
 619r 2.2247094e+02 6.86e-01 4.52e+04  -5.2 3.64e-01    -  1.00e+00 2.65e-01f  1
iter    objective    inf_pr   inf_du lg(mu)  ||d||  lg(rg) alpha_du alpha_pr  ls
 620r 2.2219649e+02 6.04e-01 3.63e+04  -5.3 3.37e-01    -  1.00e+00 1.62e-01f  1
 621r 2.2152842e+02 5.76e-01 1.75e+04  -5.4 2.22e-01    -  1.00e+00 5.83e-01f  1
 622r 2.2122066e+02 3.80e-01 1.17e+04  -5.8 1.16e-01    -  1.00e+00 2.85e-01f  1
 623r 2.2166704e+02 2.34e+00 9.84e+03  -2.0 1.76e-01    -  1.00e+00 6.52e-01f  1
 624r 2.1989175e+02 2.05e+00 7.56e+03  -6.4 3.64e-01    -  1.00e+00 1.25e-01f  1
 625r 2.1683218e+02 4.89e-01 5.35e+03  -6.4 2.06e-01    -  5.80e-01 3.65e-01f  1
 626r 2.1650188e+02 4.56e-01 5.39e+03  -0.4 3.46e-01    -  8.93e-01 5.77e-02f  1
 627r 2.1638604e+02 4.45e-01 5.34e+03  -0.8 2.80e-01    -  6.28e-01 2.39e-02f  1
 628r 2.1359566e+02 9.41e+00 3.31e+04  -0.2 3.06e-01    -  6.00e-01 1.00e+00f  1
 629r 2.1359180e+02 9.31e+00 3.18e+04  -0.3 3.46e-01    -  5.91e-01 9.75e-03f  1
iter    objective    inf_pr   inf_du lg(mu)  ||d||  lg(rg) alpha_du alpha_pr  ls
 630r 2.1262686e+02 9.19e+00 3.29e+04  -0.3 1.99e+00    -  1.00e+00 1.27e-02h  1
 631r 1.6928974e+02 3.19e+00 1.16e+04  -0.3 1.46e+00    -  8.36e-01 8.78e-01f  1
 632r 1.7073810e+02 2.85e+00 1.16e+04  -0.3 4.57e-01    -  6.50e-01 9.83e-02f  1
 633r 1.7529137e+02 2.14e+00 1.60e+04  -0.3 5.80e-01    -  2.95e-01 2.17e-01h  1
 634r 1.7563377e+02 2.10e+00 1.49e+04  -0.3 4.78e-01    -  6.32e-01 2.09e-02h  1
 635r 1.7993538e+02 1.71e+00 1.17e+04  -0.3 5.90e-01    -  1.00e+00 2.33e-01f  1
 636r 1.8136204e+02 1.60e+00 1.07e+04  -0.3 5.22e-01    -  4.23e-01 6.74e-02h  1
 637r 1.8157379e+02 1.62e+00 1.06e+04  -0.3 3.95e-01    -  1.03e-01 1.36e-02H  1
 638r 1.6862597e+02 1.13e+00 2.12e+04  -0.3 1.63e+00    -  1.00e+00 2.36e-01f  1
 639r 1.2823422e+02 4.21e+01 6.28e+02  -0.3 1.60e+00    -  1.00e+00 1.00e+00f  1
iter    objective    inf_pr   inf_du lg(mu)  ||d||  lg(rg) alpha_du alpha_pr  ls
 640r 7.5918489e+01 2.14e+02 1.46e+03  -0.3 2.45e+00    -  1.00e+00 1.00e+00f  1
 641r 7.0124931e+01 7.29e+01 9.96e+01  -0.3 1.15e+00    -  1.00e+00 1.00e+00h  1
 642r 4.1129278e+01 8.13e+00 1.95e+03  -0.3 1.71e+00    -  1.00e+00 1.00e+00h  1
 643r 4.6191809e+01 2.96e+01 1.23e+03  -0.3 1.97e+00    -  1.00e+00 5.00e-01h  2
 644r 5.6250408e+01 2.64e+01 5.76e+03  -0.3 5.05e-01    -  1.00e+00 1.00e+00h  1
 645r 5.6865041e+01 1.93e+01 7.78e+03  -0.3 1.18e+00    -  1.00e+00 2.50e-01h  3
 646r 5.6832695e+01 1.41e+01 7.77e+03  -0.3 8.28e-01    -  1.00e+00 2.50e-01h  3
 647r 5.8920139e+01 1.11e+01 4.43e+03  -0.3 8.69e-01    -  1.00e+00 2.50e-01h  3
 648r 4.3980161e+01 6.11e+01 2.08e+02  -0.3 7.91e-01    -  1.00e+00 1.00e+00f  1
 649r 3.2596265e+01 3.13e+01 1.12e+03  -0.3 5.81e-01    -  1.00e+00 1.00e+00h  1
iter    objective    inf_pr   inf_du lg(mu)  ||d||  lg(rg) alpha_du alpha_pr  ls
 650r 3.5507467e+01 2.26e+01 4.17e+02  -0.3 9.99e-01    -  1.00e+00 5.00e-01h  2
 651r 2.9604340e+01 1.89e+01 5.56e+02  -0.3 6.67e-01    -  1.00e+00 1.00e+00h  1
 652r 3.1103059e+01 2.73e+01 7.76e+02  -0.3 8.19e-01    -  1.00e+00 5.00e-01h  2
 653r 3.5430186e+01 1.14e+01 4.00e+03  -0.3 6.09e-01    -  1.00e+00 5.00e-01h  2
 654r 3.5928235e+01 7.88e+00 8.67e+03  -0.3 7.79e-01    -  1.00e+00 2.50e-01h  3
 655r 3.5805298e+01 9.59e+00 7.12e+03  -0.3 5.55e-01    -  1.00e+00 2.50e-01h  3
 656r 3.2822531e+01 8.77e+00 2.03e+03  -0.3 4.67e-01    -  1.00e+00 5.00e-01h  2
 657r 2.6692951e+01 1.90e+01 6.10e+02  -0.3 3.60e-01    -  1.00e+00 1.00e+00h  1
 658r 2.8130700e+01 9.60e+00 9.11e+02  -0.3 6.21e-01    -  1.00e+00 1.00e+00h  1
 659r 2.9711579e+01 8.13e+00 1.47e+04  -0.3 8.89e-01    -  1.00e+00 5.00e-01h  2
iter    objective    inf_pr   inf_du lg(mu)  ||d||  lg(rg) alpha_du alpha_pr  ls
 660r 2.9806148e+01 1.38e+01 2.70e+04  -0.3 2.35e-01    -  1.00e+00 5.00e-01h  2
 661r 2.9029969e+01 8.84e+00 9.72e+04  -0.3 6.50e-01    -  3.19e-01 3.17e-01h  1
 662r 2.8998100e+01 8.39e+00 9.20e+04  -0.3 1.89e-01    -  5.43e-02 5.05e-02h  1
 663r 2.8863824e+01 7.16e+00 7.73e+04  -0.3 2.06e-01    -  1.95e-01 1.40e-01h  1
 664r 2.8791107e+01 6.49e+00 6.93e+04  -0.3 1.95e-01    -  8.34e-02 9.07e-02f  1
 665r 2.8671316e+01 5.81e+00 6.29e+04  -0.3 2.31e-01    -  2.46e-01 1.01e-01f  1
 666r 2.8574842e+01 5.13e+00 6.03e+04  -0.3 1.90e-01    -  3.09e-01 1.18e-01f  1
 667r 2.8483887e+01 4.61e+00 5.77e+04  -0.3 1.77e-01    -  8.43e-02 1.04e-01h  1
 668r 2.7758516e+01 4.26e+00 5.73e+04  -0.3 6.81e-01    -  1.00e+00 7.66e-02f  1
 669r 2.7544860e+01 2.51e+00 4.07e+04  -0.3 2.12e-01    -  3.27e-01 4.05e-01f  1
iter    objective    inf_pr   inf_du lg(mu)  ||d||  lg(rg) alpha_du alpha_pr  ls
 670r 2.7409895e+01 1.97e+00 3.42e+04  -0.3 1.37e-01    -  2.47e-01 1.99e-01h  1
 671r 2.7108379e+01 1.68e+00 3.07e+04  -0.3 2.17e-01    -  2.60e-01 1.40e-01h  1
 672r 2.5785222e+01 2.11e+00 4.34e+04   0.7 1.95e-01    -  4.81e-01 1.00e+00f  1
 673r 2.6053907e+01 1.72e+00 2.19e+04   0.6 2.77e-01    -  9.46e-01 4.35e-01f  1
 674r 2.5998941e+01 4.79e-01 2.65e+04   0.6 3.13e-01    -  1.00e+00 4.80e-01f  1
 675r 2.5977810e+01 4.61e-01 2.26e+04   0.2 2.88e-01    -  1.00e+00 1.06e-01f  1
 676  2.5231537e+01 5.18e-01 4.12e+00 -11.0 9.62e+00    -  1.00e+00 7.81e-03f  8
 677  2.3206763e+01 7.42e-01 3.88e+00 -11.0 2.51e+00    -  1.00e+00 6.25e-02f  5
 678  2.2539577e+01 7.34e-01 3.80e+00 -11.0 3.09e+00    -  1.00e+00 1.56e-02f  7
 679  1.3811092e+01 3.22e+02 2.90e+04 -11.0 4.15e+00    -  1.00e+00 1.00e+00f  1
iter    objective    inf_pr   inf_du lg(mu)  ||d||  lg(rg) alpha_du alpha_pr  ls
 680  6.2742308e+00 1.49e+02 2.50e+04 -11.0 2.93e+00    -  1.00e+00 5.00e-01h  2
 681  3.2614289e+01 6.16e+01 1.50e+05 -11.0 2.12e+00    -  1.00e+00 1.00e+00h  1
 682  3.2227833e+01 7.70e+01 6.52e+05 -11.0 1.71e+00    -  1.00e+00 2.50e-01h  3
 683  5.2675319e+01 3.73e+01 7.43e+05 -11.0 1.39e+00    -  1.00e+00 1.00e+00h  1
 684  5.1955168e+01 1.97e+01 1.47e+05 -11.0 9.63e-01    -  1.00e+00 1.00e+00h  1
 685  4.9598807e+01 1.72e+01 1.13e+06 -11.0 1.14e+00    -  1.00e+00 5.00e-01h  2
 686  4.9453760e+01 8.28e+01 3.01e+07 -11.0 8.78e-01    -  1.00e+00 1.00e+00h  1
 687  4.9563475e+01 8.15e+01 2.94e+07 -11.0 5.20e-01    -  1.00e+00 1.56e-02h  7
 688  4.9596435e+01 8.12e+01 2.92e+07 -11.0 6.89e-01    -  1.00e+00 3.91e-03h  9
 689  1.7783587e+01 1.34e+02 2.23e+07 -11.0 3.21e+00    -  1.00e+00 5.00e-01f  2
iter    objective    inf_pr   inf_du lg(mu)  ||d||  lg(rg) alpha_du alpha_pr  ls
 690  2.2271596e+01 8.55e+01 3.55e+07 -11.0 1.85e+00    -  1.00e+00 2.50e-01h  3
 691  3.6975435e+01 4.49e+01 1.88e+08 -11.0 1.24e+00    -  1.00e+00 5.00e-01h  2
 692  4.0673141e+01 3.18e+01 3.93e+08 -11.0 9.56e-01    -  1.00e+00 2.50e-01h  3
 693  4.5268483e+01 2.39e+01 2.80e+08 -11.0 7.05e-01    -  1.00e+00 2.50e-01h  3
 694  4.8007083e+01 1.81e+01 1.10e+08 -11.0 4.59e-01    -  1.00e+00 2.50e-01h  3
 695  4.9502723e+01 1.58e+01 1.00e+08 -11.0 5.72e-01    -  1.00e+00 1.25e-01h  4
 696  1.8455698e+01 4.53e+01 5.88e+07 -11.0 3.15e+00    -  1.00e+00 5.00e-01f  2
 697  5.3340755e+01 3.51e+02 1.93e+08 -11.0 1.68e+00    -  1.00e+00 1.00e+00w  1
 698  9.7764310e+01 9.31e+01 3.95e+08 -11.0 1.35e+00    -  1.00e+00 1.00e+00w  1
 699  1.0638311e+02 2.13e+02 5.25e+09 -11.0 6.51e-01    -  1.00e+00 1.00e+00w  1
iter    objective    inf_pr   inf_du lg(mu)  ||d||  lg(rg) alpha_du alpha_pr  ls
 700  1.9509942e+01 3.95e+01 4.97e+07 -11.0 7.79e-01    -  1.00e+00 1.25e-01h  3
 701  2.9090382e+01 2.46e+01 2.27e+10 -11.0 1.06e+00    -  1.00e+00 5.00e-01h  2
 702  4.2155710e+01 2.23e+01 1.66e+10 -11.0 9.78e-01    -  1.00e+00 5.00e-01h  2
 703  4.9498318e+01 1.96e+01 1.25e+10 -11.0 1.71e+00    -  1.00e+00 1.25e-01h  4
 704  4.9571000e+01 1.95e+01 1.25e+10 -11.0 2.04e+00    -  1.00e+00 9.77e-04h 11
 705  4.2232521e+01 1.88e+01 1.47e+10 -11.0 2.09e+00    -  1.00e+00 1.25e-01f  4
 706  4.7765308e+01 1.37e+01 1.95e+10 -11.0 1.40e+00    -  1.00e+00 2.50e-01h  3
 707  4.9166566e+01 1.25e+01 4.76e+10 -11.0 1.08e+00    -  1.00e+00 1.25e-01h  4
 708  5.9691796e+01 2.62e+01 2.57e+09 -11.0 6.58e-01    -  1.00e+00 1.00e+00h  1
 709  6.5496087e+01 2.96e+01 4.65e+09 -11.0 1.13e+00    -  1.00e+00 5.00e-01h  2
iter    objective    inf_pr   inf_du lg(mu)  ||d||  lg(rg) alpha_du alpha_pr  ls
 710  7.7304058e+01 3.05e+01 2.49e+09 -11.0 7.38e-01    -  1.00e+00 5.00e-01h  2
 711  7.9585669e+01 1.15e+01 4.29e+09 -11.0 6.05e-01    -  1.00e+00 5.00e-01h  2
 712  2.9601863e+01 2.99e+01 3.20e+09 -11.0 3.03e+00    -  1.00e+00 5.00e-01f  2
 713  1.9068988e+01 1.43e+02 2.83e+03 -11.0 4.59e+00    -  1.00e+00 1.00e+00f  1
 714  1.0997109e+01 1.41e+02 4.18e+03 -11.0 1.64e+00    -  1.00e+00 1.00e+00h  1
 715  1.3154074e+01 7.79e+01 4.11e+04 -11.0 8.32e-01    -  1.00e+00 1.00e+00h  1
 716  1.2821253e+01 6.74e+01 2.37e+04 -11.0 2.36e+00    -  1.00e+00 1.25e-01h  4
 717  1.1925292e+01 4.61e+01 1.58e+04 -11.0 1.50e+00    -  1.00e+00 2.50e-01h  3
 718  1.9162733e+01 1.75e+01 1.34e+04 -11.0 2.13e+00    -  1.00e+00 5.00e-01h  2
 719  2.2585924e+01 9.10e+00 1.33e+04 -11.0 2.12e+00    -  1.00e+00 2.50e-01h  3
iter    objective    inf_pr   inf_du lg(mu)  ||d||  lg(rg) alpha_du alpha_pr  ls
 720  2.3066645e+01 8.48e+00 6.53e+04 -11.0 1.85e+00    -  1.00e+00 1.25e-01h  4
 721  2.6218301e+01 1.20e+01 4.24e+05 -11.0 1.33e+00    -  1.00e+00 2.50e-01h  3
 722  3.6936361e+01 6.21e+00 3.18e+05 -11.0 1.31e+00    -  1.00e+00 5.00e-01h  2
 723  4.7368635e+01 3.51e+00 7.90e+05 -11.0 1.21e+00    -  1.00e+00 5.00e-01h  2
 724  5.5097618e+01 2.60e+00 8.68e+05 -11.0 1.03e+00    -  1.00e+00 2.50e-01h  3
 725  7.0365406e+01 1.51e+00 1.75e+06 -11.0 9.13e-01    -  1.00e+00 5.00e-01h  2
 726  8.6182515e+01 1.37e+01 5.86e+05 -11.0 7.53e-01    -  1.00e+00 1.00e+00w  1
 727  1.0915467e+02 3.69e+00 3.03e+07 -11.0 7.82e-01    -  1.00e+00 1.00e+00w  1
 728  1.3486384e+02 1.88e+00 5.29e+07 -11.0 7.54e-01    -  1.00e+00 1.00e+00w  1
 729  7.2527300e+01 1.13e+00 1.11e+06 -11.0 5.07e-01    -  1.00e+00 2.50e-01h  2
iter    objective    inf_pr   inf_du lg(mu)  ||d||  lg(rg) alpha_du alpha_pr  ls
 730  2.0114252e+01 2.46e+00 4.51e+05 -11.0 3.38e+00    -  1.00e+00 5.00e-01f  2
 731  2.7514505e+01 2.16e+00 1.65e+05 -11.0 2.37e+00    -  1.00e+00 5.00e-01h  2
 732  4.0359036e+01 8.20e-01 5.29e+04 -11.0 1.77e+00    -  1.00e+00 5.00e-01h  2
 733  4.6670811e+01 1.97e+00 1.27e+06 -11.0 1.32e+00    -  1.00e+00 2.50e-01h  3
 734  4.7027418e+01 1.57e+00 1.86e+06 -11.0 1.13e+00    -  1.00e+00 1.25e-01h  4
 735  4.5746038e+01 2.66e+00 1.04e+06 -11.0 1.58e+00    -  1.00e+00 5.00e-01f  2
 736  2.9942985e+01 1.59e+00 5.98e+05 -11.0 2.63e+00    -  1.00e+00 2.50e-01f  3
 737  2.1433701e+01 5.97e+00 1.25e+06 -11.0 3.51e+00    -  1.00e+00 5.00e-01f  2
 738  2.0426488e+01 3.32e+00 3.56e+06 -11.0 1.58e+00    -  1.00e+00 5.00e-01f  2
 739  3.0659212e+01 3.87e+01 7.70e+06 -11.0 1.10e+00    -  1.00e+00 1.00e+00w  1
iter    objective    inf_pr   inf_du lg(mu)  ||d||  lg(rg) alpha_du alpha_pr  ls
 740  3.9500570e+01 2.99e+01 6.04e+08 -11.0 5.99e-01    -  1.00e+00 1.00e+00w  1
 741  4.0280045e+01 5.70e+00 9.39e+09 -11.0 4.18e-01    -  1.00e+00 1.00e+00w  1
 742  2.1616482e+01 5.09e+00 9.03e+06 -11.0 4.95e-01    -  1.00e+00 2.50e-01h  2
 743  3.2481302e+01 1.07e+00 2.82e+07 -11.0 1.01e+00    -  1.00e+00 5.00e-01h  2
 744  3.6146569e+01 8.29e-01 6.84e+06 -11.0 8.88e-01    -  1.00e+00 2.50e-01h  3
 745  4.9283896e+01 4.24e-01 2.26e+07 -11.0 6.05e-01    -  1.00e+00 1.00e+00h  1
 746  4.6443390e+01 1.61e+00 1.70e+07 -11.0 4.67e-01    -  1.00e+00 1.00e+00f  1
 747  4.7161428e+01 1.10e+00 4.83e+07 -11.0 5.71e-01    -  1.00e+00 5.00e-01h  2
 748  4.9364697e+01 4.63e-01 2.36e+07 -11.0 3.02e-01    -  1.00e+00 5.00e-01h  2
 749  5.2422979e+01 7.69e-01 4.32e+06 -11.0 3.49e-01    -  1.00e+00 5.00e-01h  2
iter    objective    inf_pr   inf_du lg(mu)  ||d||  lg(rg) alpha_du alpha_pr  ls
 750  5.0859831e+01 3.81e-01 5.31e+07 -11.0 3.68e-01    -  1.00e+00 5.00e-01f  2
 751  1.3912366e+01 4.18e+00 2.23e+08 -11.0 3.45e+00    -  1.00e+00 5.00e-01f  2
 752  1.2692003e+01 3.26e+00 1.39e+04 -11.0 1.05e+00    -  1.00e+00 1.00e+00f  1
 753  1.5079277e+01 4.37e+00 3.54e+04 -11.0 1.48e+00    -  1.00e+00 1.00e+00h  1
 754  1.5851427e+01 2.63e+00 2.79e+05 -11.0 1.53e+00    -  1.00e+00 5.00e-01h  2
 755  1.8431937e+01 1.97e+00 1.90e+05 -11.0 9.97e-01    -  1.00e+00 2.50e-01h  3
 756  2.4440390e+01 9.96e-01 1.77e+05 -11.0 1.18e+00    -  1.00e+00 5.00e-01h  2
 757  2.5646709e+01 8.25e-01 1.68e+05 -11.0 1.68e+00    -  1.00e+00 1.25e-01h  4
 758  3.0012703e+01 9.19e-01 1.22e+05 -11.0 1.22e+00    -  1.00e+00 2.50e-01h  3
 759  2.8844949e+01 8.02e-01 6.28e+04 -11.0 1.81e+00    -  1.00e+00 1.25e-01f  4
iter    objective    inf_pr   inf_du lg(mu)  ||d||  lg(rg) alpha_du alpha_pr  ls
 760  2.8283660e+01 7.05e-01 1.34e+05 -11.0 1.57e+00    -  1.00e+00 1.25e-01h  4
 761  2.7189886e+01 8.01e-01 3.21e+05 -11.0 2.16e+00    -  1.00e+00 2.50e-01f  3
 762  2.6405213e+01 7.99e-01 2.79e+05 -11.0 2.07e+00    -  1.00e+00 1.25e-01f  4
 763  3.2099399e+01 9.93e-01 4.63e+05 -11.0 8.71e-01    -  1.00e+00 5.00e-01h  2
 764  4.9162460e+01 2.08e+01 9.64e+05 -11.0 1.33e+00    -  1.00e+00 1.00e+00w  1
 765  3.6967309e+01 9.64e+00 1.17e+06 -11.0 8.81e-01    -  1.00e+00 1.00e+00w  1
 766  4.8090717e+01 2.44e+00 3.88e+07 -11.0 8.45e-01    -  1.00e+00 1.00e+00w  1
 767  3.4739993e+01 7.49e-01 5.90e+04 -11.0 6.58e-01    -  1.00e+00 2.50e-01h  2
 768  3.5568850e+01 6.93e-01 5.55e+04 -11.0 1.35e+00    -  1.00e+00 6.25e-02h  5
 769  3.9137553e+01 5.28e-01 2.15e+06 -11.0 1.29e+00    -  1.00e+00 2.50e-01h  3
iter    objective    inf_pr   inf_du lg(mu)  ||d||  lg(rg) alpha_du alpha_pr  ls
 770  4.2532462e+01 5.38e-01 6.39e+06 -11.0 8.92e-01    -  1.00e+00 5.00e-01h  2
 771  4.4319049e+01 4.74e-01 5.69e+06 -11.0 8.24e-01    -  1.00e+00 1.25e-01h  4
 772  4.5576614e+01 4.15e-01 3.62e+06 -11.0 5.91e-01    -  1.00e+00 1.25e-01h  4
 773  4.6834777e+01 3.63e-01 2.99e+06 -11.0 7.30e-01    -  1.00e+00 1.25e-01h  4
 774  5.3470807e+01 2.07e-01 6.67e+05 -11.0 6.26e-01    -  1.00e+00 5.00e-01h  2
 775  5.4686974e+01 1.10e-01 1.52e+06 -11.0 2.09e-01    -  1.00e+00 5.00e-01h  2
 776  5.6146264e+01 7.82e-02 1.71e+06 -11.0 2.33e-01    -  1.00e+00 5.00e-01h  2
 777  5.2029738e+01 7.26e-02 1.20e+04 -11.0 2.06e-01    -  1.00e+00 1.00e+00f  1
 778  5.0454553e+01 5.91e-02 1.87e+05 -11.0 2.47e-01    -  1.00e+00 2.50e-01f  3
 779  4.8548612e+01 4.81e-02 2.60e+05 -11.0 3.39e-01    -  1.00e+00 2.50e-01f  3
iter    objective    inf_pr   inf_du lg(mu)  ||d||  lg(rg) alpha_du alpha_pr  ls
 780  4.4856897e+01 1.38e-01 1.38e+04 -11.0 3.73e-01    -  1.00e+00 5.00e-01f  2
 781  3.9653201e+01 3.90e-01 1.92e+05 -11.0 2.32e+00    -  1.00e+00 6.25e-02f  5
 782  3.8206282e+01 2.35e-01 2.41e+05 -11.0 1.95e-01    -  1.00e+00 5.00e-01f  2
 783  3.3563290e+01 1.09e-01 1.87e+05 -11.0 1.90e-01    -  1.00e+00 1.00e+00f  1
 784  3.1071544e+01 3.93e-01 2.25e+05 -11.0 1.51e-01    -  1.00e+00 1.00e+00f  1
 785  1.4151228e+01 1.75e+01 1.95e+06 -11.0 2.18e+00    -  1.00e+00 5.00e-01f  2
 786  1.7663046e+01 1.01e+01 2.29e+07 -11.0 1.71e+00    -  1.00e+00 5.00e-01h  2
 787  2.6462223e+01 8.23e-01 7.60e+06 -11.0 9.58e-01    -  1.00e+00 5.00e-01h  2
 788  3.0608917e+01 4.12e-01 5.89e+06 -11.0 7.45e-01    -  1.00e+00 5.00e-01h  2
 789  3.1148826e+01 4.00e-01 5.45e+06 -11.0 7.40e-01    -  1.00e+00 6.25e-02h  5
iter    objective    inf_pr   inf_du lg(mu)  ||d||  lg(rg) alpha_du alpha_pr  ls
 790  3.2465610e+01 3.92e-01 5.19e+06 -11.0 1.04e+00    -  1.00e+00 1.25e-01h  4
 791  4.4081964e+01 5.37e-01 7.21e+06 -11.0 9.96e-01    -  1.00e+00 5.00e-01h  2
 792  2.4935090e+01 1.79e+00 1.66e+06 -11.0 3.47e+00    -  1.00e+00 5.00e-01f  2
 793  2.5796825e+01 1.11e+00 2.73e+06 -11.0 7.09e-01    -  1.00e+00 2.50e-01h  3
 794  2.6710310e+01 7.52e-01 3.06e+06 -11.0 7.53e-01    -  1.00e+00 2.50e-01h  3
 795  3.0207562e+01 1.56e+00 7.93e+07 -11.0 6.89e-01    -  1.00e+00 1.00e+00w  1
 796  2.2521630e+01 9.31e+00 9.77e+05 -11.0 2.82e+00    -  1.00e+00 1.00e+00w  1
 797  1.4028662e+01 3.76e+01 5.07e+04 -11.0 2.27e+00    -  1.00e+00 1.00e+00w  1
 798  2.6779674e+01 6.95e-01 4.67e+06 -11.0 2.01e+00    -  1.00e+00 6.25e-02h  4
 799  1.7419372e+01 1.21e+00 4.51e+07 -11.0 1.59e+00    -  1.00e+00 5.00e-01f  2
iter    objective    inf_pr   inf_du lg(mu)  ||d||  lg(rg) alpha_du alpha_pr  ls
 800  1.7401003e+01 9.43e-01 2.90e+07 -11.0 7.94e-01    -  1.00e+00 2.50e-01h  3
 801  1.7506329e+01 7.68e-01 4.06e+07 -11.0 9.18e-01    -  1.00e+00 2.50e-01h  3
 802  1.7587553e+01 7.21e-01 3.04e+07 -11.0 6.96e-01    -  1.00e+00 6.25e-02h  5
 803  1.4768229e+01 6.42e-01 9.00e+07 -11.0 1.85e+00    -  1.00e+00 2.50e-01f  3
 804  1.5238400e+01 1.05e+00 1.30e+08 -11.0 1.55e+00    -  1.00e+00 5.00e-01h  2
 805  1.5340901e+01 1.35e+00 1.27e+08 -11.0 3.03e+00    -  1.00e+00 3.12e-02h  6
 806  1.7713493e+01 4.86e-01 1.93e+08 -11.0 2.05e+00    -  1.00e+00 1.25e-01h  4
 807  1.8274201e+01 4.77e-01 1.82e+08 -11.0 2.64e+00    -  1.00e+00 1.56e-02h  7
 808  8.0255392e+01 7.68e+01 1.63e+11 -11.0 2.11e+00    -  1.00e+00 1.00e+00w  1
 809  4.5316125e+02 1.15e+03 2.33e+13 -11.0 2.83e+00    -  1.00e+00 1.00e+00w  1
iter    objective    inf_pr   inf_du lg(mu)  ||d||  lg(rg) alpha_du alpha_pr  ls
 810  4.7094417e+02 1.76e+02 5.98e+12 -11.0 8.11e-01    -  1.00e+00 1.00e+00w  1
 811  1.8453343e+01 4.74e-01 1.78e+08 -11.0 3.45e-01    -  1.00e+00 7.81e-03h  7
 812  2.0127393e+01 4.65e-01 1.00e+11 -11.0 1.93e+00    -  1.00e+00 6.25e-02h  5
 813  1.7281563e+01 6.44e-01 7.77e+10 -11.0 1.89e+00    -  1.00e+00 1.25e-01f  4
 814  1.6248207e+01 5.31e+00 9.45e+11 -11.0 9.96e-01    -  1.00e+00 2.50e-01f  3
 815  1.7443335e+01 2.55e+00 1.04e+12 -11.0 6.26e-01    -  1.00e+00 1.25e-01h  4
 816  1.7595156e+01 2.54e+00 1.03e+12 -11.0 6.65e-01    -  1.00e+00 1.56e-02h  7
 817  1.7668354e+01 2.52e+00 1.03e+12 -11.0 6.43e-01    -  1.00e+00 7.81e-03h  8
 818  1.7224284e+01 1.15e+01 2.92e+11 -11.0 1.46e+00    -  1.00e+00 5.00e-01f  2
 819  1.7114243e+01 5.22e+00 8.21e+10 -11.0 1.94e+00    -  1.00e+00 1.25e-01h  4
iter    objective    inf_pr   inf_du lg(mu)  ||d||  lg(rg) alpha_du alpha_pr  ls
 820  1.7357137e+01 5.28e+00 5.89e+10 -11.0 1.96e+00    -  1.00e+00 1.56e-02h  7
 821  1.3699143e+02 1.35e+03 8.37e+12 -11.0 2.01e+00    -  1.00e+00 1.00e+00w  1
 822  3.8327563e+02 1.41e+03 5.46e+12 -11.0 1.88e+00    -  1.00e+00 1.00e+00w  1
 823  3.8595915e+02 1.13e+03 1.89e+12 -11.0 5.09e-01    -  1.00e+00 1.00e+00w  1
 824  1.7520383e+01 5.22e+00 4.90e+10 -11.0 1.10e+00    -  1.00e+00 7.81e-03h  7
 825  1.7582400e+01 5.20e+00 6.43e+10 -11.0 2.39e+00    -  1.00e+00 3.91e-03h  9
 826  1.7589136e+01 5.20e+00 6.05e+10 -11.0 2.19e+00    -  1.00e+00 4.88e-04h 12
 827  1.7592553e+01 5.20e+00 5.81e+10 -11.0 2.19e+00    -  1.00e+00 2.44e-04h 13
 828  2.5892741e+01 5.27e+00 1.28e+11 -11.0 2.19e+00    -  1.00e+00 2.50e-01h  3
 829  2.5616982e+01 5.07e+00 1.65e+11 -11.0 2.11e+00    -  1.00e+00 6.25e-02h  5
iter    objective    inf_pr   inf_du lg(mu)  ||d||  lg(rg) alpha_du alpha_pr  ls
 830  2.5387384e+01 5.50e+00 1.47e+11 -11.0 1.50e+00    -  1.00e+00 1.25e-01h  4
 831  2.6224426e+01 5.47e+00 1.42e+11 -11.0 1.92e+00    -  1.00e+00 3.12e-02h  6
 832  2.6295456e+01 5.45e+00 1.40e+11 -11.0 2.28e+00    -  1.00e+00 3.91e-03h  9
 833  4.6506583e+01 5.74e+00 1.10e+12 -11.0 2.92e+00    -  1.00e+00 2.50e-01h  3
 834  8.9187926e+01 4.85e+02 4.58e+12 -11.0 9.55e-01    -  1.00e+00 1.00e+00w  1
 835  2.1130915e+02 2.25e+02 1.05e+11 -11.0 2.23e+00    -  1.00e+00 1.00e+00w  1
 836  2.1170443e+02 1.37e+02 4.01e+10 -11.0 1.90e+00    -  1.00e+00 1.00e+00w  1
 837  4.8015066e+01 5.36e+00 8.83e+11 -11.0 2.46e+00    -  1.00e+00 6.25e-02h  4
 838  1.5734036e+01 1.06e+01 5.98e+11 -11.0 2.76e+00    -  1.00e+00 5.00e-01f  2
 839  1.7210139e+01 9.93e+00 6.06e+11 -11.0 3.65e+00    -  1.00e+00 6.25e-02h  5
iter    objective    inf_pr   inf_du lg(mu)  ||d||  lg(rg) alpha_du alpha_pr  ls
 840  1.7467811e+01 9.85e+00 6.01e+11 -11.0 2.99e+00    -  1.00e+00 7.81e-03h  8
 841  1.7538163e+01 9.83e+00 5.99e+11 -11.0 3.01e+00    -  1.00e+00 1.95e-03h 10
 842  1.7574310e+01 9.82e+00 5.98e+11 -11.0 3.00e+00    -  1.00e+00 9.77e-04h 11
 843  2.0928065e+01 9.46e+00 4.78e+11 -11.0 2.98e+00    -  1.00e+00 6.25e-02h  5
 844  5.2220018e+01 7.21e+00 1.11e+11 -11.0 2.87e+00    -  1.00e+00 2.50e-01h  3
 845  3.4909537e+02 2.53e+01 1.29e+12 -11.0 2.44e+00    -  1.00e+00 1.00e+00h  1
 846  3.1646079e+02 2.38e+01 9.27e+11 -11.0 3.60e+00    -  1.00e+00 6.25e-02f  5
 847  2.7980519e+02 2.25e+01 6.72e+11 -11.0 4.49e+00    -  1.00e+00 1.25e-01f  4
 848  2.4613779e+02 2.11e+01 5.71e+11 -11.0 7.76e+00    -  1.00e+00 6.25e-02f  5
 849  2.5015986e+02 1.15e+00 4.79e+11 -11.0 3.59e+00    -  1.00e+00 1.25e-01h  4
iter    objective    inf_pr   inf_du lg(mu)  ||d||  lg(rg) alpha_du alpha_pr  ls
 850  2.5056216e+02 1.48e+00 4.75e+11 -11.0 7.53e-01    -  1.00e+00 2.50e-01h  3
 851  2.5445887e+02 1.38e+00 3.23e+11 -11.0 8.85e-01    -  1.00e+00 2.50e-01h  3
 852  2.5929978e+02 7.20e-01 2.70e+11 -11.0 7.83e-01    -  1.00e+00 5.00e-01h  2
 853  2.6439711e+02 7.47e-01 2.09e+11 -11.0 1.37e+00    -  1.00e+00 1.25e-01h  4
 854  2.7270043e+02 6.89e-01 2.28e+11 -11.0 1.15e+00    -  1.00e+00 2.50e-01h  3
 855  2.8204754e+02 1.02e+00 7.30e+10 -11.0 9.13e-01    -  1.00e+00 5.00e-01h  2
 856  3.2078980e+02 5.05e+00 4.78e+11 -11.0 1.29e+00    -  1.00e+00 1.00e+00w  1
 857  3.7518199e+02 1.24e+01 1.38e+05 -11.0 7.35e-01    -  1.00e+00 1.00e+00w  1
 858  3.3883505e+02 3.99e+02 1.50e+05 -11.0 6.66e+00    -  1.00e+00 1.00e+00w  1
 859  3.0070005e+02 8.13e-01 2.29e+11 -11.0 6.76e+00    -  1.00e+00 5.00e-01h  1
iter    objective    inf_pr   inf_du lg(mu)  ||d||  lg(rg) alpha_du alpha_pr  ls
 860  2.2118340e+02 2.58e+00 2.99e+05 -11.0 8.11e-01    -  1.00e+00 1.00e+00f  1
 861  2.3431659e+02 1.73e+00 2.97e+05 -11.0 5.49e-01    -  1.00e+00 1.00e+00h  1
 862  1.9764197e+02 1.78e+01 4.78e+05 -11.0 2.76e+00    -  1.00e+00 5.00e-01f  2
 863  1.4130580e+02 1.61e+01 2.30e+05 -11.0 4.22e+00    -  1.00e+00 1.25e-01f  4
 864  1.4957010e+02 1.01e+01 5.28e+05 -11.0 1.49e+00    -  1.00e+00 5.00e-01h  2
 865  1.5224363e+02 5.00e+00 1.71e+06 -11.0 6.70e-01    -  1.00e+00 5.00e-01h  2
 866  1.6413679e+02 8.07e-01 7.37e+07 -11.0 1.12e+00    -  1.00e+00 1.00e+00h  1
 867  1.6624852e+02 5.44e-01 4.18e+07 -11.0 7.06e-01    -  1.00e+00 5.00e-01h  2
 868  9.3184659e+01 3.47e+00 2.10e+08 -11.0 3.69e+00    -  1.00e+00 2.50e-01f  3
 869  3.5065629e+01 2.60e+00 1.55e+08 -11.0 5.15e+00    -  1.00e+00 5.00e-01f  2
iter    objective    inf_pr   inf_du lg(mu)  ||d||  lg(rg) alpha_du alpha_pr  ls
 870  3.6047886e+01 1.57e+00 1.12e+07 -11.0 9.05e-01    -  1.00e+00 1.00e+00h  1
 871  5.2781304e+01 9.75e-01 1.38e+07 -11.0 9.69e-01    -  1.00e+00 1.00e+00h  1
 872  5.7447253e+01 5.27e-01 3.27e+06 -11.0 4.83e-01    -  1.00e+00 5.00e-01h  2
 873  6.6489021e+01 5.19e-01 6.04e+06 -11.0 3.43e-01    -  1.00e+00 1.00e+00h  1
 874  6.4899134e+01 4.55e-01 6.97e+06 -11.0 1.66e+00    -  1.00e+00 1.25e-01f  4
 875  6.5351996e+01 3.98e-01 5.35e+06 -11.0 1.17e+00    -  1.00e+00 1.25e-01h  4
 876  7.0893230e+01 2.98e-01 1.85e+06 -11.0 8.79e-01    -  1.00e+00 2.50e-01h  3
 877  2.3469964e+01 7.39e-01 9.00e+07 -11.0 2.85e+00    -  1.00e+00 5.00e-01f  2
 878  1.5648901e+01 1.40e+01 1.80e+05 -11.0 1.69e+00    -  1.00e+00 1.00e+00f  1
 879  1.3590168e+01 1.10e+01 2.40e+06 -11.0 4.00e+00    -  1.00e+00 2.50e-01h  3
iter    objective    inf_pr   inf_du lg(mu)  ||d||  lg(rg) alpha_du alpha_pr  ls
 880  1.6095389e+01 1.33e+01 1.20e+06 -11.0 1.60e+00    -  1.00e+00 5.00e-01h  2
 881  1.7335199e+01 1.11e+01 4.93e+05 -11.0 1.15e+00    -  1.00e+00 2.50e-01h  3
 882  1.5147293e+01 1.02e+01 6.83e+05 -11.0 2.84e+00    -  1.00e+00 1.25e-01h  4
 883  1.5032759e+01 1.09e+01 1.12e+06 -11.0 3.00e+00    -  1.00e+00 1.25e-01h  4
 884  1.5503118e+01 9.56e+00 9.78e+05 -11.0 2.28e+00    -  1.00e+00 1.25e-01h  4
 885  1.6579160e+01 8.90e+00 9.35e+05 -11.0 3.03e+00    -  1.00e+00 6.25e-02h  5
 886  1.7083777e+01 8.62e+00 8.93e+05 -11.0 3.06e+00    -  1.00e+00 3.12e-02h  6
 887  1.6858955e+01 8.34e+00 8.67e+05 -11.0 2.15e+00    -  1.00e+00 3.12e-02h  6
 888  1.7070121e+01 8.27e+00 8.37e+05 -11.0 2.81e+00    -  1.00e+00 7.81e-03h  8
 889  8.3826443e+01 9.50e+01 9.07e+04 -11.0 2.78e+00    -  1.00e+00 1.00e+00w  1
iter    objective    inf_pr   inf_du lg(mu)  ||d||  lg(rg) alpha_du alpha_pr  ls
 890  4.0188976e+02 2.16e+02 1.58e+07 -11.0 3.02e+00    -  1.00e+00 1.00e+00w  1
 891  3.8603682e+02 1.31e+02 2.33e+06 -11.0 1.39e+00    -  1.00e+00 1.00e+00w  1
 892  1.7494328e+01 8.13e+00 7.88e+05 -11.0 7.72e-02    -  1.00e+00 1.56e-02h  6
 893  4.0090722e+01 1.55e+01 2.09e+05 -11.0 2.75e+00    -  1.00e+00 5.00e-01h  2
 894  2.9299252e+01 4.07e+01 1.89e+06 -11.0 2.65e+00    -  1.00e+00 5.00e-01f  2
 895  1.0148517e+02 1.93e+01 2.14e+07 -11.0 4.24e+00    -  1.00e+00 5.00e-01h  2
 896  1.4001634e+02 2.04e+01 2.20e+07 -11.0 2.53e+00    -  1.00e+00 2.50e-01h  3
 897  3.7105422e+02 5.29e-01 4.71e+06 -11.0 1.81e+00    -  1.00e+00 1.00e+00h  1
 898  3.7137817e+02 1.05e-01 6.13e+06 -11.0 4.28e-01    -  1.00e+00 1.00e+00h  1
 899  3.7436693e+02 5.25e-02 1.91e+06 -11.0 1.76e-01    -  1.00e+00 5.00e-01h  2
iter    objective    inf_pr   inf_du lg(mu)  ||d||  lg(rg) alpha_du alpha_pr  ls
 900  3.7330791e+02 2.62e-02 1.46e+06 -11.0 4.24e-01    -  1.00e+00 5.00e-01f  2
 901  3.7454650e+02 3.25e-03 4.05e+01 -11.0 3.81e-01    -  1.00e+00 1.00e+00h  1
 902  3.7540018e+02 2.10e-06 5.66e-01 -11.0 1.28e-01    -  1.00e+00 1.00e+00h  1
 903  3.7481310e+02 2.07e-03 2.52e+03 -11.0 1.39e-01    -  1.00e+00 1.00e+00f  1
 904  3.7132537e+02 8.10e-02 1.66e+02 -11.0 7.73e-01    -  1.00e+00 1.00e+00f  1
 905  3.7481314e+02 9.42e-08 9.83e-03 -11.0 1.70e-01    -  1.00e+00 1.00e+00h  1
 906  3.7481271e+02 6.99e-08 2.07e-02 -11.0 1.16e-02    -  1.00e+00 1.00e+00f  1
 907  3.7481263e+02 5.01e-07 9.39e-04 -11.0 5.69e-03    -  1.00e+00 1.00e+00h  1
 908  3.7481261e+02 7.11e-09 8.36e-04 -11.0 1.52e-03    -  1.00e+00 1.00e+00h  1
 909  3.7481260e+02 1.34e-07 5.99e-04 -11.0 6.77e-03    -  1.00e+00 1.00e+00h  1
iter    objective    inf_pr   inf_du lg(mu)  ||d||  lg(rg) alpha_du alpha_pr  ls
 910  3.7481261e+02 1.11e-07 5.03e-04 -11.0 5.86e-03    -  1.00e+00 1.00e+00h  1
 911  3.7481330e+02 1.07e-10 6.23e-03 -11.0 1.39e-01    -  1.00e+00 1.00e+00H  1
 912  3.7481260e+02 6.73e-10 6.44e-04 -11.0 7.89e-02    -  1.00e+00 1.00e+00f  1
 913  3.7481260e+02 4.80e-10 3.17e-05 -11.0 7.04e-04    -  1.00e+00 1.00e+00h  1
 914  3.7481260e+02 6.62e-10 3.17e-05 -11.0 1.19e-03    -  1.00e+00 1.00e+00h  1
 915  3.7481260e+02 1.23e-09 7.16e-05 -11.0 2.26e-03    -  1.00e+00 1.00e+00h  1
 916  3.7481260e+02 7.14e-10 6.92e-05 -11.0 2.71e-03    -  1.00e+00 1.00e+00h  1
 917  3.7481260e+02 9.15e-12 3.17e-05 -11.0 3.17e-05    -  1.00e+00 1.00e+00h  1
 918  3.7481260e+02 8.90e-12 3.17e-05 -11.0 7.05e-05    -  1.00e+00 1.00e+00h  1
 919  3.7481260e+02 6.36e-10 1.01e-04 -11.0 2.94e-01    -  1.00e+00 3.91e-03h  9
iter    objective    inf_pr   inf_du lg(mu)  ||d||  lg(rg) alpha_du alpha_pr  ls
 920  3.7481259e+02 1.57e-08 1.66e-03 -11.0 1.98e-01    -  1.00e+00 1.00e+00h  1
 921  3.7481249e+02 2.37e-07 3.86e-04 -11.0 2.50e-01  -4.0 1.00e+00 1.00e+00h  1
 922  3.7481244e+02 3.30e-07 3.55e-04 -11.0 2.01e+00    -  1.00e+00 1.25e-01h  4
 923  3.7481243e+02 1.17e-05 2.15e+00 -11.0 5.83e+01    -  1.00e+00 2.44e-04h 13
 924  3.7481104e+02 5.99e-04 8.06e+01 -11.0 1.07e+05    -  1.00e+00 2.98e-08f 26
 925  3.7480863e+02 6.07e-04 9.21e+01 -11.0 8.82e+04    -  1.00e+00 2.98e-08f 26
 926  3.7480685e+02 6.10e-04 1.00e+02 -11.0 5.74e-01    -  1.00e+00 4.88e-04f 12
 927  3.7465112e+02 3.55e+01 1.88e+06 -11.0 5.68e-01    -  1.00e+00 1.00e+00f  1
 928  3.7671925e+02 7.82e+00 8.68e+04 -11.0 3.07e-01    -  1.00e+00 1.00e+00h  1
 929  3.7542643e+02 1.78e+00 2.86e+04 -11.0 6.65e-01    -  1.00e+00 1.00e+00h  1
iter    objective    inf_pr   inf_du lg(mu)  ||d||  lg(rg) alpha_du alpha_pr  ls
 930  3.7616572e+02 3.87e-01 3.56e+04 -11.0 1.02e-01    -  1.00e+00 1.00e+00h  1
 931  3.7533906e+02 9.13e-02 4.05e+03 -11.0 1.37e-01    -  1.00e+00 1.00e+00h  1
 932  3.7514529e+02 1.75e-02 5.43e+02 -11.0 1.43e-01    -  1.00e+00 1.00e+00h  1
 933  3.7465601e+02 1.44e+01 4.34e+05 -11.0 1.19e+01  -3.1 1.00e+00 1.25e-01f  4
 934  3.7408228e+02 3.90e+00 2.02e+05 -11.0 4.98e-01    -  1.00e+00 1.00e+00h  1
 935  3.7382131e+02 3.19e-01 6.08e+05 -11.0 7.79e-01    -  1.00e+00 1.00e+00h  1
 936  3.7352547e+02 1.29e-01 5.78e+04 -11.0 1.09e+00    -  1.00e+00 1.00e+00f  1
 937  3.7363466e+02 9.69e-02 4.34e+04 -11.0 1.00e+00    -  1.00e+00 2.50e-01h  3
 938  3.7491984e+02 5.98e-03 7.36e+05 -11.0 7.81e-01  -0.9 1.00e+00 1.00e+00h  1
 939  3.7525801e+02 4.11e-03 1.72e+06 -11.0 2.96e+00    -  1.00e+00 7.81e-03h  8
iter    objective    inf_pr   inf_du lg(mu)  ||d||  lg(rg) alpha_du alpha_pr  ls
 940  3.7491350e+02 8.60e-04 2.41e+05 -11.0 2.15e-02    -  1.00e+00 1.00e+00f  1
 941  3.7491386e+02 2.95e-04 4.58e+04 -11.0 3.66e-03    -  1.00e+00 1.00e+00h  1
 942  3.7491347e+02 6.52e-05 7.16e+03 -11.0 1.97e-03    -  1.00e+00 1.00e+00h  1
 943  3.7491507e+02 1.42e-05 1.06e+04 -11.0 1.66e-03    -  1.00e+00 1.00e+00h  1
 944  3.7491585e+02 1.47e-06 1.80e+04 -11.0 3.07e-03    -  1.00e+00 1.00e+00h  1
 945  3.7491559e+02 3.15e-07 7.44e+03 -11.0 3.11e-03    -  1.00e+00 1.00e+00h  1
 946  3.7491496e+02 6.15e-06 9.78e+02 -11.0 1.93e-03    -  1.00e+00 1.00e+00h  1
 947  3.7491414e+02 8.17e-07 8.92e+03 -11.0 4.18e-03    -  1.00e+00 1.00e+00h  1
 948  3.7491293e+02 6.50e-07 3.85e+04 -11.0 1.91e-02    -  1.00e+00 1.00e+00h  1
 949  3.7490486e+02 3.40e-04 5.91e+05 -11.0 8.30e-01    -  1.00e+00 5.00e-01f  2
iter    objective    inf_pr   inf_du lg(mu)  ||d||  lg(rg) alpha_du alpha_pr  ls
 950  3.7491091e+02 3.06e-04 6.77e+05 -11.0 9.12e+00    -  1.00e+00 2.44e-04h 13
 951  3.7491228e+02 3.05e-04 7.23e+05 -11.0 5.27e+00    -  1.00e+00 1.22e-04h 14
 952  3.7491335e+02 3.04e-04 7.61e+05 -11.0 1.42e+00    -  1.00e+00 4.88e-04h 12
 953r 3.7491335e+02 3.04e-04 9.99e+02  -3.7 0.00e+00    -  0.00e+00 4.77e-07R 22
 954r 3.7491417e+02 7.68e-05 3.44e+01  -9.0 2.03e-01    -  1.00e+00 9.93e-04f  1
 955r 3.7490208e+02 2.32e-05 1.04e-01  -4.5 5.81e-03    -  1.00e+00 9.79e-01f  1
 956  3.7459630e+02 1.56e-02 5.76e+05 -11.0 2.32e-01    -  1.00e+00 1.00e+00f  1
 957  3.7483862e+02 1.94e-02 1.59e-01 -11.0 9.07e-02    -  1.00e+00 1.00e+00h  1
 958  3.7481252e+02 5.18e-03 5.90e+01 -11.0 5.01e-02    -  1.00e+00 1.00e+00h  1
 959  3.7481058e+02 4.38e-03 5.62e+01 -11.0 1.79e-02    -  1.00e+00 1.25e-01h  4
iter    objective    inf_pr   inf_du lg(mu)  ||d||  lg(rg) alpha_du alpha_pr  ls
 960  3.7481030e+02 4.10e-03 5.42e+01 -11.0 2.64e-02    -  1.00e+00 6.25e-02h  5
 961  3.7477774e+02 1.28e-02 2.35e+01 -11.0 1.04e-01    -  1.00e+00 5.00e-01f  2
 962  3.7481111e+02 4.81e-04 6.58e-01 -11.0 5.20e-02    -  1.00e+00 1.00e+00h  1
 963  3.7480926e+02 8.28e-05 3.28e-01 -11.0 1.18e-02    -  1.00e+00 1.00e+00h  1
 964  3.7480925e+02 5.35e-02 4.41e+01 -11.0 9.16e-02    -  1.00e+00 1.00e+00h  1
 965  3.7480012e+02 5.34e-02 2.06e+02 -11.0 3.06e-01    -  1.00e+00 2.50e-01h  3
 966  3.7480350e+02 3.10e-02 6.53e+01 -11.0 1.86e-01    -  1.00e+00 5.00e-01h  2
 967  3.7480244e+02 9.29e-03 3.84e+00 -11.0 2.28e-02    -  1.00e+00 1.00e+00h  1
 968  3.7479484e+02 2.31e-02 1.35e+00 -11.0 6.27e-02    -  1.00e+00 1.00e+00h  1
 969  3.7478556e+02 1.15e-02 7.06e-01 -11.0 1.15e-01    -  1.00e+00 5.00e-01h  2
iter    objective    inf_pr   inf_du lg(mu)  ||d||  lg(rg) alpha_du alpha_pr  ls
 970  3.7479515e+02 5.77e-03 7.88e-01 -11.0 3.97e-02    -  1.00e+00 5.00e-01h  2
 971  3.7480275e+02 2.89e-03 2.14e-01 -11.0 3.91e-02    -  1.00e+00 5.00e-01h  2
 972  3.7481249e+02 4.74e-05 4.79e-01 -11.0 2.40e-02    -  1.00e+00 1.00e+00h  1
 973  3.7481293e+02 2.96e-06 4.38e-01 -11.0 1.59e-02    -  1.00e+00 1.00e+00h  1
 974  3.7481226e+02 2.33e-05 1.03e+00 -11.0 2.01e-02    -  1.00e+00 5.00e-01h  2
 975  3.7481189e+02 3.38e-05 1.79e+00 -11.0 3.24e+00    -  1.00e+00 1.95e-03f 10
 976  3.7481159e+02 3.84e-05 2.56e+00 -11.0 2.38e+00    -  1.00e+00 1.95e-03f 10
 977  3.7481132e+02 4.10e-05 3.35e+00 -11.0 2.04e+00    -  1.00e+00 1.95e-03f 10
 978  3.7481123e+02 3.94e-05 3.50e+00 -11.0 2.08e-02    -  1.00e+00 3.12e-02h  6
 979  3.7480963e+02 1.98e+01 7.44e+04 -11.0 2.13e-02    -  1.00e+00 1.00e+00h  1
iter    objective    inf_pr   inf_du lg(mu)  ||d||  lg(rg) alpha_du alpha_pr  ls
 980  3.7448783e+02 2.12e+00 1.20e+04 -11.0 1.80e-01    -  1.00e+00 1.00e+00h  1
 981  3.7477249e+02 1.61e-01 1.56e+03 -11.0 1.63e-01    -  1.00e+00 1.00e+00h  1
 982  3.1532364e+02 1.90e-01 2.05e+03 -11.0 3.08e+00    -  1.00e+00 1.00e+00f  1
 983  2.8146439e+02 9.49e-02 8.05e+03 -11.0 2.37e+00    -  1.00e+00 5.00e-01f  2
 984  3.0990320e+02 4.75e-02 6.73e+04 -11.0 1.68e+00    -  1.00e+00 5.00e-01h  2
 985  3.1174530e+02 7.65e-02 1.22e+03 -11.0 6.66e-01    -  1.00e+00 1.00e+00h  1
 986  2.9855621e+02 5.24e-02 5.34e+03 -11.0 5.65e+00    -  1.00e+00 5.00e-01f  2
 987  3.4545085e+02 2.09e-01 7.51e+04 -11.0 6.78e+00    -  1.00e+00 1.00e+00h  1
 988  3.4549554e+02 1.01e-02 5.96e+03 -11.0 5.28e-01    -  1.00e+00 1.25e-01h  4
 989  3.6066750e+02 9.09e-03 3.37e+04 -11.0 2.69e+00    -  1.00e+00 5.00e-01h  2
iter    objective    inf_pr   inf_du lg(mu)  ||d||  lg(rg) alpha_du alpha_pr  ls
 990  3.6407271e+02 1.34e-02 3.85e+05 -11.0 9.51e-01    -  1.00e+00 5.00e-01h  2
 991  3.6592348e+02 6.12e-03 5.91e+02 -11.0 3.03e-01    -  1.00e+00 1.00e+00h  1
 992  3.6536209e+02 4.86e-03 7.82e+02 -11.0 3.19e-01    -  1.00e+00 2.50e-01f  3
 993  3.5657328e+02 1.58e-02 5.75e+02 -11.0 1.41e+00    -  1.00e+00 2.50e-01f  3
 994  3.7484585e+02 4.94e-14 4.84e-02 -11.0 6.20e-01    -  1.00e+00 1.00e+00h  1
 995  3.7481304e+02 3.38e-11 6.09e-03 -11.0 5.45e-02    -  1.00e+00 5.00e-01f  2
 996  3.7481252e+02 1.96e-14 3.03e-05 -11.0 3.05e-03    -  1.00e+00 1.00e+00f  1
 997  3.7481252e+02 8.41e-15 3.03e-05 -11.0 1.53e-05    -  1.00e+00 1.00e+00h  1
 998  3.7481248e+02 1.38e-14 1.09e-04 -11.0 1.28e-01    -  1.00e+00 1.00e+00f  1
 999  3.7481189e+02 1.63e-12 1.81e-03 -11.0 1.90e+02    -  1.00e+00 1.56e-02f  7
iter    objective    inf_pr   inf_du lg(mu)  ||d||  lg(rg) alpha_du alpha_pr  ls
1000  3.7481183e+02 2.89e-14 2.41e-05 -11.0 9.10e-04  -1.4 1.00e+00 1.00e+00f  1
1001  3.7481065e+02 8.06e-05 6.26e-05 -11.0 1.20e+01    -  1.00e+00 1.00e+00f  1
1002  3.7481065e+02 9.16e-05 6.17e-08 -11.0 5.69e-02    -  1.00e+00 1.00e+00h  1
1003r 3.7481065e+02 9.16e-05 9.99e+02  -4.0 0.00e+00    -  0.00e+00 4.77e-07R 22
1004r 3.7481079e+02 7.61e-05 4.54e-01  -9.0 4.57e-01    -  1.00e+00 9.78e-04f  1
1005  3.7481065e+02 3.18e-05 1.05e-04 -11.0 1.66e-02    -  1.00e+00 1.00e+00h  1
1006  3.7481065e+02 3.55e-05 1.04e-04 -11.0 7.74e-01    -  1.00e+00 1.56e-02h  7
1007  3.7481065e+02 1.04e-05 1.16e-05 -11.0 3.08e-02    -  1.00e+00 1.00e+00h  1
1008  3.7481065e+02 5.93e-09 1.03e-04 -11.0 4.49e-02    -  1.00e+00 1.00e+00H  1
1009  3.7481065e+02 1.77e-11 6.99e-06 -11.0 5.50e-05  -1.9 1.00e+00 1.00e+00h  1
iter    objective    inf_pr   inf_du lg(mu)  ||d||  lg(rg) alpha_du alpha_pr  ls
1010  3.7481065e+02 4.60e-07 1.95e-05 -11.0 7.90e-03    -  1.00e+00 1.00e+00h  1
1011  3.7481065e+02 3.03e-12 1.13e-06 -11.0 5.54e-06  -2.3 1.00e+00 1.00e+00h  1
1012  3.7481065e+02 2.74e-06 3.34e-06 -11.0 1.44e-02    -  1.00e+00 1.00e+00h  1
1013  3.7481065e+02 1.37e-06 2.22e-06 -11.0 1.07e-05  -2.8 1.00e+00 5.00e-01h  2
1014  3.7481065e+02 2.61e-07 5.63e-07 -11.0 5.24e-03    -  1.00e+00 1.00e+00h  1
1015  3.7481065e+02 6.82e-11 5.68e-07 -11.0 3.50e-05  -3.3 1.00e+00 1.00e+00h  1
1016  3.7481065e+02 2.54e-12 4.44e-06 -11.0 3.18e-02    -  1.00e+00 1.00e+00H  1
Cannot call restoration phase at almost feasible point,
but acceptable point from iteration 1015 could be restored.

Number of Iterations....: 1016

                                   (scaled)                 (unscaled)
Objective...............:   3.7481065228683474e+02    3.7481065228683474e+02
Dual infeasibility......:   5.6810842079604851e-07    5.6810842079604851e-07
Constraint violation....:   6.8236246320337718e-11    6.8236247582416810e-11
Variable bound violation:   0.0000000000000000e+00    0.0000000000000000e+00
Complementarity.........:   0.0000000000000000e+00    0.0000000000000000e+00
Overall NLP error.......:   5.6810842079604851e-07    5.6810842079604851e-07


Number of objective function evaluations             = 3489
Number of objective gradient evaluations             = 940
Number of equality constraint evaluations            = 3779
Number of inequality constraint evaluations          = 0
Number of equality constraint Jacobian evaluations   = 1021
Number of inequality constraint Jacobian evaluations = 0
Number of Lagrangian Hessian evaluations             = 0
Total seconds in IPOPT                               = 704.443

EXIT: Solved To Acceptable Level.
shapovalova [712s]  loss=375.0
  [final]  nrmse=0.3148  l2=325.2
saved /orcd/home/002/txenakis/projects/BVPsolver/src/../data/runs/run_Wze8h9e9/vanderpol_fit.png
saved /orcd/home/002/txenakis/projects/BVPsolver/src/../data/runs/run_Wze8h9e9/vanderpol_spectral_fit.png
┌ Warning: Attempting to store StiffNN.var"#14#15"{Float64}.
│ JLD2 only stores functions by name.
│  This may not be useful for anonymous functions.
└ @ JLD2 ~/.julia/packages/JLD2/ADycq/src/data/writing_datatypes.jl:447
saved run → /orcd/home/002/txenakis/projects/BVPsolver/src/../data/runs/run_Wze8h9e9
