davis-skodje  model=GELU-scaled width=7 d=2 tlen=300 profile=fast seed=315  solver=Rodas5P  N=317
  derivmatch lr=0.01 iter=170/3400 loss=1.733
  derivmatch lr=0.01 iter=340/3400 loss=0.7599
  derivmatch lr=0.01 iter=510/3400 loss=0.2613
  derivmatch lr=0.01 iter=680/3400 loss=0.1001
  derivmatch lr=0.01 iter=850/3400 loss=0.05322
  derivmatch lr=0.01 iter=1020/3400 loss=0.04336
  derivmatch lr=0.01 iter=1190/3400 loss=0.02035
  derivmatch lr=0.01 iter=1360/3400 loss=0.02165
  derivmatch lr=0.01 iter=1530/3400 loss=0.02822
  derivmatch lr=0.01 iter=1700/3400 loss=0.01231
  derivmatch lr=0.01 iter=1870/3400 loss=0.018
  derivmatch lr=0.01 iter=2040/3400 loss=0.02204
  derivmatch lr=0.01 iter=2210/3400 loss=0.008576
  derivmatch lr=0.01 iter=2380/3400 loss=0.01016
  derivmatch lr=0.01 iter=2550/3400 loss=0.008816
  derivmatch lr=0.01 iter=2720/3400 loss=0.008342
  derivmatch lr=0.01 iter=2890/3400 loss=0.00791
  derivmatch lr=0.01 iter=3060/3400 loss=0.00755
  derivmatch lr=0.01 iter=3230/3400 loss=0.007259
  derivmatch lr=0.01 iter=3400/3400 loss=0.00702
  derivmatch lr=0.01 iter=3400/3400 loss=0.004349
  derivmatch lr=0.003 iter=125/2500 loss=0.003696
  derivmatch lr=0.003 iter=250/2500 loss=0.002367
  derivmatch lr=0.003 iter=375/2500 loss=0.004751
  derivmatch lr=0.003 iter=500/2500 loss=0.001958
  derivmatch lr=0.003 iter=625/2500 loss=0.002032
  derivmatch lr=0.003 iter=750/2500 loss=0.002923
  derivmatch lr=0.003 iter=875/2500 loss=0.002618
  derivmatch lr=0.003 iter=1000/2500 loss=0.002623
  derivmatch lr=0.003 iter=1125/2500 loss=0.00244
  derivmatch lr=0.003 iter=1250/2500 loss=0.002463
  derivmatch lr=0.003 iter=1375/2500 loss=0.002305
  derivmatch lr=0.003 iter=1500/2500 loss=0.002335
  derivmatch lr=0.003 iter=1625/2500 loss=0.002196
  derivmatch lr=0.003 iter=1750/2500 loss=0.002229
  derivmatch lr=0.003 iter=1875/2500 loss=0.002104
  derivmatch lr=0.003 iter=2000/2500 loss=0.002135
  derivmatch lr=0.003 iter=2125/2500 loss=0.002021
  derivmatch lr=0.003 iter=2250/2500 loss=0.002049
  derivmatch lr=0.003 iter=2375/2500 loss=0.001942
  derivmatch lr=0.003 iter=2500/2500 loss=0.001966
  derivmatch lr=0.003 iter=2500/2500 loss=0.001738
  derivmatch lr=0.001 iter=125/2500 loss=0.001628
  derivmatch lr=0.001 iter=250/2500 loss=0.001536
  derivmatch lr=0.001 iter=375/2500 loss=0.001444
  derivmatch lr=0.001 iter=500/2500 loss=0.001375
  derivmatch lr=0.001 iter=625/2500 loss=0.001302
  derivmatch lr=0.001 iter=750/2500 loss=0.001244
  derivmatch lr=0.001 iter=875/2500 loss=0.001196
  derivmatch lr=0.001 iter=1000/2500 loss=0.001342
  derivmatch lr=0.001 iter=1125/2500 loss=0.001165
  derivmatch lr=0.001 iter=1250/2500 loss=0.001644
  derivmatch lr=0.001 iter=1375/2500 loss=0.001528
  derivmatch lr=0.001 iter=1500/2500 loss=0.00123
  derivmatch lr=0.001 iter=1625/2500 loss=0.001231
  derivmatch lr=0.001 iter=1750/2500 loss=0.001053
  derivmatch lr=0.001 iter=1875/2500 loss=0.001348
  derivmatch lr=0.001 iter=2000/2500 loss=0.0008992
  derivmatch lr=0.001 iter=2125/2500 loss=0.001681
  derivmatch lr=0.001 iter=2250/2500 loss=0.001179
  derivmatch lr=0.001 iter=2375/2500 loss=0.0009585
  derivmatch lr=0.001 iter=2500/2500 loss=0.0008757
  derivmatch lr=0.001 iter=2500/2500 loss=0.0007659
  derivmatch lr=0.0003 iter=80/1600 loss=0.0007665
  derivmatch lr=0.0003 iter=160/1600 loss=0.0007609
  derivmatch lr=0.0003 iter=240/1600 loss=0.000757
  derivmatch lr=0.0003 iter=320/1600 loss=0.0007524
  derivmatch lr=0.0003 iter=400/1600 loss=0.0007472
  derivmatch lr=0.0003 iter=480/1600 loss=0.0007415
  derivmatch lr=0.0003 iter=560/1600 loss=0.0007352
  derivmatch lr=0.0003 iter=640/1600 loss=0.0007285
  derivmatch lr=0.0003 iter=720/1600 loss=0.0007213
  derivmatch lr=0.0003 iter=800/1600 loss=0.0007138
  derivmatch lr=0.0003 iter=880/1600 loss=0.0007059
  derivmatch lr=0.0003 iter=960/1600 loss=0.0006976
  derivmatch lr=0.0003 iter=1040/1600 loss=0.000689
  derivmatch lr=0.0003 iter=1120/1600 loss=0.0006801
  derivmatch lr=0.0003 iter=1200/1600 loss=0.000671
  derivmatch lr=0.0003 iter=1280/1600 loss=0.0006617
  derivmatch lr=0.0003 iter=1360/1600 loss=0.0006521
  derivmatch lr=0.0003 iter=1440/1600 loss=0.0006424
  derivmatch lr=0.0003 iter=1520/1600 loss=0.0006326
  derivmatch lr=0.0003 iter=1600/1600 loss=0.0006226
  derivmatch lr=0.0003 iter=1600/1600 loss=0.0006226
derivative matching [31s]  fitloss=0.000623
  [derivative matching]  nrmse=6.313e31  l2=2.98e33
  shooting iter=50/1000 loss=6.661e19
  shooting iter=100/1000 loss=5.775e19
  shooting iter=150/1000 loss=5.77e19
  shooting iter=200/1000 loss=5.769e19
  shooting iter=250/1000 loss=5.769e19
  shooting iter=300/1000 loss=5.769e19
  shooting iter=350/1000 loss=5.769e19
  shooting iter=400/1000 loss=5.769e19
  shooting iter=450/1000 loss=5.769e19
  shooting iter=500/1000 loss=5.769e19
  shooting iter=550/1000 loss=5.769e19
  shooting iter=600/1000 loss=5.769e19
  shooting iter=650/1000 loss=5.769e19
  shooting iter=700/1000 loss=5.769e19
  shooting iter=750/1000 loss=5.769e19
  shooting iter=800/1000 loss=5.769e19
  shooting iter=850/1000 loss=5.769e19
  shooting iter=900/1000 loss=5.769e19
  shooting iter=950/1000 loss=5.769e19
  shooting iter=1000/1000 loss=5.769e19
  shooting iter=1000/1000 loss=5.769e19
shooting [1237s]  loss=5.77e19
  [final]  nrmse=9.963e20  l2=4.7e22
extrapolation window: T=15.0 -> T_test=30.0  n_test=600
  [train]  E_traj=2.841e42  E_VF=0.05935  E_spec=0.4335
  [test ]  E_traj=2.797e105  E_VF=1.353e10  E_spec=0.9832
saved /orcd/home/002/txenakis/projects/BVPsolver/src/../data/runs/run_8PYRrpb5/davis-skodje_fit.png
saved /orcd/home/002/txenakis/projects/BVPsolver/src/../data/runs/run_8PYRrpb5/davis-skodje_fit_extrapolated.png
saved /orcd/home/002/txenakis/projects/BVPsolver/src/../data/runs/run_8PYRrpb5/davis-skodje_spectral_fit_extrapolated.png
saved /orcd/home/002/txenakis/projects/BVPsolver/src/../data/runs/run_8PYRrpb5/davis-skodje_vf_fit_extrapolated.png
┌ Warning: Attempting to store StiffNN.var"#22#23"{Float64}.
│ JLD2 only stores functions by name.
│  This may not be useful for anonymous functions.
└ @ JLD2 ~/.julia/packages/JLD2/ADycq/src/data/writing_datatypes.jl:447
saved run → /orcd/home/002/txenakis/projects/BVPsolver/src/../data/runs/run_8PYRrpb5
