rober  model=mlp width=15 d=3 tlen=50 profile=fast seed=103  solver=Rodas5  N=348
  derivmatch lr=0.01 iter=170/3400 loss=59.94
  derivmatch lr=0.01 iter=340/3400 loss=50.94
  derivmatch lr=0.01 iter=510/3400 loss=44.03
  derivmatch lr=0.01 iter=680/3400 loss=46.27
  derivmatch lr=0.01 iter=850/3400 loss=42.25
  derivmatch lr=0.01 iter=1020/3400 loss=44.21
  derivmatch lr=0.01 iter=1190/3400 loss=42.78
  derivmatch lr=0.01 iter=1360/3400 loss=46.06
  derivmatch lr=0.01 iter=1530/3400 loss=36.3
  derivmatch lr=0.01 iter=1700/3400 loss=37.09
  derivmatch lr=0.01 iter=1870/3400 loss=36.33
  derivmatch lr=0.01 iter=2040/3400 loss=38.24
  derivmatch lr=0.01 iter=2210/3400 loss=29.04
  derivmatch lr=0.01 iter=2380/3400 loss=47.74
  derivmatch lr=0.01 iter=2550/3400 loss=46.3
  derivmatch lr=0.01 iter=2720/3400 loss=39.29
  derivmatch lr=0.01 iter=2890/3400 loss=43.69
  derivmatch lr=0.01 iter=3060/3400 loss=45.72
  derivmatch lr=0.01 iter=3230/3400 loss=36.39
  derivmatch lr=0.01 iter=3400/3400 loss=42.8
  derivmatch lr=0.01 iter=3400/3400 loss=22.23
  derivmatch lr=0.003 iter=125/2500 loss=26.18
  derivmatch lr=0.003 iter=250/2500 loss=33.61
  derivmatch lr=0.003 iter=375/2500 loss=31.86
  derivmatch lr=0.003 iter=500/2500 loss=29.6
  derivmatch lr=0.003 iter=625/2500 loss=26.99
  derivmatch lr=0.003 iter=750/2500 loss=24.42
  derivmatch lr=0.003 iter=875/2500 loss=29.33
  derivmatch lr=0.003 iter=1000/2500 loss=33.92
  derivmatch lr=0.003 iter=1125/2500 loss=29.31
  derivmatch lr=0.003 iter=1250/2500 loss=28.5
  derivmatch lr=0.003 iter=1375/2500 loss=27.65
  derivmatch lr=0.003 iter=1500/2500 loss=20.2
  derivmatch lr=0.003 iter=1625/2500 loss=28.51
  derivmatch lr=0.003 iter=1750/2500 loss=22.26
  derivmatch lr=0.003 iter=1875/2500 loss=55.39
  derivmatch lr=0.003 iter=2000/2500 loss=40.47
  derivmatch lr=0.003 iter=2125/2500 loss=39.55
  derivmatch lr=0.003 iter=2250/2500 loss=36.0
  derivmatch lr=0.003 iter=2375/2500 loss=33.55
  derivmatch lr=0.003 iter=2500/2500 loss=30.65
  derivmatch lr=0.003 iter=2500/2500 loss=14.91
  derivmatch lr=0.001 iter=125/2500 loss=18.52
  derivmatch lr=0.001 iter=250/2500 loss=18.7
  derivmatch lr=0.001 iter=375/2500 loss=15.67
  derivmatch lr=0.001 iter=500/2500 loss=15.4
  derivmatch lr=0.001 iter=625/2500 loss=14.06
  derivmatch lr=0.001 iter=750/2500 loss=14.82
  derivmatch lr=0.001 iter=875/2500 loss=18.45
  derivmatch lr=0.001 iter=1000/2500 loss=15.61
  derivmatch lr=0.001 iter=1125/2500 loss=21.25
  derivmatch lr=0.001 iter=1250/2500 loss=18.64
  derivmatch lr=0.001 iter=1375/2500 loss=17.18
  derivmatch lr=0.001 iter=1500/2500 loss=20.43
  derivmatch lr=0.001 iter=1625/2500 loss=24.32
  derivmatch lr=0.001 iter=1750/2500 loss=23.64
  derivmatch lr=0.001 iter=1875/2500 loss=29.39
  derivmatch lr=0.001 iter=2000/2500 loss=28.93
  derivmatch lr=0.001 iter=2125/2500 loss=26.74
  derivmatch lr=0.001 iter=2250/2500 loss=25.9
  derivmatch lr=0.001 iter=2375/2500 loss=22.77
  derivmatch lr=0.001 iter=2500/2500 loss=20.69
  derivmatch lr=0.001 iter=2500/2500 loss=10.61
  derivmatch lr=0.0003 iter=80/1600 loss=11.43
  derivmatch lr=0.0003 iter=160/1600 loss=9.232
  derivmatch lr=0.0003 iter=240/1600 loss=9.702
  derivmatch lr=0.0003 iter=320/1600 loss=9.16
  derivmatch lr=0.0003 iter=400/1600 loss=9.57
  derivmatch lr=0.0003 iter=480/1600 loss=12.39
  derivmatch lr=0.0003 iter=560/1600 loss=10.64
  derivmatch lr=0.0003 iter=640/1600 loss=8.702
  derivmatch lr=0.0003 iter=720/1600 loss=9.402
  derivmatch lr=0.0003 iter=800/1600 loss=8.606
  derivmatch lr=0.0003 iter=880/1600 loss=9.319
  derivmatch lr=0.0003 iter=960/1600 loss=11.56
  derivmatch lr=0.0003 iter=1040/1600 loss=10.02
  derivmatch lr=0.0003 iter=1120/1600 loss=16.02
  derivmatch lr=0.0003 iter=1200/1600 loss=13.52
  derivmatch lr=0.0003 iter=1280/1600 loss=13.13
  derivmatch lr=0.0003 iter=1360/1600 loss=11.47
  derivmatch lr=0.0003 iter=1440/1600 loss=11.84
  derivmatch lr=0.0003 iter=1520/1600 loss=11.12
  derivmatch lr=0.0003 iter=1600/1600 loss=10.67
  derivmatch lr=0.0003 iter=1600/1600 loss=8.483
derivative matching [23s]  fitloss=8.48
  [derivative matching]  nrmse=487.9  l2=3.104
  collocation: M=54 residuals=627  detecting sparsity + solving...

Algorithm: LevenbergMarquardt(
    trustregion = LevenbergMarquardtTrustRegion(
        β_uphill = 0.0
    ),
    descent = GeodesicAcceleration(
        descent = DampedNewtonDescent(
            linsolve = KLUFactorization(
                reuse_symbolic = true,
                check_pattern = true
            ),
            initial_damping = 1.0,
            damping_fn = LevenbergMarquardtDampingFunction(
                increase_factor = 2.0,
                decrease_factor = 3.0,
                min_damping = 1.0e-8
            ),
            min_norm_mode = :auto
        ),
        finite_diff_step_geodesic = 0.1,
        α = 0.75
    ),
    autodiff = AutoForwardDiff(),
    vjp_autodiff = AutoFiniteDiff(
        fdtype = Val{:forward}(),
        fdjtype = Val{:forward}(),
        fdhtype = Val{:hcentral}(),
        dir = true
    ),
    jvp_autodiff = AutoForwardDiff(),
    concrete_jac = Val{true}()
)

----    	-------------       	-----------         
Iter    	f(u) 2-norm         	Step 2-norm         
----    	-------------       	-----------         
0       	2.05528029e+07      	NaN                 
1       	5.98374070e+07      	4.43795985e-02      
8       	3.02387376e+07      	2.04265842e-01      
15      	2.04677278e+07      	6.15577709e-01      
22      	4.18249019e+08      	0.00000000e+00      
29      	4.55582272e+08      	0.00000000e+00      
36      	6.64247464e+07      	0.00000000e+00      
43      	3.95735253e+08      	0.00000000e+00      
50      	1.61098132e+08      	0.00000000e+00      
57      	9.51328915e+07      	9.54591263e-01      
64      	1.54386613e+08      	0.00000000e+00      
71      	4.14271627e+08      	0.00000000e+00      
78      	2.62820250e+07      	0.00000000e+00      
85      	5.24487895e+07      	1.34915687e-01      
92      	3.55302419e+08      	4.12579065e-01      
99      	3.08873881e+08      	0.00000000e+00      
106     	2.50696857e+08      	0.00000000e+00      
113     	2.56187003e+08      	4.87243392e-01      
120     	3.06726237e+06      	3.67878081e-01      
127     	1.67359154e+07      	4.97110828e-01      
134     	2.94761902e+06      	0.00000000e+00      
141     	6.31690551e+07      	0.00000000e+00      
148     	3.71745934e+07      	2.41236165e-01      
Final   	4.39342535e+05      
----------------------      
  AMR 1/1: M=54  err=7.28e10  obs=1.31e-6  nrmse=0.486  best=0.486  refined=0
collocation [15s]
  [final]  nrmse=0.4863  l2=0.00379
extrapolation window: T=1000.0 -> T_test=1.0e12  n_test=100
  [train]  E_traj=0.6153  E_VF=0.3844  E_spec=5.390000000000001e28
  [test ]  E_traj=2.549e31  E_VF=7.229e18  E_spec=1.512e29
saved /orcd/home/002/txenakis/projects/BVPsolver/src/../data/runs/run_xOHLs8s2/rober_fit.png
saved /orcd/home/002/txenakis/projects/BVPsolver/src/../data/runs/run_xOHLs8s2/rober_fit_extrapolated.png
saved /orcd/home/002/txenakis/projects/BVPsolver/src/../data/runs/run_xOHLs8s2/rober_spectral_fit_extrapolated.png
saved /orcd/home/002/txenakis/projects/BVPsolver/src/../data/runs/run_xOHLs8s2/rober_vf_fit_extrapolated.png
┌ Warning: Attempting to store StiffNN.var"#12#13"{Float64, Float64, Float64}.
│ JLD2 only stores functions by name.
│  This may not be useful for anonymous functions.
└ @ JLD2 ~/.julia/packages/JLD2/ADycq/src/data/writing_datatypes.jl:447
saved run → /orcd/home/002/txenakis/projects/BVPsolver/src/../data/runs/run_xOHLs8s2
