rober  model=GELU-scaled width=7 d=3 tlen=50 profile=fast seed=517  solver=Rodas5  N=332
  derivmatch lr=0.01 iter=170/3400 loss=9.617
  derivmatch lr=0.01 iter=340/3400 loss=8.217
  derivmatch lr=0.01 iter=510/3400 loss=7.504
  derivmatch lr=0.01 iter=680/3400 loss=9.382
  derivmatch lr=0.01 iter=850/3400 loss=8.476
  derivmatch lr=0.01 iter=1020/3400 loss=7.988
  derivmatch lr=0.01 iter=1190/3400 loss=7.274
  derivmatch lr=0.01 iter=1360/3400 loss=7.156
  derivmatch lr=0.01 iter=1530/3400 loss=7.1
  derivmatch lr=0.01 iter=1700/3400 loss=8.026
  derivmatch lr=0.01 iter=1870/3400 loss=6.202
  derivmatch lr=0.01 iter=2040/3400 loss=5.52
  derivmatch lr=0.01 iter=2210/3400 loss=9.193
  derivmatch lr=0.01 iter=2380/3400 loss=8.842
  derivmatch lr=0.01 iter=2550/3400 loss=8.626
  derivmatch lr=0.01 iter=2720/3400 loss=8.424
  derivmatch lr=0.01 iter=2890/3400 loss=8.23
  derivmatch lr=0.01 iter=3060/3400 loss=8.03
  derivmatch lr=0.01 iter=3230/3400 loss=7.807
  derivmatch lr=0.01 iter=3400/3400 loss=7.524
  derivmatch lr=0.01 iter=3400/3400 loss=5.294
  derivmatch lr=0.003 iter=125/2500 loss=7.353
  derivmatch lr=0.003 iter=250/2500 loss=6.983
  derivmatch lr=0.003 iter=375/2500 loss=6.341
  derivmatch lr=0.003 iter=500/2500 loss=5.313
  derivmatch lr=0.003 iter=625/2500 loss=5.132
  derivmatch lr=0.003 iter=750/2500 loss=5.03
  derivmatch lr=0.003 iter=875/2500 loss=4.943
  derivmatch lr=0.003 iter=1000/2500 loss=4.865
  derivmatch lr=0.003 iter=1125/2500 loss=4.794
  derivmatch lr=0.003 iter=1250/2500 loss=4.728
  derivmatch lr=0.003 iter=1375/2500 loss=4.666
  derivmatch lr=0.003 iter=1500/2500 loss=4.594
  derivmatch lr=0.003 iter=1625/2500 loss=7.929
  derivmatch lr=0.003 iter=1750/2500 loss=6.838
  derivmatch lr=0.003 iter=1875/2500 loss=5.591
  derivmatch lr=0.003 iter=2000/2500 loss=4.913
  derivmatch lr=0.003 iter=2125/2500 loss=7.056
  derivmatch lr=0.003 iter=2250/2500 loss=6.306
  derivmatch lr=0.003 iter=2375/2500 loss=4.721
  derivmatch lr=0.003 iter=2500/2500 loss=4.61
  derivmatch lr=0.003 iter=2500/2500 loss=4.486
  derivmatch lr=0.001 iter=125/2500 loss=6.004
  derivmatch lr=0.001 iter=250/2500 loss=4.702
  derivmatch lr=0.001 iter=375/2500 loss=4.468
  derivmatch lr=0.001 iter=500/2500 loss=4.45
  derivmatch lr=0.001 iter=625/2500 loss=4.427
  derivmatch lr=0.001 iter=750/2500 loss=4.405
  derivmatch lr=0.001 iter=875/2500 loss=4.381
  derivmatch lr=0.001 iter=1000/2500 loss=4.351
  derivmatch lr=0.001 iter=1125/2500 loss=4.316
  derivmatch lr=0.001 iter=1250/2500 loss=4.279
  derivmatch lr=0.001 iter=1375/2500 loss=6.822
  derivmatch lr=0.001 iter=1500/2500 loss=5.667
  derivmatch lr=0.001 iter=1625/2500 loss=6.258
  derivmatch lr=0.001 iter=1750/2500 loss=6.771
  derivmatch lr=0.001 iter=1875/2500 loss=6.561
  derivmatch lr=0.001 iter=2000/2500 loss=6.144
  derivmatch lr=0.001 iter=2125/2500 loss=4.891
  derivmatch lr=0.001 iter=2250/2500 loss=4.507
  derivmatch lr=0.001 iter=2375/2500 loss=4.154
  derivmatch lr=0.001 iter=2500/2500 loss=4.462
  derivmatch lr=0.001 iter=2500/2500 loss=4.126
  derivmatch lr=0.0003 iter=80/1600 loss=4.063
  derivmatch lr=0.0003 iter=160/1600 loss=3.956
  derivmatch lr=0.0003 iter=240/1600 loss=6.211
  derivmatch lr=0.0003 iter=320/1600 loss=5.978
  derivmatch lr=0.0003 iter=400/1600 loss=4.881
  derivmatch lr=0.0003 iter=480/1600 loss=5.81
  derivmatch lr=0.0003 iter=560/1600 loss=4.68
  derivmatch lr=0.0003 iter=640/1600 loss=5.68
  derivmatch lr=0.0003 iter=720/1600 loss=5.465
  derivmatch lr=0.0003 iter=800/1600 loss=5.218
  derivmatch lr=0.0003 iter=880/1600 loss=5.775
  derivmatch lr=0.0003 iter=960/1600 loss=4.274
  derivmatch lr=0.0003 iter=1040/1600 loss=5.638
  derivmatch lr=0.0003 iter=1120/1600 loss=5.423
  derivmatch lr=0.0003 iter=1200/1600 loss=4.225
  derivmatch lr=0.0003 iter=1280/1600 loss=5.455
  derivmatch lr=0.0003 iter=1360/1600 loss=5.714
  derivmatch lr=0.0003 iter=1440/1600 loss=4.609
  derivmatch lr=0.0003 iter=1520/1600 loss=5.268
  derivmatch lr=0.0003 iter=1600/1600 loss=5.245
  derivmatch lr=0.0003 iter=1600/1600 loss=3.94
derivative matching [27s]  fitloss=3.94
  [derivative matching]  nrmse=5.875  l2=0.04209
  shooting iter=50/1000 loss=0.1712
  shooting iter=100/1000 loss=0.1528
  shooting iter=150/1000 loss=0.1438
  shooting iter=200/1000 loss=0.1365
  shooting iter=250/1000 loss=0.1307
  shooting iter=300/1000 loss=0.1258
  shooting iter=350/1000 loss=0.1211
  shooting iter=400/1000 loss=0.1136
  shooting iter=450/1000 loss=0.1039
  shooting iter=500/1000 loss=0.09685
  shooting iter=550/1000 loss=0.09582
  shooting iter=600/1000 loss=0.09161
  shooting iter=650/1000 loss=0.08964
  shooting iter=700/1000 loss=0.08736
  shooting iter=750/1000 loss=0.08622
  shooting iter=800/1000 loss=0.08353
  shooting iter=850/1000 loss=0.08192
  shooting iter=900/1000 loss=0.08178
  shooting iter=950/1000 loss=0.08009
  shooting iter=1000/1000 loss=0.07736
  shooting iter=1000/1000 loss=0.07697
shooting [640s]  loss=0.077
  [final]  nrmse=0.2131  l2=0.1113
extrapolation window: T=1000.0 -> T_test=1.0e12  n_test=100
  [train]  E_traj=0.1192  E_VF=60.77  E_spec=7.844e21
  [test ]  E_traj=1.762e19  E_VF=8.211e7  E_spec=0.9868
saved /orcd/home/002/txenakis/projects/BVPsolver/src/../data/runs/run_B3PBwMd2/rober_fit.png
saved /orcd/home/002/txenakis/projects/BVPsolver/src/../data/runs/run_B3PBwMd2/rober_fit_extrapolated.png
saved /orcd/home/002/txenakis/projects/BVPsolver/src/../data/runs/run_B3PBwMd2/rober_spectral_fit_extrapolated.png
saved /orcd/home/002/txenakis/projects/BVPsolver/src/../data/runs/run_B3PBwMd2/rober_vf_fit_extrapolated.png
saved /orcd/home/002/txenakis/projects/BVPsolver/src/../data/runs/run_B3PBwMd2/rober_sensitivity_vs_stiffness_derivmatch.png
saved /orcd/home/002/txenakis/projects/BVPsolver/src/../data/runs/run_B3PBwMd2/rober_sensitivity_vs_stiffness_shooting.png
┌ Warning: Attempting to store StiffNN.var"#12#13"{Float64, Float64, Float64}.
│ JLD2 only stores functions by name.
│  This may not be useful for anonymous functions.
└ @ JLD2 ~/.julia/packages/JLD2/ADycq/src/data/writing_datatypes.jl:447
saved run → /orcd/home/002/txenakis/projects/BVPsolver/src/../data/runs/run_B3PBwMd2
