vanderpol  model=stiff width=12 d=2 tlen=151 profile=fast seed=514  solver=Kvaerno5  N=268
  derivmatch lr=0.01 iter=170/3400 loss=8.006
  derivmatch lr=0.01 iter=340/3400 loss=1.721
  derivmatch lr=0.01 iter=510/3400 loss=2.409
  derivmatch lr=0.01 iter=680/3400 loss=3.781
  derivmatch lr=0.01 iter=850/3400 loss=5.071
  derivmatch lr=0.01 iter=1020/3400 loss=2.895
  derivmatch lr=0.01 iter=1190/3400 loss=0.4731
  derivmatch lr=0.01 iter=1360/3400 loss=2.668
  derivmatch lr=0.01 iter=1530/3400 loss=1.48
  derivmatch lr=0.01 iter=1700/3400 loss=0.3059
  derivmatch lr=0.01 iter=1870/3400 loss=0.242
  derivmatch lr=0.01 iter=2040/3400 loss=0.4769
  derivmatch lr=0.01 iter=2210/3400 loss=0.6244
  derivmatch lr=0.01 iter=2380/3400 loss=0.1453
  derivmatch lr=0.01 iter=2550/3400 loss=0.1154
  derivmatch lr=0.01 iter=2720/3400 loss=0.09259
  derivmatch lr=0.01 iter=2890/3400 loss=0.09145
  derivmatch lr=0.01 iter=3060/3400 loss=0.116
  derivmatch lr=0.01 iter=3230/3400 loss=0.08788
  derivmatch lr=0.01 iter=3400/3400 loss=0.08936
  derivmatch lr=0.01 iter=3400/3400 loss=0.05606
  derivmatch lr=0.003 iter=125/2500 loss=0.02974
  derivmatch lr=0.003 iter=250/2500 loss=0.03119
  derivmatch lr=0.003 iter=375/2500 loss=0.02023
  derivmatch lr=0.003 iter=500/2500 loss=0.02674
  derivmatch lr=0.003 iter=625/2500 loss=0.02678
  derivmatch lr=0.003 iter=750/2500 loss=0.02625
  derivmatch lr=0.003 iter=875/2500 loss=0.01772
  derivmatch lr=0.003 iter=1000/2500 loss=0.0298
  derivmatch lr=0.003 iter=1125/2500 loss=0.017
  derivmatch lr=0.003 iter=1250/2500 loss=0.02146
  derivmatch lr=0.003 iter=1375/2500 loss=0.02107
  derivmatch lr=0.003 iter=1500/2500 loss=0.01407
  derivmatch lr=0.003 iter=1625/2500 loss=0.01733
  derivmatch lr=0.003 iter=1750/2500 loss=0.02842
  derivmatch lr=0.003 iter=1875/2500 loss=0.01688
  derivmatch lr=0.003 iter=2000/2500 loss=0.02885
  derivmatch lr=0.003 iter=2125/2500 loss=0.01985
  derivmatch lr=0.003 iter=2250/2500 loss=0.02401
  derivmatch lr=0.003 iter=2375/2500 loss=0.02473
  derivmatch lr=0.003 iter=2500/2500 loss=0.01856
  derivmatch lr=0.003 iter=2500/2500 loss=0.008044
  derivmatch lr=0.001 iter=125/2500 loss=0.007528
  derivmatch lr=0.001 iter=250/2500 loss=0.007377
  derivmatch lr=0.001 iter=375/2500 loss=0.007215
  derivmatch lr=0.001 iter=500/2500 loss=0.0103
  derivmatch lr=0.001 iter=625/2500 loss=0.006887
  derivmatch lr=0.001 iter=750/2500 loss=0.006915
  derivmatch lr=0.001 iter=875/2500 loss=0.00671
  derivmatch lr=0.001 iter=1000/2500 loss=0.006726
  derivmatch lr=0.001 iter=1125/2500 loss=0.006231
  derivmatch lr=0.001 iter=1250/2500 loss=0.006147
  derivmatch lr=0.001 iter=1375/2500 loss=0.008421
  derivmatch lr=0.001 iter=1500/2500 loss=0.007261
  derivmatch lr=0.001 iter=1625/2500 loss=0.006097
  derivmatch lr=0.001 iter=1750/2500 loss=0.006616
  derivmatch lr=0.001 iter=1875/2500 loss=0.005351
  derivmatch lr=0.001 iter=2000/2500 loss=0.008609
  derivmatch lr=0.001 iter=2125/2500 loss=0.008212
  derivmatch lr=0.001 iter=2250/2500 loss=0.005886
  derivmatch lr=0.001 iter=2375/2500 loss=0.005323
  derivmatch lr=0.001 iter=2500/2500 loss=0.007422
  derivmatch lr=0.001 iter=2500/2500 loss=0.004483
  derivmatch lr=0.0003 iter=80/1600 loss=0.004472
  derivmatch lr=0.0003 iter=160/1600 loss=0.004445
  derivmatch lr=0.0003 iter=240/1600 loss=0.004416
  derivmatch lr=0.0003 iter=320/1600 loss=0.004381
  derivmatch lr=0.0003 iter=400/1600 loss=0.004341
  derivmatch lr=0.0003 iter=480/1600 loss=0.004297
  derivmatch lr=0.0003 iter=560/1600 loss=0.004254
  derivmatch lr=0.0003 iter=640/1600 loss=0.004205
  derivmatch lr=0.0003 iter=720/1600 loss=0.004154
  derivmatch lr=0.0003 iter=800/1600 loss=0.004101
  derivmatch lr=0.0003 iter=880/1600 loss=0.004044
  derivmatch lr=0.0003 iter=960/1600 loss=0.003992
  derivmatch lr=0.0003 iter=1040/1600 loss=0.003929
  derivmatch lr=0.0003 iter=1120/1600 loss=0.003869
  derivmatch lr=0.0003 iter=1200/1600 loss=0.003806
  derivmatch lr=0.0003 iter=1280/1600 loss=0.003807
  derivmatch lr=0.0003 iter=1360/1600 loss=0.003679
  derivmatch lr=0.0003 iter=1440/1600 loss=0.003614
  derivmatch lr=0.0003 iter=1520/1600 loss=0.003547
  derivmatch lr=0.0003 iter=1600/1600 loss=0.003487
  derivmatch lr=0.0003 iter=1600/1600 loss=0.003486
derivative matching [35s]  fitloss=0.00349
  [derivative matching]  nrmse=2.096  l2=7941.0
  shooting iter=50/1000 loss=0.1885
  shooting iter=100/1000 loss=0.1854
  shooting iter=150/1000 loss=0.1853
  shooting iter=200/1000 loss=0.1853
  shooting iter=250/1000 loss=0.1852
  shooting iter=300/1000 loss=0.1851
  shooting iter=350/1000 loss=0.185
  shooting iter=400/1000 loss=0.185
  shooting iter=450/1000 loss=0.1849
  shooting iter=500/1000 loss=0.1847
  shooting iter=550/1000 loss=0.1845
  shooting iter=600/1000 loss=0.1876
  shooting iter=650/1000 loss=0.1899
  shooting iter=700/1000 loss=0.1899
  shooting iter=750/1000 loss=0.1899
  shooting iter=800/1000 loss=0.1899
  shooting iter=850/1000 loss=0.1899
  shooting iter=900/1000 loss=0.1899
  shooting iter=950/1000 loss=0.1899
  shooting iter=1000/1000 loss=0.1899
  shooting iter=1000/1000 loss=0.1844
shooting [419s]  loss=0.184
  [final]  nrmse=0.2898  l2=325.0
extrapolation window: T=200.0 -> T_test=400.0  n_test=302
  [train]  E_traj=0.9915  E_VF=0.5153  E_spec=0.378
  [test ]  E_traj=10.95  E_VF=6756.0  E_spec=49.8
saved /orcd/home/002/txenakis/projects/BVPsolver/src/../data/runs/run_CRmeQJ0v/vanderpol_fit.png
saved /orcd/home/002/txenakis/projects/BVPsolver/src/../data/runs/run_CRmeQJ0v/vanderpol_fit_extrapolated.png
saved /orcd/home/002/txenakis/projects/BVPsolver/src/../data/runs/run_CRmeQJ0v/vanderpol_spectral_fit_extrapolated.png
saved /orcd/home/002/txenakis/projects/BVPsolver/src/../data/runs/run_CRmeQJ0v/vanderpol_vf_fit_extrapolated.png
saved /orcd/home/002/txenakis/projects/BVPsolver/src/../data/runs/run_CRmeQJ0v/vanderpol_sensitivity_vs_stiffness_derivmatch.png
saved /orcd/home/002/txenakis/projects/BVPsolver/src/../data/runs/run_CRmeQJ0v/vanderpol_sensitivity_vs_stiffness_shooting.png
┌ Warning: Attempting to store StiffNN.var"#14#15"{Float64}.
│ JLD2 only stores functions by name.
│  This may not be useful for anonymous functions.
└ @ JLD2 ~/.julia/packages/JLD2/ADycq/src/data/writing_datatypes.jl:447
saved run → /orcd/home/002/txenakis/projects/BVPsolver/src/../data/runs/run_CRmeQJ0v
