rober  model=mlp width=15 d=3 tlen=50 profile=fast seed=114  solver=Rodas5  N=348
  derivmatch lr=0.01 iter=170/3400 loss=42.93
  derivmatch lr=0.01 iter=340/3400 loss=49.89
  derivmatch lr=0.01 iter=510/3400 loss=46.0
  derivmatch lr=0.01 iter=680/3400 loss=54.47
  derivmatch lr=0.01 iter=850/3400 loss=53.25
  derivmatch lr=0.01 iter=1020/3400 loss=49.92
  derivmatch lr=0.01 iter=1190/3400 loss=49.8
  derivmatch lr=0.01 iter=1360/3400 loss=46.82
  derivmatch lr=0.01 iter=1530/3400 loss=43.04
  derivmatch lr=0.01 iter=1700/3400 loss=51.9
  derivmatch lr=0.01 iter=1870/3400 loss=51.71
  derivmatch lr=0.01 iter=2040/3400 loss=51.64
  derivmatch lr=0.01 iter=2210/3400 loss=57.58
  derivmatch lr=0.01 iter=2380/3400 loss=53.54
  derivmatch lr=0.01 iter=2550/3400 loss=48.71
  derivmatch lr=0.01 iter=2720/3400 loss=47.19
  derivmatch lr=0.01 iter=2890/3400 loss=49.21
  derivmatch lr=0.01 iter=3060/3400 loss=43.27
  derivmatch lr=0.01 iter=3230/3400 loss=46.44
  derivmatch lr=0.01 iter=3400/3400 loss=41.93
  derivmatch lr=0.01 iter=3400/3400 loss=26.01
  derivmatch lr=0.003 iter=125/2500 loss=32.02
  derivmatch lr=0.003 iter=250/2500 loss=20.91
  derivmatch lr=0.003 iter=375/2500 loss=26.8
  derivmatch lr=0.003 iter=500/2500 loss=39.84
  derivmatch lr=0.003 iter=625/2500 loss=37.41
  derivmatch lr=0.003 iter=750/2500 loss=31.32
  derivmatch lr=0.003 iter=875/2500 loss=40.93
  derivmatch lr=0.003 iter=1000/2500 loss=40.74
  derivmatch lr=0.003 iter=1125/2500 loss=35.61
  derivmatch lr=0.003 iter=1250/2500 loss=40.31
  derivmatch lr=0.003 iter=1375/2500 loss=40.67
  derivmatch lr=0.003 iter=1500/2500 loss=33.85
  derivmatch lr=0.003 iter=1625/2500 loss=40.21
  derivmatch lr=0.003 iter=1750/2500 loss=37.31
  derivmatch lr=0.003 iter=1875/2500 loss=37.55
  derivmatch lr=0.003 iter=2000/2500 loss=30.19
  derivmatch lr=0.003 iter=2125/2500 loss=32.83
  derivmatch lr=0.003 iter=2250/2500 loss=28.34
  derivmatch lr=0.003 iter=2375/2500 loss=24.94
  derivmatch lr=0.003 iter=2500/2500 loss=40.11
  derivmatch lr=0.003 iter=2500/2500 loss=17.95
  derivmatch lr=0.001 iter=125/2500 loss=25.03
  derivmatch lr=0.001 iter=250/2500 loss=15.78
  derivmatch lr=0.001 iter=375/2500 loss=29.2
  derivmatch lr=0.001 iter=500/2500 loss=25.18
  derivmatch lr=0.001 iter=625/2500 loss=24.02
  derivmatch lr=0.001 iter=750/2500 loss=24.63
  derivmatch lr=0.001 iter=875/2500 loss=23.77
  derivmatch lr=0.001 iter=1000/2500 loss=22.8
  derivmatch lr=0.001 iter=1125/2500 loss=19.97
  derivmatch lr=0.001 iter=1250/2500 loss=24.22
  derivmatch lr=0.001 iter=1375/2500 loss=16.45
  derivmatch lr=0.001 iter=1500/2500 loss=10.64
  derivmatch lr=0.001 iter=1625/2500 loss=15.1
  derivmatch lr=0.001 iter=1750/2500 loss=27.2
  derivmatch lr=0.001 iter=1875/2500 loss=23.25
  derivmatch lr=0.001 iter=2000/2500 loss=20.72
  derivmatch lr=0.001 iter=2125/2500 loss=20.2
  derivmatch lr=0.001 iter=2250/2500 loss=13.26
  derivmatch lr=0.001 iter=2375/2500 loss=24.04
  derivmatch lr=0.001 iter=2500/2500 loss=28.73
  derivmatch lr=0.001 iter=2500/2500 loss=9.989
  derivmatch lr=0.0003 iter=80/1600 loss=8.786
  derivmatch lr=0.0003 iter=160/1600 loss=15.31
  derivmatch lr=0.0003 iter=240/1600 loss=14.16
  derivmatch lr=0.0003 iter=320/1600 loss=8.837
  derivmatch lr=0.0003 iter=400/1600 loss=8.765
  derivmatch lr=0.0003 iter=480/1600 loss=8.468
  derivmatch lr=0.0003 iter=560/1600 loss=9.183
  derivmatch lr=0.0003 iter=640/1600 loss=8.555
  derivmatch lr=0.0003 iter=720/1600 loss=8.551
  derivmatch lr=0.0003 iter=800/1600 loss=8.409
  derivmatch lr=0.0003 iter=880/1600 loss=8.951
  derivmatch lr=0.0003 iter=960/1600 loss=14.49
  derivmatch lr=0.0003 iter=1040/1600 loss=9.242
  derivmatch lr=0.0003 iter=1120/1600 loss=8.768
  derivmatch lr=0.0003 iter=1200/1600 loss=8.121
  derivmatch lr=0.0003 iter=1280/1600 loss=8.557
  derivmatch lr=0.0003 iter=1360/1600 loss=9.043
  derivmatch lr=0.0003 iter=1440/1600 loss=8.283
  derivmatch lr=0.0003 iter=1520/1600 loss=7.54
  derivmatch lr=0.0003 iter=1600/1600 loss=8.29
  derivmatch lr=0.0003 iter=1600/1600 loss=7.54
derivative matching [23s]  fitloss=7.54
  [derivative matching]  nrmse=75.62  l2=0.4846
  shooting iter=50/1000 loss=24.08
  shooting iter=100/1000 loss=12.46
  shooting iter=150/1000 loss=8.122
  shooting iter=200/1000 loss=3.102
  shooting iter=250/1000 loss=4.559
  shooting iter=300/1000 loss=5.871
  shooting iter=350/1000 loss=2.718
  shooting iter=400/1000 loss=4.003
  shooting iter=450/1000 loss=12.19
  shooting iter=500/1000 loss=3.076
  shooting iter=550/1000 loss=3.668
  shooting iter=600/1000 loss=11.21
  shooting iter=650/1000 loss=3.052
  shooting iter=700/1000 loss=4.956
  shooting iter=750/1000 loss=2.009
  shooting iter=800/1000 loss=5.227
  shooting iter=850/1000 loss=5.416
  shooting iter=900/1000 loss=8.865
  shooting iter=950/1000 loss=5.305
  shooting iter=1000/1000 loss=5.349
  shooting iter=1000/1000 loss=1.074
shooting [375s]  loss=1.07
  [final]  nrmse=3.691  l2=2.482
extrapolation window: T=1000.0 -> T_test=1.0e12  n_test=100
  [train]  E_traj=35.38  E_VF=153.5  E_spec=5.722000000000001e28
  [test ]  E_traj=15900.0  E_VF=8.801e16  E_spec=3.9740000000000005e29
saved /orcd/home/002/txenakis/projects/BVPsolver/src/../data/runs/run_E15fkZ9a/rober_fit.png
saved /orcd/home/002/txenakis/projects/BVPsolver/src/../data/runs/run_E15fkZ9a/rober_fit_extrapolated.png
saved /orcd/home/002/txenakis/projects/BVPsolver/src/../data/runs/run_E15fkZ9a/rober_spectral_fit_extrapolated.png
saved /orcd/home/002/txenakis/projects/BVPsolver/src/../data/runs/run_E15fkZ9a/rober_vf_fit_extrapolated.png
┌ Warning: Attempting to store StiffNN.var"#12#13"{Float64, Float64, Float64}.
│ JLD2 only stores functions by name.
│  This may not be useful for anonymous functions.
└ @ JLD2 ~/.julia/packages/JLD2/ADycq/src/data/writing_datatypes.jl:447
saved run → /orcd/home/002/txenakis/projects/BVPsolver/src/../data/runs/run_E15fkZ9a
