vanderpol  model=stiff width=12 d=2 tlen=151 profile=fast seed=27  solver=Kvaerno5  N=268
  derivmatch lr=0.01 iter=170/3400 loss=8.45
  derivmatch lr=0.01 iter=340/3400 loss=3.507
  derivmatch lr=0.01 iter=510/3400 loss=3.397
  derivmatch lr=0.01 iter=680/3400 loss=3.092
  derivmatch lr=0.01 iter=850/3400 loss=4.561
  derivmatch lr=0.01 iter=1020/3400 loss=1.614
  derivmatch lr=0.01 iter=1190/3400 loss=4.634
  derivmatch lr=0.01 iter=1360/3400 loss=4.913
  derivmatch lr=0.01 iter=1530/3400 loss=4.383
  derivmatch lr=0.01 iter=1700/3400 loss=0.9986
  derivmatch lr=0.01 iter=1870/3400 loss=3.196
  derivmatch lr=0.01 iter=2040/3400 loss=1.97
  derivmatch lr=0.01 iter=2210/3400 loss=0.7294
  derivmatch lr=0.01 iter=2380/3400 loss=0.7602
  derivmatch lr=0.01 iter=2550/3400 loss=1.703
  derivmatch lr=0.01 iter=2720/3400 loss=0.5374
  derivmatch lr=0.01 iter=2890/3400 loss=0.9845
  derivmatch lr=0.01 iter=3060/3400 loss=1.743
  derivmatch lr=0.01 iter=3230/3400 loss=0.9803
  derivmatch lr=0.01 iter=3400/3400 loss=0.1444
  derivmatch lr=0.01 iter=3400/3400 loss=0.0379
  derivmatch lr=0.003 iter=125/2500 loss=0.02598
  derivmatch lr=0.003 iter=250/2500 loss=0.04524
  derivmatch lr=0.003 iter=375/2500 loss=0.03144
  derivmatch lr=0.003 iter=500/2500 loss=0.0294
  derivmatch lr=0.003 iter=625/2500 loss=0.0271
  derivmatch lr=0.003 iter=750/2500 loss=0.0262
  derivmatch lr=0.003 iter=875/2500 loss=0.02448
  derivmatch lr=0.003 iter=1000/2500 loss=0.02401
  derivmatch lr=0.003 iter=1125/2500 loss=0.02258
  derivmatch lr=0.003 iter=1250/2500 loss=0.02233
  derivmatch lr=0.003 iter=1375/2500 loss=0.02107
  derivmatch lr=0.003 iter=1500/2500 loss=0.01643
  derivmatch lr=0.003 iter=1625/2500 loss=0.0206
  derivmatch lr=0.003 iter=1750/2500 loss=0.01504
  derivmatch lr=0.003 iter=1875/2500 loss=0.01921
  derivmatch lr=0.003 iter=2000/2500 loss=0.0188
  derivmatch lr=0.003 iter=2125/2500 loss=0.01883
  derivmatch lr=0.003 iter=2250/2500 loss=0.01749
  derivmatch lr=0.003 iter=2375/2500 loss=0.01767
  derivmatch lr=0.003 iter=2500/2500 loss=0.01631
  derivmatch lr=0.003 iter=2500/2500 loss=0.008888
  derivmatch lr=0.001 iter=125/2500 loss=0.008716
  derivmatch lr=0.001 iter=250/2500 loss=0.008499
  derivmatch lr=0.001 iter=375/2500 loss=0.008265
  derivmatch lr=0.001 iter=500/2500 loss=0.008015
  derivmatch lr=0.001 iter=625/2500 loss=0.00775
  derivmatch lr=0.001 iter=750/2500 loss=0.007474
  derivmatch lr=0.001 iter=875/2500 loss=0.009495
  derivmatch lr=0.001 iter=1000/2500 loss=0.006993
  derivmatch lr=0.001 iter=1125/2500 loss=0.006752
  derivmatch lr=0.001 iter=1250/2500 loss=0.009707
  derivmatch lr=0.001 iter=1375/2500 loss=0.006515
  derivmatch lr=0.001 iter=1500/2500 loss=0.00605
  derivmatch lr=0.001 iter=1625/2500 loss=0.005812
  derivmatch lr=0.001 iter=1750/2500 loss=0.005602
  derivmatch lr=0.001 iter=1875/2500 loss=0.007876
  derivmatch lr=0.001 iter=2000/2500 loss=0.005688
  derivmatch lr=0.001 iter=2125/2500 loss=0.005117
  derivmatch lr=0.001 iter=2250/2500 loss=0.005362
  derivmatch lr=0.001 iter=2375/2500 loss=0.007128
  derivmatch lr=0.001 iter=2500/2500 loss=0.008175
  derivmatch lr=0.001 iter=2500/2500 loss=0.004474
  derivmatch lr=0.0003 iter=80/1600 loss=0.004457
  derivmatch lr=0.0003 iter=160/1600 loss=0.00443
  derivmatch lr=0.0003 iter=240/1600 loss=0.0044
  derivmatch lr=0.0003 iter=320/1600 loss=0.004365
  derivmatch lr=0.0003 iter=400/1600 loss=0.004326
  derivmatch lr=0.0003 iter=480/1600 loss=0.004283
  derivmatch lr=0.0003 iter=560/1600 loss=0.004236
  derivmatch lr=0.0003 iter=640/1600 loss=0.004187
  derivmatch lr=0.0003 iter=720/1600 loss=0.00414
  derivmatch lr=0.0003 iter=800/1600 loss=0.004089
  derivmatch lr=0.0003 iter=880/1600 loss=0.004037
  derivmatch lr=0.0003 iter=960/1600 loss=0.003983
  derivmatch lr=0.0003 iter=1040/1600 loss=0.003928
  derivmatch lr=0.0003 iter=1120/1600 loss=0.005718
  derivmatch lr=0.0003 iter=1200/1600 loss=0.00382
  derivmatch lr=0.0003 iter=1280/1600 loss=0.003764
  derivmatch lr=0.0003 iter=1360/1600 loss=0.003707
  derivmatch lr=0.0003 iter=1440/1600 loss=0.004136
  derivmatch lr=0.0003 iter=1520/1600 loss=0.003596
  derivmatch lr=0.0003 iter=1600/1600 loss=0.00354
  derivmatch lr=0.0003 iter=1600/1600 loss=0.00354
derivative matching [31s]  fitloss=0.00354
  [derivative matching]  nrmse=0.3322  l2=325.3
  shooting iter=50/1000 loss=0.4008
  shooting iter=100/1000 loss=0.4009
  shooting iter=150/1000 loss=0.4008
  shooting iter=200/1000 loss=0.4007
  shooting iter=250/1000 loss=0.4005
  shooting iter=300/1000 loss=0.4004
  shooting iter=350/1000 loss=0.4002
  shooting iter=400/1000 loss=0.4
  shooting iter=450/1000 loss=0.3997
  shooting iter=500/1000 loss=0.3995
  shooting iter=550/1000 loss=0.3992
  shooting iter=600/1000 loss=0.399
  shooting iter=650/1000 loss=0.3987
  shooting iter=700/1000 loss=0.3984
  shooting iter=750/1000 loss=0.3981
  shooting iter=800/1000 loss=0.3978
  shooting iter=850/1000 loss=0.3974
  shooting iter=900/1000 loss=0.3971
  shooting iter=950/1000 loss=0.3967
  shooting iter=1000/1000 loss=0.3964
  shooting iter=1000/1000 loss=0.1742
shooting [148s]  loss=0.174
  [final]  nrmse=0.3322  l2=325.3
extrapolation window: T=200.0 -> T_test=400.0  n_test=302
  [train]  E_traj=1.156  E_VF=0.01652  E_spec=0.4513
  [test ]  E_traj=163.4  E_VF=4.678  E_spec=0.04839
saved /orcd/home/002/txenakis/projects/BVPsolver/src/../data/runs/run_ohzdKJ1Y/vanderpol_fit.png
saved /orcd/home/002/txenakis/projects/BVPsolver/src/../data/runs/run_ohzdKJ1Y/vanderpol_fit_extrapolated.png
saved /orcd/home/002/txenakis/projects/BVPsolver/src/../data/runs/run_ohzdKJ1Y/vanderpol_spectral_fit_extrapolated.png
saved /orcd/home/002/txenakis/projects/BVPsolver/src/../data/runs/run_ohzdKJ1Y/vanderpol_vf_fit_extrapolated.png
┌ Warning: Attempting to store StiffNN.var"#14#15"{Float64}.
│ JLD2 only stores functions by name.
│  This may not be useful for anonymous functions.
└ @ JLD2 ~/.julia/packages/JLD2/ADycq/src/data/writing_datatypes.jl:447
saved run → /orcd/home/002/txenakis/projects/BVPsolver/src/../data/runs/run_ohzdKJ1Y
