hires  model=GELU-scaled width=11 d=8 tlen=50 profile=fast seed=133  solver=Rodas5  N=855
  derivmatch lr=0.01 iter=170/3400 loss=5.213
  derivmatch lr=0.01 iter=340/3400 loss=3.474
  derivmatch lr=0.01 iter=510/3400 loss=0.9566
  derivmatch lr=0.01 iter=680/3400 loss=0.6849
  derivmatch lr=0.01 iter=850/3400 loss=0.6269
  derivmatch lr=0.01 iter=1020/3400 loss=0.7201
  derivmatch lr=0.01 iter=1190/3400 loss=0.4986
  derivmatch lr=0.01 iter=1360/3400 loss=0.4565
  derivmatch lr=0.01 iter=1530/3400 loss=0.4331
  derivmatch lr=0.01 iter=1700/3400 loss=0.3193
  derivmatch lr=0.01 iter=1870/3400 loss=0.2796
  derivmatch lr=0.01 iter=2040/3400 loss=0.274
  derivmatch lr=0.01 iter=2210/3400 loss=0.2593
  derivmatch lr=0.01 iter=2380/3400 loss=0.4102
  derivmatch lr=0.01 iter=2550/3400 loss=0.2897
  derivmatch lr=0.01 iter=2720/3400 loss=0.3246
  derivmatch lr=0.01 iter=2890/3400 loss=0.145
  derivmatch lr=0.01 iter=3060/3400 loss=0.1666
  derivmatch lr=0.01 iter=3230/3400 loss=0.3289
  derivmatch lr=0.01 iter=3400/3400 loss=0.128
  derivmatch lr=0.01 iter=3400/3400 loss=0.1078
  derivmatch lr=0.003 iter=125/2500 loss=0.09963
  derivmatch lr=0.003 iter=250/2500 loss=0.08749
  derivmatch lr=0.003 iter=375/2500 loss=0.08543
  derivmatch lr=0.003 iter=500/2500 loss=0.08344
  derivmatch lr=0.003 iter=625/2500 loss=0.07516
  derivmatch lr=0.003 iter=750/2500 loss=0.06801
  derivmatch lr=0.003 iter=875/2500 loss=0.07073
  derivmatch lr=0.003 iter=1000/2500 loss=0.07021
  derivmatch lr=0.003 iter=1125/2500 loss=0.06712
  derivmatch lr=0.003 iter=1250/2500 loss=0.06519
  derivmatch lr=0.003 iter=1375/2500 loss=0.06359
  derivmatch lr=0.003 iter=1500/2500 loss=0.06179
  derivmatch lr=0.003 iter=1625/2500 loss=0.06127
  derivmatch lr=0.003 iter=1750/2500 loss=0.06009
  derivmatch lr=0.003 iter=1875/2500 loss=0.05614
  derivmatch lr=0.003 iter=2000/2500 loss=0.05634
  derivmatch lr=0.003 iter=2125/2500 loss=0.05302
  derivmatch lr=0.003 iter=2250/2500 loss=0.05207
  derivmatch lr=0.003 iter=2375/2500 loss=0.049
  derivmatch lr=0.003 iter=2500/2500 loss=0.0464
  derivmatch lr=0.003 iter=2500/2500 loss=0.04454
  derivmatch lr=0.001 iter=125/2500 loss=0.04078
  derivmatch lr=0.001 iter=250/2500 loss=0.03995
  derivmatch lr=0.001 iter=375/2500 loss=0.03897
  derivmatch lr=0.001 iter=500/2500 loss=0.03798
  derivmatch lr=0.001 iter=625/2500 loss=0.03713
  derivmatch lr=0.001 iter=750/2500 loss=0.0375
  derivmatch lr=0.001 iter=875/2500 loss=0.03456
  derivmatch lr=0.001 iter=1000/2500 loss=0.03339
  derivmatch lr=0.001 iter=1125/2500 loss=0.03299
  derivmatch lr=0.001 iter=1250/2500 loss=0.02876
  derivmatch lr=0.001 iter=1375/2500 loss=0.02712
  derivmatch lr=0.001 iter=1500/2500 loss=0.02706
  derivmatch lr=0.001 iter=1625/2500 loss=0.0291
  derivmatch lr=0.001 iter=1750/2500 loss=0.02086
  derivmatch lr=0.001 iter=1875/2500 loss=0.02174
  derivmatch lr=0.001 iter=2000/2500 loss=0.01921
  derivmatch lr=0.001 iter=2125/2500 loss=0.01826
  derivmatch lr=0.001 iter=2250/2500 loss=0.01799
  derivmatch lr=0.001 iter=2375/2500 loss=0.01516
  derivmatch lr=0.001 iter=2500/2500 loss=0.01444
  derivmatch lr=0.001 iter=2500/2500 loss=0.01392
  derivmatch lr=0.0003 iter=80/1600 loss=0.01382
  derivmatch lr=0.0003 iter=160/1600 loss=0.01367
  derivmatch lr=0.0003 iter=240/1600 loss=0.0135
  derivmatch lr=0.0003 iter=320/1600 loss=0.0133
  derivmatch lr=0.0003 iter=400/1600 loss=0.01309
  derivmatch lr=0.0003 iter=480/1600 loss=0.01299
  derivmatch lr=0.0003 iter=560/1600 loss=0.01266
  derivmatch lr=0.0003 iter=640/1600 loss=0.01244
  derivmatch lr=0.0003 iter=720/1600 loss=0.01221
  derivmatch lr=0.0003 iter=800/1600 loss=0.01201
  derivmatch lr=0.0003 iter=880/1600 loss=0.01177
  derivmatch lr=0.0003 iter=960/1600 loss=0.01156
  derivmatch lr=0.0003 iter=1040/1600 loss=0.01135
  derivmatch lr=0.0003 iter=1120/1600 loss=0.01114
  derivmatch lr=0.0003 iter=1200/1600 loss=0.01097
  derivmatch lr=0.0003 iter=1280/1600 loss=0.01074
  derivmatch lr=0.0003 iter=1360/1600 loss=0.01064
  derivmatch lr=0.0003 iter=1440/1600 loss=0.01036
  derivmatch lr=0.0003 iter=1520/1600 loss=0.01012
  derivmatch lr=0.0003 iter=1600/1600 loss=0.009962
  derivmatch lr=0.0003 iter=1600/1600 loss=0.009942
derivative matching [27s]  fitloss=0.00994
  [derivative matching]  nrmse=0.1119  l2=0.6636
  collocation: M=75 residuals=2176  detecting sparsity + solving...

Algorithm: LevenbergMarquardt(
    trustregion = LevenbergMarquardtTrustRegion(
        β_uphill = 0.0
    ),
    descent = GeodesicAcceleration(
        descent = DampedNewtonDescent(
            linsolve = QRFactorization(
                pivot = NoPivot(),
                blocksize = 16,
                inplace = true
            ),
            initial_damping = 1.0,
            damping_fn = LevenbergMarquardtDampingFunction(
                increase_factor = 2.0,
                decrease_factor = 3.0,
                min_damping = 1.0e-8
            ),
            min_norm_mode = :auto
        ),
        finite_diff_step_geodesic = 0.1,
        α = 0.75
    ),
    autodiff = AutoForwardDiff(),
    vjp_autodiff = AutoFiniteDiff(
        fdtype = Val{:forward}(),
        fdjtype = Val{:forward}(),
        fdhtype = Val{:hcentral}(),
        dir = true
    ),
    jvp_autodiff = AutoForwardDiff(),
    concrete_jac = Val{true}()
)

----    	-------------       	-----------         
Iter    	f(u) 2-norm         	Step 2-norm         
----    	-------------       	-----------         
0       	3.02492076e+02      	NaN                 
1       	2.02219560e+02      	8.13624351e-02      
8       	4.84983089e+01      	0.00000000e+00      
15      	4.82806277e+01      	4.59304338e-02      
22      	3.42510976e+01      	0.00000000e+00      
29      	2.53466587e+01      	0.00000000e+00      
36      	2.19313594e+01      	1.28800412e-01      
43      	2.00744607e+01      	4.09780146e-02      
50      	1.93697354e+01      	0.00000000e+00      
57      	2.07617351e+01      	0.00000000e+00      
64      	1.91495000e+01      	5.01364848e-03      
71      	1.81945004e+01      	0.00000000e+00      
78      	1.79858665e+01      	3.15346525e-02      
85      	1.80195657e+01      	0.00000000e+00      
92      	1.74909557e+01      	8.10283501e-02      
99      	1.68984865e+01      	0.00000000e+00      
106     	1.71336141e+01      	0.00000000e+00      
113     	1.68601496e+01      	5.46866141e-02      
120     	1.66942932e+01      	2.98020805e-02      
127     	1.66568801e+01      	0.00000000e+00      
134     	1.65259977e+01      	0.00000000e+00      
141     	1.66129563e+01      	1.57151569e-02      
148     	1.65661626e+01      	1.64440853e-02      
Final   	1.65085326e+01      
----------------------      
  AMR 1/1: M=75  err=90.0  obs=0.000122  nrmse=0.00998  best=0.00998  refined=0
collocation [171s]
  [final]  nrmse=0.009984  l2=0.05347
extrapolation window: T=321.8122 -> T_test=643.624  n_test=100
  [train]  E_traj=0.0005457  E_VF=0.0525  E_spec=1.715
  [test ]  E_traj=1.985e6  E_VF=9.34e6  E_spec=952800.0
saved /orcd/home/002/txenakis/projects/BVPsolver/src/../data/runs/run_OjzkrKi3/hires_fit.png
saved /orcd/home/002/txenakis/projects/BVPsolver/src/../data/runs/run_OjzkrKi3/hires_fit_extrapolated.png
saved /orcd/home/002/txenakis/projects/BVPsolver/src/../data/runs/run_OjzkrKi3/hires_spectral_fit_extrapolated.png
saved /orcd/home/002/txenakis/projects/BVPsolver/src/../data/runs/run_OjzkrKi3/hires_vf_fit_extrapolated.png
┌ Warning: Attempting to store StiffNN.var"#18#19"{Type{Float64}}.
│ JLD2 only stores functions by name.
│  This may not be useful for anonymous functions.
└ @ JLD2 ~/.julia/packages/JLD2/ADycq/src/data/writing_datatypes.jl:447
saved run → /orcd/home/002/txenakis/projects/BVPsolver/src/../data/runs/run_OjzkrKi3
