rober  model=GELU-scaled width=7 d=3 tlen=50 profile=fast seed=100  solver=Rodas5  N=332
  derivmatch lr=0.01 iter=170/3400 loss=8.833
  derivmatch lr=0.01 iter=340/3400 loss=9.418
  derivmatch lr=0.01 iter=510/3400 loss=9.136
  derivmatch lr=0.01 iter=680/3400 loss=8.783
  derivmatch lr=0.01 iter=850/3400 loss=8.38
  derivmatch lr=0.01 iter=1020/3400 loss=7.883
  derivmatch lr=0.01 iter=1190/3400 loss=6.916
  derivmatch lr=0.01 iter=1360/3400 loss=8.678
  derivmatch lr=0.01 iter=1530/3400 loss=7.9
  derivmatch lr=0.01 iter=1700/3400 loss=6.252
  derivmatch lr=0.01 iter=1870/3400 loss=6.035
  derivmatch lr=0.01 iter=2040/3400 loss=6.072
  derivmatch lr=0.01 iter=2210/3400 loss=5.941
  derivmatch lr=0.01 iter=2380/3400 loss=5.864
  derivmatch lr=0.01 iter=2550/3400 loss=5.769
  derivmatch lr=0.01 iter=2720/3400 loss=5.976
  derivmatch lr=0.01 iter=2890/3400 loss=5.692
  derivmatch lr=0.01 iter=3060/3400 loss=5.616
  derivmatch lr=0.01 iter=3230/3400 loss=5.645
  derivmatch lr=0.01 iter=3400/3400 loss=5.464
  derivmatch lr=0.01 iter=3400/3400 loss=5.353
  derivmatch lr=0.003 iter=125/2500 loss=7.222
  derivmatch lr=0.003 iter=250/2500 loss=7.931
  derivmatch lr=0.003 iter=375/2500 loss=7.506
  derivmatch lr=0.003 iter=500/2500 loss=7.013
  derivmatch lr=0.003 iter=625/2500 loss=6.248
  derivmatch lr=0.003 iter=750/2500 loss=5.77
  derivmatch lr=0.003 iter=875/2500 loss=5.559
  derivmatch lr=0.003 iter=1000/2500 loss=5.329
  derivmatch lr=0.003 iter=1125/2500 loss=5.136
  derivmatch lr=0.003 iter=1250/2500 loss=5.75
  derivmatch lr=0.003 iter=1375/2500 loss=5.584
  derivmatch lr=0.003 iter=1500/2500 loss=5.477
  derivmatch lr=0.003 iter=1625/2500 loss=5.376
  derivmatch lr=0.003 iter=1750/2500 loss=5.304
  derivmatch lr=0.003 iter=1875/2500 loss=5.237
  derivmatch lr=0.003 iter=2000/2500 loss=5.17
  derivmatch lr=0.003 iter=2125/2500 loss=5.1
  derivmatch lr=0.003 iter=2250/2500 loss=5.033
  derivmatch lr=0.003 iter=2375/2500 loss=4.967
  derivmatch lr=0.003 iter=2500/2500 loss=4.898
  derivmatch lr=0.003 iter=2500/2500 loss=4.898
  derivmatch lr=0.001 iter=125/2500 loss=5.016
  derivmatch lr=0.001 iter=250/2500 loss=5.495
  derivmatch lr=0.001 iter=375/2500 loss=4.873
  derivmatch lr=0.001 iter=500/2500 loss=4.859
  derivmatch lr=0.001 iter=625/2500 loss=4.813
  derivmatch lr=0.001 iter=750/2500 loss=4.794
  derivmatch lr=0.001 iter=875/2500 loss=4.776
  derivmatch lr=0.001 iter=1000/2500 loss=4.757
  derivmatch lr=0.001 iter=1125/2500 loss=4.738
  derivmatch lr=0.001 iter=1250/2500 loss=4.719
  derivmatch lr=0.001 iter=1375/2500 loss=4.699
  derivmatch lr=0.001 iter=1500/2500 loss=4.679
  derivmatch lr=0.001 iter=1625/2500 loss=4.658
  derivmatch lr=0.001 iter=1750/2500 loss=4.636
  derivmatch lr=0.001 iter=1875/2500 loss=4.613
  derivmatch lr=0.001 iter=2000/2500 loss=4.589
  derivmatch lr=0.001 iter=2125/2500 loss=4.564
  derivmatch lr=0.001 iter=2250/2500 loss=4.538
  derivmatch lr=0.001 iter=2375/2500 loss=4.51
  derivmatch lr=0.001 iter=2500/2500 loss=4.481
  derivmatch lr=0.001 iter=2500/2500 loss=4.481
  derivmatch lr=0.0003 iter=80/1600 loss=4.472
  derivmatch lr=0.0003 iter=160/1600 loss=4.46
  derivmatch lr=0.0003 iter=240/1600 loss=4.444
  derivmatch lr=0.0003 iter=320/1600 loss=4.426
  derivmatch lr=0.0003 iter=400/1600 loss=4.406
  derivmatch lr=0.0003 iter=480/1600 loss=4.384
  derivmatch lr=0.0003 iter=560/1600 loss=4.36
  derivmatch lr=0.0003 iter=640/1600 loss=4.334
  derivmatch lr=0.0003 iter=720/1600 loss=4.308
  derivmatch lr=0.0003 iter=800/1600 loss=4.282
  derivmatch lr=0.0003 iter=880/1600 loss=4.257
  derivmatch lr=0.0003 iter=960/1600 loss=4.235
  derivmatch lr=0.0003 iter=1040/1600 loss=4.214
  derivmatch lr=0.0003 iter=1120/1600 loss=4.195
  derivmatch lr=0.0003 iter=1200/1600 loss=4.176
  derivmatch lr=0.0003 iter=1280/1600 loss=4.158
  derivmatch lr=0.0003 iter=1360/1600 loss=4.141
  derivmatch lr=0.0003 iter=1440/1600 loss=4.125
  derivmatch lr=0.0003 iter=1520/1600 loss=4.11
  derivmatch lr=0.0003 iter=1600/1600 loss=4.088
  derivmatch lr=0.0003 iter=1600/1600 loss=4.088
derivative matching [30s]  fitloss=4.09
  [derivative matching]  nrmse=21.97  l2=0.7912
  collocation: M=54 residuals=627  detecting sparsity + solving...

Algorithm: LevenbergMarquardt(
    trustregion = LevenbergMarquardtTrustRegion(
        β_uphill = 0.0
    ),
    descent = GeodesicAcceleration(
        descent = DampedNewtonDescent(
            linsolve = KLUFactorization(
                reuse_symbolic = true,
                check_pattern = true
            ),
            initial_damping = 1.0,
            damping_fn = LevenbergMarquardtDampingFunction(
                increase_factor = 2.0,
                decrease_factor = 3.0,
                min_damping = 1.0e-8
            ),
            min_norm_mode = :auto
        ),
        finite_diff_step_geodesic = 0.1,
        α = 0.75
    ),
    autodiff = AutoForwardDiff(),
    vjp_autodiff = AutoFiniteDiff(
        fdtype = Val{:forward}(),
        fdjtype = Val{:forward}(),
        fdhtype = Val{:hcentral}(),
        dir = true
    ),
    jvp_autodiff = AutoForwardDiff(),
    concrete_jac = Val{true}()
)

----    	-------------       	-----------         
Iter    	f(u) 2-norm         	Step 2-norm         
----    	-------------       	-----------         
0       	4.82073795e+04      	NaN                 
1       	4.82073795e+04      	0.00000000e+00      
8       	4.79796552e+04      	4.30903821e-03      
15      	4.26893446e+04      	9.24484358e-02      
22      	3.31021526e+04      	0.00000000e+00      
29      	3.27755676e+04      	6.71023943e-03      
36      	3.26699739e+04      	8.76321112e-03      
43      	3.04176023e+04      	0.00000000e+00      
50      	3.02914057e+04      	1.30645337e-03      
57      	2.59328272e+04      	0.00000000e+00      
64      	2.58828520e+04      	0.00000000e+00      
71      	2.54281270e+04      	1.34172935e-02      
78      	2.54281270e+04      	0.00000000e+00      
85      	2.45938622e+04      	0.00000000e+00      
92      	2.44967844e+04      	0.00000000e+00      
99      	2.31254837e+04      	0.00000000e+00      
106     	1.90372420e+04      	1.35767121e-01      
113     	5.44717693e+03      	0.00000000e+00      
120     	5.44717693e+03      	0.00000000e+00      
127     	4.28815076e+03      	0.00000000e+00      
134     	4.26128120e+03      	4.50654840e-03      
141     	3.91409230e+03      	0.00000000e+00      
148     	3.85542935e+03      	1.85509365e-03      
Final   	3.83712311e+03      
----------------------      
  AMR 1/1: M=54  err=1.74e6  obs=0.00196  nrmse=2.58  best=2.58  refined=0
collocation [18s]
  [final]  nrmse=2.576  l2=0.3001
extrapolation window: T=1000.0 -> T_test=1.0e12  n_test=100
  [train]  E_traj=17.27  E_VF=5453.0  E_spec=7.665e9
  [test ]  E_traj=6.839e22  E_VF=146.8  E_spec=1.0
saved /orcd/home/002/txenakis/projects/BVPsolver/src/../data/runs/run_8q9T0Zaa/rober_fit.png
saved /orcd/home/002/txenakis/projects/BVPsolver/src/../data/runs/run_8q9T0Zaa/rober_fit_extrapolated.png
saved /orcd/home/002/txenakis/projects/BVPsolver/src/../data/runs/run_8q9T0Zaa/rober_spectral_fit_extrapolated.png
saved /orcd/home/002/txenakis/projects/BVPsolver/src/../data/runs/run_8q9T0Zaa/rober_vf_fit_extrapolated.png
┌ Warning: Attempting to store StiffNN.var"#12#13"{Float64, Float64, Float64}.
│ JLD2 only stores functions by name.
│  This may not be useful for anonymous functions.
└ @ JLD2 ~/.julia/packages/JLD2/ADycq/src/data/writing_datatypes.jl:447
saved run → /orcd/home/002/txenakis/projects/BVPsolver/src/../data/runs/run_8q9T0Zaa
