davis-skodje  model=stiff width=12 d=2 tlen=300 profile=fast seed=318  solver=Rodas5P  N=268
  derivmatch lr=0.01 iter=170/3400 loss=0.06361
  derivmatch lr=0.01 iter=340/3400 loss=0.02138
  derivmatch lr=0.01 iter=510/3400 loss=0.01054
  derivmatch lr=0.01 iter=680/3400 loss=0.006321
  derivmatch lr=0.01 iter=850/3400 loss=0.004487
  derivmatch lr=0.01 iter=1020/3400 loss=0.003491
  derivmatch lr=0.01 iter=1190/3400 loss=0.002818
  derivmatch lr=0.01 iter=1360/3400 loss=0.002316
  derivmatch lr=0.01 iter=1530/3400 loss=0.001925
  derivmatch lr=0.01 iter=1700/3400 loss=0.001605
  derivmatch lr=0.01 iter=1870/3400 loss=0.001319
  derivmatch lr=0.01 iter=2040/3400 loss=0.001077
  derivmatch lr=0.01 iter=2210/3400 loss=0.0008934
  derivmatch lr=0.01 iter=2380/3400 loss=0.0007484
  derivmatch lr=0.01 iter=2550/3400 loss=0.000628
  derivmatch lr=0.01 iter=2720/3400 loss=0.0005256
  derivmatch lr=0.01 iter=2890/3400 loss=0.0004383
  derivmatch lr=0.01 iter=3060/3400 loss=0.0003655
  derivmatch lr=0.01 iter=3230/3400 loss=0.0003066
  derivmatch lr=0.01 iter=3400/3400 loss=0.0002605
  derivmatch lr=0.01 iter=3400/3400 loss=0.0002605
  derivmatch lr=0.003 iter=125/2500 loss=0.0002269
  derivmatch lr=0.003 iter=250/2500 loss=0.0001991
  derivmatch lr=0.003 iter=375/2500 loss=0.0001722
  derivmatch lr=0.003 iter=500/2500 loss=0.0001452
  derivmatch lr=0.003 iter=625/2500 loss=0.0001187
  derivmatch lr=0.003 iter=750/2500 loss=9.484e-5
  derivmatch lr=0.003 iter=875/2500 loss=7.456e-5
  derivmatch lr=0.003 iter=1000/2500 loss=5.871e-5
  derivmatch lr=0.003 iter=1125/2500 loss=4.605e-5
  derivmatch lr=0.003 iter=1250/2500 loss=4.16e-5
  derivmatch lr=0.003 iter=1375/2500 loss=3.01e-5
  derivmatch lr=0.003 iter=1500/2500 loss=2.538e-5
  derivmatch lr=0.003 iter=1625/2500 loss=2.158e-5
  derivmatch lr=0.003 iter=1750/2500 loss=3.624e-5
  derivmatch lr=0.003 iter=1875/2500 loss=2.907e-5
  derivmatch lr=0.003 iter=2000/2500 loss=1.487e-5
  derivmatch lr=0.003 iter=2125/2500 loss=1.365e-5
  derivmatch lr=0.003 iter=2250/2500 loss=1.221e-5
  derivmatch lr=0.003 iter=2375/2500 loss=1.121e-5
  derivmatch lr=0.003 iter=2500/2500 loss=1.035e-5
  derivmatch lr=0.003 iter=2500/2500 loss=1.035e-5
  derivmatch lr=0.001 iter=125/2500 loss=1.017e-5
  derivmatch lr=0.001 iter=250/2500 loss=9.929e-6
  derivmatch lr=0.001 iter=375/2500 loss=9.625e-6
  derivmatch lr=0.001 iter=500/2500 loss=9.279e-6
  derivmatch lr=0.001 iter=625/2500 loss=8.906e-6
  derivmatch lr=0.001 iter=750/2500 loss=8.514e-6
  derivmatch lr=0.001 iter=875/2500 loss=8.113e-6
  derivmatch lr=0.001 iter=1000/2500 loss=7.708e-6
  derivmatch lr=0.001 iter=1125/2500 loss=7.306e-6
  derivmatch lr=0.001 iter=1250/2500 loss=6.918e-6
  derivmatch lr=0.001 iter=1375/2500 loss=6.542e-6
  derivmatch lr=0.001 iter=1500/2500 loss=6.187e-6
  derivmatch lr=0.001 iter=1625/2500 loss=5.843e-6
  derivmatch lr=0.001 iter=1750/2500 loss=5.525e-6
  derivmatch lr=0.001 iter=1875/2500 loss=5.229e-6
  derivmatch lr=0.001 iter=2000/2500 loss=4.943e-6
  derivmatch lr=0.001 iter=2125/2500 loss=6.986e-6
  derivmatch lr=0.001 iter=2250/2500 loss=4.44e-6
  derivmatch lr=0.001 iter=2375/2500 loss=4.553e-6
  derivmatch lr=0.001 iter=2500/2500 loss=4.019e-6
  derivmatch lr=0.001 iter=2500/2500 loss=4.019e-6
  derivmatch lr=0.0003 iter=80/1600 loss=3.992e-6
  derivmatch lr=0.0003 iter=160/1600 loss=3.967e-6
  derivmatch lr=0.0003 iter=240/1600 loss=3.936e-6
  derivmatch lr=0.0003 iter=320/1600 loss=3.9e-6
  derivmatch lr=0.0003 iter=400/1600 loss=3.859e-6
  derivmatch lr=0.0003 iter=480/1600 loss=3.814e-6
  derivmatch lr=0.0003 iter=560/1600 loss=3.764e-6
  derivmatch lr=0.0003 iter=640/1600 loss=3.712e-6
  derivmatch lr=0.0003 iter=720/1600 loss=3.657e-6
  derivmatch lr=0.0003 iter=800/1600 loss=3.598e-6
  derivmatch lr=0.0003 iter=880/1600 loss=3.538e-6
  derivmatch lr=0.0003 iter=960/1600 loss=3.475e-6
  derivmatch lr=0.0003 iter=1040/1600 loss=3.41e-6
  derivmatch lr=0.0003 iter=1120/1600 loss=3.363e-6
  derivmatch lr=0.0003 iter=1200/1600 loss=3.288e-6
  derivmatch lr=0.0003 iter=1280/1600 loss=3.227e-6
  derivmatch lr=0.0003 iter=1360/1600 loss=3.165e-6
  derivmatch lr=0.0003 iter=1440/1600 loss=3.102e-6
  derivmatch lr=0.0003 iter=1520/1600 loss=3.038e-6
  derivmatch lr=0.0003 iter=1600/1600 loss=2.977e-6
  derivmatch lr=0.0003 iter=1600/1600 loss=2.977e-6
derivative matching [31s]  fitloss=2.98e-6
  [derivative matching]  nrmse=0.0009056  l2=0.0437
  collocation: M=300 residuals=2394  detecting sparsity + solving...

Algorithm: LevenbergMarquardt(
    trustregion = LevenbergMarquardtTrustRegion(
        β_uphill = 0.0
    ),
    descent = GeodesicAcceleration(
        descent = DampedNewtonDescent(
            linsolve = KLUFactorization(
                reuse_symbolic = true,
                check_pattern = true
            ),
            initial_damping = 1.0,
            damping_fn = LevenbergMarquardtDampingFunction(
                increase_factor = 2.0,
                decrease_factor = 3.0,
                min_damping = 1.0e-8
            ),
            min_norm_mode = :auto
        ),
        finite_diff_step_geodesic = 0.1,
        α = 0.75
    ),
    autodiff = AutoForwardDiff(),
    vjp_autodiff = AutoFiniteDiff(
        fdtype = Val{:forward}(),
        fdjtype = Val{:forward}(),
        fdhtype = Val{:hcentral}(),
        dir = true
    ),
    jvp_autodiff = AutoForwardDiff(),
    concrete_jac = Val{true}()
)

----    	-------------       	-----------         
Iter    	f(u) 2-norm         	Step 2-norm         
----    	-------------       	-----------         
0       	2.52475339e+01      	NaN                 
1       	2.52475339e+01      	0.00000000e+00      
8       	3.28830319e-02      	1.85843408e-03      
15      	1.89233412e-03      	8.58312366e-03      
22      	2.52526344e-04      	4.79409392e-02      
29      	1.07894145e-01      	5.58183075e-01      
36      	9.83146567e-02      	4.96733711e-01      
43      	5.35989077e-01      	0.00000000e+00      
50      	8.39569331e-03      	0.00000000e+00      
57      	1.06001539e-03      	0.00000000e+00      
64      	5.76962514e-03      	0.00000000e+00      
71      	1.83108337e-03      	1.58402682e-01      
78      	1.58916846e-02      	0.00000000e+00      
85      	1.84669008e-01      	0.00000000e+00      
92      	1.36518954e-02      	2.66395275e-01      
99      	1.45578750e-02      	4.85823271e-01      
106     	2.76782286e-02      	4.64085349e-01      
113     	2.48869659e-01      	0.00000000e+00      
120     	3.29976326e-02      	2.92361703e-01      
127     	2.11120503e-05      	0.00000000e+00      
134     	2.67574868e-03      	0.00000000e+00      
141     	5.48308317e-04      	1.56603125e-01      
148     	4.07510118e-04      	0.00000000e+00      
Final   	2.11120503e-05      
----------------------      
  AMR 1/3: M=300  err=2.92e-11  obs=6.41e-8  nrmse=1.41e-6  best=1.41e-6  refined=12
  collocation: M=312 residuals=2466  detecting sparsity + solving...

Algorithm: LevenbergMarquardt(
    trustregion = LevenbergMarquardtTrustRegion(
        β_uphill = 0.0
    ),
    descent = GeodesicAcceleration(
        descent = DampedNewtonDescent(
            linsolve = KLUFactorization(
                reuse_symbolic = true,
                check_pattern = true
            ),
            initial_damping = 1.0,
            damping_fn = LevenbergMarquardtDampingFunction(
                increase_factor = 2.0,
                decrease_factor = 3.0,
                min_damping = 1.0e-8
            ),
            min_norm_mode = :auto
        ),
        finite_diff_step_geodesic = 0.1,
        α = 0.75
    ),
    autodiff = AutoForwardDiff(),
    vjp_autodiff = AutoFiniteDiff(
        fdtype = Val{:forward}(),
        fdjtype = Val{:forward}(),
        fdhtype = Val{:hcentral}(),
        dir = true
    ),
    jvp_autodiff = AutoForwardDiff(),
    concrete_jac = Val{true}()
)

----    	-------------       	-----------         
Iter    	f(u) 2-norm         	Step 2-norm         
----    	-------------       	-----------         
0       	2.54814125e+01      	4.06443333e+01      
1       	1.17848828e+01      	4.06789795e-02      
8       	2.88897923e-03      	1.37843626e-03      
15      	8.64910069e-04      	2.62591649e-03      
22      	4.41426952e-06      	8.98635690e-04      
29      	3.68679326e-04      	6.36352439e-02      
36      	2.07951645e-03      	9.69232837e-02      
43      	6.88973427e-03      	2.09607156e-01      
50      	2.08273156e-03      	0.00000000e+00      
57      	8.66090153e-04      	0.00000000e+00      
64      	4.71819457e-02      	0.00000000e+00      
71      	1.28395188e-01      	0.00000000e+00      
78      	8.03749000e-03      	0.00000000e+00      
85      	1.10798289e-05      	3.43458573e-02      
92      	2.33114824e-01      	6.24548829e-01      
99      	1.27799315e-02      	3.04972308e-01      
106     	2.82853845e-02      	0.00000000e+00      
113     	9.20265362e-05      	6.85312849e-02      
120     	2.22566551e-03      	2.48273625e-01      
127     	9.43352430e-06      	0.00000000e+00      
134     	4.62249521e-02      	0.00000000e+00      
141     	9.82344062e-02      	0.00000000e+00      
148     	1.34421503e-02      	0.00000000e+00      
Final   	3.53525554e-06      
----------------------      
  AMR 2/3: M=312  err=2.11e-13  obs=3.8e-8  nrmse=9.46e-7  best=9.46e-7  refined=45
  collocation: M=357 residuals=2736  detecting sparsity + solving...

Algorithm: LevenbergMarquardt(
    trustregion = LevenbergMarquardtTrustRegion(
        β_uphill = 0.0
    ),
    descent = GeodesicAcceleration(
        descent = DampedNewtonDescent(
            linsolve = KLUFactorization(
                reuse_symbolic = true,
                check_pattern = true
            ),
            initial_damping = 1.0,
            damping_fn = LevenbergMarquardtDampingFunction(
                increase_factor = 2.0,
                decrease_factor = 3.0,
                min_damping = 1.0e-8
            ),
            min_norm_mode = :auto
        ),
        finite_diff_step_geodesic = 0.1,
        α = 0.75
    ),
    autodiff = AutoForwardDiff(),
    vjp_autodiff = AutoFiniteDiff(
        fdtype = Val{:forward}(),
        fdjtype = Val{:forward}(),
        fdhtype = Val{:hcentral}(),
        dir = true
    ),
    jvp_autodiff = AutoForwardDiff(),
    concrete_jac = Val{true}()
)

----    	-------------       	-----------         
Iter    	f(u) 2-norm         	Step 2-norm         
----    	-------------       	-----------         
0       	2.20894305e+01      	2.23651711e+01      
1       	9.79434463e+00      	3.18319118e-02      
8       	1.82496874e-02      	1.98814520e-03      
15      	7.41743668e-04      	3.39859363e-03      
22      	2.09288252e-06      	2.16657715e-03      
29      	6.36949413e-06      	2.56769142e-02      
36      	1.79753728e-03      	0.00000000e+00      
43      	2.75007504e-05      	8.13350824e-02      
50      	1.37664284e-01      	0.00000000e+00      
57      	9.63822522e-03      	0.00000000e+00      
64      	6.73533496e-05      	3.90531201e-02      
71      	1.61597128e-02      	0.00000000e+00      
78      	1.76492508e-05      	0.00000000e+00      
85      	2.76282374e-06      	7.01338432e-02      
92      	1.14960501e-03      	1.61092761e-01      
99      	7.82985334e-02      	0.00000000e+00      
106     	6.58678763e-01      	1.51829101e+00      
113     	1.14075653e-05      	3.95975984e-02      
120     	3.23663475e-01      	0.00000000e+00      
127     	8.19446625e-04      	0.00000000e+00      
134     	1.58113229e-02      	0.00000000e+00      
141     	4.93131488e-05      	1.36944856e-01      
148     	1.08117058e-01      	0.00000000e+00      
Final   	2.03824385e-06      
----------------------      
  AMR 3/3: M=357  err=1.09e-13  obs=2.89e-8  nrmse=9.81e-7  best=9.46e-7  refined=0
collocation [134s]
  [final]  nrmse=9.457e-7  l2=4.359e-5
extrapolation window: T=15.0 -> T_test=30.0  n_test=600
  [train]  E_traj=2.484e-12  E_VF=8.444e-8  E_spec=0.4561
  [test ]  E_traj=1.904e10  E_VF=8.637  E_spec=0.5263
saved /orcd/home/002/txenakis/projects/BVPsolver/src/../data/runs/run_ITSLXMa9/davis-skodje_fit.png
saved /orcd/home/002/txenakis/projects/BVPsolver/src/../data/runs/run_ITSLXMa9/davis-skodje_fit_extrapolated.png
saved /orcd/home/002/txenakis/projects/BVPsolver/src/../data/runs/run_ITSLXMa9/davis-skodje_spectral_fit_extrapolated.png
saved /orcd/home/002/txenakis/projects/BVPsolver/src/../data/runs/run_ITSLXMa9/davis-skodje_vf_fit_extrapolated.png
┌ Warning: Attempting to store StiffNN.var"#22#23"{Float64}.
│ JLD2 only stores functions by name.
│  This may not be useful for anonymous functions.
└ @ JLD2 ~/.julia/packages/JLD2/ADycq/src/data/writing_datatypes.jl:447
saved run → /orcd/home/002/txenakis/projects/BVPsolver/src/../data/runs/run_ITSLXMa9
