rober  model=GELU-scaled width=7 d=3 tlen=50 profile=fast seed=15  solver=Rodas5  N=332
  shooting iter=50/1000 loss=0.2156
  shooting iter=100/1000 loss=0.1731
  shooting iter=150/1000 loss=0.1546
  shooting iter=200/1000 loss=0.1479
  shooting iter=250/1000 loss=0.1465
  shooting iter=300/1000 loss=0.1439
  shooting iter=350/1000 loss=0.1406
  shooting iter=400/1000 loss=0.1364
  shooting iter=450/1000 loss=0.1339
  shooting iter=500/1000 loss=0.1298
  shooting iter=550/1000 loss=0.1281
  shooting iter=600/1000 loss=0.1252
  shooting iter=650/1000 loss=0.1239
  shooting iter=700/1000 loss=0.1224
  shooting iter=750/1000 loss=0.1204
  shooting iter=800/1000 loss=0.1185
  shooting iter=850/1000 loss=0.1197
  shooting iter=900/1000 loss=0.1174
  shooting iter=950/1000 loss=0.1143
  shooting iter=1000/1000 loss=0.1162
  shooting iter=1000/1000 loss=0.1132
shooting [425s]  loss=0.113
  [final]  nrmse=0.2997  l2=0.01498
extrapolation window: T=1000.0 -> T_test=1.0e12  n_test=100
  [train]  E_traj=0.2337  E_VF=0.8377  E_spec=1.128e17
  [test ]  E_traj=NaN  E_VF=NaN  E_spec=NaN
saved /orcd/home/002/txenakis/projects/BVPsolver/src/../data/runs/run_p8xouYGr/rober_fit.png
saved /orcd/home/002/txenakis/projects/BVPsolver/src/../data/runs/run_p8xouYGr/rober_fit_extrapolated.png
saved /orcd/home/002/txenakis/projects/BVPsolver/src/../data/runs/run_p8xouYGr/rober_spectral_fit_extrapolated.png
saved /orcd/home/002/txenakis/projects/BVPsolver/src/../data/runs/run_p8xouYGr/rober_vf_fit_extrapolated.png
┌ Warning: Attempting to store StiffNN.var"#12#13"{Float64, Float64, Float64}.
│ JLD2 only stores functions by name.
│  This may not be useful for anonymous functions.
└ @ JLD2 ~/.julia/packages/JLD2/ADycq/src/data/writing_datatypes.jl:447
saved run → /orcd/home/002/txenakis/projects/BVPsolver/src/../data/runs/run_p8xouYGr
