davis-skodje  model=GELU-scaled width=7 d=2 tlen=300 profile=fast seed=41  solver=Rodas5P  N=317
  derivmatch lr=0.01 iter=170/3400 loss=0.4611
  derivmatch lr=0.01 iter=340/3400 loss=0.2417
  derivmatch lr=0.01 iter=510/3400 loss=0.007153
  derivmatch lr=0.01 iter=680/3400 loss=0.01051
  derivmatch lr=0.01 iter=850/3400 loss=0.003817
  derivmatch lr=0.01 iter=1020/3400 loss=0.00563
  derivmatch lr=0.01 iter=1190/3400 loss=0.00883
  derivmatch lr=0.01 iter=1360/3400 loss=0.002738
  derivmatch lr=0.01 iter=1530/3400 loss=0.004478
  derivmatch lr=0.01 iter=1700/3400 loss=0.00692
  derivmatch lr=0.01 iter=1870/3400 loss=0.001804
  derivmatch lr=0.01 iter=2040/3400 loss=0.003582
  derivmatch lr=0.01 iter=2210/3400 loss=0.005457
  derivmatch lr=0.01 iter=2380/3400 loss=0.001171
  derivmatch lr=0.01 iter=2550/3400 loss=0.002981
  derivmatch lr=0.01 iter=2720/3400 loss=0.004391
  derivmatch lr=0.01 iter=2890/3400 loss=0.0007863
  derivmatch lr=0.01 iter=3060/3400 loss=0.002604
  derivmatch lr=0.01 iter=3230/3400 loss=0.0036
  derivmatch lr=0.01 iter=3400/3400 loss=0.0005522
  derivmatch lr=0.01 iter=3400/3400 loss=0.0005522
  derivmatch lr=0.003 iter=125/2500 loss=0.0004164
  derivmatch lr=0.003 iter=250/2500 loss=0.0003185
  derivmatch lr=0.003 iter=375/2500 loss=0.0002711
  derivmatch lr=0.003 iter=500/2500 loss=0.0002304
  derivmatch lr=0.003 iter=625/2500 loss=0.0001932
  derivmatch lr=0.003 iter=750/2500 loss=0.0001595
  derivmatch lr=0.003 iter=875/2500 loss=0.0001304
  derivmatch lr=0.003 iter=1000/2500 loss=0.0001437
  derivmatch lr=0.003 iter=1125/2500 loss=0.0002951
  derivmatch lr=0.003 iter=1250/2500 loss=8.358e-5
  derivmatch lr=0.003 iter=1375/2500 loss=0.0005195
  derivmatch lr=0.003 iter=1500/2500 loss=0.000145
  derivmatch lr=0.003 iter=1625/2500 loss=0.0003727
  derivmatch lr=0.003 iter=1750/2500 loss=0.0003363
  derivmatch lr=0.003 iter=1875/2500 loss=5.744e-5
  derivmatch lr=0.003 iter=2000/2500 loss=0.0001711
  derivmatch lr=0.003 iter=2125/2500 loss=8.567e-5
  derivmatch lr=0.003 iter=2250/2500 loss=7.626e-5
  derivmatch lr=0.003 iter=2375/2500 loss=5.213e-5
  derivmatch lr=0.003 iter=2500/2500 loss=0.0001904
  derivmatch lr=0.003 iter=2500/2500 loss=3.347e-5
  derivmatch lr=0.001 iter=125/2500 loss=3.33e-5
  derivmatch lr=0.001 iter=250/2500 loss=3.159e-5
  derivmatch lr=0.001 iter=375/2500 loss=3.029e-5
  derivmatch lr=0.001 iter=500/2500 loss=2.894e-5
  derivmatch lr=0.001 iter=625/2500 loss=2.751e-5
  derivmatch lr=0.001 iter=750/2500 loss=2.603e-5
  derivmatch lr=0.001 iter=875/2500 loss=2.453e-5
  derivmatch lr=0.001 iter=1000/2500 loss=2.303e-5
  derivmatch lr=0.001 iter=1125/2500 loss=2.156e-5
  derivmatch lr=0.001 iter=1250/2500 loss=2.012e-5
  derivmatch lr=0.001 iter=1375/2500 loss=1.873e-5
  derivmatch lr=0.001 iter=1500/2500 loss=1.743e-5
  derivmatch lr=0.001 iter=1625/2500 loss=1.688e-5
  derivmatch lr=0.001 iter=1750/2500 loss=1.588e-5
  derivmatch lr=0.001 iter=1875/2500 loss=1.501e-5
  derivmatch lr=0.001 iter=2000/2500 loss=1.88e-5
  derivmatch lr=0.001 iter=2125/2500 loss=1.376e-5
  derivmatch lr=0.001 iter=2250/2500 loss=0.0001961
  derivmatch lr=0.001 iter=2375/2500 loss=1.267e-5
  derivmatch lr=0.001 iter=2500/2500 loss=0.0004242
  derivmatch lr=0.001 iter=2500/2500 loss=1.224e-5
  derivmatch lr=0.0003 iter=80/1600 loss=1.254e-5
  derivmatch lr=0.0003 iter=160/1600 loss=1.214e-5
  derivmatch lr=0.0003 iter=240/1600 loss=1.206e-5
  derivmatch lr=0.0003 iter=320/1600 loss=1.196e-5
  derivmatch lr=0.0003 iter=400/1600 loss=1.186e-5
  derivmatch lr=0.0003 iter=480/1600 loss=1.174e-5
  derivmatch lr=0.0003 iter=560/1600 loss=1.161e-5
  derivmatch lr=0.0003 iter=640/1600 loss=1.147e-5
  derivmatch lr=0.0003 iter=720/1600 loss=1.133e-5
  derivmatch lr=0.0003 iter=800/1600 loss=1.118e-5
  derivmatch lr=0.0003 iter=880/1600 loss=1.102e-5
  derivmatch lr=0.0003 iter=960/1600 loss=1.086e-5
  derivmatch lr=0.0003 iter=1040/1600 loss=1.069e-5
  derivmatch lr=0.0003 iter=1120/1600 loss=1.052e-5
  derivmatch lr=0.0003 iter=1200/1600 loss=1.034e-5
  derivmatch lr=0.0003 iter=1280/1600 loss=1.017e-5
  derivmatch lr=0.0003 iter=1360/1600 loss=9.984e-6
  derivmatch lr=0.0003 iter=1440/1600 loss=9.802e-6
  derivmatch lr=0.0003 iter=1520/1600 loss=9.616e-6
  derivmatch lr=0.0003 iter=1600/1600 loss=9.424e-6
  derivmatch lr=0.0003 iter=1600/1600 loss=9.424e-6
derivative matching [30s]  fitloss=9.42e-6
  [derivative matching]  nrmse=0.0001545  l2=0.006268
  shooting iter=50/1000 loss=0.001186
  shooting iter=100/1000 loss=0.001643
  shooting iter=150/1000 loss=0.0007589
  shooting iter=200/1000 loss=0.001312
  shooting iter=250/1000 loss=0.0008065
  shooting iter=300/1000 loss=0.002431
  shooting iter=350/1000 loss=0.001522
  shooting iter=400/1000 loss=0.002033
  shooting iter=450/1000 loss=0.0008241
  shooting iter=500/1000 loss=0.0003593
  shooting iter=550/1000 loss=0.0006172
  shooting iter=600/1000 loss=0.002089
  shooting iter=650/1000 loss=0.000408
  shooting iter=700/1000 loss=0.001082
  shooting iter=750/1000 loss=0.0006643
  shooting iter=800/1000 loss=0.00088
  shooting iter=850/1000 loss=0.0009448
  shooting iter=900/1000 loss=0.0009299
  shooting iter=950/1000 loss=0.001407
  shooting iter=1000/1000 loss=0.0007753
  shooting iter=1000/1000 loss=7.918e-5
shooting [372s]  loss=7.92e-5
  [final]  nrmse=0.0001545  l2=0.006268
extrapolation window: T=15.0 -> T_test=30.0  n_test=600
  [train]  E_traj=4.22e-8  E_VF=2.584e-6  E_spec=0.288
  [test ]  E_traj=4.469e6  E_VF=60570.0  E_spec=0.9017
saved /orcd/home/002/txenakis/projects/BVPsolver/src/../data/runs/run_nu9RDrwU/davis-skodje_fit.png
saved /orcd/home/002/txenakis/projects/BVPsolver/src/../data/runs/run_nu9RDrwU/davis-skodje_fit_extrapolated.png
saved /orcd/home/002/txenakis/projects/BVPsolver/src/../data/runs/run_nu9RDrwU/davis-skodje_spectral_fit_extrapolated.png
saved /orcd/home/002/txenakis/projects/BVPsolver/src/../data/runs/run_nu9RDrwU/davis-skodje_vf_fit_extrapolated.png
┌ Warning: Attempting to store StiffNN.var"#22#23"{Float64}.
│ JLD2 only stores functions by name.
│  This may not be useful for anonymous functions.
└ @ JLD2 ~/.julia/packages/JLD2/ADycq/src/data/writing_datatypes.jl:447
saved run → /orcd/home/002/txenakis/projects/BVPsolver/src/../data/runs/run_nu9RDrwU
