Precompiling packages...
    StiffNN Being precompiled by another machine (hostname: node3306, pid: 3004219, pidfile: /home/txenakis/.julia/compiled/v1.12/StiffNN/YZ2jX_slr9s.ji.pidfile)
  33924.2 ms  ✓ StiffNN
  1 dependency successfully precompiled in 62 seconds. 596 already precompiled.
dahlquist  model=stiff width=8 d=1 tlen=50 profile=fast seed=800  solver=Rodas5  N=114
  derivmatch lr=0.01 iter=170/3400 loss=0.002585
  derivmatch lr=0.01 iter=340/3400 loss=0.00142
  derivmatch lr=0.01 iter=510/3400 loss=0.0008939
  derivmatch lr=0.01 iter=680/3400 loss=0.0006222
  derivmatch lr=0.01 iter=850/3400 loss=0.0004654
  derivmatch lr=0.01 iter=1020/3400 loss=0.0003678
  derivmatch lr=0.01 iter=1190/3400 loss=0.000304
  derivmatch lr=0.01 iter=1360/3400 loss=0.0002612
  derivmatch lr=0.01 iter=1530/3400 loss=0.0002321
  derivmatch lr=0.01 iter=1700/3400 loss=0.000212
  derivmatch lr=0.01 iter=1870/3400 loss=0.000198
  derivmatch lr=0.01 iter=2040/3400 loss=0.000188
  derivmatch lr=0.01 iter=2210/3400 loss=0.0001805
  derivmatch lr=0.01 iter=2380/3400 loss=0.0001745
  derivmatch lr=0.01 iter=2550/3400 loss=0.0001695
  derivmatch lr=0.01 iter=2720/3400 loss=0.000165
  derivmatch lr=0.01 iter=2890/3400 loss=0.0001609
  derivmatch lr=0.01 iter=3060/3400 loss=0.0001571
  derivmatch lr=0.01 iter=3230/3400 loss=0.0001535
  derivmatch lr=0.01 iter=3400/3400 loss=0.0001501
  derivmatch lr=0.01 iter=3400/3400 loss=0.0001501
  derivmatch lr=0.003 iter=125/2500 loss=7.545e-5
  derivmatch lr=0.003 iter=250/2500 loss=3.916e-5
  derivmatch lr=0.003 iter=375/2500 loss=2.784e-5
  derivmatch lr=0.003 iter=500/2500 loss=2.362e-5
  derivmatch lr=0.003 iter=625/2500 loss=2.117e-5
  derivmatch lr=0.003 iter=750/2500 loss=1.961e-5
  derivmatch lr=0.003 iter=875/2500 loss=1.966e-5
  derivmatch lr=0.003 iter=1000/2500 loss=1.774e-5
  derivmatch lr=0.003 iter=1125/2500 loss=2.102e-5
  derivmatch lr=0.003 iter=1250/2500 loss=1.655e-5
  derivmatch lr=0.003 iter=1375/2500 loss=1.605e-5
  derivmatch lr=0.003 iter=1500/2500 loss=1.565e-5
  derivmatch lr=0.003 iter=1625/2500 loss=1.524e-5
  derivmatch lr=0.003 iter=1750/2500 loss=1.549e-5
  derivmatch lr=0.003 iter=1875/2500 loss=1.451e-5
  derivmatch lr=0.003 iter=2000/2500 loss=1.413e-5
  derivmatch lr=0.003 iter=2125/2500 loss=5.467e-5
  derivmatch lr=0.003 iter=2250/2500 loss=1.336e-5
  derivmatch lr=0.003 iter=2375/2500 loss=1.293e-5
  derivmatch lr=0.003 iter=2500/2500 loss=1.241e-5
  derivmatch lr=0.003 iter=2500/2500 loss=1.241e-5
  derivmatch lr=0.001 iter=125/2500 loss=1.226e-5
  derivmatch lr=0.001 iter=250/2500 loss=1.21e-5
  derivmatch lr=0.001 iter=375/2500 loss=1.188e-5
  derivmatch lr=0.001 iter=500/2500 loss=1.16e-5
  derivmatch lr=0.001 iter=625/2500 loss=1.124e-5
  derivmatch lr=0.001 iter=750/2500 loss=1.079e-5
  derivmatch lr=0.001 iter=875/2500 loss=1.02e-5
  derivmatch lr=0.001 iter=1000/2500 loss=9.453e-6
  derivmatch lr=0.001 iter=1125/2500 loss=8.495e-6
  derivmatch lr=0.001 iter=1250/2500 loss=7.721e-6
  derivmatch lr=0.001 iter=1375/2500 loss=6.911e-6
  derivmatch lr=0.001 iter=1500/2500 loss=6.066e-6
  derivmatch lr=0.001 iter=1625/2500 loss=5.293e-6
  derivmatch lr=0.001 iter=1750/2500 loss=4.82e-6
  derivmatch lr=0.001 iter=1875/2500 loss=4.491e-6
  derivmatch lr=0.001 iter=2000/2500 loss=4.244e-6
  derivmatch lr=0.001 iter=2125/2500 loss=4.06e-6
  derivmatch lr=0.001 iter=2250/2500 loss=3.939e-6
  derivmatch lr=0.001 iter=2375/2500 loss=3.837e-6
  derivmatch lr=0.001 iter=2500/2500 loss=3.743e-6
  derivmatch lr=0.001 iter=2500/2500 loss=3.743e-6
  derivmatch lr=0.0003 iter=80/1600 loss=3.724e-6
  derivmatch lr=0.0003 iter=160/1600 loss=3.705e-6
  derivmatch lr=0.0003 iter=240/1600 loss=3.681e-6
  derivmatch lr=0.0003 iter=320/1600 loss=3.653e-6
  derivmatch lr=0.0003 iter=400/1600 loss=3.621e-6
  derivmatch lr=0.0003 iter=480/1600 loss=3.586e-6
  derivmatch lr=0.0003 iter=560/1600 loss=3.548e-6
  derivmatch lr=0.0003 iter=640/1600 loss=3.508e-6
  derivmatch lr=0.0003 iter=720/1600 loss=3.465e-6
  derivmatch lr=0.0003 iter=800/1600 loss=3.42e-6
  derivmatch lr=0.0003 iter=880/1600 loss=3.374e-6
  derivmatch lr=0.0003 iter=960/1600 loss=3.341e-6
  derivmatch lr=0.0003 iter=1040/1600 loss=3.299e-6
  derivmatch lr=0.0003 iter=1120/1600 loss=3.263e-6
  derivmatch lr=0.0003 iter=1200/1600 loss=3.226e-6
  derivmatch lr=0.0003 iter=1280/1600 loss=3.188e-6
  derivmatch lr=0.0003 iter=1360/1600 loss=3.148e-6
  derivmatch lr=0.0003 iter=1440/1600 loss=3.108e-6
  derivmatch lr=0.0003 iter=1520/1600 loss=3.075e-6
  derivmatch lr=0.0003 iter=1600/1600 loss=3.043e-6
  derivmatch lr=0.0003 iter=1600/1600 loss=3.043e-6
derivative matching [28s]  fitloss=3.04e-6
  [derivative matching]  nrmse=0.0007294  l2=0.00326
  trajectory_parameter_sensitivity_rms = 0.3356
extrapolation window: T=1.0 -> T_test=2.0  n_test=100
  [train]  E_traj=2.49e-7  E_VF=2.721e-5  E_spec=0.008524
  [test ]  E_traj=0.04894  E_VF=0.2774  E_spec=0.3199
saved /orcd/home/002/txenakis/projects/BVPsolver/src/../data/runs/run_00tW4Jrj/dahlquist_fit.png
saved /orcd/home/002/txenakis/projects/BVPsolver/src/../data/runs/run_00tW4Jrj/dahlquist_fit_extrapolated.png
saved /orcd/home/002/txenakis/projects/BVPsolver/src/../data/runs/run_00tW4Jrj/dahlquist_spectral_fit_extrapolated.png
saved /orcd/home/002/txenakis/projects/BVPsolver/src/../data/runs/run_00tW4Jrj/dahlquist_vf_fit_extrapolated.png
┌ Warning: Attempting to store StiffNN.var"#25#26"{Float64}.
│ JLD2 only stores functions by name.
│  This may not be useful for anonymous functions.
└ @ JLD2 ~/.julia/packages/JLD2/ADycq/src/data/writing_datatypes.jl:447
saved run → /orcd/home/002/txenakis/projects/BVPsolver/src/../data/runs/run_00tW4Jrj
