rober  model=mlp width=15 d=3 tlen=50 profile=fast seed=209  solver=Rodas5  N=348
  derivmatch lr=0.01 iter=170/3400 loss=39.97
  derivmatch lr=0.01 iter=340/3400 loss=37.46
  derivmatch lr=0.01 iter=510/3400 loss=36.49
  derivmatch lr=0.01 iter=680/3400 loss=45.0
  derivmatch lr=0.01 iter=850/3400 loss=39.32
  derivmatch lr=0.01 iter=1020/3400 loss=49.04
  derivmatch lr=0.01 iter=1190/3400 loss=58.1
  derivmatch lr=0.01 iter=1360/3400 loss=53.9
  derivmatch lr=0.01 iter=1530/3400 loss=51.57
  derivmatch lr=0.01 iter=1700/3400 loss=39.25
  derivmatch lr=0.01 iter=1870/3400 loss=43.77
  derivmatch lr=0.01 iter=2040/3400 loss=47.75
  derivmatch lr=0.01 iter=2210/3400 loss=35.28
  derivmatch lr=0.01 iter=2380/3400 loss=45.29
  derivmatch lr=0.01 iter=2550/3400 loss=47.43
  derivmatch lr=0.01 iter=2720/3400 loss=45.6
  derivmatch lr=0.01 iter=2890/3400 loss=34.04
  derivmatch lr=0.01 iter=3060/3400 loss=26.66
  derivmatch lr=0.01 iter=3230/3400 loss=43.92
  derivmatch lr=0.01 iter=3400/3400 loss=46.35
  derivmatch lr=0.01 iter=3400/3400 loss=16.64
  derivmatch lr=0.003 iter=125/2500 loss=24.34
  derivmatch lr=0.003 iter=250/2500 loss=30.31
  derivmatch lr=0.003 iter=375/2500 loss=30.62
  derivmatch lr=0.003 iter=500/2500 loss=36.36
  derivmatch lr=0.003 iter=625/2500 loss=36.73
  derivmatch lr=0.003 iter=750/2500 loss=25.4
  derivmatch lr=0.003 iter=875/2500 loss=22.34
  derivmatch lr=0.003 iter=1000/2500 loss=35.08
  derivmatch lr=0.003 iter=1125/2500 loss=33.76
  derivmatch lr=0.003 iter=1250/2500 loss=26.62
  derivmatch lr=0.003 iter=1375/2500 loss=22.11
  derivmatch lr=0.003 iter=1500/2500 loss=25.24
  derivmatch lr=0.003 iter=1625/2500 loss=23.49
  derivmatch lr=0.003 iter=1750/2500 loss=30.13
  derivmatch lr=0.003 iter=1875/2500 loss=24.77
  derivmatch lr=0.003 iter=2000/2500 loss=34.86
  derivmatch lr=0.003 iter=2125/2500 loss=31.97
  derivmatch lr=0.003 iter=2250/2500 loss=32.38
  derivmatch lr=0.003 iter=2375/2500 loss=23.82
  derivmatch lr=0.003 iter=2500/2500 loss=37.76
  derivmatch lr=0.003 iter=2500/2500 loss=13.54
  derivmatch lr=0.001 iter=125/2500 loss=10.97
  derivmatch lr=0.001 iter=250/2500 loss=11.32
  derivmatch lr=0.001 iter=375/2500 loss=27.82
  derivmatch lr=0.001 iter=500/2500 loss=22.76
  derivmatch lr=0.001 iter=625/2500 loss=29.43
  derivmatch lr=0.001 iter=750/2500 loss=26.89
  derivmatch lr=0.001 iter=875/2500 loss=24.1
  derivmatch lr=0.001 iter=1000/2500 loss=18.9
  derivmatch lr=0.001 iter=1125/2500 loss=17.42
  derivmatch lr=0.001 iter=1250/2500 loss=15.55
  derivmatch lr=0.001 iter=1375/2500 loss=15.04
  derivmatch lr=0.001 iter=1500/2500 loss=15.16
  derivmatch lr=0.001 iter=1625/2500 loss=28.83
  derivmatch lr=0.001 iter=1750/2500 loss=26.02
  derivmatch lr=0.001 iter=1875/2500 loss=23.74
  derivmatch lr=0.001 iter=2000/2500 loss=24.45
  derivmatch lr=0.001 iter=2125/2500 loss=24.87
  derivmatch lr=0.001 iter=2250/2500 loss=24.95
  derivmatch lr=0.001 iter=2375/2500 loss=23.13
  derivmatch lr=0.001 iter=2500/2500 loss=21.93
  derivmatch lr=0.001 iter=2500/2500 loss=9.524
  derivmatch lr=0.0003 iter=80/1600 loss=9.414
  derivmatch lr=0.0003 iter=160/1600 loss=9.476
  derivmatch lr=0.0003 iter=240/1600 loss=9.212
  derivmatch lr=0.0003 iter=320/1600 loss=9.015
  derivmatch lr=0.0003 iter=400/1600 loss=8.988
  derivmatch lr=0.0003 iter=480/1600 loss=9.249
  derivmatch lr=0.0003 iter=560/1600 loss=8.499
  derivmatch lr=0.0003 iter=640/1600 loss=12.27
  derivmatch lr=0.0003 iter=720/1600 loss=8.255
  derivmatch lr=0.0003 iter=800/1600 loss=8.694
  derivmatch lr=0.0003 iter=880/1600 loss=8.721
  derivmatch lr=0.0003 iter=960/1600 loss=8.467
  derivmatch lr=0.0003 iter=1040/1600 loss=8.321
  derivmatch lr=0.0003 iter=1120/1600 loss=8.754
  derivmatch lr=0.0003 iter=1200/1600 loss=8.223
  derivmatch lr=0.0003 iter=1280/1600 loss=7.082
  derivmatch lr=0.0003 iter=1360/1600 loss=6.91
  derivmatch lr=0.0003 iter=1440/1600 loss=7.018
  derivmatch lr=0.0003 iter=1520/1600 loss=6.836
  derivmatch lr=0.0003 iter=1600/1600 loss=6.804
  derivmatch lr=0.0003 iter=1600/1600 loss=6.616
derivative matching [23s]  fitloss=6.62
  [derivative matching]  nrmse=457.7  l2=1.526
extrapolation window: T=1000.0 -> T_test=1.0e12  n_test=100
  [train]  E_traj=545000.0  E_VF=0.5888  E_spec=5.9019999999999994e26
  [test ]  E_traj=2.263e10  E_VF=3.382e15  E_spec=9.121e27
saved /orcd/home/002/txenakis/projects/BVPsolver/src/../data/runs/run_AvVqqccX/rober_fit.png
saved /orcd/home/002/txenakis/projects/BVPsolver/src/../data/runs/run_AvVqqccX/rober_fit_extrapolated.png
saved /orcd/home/002/txenakis/projects/BVPsolver/src/../data/runs/run_AvVqqccX/rober_spectral_fit_extrapolated.png
saved /orcd/home/002/txenakis/projects/BVPsolver/src/../data/runs/run_AvVqqccX/rober_vf_fit_extrapolated.png
┌ Warning: Attempting to store StiffNN.var"#12#13"{Float64, Float64, Float64}.
│ JLD2 only stores functions by name.
│  This may not be useful for anonymous functions.
└ @ JLD2 ~/.julia/packages/JLD2/ADycq/src/data/writing_datatypes.jl:447
saved run → /orcd/home/002/txenakis/projects/BVPsolver/src/../data/runs/run_AvVqqccX
