rober  model=GELU-scaled width=7 d=3 tlen=50 profile=fast seed=31  solver=Rodas5  N=332
  derivmatch lr=0.01 iter=170/3400 loss=8.883
  derivmatch lr=0.01 iter=340/3400 loss=9.615
  derivmatch lr=0.01 iter=510/3400 loss=9.457
  derivmatch lr=0.01 iter=680/3400 loss=9.36
  derivmatch lr=0.01 iter=850/3400 loss=9.268
  derivmatch lr=0.01 iter=1020/3400 loss=9.153
  derivmatch lr=0.01 iter=1190/3400 loss=8.759
  derivmatch lr=0.01 iter=1360/3400 loss=7.664
  derivmatch lr=0.01 iter=1530/3400 loss=7.717
  derivmatch lr=0.01 iter=1700/3400 loss=6.215
  derivmatch lr=0.01 iter=1870/3400 loss=8.612
  derivmatch lr=0.01 iter=2040/3400 loss=8.39
  derivmatch lr=0.01 iter=2210/3400 loss=8.197
  derivmatch lr=0.01 iter=2380/3400 loss=7.989
  derivmatch lr=0.01 iter=2550/3400 loss=7.739
  derivmatch lr=0.01 iter=2720/3400 loss=7.394
  derivmatch lr=0.01 iter=2890/3400 loss=6.716
  derivmatch lr=0.01 iter=3060/3400 loss=5.939
  derivmatch lr=0.01 iter=3230/3400 loss=5.805
  derivmatch lr=0.01 iter=3400/3400 loss=5.679
  derivmatch lr=0.01 iter=3400/3400 loss=5.679
  derivmatch lr=0.003 iter=125/2500 loss=5.441
  derivmatch lr=0.003 iter=250/2500 loss=5.16
  derivmatch lr=0.003 iter=375/2500 loss=4.888
  derivmatch lr=0.003 iter=500/2500 loss=6.576
  derivmatch lr=0.003 iter=625/2500 loss=5.253
  derivmatch lr=0.003 iter=750/2500 loss=4.555
  derivmatch lr=0.003 iter=875/2500 loss=4.446
  derivmatch lr=0.003 iter=1000/2500 loss=4.339
  derivmatch lr=0.003 iter=1125/2500 loss=4.23
  derivmatch lr=0.003 iter=1250/2500 loss=8.154
  derivmatch lr=0.003 iter=1375/2500 loss=6.803
  derivmatch lr=0.003 iter=1500/2500 loss=6.633
  derivmatch lr=0.003 iter=1625/2500 loss=6.511
  derivmatch lr=0.003 iter=1750/2500 loss=6.393
  derivmatch lr=0.003 iter=1875/2500 loss=6.26
  derivmatch lr=0.003 iter=2000/2500 loss=6.097
  derivmatch lr=0.003 iter=2125/2500 loss=5.913
  derivmatch lr=0.003 iter=2250/2500 loss=5.817
  derivmatch lr=0.003 iter=2375/2500 loss=5.763
  derivmatch lr=0.003 iter=2500/2500 loss=5.718
  derivmatch lr=0.003 iter=2500/2500 loss=4.142
  derivmatch lr=0.001 iter=125/2500 loss=4.078
  derivmatch lr=0.001 iter=250/2500 loss=4.025
  derivmatch lr=0.001 iter=375/2500 loss=3.966
  derivmatch lr=0.001 iter=500/2500 loss=3.885
  derivmatch lr=0.001 iter=625/2500 loss=5.354
  derivmatch lr=0.001 iter=750/2500 loss=4.018
  derivmatch lr=0.001 iter=875/2500 loss=3.973
  derivmatch lr=0.001 iter=1000/2500 loss=3.934
  derivmatch lr=0.001 iter=1125/2500 loss=3.893
  derivmatch lr=0.001 iter=1250/2500 loss=3.828
  derivmatch lr=0.001 iter=1375/2500 loss=4.728
  derivmatch lr=0.001 iter=1500/2500 loss=3.869
  derivmatch lr=0.001 iter=1625/2500 loss=3.733
  derivmatch lr=0.001 iter=1750/2500 loss=3.686
  derivmatch lr=0.001 iter=1875/2500 loss=3.647
  derivmatch lr=0.001 iter=2000/2500 loss=3.61
  derivmatch lr=0.001 iter=2125/2500 loss=3.575
  derivmatch lr=0.001 iter=2250/2500 loss=3.537
  derivmatch lr=0.001 iter=2375/2500 loss=5.029
  derivmatch lr=0.001 iter=2500/2500 loss=7.441
  derivmatch lr=0.001 iter=2500/2500 loss=3.483
  derivmatch lr=0.0003 iter=80/1600 loss=3.485
  derivmatch lr=0.0003 iter=160/1600 loss=3.473
  derivmatch lr=0.0003 iter=240/1600 loss=3.468
  derivmatch lr=0.0003 iter=320/1600 loss=3.464
  derivmatch lr=0.0003 iter=400/1600 loss=3.459
  derivmatch lr=0.0003 iter=480/1600 loss=3.454
  derivmatch lr=0.0003 iter=560/1600 loss=3.449
  derivmatch lr=0.0003 iter=640/1600 loss=3.443
  derivmatch lr=0.0003 iter=720/1600 loss=3.437
  derivmatch lr=0.0003 iter=800/1600 loss=3.431
  derivmatch lr=0.0003 iter=880/1600 loss=3.425
  derivmatch lr=0.0003 iter=960/1600 loss=3.418
  derivmatch lr=0.0003 iter=1040/1600 loss=3.412
  derivmatch lr=0.0003 iter=1120/1600 loss=3.405
  derivmatch lr=0.0003 iter=1200/1600 loss=3.398
  derivmatch lr=0.0003 iter=1280/1600 loss=3.391
  derivmatch lr=0.0003 iter=1360/1600 loss=3.384
  derivmatch lr=0.0003 iter=1440/1600 loss=3.376
  derivmatch lr=0.0003 iter=1520/1600 loss=3.369
  derivmatch lr=0.0003 iter=1600/1600 loss=3.361
  derivmatch lr=0.0003 iter=1600/1600 loss=3.361
derivative matching [25s]  fitloss=3.36
  [derivative matching]  nrmse=3.388  l2=0.318
extrapolation window: T=1000.0 -> T_test=1.0e12  n_test=100
  [train]  E_traj=29.86  E_VF=0.6325  E_spec=4.894e18
  [test ]  E_traj=8.789e21  E_VF=3.694e6  E_spec=1.0
saved /orcd/home/002/txenakis/projects/BVPsolver/src/../data/runs/run_qTaeKSyO/rober_fit.png
saved /orcd/home/002/txenakis/projects/BVPsolver/src/../data/runs/run_qTaeKSyO/rober_fit_extrapolated.png
saved /orcd/home/002/txenakis/projects/BVPsolver/src/../data/runs/run_qTaeKSyO/rober_spectral_fit_extrapolated.png
saved /orcd/home/002/txenakis/projects/BVPsolver/src/../data/runs/run_qTaeKSyO/rober_vf_fit_extrapolated.png
┌ Warning: Attempting to store StiffNN.var"#12#13"{Float64, Float64, Float64}.
│ JLD2 only stores functions by name.
│  This may not be useful for anonymous functions.
└ @ JLD2 ~/.julia/packages/JLD2/ADycq/src/data/writing_datatypes.jl:447
saved run → /orcd/home/002/txenakis/projects/BVPsolver/src/../data/runs/run_qTaeKSyO
