vanderpol  model=mlp width=14 d=2 tlen=151 profile=fast seed=114  solver=Kvaerno5  N=282
  derivmatch lr=0.01 iter=170/3400 loss=3.066
  derivmatch lr=0.01 iter=340/3400 loss=2.278
  derivmatch lr=0.01 iter=510/3400 loss=1.956
  derivmatch lr=0.01 iter=680/3400 loss=1.746
  derivmatch lr=0.01 iter=850/3400 loss=1.595
  derivmatch lr=0.01 iter=1020/3400 loss=1.485
  derivmatch lr=0.01 iter=1190/3400 loss=1.405
  derivmatch lr=0.01 iter=1360/3400 loss=1.325
  derivmatch lr=0.01 iter=1530/3400 loss=1.262
  derivmatch lr=0.01 iter=1700/3400 loss=1.204
  derivmatch lr=0.01 iter=1870/3400 loss=1.156
  derivmatch lr=0.01 iter=2040/3400 loss=1.114
  derivmatch lr=0.01 iter=2210/3400 loss=1.086
  derivmatch lr=0.01 iter=2380/3400 loss=1.053
  derivmatch lr=0.01 iter=2550/3400 loss=1.006
  derivmatch lr=0.01 iter=2720/3400 loss=0.973
  derivmatch lr=0.01 iter=2890/3400 loss=0.9491
  derivmatch lr=0.01 iter=3060/3400 loss=0.9182
  derivmatch lr=0.01 iter=3230/3400 loss=0.8945
  derivmatch lr=0.01 iter=3400/3400 loss=0.8669
  derivmatch lr=0.01 iter=3400/3400 loss=0.8669
  derivmatch lr=0.003 iter=125/2500 loss=0.8573
  derivmatch lr=0.003 iter=250/2500 loss=0.8475
  derivmatch lr=0.003 iter=375/2500 loss=0.8379
  derivmatch lr=0.003 iter=500/2500 loss=0.8286
  derivmatch lr=0.003 iter=625/2500 loss=0.8194
  derivmatch lr=0.003 iter=750/2500 loss=0.8104
  derivmatch lr=0.003 iter=875/2500 loss=0.8016
  derivmatch lr=0.003 iter=1000/2500 loss=0.7932
  derivmatch lr=0.003 iter=1125/2500 loss=0.7849
  derivmatch lr=0.003 iter=1250/2500 loss=0.7769
  derivmatch lr=0.003 iter=1375/2500 loss=0.7692
  derivmatch lr=0.003 iter=1500/2500 loss=0.7615
  derivmatch lr=0.003 iter=1625/2500 loss=0.7544
  derivmatch lr=0.003 iter=1750/2500 loss=0.7468
  derivmatch lr=0.003 iter=1875/2500 loss=0.7398
  derivmatch lr=0.003 iter=2000/2500 loss=0.7329
  derivmatch lr=0.003 iter=2125/2500 loss=0.7278
  derivmatch lr=0.003 iter=2250/2500 loss=0.7224
  derivmatch lr=0.003 iter=2375/2500 loss=0.7131
  derivmatch lr=0.003 iter=2500/2500 loss=0.7103
  derivmatch lr=0.003 iter=2500/2500 loss=0.7069
  derivmatch lr=0.001 iter=125/2500 loss=0.7048
  derivmatch lr=0.001 iter=250/2500 loss=0.7026
  derivmatch lr=0.001 iter=375/2500 loss=0.7004
  derivmatch lr=0.001 iter=500/2500 loss=0.6981
  derivmatch lr=0.001 iter=625/2500 loss=0.6958
  derivmatch lr=0.001 iter=750/2500 loss=0.6934
  derivmatch lr=0.001 iter=875/2500 loss=0.691
  derivmatch lr=0.001 iter=1000/2500 loss=0.6885
  derivmatch lr=0.001 iter=1125/2500 loss=0.686
  derivmatch lr=0.001 iter=1250/2500 loss=0.6834
  derivmatch lr=0.001 iter=1375/2500 loss=0.6808
  derivmatch lr=0.001 iter=1500/2500 loss=0.6783
  derivmatch lr=0.001 iter=1625/2500 loss=0.6759
  derivmatch lr=0.001 iter=1750/2500 loss=0.6734
  derivmatch lr=0.001 iter=1875/2500 loss=0.6709
  derivmatch lr=0.001 iter=2000/2500 loss=0.6685
  derivmatch lr=0.001 iter=2125/2500 loss=0.6661
  derivmatch lr=0.001 iter=2250/2500 loss=0.6638
  derivmatch lr=0.001 iter=2375/2500 loss=0.6614
  derivmatch lr=0.001 iter=2500/2500 loss=0.6591
  derivmatch lr=0.001 iter=2500/2500 loss=0.6591
  derivmatch lr=0.0003 iter=80/1600 loss=0.6587
  derivmatch lr=0.0003 iter=160/1600 loss=0.6582
  derivmatch lr=0.0003 iter=240/1600 loss=0.6578
  derivmatch lr=0.0003 iter=320/1600 loss=0.6573
  derivmatch lr=0.0003 iter=400/1600 loss=0.6568
  derivmatch lr=0.0003 iter=480/1600 loss=0.6562
  derivmatch lr=0.0003 iter=560/1600 loss=0.6557
  derivmatch lr=0.0003 iter=640/1600 loss=0.6551
  derivmatch lr=0.0003 iter=720/1600 loss=0.6545
  derivmatch lr=0.0003 iter=800/1600 loss=0.6539
  derivmatch lr=0.0003 iter=880/1600 loss=0.6533
  derivmatch lr=0.0003 iter=960/1600 loss=0.6527
  derivmatch lr=0.0003 iter=1040/1600 loss=0.6521
  derivmatch lr=0.0003 iter=1120/1600 loss=0.6514
  derivmatch lr=0.0003 iter=1200/1600 loss=0.6507
  derivmatch lr=0.0003 iter=1280/1600 loss=0.65
  derivmatch lr=0.0003 iter=1360/1600 loss=0.6494
  derivmatch lr=0.0003 iter=1440/1600 loss=0.6488
  derivmatch lr=0.0003 iter=1520/1600 loss=0.6482
  derivmatch lr=0.0003 iter=1600/1600 loss=0.6476
  derivmatch lr=0.0003 iter=1600/1600 loss=0.6476
derivative matching [24s]  fitloss=0.648
  [derivative matching]  nrmse=0.3883  l2=326.3
  collocation: M=163 residuals=1274  detecting sparsity + solving...

Algorithm: LevenbergMarquardt(
    trustregion = LevenbergMarquardtTrustRegion(
        β_uphill = 0.0
    ),
    descent = GeodesicAcceleration(
        descent = DampedNewtonDescent(
            linsolve = KLUFactorization(
                reuse_symbolic = true,
                check_pattern = true
            ),
            initial_damping = 1.0,
            damping_fn = LevenbergMarquardtDampingFunction(
                increase_factor = 2.0,
                decrease_factor = 3.0,
                min_damping = 1.0e-8
            ),
            min_norm_mode = :auto
        ),
        finite_diff_step_geodesic = 0.1,
        α = 0.75
    ),
    autodiff = AutoForwardDiff(),
    vjp_autodiff = AutoFiniteDiff(
        fdtype = Val{:forward}(),
        fdjtype = Val{:forward}(),
        fdhtype = Val{:hcentral}(),
        dir = true
    ),
    jvp_autodiff = AutoForwardDiff(),
    concrete_jac = Val{true}()
)

----    	-------------       	-----------         
Iter    	f(u) 2-norm         	Step 2-norm         
----    	-------------       	-----------         
0       	6.53683295e+02      	4.05484920e-309     
1       	6.53683295e+02      	0.00000000e+00      
8       	6.53683295e+02      	0.00000000e+00      
15      	6.52322405e+02      	0.00000000e+00      
22      	6.42393559e+02      	0.00000000e+00      
29      	6.33232155e+02      	1.94716469e+00      
36      	6.18135963e+02      	4.04593821e+00      
43      	6.12814225e+02      	0.00000000e+00      
50      	5.96482242e+02      	4.31904286e+00      
57      	5.80961357e+02      	7.74447360e-01      
64      	5.63584627e+02      	2.43037956e+00      
71      	5.51315221e+02      	0.00000000e+00      
78      	5.28588112e+02      	0.00000000e+00      
85      	5.10723086e+02      	0.00000000e+00      
92      	4.92118418e+02      	3.08744706e+00      
99      	4.87152967e+02      	2.88593537e+00      
106     	4.64501233e+02      	0.00000000e+00      
113     	4.49007027e+02      	0.00000000e+00      
120     	4.17280687e+02      	1.79230109e+00      
127     	4.10113017e+02      	1.79074296e+00      
134     	2.93126735e+02      	1.38582205e+00      
141     	2.73631380e+02      	0.00000000e+00      
148     	2.25540020e+02      	0.00000000e+00      
Final   	2.14177555e+02      
----------------------      
  AMR 1/1: M=163  err=6060.0  obs=0.046  nrmse=0.334  best=0.334  refined=0
collocation [30s]
  [final]  nrmse=0.3336  l2=325.2
extrapolation window: T=200.0 -> T_test=400.0  n_test=302
  [train]  E_traj=1.162  E_VF=0.8087  E_spec=0.623
  [test ]  E_traj=6724.0  E_VF=0.8393  E_spec=0.5136
saved /orcd/home/002/txenakis/projects/BVPsolver/src/../data/runs/run_sDLck4iP/vanderpol_fit.png
saved /orcd/home/002/txenakis/projects/BVPsolver/src/../data/runs/run_sDLck4iP/vanderpol_fit_extrapolated.png
saved /orcd/home/002/txenakis/projects/BVPsolver/src/../data/runs/run_sDLck4iP/vanderpol_spectral_fit_extrapolated.png
saved /orcd/home/002/txenakis/projects/BVPsolver/src/../data/runs/run_sDLck4iP/vanderpol_vf_fit_extrapolated.png
┌ Warning: Attempting to store StiffNN.var"#14#15"{Float64}.
│ JLD2 only stores functions by name.
│  This may not be useful for anonymous functions.
└ @ JLD2 ~/.julia/packages/JLD2/ADycq/src/data/writing_datatypes.jl:447
saved run → /orcd/home/002/txenakis/projects/BVPsolver/src/../data/runs/run_sDLck4iP
