orego  model=mlp width=19 d=3 tlen=112 profile=fast seed=146  solver=Rodas5  N=516
  derivmatch lr=0.01 iter=170/3400 loss=9.736
  derivmatch lr=0.01 iter=340/3400 loss=8.603
  derivmatch lr=0.01 iter=510/3400 loss=7.838
  derivmatch lr=0.01 iter=680/3400 loss=7.28
  derivmatch lr=0.01 iter=850/3400 loss=6.902
  derivmatch lr=0.01 iter=1020/3400 loss=6.772
  derivmatch lr=0.01 iter=1190/3400 loss=6.469
  derivmatch lr=0.01 iter=1360/3400 loss=6.292
  derivmatch lr=0.01 iter=1530/3400 loss=6.142
  derivmatch lr=0.01 iter=1700/3400 loss=6.006
  derivmatch lr=0.01 iter=1870/3400 loss=5.872
  derivmatch lr=0.01 iter=2040/3400 loss=5.762
  derivmatch lr=0.01 iter=2210/3400 loss=5.676
  derivmatch lr=0.01 iter=2380/3400 loss=5.594
  derivmatch lr=0.01 iter=2550/3400 loss=5.503
  derivmatch lr=0.01 iter=2720/3400 loss=5.411
  derivmatch lr=0.01 iter=2890/3400 loss=5.323
  derivmatch lr=0.01 iter=3060/3400 loss=5.25
  derivmatch lr=0.01 iter=3230/3400 loss=5.444
  derivmatch lr=0.01 iter=3400/3400 loss=5.273
  derivmatch lr=0.01 iter=3400/3400 loss=5.225
  derivmatch lr=0.003 iter=125/2500 loss=5.423
  derivmatch lr=0.003 iter=250/2500 loss=5.323
  derivmatch lr=0.003 iter=375/2500 loss=5.285
  derivmatch lr=0.003 iter=500/2500 loss=5.261
  derivmatch lr=0.003 iter=625/2500 loss=5.614
  derivmatch lr=0.003 iter=750/2500 loss=5.396
  derivmatch lr=0.003 iter=875/2500 loss=5.344
  derivmatch lr=0.003 iter=1000/2500 loss=5.174
  derivmatch lr=0.003 iter=1125/2500 loss=5.131
  derivmatch lr=0.003 iter=1250/2500 loss=5.097
  derivmatch lr=0.003 iter=1375/2500 loss=5.071
  derivmatch lr=0.003 iter=1500/2500 loss=5.041
  derivmatch lr=0.003 iter=1625/2500 loss=5.013
  derivmatch lr=0.003 iter=1750/2500 loss=4.99
  derivmatch lr=0.003 iter=1875/2500 loss=4.966
  derivmatch lr=0.003 iter=2000/2500 loss=4.943
  derivmatch lr=0.003 iter=2125/2500 loss=4.921
  derivmatch lr=0.003 iter=2250/2500 loss=4.899
  derivmatch lr=0.003 iter=2375/2500 loss=4.878
  derivmatch lr=0.003 iter=2500/2500 loss=4.857
  derivmatch lr=0.003 iter=2500/2500 loss=4.857
  derivmatch lr=0.001 iter=125/2500 loss=4.941
  derivmatch lr=0.001 iter=250/2500 loss=5.184
  derivmatch lr=0.001 iter=375/2500 loss=5.193
  derivmatch lr=0.001 iter=500/2500 loss=5.056
  derivmatch lr=0.001 iter=625/2500 loss=5.029
  derivmatch lr=0.001 iter=750/2500 loss=4.88
  derivmatch lr=0.001 iter=875/2500 loss=4.87
  derivmatch lr=0.001 iter=1000/2500 loss=4.861
  derivmatch lr=0.001 iter=1125/2500 loss=4.852
  derivmatch lr=0.001 iter=1250/2500 loss=4.842
  derivmatch lr=0.001 iter=1375/2500 loss=4.845
  derivmatch lr=0.001 iter=1500/2500 loss=4.807
  derivmatch lr=0.001 iter=1625/2500 loss=4.788
  derivmatch lr=0.001 iter=1750/2500 loss=4.954
  derivmatch lr=0.001 iter=1875/2500 loss=5.136
  derivmatch lr=0.001 iter=2000/2500 loss=5.105
  derivmatch lr=0.001 iter=2125/2500 loss=5.117
  derivmatch lr=0.001 iter=2250/2500 loss=5.107
  derivmatch lr=0.001 iter=2375/2500 loss=5.097
  derivmatch lr=0.001 iter=2500/2500 loss=5.362
  derivmatch lr=0.001 iter=2500/2500 loss=4.778
  derivmatch lr=0.0003 iter=80/1600 loss=5.34
  derivmatch lr=0.0003 iter=160/1600 loss=5.117
  derivmatch lr=0.0003 iter=240/1600 loss=4.968
  derivmatch lr=0.0003 iter=320/1600 loss=4.891
  derivmatch lr=0.0003 iter=400/1600 loss=4.829
  derivmatch lr=0.0003 iter=480/1600 loss=4.808
  derivmatch lr=0.0003 iter=560/1600 loss=4.795
  derivmatch lr=0.0003 iter=640/1600 loss=4.783
  derivmatch lr=0.0003 iter=720/1600 loss=4.77
  derivmatch lr=0.0003 iter=800/1600 loss=4.893
  derivmatch lr=0.0003 iter=880/1600 loss=4.869
  derivmatch lr=0.0003 iter=960/1600 loss=4.859
  derivmatch lr=0.0003 iter=1040/1600 loss=4.853
  derivmatch lr=0.0003 iter=1120/1600 loss=4.888
  derivmatch lr=0.0003 iter=1200/1600 loss=4.877
  derivmatch lr=0.0003 iter=1280/1600 loss=4.86
  derivmatch lr=0.0003 iter=1360/1600 loss=4.813
  derivmatch lr=0.0003 iter=1440/1600 loss=4.801
  derivmatch lr=0.0003 iter=1520/1600 loss=4.85
  derivmatch lr=0.0003 iter=1600/1600 loss=4.788
  derivmatch lr=0.0003 iter=1600/1600 loss=4.754
derivative matching [24s]  fitloss=4.75
  [derivative matching]  nrmse=0.4836  l2=502300.0
  collocation: M=127 residuals=1470  detecting sparsity + solving...

Algorithm: LevenbergMarquardt(
    trustregion = LevenbergMarquardtTrustRegion(
        β_uphill = 0.0
    ),
    descent = GeodesicAcceleration(
        descent = DampedNewtonDescent(
            linsolve = KLUFactorization(
                reuse_symbolic = true,
                check_pattern = true
            ),
            initial_damping = 1.0,
            damping_fn = LevenbergMarquardtDampingFunction(
                increase_factor = 2.0,
                decrease_factor = 3.0,
                min_damping = 1.0e-8
            ),
            min_norm_mode = :auto
        ),
        finite_diff_step_geodesic = 0.1,
        α = 0.75
    ),
    autodiff = AutoForwardDiff(),
    vjp_autodiff = AutoFiniteDiff(
        fdtype = Val{:forward}(),
        fdjtype = Val{:forward}(),
        fdhtype = Val{:hcentral}(),
        dir = true
    ),
    jvp_autodiff = AutoForwardDiff(),
    concrete_jac = Val{true}()
)

----    	-------------       	-----------         
Iter    	f(u) 2-norm         	Step 2-norm         
----    	-------------       	-----------         
0       	7.47586198e+02      	NaN                 
1       	7.47586198e+02      	0.00000000e+00      
8       	7.47586198e+02      	0.00000000e+00      
15      	8.23935332e+02      	8.77727936e-03      
22      	8.95556301e+02      	1.45561303e-02      
29      	7.85073133e+02      	3.51920971e-03      
36      	9.15315600e+02      	0.00000000e+00      
43      	8.87803421e+02      	0.00000000e+00      
50      	8.82870684e+02      	0.00000000e+00      
57      	8.57678471e+02      	0.00000000e+00      
64      	7.38933887e+02      	0.00000000e+00      
71      	7.77879487e+02      	1.31202532e-02      
78      	8.11061913e+02      	9.96860190e-03      
85      	8.05826560e+02      	1.57723141e-03      
92      	7.49710070e+02      	0.00000000e+00      
99      	7.42854911e+02      	0.00000000e+00      
106     	7.93779784e+02      	2.50663188e-02      
113     	7.93779784e+02      	0.00000000e+00      
120     	7.70870922e+02      	0.00000000e+00      
127     	7.25259382e+02      	1.46448645e-02      
134     	7.25259382e+02      	0.00000000e+00      
141     	7.34135288e+02      	0.00000000e+00      
148     	7.60151372e+02      	0.00000000e+00      
Final   	7.24185216e+02      
----------------------      
  AMR 1/1: M=127  err=207000.0  obs=0.00192  nrmse=0.483  best=0.483  refined=0
collocation [62s]
  [final]  nrmse=0.4834  l2=502100.0
extrapolation window: T=180.0 -> T_test=360.0  n_test=224
  [train]  E_traj=1.384  E_VF=0.8451  E_spec=1.04
  [test ]  E_traj=17.95  E_VF=0.8034  E_spec=36.44
saved /orcd/home/002/txenakis/projects/BVPsolver/src/../data/runs/run_68J2NTVW/orego_fit.png
saved /orcd/home/002/txenakis/projects/BVPsolver/src/../data/runs/run_68J2NTVW/orego_fit_extrapolated.png
saved /orcd/home/002/txenakis/projects/BVPsolver/src/../data/runs/run_68J2NTVW/orego_spectral_fit_extrapolated.png
saved /orcd/home/002/txenakis/projects/BVPsolver/src/../data/runs/run_68J2NTVW/orego_vf_fit_extrapolated.png
┌ Warning: Attempting to store StiffNN.var"#20#21"{Float64, Float64, Float64}.
│ JLD2 only stores functions by name.
│  This may not be useful for anonymous functions.
└ @ JLD2 ~/.julia/packages/JLD2/ADycq/src/data/writing_datatypes.jl:447
saved run → /orcd/home/002/txenakis/projects/BVPsolver/src/../data/runs/run_68J2NTVW
