davis-skodje  model=mlp width=14 d=2 tlen=300 profile=fast seed=117  solver=Rodas5P  N=282
  derivmatch lr=0.01 iter=170/3400 loss=4.187
  derivmatch lr=0.01 iter=340/3400 loss=3.291
  derivmatch lr=0.01 iter=510/3400 loss=1.993
  derivmatch lr=0.01 iter=680/3400 loss=2.393
  derivmatch lr=0.01 iter=850/3400 loss=2.131
  derivmatch lr=0.01 iter=1020/3400 loss=1.911
  derivmatch lr=0.01 iter=1190/3400 loss=0.9547
  derivmatch lr=0.01 iter=1360/3400 loss=2.015
  derivmatch lr=0.01 iter=1530/3400 loss=1.821
  derivmatch lr=0.01 iter=1700/3400 loss=1.309
  derivmatch lr=0.01 iter=1870/3400 loss=1.06
  derivmatch lr=0.01 iter=2040/3400 loss=1.377
  derivmatch lr=0.01 iter=2210/3400 loss=0.9209
  derivmatch lr=0.01 iter=2380/3400 loss=1.191
  derivmatch lr=0.01 iter=2550/3400 loss=0.9539
  derivmatch lr=0.01 iter=2720/3400 loss=0.7308
  derivmatch lr=0.01 iter=2890/3400 loss=0.944
  derivmatch lr=0.01 iter=3060/3400 loss=0.6642
  derivmatch lr=0.01 iter=3230/3400 loss=0.7227
  derivmatch lr=0.01 iter=3400/3400 loss=1.226
  derivmatch lr=0.01 iter=3400/3400 loss=0.4675
  derivmatch lr=0.003 iter=125/2500 loss=0.4375
  derivmatch lr=0.003 iter=250/2500 loss=0.4204
  derivmatch lr=0.003 iter=375/2500 loss=0.4035
  derivmatch lr=0.003 iter=500/2500 loss=0.3788
  derivmatch lr=0.003 iter=625/2500 loss=0.3747
  derivmatch lr=0.003 iter=750/2500 loss=0.3396
  derivmatch lr=0.003 iter=875/2500 loss=0.3212
  derivmatch lr=0.003 iter=1000/2500 loss=0.3134
  derivmatch lr=0.003 iter=1125/2500 loss=0.3255
  derivmatch lr=0.003 iter=1250/2500 loss=0.2937
  derivmatch lr=0.003 iter=1375/2500 loss=0.2963
  derivmatch lr=0.003 iter=1500/2500 loss=0.3218
  derivmatch lr=0.003 iter=1625/2500 loss=0.2731
  derivmatch lr=0.003 iter=1750/2500 loss=0.2761
  derivmatch lr=0.003 iter=1875/2500 loss=0.3021
  derivmatch lr=0.003 iter=2000/2500 loss=0.2533
  derivmatch lr=0.003 iter=2125/2500 loss=0.257
  derivmatch lr=0.003 iter=2250/2500 loss=0.2839
  derivmatch lr=0.003 iter=2375/2500 loss=0.2352
  derivmatch lr=0.003 iter=2500/2500 loss=0.2397
  derivmatch lr=0.003 iter=2500/2500 loss=0.2297
  derivmatch lr=0.001 iter=125/2500 loss=0.2212
  derivmatch lr=0.001 iter=250/2500 loss=0.2193
  derivmatch lr=0.001 iter=375/2500 loss=0.2223
  derivmatch lr=0.001 iter=500/2500 loss=0.2165
  derivmatch lr=0.001 iter=625/2500 loss=0.2132
  derivmatch lr=0.001 iter=750/2500 loss=0.2103
  derivmatch lr=0.001 iter=875/2500 loss=0.2069
  derivmatch lr=0.001 iter=1000/2500 loss=0.2036
  derivmatch lr=0.001 iter=1125/2500 loss=0.1999
  derivmatch lr=0.001 iter=1250/2500 loss=0.1965
  derivmatch lr=0.001 iter=1375/2500 loss=0.1926
  derivmatch lr=0.001 iter=1500/2500 loss=0.1891
  derivmatch lr=0.001 iter=1625/2500 loss=0.1851
  derivmatch lr=0.001 iter=1750/2500 loss=0.1817
  derivmatch lr=0.001 iter=1875/2500 loss=0.1778
  derivmatch lr=0.001 iter=2000/2500 loss=0.1745
  derivmatch lr=0.001 iter=2125/2500 loss=0.1708
  derivmatch lr=0.001 iter=2250/2500 loss=0.1677
  derivmatch lr=0.001 iter=2375/2500 loss=0.1642
  derivmatch lr=0.001 iter=2500/2500 loss=0.1613
  derivmatch lr=0.001 iter=2500/2500 loss=0.1611
  derivmatch lr=0.0003 iter=80/1600 loss=0.1589
  derivmatch lr=0.0003 iter=160/1600 loss=0.1584
  derivmatch lr=0.0003 iter=240/1600 loss=0.1579
  derivmatch lr=0.0003 iter=320/1600 loss=0.1572
  derivmatch lr=0.0003 iter=400/1600 loss=0.1565
  derivmatch lr=0.0003 iter=480/1600 loss=0.1557
  derivmatch lr=0.0003 iter=560/1600 loss=0.1549
  derivmatch lr=0.0003 iter=640/1600 loss=0.154
  derivmatch lr=0.0003 iter=720/1600 loss=0.1531
  derivmatch lr=0.0003 iter=800/1600 loss=0.1521
  derivmatch lr=0.0003 iter=880/1600 loss=0.1511
  derivmatch lr=0.0003 iter=960/1600 loss=0.1501
  derivmatch lr=0.0003 iter=1040/1600 loss=0.149
  derivmatch lr=0.0003 iter=1120/1600 loss=0.148
  derivmatch lr=0.0003 iter=1200/1600 loss=0.147
  derivmatch lr=0.0003 iter=1280/1600 loss=0.1462
  derivmatch lr=0.0003 iter=1360/1600 loss=0.145
  derivmatch lr=0.0003 iter=1440/1600 loss=0.1437
  derivmatch lr=0.0003 iter=1520/1600 loss=0.1426
  derivmatch lr=0.0003 iter=1600/1600 loss=0.1417
  derivmatch lr=0.0003 iter=1600/1600 loss=0.1416
derivative matching [32s]  fitloss=0.142
  [derivative matching]  nrmse=0.05261  l2=2.577
  shooting iter=50/1000 loss=0.01887
  shooting iter=100/1000 loss=0.01754
  shooting iter=150/1000 loss=0.01654
  shooting iter=200/1000 loss=0.01489
  shooting iter=250/1000 loss=0.01405
  shooting iter=300/1000 loss=0.01437
  shooting iter=350/1000 loss=0.01207
  shooting iter=400/1000 loss=0.01136
  shooting iter=450/1000 loss=0.01064
  shooting iter=500/1000 loss=0.01015
  shooting iter=550/1000 loss=0.01007
  shooting iter=600/1000 loss=0.008846
  shooting iter=650/1000 loss=0.008803
  shooting iter=700/1000 loss=0.008078
  shooting iter=750/1000 loss=0.008062
  shooting iter=800/1000 loss=0.007201
  shooting iter=850/1000 loss=0.006802
  shooting iter=900/1000 loss=0.006398
  shooting iter=950/1000 loss=0.006632
  shooting iter=1000/1000 loss=0.006237
  shooting iter=1000/1000 loss=0.005889
shooting [705s]  loss=0.00589
  [final]  nrmse=0.01526  l2=0.7471
extrapolation window: T=15.0 -> T_test=30.0  n_test=600
  [train]  E_traj=0.0006999  E_VF=0.04988  E_spec=0.9702
  [test ]  E_traj=5.92e7  E_VF=1.263e13  E_spec=2.926
saved /orcd/home/002/txenakis/projects/BVPsolver/src/../data/runs/run_HpLjcHOo/davis-skodje_fit.png
saved /orcd/home/002/txenakis/projects/BVPsolver/src/../data/runs/run_HpLjcHOo/davis-skodje_fit_extrapolated.png
saved /orcd/home/002/txenakis/projects/BVPsolver/src/../data/runs/run_HpLjcHOo/davis-skodje_spectral_fit_extrapolated.png
saved /orcd/home/002/txenakis/projects/BVPsolver/src/../data/runs/run_HpLjcHOo/davis-skodje_vf_fit_extrapolated.png
┌ Warning: Attempting to store StiffNN.var"#22#23"{Float64}.
│ JLD2 only stores functions by name.
│  This may not be useful for anonymous functions.
└ @ JLD2 ~/.julia/packages/JLD2/ADycq/src/data/writing_datatypes.jl:447
saved run → /orcd/home/002/txenakis/projects/BVPsolver/src/../data/runs/run_HpLjcHOo
