rober  model=GELU-scaled d=3 tlen=50 profile=fast seed=11  solver=Rodas5  N=188
  derivmatch lr=0.01 iter=170/3400 loss=9.227
  derivmatch lr=0.01 iter=340/3400 loss=7.351
  derivmatch lr=0.01 iter=510/3400 loss=8.189
  derivmatch lr=0.01 iter=680/3400 loss=6.085
  derivmatch lr=0.01 iter=850/3400 loss=5.923
  derivmatch lr=0.01 iter=1020/3400 loss=5.822
  derivmatch lr=0.01 iter=1190/3400 loss=5.713
  derivmatch lr=0.01 iter=1360/3400 loss=5.576
  derivmatch lr=0.01 iter=1530/3400 loss=8.734
  derivmatch lr=0.01 iter=1700/3400 loss=8.378
  derivmatch lr=0.01 iter=1870/3400 loss=8.054
  derivmatch lr=0.01 iter=2040/3400 loss=7.705
  derivmatch lr=0.01 iter=2210/3400 loss=7.207
  derivmatch lr=0.01 iter=2380/3400 loss=5.737
  derivmatch lr=0.01 iter=2550/3400 loss=7.645
  derivmatch lr=0.01 iter=2720/3400 loss=7.051
  derivmatch lr=0.01 iter=2890/3400 loss=5.571
  derivmatch lr=0.01 iter=3060/3400 loss=5.472
  derivmatch lr=0.01 iter=3230/3400 loss=5.286
  derivmatch lr=0.01 iter=3400/3400 loss=5.026
  derivmatch lr=0.01 iter=3400/3400 loss=5.026
  derivmatch lr=0.003 iter=125/2500 loss=4.991
  derivmatch lr=0.003 iter=250/2500 loss=4.929
  derivmatch lr=0.003 iter=375/2500 loss=4.845
  derivmatch lr=0.003 iter=500/2500 loss=4.752
  derivmatch lr=0.003 iter=625/2500 loss=4.66
  derivmatch lr=0.003 iter=750/2500 loss=4.566
  derivmatch lr=0.003 iter=875/2500 loss=7.333
  derivmatch lr=0.003 iter=1000/2500 loss=6.858
  derivmatch lr=0.003 iter=1125/2500 loss=6.763
  derivmatch lr=0.003 iter=1250/2500 loss=6.661
  derivmatch lr=0.003 iter=1375/2500 loss=6.543
  derivmatch lr=0.003 iter=1500/2500 loss=6.392
  derivmatch lr=0.003 iter=1625/2500 loss=6.175
  derivmatch lr=0.003 iter=1750/2500 loss=5.755
  derivmatch lr=0.003 iter=1875/2500 loss=4.532
  derivmatch lr=0.003 iter=2000/2500 loss=4.397
  derivmatch lr=0.003 iter=2125/2500 loss=4.303
  derivmatch lr=0.003 iter=2250/2500 loss=4.243
  derivmatch lr=0.003 iter=2375/2500 loss=6.647
  derivmatch lr=0.003 iter=2500/2500 loss=6.365
  derivmatch lr=0.003 iter=2500/2500 loss=4.213
  derivmatch lr=0.001 iter=125/2500 loss=4.165
  derivmatch lr=0.001 iter=250/2500 loss=4.088
  derivmatch lr=0.001 iter=375/2500 loss=4.342
  derivmatch lr=0.001 iter=500/2500 loss=4.182
  derivmatch lr=0.001 iter=625/2500 loss=4.149
  derivmatch lr=0.001 iter=750/2500 loss=4.124
  derivmatch lr=0.001 iter=875/2500 loss=4.101
  derivmatch lr=0.001 iter=1000/2500 loss=4.079
  derivmatch lr=0.001 iter=1125/2500 loss=4.055
  derivmatch lr=0.001 iter=1250/2500 loss=4.029
  derivmatch lr=0.001 iter=1375/2500 loss=4.002
  derivmatch lr=0.001 iter=1500/2500 loss=3.973
  derivmatch lr=0.001 iter=1625/2500 loss=3.942
  derivmatch lr=0.001 iter=1750/2500 loss=5.362
  derivmatch lr=0.001 iter=1875/2500 loss=5.688
  derivmatch lr=0.001 iter=2000/2500 loss=5.423
  derivmatch lr=0.001 iter=2125/2500 loss=4.723
  derivmatch lr=0.001 iter=2250/2500 loss=4.111
  derivmatch lr=0.001 iter=2375/2500 loss=4.087
  derivmatch lr=0.001 iter=2500/2500 loss=4.068
  derivmatch lr=0.001 iter=2500/2500 loss=3.913
  derivmatch lr=0.0003 iter=80/1600 loss=3.92
  derivmatch lr=0.0003 iter=160/1600 loss=3.907
  derivmatch lr=0.0003 iter=240/1600 loss=3.904
  derivmatch lr=0.0003 iter=320/1600 loss=3.9
  derivmatch lr=0.0003 iter=400/1600 loss=3.896
  derivmatch lr=0.0003 iter=480/1600 loss=3.891
  derivmatch lr=0.0003 iter=560/1600 loss=3.887
  derivmatch lr=0.0003 iter=640/1600 loss=3.882
  derivmatch lr=0.0003 iter=720/1600 loss=3.877
  derivmatch lr=0.0003 iter=800/1600 loss=3.872
  derivmatch lr=0.0003 iter=880/1600 loss=3.867
  derivmatch lr=0.0003 iter=960/1600 loss=3.861
  derivmatch lr=0.0003 iter=1040/1600 loss=3.856
  derivmatch lr=0.0003 iter=1120/1600 loss=3.85
  derivmatch lr=0.0003 iter=1200/1600 loss=3.845
  derivmatch lr=0.0003 iter=1280/1600 loss=3.839
  derivmatch lr=0.0003 iter=1360/1600 loss=3.833
  derivmatch lr=0.0003 iter=1440/1600 loss=3.827
  derivmatch lr=0.0003 iter=1520/1600 loss=3.82
  derivmatch lr=0.0003 iter=1600/1600 loss=3.814
  derivmatch lr=0.0003 iter=1600/1600 loss=3.814
derivative matching [25s]  fitloss=3.81
  [derivative matching]  nrmse=10.89  l2=0.3301
  shooting iter=50/1000 loss=0.334
  shooting iter=100/1000 loss=0.2579
  shooting iter=150/1000 loss=0.2424
  shooting iter=200/1000 loss=0.2408
  shooting iter=250/1000 loss=0.2405
  shooting iter=300/1000 loss=0.2404
  shooting iter=350/1000 loss=0.2403
  shooting iter=400/1000 loss=0.2403
  shooting iter=450/1000 loss=0.2402
  shooting iter=500/1000 loss=0.24
  shooting iter=550/1000 loss=0.2402
  shooting iter=600/1000 loss=0.2401
  shooting iter=650/1000 loss=0.2399
  shooting iter=700/1000 loss=0.2402
  shooting iter=750/1000 loss=0.2401
  shooting iter=800/1000 loss=0.2398
  shooting iter=850/1000 loss=0.2401
  shooting iter=900/1000 loss=0.2399
  shooting iter=950/1000 loss=0.2403
  shooting iter=1000/1000 loss=0.2401
  shooting iter=1000/1000 loss=0.2396
shooting [385s]  loss=0.24
  [final]  nrmse=0.4164  l2=1.705
extrapolation window: T=1000.0 -> T_test=1.0e12  n_test=100
  [train]  E_traj=0.6871  E_VF=0.8658  E_spec=1.056
  [test ]  E_traj=4.192e25  E_VF=1.365e10  E_spec=0.9999
saved /orcd/home/002/txenakis/projects/BVPsolver/src/../data/runs/run_2r6WutKj/rober_fit.png
saved /orcd/home/002/txenakis/projects/BVPsolver/src/../data/runs/run_2r6WutKj/rober_fit_extrapolated.png
saved /orcd/home/002/txenakis/projects/BVPsolver/src/../data/runs/run_2r6WutKj/rober_spectral_fit_extrapolated.png
saved /orcd/home/002/txenakis/projects/BVPsolver/src/../data/runs/run_2r6WutKj/rober_vf_fit_extrapolated.png
┌ Warning: Attempting to store StiffNN.var"#12#13"{Float64, Float64, Float64}.
│ JLD2 only stores functions by name.
│  This may not be useful for anonymous functions.
└ @ JLD2 ~/.julia/packages/JLD2/ADycq/src/data/writing_datatypes.jl:447
saved run → /orcd/home/002/txenakis/projects/BVPsolver/src/../data/runs/run_2r6WutKj
