hires  model=mlp width=21 d=8 tlen=50 profile=fast seed=144  solver=Rodas5  N=827
  derivmatch lr=0.01 iter=170/3400 loss=44.24
  derivmatch lr=0.01 iter=340/3400 loss=36.93
  derivmatch lr=0.01 iter=510/3400 loss=40.45
  derivmatch lr=0.01 iter=680/3400 loss=33.22
  derivmatch lr=0.01 iter=850/3400 loss=27.07
  derivmatch lr=0.01 iter=1020/3400 loss=26.36
  derivmatch lr=0.01 iter=1190/3400 loss=27.18
  derivmatch lr=0.01 iter=1360/3400 loss=21.48
  derivmatch lr=0.01 iter=1530/3400 loss=20.79
  derivmatch lr=0.01 iter=1700/3400 loss=15.2
  derivmatch lr=0.01 iter=1870/3400 loss=17.22
  derivmatch lr=0.01 iter=2040/3400 loss=20.81
  derivmatch lr=0.01 iter=2210/3400 loss=15.4
  derivmatch lr=0.01 iter=2380/3400 loss=35.64
  derivmatch lr=0.01 iter=2550/3400 loss=27.8
  derivmatch lr=0.01 iter=2720/3400 loss=17.51
  derivmatch lr=0.01 iter=2890/3400 loss=15.7
  derivmatch lr=0.01 iter=3060/3400 loss=14.95
  derivmatch lr=0.01 iter=3230/3400 loss=19.23
  derivmatch lr=0.01 iter=3400/3400 loss=18.65
  derivmatch lr=0.01 iter=3400/3400 loss=12.43
  derivmatch lr=0.003 iter=125/2500 loss=7.398
  derivmatch lr=0.003 iter=250/2500 loss=6.395
  derivmatch lr=0.003 iter=375/2500 loss=7.093
  derivmatch lr=0.003 iter=500/2500 loss=5.963
  derivmatch lr=0.003 iter=625/2500 loss=5.741
  derivmatch lr=0.003 iter=750/2500 loss=5.744
  derivmatch lr=0.003 iter=875/2500 loss=6.079
  derivmatch lr=0.003 iter=1000/2500 loss=7.595
  derivmatch lr=0.003 iter=1125/2500 loss=5.93
  derivmatch lr=0.003 iter=1250/2500 loss=6.468
  derivmatch lr=0.003 iter=1375/2500 loss=6.097
  derivmatch lr=0.003 iter=1500/2500 loss=7.545
  derivmatch lr=0.003 iter=1625/2500 loss=7.331
  derivmatch lr=0.003 iter=1750/2500 loss=6.113
  derivmatch lr=0.003 iter=1875/2500 loss=5.246
  derivmatch lr=0.003 iter=2000/2500 loss=5.816
  derivmatch lr=0.003 iter=2125/2500 loss=6.968
  derivmatch lr=0.003 iter=2250/2500 loss=5.718
  derivmatch lr=0.003 iter=2375/2500 loss=6.129
  derivmatch lr=0.003 iter=2500/2500 loss=7.592
  derivmatch lr=0.003 iter=2500/2500 loss=3.459
  derivmatch lr=0.001 iter=125/2500 loss=2.468
  derivmatch lr=0.001 iter=250/2500 loss=1.934
  derivmatch lr=0.001 iter=375/2500 loss=1.615
  derivmatch lr=0.001 iter=500/2500 loss=2.197
  derivmatch lr=0.001 iter=625/2500 loss=1.869
  derivmatch lr=0.001 iter=750/2500 loss=1.556
  derivmatch lr=0.001 iter=875/2500 loss=1.975
  derivmatch lr=0.001 iter=1000/2500 loss=1.709
  derivmatch lr=0.001 iter=1125/2500 loss=1.79
  derivmatch lr=0.001 iter=1250/2500 loss=2.651
  derivmatch lr=0.001 iter=1375/2500 loss=1.69
  derivmatch lr=0.001 iter=1500/2500 loss=1.71
  derivmatch lr=0.001 iter=1625/2500 loss=1.932
  derivmatch lr=0.001 iter=1750/2500 loss=2.218
  derivmatch lr=0.001 iter=1875/2500 loss=2.187
  derivmatch lr=0.001 iter=2000/2500 loss=1.912
  derivmatch lr=0.001 iter=2125/2500 loss=1.979
  derivmatch lr=0.001 iter=2250/2500 loss=1.996
  derivmatch lr=0.001 iter=2375/2500 loss=2.2
  derivmatch lr=0.001 iter=2500/2500 loss=1.262
  derivmatch lr=0.001 iter=2500/2500 loss=0.9259
  derivmatch lr=0.0003 iter=80/1600 loss=0.7583
  derivmatch lr=0.0003 iter=160/1600 loss=0.7892
  derivmatch lr=0.0003 iter=240/1600 loss=0.6766
  derivmatch lr=0.0003 iter=320/1600 loss=0.7659
  derivmatch lr=0.0003 iter=400/1600 loss=0.9378
  derivmatch lr=0.0003 iter=480/1600 loss=0.4349
  derivmatch lr=0.0003 iter=560/1600 loss=0.4787
  derivmatch lr=0.0003 iter=640/1600 loss=0.5739
  derivmatch lr=0.0003 iter=720/1600 loss=0.6503
  derivmatch lr=0.0003 iter=800/1600 loss=0.6014
  derivmatch lr=0.0003 iter=880/1600 loss=0.4406
  derivmatch lr=0.0003 iter=960/1600 loss=0.6617
  derivmatch lr=0.0003 iter=1040/1600 loss=0.8188
  derivmatch lr=0.0003 iter=1120/1600 loss=0.5412
  derivmatch lr=0.0003 iter=1200/1600 loss=0.3887
  derivmatch lr=0.0003 iter=1280/1600 loss=0.5082
  derivmatch lr=0.0003 iter=1360/1600 loss=0.5913
  derivmatch lr=0.0003 iter=1440/1600 loss=0.4914
  derivmatch lr=0.0003 iter=1520/1600 loss=0.5432
  derivmatch lr=0.0003 iter=1600/1600 loss=0.7302
  derivmatch lr=0.0003 iter=1600/1600 loss=0.3548
derivative matching [24s]  fitloss=0.355
  [derivative matching]  nrmse=1.727  l2=4.541
  collocation: M=75 residuals=2176  detecting sparsity + solving...

Algorithm: LevenbergMarquardt(
    trustregion = LevenbergMarquardtTrustRegion(
        β_uphill = 0.0
    ),
    descent = GeodesicAcceleration(
        descent = DampedNewtonDescent(
            linsolve = QRFactorization(
                pivot = NoPivot(),
                blocksize = 16,
                inplace = true
            ),
            initial_damping = 1.0,
            damping_fn = LevenbergMarquardtDampingFunction(
                increase_factor = 2.0,
                decrease_factor = 3.0,
                min_damping = 1.0e-8
            ),
            min_norm_mode = :auto
        ),
        finite_diff_step_geodesic = 0.1,
        α = 0.75
    ),
    autodiff = AutoForwardDiff(),
    vjp_autodiff = AutoFiniteDiff(
        fdtype = Val{:forward}(),
        fdjtype = Val{:forward}(),
        fdhtype = Val{:hcentral}(),
        dir = true
    ),
    jvp_autodiff = AutoForwardDiff(),
    concrete_jac = Val{true}()
)

----    	-------------       	-----------         
Iter    	f(u) 2-norm         	Step 2-norm         
----    	-------------       	-----------         
0       	8.48856381e+02      	6.22649560e+228     
1       	5.68645857e+03      	1.10554301e-01      
8       	6.85273160e+02      	2.33522365e-02      
15      	4.06479918e+02      	9.61146753e-02      
22      	1.40050359e+03      	9.15504987e-02      
29      	2.22918274e+00      	1.43022532e-02      
36      	2.02018157e-01      	1.95422151e-03      
43      	2.01946740e-01      	3.64265383e-04      
50      	2.01946703e-01      	9.51779729e-05      
57      	2.01946699e-01      	3.25066816e-05      
64      	2.01946698e-01      	1.34401134e-05      
71      	2.01946698e-01      	4.98882050e-06      
78      	2.01946698e-01      	2.47320926e-06      
85      	2.01946698e-01      	2.89001080e-06      
92      	2.01946698e-01      	1.16017414e-06      
99      	2.01946698e-01      	2.63535203e-06      
106     	2.01946698e-01      	2.31433561e-06      
113     	2.01946698e-01      	3.03847943e-06      
120     	2.01946698e-01      	1.94980831e-06      
127     	2.01946698e-01      	2.89936132e-06      
134     	2.01946698e-01      	3.04346938e-06      
141     	2.01946698e-01      	5.15446904e-06      
148     	2.01946698e-01      	2.48443283e-06      
Final   	2.01946698e-01      
----------------------      
  AMR 1/1: M=75  err=0.00764  obs=0.0037  nrmse=1.88  best=1.73  refined=0
 derivative matching was best (1/1 rounds ran)
collocation [171s]
  [final]  nrmse=1.727  l2=4.541
extrapolation window: T=321.8122 -> T_test=643.624  n_test=100
  [train]  E_traj=7.789  E_VF=0.3516  E_spec=4.701e15
  [test ]  E_traj=1.002e6  E_VF=2.908e6  E_spec=2.622e27
saved /orcd/home/002/txenakis/projects/BVPsolver/src/../data/runs/run_nOQZBQJ8/hires_fit.png
saved /orcd/home/002/txenakis/projects/BVPsolver/src/../data/runs/run_nOQZBQJ8/hires_fit_extrapolated.png
saved /orcd/home/002/txenakis/projects/BVPsolver/src/../data/runs/run_nOQZBQJ8/hires_spectral_fit_extrapolated.png
saved /orcd/home/002/txenakis/projects/BVPsolver/src/../data/runs/run_nOQZBQJ8/hires_vf_fit_extrapolated.png
┌ Warning: Attempting to store StiffNN.var"#18#19"{Type{Float64}}.
│ JLD2 only stores functions by name.
│  This may not be useful for anonymous functions.
└ @ JLD2 ~/.julia/packages/JLD2/ADycq/src/data/writing_datatypes.jl:447
saved run → /orcd/home/002/txenakis/projects/BVPsolver/src/../data/runs/run_nOQZBQJ8
