davis-skodje  model=GELU-scaled width=7 d=2 tlen=300 profile=fast seed=13  solver=Rodas5P  N=317
  shooting iter=50/1000 loss=0.1772
  shooting iter=100/1000 loss=0.1304
  shooting iter=150/1000 loss=0.1171
  shooting iter=200/1000 loss=0.05414
  shooting iter=250/1000 loss=0.01758
  shooting iter=300/1000 loss=0.003947
  shooting iter=350/1000 loss=0.0025
  shooting iter=400/1000 loss=0.003317
  shooting iter=450/1000 loss=0.001634
  shooting iter=500/1000 loss=0.002352
  shooting iter=550/1000 loss=0.002999
  shooting iter=600/1000 loss=0.001401
  shooting iter=650/1000 loss=0.001678
  shooting iter=700/1000 loss=0.0013
  shooting iter=750/1000 loss=0.002649
  shooting iter=800/1000 loss=0.001391
  shooting iter=850/1000 loss=0.00103
  shooting iter=900/1000 loss=0.001042
  shooting iter=950/1000 loss=0.001394
  shooting iter=1000/1000 loss=0.001627
  shooting iter=1000/1000 loss=0.0008268
shooting [387s]  loss=0.000827
  [final]  nrmse=0.00145  l2=0.04681
extrapolation window: T=15.0 -> T_test=30.0  n_test=600
  [train]  E_traj=3.934e-6  E_VF=0.0003532  E_spec=0.5929
  [test ]  E_traj=1.195e10  E_VF=7.298e8  E_spec=0.9906
saved /orcd/home/002/txenakis/projects/BVPsolver/src/../data/runs/run_qd16tcew/davis-skodje_fit.png
saved /orcd/home/002/txenakis/projects/BVPsolver/src/../data/runs/run_qd16tcew/davis-skodje_fit_extrapolated.png
saved /orcd/home/002/txenakis/projects/BVPsolver/src/../data/runs/run_qd16tcew/davis-skodje_spectral_fit_extrapolated.png
saved /orcd/home/002/txenakis/projects/BVPsolver/src/../data/runs/run_qd16tcew/davis-skodje_vf_fit_extrapolated.png
┌ Warning: Attempting to store StiffNN.var"#22#23"{Float64}.
│ JLD2 only stores functions by name.
│  This may not be useful for anonymous functions.
└ @ JLD2 ~/.julia/packages/JLD2/ADycq/src/data/writing_datatypes.jl:447
saved run → /orcd/home/002/txenakis/projects/BVPsolver/src/../data/runs/run_qd16tcew
