orego  model=mlp width=19 d=3 tlen=112 profile=fast seed=102  solver=Rodas5  N=516
  derivmatch lr=0.01 iter=170/3400 loss=9.929
  derivmatch lr=0.01 iter=340/3400 loss=8.593
  derivmatch lr=0.01 iter=510/3400 loss=7.94
  derivmatch lr=0.01 iter=680/3400 loss=7.595
  derivmatch lr=0.01 iter=850/3400 loss=7.244
  derivmatch lr=0.01 iter=1020/3400 loss=7.039
  derivmatch lr=0.01 iter=1190/3400 loss=6.92
  derivmatch lr=0.01 iter=1360/3400 loss=6.669
  derivmatch lr=0.01 iter=1530/3400 loss=6.456
  derivmatch lr=0.01 iter=1700/3400 loss=6.927
  derivmatch lr=0.01 iter=1870/3400 loss=6.601
  derivmatch lr=0.01 iter=2040/3400 loss=6.517
  derivmatch lr=0.01 iter=2210/3400 loss=6.283
  derivmatch lr=0.01 iter=2380/3400 loss=5.909
  derivmatch lr=0.01 iter=2550/3400 loss=6.573
  derivmatch lr=0.01 iter=2720/3400 loss=5.785
  derivmatch lr=0.01 iter=2890/3400 loss=5.768
  derivmatch lr=0.01 iter=3060/3400 loss=5.569
  derivmatch lr=0.01 iter=3230/3400 loss=5.413
  derivmatch lr=0.01 iter=3400/3400 loss=5.304
  derivmatch lr=0.01 iter=3400/3400 loss=5.304
  derivmatch lr=0.003 iter=125/2500 loss=5.352
  derivmatch lr=0.003 iter=250/2500 loss=5.35
  derivmatch lr=0.003 iter=375/2500 loss=5.177
  derivmatch lr=0.003 iter=500/2500 loss=5.712
  derivmatch lr=0.003 iter=625/2500 loss=5.451
  derivmatch lr=0.003 iter=750/2500 loss=5.378
  derivmatch lr=0.003 iter=875/2500 loss=5.348
  derivmatch lr=0.003 iter=1000/2500 loss=5.096
  derivmatch lr=0.003 iter=1125/2500 loss=5.058
  derivmatch lr=0.003 iter=1250/2500 loss=5.025
  derivmatch lr=0.003 iter=1375/2500 loss=4.996
  derivmatch lr=0.003 iter=1500/2500 loss=4.967
  derivmatch lr=0.003 iter=1625/2500 loss=4.94
  derivmatch lr=0.003 iter=1750/2500 loss=4.913
  derivmatch lr=0.003 iter=1875/2500 loss=4.886
  derivmatch lr=0.003 iter=2000/2500 loss=4.854
  derivmatch lr=0.003 iter=2125/2500 loss=4.82
  derivmatch lr=0.003 iter=2250/2500 loss=4.775
  derivmatch lr=0.003 iter=2375/2500 loss=4.744
  derivmatch lr=0.003 iter=2500/2500 loss=4.731
  derivmatch lr=0.003 iter=2500/2500 loss=4.724
  derivmatch lr=0.001 iter=125/2500 loss=4.728
  derivmatch lr=0.001 iter=250/2500 loss=4.678
  derivmatch lr=0.001 iter=375/2500 loss=4.668
  derivmatch lr=0.001 iter=500/2500 loss=4.827
  derivmatch lr=0.001 iter=625/2500 loss=4.801
  derivmatch lr=0.001 iter=750/2500 loss=4.773
  derivmatch lr=0.001 iter=875/2500 loss=4.673
  derivmatch lr=0.001 iter=1000/2500 loss=4.637
  derivmatch lr=0.001 iter=1125/2500 loss=4.622
  derivmatch lr=0.001 iter=1250/2500 loss=4.606
  derivmatch lr=0.001 iter=1375/2500 loss=4.597
  derivmatch lr=0.001 iter=1500/2500 loss=4.589
  derivmatch lr=0.001 iter=1625/2500 loss=4.581
  derivmatch lr=0.001 iter=1750/2500 loss=4.573
  derivmatch lr=0.001 iter=1875/2500 loss=4.565
  derivmatch lr=0.001 iter=2000/2500 loss=4.557
  derivmatch lr=0.001 iter=2125/2500 loss=4.549
  derivmatch lr=0.001 iter=2250/2500 loss=4.542
  derivmatch lr=0.001 iter=2375/2500 loss=4.534
  derivmatch lr=0.001 iter=2500/2500 loss=4.527
  derivmatch lr=0.001 iter=2500/2500 loss=4.527
  derivmatch lr=0.0003 iter=80/1600 loss=4.546
  derivmatch lr=0.0003 iter=160/1600 loss=4.545
  derivmatch lr=0.0003 iter=240/1600 loss=4.543
  derivmatch lr=0.0003 iter=320/1600 loss=4.542
  derivmatch lr=0.0003 iter=400/1600 loss=4.541
  derivmatch lr=0.0003 iter=480/1600 loss=4.539
  derivmatch lr=0.0003 iter=560/1600 loss=4.538
  derivmatch lr=0.0003 iter=640/1600 loss=4.534
  derivmatch lr=0.0003 iter=720/1600 loss=4.533
  derivmatch lr=0.0003 iter=800/1600 loss=4.531
  derivmatch lr=0.0003 iter=880/1600 loss=4.529
  derivmatch lr=0.0003 iter=960/1600 loss=4.528
  derivmatch lr=0.0003 iter=1040/1600 loss=4.528
  derivmatch lr=0.0003 iter=1120/1600 loss=4.526
  derivmatch lr=0.0003 iter=1200/1600 loss=4.525
  derivmatch lr=0.0003 iter=1280/1600 loss=4.523
  derivmatch lr=0.0003 iter=1360/1600 loss=4.521
  derivmatch lr=0.0003 iter=1440/1600 loss=4.52
  derivmatch lr=0.0003 iter=1520/1600 loss=4.518
  derivmatch lr=0.0003 iter=1600/1600 loss=4.516
  derivmatch lr=0.0003 iter=1600/1600 loss=4.516
derivative matching [23s]  fitloss=4.52
  [derivative matching]  nrmse=0.6405  l2=595900.0
  collocation: M=127 residuals=1470  detecting sparsity + solving...

Algorithm: LevenbergMarquardt(
    trustregion = LevenbergMarquardtTrustRegion(
        β_uphill = 0.0
    ),
    descent = GeodesicAcceleration(
        descent = DampedNewtonDescent(
            linsolve = KLUFactorization(
                reuse_symbolic = true,
                check_pattern = true
            ),
            initial_damping = 1.0,
            damping_fn = LevenbergMarquardtDampingFunction(
                increase_factor = 2.0,
                decrease_factor = 3.0,
                min_damping = 1.0e-8
            ),
            min_norm_mode = :auto
        ),
        finite_diff_step_geodesic = 0.1,
        α = 0.75
    ),
    autodiff = AutoForwardDiff(),
    vjp_autodiff = AutoFiniteDiff(
        fdtype = Val{:forward}(),
        fdjtype = Val{:forward}(),
        fdhtype = Val{:hcentral}(),
        dir = true
    ),
    jvp_autodiff = AutoForwardDiff(),
    concrete_jac = Val{true}()
)

----    	-------------       	-----------         
Iter    	f(u) 2-norm         	Step 2-norm         
----    	-------------       	-----------         
0       	7.33145798e+02      	NaN                 
1       	7.33145798e+02      	0.00000000e+00      
8       	5.98609852e+02      	0.00000000e+00      
15      	3.33558960e+02      	0.00000000e+00      
22      	2.96336746e+02      	1.57470124e-02      
29      	2.58733944e+02      	3.58255583e-02      
36      	2.62271042e+02      	0.00000000e+00      
43      	2.51370112e+02      	0.00000000e+00      
50      	2.45163698e+02      	1.81271308e-03      
57      	2.56784534e+02      	0.00000000e+00      
64      	2.95590415e+02      	0.00000000e+00      
71      	2.95590415e+02      	0.00000000e+00      
78      	2.97293340e+02      	9.07900721e-03      
85      	2.99207825e+02      	4.23008224e-04      
92      	2.96286794e+02      	0.00000000e+00      
99      	2.96286794e+02      	0.00000000e+00      
106     	3.00551500e+02      	9.79361305e-03      
113     	4.80889934e+02      	0.00000000e+00      
120     	5.16368691e+02      	0.00000000e+00      
127     	5.69941650e+02      	0.00000000e+00      
134     	5.63297917e+02      	7.70587444e-05      
141     	5.48970154e+02      	7.13657502e-02      
148     	6.77700679e+02      	0.00000000e+00      
Final   	2.44550219e+02      
----------------------      
  AMR 1/1: M=127  err=10700.0  obs=0.00222  nrmse=0.646  best=0.64  refined=0
 derivative matching was best (1/1 rounds ran)
collocation [62s]
  [final]  nrmse=0.6405  l2=595900.0
extrapolation window: T=180.0 -> T_test=360.0  n_test=224
  [train]  E_traj=2.699  E_VF=0.839  E_spec=1.022
  [test ]  E_traj=174.5  E_VF=0.8034  E_spec=24.59
saved /orcd/home/002/txenakis/projects/BVPsolver/src/../data/runs/run_DNnG3Cl5/orego_fit.png
saved /orcd/home/002/txenakis/projects/BVPsolver/src/../data/runs/run_DNnG3Cl5/orego_fit_extrapolated.png
saved /orcd/home/002/txenakis/projects/BVPsolver/src/../data/runs/run_DNnG3Cl5/orego_spectral_fit_extrapolated.png
saved /orcd/home/002/txenakis/projects/BVPsolver/src/../data/runs/run_DNnG3Cl5/orego_vf_fit_extrapolated.png
┌ Warning: Attempting to store StiffNN.var"#20#21"{Float64, Float64, Float64}.
│ JLD2 only stores functions by name.
│  This may not be useful for anonymous functions.
└ @ JLD2 ~/.julia/packages/JLD2/ADycq/src/data/writing_datatypes.jl:447
saved run → /orcd/home/002/txenakis/projects/BVPsolver/src/../data/runs/run_DNnG3Cl5
