orego  model=GELU-scaled width=9 d=3 tlen=112 profile=fast seed=22  solver=Rodas5  N=516
  derivmatch lr=0.01 iter=170/3400 loss=5.564
  derivmatch lr=0.01 iter=340/3400 loss=4.215
  derivmatch lr=0.01 iter=510/3400 loss=3.577
  derivmatch lr=0.01 iter=680/3400 loss=3.318
  derivmatch lr=0.01 iter=850/3400 loss=3.832
  derivmatch lr=0.01 iter=1020/3400 loss=3.713
  derivmatch lr=0.01 iter=1190/3400 loss=14.01
  derivmatch lr=0.01 iter=1360/3400 loss=13.96
  derivmatch lr=0.01 iter=1530/3400 loss=13.96
  derivmatch lr=0.01 iter=1700/3400 loss=13.95
  derivmatch lr=0.01 iter=1870/3400 loss=13.95
  derivmatch lr=0.01 iter=2040/3400 loss=13.95
  derivmatch lr=0.01 iter=2210/3400 loss=13.95
  derivmatch lr=0.01 iter=2380/3400 loss=13.95
  derivmatch lr=0.01 iter=2550/3400 loss=13.95
  derivmatch lr=0.01 iter=2720/3400 loss=13.95
  derivmatch lr=0.01 iter=2890/3400 loss=13.95
  derivmatch lr=0.01 iter=3060/3400 loss=13.95
  derivmatch lr=0.01 iter=3230/3400 loss=13.95
  derivmatch lr=0.01 iter=3400/3400 loss=13.95
  derivmatch lr=0.01 iter=3400/3400 loss=3.112
  derivmatch lr=0.003 iter=125/2500 loss=3.116
  derivmatch lr=0.003 iter=250/2500 loss=3.075
  derivmatch lr=0.003 iter=375/2500 loss=3.044
  derivmatch lr=0.003 iter=500/2500 loss=2.804
  derivmatch lr=0.003 iter=625/2500 loss=2.79
  derivmatch lr=0.003 iter=750/2500 loss=2.738
  derivmatch lr=0.003 iter=875/2500 loss=2.734
  derivmatch lr=0.003 iter=1000/2500 loss=2.702
  derivmatch lr=0.003 iter=1125/2500 loss=2.77
  derivmatch lr=0.003 iter=1250/2500 loss=2.736
  derivmatch lr=0.003 iter=1375/2500 loss=2.699
  derivmatch lr=0.003 iter=1500/2500 loss=2.769
  derivmatch lr=0.003 iter=1625/2500 loss=2.661
  derivmatch lr=0.003 iter=1750/2500 loss=2.834
  derivmatch lr=0.003 iter=1875/2500 loss=2.696
  derivmatch lr=0.003 iter=2000/2500 loss=2.926
  derivmatch lr=0.003 iter=2125/2500 loss=2.82
  derivmatch lr=0.003 iter=2250/2500 loss=2.788
  derivmatch lr=0.003 iter=2375/2500 loss=3.019
  derivmatch lr=0.003 iter=2500/2500 loss=2.762
  derivmatch lr=0.003 iter=2500/2500 loss=2.609
  derivmatch lr=0.001 iter=125/2500 loss=2.588
  derivmatch lr=0.001 iter=250/2500 loss=2.78
  derivmatch lr=0.001 iter=375/2500 loss=2.388
  derivmatch lr=0.001 iter=500/2500 loss=2.379
  derivmatch lr=0.001 iter=625/2500 loss=2.364
  derivmatch lr=0.001 iter=750/2500 loss=2.364
  derivmatch lr=0.001 iter=875/2500 loss=2.404
  derivmatch lr=0.001 iter=1000/2500 loss=2.37
  derivmatch lr=0.001 iter=1125/2500 loss=2.93
  derivmatch lr=0.001 iter=1250/2500 loss=2.758
  derivmatch lr=0.001 iter=1375/2500 loss=2.759
  derivmatch lr=0.001 iter=1500/2500 loss=2.768
  derivmatch lr=0.001 iter=1625/2500 loss=2.773
  derivmatch lr=0.001 iter=1750/2500 loss=2.766
  derivmatch lr=0.001 iter=1875/2500 loss=2.764
  derivmatch lr=0.001 iter=2000/2500 loss=2.767
  derivmatch lr=0.001 iter=2125/2500 loss=2.874
  derivmatch lr=0.001 iter=2250/2500 loss=2.766
  derivmatch lr=0.001 iter=2375/2500 loss=2.722
  derivmatch lr=0.001 iter=2500/2500 loss=2.749
  derivmatch lr=0.001 iter=2500/2500 loss=2.345
  derivmatch lr=0.0003 iter=80/1600 loss=2.339
  derivmatch lr=0.0003 iter=160/1600 loss=2.335
  derivmatch lr=0.0003 iter=240/1600 loss=2.336
  derivmatch lr=0.0003 iter=320/1600 loss=2.328
  derivmatch lr=0.0003 iter=400/1600 loss=2.325
  derivmatch lr=0.0003 iter=480/1600 loss=2.322
  derivmatch lr=0.0003 iter=560/1600 loss=2.32
  derivmatch lr=0.0003 iter=640/1600 loss=2.326
  derivmatch lr=0.0003 iter=720/1600 loss=2.316
  derivmatch lr=0.0003 iter=800/1600 loss=2.315
  derivmatch lr=0.0003 iter=880/1600 loss=2.312
  derivmatch lr=0.0003 iter=960/1600 loss=2.31
  derivmatch lr=0.0003 iter=1040/1600 loss=2.309
  derivmatch lr=0.0003 iter=1120/1600 loss=2.315
  derivmatch lr=0.0003 iter=1200/1600 loss=2.306
  derivmatch lr=0.0003 iter=1280/1600 loss=2.313
  derivmatch lr=0.0003 iter=1360/1600 loss=2.303
  derivmatch lr=0.0003 iter=1440/1600 loss=2.302
  derivmatch lr=0.0003 iter=1520/1600 loss=2.305
  derivmatch lr=0.0003 iter=1600/1600 loss=2.302
  derivmatch lr=0.0003 iter=1600/1600 loss=2.3
derivative matching [28s]  fitloss=2.3
  [derivative matching]  nrmse=0.5244  l2=485000.0
  collocation: M=127 residuals=1470  detecting sparsity + solving...

Algorithm: LevenbergMarquardt(
    trustregion = LevenbergMarquardtTrustRegion(
        β_uphill = 0.0
    ),
    descent = GeodesicAcceleration(
        descent = DampedNewtonDescent(
            linsolve = KLUFactorization(
                reuse_symbolic = true,
                check_pattern = true
            ),
            initial_damping = 1.0,
            damping_fn = LevenbergMarquardtDampingFunction(
                increase_factor = 2.0,
                decrease_factor = 3.0,
                min_damping = 1.0e-8
            ),
            min_norm_mode = :auto
        ),
        finite_diff_step_geodesic = 0.1,
        α = 0.75
    ),
    autodiff = AutoForwardDiff(),
    vjp_autodiff = AutoFiniteDiff(
        fdtype = Val{:forward}(),
        fdjtype = Val{:forward}(),
        fdhtype = Val{:hcentral}(),
        dir = true
    ),
    jvp_autodiff = AutoForwardDiff(),
    concrete_jac = Val{true}()
)

----    	-------------       	-----------         
Iter    	f(u) 2-norm         	Step 2-norm         
----    	-------------       	-----------         
0       	5.62378379e+02      	NaN                 
1       	5.62378379e+02      	0.00000000e+00      
8       	4.72302360e+02      	8.94453026e-02      
15      	5.77154782e+02      	0.00000000e+00      
22      	1.31919806e+03      	1.23490204e-01      
29      	3.73349092e+02      	0.00000000e+00      
36      	4.06103949e+02      	2.44980801e-03      
43      	4.08921442e+02      	0.00000000e+00      
50      	3.94149354e+02      	1.37654569e-02      
57      	3.86184848e+02      	0.00000000e+00      
64      	3.85088837e+02      	0.00000000e+00      
71      	3.71927464e+02      	0.00000000e+00      
78      	3.66685451e+02      	0.00000000e+00      
85      	3.66716945e+02      	0.00000000e+00      
92      	3.63950914e+02      	7.93171921e-04      
99      	3.63950914e+02      	0.00000000e+00      
106     	3.82367623e+02      	0.00000000e+00      
113     	4.00358423e+02      	6.40234561e-04      
120     	4.43152909e+02      	0.00000000e+00      
127     	4.54376342e+02      	7.46250722e-03      
134     	4.54376342e+02      	0.00000000e+00      
141     	5.29893206e+02      	1.50262289e-02      
148     	5.26918837e+02      	4.19746138e-03      
Final   	2.27003613e+02      
----------------------      
  AMR 1/1: M=127  err=12000.0  obs=0.00141  nrmse=0.762  best=0.524  refined=0
 derivative matching was best (1/1 rounds ran)
collocation [67s]
  [final]  nrmse=0.5244  l2=485000.0
extrapolation window: T=180.0 -> T_test=360.0  n_test=224
  [train]  E_traj=2.148  E_VF=0.4245  E_spec=1.021
  [test ]  E_traj=60.68  E_VF=2.889  E_spec=2.719
saved /orcd/home/002/txenakis/projects/BVPsolver/src/../data/runs/run_iYmlRvGd/orego_fit.png
saved /orcd/home/002/txenakis/projects/BVPsolver/src/../data/runs/run_iYmlRvGd/orego_fit_extrapolated.png
saved /orcd/home/002/txenakis/projects/BVPsolver/src/../data/runs/run_iYmlRvGd/orego_spectral_fit_extrapolated.png
saved /orcd/home/002/txenakis/projects/BVPsolver/src/../data/runs/run_iYmlRvGd/orego_vf_fit_extrapolated.png
┌ Warning: Attempting to store StiffNN.var"#20#21"{Float64, Float64, Float64}.
│ JLD2 only stores functions by name.
│  This may not be useful for anonymous functions.
└ @ JLD2 ~/.julia/packages/JLD2/ADycq/src/data/writing_datatypes.jl:447
saved run → /orcd/home/002/txenakis/projects/BVPsolver/src/../data/runs/run_iYmlRvGd
