hires  model=GELU-scaled width=11 d=8 tlen=50 profile=fast seed=133  solver=Rodas5  N=855
  derivmatch lr=0.01 iter=170/3400 loss=5.213
  derivmatch lr=0.01 iter=340/3400 loss=3.474
  derivmatch lr=0.01 iter=510/3400 loss=0.9566
  derivmatch lr=0.01 iter=680/3400 loss=0.6849
  derivmatch lr=0.01 iter=850/3400 loss=0.6269
  derivmatch lr=0.01 iter=1020/3400 loss=0.7201
  derivmatch lr=0.01 iter=1190/3400 loss=0.4986
  derivmatch lr=0.01 iter=1360/3400 loss=0.4565
  derivmatch lr=0.01 iter=1530/3400 loss=0.4331
  derivmatch lr=0.01 iter=1700/3400 loss=0.3193
  derivmatch lr=0.01 iter=1870/3400 loss=0.2796
  derivmatch lr=0.01 iter=2040/3400 loss=0.274
  derivmatch lr=0.01 iter=2210/3400 loss=0.2593
  derivmatch lr=0.01 iter=2380/3400 loss=0.4102
  derivmatch lr=0.01 iter=2550/3400 loss=0.2897
  derivmatch lr=0.01 iter=2720/3400 loss=0.3246
  derivmatch lr=0.01 iter=2890/3400 loss=0.145
  derivmatch lr=0.01 iter=3060/3400 loss=0.1666
  derivmatch lr=0.01 iter=3230/3400 loss=0.3289
  derivmatch lr=0.01 iter=3400/3400 loss=0.128
  derivmatch lr=0.01 iter=3400/3400 loss=0.1078
  derivmatch lr=0.003 iter=125/2500 loss=0.09963
  derivmatch lr=0.003 iter=250/2500 loss=0.08749
  derivmatch lr=0.003 iter=375/2500 loss=0.08543
  derivmatch lr=0.003 iter=500/2500 loss=0.08344
  derivmatch lr=0.003 iter=625/2500 loss=0.07516
  derivmatch lr=0.003 iter=750/2500 loss=0.06801
  derivmatch lr=0.003 iter=875/2500 loss=0.07073
  derivmatch lr=0.003 iter=1000/2500 loss=0.07021
  derivmatch lr=0.003 iter=1125/2500 loss=0.06712
  derivmatch lr=0.003 iter=1250/2500 loss=0.06519
  derivmatch lr=0.003 iter=1375/2500 loss=0.06359
  derivmatch lr=0.003 iter=1500/2500 loss=0.06179
  derivmatch lr=0.003 iter=1625/2500 loss=0.06127
  derivmatch lr=0.003 iter=1750/2500 loss=0.06009
  derivmatch lr=0.003 iter=1875/2500 loss=0.05614
  derivmatch lr=0.003 iter=2000/2500 loss=0.05634
  derivmatch lr=0.003 iter=2125/2500 loss=0.05302
  derivmatch lr=0.003 iter=2250/2500 loss=0.05207
  derivmatch lr=0.003 iter=2375/2500 loss=0.049
  derivmatch lr=0.003 iter=2500/2500 loss=0.0464
  derivmatch lr=0.003 iter=2500/2500 loss=0.04454
  derivmatch lr=0.001 iter=125/2500 loss=0.04078
  derivmatch lr=0.001 iter=250/2500 loss=0.03995
  derivmatch lr=0.001 iter=375/2500 loss=0.03897
  derivmatch lr=0.001 iter=500/2500 loss=0.03798
  derivmatch lr=0.001 iter=625/2500 loss=0.03713
  derivmatch lr=0.001 iter=750/2500 loss=0.0375
  derivmatch lr=0.001 iter=875/2500 loss=0.03456
  derivmatch lr=0.001 iter=1000/2500 loss=0.03339
  derivmatch lr=0.001 iter=1125/2500 loss=0.03299
  derivmatch lr=0.001 iter=1250/2500 loss=0.02876
  derivmatch lr=0.001 iter=1375/2500 loss=0.02712
  derivmatch lr=0.001 iter=1500/2500 loss=0.02706
  derivmatch lr=0.001 iter=1625/2500 loss=0.0291
  derivmatch lr=0.001 iter=1750/2500 loss=0.02086
  derivmatch lr=0.001 iter=1875/2500 loss=0.02174
  derivmatch lr=0.001 iter=2000/2500 loss=0.01921
  derivmatch lr=0.001 iter=2125/2500 loss=0.01826
  derivmatch lr=0.001 iter=2250/2500 loss=0.01799
  derivmatch lr=0.001 iter=2375/2500 loss=0.01516
  derivmatch lr=0.001 iter=2500/2500 loss=0.01444
  derivmatch lr=0.001 iter=2500/2500 loss=0.01392
  derivmatch lr=0.0003 iter=80/1600 loss=0.01382
  derivmatch lr=0.0003 iter=160/1600 loss=0.01367
  derivmatch lr=0.0003 iter=240/1600 loss=0.0135
  derivmatch lr=0.0003 iter=320/1600 loss=0.0133
  derivmatch lr=0.0003 iter=400/1600 loss=0.01309
  derivmatch lr=0.0003 iter=480/1600 loss=0.01299
  derivmatch lr=0.0003 iter=560/1600 loss=0.01266
  derivmatch lr=0.0003 iter=640/1600 loss=0.01244
  derivmatch lr=0.0003 iter=720/1600 loss=0.01221
  derivmatch lr=0.0003 iter=800/1600 loss=0.01201
  derivmatch lr=0.0003 iter=880/1600 loss=0.01177
  derivmatch lr=0.0003 iter=960/1600 loss=0.01156
  derivmatch lr=0.0003 iter=1040/1600 loss=0.01135
  derivmatch lr=0.0003 iter=1120/1600 loss=0.01114
  derivmatch lr=0.0003 iter=1200/1600 loss=0.01097
  derivmatch lr=0.0003 iter=1280/1600 loss=0.01074
  derivmatch lr=0.0003 iter=1360/1600 loss=0.01064
  derivmatch lr=0.0003 iter=1440/1600 loss=0.01036
  derivmatch lr=0.0003 iter=1520/1600 loss=0.01012
  derivmatch lr=0.0003 iter=1600/1600 loss=0.009962
  derivmatch lr=0.0003 iter=1600/1600 loss=0.009942
derivative matching [27s]  fitloss=0.00994
  [derivative matching]  nrmse=0.1119  l2=0.6636
  shooting iter=50/1000 loss=0.02649
  shooting iter=100/1000 loss=0.02107
  shooting iter=150/1000 loss=0.01522
  shooting iter=200/1000 loss=0.01365
  shooting iter=250/1000 loss=0.01366
  shooting iter=300/1000 loss=0.01125
  shooting iter=350/1000 loss=0.0158
  shooting iter=400/1000 loss=0.009419
  shooting iter=450/1000 loss=0.008595
  shooting iter=500/1000 loss=0.009055
  shooting iter=550/1000 loss=0.0132
  shooting iter=600/1000 loss=0.00874
  shooting iter=650/1000 loss=0.008434
  shooting iter=700/1000 loss=0.01187
  shooting iter=750/1000 loss=0.009158
  shooting iter=800/1000 loss=0.008429
  shooting iter=850/1000 loss=0.008413
  shooting iter=900/1000 loss=0.005552
  shooting iter=950/1000 loss=0.008439
  shooting iter=1000/1000 loss=0.01153
  shooting iter=1000/1000 loss=0.005457
shooting [8136s]  loss=0.00546
  [final]  nrmse=0.01079  l2=0.07471
extrapolation window: T=321.8122 -> T_test=643.624  n_test=100
  [train]  E_traj=0.0006357  E_VF=0.05526  E_spec=0.9896
  [test ]  E_traj=100900.0  E_VF=68490.0  E_spec=5.815e12
saved /orcd/home/002/txenakis/projects/BVPsolver/src/../data/runs/run_fU26m53J/hires_fit.png
saved /orcd/home/002/txenakis/projects/BVPsolver/src/../data/runs/run_fU26m53J/hires_fit_extrapolated.png
saved /orcd/home/002/txenakis/projects/BVPsolver/src/../data/runs/run_fU26m53J/hires_spectral_fit_extrapolated.png
saved /orcd/home/002/txenakis/projects/BVPsolver/src/../data/runs/run_fU26m53J/hires_vf_fit_extrapolated.png
┌ Warning: Attempting to store StiffNN.var"#18#19"{Type{Float64}}.
│ JLD2 only stores functions by name.
│  This may not be useful for anonymous functions.
└ @ JLD2 ~/.julia/packages/JLD2/ADycq/src/data/writing_datatypes.jl:447
saved run → /orcd/home/002/txenakis/projects/BVPsolver/src/../data/runs/run_fU26m53J
