vanderpol  model=GELU-scaled width=7 d=2 tlen=151 profile=fast seed=148  solver=Kvaerno5  N=317
  derivmatch lr=0.01 iter=170/3400 loss=3.403
  derivmatch lr=0.01 iter=340/3400 loss=3.385
  derivmatch lr=0.01 iter=510/3400 loss=3.38
  derivmatch lr=0.01 iter=680/3400 loss=2.907
  derivmatch lr=0.01 iter=850/3400 loss=2.043
  derivmatch lr=0.01 iter=1020/3400 loss=1.493
  derivmatch lr=0.01 iter=1190/3400 loss=0.8714
  derivmatch lr=0.01 iter=1360/3400 loss=1.238
  derivmatch lr=0.01 iter=1530/3400 loss=0.1389
  derivmatch lr=0.01 iter=1700/3400 loss=0.07827
  derivmatch lr=0.01 iter=1870/3400 loss=0.1076
  derivmatch lr=0.01 iter=2040/3400 loss=0.04426
  derivmatch lr=0.01 iter=2210/3400 loss=0.03419
  derivmatch lr=0.01 iter=2380/3400 loss=0.02858
  derivmatch lr=0.01 iter=2550/3400 loss=0.02434
  derivmatch lr=0.01 iter=2720/3400 loss=0.02048
  derivmatch lr=0.01 iter=2890/3400 loss=0.01747
  derivmatch lr=0.01 iter=3060/3400 loss=0.01525
  derivmatch lr=0.01 iter=3230/3400 loss=0.02852
  derivmatch lr=0.01 iter=3400/3400 loss=0.01022
  derivmatch lr=0.01 iter=3400/3400 loss=0.01022
  derivmatch lr=0.003 iter=125/2500 loss=0.009538
  derivmatch lr=0.003 iter=250/2500 loss=0.008608
  derivmatch lr=0.003 iter=375/2500 loss=0.008058
  derivmatch lr=0.003 iter=500/2500 loss=0.007602
  derivmatch lr=0.003 iter=625/2500 loss=0.007059
  derivmatch lr=0.003 iter=750/2500 loss=0.005669
  derivmatch lr=0.003 iter=875/2500 loss=0.004859
  derivmatch lr=0.003 iter=1000/2500 loss=0.004363
  derivmatch lr=0.003 iter=1125/2500 loss=0.003962
  derivmatch lr=0.003 iter=1250/2500 loss=0.003633
  derivmatch lr=0.003 iter=1375/2500 loss=0.003348
  derivmatch lr=0.003 iter=1500/2500 loss=0.003097
  derivmatch lr=0.003 iter=1625/2500 loss=0.002826
  derivmatch lr=0.003 iter=1750/2500 loss=0.002609
  derivmatch lr=0.003 iter=1875/2500 loss=0.002388
  derivmatch lr=0.003 iter=2000/2500 loss=0.00219
  derivmatch lr=0.003 iter=2125/2500 loss=0.00215
  derivmatch lr=0.003 iter=2250/2500 loss=0.002021
  derivmatch lr=0.003 iter=2375/2500 loss=0.001666
  derivmatch lr=0.003 iter=2500/2500 loss=0.001708
  derivmatch lr=0.003 iter=2500/2500 loss=0.001525
  derivmatch lr=0.001 iter=125/2500 loss=0.001509
  derivmatch lr=0.001 iter=250/2500 loss=0.001487
  derivmatch lr=0.001 iter=375/2500 loss=0.001459
  derivmatch lr=0.001 iter=500/2500 loss=0.001428
  derivmatch lr=0.001 iter=625/2500 loss=0.001393
  derivmatch lr=0.001 iter=750/2500 loss=0.001356
  derivmatch lr=0.001 iter=875/2500 loss=0.001318
  derivmatch lr=0.001 iter=1000/2500 loss=0.001278
  derivmatch lr=0.001 iter=1125/2500 loss=0.001236
  derivmatch lr=0.001 iter=1250/2500 loss=0.001192
  derivmatch lr=0.001 iter=1375/2500 loss=0.001148
  derivmatch lr=0.001 iter=1500/2500 loss=0.001106
  derivmatch lr=0.001 iter=1625/2500 loss=0.001063
  derivmatch lr=0.001 iter=1750/2500 loss=0.001025
  derivmatch lr=0.001 iter=1875/2500 loss=0.0009864
  derivmatch lr=0.001 iter=2000/2500 loss=0.0009515
  derivmatch lr=0.001 iter=2125/2500 loss=0.002011
  derivmatch lr=0.001 iter=2250/2500 loss=0.0008952
  derivmatch lr=0.001 iter=2375/2500 loss=0.0009513
  derivmatch lr=0.001 iter=2500/2500 loss=0.0008492
  derivmatch lr=0.001 iter=2500/2500 loss=0.0008492
  derivmatch lr=0.0003 iter=80/1600 loss=0.0008451
  derivmatch lr=0.0003 iter=160/1600 loss=0.0008403
  derivmatch lr=0.0003 iter=240/1600 loss=0.0008346
  derivmatch lr=0.0003 iter=320/1600 loss=0.000828
  derivmatch lr=0.0003 iter=400/1600 loss=0.0008207
  derivmatch lr=0.0003 iter=480/1600 loss=0.0008129
  derivmatch lr=0.0003 iter=560/1600 loss=0.0008046
  derivmatch lr=0.0003 iter=640/1600 loss=0.0007962
  derivmatch lr=0.0003 iter=720/1600 loss=0.0007891
  derivmatch lr=0.0003 iter=800/1600 loss=0.000782
  derivmatch lr=0.0003 iter=880/1600 loss=0.0007747
  derivmatch lr=0.0003 iter=960/1600 loss=0.0007672
  derivmatch lr=0.0003 iter=1040/1600 loss=0.0007596
  derivmatch lr=0.0003 iter=1120/1600 loss=0.000757
  derivmatch lr=0.0003 iter=1200/1600 loss=0.0007458
  derivmatch lr=0.0003 iter=1280/1600 loss=0.0007391
  derivmatch lr=0.0003 iter=1360/1600 loss=0.0007324
  derivmatch lr=0.0003 iter=1440/1600 loss=0.0007256
  derivmatch lr=0.0003 iter=1520/1600 loss=0.0007196
  derivmatch lr=0.0003 iter=1600/1600 loss=0.0007118
  derivmatch lr=0.0003 iter=1600/1600 loss=0.0007118
derivative matching [32s]  fitloss=0.000712
  [derivative matching]  nrmse=0.2619  l2=324.1
  collocation: M=163 residuals=1274  detecting sparsity + solving...

Algorithm: LevenbergMarquardt(
    trustregion = LevenbergMarquardtTrustRegion(
        β_uphill = 0.0
    ),
    descent = GeodesicAcceleration(
        descent = DampedNewtonDescent(
            linsolve = KLUFactorization(
                reuse_symbolic = true,
                check_pattern = true
            ),
            initial_damping = 1.0,
            damping_fn = LevenbergMarquardtDampingFunction(
                increase_factor = 2.0,
                decrease_factor = 3.0,
                min_damping = 1.0e-8
            ),
            min_norm_mode = :auto
        ),
        finite_diff_step_geodesic = 0.1,
        α = 0.75
    ),
    autodiff = AutoForwardDiff(),
    vjp_autodiff = AutoFiniteDiff(
        fdtype = Val{:forward}(),
        fdjtype = Val{:forward}(),
        fdhtype = Val{:hcentral}(),
        dir = true
    ),
    jvp_autodiff = AutoForwardDiff(),
    concrete_jac = Val{true}()
)

----    	-------------       	-----------         
Iter    	f(u) 2-norm         	Step 2-norm         
----    	-------------       	-----------         
0       	1.98176973e+02      	NaN                 
1       	1.46614589e+02      	4.39870968e-02      
8       	1.19700165e+02      	0.00000000e+00      
15      	1.19133426e+02      	1.05045701e-02      
22      	1.26666185e+02      	1.32132618e-02      
29      	1.48757095e+02      	0.00000000e+00      
36      	1.35181215e+02      	2.75723917e-03      
43      	1.32393784e+02      	7.07363150e-04      
50      	1.31822979e+02      	0.00000000e+00      
57      	1.30939937e+02      	0.00000000e+00      
64      	1.30142881e+02      	0.00000000e+00      
71      	1.29767268e+02      	0.00000000e+00      
78      	9.35679957e+01      	1.63373576e-02      
85      	8.39769320e+01      	0.00000000e+00      
92      	8.00312542e+01      	5.75802462e-02      
99      	4.50332022e+01      	4.20039789e-02      
106     	4.51859394e+01      	0.00000000e+00      
113     	4.88370894e+01      	0.00000000e+00      
120     	4.96714674e+01      	1.23828569e-02      
127     	5.00814004e+01      	3.41504410e-03      
134     	5.64301421e+01      	3.16148263e-02      
141     	6.20780815e+01      	0.00000000e+00      
148     	6.67276669e+01      	0.00000000e+00      
Final   	4.42154473e+01      
----------------------      
  AMR 1/1: M=163  err=159.0  obs=6.36e-5  nrmse=0.264  best=0.262  refined=0
 derivative matching was best (1/1 rounds ran)
collocation [49s]
  [final]  nrmse=0.2619  l2=324.1
extrapolation window: T=200.0 -> T_test=400.0  n_test=302
  [train]  E_traj=0.893  E_VF=0.01342  E_spec=0.374
  [test ]  E_traj=99.91  E_VF=0.847  E_spec=0.3017
saved /orcd/home/002/txenakis/projects/BVPsolver/src/../data/runs/run_4OBCgubD/vanderpol_fit.png
saved /orcd/home/002/txenakis/projects/BVPsolver/src/../data/runs/run_4OBCgubD/vanderpol_fit_extrapolated.png
saved /orcd/home/002/txenakis/projects/BVPsolver/src/../data/runs/run_4OBCgubD/vanderpol_spectral_fit_extrapolated.png
saved /orcd/home/002/txenakis/projects/BVPsolver/src/../data/runs/run_4OBCgubD/vanderpol_vf_fit_extrapolated.png
┌ Warning: Attempting to store StiffNN.var"#14#15"{Float64}.
│ JLD2 only stores functions by name.
│  This may not be useful for anonymous functions.
└ @ JLD2 ~/.julia/packages/JLD2/ADycq/src/data/writing_datatypes.jl:447
saved run → /orcd/home/002/txenakis/projects/BVPsolver/src/../data/runs/run_4OBCgubD
