hires  model=GELU-scaled width=11 d=8 tlen=50 profile=fast seed=130  solver=Rodas5  N=855
  derivmatch lr=0.01 iter=170/3400 loss=1.568
  derivmatch lr=0.01 iter=340/3400 loss=1.046
  derivmatch lr=0.01 iter=510/3400 loss=0.6069
  derivmatch lr=0.01 iter=680/3400 loss=0.5812
  derivmatch lr=0.01 iter=850/3400 loss=0.5718
  derivmatch lr=0.01 iter=1020/3400 loss=0.6386
  derivmatch lr=0.01 iter=1190/3400 loss=0.7841
  derivmatch lr=0.01 iter=1360/3400 loss=0.3849
  derivmatch lr=0.01 iter=1530/3400 loss=0.3679
  derivmatch lr=0.01 iter=1700/3400 loss=0.3956
  derivmatch lr=0.01 iter=1870/3400 loss=0.238
  derivmatch lr=0.01 iter=2040/3400 loss=0.2165
  derivmatch lr=0.01 iter=2210/3400 loss=0.1976
  derivmatch lr=0.01 iter=2380/3400 loss=0.2043
  derivmatch lr=0.01 iter=2550/3400 loss=0.3813
  derivmatch lr=0.01 iter=2720/3400 loss=0.1769
  derivmatch lr=0.01 iter=2890/3400 loss=0.1899
  derivmatch lr=0.01 iter=3060/3400 loss=0.2399
  derivmatch lr=0.01 iter=3230/3400 loss=0.2451
  derivmatch lr=0.01 iter=3400/3400 loss=0.1993
  derivmatch lr=0.01 iter=3400/3400 loss=0.1289
  derivmatch lr=0.003 iter=125/2500 loss=0.1104
  derivmatch lr=0.003 iter=250/2500 loss=0.1083
  derivmatch lr=0.003 iter=375/2500 loss=0.1347
  derivmatch lr=0.003 iter=500/2500 loss=0.09585
  derivmatch lr=0.003 iter=625/2500 loss=0.09323
  derivmatch lr=0.003 iter=750/2500 loss=0.08724
  derivmatch lr=0.003 iter=875/2500 loss=0.08828
  derivmatch lr=0.003 iter=1000/2500 loss=0.07698
  derivmatch lr=0.003 iter=1125/2500 loss=0.07935
  derivmatch lr=0.003 iter=1250/2500 loss=0.06563
  derivmatch lr=0.003 iter=1375/2500 loss=0.06872
  derivmatch lr=0.003 iter=1500/2500 loss=0.08336
  derivmatch lr=0.003 iter=1625/2500 loss=0.06038
  derivmatch lr=0.003 iter=1750/2500 loss=0.05331
  derivmatch lr=0.003 iter=1875/2500 loss=0.05228
  derivmatch lr=0.003 iter=2000/2500 loss=0.08568
  derivmatch lr=0.003 iter=2125/2500 loss=0.04661
  derivmatch lr=0.003 iter=2250/2500 loss=0.04657
  derivmatch lr=0.003 iter=2375/2500 loss=0.04584
  derivmatch lr=0.003 iter=2500/2500 loss=0.05535
  derivmatch lr=0.003 iter=2500/2500 loss=0.03972
  derivmatch lr=0.001 iter=125/2500 loss=0.03807
  derivmatch lr=0.001 iter=250/2500 loss=0.0367
  derivmatch lr=0.001 iter=375/2500 loss=0.03593
  derivmatch lr=0.001 iter=500/2500 loss=0.03509
  derivmatch lr=0.001 iter=625/2500 loss=0.03495
  derivmatch lr=0.001 iter=750/2500 loss=0.03415
  derivmatch lr=0.001 iter=875/2500 loss=0.03136
  derivmatch lr=0.001 iter=1000/2500 loss=0.03169
  derivmatch lr=0.001 iter=1125/2500 loss=0.02994
  derivmatch lr=0.001 iter=1250/2500 loss=0.0278
  derivmatch lr=0.001 iter=1375/2500 loss=0.02659
  derivmatch lr=0.001 iter=1500/2500 loss=0.02561
  derivmatch lr=0.001 iter=1625/2500 loss=0.0252
  derivmatch lr=0.001 iter=1750/2500 loss=0.0247
  derivmatch lr=0.001 iter=1875/2500 loss=0.02305
  derivmatch lr=0.001 iter=2000/2500 loss=0.02325
  derivmatch lr=0.001 iter=2125/2500 loss=0.0224
  derivmatch lr=0.001 iter=2250/2500 loss=0.02271
  derivmatch lr=0.001 iter=2375/2500 loss=0.01996
  derivmatch lr=0.001 iter=2500/2500 loss=0.02182
  derivmatch lr=0.001 iter=2500/2500 loss=0.0192
  derivmatch lr=0.0003 iter=80/1600 loss=0.01844
  derivmatch lr=0.0003 iter=160/1600 loss=0.01832
  derivmatch lr=0.0003 iter=240/1600 loss=0.01818
  derivmatch lr=0.0003 iter=320/1600 loss=0.01802
  derivmatch lr=0.0003 iter=400/1600 loss=0.01785
  derivmatch lr=0.0003 iter=480/1600 loss=0.01767
  derivmatch lr=0.0003 iter=560/1600 loss=0.01747
  derivmatch lr=0.0003 iter=640/1600 loss=0.01727
  derivmatch lr=0.0003 iter=720/1600 loss=0.01705
  derivmatch lr=0.0003 iter=800/1600 loss=0.01683
  derivmatch lr=0.0003 iter=880/1600 loss=0.01661
  derivmatch lr=0.0003 iter=960/1600 loss=0.01639
  derivmatch lr=0.0003 iter=1040/1600 loss=0.01616
  derivmatch lr=0.0003 iter=1120/1600 loss=0.01597
  derivmatch lr=0.0003 iter=1200/1600 loss=0.01574
  derivmatch lr=0.0003 iter=1280/1600 loss=0.01554
  derivmatch lr=0.0003 iter=1360/1600 loss=0.0155
  derivmatch lr=0.0003 iter=1440/1600 loss=0.01515
  derivmatch lr=0.0003 iter=1520/1600 loss=0.01497
  derivmatch lr=0.0003 iter=1600/1600 loss=0.01492
  derivmatch lr=0.0003 iter=1600/1600 loss=0.01482
derivative matching [26s]  fitloss=0.0148
  [derivative matching]  nrmse=0.1327  l2=0.7604
  collocation: M=75 residuals=2176  detecting sparsity + solving...

Algorithm: LevenbergMarquardt(
    trustregion = LevenbergMarquardtTrustRegion(
        β_uphill = 0.0
    ),
    descent = GeodesicAcceleration(
        descent = DampedNewtonDescent(
            linsolve = QRFactorization(
                pivot = NoPivot(),
                blocksize = 16,
                inplace = true
            ),
            initial_damping = 1.0,
            damping_fn = LevenbergMarquardtDampingFunction(
                increase_factor = 2.0,
                decrease_factor = 3.0,
                min_damping = 1.0e-8
            ),
            min_norm_mode = :auto
        ),
        finite_diff_step_geodesic = 0.1,
        α = 0.75
    ),
    autodiff = AutoForwardDiff(),
    vjp_autodiff = AutoFiniteDiff(
        fdtype = Val{:forward}(),
        fdjtype = Val{:forward}(),
        fdhtype = Val{:hcentral}(),
        dir = true
    ),
    jvp_autodiff = AutoForwardDiff(),
    concrete_jac = Val{true}()
)

----    	-------------       	-----------         
Iter    	f(u) 2-norm         	Step 2-norm         
----    	-------------       	-----------         
0       	3.57097209e+02      	7.69846895e+218     
1       	2.31664664e+02      	1.09270547e-01      
8       	6.13869885e+01      	0.00000000e+00      
15      	2.79435960e+01      	1.31132827e-01      
22      	1.08621939e+02      	0.00000000e+00      
29      	1.44678320e+01      	9.50236026e-02      
36      	1.80065213e+01      	0.00000000e+00      
43      	9.88515335e+00      	1.96774219e-01      
50      	8.90035573e+00      	1.74069779e-01      
57      	8.45471240e+00      	0.00000000e+00      
64      	7.40222165e+00      	0.00000000e+00      
71      	6.05708063e+00      	5.77325549e-02      
78      	1.67505884e+01      	5.68739900e-01      
85      	1.67505884e+01      	0.00000000e+00      
92      	1.67505884e+01      	0.00000000e+00      
99      	1.67505884e+01      	0.00000000e+00      
106     	3.33632191e+00      	3.80529763e-03      
113     	2.69202336e+00      	0.00000000e+00      
120     	5.31141876e+00      	4.77820604e-01      
127     	3.76934475e+00      	5.58400668e-01      
134     	2.65068967e+01      	0.00000000e+00      
141     	1.58197068e+01      	0.00000000e+00      
148     	1.73119100e+00      	1.30280212e-01      
Final   	1.73119100e+00      
----------------------      
  AMR 1/1: M=75  err=1.94  obs=1.28e-5  nrmse=0.0272  best=0.0272  refined=0
collocation [174s]
  [final]  nrmse=0.02716  l2=0.02584
extrapolation window: T=321.8122 -> T_test=643.624  n_test=100
  [train]  E_traj=0.001559  E_VF=0.005136  E_spec=0.9756
  [test ]  E_traj=4.679e7  E_VF=40450.0  E_spec=9.991e6
saved /orcd/home/002/txenakis/projects/BVPsolver/src/../data/runs/run_L0sFDrQZ/hires_fit.png
saved /orcd/home/002/txenakis/projects/BVPsolver/src/../data/runs/run_L0sFDrQZ/hires_fit_extrapolated.png
saved /orcd/home/002/txenakis/projects/BVPsolver/src/../data/runs/run_L0sFDrQZ/hires_spectral_fit_extrapolated.png
saved /orcd/home/002/txenakis/projects/BVPsolver/src/../data/runs/run_L0sFDrQZ/hires_vf_fit_extrapolated.png
┌ Warning: Attempting to store StiffNN.var"#18#19"{Type{Float64}}.
│ JLD2 only stores functions by name.
│  This may not be useful for anonymous functions.
└ @ JLD2 ~/.julia/packages/JLD2/ADycq/src/data/writing_datatypes.jl:447
saved run → /orcd/home/002/txenakis/projects/BVPsolver/src/../data/runs/run_L0sFDrQZ
