rober  model=GELU-scaled width=7 d=3 tlen=50 profile=fast seed=231  solver=Rodas5  N=332
  shooting iter=50/1000 loss=0.2281
  shooting iter=100/1000 loss=0.1684
  shooting iter=150/1000 loss=0.152
  shooting iter=200/1000 loss=0.1455
  shooting iter=250/1000 loss=0.1421
  shooting iter=300/1000 loss=0.1389
  shooting iter=350/1000 loss=0.1363
  shooting iter=400/1000 loss=0.1334
  shooting iter=450/1000 loss=0.1309
  shooting iter=500/1000 loss=0.1291
  shooting iter=550/1000 loss=0.1282
  shooting iter=600/1000 loss=0.1261
  shooting iter=650/1000 loss=0.1244
  shooting iter=700/1000 loss=0.1231
  shooting iter=750/1000 loss=0.1218
  shooting iter=800/1000 loss=0.1216
  shooting iter=850/1000 loss=0.1232
  shooting iter=900/1000 loss=0.1183
  shooting iter=950/1000 loss=0.1181
  shooting iter=1000/1000 loss=0.1169
  shooting iter=1000/1000 loss=0.1167
shooting [482s]  loss=0.117
  [final]  nrmse=0.3086  l2=0.02719
extrapolation window: T=1000.0 -> T_test=1.0e12  n_test=100
  [train]  E_traj=0.2479  E_VF=0.8889  E_spec=9.212e13
  [test ]  E_traj=NaN  E_VF=NaN  E_spec=NaN
saved /orcd/home/002/txenakis/projects/BVPsolver/src/../data/runs/run_LtYxUgM6/rober_fit.png
saved /orcd/home/002/txenakis/projects/BVPsolver/src/../data/runs/run_LtYxUgM6/rober_fit_extrapolated.png
saved /orcd/home/002/txenakis/projects/BVPsolver/src/../data/runs/run_LtYxUgM6/rober_spectral_fit_extrapolated.png
saved /orcd/home/002/txenakis/projects/BVPsolver/src/../data/runs/run_LtYxUgM6/rober_vf_fit_extrapolated.png
┌ Warning: Attempting to store StiffNN.var"#12#13"{Float64, Float64, Float64}.
│ JLD2 only stores functions by name.
│  This may not be useful for anonymous functions.
└ @ JLD2 ~/.julia/packages/JLD2/ADycq/src/data/writing_datatypes.jl:447
saved run → /orcd/home/002/txenakis/projects/BVPsolver/src/../data/runs/run_LtYxUgM6
