vanderpol  model=GELU-scaled width=7 d=2 tlen=151 profile=fast seed=105  solver=Kvaerno5  N=317
  derivmatch lr=0.01 iter=170/3400 loss=2.467
  derivmatch lr=0.01 iter=340/3400 loss=1.68
  derivmatch lr=0.01 iter=510/3400 loss=0.6964
  derivmatch lr=0.01 iter=680/3400 loss=0.4017
  derivmatch lr=0.01 iter=850/3400 loss=0.2457
  derivmatch lr=0.01 iter=1020/3400 loss=0.1703
  derivmatch lr=0.01 iter=1190/3400 loss=0.1271
  derivmatch lr=0.01 iter=1360/3400 loss=0.07777
  derivmatch lr=0.01 iter=1530/3400 loss=0.05919
  derivmatch lr=0.01 iter=1700/3400 loss=0.03987
  derivmatch lr=0.01 iter=1870/3400 loss=0.05588
  derivmatch lr=0.01 iter=2040/3400 loss=0.05236
  derivmatch lr=0.01 iter=2210/3400 loss=1.626
  derivmatch lr=0.01 iter=2380/3400 loss=1.289
  derivmatch lr=0.01 iter=2550/3400 loss=0.2501
  derivmatch lr=0.01 iter=2720/3400 loss=0.1716
  derivmatch lr=0.01 iter=2890/3400 loss=0.1571
  derivmatch lr=0.01 iter=3060/3400 loss=1.079
  derivmatch lr=0.01 iter=3230/3400 loss=5.867
  derivmatch lr=0.01 iter=3400/3400 loss=4.103
  derivmatch lr=0.01 iter=3400/3400 loss=0.02175
  derivmatch lr=0.003 iter=125/2500 loss=0.01903
  derivmatch lr=0.003 iter=250/2500 loss=0.01522
  derivmatch lr=0.003 iter=375/2500 loss=0.01237
  derivmatch lr=0.003 iter=500/2500 loss=0.01029
  derivmatch lr=0.003 iter=625/2500 loss=0.008771
  derivmatch lr=0.003 iter=750/2500 loss=0.007627
  derivmatch lr=0.003 iter=875/2500 loss=0.006778
  derivmatch lr=0.003 iter=1000/2500 loss=0.006076
  derivmatch lr=0.003 iter=1125/2500 loss=0.005434
  derivmatch lr=0.003 iter=1250/2500 loss=0.004871
  derivmatch lr=0.003 iter=1375/2500 loss=0.004361
  derivmatch lr=0.003 iter=1500/2500 loss=0.00389
  derivmatch lr=0.003 iter=1625/2500 loss=1.432
  derivmatch lr=0.003 iter=1750/2500 loss=1.417
  derivmatch lr=0.003 iter=1875/2500 loss=1.062
  derivmatch lr=0.003 iter=2000/2500 loss=1.008
  derivmatch lr=0.003 iter=2125/2500 loss=0.9991
  derivmatch lr=0.003 iter=2250/2500 loss=0.9964
  derivmatch lr=0.003 iter=2375/2500 loss=0.9254
  derivmatch lr=0.003 iter=2500/2500 loss=0.896
  derivmatch lr=0.003 iter=2500/2500 loss=0.003628
  derivmatch lr=0.001 iter=125/2500 loss=0.003477
  derivmatch lr=0.001 iter=250/2500 loss=0.003322
  derivmatch lr=0.001 iter=375/2500 loss=0.003174
  derivmatch lr=0.001 iter=500/2500 loss=0.002946
  derivmatch lr=0.001 iter=625/2500 loss=0.002742
  derivmatch lr=0.001 iter=750/2500 loss=0.002585
  derivmatch lr=0.001 iter=875/2500 loss=0.002428
  derivmatch lr=0.001 iter=1000/2500 loss=0.002291
  derivmatch lr=0.001 iter=1125/2500 loss=0.002186
  derivmatch lr=0.001 iter=1250/2500 loss=0.002094
  derivmatch lr=0.001 iter=1375/2500 loss=0.002009
  derivmatch lr=0.001 iter=1500/2500 loss=0.00193
  derivmatch lr=0.001 iter=1625/2500 loss=0.001858
  derivmatch lr=0.001 iter=1750/2500 loss=0.001803
  derivmatch lr=0.001 iter=1875/2500 loss=0.001741
  derivmatch lr=0.001 iter=2000/2500 loss=0.001696
  derivmatch lr=0.001 iter=2125/2500 loss=0.001653
  derivmatch lr=0.001 iter=2250/2500 loss=0.001615
  derivmatch lr=0.001 iter=2375/2500 loss=0.00157
  derivmatch lr=0.001 iter=2500/2500 loss=0.001534
  derivmatch lr=0.001 iter=2500/2500 loss=0.00153
  derivmatch lr=0.0003 iter=80/1600 loss=0.001489
  derivmatch lr=0.0003 iter=160/1600 loss=0.00148
  derivmatch lr=0.0003 iter=240/1600 loss=0.001467
  derivmatch lr=0.0003 iter=320/1600 loss=0.001453
  derivmatch lr=0.0003 iter=400/1600 loss=0.00144
  derivmatch lr=0.0003 iter=480/1600 loss=0.001426
  derivmatch lr=0.0003 iter=560/1600 loss=0.001412
  derivmatch lr=0.0003 iter=640/1600 loss=0.001398
  derivmatch lr=0.0003 iter=720/1600 loss=0.001383
  derivmatch lr=0.0003 iter=800/1600 loss=0.001368
  derivmatch lr=0.0003 iter=880/1600 loss=0.001352
  derivmatch lr=0.0003 iter=960/1600 loss=0.001337
  derivmatch lr=0.0003 iter=1040/1600 loss=0.001323
  derivmatch lr=0.0003 iter=1120/1600 loss=0.001309
  derivmatch lr=0.0003 iter=1200/1600 loss=0.001297
  derivmatch lr=0.0003 iter=1280/1600 loss=0.001279
  derivmatch lr=0.0003 iter=1360/1600 loss=0.001265
  derivmatch lr=0.0003 iter=1440/1600 loss=0.001243
  derivmatch lr=0.0003 iter=1520/1600 loss=0.001226
  derivmatch lr=0.0003 iter=1600/1600 loss=0.001211
  derivmatch lr=0.0003 iter=1600/1600 loss=0.001211
derivative matching [27s]  fitloss=0.00121
  [derivative matching]  nrmse=0.2929  l2=325.1
  shooting iter=50/1000 loss=0.187
  shooting iter=100/1000 loss=0.1855
  shooting iter=150/1000 loss=0.1831
  shooting iter=200/1000 loss=0.1828
  shooting iter=250/1000 loss=0.1828
  shooting iter=300/1000 loss=0.1825
  shooting iter=350/1000 loss=0.182
  shooting iter=400/1000 loss=0.2019
  shooting iter=450/1000 loss=0.1813
  shooting iter=500/1000 loss=0.1823
  shooting iter=550/1000 loss=0.1819
  shooting iter=600/1000 loss=0.1805
  shooting iter=650/1000 loss=0.1802
  shooting iter=700/1000 loss=0.1817
  shooting iter=750/1000 loss=0.1826
  shooting iter=800/1000 loss=0.1826
  shooting iter=850/1000 loss=0.1825
  shooting iter=900/1000 loss=0.1824
  shooting iter=950/1000 loss=0.1823
  shooting iter=1000/1000 loss=0.1822
  shooting iter=1000/1000 loss=0.1687
shooting [912s]  loss=0.169
  [final]  nrmse=0.2929  l2=325.1
extrapolation window: T=200.0 -> T_test=400.0  n_test=302
  [train]  E_traj=1.003  E_VF=0.0208  E_spec=1.541
  [test ]  E_traj=12.34  E_VF=1.417  E_spec=0.7352
saved /orcd/home/002/txenakis/projects/BVPsolver/src/../data/runs/run_mOCUqHt3/vanderpol_fit.png
saved /orcd/home/002/txenakis/projects/BVPsolver/src/../data/runs/run_mOCUqHt3/vanderpol_fit_extrapolated.png
saved /orcd/home/002/txenakis/projects/BVPsolver/src/../data/runs/run_mOCUqHt3/vanderpol_spectral_fit_extrapolated.png
saved /orcd/home/002/txenakis/projects/BVPsolver/src/../data/runs/run_mOCUqHt3/vanderpol_vf_fit_extrapolated.png
┌ Warning: Attempting to store StiffNN.var"#14#15"{Float64}.
│ JLD2 only stores functions by name.
│  This may not be useful for anonymous functions.
└ @ JLD2 ~/.julia/packages/JLD2/ADycq/src/data/writing_datatypes.jl:447
saved run → /orcd/home/002/txenakis/projects/BVPsolver/src/../data/runs/run_mOCUqHt3
