davis-skodje  model=stiff width=12 d=2 tlen=300 profile=fast seed=349  solver=Rodas5P  N=268
  derivmatch lr=0.01 iter=170/3400 loss=0.08161
  derivmatch lr=0.01 iter=340/3400 loss=0.03264
  derivmatch lr=0.01 iter=510/3400 loss=0.01695
  derivmatch lr=0.01 iter=680/3400 loss=0.009423
  derivmatch lr=0.01 iter=850/3400 loss=0.005673
  derivmatch lr=0.01 iter=1020/3400 loss=0.003572
  derivmatch lr=0.01 iter=1190/3400 loss=0.002243
  derivmatch lr=0.01 iter=1360/3400 loss=0.001402
  derivmatch lr=0.01 iter=1530/3400 loss=0.0008853
  derivmatch lr=0.01 iter=1700/3400 loss=0.0005739
  derivmatch lr=0.01 iter=1870/3400 loss=0.0003872
  derivmatch lr=0.01 iter=2040/3400 loss=0.0002743
  derivmatch lr=0.01 iter=2210/3400 loss=0.0002044
  derivmatch lr=0.01 iter=2380/3400 loss=0.00016
  derivmatch lr=0.01 iter=2550/3400 loss=0.0001308
  derivmatch lr=0.01 iter=2720/3400 loss=0.0001109
  derivmatch lr=0.01 iter=2890/3400 loss=9.667e-5
  derivmatch lr=0.01 iter=3060/3400 loss=8.593e-5
  derivmatch lr=0.01 iter=3230/3400 loss=7.729e-5
  derivmatch lr=0.01 iter=3400/3400 loss=6.994e-5
  derivmatch lr=0.01 iter=3400/3400 loss=6.994e-5
  derivmatch lr=0.003 iter=125/2500 loss=4.594e-5
  derivmatch lr=0.003 iter=250/2500 loss=2.974e-5
  derivmatch lr=0.003 iter=375/2500 loss=1.945e-5
  derivmatch lr=0.003 iter=500/2500 loss=1.342e-5
  derivmatch lr=0.003 iter=625/2500 loss=9.79e-6
  derivmatch lr=0.003 iter=750/2500 loss=7.677e-6
  derivmatch lr=0.003 iter=875/2500 loss=6.984e-6
  derivmatch lr=0.003 iter=1000/2500 loss=5.132e-6
  derivmatch lr=0.003 iter=1125/2500 loss=4.341e-6
  derivmatch lr=0.003 iter=1250/2500 loss=6.041e-6
  derivmatch lr=0.003 iter=1375/2500 loss=5.975e-6
  derivmatch lr=0.003 iter=1500/2500 loss=5.032e-6
  derivmatch lr=0.003 iter=1625/2500 loss=6.04e-6
  derivmatch lr=0.003 iter=1750/2500 loss=1.598e-5
  derivmatch lr=0.003 iter=1875/2500 loss=2.613e-6
  derivmatch lr=0.003 iter=2000/2500 loss=3.427e-6
  derivmatch lr=0.003 iter=2125/2500 loss=2.223e-6
  derivmatch lr=0.003 iter=2250/2500 loss=1.871e-6
  derivmatch lr=0.003 iter=2375/2500 loss=1.789e-6
  derivmatch lr=0.003 iter=2500/2500 loss=9.561e-6
  derivmatch lr=0.003 iter=2500/2500 loss=1.59e-6
  derivmatch lr=0.001 iter=125/2500 loss=1.574e-6
  derivmatch lr=0.001 iter=250/2500 loss=1.554e-6
  derivmatch lr=0.001 iter=375/2500 loss=1.531e-6
  derivmatch lr=0.001 iter=500/2500 loss=1.503e-6
  derivmatch lr=0.001 iter=625/2500 loss=1.472e-6
  derivmatch lr=0.001 iter=750/2500 loss=1.438e-6
  derivmatch lr=0.001 iter=875/2500 loss=1.428e-6
  derivmatch lr=0.001 iter=1000/2500 loss=1.364e-6
  derivmatch lr=0.001 iter=1125/2500 loss=1.325e-6
  derivmatch lr=0.001 iter=1250/2500 loss=1.284e-6
  derivmatch lr=0.001 iter=1375/2500 loss=1.242e-6
  derivmatch lr=0.001 iter=1500/2500 loss=1.608e-6
  derivmatch lr=0.001 iter=1625/2500 loss=1.159e-6
  derivmatch lr=0.001 iter=1750/2500 loss=1.118e-6
  derivmatch lr=0.001 iter=1875/2500 loss=1.281e-6
  derivmatch lr=0.001 iter=2000/2500 loss=1.041e-6
  derivmatch lr=0.001 iter=2125/2500 loss=1.005e-6
  derivmatch lr=0.001 iter=2250/2500 loss=9.724e-7
  derivmatch lr=0.001 iter=2375/2500 loss=9.43e-7
  derivmatch lr=0.001 iter=2500/2500 loss=9.119e-7
  derivmatch lr=0.001 iter=2500/2500 loss=9.119e-7
  derivmatch lr=0.0003 iter=80/1600 loss=9.147e-7
  derivmatch lr=0.0003 iter=160/1600 loss=9.054e-7
  derivmatch lr=0.0003 iter=240/1600 loss=9.009e-7
  derivmatch lr=0.0003 iter=320/1600 loss=8.955e-7
  derivmatch lr=0.0003 iter=400/1600 loss=8.894e-7
  derivmatch lr=0.0003 iter=480/1600 loss=8.826e-7
  derivmatch lr=0.0003 iter=560/1600 loss=8.752e-7
  derivmatch lr=0.0003 iter=640/1600 loss=8.975e-7
  derivmatch lr=0.0003 iter=720/1600 loss=8.589e-7
  derivmatch lr=0.0003 iter=800/1600 loss=8.501e-7
  derivmatch lr=0.0003 iter=880/1600 loss=8.409e-7
  derivmatch lr=0.0003 iter=960/1600 loss=8.313e-7
  derivmatch lr=0.0003 iter=1040/1600 loss=8.213e-7
  derivmatch lr=0.0003 iter=1120/1600 loss=8.244e-7
  derivmatch lr=0.0003 iter=1200/1600 loss=8.005e-7
  derivmatch lr=0.0003 iter=1280/1600 loss=7.897e-7
  derivmatch lr=0.0003 iter=1360/1600 loss=7.787e-7
  derivmatch lr=0.0003 iter=1440/1600 loss=7.674e-7
  derivmatch lr=0.0003 iter=1520/1600 loss=7.559e-7
  derivmatch lr=0.0003 iter=1600/1600 loss=7.446e-7
  derivmatch lr=0.0003 iter=1600/1600 loss=7.446e-7
derivative matching [32s]  fitloss=7.45e-7
  [derivative matching]  nrmse=5.935e-5  l2=0.002596
  collocation: M=300 residuals=2394  detecting sparsity + solving...

Algorithm: LevenbergMarquardt(
    trustregion = LevenbergMarquardtTrustRegion(
        β_uphill = 0.0
    ),
    descent = GeodesicAcceleration(
        descent = DampedNewtonDescent(
            linsolve = KLUFactorization(
                reuse_symbolic = true,
                check_pattern = true
            ),
            initial_damping = 1.0,
            damping_fn = LevenbergMarquardtDampingFunction(
                increase_factor = 2.0,
                decrease_factor = 3.0,
                min_damping = 1.0e-8
            ),
            min_norm_mode = :auto
        ),
        finite_diff_step_geodesic = 0.1,
        α = 0.75
    ),
    autodiff = AutoForwardDiff(),
    vjp_autodiff = AutoFiniteDiff(
        fdtype = Val{:forward}(),
        fdjtype = Val{:forward}(),
        fdhtype = Val{:hcentral}(),
        dir = true
    ),
    jvp_autodiff = AutoForwardDiff(),
    concrete_jac = Val{true}()
)

----    	-------------       	-----------         
Iter    	f(u) 2-norm         	Step 2-norm         
----    	-------------       	-----------         
0       	2.52109764e+01      	NaN                 
1       	1.18121476e+01      	1.38565662e-02      
8       	4.24228050e-03      	1.17526935e-03      
15      	8.90289220e-04      	2.15021753e-03      
22      	6.89264928e-03      	1.35239768e-01      
29      	1.88668927e-01      	9.47955778e-01      
36      	1.05855908e-02      	3.12547777e-01      
43      	1.19429712e-01      	0.00000000e+00      
50      	3.58565588e-02      	0.00000000e+00      
57      	3.94397843e-03      	0.00000000e+00      
64      	3.29130308e-02      	0.00000000e+00      
71      	5.23540240e-02      	0.00000000e+00      
78      	1.06070474e-02      	0.00000000e+00      
85      	5.48320137e-03      	0.00000000e+00      
92      	1.97475897e-02      	0.00000000e+00      
99      	1.30376125e-02      	0.00000000e+00      
106     	2.25568076e-02      	0.00000000e+00      
113     	8.47243024e-02      	0.00000000e+00      
120     	9.06941654e-04      	1.97620554e-01      
127     	1.04025403e-02      	1.52835501e-01      
134     	7.49951463e-06      	1.89404465e-02      
141     	3.37510366e-02      	3.17746459e-01      
148     	9.19467602e-02      	0.00000000e+00      
Final   	7.37266193e-06      
----------------------      
  AMR 1/3: M=300  err=2.17e-12  obs=3.73e-8  nrmse=1.61e-6  best=1.61e-6  refined=1
  collocation: M=301 residuals=2400  detecting sparsity + solving...

Algorithm: LevenbergMarquardt(
    trustregion = LevenbergMarquardtTrustRegion(
        β_uphill = 0.0
    ),
    descent = GeodesicAcceleration(
        descent = DampedNewtonDescent(
            linsolve = KLUFactorization(
                reuse_symbolic = true,
                check_pattern = true
            ),
            initial_damping = 1.0,
            damping_fn = LevenbergMarquardtDampingFunction(
                increase_factor = 2.0,
                decrease_factor = 3.0,
                min_damping = 1.0e-8
            ),
            min_norm_mode = :auto
        ),
        finite_diff_step_geodesic = 0.1,
        α = 0.75
    ),
    autodiff = AutoForwardDiff(),
    vjp_autodiff = AutoFiniteDiff(
        fdtype = Val{:forward}(),
        fdjtype = Val{:forward}(),
        fdhtype = Val{:hcentral}(),
        dir = true
    ),
    jvp_autodiff = AutoForwardDiff(),
    concrete_jac = Val{true}()
)

----    	-------------       	-----------         
Iter    	f(u) 2-norm         	Step 2-norm         
----    	-------------       	-----------         
0       	2.54861035e+01      	3.90487846e-308     
1       	1.18051391e+01      	3.11568497e-02      
8       	3.70129206e-03      	1.39747669e-03      
15      	8.65419391e-04      	3.05495533e-03      
22      	2.57663893e-06      	6.54008999e-04      
29      	3.05680044e-06      	1.45757830e-02      
36      	9.50147467e-03      	0.00000000e+00      
43      	6.45996943e-03      	0.00000000e+00      
50      	2.24661732e-02      	0.00000000e+00      
57      	2.10000762e-01      	0.00000000e+00      
64      	3.22523394e-04      	0.00000000e+00      
71      	1.85686420e-05      	0.00000000e+00      
78      	5.49912563e-02      	0.00000000e+00      
85      	2.67181652e-06      	1.17121753e-02      
92      	4.92018148e-02      	0.00000000e+00      
99      	5.01896839e-03      	0.00000000e+00      
106     	1.87077027e-01      	4.35468878e-01      
113     	2.01167579e-01      	0.00000000e+00      
120     	3.79032637e-02      	0.00000000e+00      
127     	1.07298302e-02      	3.00826489e-01      
134     	1.01235489e-03      	0.00000000e+00      
141     	5.79846289e-04      	0.00000000e+00      
148     	4.24108572e-01      	0.00000000e+00      
Final   	2.56988584e-06      
----------------------      
  AMR 2/3: M=301  err=1.17e-13  obs=3.7e-8  nrmse=1.65e-6  best=1.61e-6  refined=41
  collocation: M=342 residuals=2646  detecting sparsity + solving...

Algorithm: LevenbergMarquardt(
    trustregion = LevenbergMarquardtTrustRegion(
        β_uphill = 0.0
    ),
    descent = GeodesicAcceleration(
        descent = DampedNewtonDescent(
            linsolve = KLUFactorization(
                reuse_symbolic = true,
                check_pattern = true
            ),
            initial_damping = 1.0,
            damping_fn = LevenbergMarquardtDampingFunction(
                increase_factor = 2.0,
                decrease_factor = 3.0,
                min_damping = 1.0e-8
            ),
            min_norm_mode = :auto
        ),
        finite_diff_step_geodesic = 0.1,
        α = 0.75
    ),
    autodiff = AutoForwardDiff(),
    vjp_autodiff = AutoFiniteDiff(
        fdtype = Val{:forward}(),
        fdjtype = Val{:forward}(),
        fdhtype = Val{:hcentral}(),
        dir = true
    ),
    jvp_autodiff = AutoForwardDiff(),
    concrete_jac = Val{true}()
)

----    	-------------       	-----------         
Iter    	f(u) 2-norm         	Step 2-norm         
----    	-------------       	-----------         
0       	2.41855500e+01      	6.19215191e-317     
1       	1.10434203e+01      	2.16461372e-02      
8       	1.10280926e-02      	1.89721767e-03      
15      	8.13623910e-04      	4.32909154e-03      
22      	2.20461370e-06      	7.78777802e-04      
29      	3.87741025e-06      	2.04343740e-02      
36      	6.33945460e-06      	1.81374195e-02      
43      	2.91610472e-02      	0.00000000e+00      
50      	4.34626321e-03      	0.00000000e+00      
57      	1.73908680e-04      	0.00000000e+00      
64      	1.64655148e-05      	2.05059767e-02      
71      	6.40803367e-04      	1.16044565e-01      
78      	4.96167871e-02      	2.97059365e-01      
85      	7.49664557e-01      	1.14925417e+00      
92      	2.81009682e-02      	0.00000000e+00      
99      	3.89672971e-03      	2.09251836e-01      
106     	8.27856494e-03      	1.39716765e-01      
113     	1.30918014e-02      	2.09503478e-01      
120     	9.00463707e-02      	0.00000000e+00      
127     	2.62011524e-02      	0.00000000e+00      
134     	2.68287873e-03      	0.00000000e+00      
141     	1.61636938e-02      	0.00000000e+00      
148     	1.38133158e-03      	7.64723408e-02      
Final   	2.19705067e-06      
----------------------      
  AMR 3/3: M=342  err=6.93e-14  obs=2.83e-8  nrmse=1.49e-6  best=1.49e-6  refined=0
collocation [127s]
  [final]  nrmse=1.49e-6  l2=5.594e-5
extrapolation window: T=15.0 -> T_test=30.0  n_test=600
  [train]  E_traj=4.837e-12  E_VF=1.104e-6  E_spec=0.3642
  [test ]  E_traj=2.716  E_VF=3.151  E_spec=0.4727
saved /orcd/home/002/txenakis/projects/BVPsolver/src/../data/runs/run_JcY2FVti/davis-skodje_fit.png
saved /orcd/home/002/txenakis/projects/BVPsolver/src/../data/runs/run_JcY2FVti/davis-skodje_fit_extrapolated.png
saved /orcd/home/002/txenakis/projects/BVPsolver/src/../data/runs/run_JcY2FVti/davis-skodje_spectral_fit_extrapolated.png
saved /orcd/home/002/txenakis/projects/BVPsolver/src/../data/runs/run_JcY2FVti/davis-skodje_vf_fit_extrapolated.png
┌ Warning: Attempting to store StiffNN.var"#22#23"{Float64}.
│ JLD2 only stores functions by name.
│  This may not be useful for anonymous functions.
└ @ JLD2 ~/.julia/packages/JLD2/ADycq/src/data/writing_datatypes.jl:447
saved run → /orcd/home/002/txenakis/projects/BVPsolver/src/../data/runs/run_JcY2FVti
