davis-skodje  model=stiff width=12 d=2 tlen=300 profile=fast seed=347  solver=Rodas5P  N=268
  derivmatch lr=0.01 iter=170/3400 loss=0.2171
  derivmatch lr=0.01 iter=340/3400 loss=0.169
  derivmatch lr=0.01 iter=510/3400 loss=0.1782
  derivmatch lr=0.01 iter=680/3400 loss=0.1017
  derivmatch lr=0.01 iter=850/3400 loss=0.09646
  derivmatch lr=0.01 iter=1020/3400 loss=0.1173
  derivmatch lr=0.01 iter=1190/3400 loss=0.06716
  derivmatch lr=0.01 iter=1360/3400 loss=0.06852
  derivmatch lr=0.01 iter=1530/3400 loss=0.08892
  derivmatch lr=0.01 iter=1700/3400 loss=0.05095
  derivmatch lr=0.01 iter=1870/3400 loss=0.05439
  derivmatch lr=0.01 iter=2040/3400 loss=0.07291
  derivmatch lr=0.01 iter=2210/3400 loss=0.0411
  derivmatch lr=0.01 iter=2380/3400 loss=0.04474
  derivmatch lr=0.01 iter=2550/3400 loss=0.0605
  derivmatch lr=0.01 iter=2720/3400 loss=0.02133
  derivmatch lr=0.01 iter=2890/3400 loss=0.02914
  derivmatch lr=0.01 iter=3060/3400 loss=0.02795
  derivmatch lr=0.01 iter=3230/3400 loss=0.02666
  derivmatch lr=0.01 iter=3400/3400 loss=0.0254
  derivmatch lr=0.01 iter=3400/3400 loss=0.02098
  derivmatch lr=0.003 iter=125/2500 loss=0.02078
  derivmatch lr=0.003 iter=250/2500 loss=0.0193
  derivmatch lr=0.003 iter=375/2500 loss=0.02748
  derivmatch lr=0.003 iter=500/2500 loss=0.01448
  derivmatch lr=0.003 iter=625/2500 loss=0.01592
  derivmatch lr=0.003 iter=750/2500 loss=0.01335
  derivmatch lr=0.003 iter=875/2500 loss=0.0144
  derivmatch lr=0.003 iter=1000/2500 loss=0.01204
  derivmatch lr=0.003 iter=1125/2500 loss=0.01323
  derivmatch lr=0.003 iter=1250/2500 loss=0.01118
  derivmatch lr=0.003 iter=1375/2500 loss=0.01244
  derivmatch lr=0.003 iter=1500/2500 loss=0.01057
  derivmatch lr=0.003 iter=1625/2500 loss=0.01185
  derivmatch lr=0.003 iter=1750/2500 loss=0.01011
  derivmatch lr=0.003 iter=1875/2500 loss=0.01138
  derivmatch lr=0.003 iter=2000/2500 loss=0.00974
  derivmatch lr=0.003 iter=2125/2500 loss=0.011
  derivmatch lr=0.003 iter=2250/2500 loss=0.009442
  derivmatch lr=0.003 iter=2375/2500 loss=0.01068
  derivmatch lr=0.003 iter=2500/2500 loss=0.009194
  derivmatch lr=0.003 iter=2500/2500 loss=0.009194
  derivmatch lr=0.001 iter=125/2500 loss=0.003462
  derivmatch lr=0.001 iter=250/2500 loss=0.002757
  derivmatch lr=0.001 iter=375/2500 loss=0.002204
  derivmatch lr=0.001 iter=500/2500 loss=0.001949
  derivmatch lr=0.001 iter=625/2500 loss=0.00339
  derivmatch lr=0.001 iter=750/2500 loss=0.00158
  derivmatch lr=0.001 iter=875/2500 loss=0.001626
  derivmatch lr=0.001 iter=1000/2500 loss=0.001371
  derivmatch lr=0.001 iter=1125/2500 loss=0.00145
  derivmatch lr=0.001 iter=1250/2500 loss=0.001251
  derivmatch lr=0.001 iter=1375/2500 loss=0.001356
  derivmatch lr=0.001 iter=1500/2500 loss=0.001217
  derivmatch lr=0.001 iter=1625/2500 loss=0.001547
  derivmatch lr=0.001 iter=1750/2500 loss=0.001426
  derivmatch lr=0.001 iter=1875/2500 loss=0.001688
  derivmatch lr=0.001 iter=2000/2500 loss=0.001734
  derivmatch lr=0.001 iter=2125/2500 loss=0.001311
  derivmatch lr=0.001 iter=2250/2500 loss=0.000962
  derivmatch lr=0.001 iter=2375/2500 loss=0.001015
  derivmatch lr=0.001 iter=2500/2500 loss=0.001282
  derivmatch lr=0.001 iter=2500/2500 loss=0.0009211
  derivmatch lr=0.0003 iter=80/1600 loss=0.000931
  derivmatch lr=0.0003 iter=160/1600 loss=0.0009184
  derivmatch lr=0.0003 iter=240/1600 loss=0.0009102
  derivmatch lr=0.0003 iter=320/1600 loss=0.000901
  derivmatch lr=0.0003 iter=400/1600 loss=0.0008911
  derivmatch lr=0.0003 iter=480/1600 loss=0.0008806
  derivmatch lr=0.0003 iter=560/1600 loss=0.0008698
  derivmatch lr=0.0003 iter=640/1600 loss=0.0008587
  derivmatch lr=0.0003 iter=720/1600 loss=0.0008474
  derivmatch lr=0.0003 iter=800/1600 loss=0.0008358
  derivmatch lr=0.0003 iter=880/1600 loss=0.0008239
  derivmatch lr=0.0003 iter=960/1600 loss=0.0008118
  derivmatch lr=0.0003 iter=1040/1600 loss=0.0007995
  derivmatch lr=0.0003 iter=1120/1600 loss=0.000787
  derivmatch lr=0.0003 iter=1200/1600 loss=0.0007742
  derivmatch lr=0.0003 iter=1280/1600 loss=0.0007611
  derivmatch lr=0.0003 iter=1360/1600 loss=0.0007479
  derivmatch lr=0.0003 iter=1440/1600 loss=0.0007345
  derivmatch lr=0.0003 iter=1520/1600 loss=0.0007209
  derivmatch lr=0.0003 iter=1600/1600 loss=0.0007071
  derivmatch lr=0.0003 iter=1600/1600 loss=0.0007071
derivative matching [33s]  fitloss=0.000707
  [derivative matching]  nrmse=0.00351  l2=0.1719
  collocation: M=300 residuals=2394  detecting sparsity + solving...

Algorithm: LevenbergMarquardt(
    trustregion = LevenbergMarquardtTrustRegion(
        β_uphill = 0.0
    ),
    descent = GeodesicAcceleration(
        descent = DampedNewtonDescent(
            linsolve = KLUFactorization(
                reuse_symbolic = true,
                check_pattern = true
            ),
            initial_damping = 1.0,
            damping_fn = LevenbergMarquardtDampingFunction(
                increase_factor = 2.0,
                decrease_factor = 3.0,
                min_damping = 1.0e-8
            ),
            min_norm_mode = :auto
        ),
        finite_diff_step_geodesic = 0.1,
        α = 0.75
    ),
    autodiff = AutoForwardDiff(),
    vjp_autodiff = AutoFiniteDiff(
        fdtype = Val{:forward}(),
        fdjtype = Val{:forward}(),
        fdhtype = Val{:hcentral}(),
        dir = true
    ),
    jvp_autodiff = AutoForwardDiff(),
    concrete_jac = Val{true}()
)

----    	-------------       	-----------         
Iter    	f(u) 2-norm         	Step 2-norm         
----    	-------------       	-----------         
0       	2.49322555e+01      	NaN                 
1       	2.49322555e+01      	0.00000000e+00      
8       	3.51195141e-02      	6.14560283e-02      
15      	6.78578234e-03      	1.50695424e-02      
22      	5.31601453e-01      	0.00000000e+00      
29      	7.22985434e+01      	0.00000000e+00      
36      	7.22985434e+01      	0.00000000e+00      
43      	2.67413158e+00      	2.75060967e-01      
50      	2.91916089e-02      	9.71470674e-02      
57      	9.99584047e-01      	0.00000000e+00      
64      	1.00935476e-02      	2.32716511e-01      
71      	3.68115915e-02      	0.00000000e+00      
78      	1.06876783e-02      	2.81725900e-01      
85      	7.13391758e-01      	0.00000000e+00      
92      	5.46624170e-01      	0.00000000e+00      
99      	2.34327274e+00      	0.00000000e+00      
106     	4.10109680e-02      	0.00000000e+00      
113     	6.01785559e-02      	2.99472995e-01      
120     	5.11350638e-02      	1.30846924e-01      
127     	1.42546553e+00      	4.92834829e-01      
134     	2.84377660e-04      	4.09556894e-02      
141     	1.64831459e-03      	0.00000000e+00      
148     	2.76484558e-02      	1.97963944e-01      
Final   	1.25418664e-04      
----------------------      
  AMR 1/3: M=300  err=3.56e-10  obs=1.64e-7  nrmse=2.12e-6  best=2.12e-6  refined=43
  collocation: M=343 residuals=2652  detecting sparsity + solving...

Algorithm: LevenbergMarquardt(
    trustregion = LevenbergMarquardtTrustRegion(
        β_uphill = 0.0
    ),
    descent = GeodesicAcceleration(
        descent = DampedNewtonDescent(
            linsolve = KLUFactorization(
                reuse_symbolic = true,
                check_pattern = true
            ),
            initial_damping = 1.0,
            damping_fn = LevenbergMarquardtDampingFunction(
                increase_factor = 2.0,
                decrease_factor = 3.0,
                min_damping = 1.0e-8
            ),
            min_norm_mode = :auto
        ),
        finite_diff_step_geodesic = 0.1,
        α = 0.75
    ),
    autodiff = AutoForwardDiff(),
    vjp_autodiff = AutoFiniteDiff(
        fdtype = Val{:forward}(),
        fdjtype = Val{:forward}(),
        fdhtype = Val{:hcentral}(),
        dir = true
    ),
    jvp_autodiff = AutoForwardDiff(),
    concrete_jac = Val{true}()
)

----    	-------------       	-----------         
Iter    	f(u) 2-norm         	Step 2-norm         
----    	-------------       	-----------         
0       	1.79054746e+01      	4.00444539e+252     
1       	8.36199498e+00      	1.66888955e-01      
8       	4.98287391e-03      	7.83926626e-03      
15      	6.73515556e-04      	2.22038322e-02      
22      	9.07100646e-06      	2.20911339e-03      
29      	4.53491975e-04      	3.00134570e-01      
36      	6.15255552e-04      	1.99951230e-01      
43      	1.72082546e-02      	8.12023517e-01      
50      	2.53752602e-02      	0.00000000e+00      
57      	2.38293585e-02      	0.00000000e+00      
64      	1.42965303e-03      	1.41192633e-01      
71      	5.48295625e-03      	0.00000000e+00      
78      	9.66261618e-02      	0.00000000e+00      
85      	8.73736451e-03      	0.00000000e+00      
92      	7.41252154e-02      	0.00000000e+00      
99      	3.75333282e-03      	4.97427314e-01      
106     	3.46669575e-01      	1.61746942e+00      
113     	3.44948691e-01      	0.00000000e+00      
120     	2.22997138e-03      	6.38734289e-01      
127     	1.86049847e-02      	1.01481834e+00      
134     	3.15433488e-02      	0.00000000e+00      
141     	5.20638576e-03      	0.00000000e+00      
148     	4.09882670e-01      	0.00000000e+00      
Final   	9.06259041e-06      
----------------------      
  AMR 2/3: M=343  err=1.95e-12  obs=1.61e-7  nrmse=2.11e-6  best=2.11e-6  refined=17
  collocation: M=360 residuals=2754  detecting sparsity + solving...

Algorithm: LevenbergMarquardt(
    trustregion = LevenbergMarquardtTrustRegion(
        β_uphill = 0.0
    ),
    descent = GeodesicAcceleration(
        descent = DampedNewtonDescent(
            linsolve = KLUFactorization(
                reuse_symbolic = true,
                check_pattern = true
            ),
            initial_damping = 1.0,
            damping_fn = LevenbergMarquardtDampingFunction(
                increase_factor = 2.0,
                decrease_factor = 3.0,
                min_damping = 1.0e-8
            ),
            min_norm_mode = :auto
        ),
        finite_diff_step_geodesic = 0.1,
        α = 0.75
    ),
    autodiff = AutoForwardDiff(),
    vjp_autodiff = AutoFiniteDiff(
        fdtype = Val{:forward}(),
        fdjtype = Val{:forward}(),
        fdhtype = Val{:hcentral}(),
        dir = true
    ),
    jvp_autodiff = AutoForwardDiff(),
    concrete_jac = Val{true}()
)

----    	-------------       	-----------         
Iter    	f(u) 2-norm         	Step 2-norm         
----    	-------------       	-----------         
0       	1.78621633e+01      	1.34760003e-315     
1       	8.33508594e+00      	1.77849557e-01      
8       	5.77866239e-03      	7.98994653e-03      
15      	6.73081202e-04      	2.47032453e-02      
22      	8.53252676e-06      	1.98874772e-02      
29      	2.80516222e-04      	1.57199285e-01      
36      	1.27490719e-03      	1.61508447e-01      
43      	2.15549105e-02      	7.90693081e-01      
50      	9.22508119e-04      	0.00000000e+00      
57      	5.27630674e-03      	0.00000000e+00      
64      	3.14081494e-03      	1.93156739e-01      
71      	1.04911103e-02      	0.00000000e+00      
78      	1.13119726e-02      	0.00000000e+00      
85      	2.91506749e-02      	0.00000000e+00      
92      	1.65612859e-03      	2.44307924e-01      
99      	4.73653162e-02      	0.00000000e+00      
106     	1.40605215e-03      	0.00000000e+00      
113     	1.71000821e-01      	0.00000000e+00      
120     	4.84992121e-02      	0.00000000e+00      
127     	2.78520959e-02      	2.17109974e+00      
134     	1.26550206e-01      	3.37270858e+00      
141     	5.57483952e-03      	0.00000000e+00      
148     	6.50103439e-02      	4.01253693e+00      
Final   	8.52450650e-06      
----------------------      
  AMR 3/3: M=360  err=1.46e-12  obs=1.53e-7  nrmse=2.09e-6  best=2.09e-6  refined=0
collocation [140s]
  [final]  nrmse=2.086e-6  l2=7.43e-5
extrapolation window: T=15.0 -> T_test=30.0  n_test=600
  [train]  E_traj=1.401e-11  E_VF=7.148e-6  E_spec=0.2301
  [test ]  E_traj=693.1  E_VF=25520.0  E_spec=0.4775
saved /orcd/home/002/txenakis/projects/BVPsolver/src/../data/runs/run_Wl2IqcQC/davis-skodje_fit.png
saved /orcd/home/002/txenakis/projects/BVPsolver/src/../data/runs/run_Wl2IqcQC/davis-skodje_fit_extrapolated.png
saved /orcd/home/002/txenakis/projects/BVPsolver/src/../data/runs/run_Wl2IqcQC/davis-skodje_spectral_fit_extrapolated.png
saved /orcd/home/002/txenakis/projects/BVPsolver/src/../data/runs/run_Wl2IqcQC/davis-skodje_vf_fit_extrapolated.png
┌ Warning: Attempting to store StiffNN.var"#22#23"{Float64}.
│ JLD2 only stores functions by name.
│  This may not be useful for anonymous functions.
└ @ JLD2 ~/.julia/packages/JLD2/ADycq/src/data/writing_datatypes.jl:447
saved run → /orcd/home/002/txenakis/projects/BVPsolver/src/../data/runs/run_Wl2IqcQC
