davis-skodje  model=stiff width=12 d=2 tlen=300 profile=fast seed=323  solver=Rodas5P  N=268
  derivmatch lr=0.01 iter=170/3400 loss=0.08149
  derivmatch lr=0.01 iter=340/3400 loss=0.02619
  derivmatch lr=0.01 iter=510/3400 loss=0.01105
  derivmatch lr=0.01 iter=680/3400 loss=0.005188
  derivmatch lr=0.01 iter=850/3400 loss=0.003004
  derivmatch lr=0.01 iter=1020/3400 loss=0.001944
  derivmatch lr=0.01 iter=1190/3400 loss=0.001333
  derivmatch lr=0.01 iter=1360/3400 loss=0.0009144
  derivmatch lr=0.01 iter=1530/3400 loss=0.0006005
  derivmatch lr=0.01 iter=1700/3400 loss=0.0004601
  derivmatch lr=0.01 iter=1870/3400 loss=0.0002544
  derivmatch lr=0.01 iter=2040/3400 loss=0.000332
  derivmatch lr=0.01 iter=2210/3400 loss=0.0001913
  derivmatch lr=0.01 iter=2380/3400 loss=0.0004889
  derivmatch lr=0.01 iter=2550/3400 loss=0.0001786
  derivmatch lr=0.01 iter=2720/3400 loss=0.0001179
  derivmatch lr=0.01 iter=2890/3400 loss=0.0001248
  derivmatch lr=0.01 iter=3060/3400 loss=0.0001194
  derivmatch lr=0.01 iter=3230/3400 loss=0.0001377
  derivmatch lr=0.01 iter=3400/3400 loss=0.0002273
  derivmatch lr=0.01 iter=3400/3400 loss=9.293e-5
  derivmatch lr=0.003 iter=125/2500 loss=8.866e-5
  derivmatch lr=0.003 iter=250/2500 loss=6.463e-5
  derivmatch lr=0.003 iter=375/2500 loss=5.37e-5
  derivmatch lr=0.003 iter=500/2500 loss=4.776e-5
  derivmatch lr=0.003 iter=625/2500 loss=4.282e-5
  derivmatch lr=0.003 iter=750/2500 loss=3.796e-5
  derivmatch lr=0.003 iter=875/2500 loss=3.359e-5
  derivmatch lr=0.003 iter=1000/2500 loss=3.01e-5
  derivmatch lr=0.003 iter=1125/2500 loss=0.0005427
  derivmatch lr=0.003 iter=1250/2500 loss=2.951e-5
  derivmatch lr=0.003 iter=1375/2500 loss=2.631e-5
  derivmatch lr=0.003 iter=1500/2500 loss=2.455e-5
  derivmatch lr=0.003 iter=1625/2500 loss=2.311e-5
  derivmatch lr=0.003 iter=1750/2500 loss=2.184e-5
  derivmatch lr=0.003 iter=1875/2500 loss=2.069e-5
  derivmatch lr=0.003 iter=2000/2500 loss=4.094e-5
  derivmatch lr=0.003 iter=2125/2500 loss=2.048e-5
  derivmatch lr=0.003 iter=2250/2500 loss=1.937e-5
  derivmatch lr=0.003 iter=2375/2500 loss=1.85e-5
  derivmatch lr=0.003 iter=2500/2500 loss=1.774e-5
  derivmatch lr=0.003 iter=2500/2500 loss=1.774e-5
  derivmatch lr=0.001 iter=125/2500 loss=1.784e-5
  derivmatch lr=0.001 iter=250/2500 loss=1.756e-5
  derivmatch lr=0.001 iter=375/2500 loss=1.732e-5
  derivmatch lr=0.001 iter=500/2500 loss=1.706e-5
  derivmatch lr=0.001 iter=625/2500 loss=1.677e-5
  derivmatch lr=0.001 iter=750/2500 loss=1.647e-5
  derivmatch lr=0.001 iter=875/2500 loss=1.615e-5
  derivmatch lr=0.001 iter=1000/2500 loss=1.583e-5
  derivmatch lr=0.001 iter=1125/2500 loss=1.549e-5
  derivmatch lr=0.001 iter=1250/2500 loss=1.516e-5
  derivmatch lr=0.001 iter=1375/2500 loss=1.483e-5
  derivmatch lr=0.001 iter=1500/2500 loss=1.47e-5
  derivmatch lr=0.001 iter=1625/2500 loss=1.419e-5
  derivmatch lr=0.001 iter=1750/2500 loss=1.412e-5
  derivmatch lr=0.001 iter=1875/2500 loss=1.372e-5
  derivmatch lr=0.001 iter=2000/2500 loss=1.356e-5
  derivmatch lr=0.001 iter=2125/2500 loss=1.33e-5
  derivmatch lr=0.001 iter=2250/2500 loss=1.309e-5
  derivmatch lr=0.001 iter=2375/2500 loss=1.347e-5
  derivmatch lr=0.001 iter=2500/2500 loss=1.276e-5
  derivmatch lr=0.001 iter=2500/2500 loss=1.276e-5
  derivmatch lr=0.0003 iter=80/1600 loss=1.267e-5
  derivmatch lr=0.0003 iter=160/1600 loss=1.263e-5
  derivmatch lr=0.0003 iter=240/1600 loss=1.257e-5
  derivmatch lr=0.0003 iter=320/1600 loss=1.251e-5
  derivmatch lr=0.0003 iter=400/1600 loss=1.245e-5
  derivmatch lr=0.0003 iter=480/1600 loss=1.238e-5
  derivmatch lr=0.0003 iter=560/1600 loss=1.23e-5
  derivmatch lr=0.0003 iter=640/1600 loss=1.222e-5
  derivmatch lr=0.0003 iter=720/1600 loss=1.214e-5
  derivmatch lr=0.0003 iter=800/1600 loss=1.206e-5
  derivmatch lr=0.0003 iter=880/1600 loss=1.198e-5
  derivmatch lr=0.0003 iter=960/1600 loss=1.189e-5
  derivmatch lr=0.0003 iter=1040/1600 loss=1.182e-5
  derivmatch lr=0.0003 iter=1120/1600 loss=1.176e-5
  derivmatch lr=0.0003 iter=1200/1600 loss=1.255e-5
  derivmatch lr=0.0003 iter=1280/1600 loss=1.157e-5
  derivmatch lr=0.0003 iter=1360/1600 loss=1.15e-5
  derivmatch lr=0.0003 iter=1440/1600 loss=1.143e-5
  derivmatch lr=0.0003 iter=1520/1600 loss=1.139e-5
  derivmatch lr=0.0003 iter=1600/1600 loss=1.129e-5
  derivmatch lr=0.0003 iter=1600/1600 loss=1.129e-5
derivative matching [30s]  fitloss=1.13e-5
  [derivative matching]  nrmse=0.0007865  l2=0.03724
  collocation: M=300 residuals=2394  detecting sparsity + solving...

Algorithm: LevenbergMarquardt(
    trustregion = LevenbergMarquardtTrustRegion(
        β_uphill = 0.0
    ),
    descent = GeodesicAcceleration(
        descent = DampedNewtonDescent(
            linsolve = KLUFactorization(
                reuse_symbolic = true,
                check_pattern = true
            ),
            initial_damping = 1.0,
            damping_fn = LevenbergMarquardtDampingFunction(
                increase_factor = 2.0,
                decrease_factor = 3.0,
                min_damping = 1.0e-8
            ),
            min_norm_mode = :auto
        ),
        finite_diff_step_geodesic = 0.1,
        α = 0.75
    ),
    autodiff = AutoForwardDiff(),
    vjp_autodiff = AutoFiniteDiff(
        fdtype = Val{:forward}(),
        fdjtype = Val{:forward}(),
        fdhtype = Val{:hcentral}(),
        dir = true
    ),
    jvp_autodiff = AutoForwardDiff(),
    concrete_jac = Val{true}()
)

----    	-------------       	-----------         
Iter    	f(u) 2-norm         	Step 2-norm         
----    	-------------       	-----------         
0       	2.57971307e+01      	NaN                 
1       	1.21058998e+01      	9.96064761e-02      
8       	3.61043341e-02      	2.48908676e-03      
15      	1.00615272e-03      	4.97721527e-03      
22      	2.39280838e-01      	0.00000000e+00      
29      	1.08032601e-01      	0.00000000e+00      
36      	5.40920336e+00      	0.00000000e+00      
43      	1.36916731e-01      	3.01721848e-01      
50      	3.98566900e+00      	2.50268583e+00      
57      	2.94756397e+00      	0.00000000e+00      
64      	1.86207618e-02      	2.61997028e-01      
71      	1.07055850e+00      	1.08010637e+00      
78      	6.35850984e-02      	0.00000000e+00      
85      	5.39647588e-02      	0.00000000e+00      
92      	4.17932786e-03      	1.67863168e-01      
99      	6.47578774e-03      	0.00000000e+00      
106     	1.80529129e-03      	0.00000000e+00      
113     	2.27195348e-02      	0.00000000e+00      
120     	4.45884967e-04      	0.00000000e+00      
127     	6.86506834e-01      	0.00000000e+00      
134     	2.48116084e-01      	0.00000000e+00      
141     	2.08368033e-04      	5.15913391e-02      
148     	3.54768280e-02      	0.00000000e+00      
Final   	4.24771179e-05      
----------------------      
  AMR 1/3: M=300  err=4.5e-11  obs=4.85e-8  nrmse=2.85e-6  best=2.85e-6  refined=33
  collocation: M=333 residuals=2592  detecting sparsity + solving...

Algorithm: LevenbergMarquardt(
    trustregion = LevenbergMarquardtTrustRegion(
        β_uphill = 0.0
    ),
    descent = GeodesicAcceleration(
        descent = DampedNewtonDescent(
            linsolve = KLUFactorization(
                reuse_symbolic = true,
                check_pattern = true
            ),
            initial_damping = 1.0,
            damping_fn = LevenbergMarquardtDampingFunction(
                increase_factor = 2.0,
                decrease_factor = 3.0,
                min_damping = 1.0e-8
            ),
            min_norm_mode = :auto
        ),
        finite_diff_step_geodesic = 0.1,
        α = 0.75
    ),
    autodiff = AutoForwardDiff(),
    vjp_autodiff = AutoFiniteDiff(
        fdtype = Val{:forward}(),
        fdjtype = Val{:forward}(),
        fdhtype = Val{:hcentral}(),
        dir = true
    ),
    jvp_autodiff = AutoForwardDiff(),
    concrete_jac = Val{true}()
)

----    	-------------       	-----------         
Iter    	f(u) 2-norm         	Step 2-norm         
----    	-------------       	-----------         
0       	2.40726079e+01      	NaN                 
1       	2.40726079e+01      	0.00000000e+00      
8       	4.18798867e+00      	1.41575512e-02      
15      	3.02892435e-02      	0.00000000e+00      
22      	7.86728342e-03      	4.43851982e-03      
29      	3.55168741e-04      	2.56215488e-02      
36      	3.54685860e-06      	1.09416307e-02      
43      	1.04948327e-02      	0.00000000e+00      
50      	1.25522846e-01      	0.00000000e+00      
57      	6.83898897e-03      	0.00000000e+00      
64      	9.61267514e-03      	0.00000000e+00      
71      	2.07213270e-02      	0.00000000e+00      
78      	1.67789652e-03      	0.00000000e+00      
85      	1.33439496e-04      	1.58575782e-01      
92      	5.71242404e-02      	0.00000000e+00      
99      	8.83093135e-03      	3.51099764e-01      
106     	2.59165590e-02      	0.00000000e+00      
113     	2.53310321e-03      	1.49462489e-01      
120     	7.19192127e-05      	0.00000000e+00      
127     	1.03035348e-01      	9.87890184e-01      
134     	3.87711570e-02      	0.00000000e+00      
141     	3.93762521e-05      	0.00000000e+00      
148     	5.72783331e-05      	0.00000000e+00      
Final   	3.54573836e-06      
----------------------      
  AMR 2/3: M=333  err=2.27e-13  obs=4.7e-8  nrmse=3.18e-6  best=2.85e-6  refined=40
  collocation: M=373 residuals=2832  detecting sparsity + solving...

Algorithm: LevenbergMarquardt(
    trustregion = LevenbergMarquardtTrustRegion(
        β_uphill = 0.0
    ),
    descent = GeodesicAcceleration(
        descent = DampedNewtonDescent(
            linsolve = KLUFactorization(
                reuse_symbolic = true,
                check_pattern = true
            ),
            initial_damping = 1.0,
            damping_fn = LevenbergMarquardtDampingFunction(
                increase_factor = 2.0,
                decrease_factor = 3.0,
                min_damping = 1.0e-8
            ),
            min_norm_mode = :auto
        ),
        finite_diff_step_geodesic = 0.1,
        α = 0.75
    ),
    autodiff = AutoForwardDiff(),
    vjp_autodiff = AutoFiniteDiff(
        fdtype = Val{:forward}(),
        fdjtype = Val{:forward}(),
        fdhtype = Val{:hcentral}(),
        dir = true
    ),
    jvp_autodiff = AutoForwardDiff(),
    concrete_jac = Val{true}()
)

----    	-------------       	-----------         
Iter    	f(u) 2-norm         	Step 2-norm         
----    	-------------       	-----------         
0       	2.29042189e+01      	1.00000000e+00      
1       	2.29042189e+01      	0.00000000e+00      
8       	3.87252418e+00      	1.37134372e-02      
15      	3.13656900e-02      	0.00000000e+00      
22      	1.69571840e-02      	0.00000000e+00      
29      	6.43278453e-04      	7.91782637e-03      
36      	3.77249561e-06      	2.76696739e-02      
43      	3.24871644e-03      	1.64136941e-01      
50      	6.37285472e-03      	0.00000000e+00      
57      	2.34843878e-01      	0.00000000e+00      
64      	5.09588626e-03      	3.16758512e-01      
71      	2.19966869e-03      	0.00000000e+00      
78      	1.47649569e-01      	0.00000000e+00      
85      	1.60846050e-02      	0.00000000e+00      
92      	4.94544778e-02      	0.00000000e+00      
99      	1.98631201e-02      	0.00000000e+00      
106     	5.37395421e-02      	0.00000000e+00      
113     	1.74178986e-05      	1.10742723e-01      
120     	4.40034538e-02      	0.00000000e+00      
127     	1.28213422e-01      	0.00000000e+00      
134     	4.99258543e-03      	3.84262716e-01      
141     	3.71284090e-03      	0.00000000e+00      
148     	5.04706359e-02      	0.00000000e+00      
Final   	3.08866107e-06      
----------------------      
  AMR 3/3: M=373  err=1.53e-13  obs=3.66e-8  nrmse=3.63e-6  best=2.85e-6  refined=0
collocation [133s]
  [final]  nrmse=2.85e-6  l2=7.84e-5
extrapolation window: T=15.0 -> T_test=30.0  n_test=600
  [train]  E_traj=1.325e-11  E_VF=5.699e-6  E_spec=0.2271
  [test ]  E_traj=2.517  E_VF=17.35  E_spec=0.4807
saved /orcd/home/002/txenakis/projects/BVPsolver/src/../data/runs/run_9t1pvAMA/davis-skodje_fit.png
saved /orcd/home/002/txenakis/projects/BVPsolver/src/../data/runs/run_9t1pvAMA/davis-skodje_fit_extrapolated.png
saved /orcd/home/002/txenakis/projects/BVPsolver/src/../data/runs/run_9t1pvAMA/davis-skodje_spectral_fit_extrapolated.png
saved /orcd/home/002/txenakis/projects/BVPsolver/src/../data/runs/run_9t1pvAMA/davis-skodje_vf_fit_extrapolated.png
┌ Warning: Attempting to store StiffNN.var"#22#23"{Float64}.
│ JLD2 only stores functions by name.
│  This may not be useful for anonymous functions.
└ @ JLD2 ~/.julia/packages/JLD2/ADycq/src/data/writing_datatypes.jl:447
saved run → /orcd/home/002/txenakis/projects/BVPsolver/src/../data/runs/run_9t1pvAMA
