┌ Warning: Verbosity toggle: dt_epsilon 
│  Initial timestep too small (near machine epsilon), using default: dt = 1.0e-6
└ @ OrdinaryDiffEqCore ~/.julia/packages/OrdinaryDiffEqCore/NVUZl/src/initdt.jl:222
pollu  model=GELU-scaled d=20 tlen=50 profile=fast seed=11  solver=Rodas5  N=650

******************************************************************************
This program contains Ipopt, a library for large-scale nonlinear optimization.
 Ipopt is released as open source code under the Eclipse Public License (EPL).
         For more information visit https://github.com/coin-or/Ipopt
******************************************************************************

This is Ipopt version 3.14.19, running with linear solver MUMPS 5.9.0.

Number of nonzeros in equality constraint Jacobian...:   719020
Number of nonzeros in inequality constraint Jacobian.:        0
Number of nonzeros in Lagrangian Hessian.............:        0

Total number of variables............................:     1650
                     variables with only lower bounds:        0
                variables with lower and upper bounds:        0
                     variables with only upper bounds:        0
Total number of equality constraints.................:     1020
Total number of inequality constraints...............:        0
        inequality constraints with only lower bounds:        0
   inequality constraints with lower and upper bounds:        0
        inequality constraints with only upper bounds:        0

iter    objective    inf_pr   inf_du lg(mu)  ||d||  lg(rg) alpha_du alpha_pr  ls
   0  5.1877926e-05 2.11e-01 1.09e-06   0.0 0.00e+00    -  0.00e+00 0.00e+00   0
   1  2.7795043e-01 7.60e-07 8.80e-02 -11.0 8.80e-02    -  1.00e+00 1.00e+00h  1
   2  2.4822421e-01 8.18e-07 1.50e-01 -11.0 7.95e-02    -  1.00e+00 1.00e+00f  1
   3  1.2593074e-01 1.15e-03 7.43e-02 -11.0 9.57e-01    -  1.00e+00 1.00e+00f  1
   4  7.5487035e-02 2.53e-04 4.09e-02 -11.0 5.08e-01    -  1.00e+00 1.00e+00h  1
   5  8.1182183e-02 3.37e-05 5.89e-02 -11.0 2.02e-01    -  1.00e+00 1.00e+00h  1
   6  6.8688158e-02 5.25e-06 9.52e-03 -11.0 8.41e-02    -  1.00e+00 1.00e+00h  1
   7  6.7376770e-02 3.38e-07 9.18e-03 -11.0 3.73e-02    -  1.00e+00 1.00e+00h  1
   8  6.5152520e-02 2.70e-06 6.87e-03 -11.0 1.42e-01    -  1.00e+00 1.00e+00h  1
   9  6.4304174e-02 7.81e-07 3.58e-03 -11.0 9.59e-02    -  1.00e+00 1.00e+00h  1
iter    objective    inf_pr   inf_du lg(mu)  ||d||  lg(rg) alpha_du alpha_pr  ls
  10  6.3572788e-02 2.86e-06 7.11e-03 -11.0 2.35e-01    -  1.00e+00 1.00e+00h  1
  11  7.1657958e-02 2.55e-07 3.76e-02 -11.0 7.01e-01    -  1.00e+00 1.00e+00H  1
  12  6.3960784e-02 4.69e-07 1.33e-02 -11.0 5.68e-01    -  1.00e+00 1.00e+00F  1
  13  6.3427131e-02 1.61e-06 5.75e-03 -11.0 5.98e-01    -  1.00e+00 1.25e-01h  4
  14  6.3161091e-02 8.89e-07 3.60e-03 -11.0 8.19e-02    -  1.00e+00 1.00e+00h  1
  15  6.3932969e-02 3.57e-08 1.11e-02 -11.0 1.15e-01    -  1.00e+00 1.00e+00H  1
  16  6.3112596e-02 1.47e-06 9.72e-04 -11.0 1.08e-01    -  1.00e+00 1.00e+00h  1
  17  6.3102345e-02 2.22e-08 6.67e-04 -11.0 6.84e-03    -  1.00e+00 1.00e+00h  1
  18  6.3046442e-02 4.09e-07 4.88e-04 -11.0 3.81e-02    -  1.00e+00 1.00e+00h  1
  19  6.3010115e-02 2.25e-06 1.82e-03 -11.0 7.07e-01    -  1.00e+00 6.25e-02h  5
iter    objective    inf_pr   inf_du lg(mu)  ||d||  lg(rg) alpha_du alpha_pr  ls
  20  6.2930361e-02 9.02e-06 3.32e-03 -11.0 1.58e+00    -  1.00e+00 6.25e-02h  5
  21  6.2784325e-02 7.81e-05 6.47e-03 -11.0 4.08e+00    -  1.00e+00 6.25e-02h  5
  22  6.2490977e-02 3.99e-04 1.09e-02 -11.0 1.36e+02    -  1.00e+00 3.91e-03h  9
  23  6.2210656e-02 4.09e-04 1.25e-02 -11.0 6.51e+00    -  1.00e+00 3.12e-02h  6
  24  6.2180789e-02 4.09e-04 1.23e-02 -11.0 5.73e+00    -  1.00e+00 3.91e-03h  9
  25  6.0748918e-02 2.01e-05 6.12e-03 -11.0 2.07e-01    -  1.00e+00 1.00e+00h  1
  26  6.0161144e-02 5.63e-04 1.58e-02 -11.0 2.36e+02    -  1.00e+00 3.91e-03f  9
  27  5.9392311e-02 1.48e-03 6.70e+00 -11.0 1.47e+01  -4.0 1.00e+00 3.12e-02h  6
  28  5.7486978e-02 1.89e-03 1.51e+01 -11.0 8.15e+01    -  1.00e+00 3.91e-03h  9
  29  5.7299771e-02 1.85e-03 1.70e+01 -11.0 2.07e+00    -  1.00e+00 3.12e-02h  6
iter    objective    inf_pr   inf_du lg(mu)  ||d||  lg(rg) alpha_du alpha_pr  ls
  30  3.8888479e-02 9.15e-05 4.91e+00 -11.0 3.78e-01    -  1.00e+00 1.00e+00h  1
  31  3.1940558e-02 1.62e-04 6.28e+00 -11.0 2.64e+00    -  1.00e+00 1.25e-01h  4
  32  2.8718548e-02 2.33e-04 5.48e+00 -11.0 1.26e+00    -  1.00e+00 2.50e-01h  3
  33  2.4979266e-02 4.90e-04 8.90e+00 -11.0 1.49e+00    -  1.00e+00 5.00e-01h  2
  34  2.3445822e-02 4.52e-04 4.71e+00 -11.0 2.13e+00    -  1.00e+00 6.25e-02h  5
  35  2.2421461e-02 4.04e-04 4.59e+00 -11.0 1.25e+00    -  1.00e+00 2.50e-01h  3
  36  2.1108485e-02 5.81e-04 3.29e+00 -11.0 3.45e+00    -  1.00e+00 6.25e-02h  5
  37  1.8665507e-02 2.78e-03 6.28e+00 -11.0 9.24e+00    -  1.00e+00 6.25e-02h  5
  38  1.8184175e-02 6.08e-03 2.32e+01 -11.0 1.70e+01    -  1.00e+00 6.25e-02h  5
  39  1.7199018e-02 5.79e-03 3.34e+01 -11.0 3.55e+00    -  1.00e+00 6.25e-02h  5
iter    objective    inf_pr   inf_du lg(mu)  ||d||  lg(rg) alpha_du alpha_pr  ls
  40  1.5938417e-02 5.00e-03 4.93e+01 -11.0 2.34e+00    -  1.00e+00 2.50e-01h  3
  41  4.9036117e-01 2.42e-03 7.52e+01 -11.0 9.59e-01    -  1.00e+00 1.00e+00w  1
  42  2.0012260e-02 1.84e-03 1.25e+02 -11.0 1.17e+00    -  1.00e+00 1.00e+00h  1
  43  1.8631273e-02 1.01e-03 1.07e+02 -11.0 2.71e+00    -  1.00e+00 2.50e-01h  3
  44  1.4778689e-02 2.49e-03 1.11e+02 -11.0 4.38e+01    -  1.00e+00 1.56e-02h  7
  45  1.4209474e-02 5.20e-03 9.27e+01 -11.0 1.07e+01    -  1.00e+00 6.25e-02h  5
  46  1.3448519e-02 6.26e-03 9.32e+01 -11.0 1.31e+02    -  1.00e+00 3.91e-03h  9
  47  1.3058151e-02 6.53e-03 9.21e+01 -11.0 5.59e+01    -  1.00e+00 3.91e-03h  9
  48  1.2883152e-02 6.56e-03 8.99e+01 -11.0 3.56e+01    -  1.00e+00 3.91e-03h  9
  49  1.2833261e-02 6.73e-03 8.83e+01 -11.0 2.41e+01    -  1.00e+00 7.81e-03h  8
iter    objective    inf_pr   inf_du lg(mu)  ||d||  lg(rg) alpha_du alpha_pr  ls
  50  1.2557951e-02 6.85e-03 8.57e+01 -11.0 1.91e+02    -  1.00e+00 9.77e-04h 11
  51  1.2191042e-02 7.31e-03 6.98e+01 -11.0 6.06e+00    -  1.00e+00 3.12e-02h  6
  52  1.7446175e-02 5.42e-04 2.33e+01 -11.0 4.48e-02    -  1.00e+00 1.00e+00h  1
  53  1.3722175e-02 4.80e-05 1.48e+01 -11.0 2.37e-02    -  1.00e+00 1.00e+00h  1
  54  1.2152956e-02 1.27e-05 2.66e+00 -11.0 2.66e-02    -  1.00e+00 1.00e+00h  1
  55  1.1716338e-02 7.52e-07 1.02e+00 -11.0 6.37e-03    -  1.00e+00 1.00e+00h  1
  56  1.1481326e-02 5.58e-07 5.88e-01 -11.0 1.20e-02    -  1.00e+00 1.00e+00h  1
  57  1.1155583e-02 1.18e-06 1.42e+00 -11.0 2.46e-02    -  1.00e+00 1.00e+00h  1
  58  1.0899775e-02 6.08e-06 4.60e+00 -11.0 4.59e-02    -  1.00e+00 1.00e+00h  1
  59  1.0958434e-02 1.85e-06 1.07e+01 -11.0 2.66e-02    -  1.00e+00 1.00e+00H  1
iter    objective    inf_pr   inf_du lg(mu)  ||d||  lg(rg) alpha_du alpha_pr  ls
  60  1.0711015e-02 5.72e-06 1.48e+00 -11.0 2.27e-02    -  1.00e+00 1.00e+00h  1
  61  1.0747021e-02 5.31e-07 1.66e+00 -11.0 9.18e-03    -  1.00e+00 1.00e+00h  1
  62  1.0656710e-02 1.97e-07 1.42e+00 -11.0 5.84e-03    -  1.00e+00 1.00e+00h  1
  63  1.0646704e-02 1.88e-06 4.55e+00 -11.0 9.08e-03    -  1.00e+00 1.00e+00h  1
  64  1.0536235e-02 3.04e-05 3.67e+01 -11.0 2.26e-01    -  1.00e+00 2.50e-01h  3
  65  1.0442354e-02 1.22e-04 8.32e+01 -11.0 7.97e-01    -  1.00e+00 1.25e-01h  4
  66  1.0181642e-02 1.70e-04 1.17e+02 -11.0 3.46e-01    -  1.00e+00 2.50e-01h  3
  67  9.5298438e-03 6.13e-04 2.34e+02 -11.0 7.22e-01    -  1.00e+00 2.50e-01h  3
  68  9.4574410e-03 9.93e-05 1.07e+02 -11.0 9.21e-02    -  1.00e+00 1.00e+00h  1
  69  8.5375295e-03 6.88e-05 7.49e+01 -11.0 1.30e-01    -  1.00e+00 5.00e-01h  2
iter    objective    inf_pr   inf_du lg(mu)  ||d||  lg(rg) alpha_du alpha_pr  ls
  70  8.3069402e-03 5.73e-05 5.46e+01 -11.0 1.89e-01    -  1.00e+00 2.50e-01h  3
  71  8.3996424e-03 5.40e-05 6.23e+01 -11.0 3.73e-01    -  1.00e+00 2.50e-01h  3
  72  9.2510867e-03 1.09e-05 1.89e+01 -11.0 7.31e-02    -  1.00e+00 1.00e+00h  1
  73  8.6713945e-03 8.62e-06 1.61e+00 -11.0 2.36e-02    -  1.00e+00 1.00e+00h  1
  74  8.1266618e-03 5.71e-06 1.93e+00 -11.0 1.66e-02    -  1.00e+00 1.00e+00h  1
  75  8.1874926e-03 1.15e-06 1.49e+00 -11.0 1.54e-02    -  1.00e+00 1.00e+00h  1
  76  8.1266731e-03 2.58e-06 3.62e+00 -11.0 2.53e-01    -  1.00e+00 6.25e-02h  5
  77  8.2407393e-03 7.32e-07 2.41e+00 -11.0 6.51e-02    -  1.00e+00 1.00e+00H  1
  78  8.0994199e-03 6.90e-06 5.16e+00 -11.0 5.34e-02    -  1.00e+00 5.00e-01h  2
  79  7.8789434e-03 4.88e-06 3.60e+00 -11.0 6.15e-02    -  1.00e+00 1.00e+00h  1
iter    objective    inf_pr   inf_du lg(mu)  ||d||  lg(rg) alpha_du alpha_pr  ls
  80  7.6138299e-03 2.17e-06 3.22e-01 -11.0 3.32e-02    -  1.00e+00 1.00e+00h  1
  81  7.5608122e-03 5.06e-06 1.17e+00 -11.0 1.52e-01    -  1.00e+00 1.25e-01h  4
  82  7.4027803e-03 5.62e-04 1.85e+01 -11.0 2.88e-01    -  1.00e+00 1.00e+00H  1
  83  7.1666157e-03 5.54e-04 2.04e+01 -11.0 5.43e+00    -  1.00e+00 1.56e-02h  7
  84  7.3570652e-03 5.45e-04 1.81e+01 -11.0 8.93e-01    -  1.00e+00 6.25e-02h  5
  85  7.1349040e-03 4.26e-04 1.36e+01 -11.0 1.85e-01    -  1.00e+00 2.50e-01h  3
  86  6.3625271e-03 3.47e-04 7.91e+00 -11.0 3.56e-01    -  1.00e+00 2.50e-01h  3
  87  6.7026280e-03 3.44e-04 4.05e+00 -11.0 3.70e-01    -  1.00e+00 5.00e-01h  2
  88  6.2147154e-03 5.92e-04 4.60e+00 -11.0 3.42e-01    -  1.00e+00 5.00e-01h  2
  89  6.2619344e-03 5.70e-04 5.87e+00 -11.0 1.01e+00    -  1.00e+00 3.12e-02h  6
iter    objective    inf_pr   inf_du lg(mu)  ||d||  lg(rg) alpha_du alpha_pr  ls
  90  5.3120357e-03 1.32e-05 2.45e+00 -11.0 8.28e-02    -  1.00e+00 1.00e+00h  1
  91  5.0657393e-03 1.65e-04 3.93e-01 -11.0 1.20e-01    -  1.00e+00 1.00e+00h  1
  92  4.9046179e-03 3.03e-04 2.21e+00 -11.0 5.27e+00    -  1.00e+00 3.12e-02h  6
  93  4.8273607e-03 8.41e-04 6.88e+00 -11.0 1.03e+01    -  1.00e+00 3.12e-02h  6
  94  4.7722609e-03 8.44e-04 8.20e+00 -11.0 1.30e+01    -  1.00e+00 3.91e-03h  9
  95  4.5622107e-03 9.02e-04 1.33e+01 -11.0 2.65e+00    -  1.00e+00 6.25e-02h  5
  96  4.5304547e-03 9.11e-04 1.59e+01 -11.0 1.81e+01    -  1.00e+00 3.91e-03h  9
  97  4.4804824e-03 9.26e-04 2.05e+01 -11.0 3.88e+00    -  1.00e+00 3.12e-02h  6
  98  4.0405267e-03 9.78e-04 1.88e+01 -11.0 2.27e+00    -  1.00e+00 6.25e-02h  5
  99  3.7467860e-03 9.06e-04 1.22e+01 -11.0 6.82e-01    -  1.00e+00 1.25e-01h  4
iter    objective    inf_pr   inf_du lg(mu)  ||d||  lg(rg) alpha_du alpha_pr  ls
 100  3.4273135e-03 9.05e-04 8.26e+00 -11.0 1.88e+00    -  1.00e+00 3.12e-02h  6
 101  3.9842502e-03 4.85e-04 4.86e+00 -11.0 3.61e-01    -  1.00e+00 5.00e-01h  2
 102  3.0441884e-02 1.87e-03 1.90e+01 -11.0 6.50e-01    -  1.00e+00 1.00e+00w  1
 103  9.7354426e-03 5.61e-04 4.48e+00 -11.0 4.82e-01    -  1.00e+00 1.00e+00w  1
 104  4.9532435e-01 1.30e-02 6.18e+02 -11.0 1.92e+00    -  1.00e+00 1.00e+00w  1
 105  4.1506890e-03 3.31e-04 1.23e+01 -11.0 2.56e-01    -  1.00e+00 2.50e-01h  2
 106  4.5354161e-03 6.72e-05 5.41e+00 -11.0 5.27e-02    -  1.00e+00 1.00e+00h  1
 107  4.7483608e-03 8.82e-05 9.94e+00 -11.0 1.71e-01    -  1.00e+00 1.00e+00h  1
 108  4.7222035e-03 8.98e-05 1.35e+01 -11.0 9.48e-02    -  1.00e+00 5.00e-01h  2
 109  2.8279128e-03 1.08e-04 3.41e+00 -11.0 1.43e-01    -  1.00e+00 1.00e+00h  1
iter    objective    inf_pr   inf_du lg(mu)  ||d||  lg(rg) alpha_du alpha_pr  ls
 110  3.9308148e-03 4.25e-06 7.16e+00 -11.0 4.88e-02    -  1.00e+00 1.00e+00H  1
 111  2.7983628e-03 1.18e-05 1.30e+00 -11.0 5.67e-02    -  1.00e+00 1.00e+00h  1
 112  2.8390623e-03 3.41e-06 9.72e-01 -11.0 6.73e-03    -  1.00e+00 1.00e+00h  1
 113  2.7625013e-03 7.12e-07 3.39e-01 -11.0 3.76e-03    -  1.00e+00 1.00e+00h  1
 114  2.7660967e-03 1.39e-07 9.92e-01 -11.0 5.48e-03    -  1.00e+00 1.00e+00H  1
 115  2.7614643e-03 2.98e-06 3.44e+00 -11.0 4.74e-02    -  1.00e+00 2.50e-01h  3
 116  3.5186253e-03 1.26e-07 1.28e+01 -11.0 4.61e-02    -  1.00e+00 1.00e+00H  1
 117  3.4818268e-03 1.41e-07 1.34e+01 -11.0 9.25e-02    -  1.00e+00 1.56e-02h  7
 118  3.4168568e-03 1.88e-07 1.34e+01 -11.0 1.05e-01    -  1.00e+00 1.56e-02h  7
 119  2.6189947e-03 2.18e-05 2.16e+00 -11.0 2.99e-02    -  1.00e+00 1.00e+00h  1
iter    objective    inf_pr   inf_du lg(mu)  ||d||  lg(rg) alpha_du alpha_pr  ls
 120  2.6338031e-03 1.14e-06 2.62e+00 -11.0 1.84e-02    -  1.00e+00 1.00e+00h  1
 121  2.5705341e-03 1.60e-07 2.38e+00 -11.0 8.10e-03    -  1.00e+00 1.00e+00h  1
 122  2.5433579e-03 3.82e-08 1.01e+00 -11.0 3.98e-03    -  1.00e+00 1.00e+00h  1
 123  2.5358864e-03 2.09e-07 1.50e+00 -11.0 3.30e-03    -  1.00e+00 1.00e+00h  1
 124  2.4915108e-03 2.07e-05 1.80e+01 -11.0 5.27e-02    -  1.00e+00 1.00e+00h  1
 125  2.4802481e-03 1.49e-04 6.38e+01 -11.0 2.13e+00    -  1.00e+00 6.25e-02h  5
 126  2.4400114e-03 1.97e-04 9.41e+01 -11.0 5.51e+00    -  1.00e+00 1.56e-02h  7
 127  2.3213466e-03 5.27e-04 1.47e+02 -11.0 2.60e+00    -  1.00e+00 6.25e-02h  5
 128  2.3053889e-03 5.17e-04 1.51e+02 -11.0 1.05e+00    -  1.00e+00 1.56e-02h  7
 129  2.1283663e-03 5.20e-04 1.71e+02 -11.0 7.15e-01    -  1.00e+00 1.25e-01h  4
iter    objective    inf_pr   inf_du lg(mu)  ||d||  lg(rg) alpha_du alpha_pr  ls
 130  2.0809510e-03 5.19e-04 1.92e+02 -11.0 2.09e+00    -  1.00e+00 3.12e-02h  6
 131  2.1161267e-03 3.26e-05 3.69e+01 -11.0 8.41e-02    -  1.00e+00 1.00e+00h  1
 132  2.0847856e-03 5.76e-05 1.40e+01 -11.0 2.62e-01    -  1.00e+00 2.50e-01h  3
 133  2.1828515e-03 5.04e-05 6.81e+00 -11.0 1.83e-01    -  1.00e+00 1.25e-01h  4
 134  1.7564719e-03 1.85e-05 2.02e+01 -11.0 5.98e-02    -  1.00e+00 1.00e+00h  1
 135  1.7357577e-03 8.61e-05 1.51e+01 -11.0 3.29e-01    -  1.00e+00 2.50e-01h  3
 136  1.7127466e-03 1.31e-04 1.53e+01 -11.0 7.88e+00    -  1.00e+00 7.81e-03h  8
 137  1.5941795e-03 6.34e-04 1.85e+01 -11.0 5.94e+00    -  1.00e+00 3.12e-02h  6
 138  1.5442794e-03 7.21e-04 2.03e+01 -11.0 9.35e+00    -  1.00e+00 7.81e-03h  8
 139  1.4369942e-03 9.72e-04 2.28e+01 -11.0 1.86e+00    -  1.00e+00 6.25e-02h  5
iter    objective    inf_pr   inf_du lg(mu)  ||d||  lg(rg) alpha_du alpha_pr  ls
 140  1.4162070e-03 9.52e-04 2.08e+01 -11.0 1.26e+00    -  1.00e+00 3.12e-02h  6
 141  1.5387167e-03 8.96e-04 1.93e+01 -11.0 4.97e-01    -  1.00e+00 1.25e-01h  4
 142  1.4895617e-03 8.88e-04 1.91e+01 -11.0 9.06e-01    -  1.00e+00 6.25e-02h  5
 143  1.4418956e-03 9.15e-04 2.00e+01 -11.0 1.90e+00    -  1.00e+00 3.12e-02h  6
 144  1.2840909e-03 1.21e-03 2.48e+01 -11.0 2.02e+00    -  1.00e+00 6.25e-02h  5
 145  6.1333251e-02 2.38e-03 2.36e+01 -11.0 5.84e-01    -  1.00e+00 1.00e+00w  1
 146  4.0200509e-03 5.78e-03 4.09e+00 -11.0 2.84e-01    -  1.00e+00 1.00e+00w  1
 147  1.0303567e-02 1.35e-03 1.60e+01 -11.0 1.77e-01    -  1.00e+00 1.00e+00w  1
 148  1.2276103e-03 1.14e-03 2.53e+01 -11.0 1.09e-01    -  1.00e+00 6.25e-02h  4
 149  1.3037022e-03 9.97e-04 2.27e+01 -11.0 1.28e-01    -  1.00e+00 1.25e-01h  4
iter    objective    inf_pr   inf_du lg(mu)  ||d||  lg(rg) alpha_du alpha_pr  ls
 150  1.0867675e-03 4.90e-05 1.33e+00 -11.0 2.39e-02    -  1.00e+00 1.00e+00h  1
 151  1.2615420e-03 1.84e-05 9.14e-01 -11.0 2.75e-02    -  1.00e+00 5.00e-01h  2
 152  1.0383612e-03 1.65e-06 9.84e-02 -11.0 4.80e-03    -  1.00e+00 1.00e+00h  1
 153  9.8207225e-04 1.31e-06 1.43e-01 -11.0 1.15e-02    -  1.00e+00 1.00e+00h  1
 154  9.5366618e-04 5.24e-06 1.59e-01 -11.0 2.77e-02    -  1.00e+00 1.00e+00h  1
 155  9.4801813e-04 7.39e-06 1.28e-01 -11.0 2.37e-01    -  1.00e+00 6.25e-02h  5
 156  2.3255292e-03 2.34e-06 5.77e+00 -11.0 1.10e-01    -  1.00e+00 1.00e+00H  1
 157  1.4194547e-03 1.74e-06 7.33e+00 -11.0 1.52e-02    -  1.00e+00 1.00e+00H  1
 158  9.2596597e-04 1.79e-05 1.39e+00 -11.0 3.87e-02    -  1.00e+00 1.00e+00h  1
 159  1.2312805e-03 1.22e-06 1.33e+00 -11.0 2.90e-02    -  1.00e+00 1.00e+00H  1
iter    objective    inf_pr   inf_du lg(mu)  ||d||  lg(rg) alpha_du alpha_pr  ls
 160  9.3235385e-04 8.19e-06 3.85e-01 -11.0 1.20e-02    -  1.00e+00 1.00e+00h  1
 161  9.8431424e-04 1.59e-07 5.41e-01 -11.0 8.18e-03    -  1.00e+00 1.00e+00h  1
 162  8.9803963e-04 3.12e-07 4.76e-02 -11.0 4.40e-03    -  1.00e+00 1.00e+00h  1
 163  8.9624282e-04 2.50e-08 1.51e-02 -11.0 5.74e-04    -  1.00e+00 1.00e+00h  1
 164  8.9140427e-04 8.73e-08 3.25e-02 -11.0 3.20e-03    -  1.00e+00 1.00e+00h  1
 165  8.8827451e-04 1.68e-07 8.50e-02 -11.0 2.20e-01    -  1.00e+00 3.12e-02h  6
 166  8.8621341e-04 6.83e-07 2.10e-01 -11.0 6.41e-02    -  1.00e+00 1.25e-01h  4
 167  8.7982503e-04 2.54e-06 5.21e-01 -11.0 1.22e-01    -  1.00e+00 1.25e-01h  4
 168  8.7275301e-04 5.19e-06 1.23e+00 -11.0 6.48e-01    -  1.00e+00 6.25e-02h  5
 169  8.7038353e-04 5.63e-06 1.30e+00 -11.0 7.04e-01    -  1.00e+00 7.81e-03h  8
iter    objective    inf_pr   inf_du lg(mu)  ||d||  lg(rg) alpha_du alpha_pr  ls
 170  8.7343139e-04 4.49e-06 1.39e+00 -11.0 1.06e-01    -  1.00e+00 1.25e-01h  4
 171  8.5835190e-04 2.60e-05 2.19e+00 -11.0 9.82e-01    -  1.00e+00 6.25e-02h  5
 172  8.4839251e-04 2.65e-05 2.40e+00 -11.0 2.77e+00    -  1.00e+00 3.91e-03h  9
 173  8.6207518e-04 6.44e-06 1.96e+00 -11.0 3.76e-02    -  1.00e+00 1.00e+00h  1
 174  8.5904887e-04 6.74e-06 2.71e+00 -11.0 1.49e+00    -  1.00e+00 7.81e-03h  8
 175  8.5830590e-04 1.19e-05 5.02e+00 -11.0 6.24e-01    -  1.00e+00 6.25e-02h  5
 176  8.5801537e-04 1.18e-05 5.24e+00 -11.0 5.70e-01    -  1.00e+00 7.81e-03h  8
 177  8.5606072e-04 1.24e-05 5.46e+00 -11.0 1.09e-01    -  1.00e+00 6.25e-02h  5
 178  8.1569760e-04 2.20e-05 1.18e+01 -11.0 3.91e-01    -  1.00e+00 2.50e-01h  3
 179  7.9611701e-04 3.83e-05 1.45e+01 -11.0 5.58e+00    -  1.00e+00 7.81e-03h  8
iter    objective    inf_pr   inf_du lg(mu)  ||d||  lg(rg) alpha_du alpha_pr  ls
 180  7.8777393e-04 3.92e-05 1.56e+01 -11.0 1.15e+00    -  1.00e+00 1.56e-02h  7
 181  7.7269980e-04 4.04e-05 1.62e+01 -11.0 3.89e-01    -  1.00e+00 6.25e-02h  5
 182  7.8992879e-04 3.95e-05 1.63e+01 -11.0 2.10e-01    -  1.00e+00 6.25e-02h  5
 183  8.1130449e-04 2.11e-05 1.13e+01 -11.0 8.74e-02    -  1.00e+00 5.00e-01h  2
 184  2.9218430e-02 3.30e-04 4.76e+00 -11.0 8.01e-01    -  1.00e+00 1.00e+00w  1
 185  1.5024833e-02 3.49e-03 1.60e+01 -11.0 4.61e-01    -  1.00e+00 1.00e+00w  1
 186  3.7913164e+00 5.73e-02 4.96e+02 -11.0 7.52e+00    -  1.00e+00 1.00e+00w  1
 187  8.3509535e-04 1.86e-05 1.21e+01 -11.0 2.72e+00    -  1.00e+00 6.25e-02h  4
 188  8.5091759e-04 1.49e-05 5.85e+00 -11.0 5.43e-02    -  1.00e+00 5.00e-01h  2
 189  8.1384619e-04 1.10e-05 3.26e+00 -11.0 3.62e-01    -  1.00e+00 1.25e-01h  4
iter    objective    inf_pr   inf_du lg(mu)  ||d||  lg(rg) alpha_du alpha_pr  ls
 190  8.4441978e-04 5.24e-06 2.46e+00 -11.0 6.88e-01    -  1.00e+00 3.12e-02h  6
 191  7.9250109e-04 3.73e-06 9.79e-01 -11.0 4.11e-02    -  1.00e+00 5.00e-01h  2
 192  7.6738510e-04 2.61e-06 8.79e-01 -11.0 8.94e-02    -  1.00e+00 2.50e-01h  3
 193  7.9004745e-04 2.71e-06 1.34e+00 -11.0 1.88e-01    -  1.00e+00 1.25e-01h  4
 194  7.8605296e-04 2.43e-06 1.33e+00 -11.0 4.03e-02    -  1.00e+00 6.25e-02h  5
 195  8.2302085e-04 3.45e-06 1.08e+00 -11.0 3.17e-02    -  1.00e+00 1.00e+00H  1
 196  8.2864836e-04 1.46e-06 1.62e+00 -11.0 2.28e-01    -  1.00e+00 1.25e-01h  4
 197  8.2177511e-04 1.97e-06 1.78e+00 -11.0 1.39e-01    -  1.00e+00 6.25e-02h  5
 198  7.7697242e-04 1.31e-06 2.38e+00 -11.0 5.71e-02    -  1.00e+00 1.00e+00H  1
 199  7.5683378e-04 1.07e-06 2.70e+00 -11.0 4.07e-01    -  1.00e+00 1.56e-02h  7
iter    objective    inf_pr   inf_du lg(mu)  ||d||  lg(rg) alpha_du alpha_pr  ls
 200  7.5058070e-04 1.14e-06 2.28e+00 -11.0 6.29e-02    -  1.00e+00 6.25e-02h  5
 201  7.7205081e-04 1.10e-06 4.36e-01 -11.0 1.54e-02    -  1.00e+00 1.00e+00H  1
 202  7.6790409e-04 1.26e-06 6.54e-01 -11.0 1.89e-01    -  1.00e+00 1.56e-02h  7
 203  7.6636569e-04 1.40e-06 8.65e-01 -11.0 1.68e-01    -  1.00e+00 1.56e-02h  7
 204  7.6416496e-04 1.41e-06 8.78e-01 -11.0 4.02e-02    -  1.00e+00 3.12e-02h  6
 205  7.5983748e-04 1.41e-06 8.18e-01 -11.0 2.52e-01    -  1.00e+00 7.81e-03h  8
 206  7.5915467e-04 1.41e-06 7.97e-01 -11.0 4.19e-02    -  1.00e+00 3.12e-02h  6
 207  7.4358962e-04 1.78e-05 6.63e-01 -11.0 7.94e-02    -  1.00e+00 2.50e-01h  3
 208  7.4139480e-04 1.85e-05 5.03e-01 -11.0 3.12e-01    -  1.00e+00 1.56e-02h  7
 209  7.4080429e-04 1.47e-05 7.20e-01 -11.0 3.57e-02    -  1.00e+00 2.50e-01h  3
iter    objective    inf_pr   inf_du lg(mu)  ||d||  lg(rg) alpha_du alpha_pr  ls
 210  7.4292962e-04 1.43e-05 1.25e+00 -11.0 1.81e-01    -  1.00e+00 3.12e-02h  6
 211  7.4515091e-04 1.19e-05 5.13e+00 -11.0 7.47e-02    -  1.00e+00 2.50e-01h  3
 212  1.2634072e-02 9.19e-04 3.84e+01 -11.0 1.70e-01    -  1.00e+00 1.00e+00w  1
 213  7.8220496e-04 7.19e-04 3.81e+00 -11.0 1.62e-01    -  1.00e+00 1.00e+00w  1
 214  1.1270387e-02 1.88e-04 4.76e+00 -11.0 3.93e-02    -  1.00e+00 1.00e+00w  1
 215  7.3340168e-04 8.44e-05 1.17e+00 -11.0 3.49e-02    -  1.00e+00 1.00e+00h  1
 216  7.2800243e-04 8.84e-08 6.42e-01 -11.0 3.02e-03    -  1.00e+00 1.00e+00h  1
 217  7.2477588e-04 5.21e-07 1.23e+00 -11.0 4.14e-02    -  1.00e+00 1.25e-01h  4
 218  7.2463145e-04 2.93e-07 3.59e-01 -11.0 5.52e-03    -  1.00e+00 1.00e+00H  1
 219  7.2163717e-04 7.81e-07 1.01e+00 -11.0 1.72e-01    -  1.00e+00 3.12e-02h  6
iter    objective    inf_pr   inf_du lg(mu)  ||d||  lg(rg) alpha_du alpha_pr  ls
 220  7.1826170e-04 1.97e-06 2.22e+00 -11.0 2.76e-01    -  1.00e+00 3.12e-02h  6
 221  7.1663395e-04 2.31e-06 2.91e+00 -11.0 5.36e-01    -  1.00e+00 7.81e-03h  8
 222  7.1559646e-04 3.56e-06 4.63e+00 -11.0 3.61e-01    -  1.00e+00 3.12e-02h  6
 223  7.1383235e-04 4.49e-06 6.33e+00 -11.0 1.27e+00    -  1.00e+00 7.81e-03h  8
 224  7.0711661e-04 1.20e-05 8.48e+00 -11.0 1.23e+00    -  1.00e+00 1.56e-02h  7
 225  7.0583715e-04 1.20e-05 8.63e+00 -11.0 3.99e-01    -  1.00e+00 3.91e-03h  9
 226  7.1261885e-04 1.04e-05 8.26e+00 -11.0 5.26e-02    -  1.00e+00 1.25e-01h  4
 227  7.1147779e-04 9.22e-06 9.23e+00 -11.0 1.76e-01    -  1.00e+00 6.25e-02h  5
 228  7.1056810e-04 9.31e-06 9.96e+00 -11.0 1.38e+00    -  1.00e+00 3.91e-03h  9
 229  4.7796885e-03 1.60e-03 4.45e+01 -11.0 3.13e-01    -  1.00e+00 1.00e+00w  1
iter    objective    inf_pr   inf_du lg(mu)  ||d||  lg(rg) alpha_du alpha_pr  ls
 230  9.6335896e-03 5.86e-04 4.76e+01 -11.0 6.29e-02    -  1.00e+00 1.00e+00w  1
 231  4.3421457e-03 1.62e-03 3.62e+01 -11.0 3.33e-01    -  1.00e+00 1.00e+00w  1
 232  7.0974648e-04 1.05e-05 1.10e+01 -11.0 3.26e+00    -  1.00e+00 3.12e-02h  5
 233  7.0853414e-04 4.88e-06 4.76e+00 -11.0 9.74e-03    -  1.00e+00 5.00e-01h  2
 234  7.5280746e-04 1.16e-07 2.27e+00 -11.0 2.41e-02    -  1.00e+00 1.00e+00H  1
 235  7.4726146e-04 9.49e-08 2.38e+00 -11.0 4.15e-02    -  1.00e+00 3.12e-02h  6
 236  7.1068148e-04 3.53e-07 2.03e+00 -11.0 6.50e-03    -  1.00e+00 5.00e-01h  2
 237  6.9420402e-04 4.66e-07 7.94e-02 -11.0 2.01e-03    -  1.00e+00 1.00e+00h  1
 238  6.9707826e-04 7.39e-08 7.21e-02 -11.0 1.01e-03    -  1.00e+00 1.00e+00h  1
 239  6.9149838e-04 2.22e-08 1.13e-02 -11.0 7.98e-04    -  1.00e+00 1.00e+00h  1
iter    objective    inf_pr   inf_du lg(mu)  ||d||  lg(rg) alpha_du alpha_pr  ls
 240  6.9134594e-04 8.33e-10 3.84e-02 -11.0 3.92e-04    -  1.00e+00 1.00e+00h  1
 241  6.9097591e-04 2.69e-08 3.33e-01 -11.0 1.24e-02    -  1.00e+00 2.50e-01h  3
 242  6.9068628e-04 3.15e-08 6.40e-01 -11.0 6.95e-03    -  1.00e+00 5.00e-01h  2
 243  6.9054092e-04 7.20e-08 8.46e-01 -11.0 1.20e-02    -  1.00e+00 1.25e-01h  4
 244  6.9012538e-04 2.03e-07 1.03e+00 -11.0 7.75e-03    -  1.00e+00 2.50e-01h  3
 245  6.8880684e-04 3.07e-07 1.64e+00 -11.0 2.30e-02    -  1.00e+00 2.50e-01h  3
 246  6.8864493e-04 3.00e-07 1.79e+00 -11.0 1.89e-01    -  1.00e+00 7.81e-03h  8
 247  6.8576308e-04 1.91e-06 4.30e+00 -11.0 3.07e-01    -  1.00e+00 6.25e-02h  5
 248  6.8474548e-04 2.31e-06 5.70e+00 -11.0 2.15e+00    -  1.00e+00 3.91e-03h  9
 249  6.8441238e-04 2.91e-06 7.81e+00 -11.0 1.69e+00    -  1.00e+00 7.81e-03h  8
iter    objective    inf_pr   inf_du lg(mu)  ||d||  lg(rg) alpha_du alpha_pr  ls
 250  6.8408862e-04 4.44e-06 9.71e+00 -11.0 3.06e+00    -  1.00e+00 3.91e-03h  9
 251  4.4390150e-02 1.03e-02 2.40e+02 -11.0 1.34e+00    -  1.00e+00 1.00e+00w  1
 252  1.1842129e-02 2.95e-04 2.14e+02 -11.0 4.34e-01    -  1.00e+00 1.00e+00w  1
 253  7.1698736e-01 1.61e-01 6.39e+02 -11.0 1.52e+00    -  1.00e+00 1.00e+00w  1
 254  6.8386141e-04 4.45e-06 1.05e+01 -11.0 1.02e+00    -  1.00e+00 3.91e-03h  8
 255  6.8439455e-04 4.26e-06 1.09e+01 -11.0 1.80e-01    -  1.00e+00 1.56e-02h  7
 256  6.8378627e-04 4.24e-06 1.17e+01 -11.0 4.13e-01    -  1.00e+00 1.56e-02h  7
 257  6.8164809e-04 7.03e-06 1.43e+01 -11.0 6.40e-01    -  1.00e+00 3.12e-02h  6
 258  6.7828734e-04 1.36e-05 1.81e+01 -11.0 3.69e+00    -  1.00e+00 7.81e-03h  8
 259  6.7015787e-04 1.71e-05 2.18e+01 -11.0 3.68e+00    -  1.00e+00 7.81e-03h  8
iter    objective    inf_pr   inf_du lg(mu)  ||d||  lg(rg) alpha_du alpha_pr  ls
 260  6.6573127e-04 1.71e-05 2.37e+01 -11.0 4.04e+00    -  1.00e+00 3.91e-03h  9
 261  6.6553099e-04 1.72e-05 2.44e+01 -11.0 1.37e+00    -  1.00e+00 3.91e-03h  9
 262  6.6361690e-04 3.96e-05 3.14e+01 -11.0 1.72e+00    -  1.00e+00 3.12e-02h  6
 263  6.6260843e-04 3.96e-05 3.13e+01 -11.0 2.29e+00  -4.5 1.00e+00 4.88e-04h 12
 264  7.8719089e-04 6.99e-04 2.84e+01 -11.0 3.27e-01    -  1.00e+00 1.00e+00w  1
 265  6.9678868e-04 1.08e-05 1.12e+01 -11.0 3.43e-02    -  1.00e+00 1.00e+00w  1
 266  4.9506168e-03 1.85e-04 9.43e+00 -11.0 2.57e-01    -  1.00e+00 1.00e+00w  1
 267  6.6288181e-04 3.90e-05 3.14e+01 -11.0 1.01e-01    -  1.00e+00 3.12e-02h  5
 268  6.6145739e-04 5.58e-05 3.84e+01 -11.0 1.78e+00    -  1.00e+00 3.12e-02h  6
 269  6.6107211e-04 5.57e-05 3.85e+01 -11.0 2.65e+00  -5.0 1.00e+00 9.77e-04h 11
iter    objective    inf_pr   inf_du lg(mu)  ||d||  lg(rg) alpha_du alpha_pr  ls
 270  6.6120429e-04 5.56e-05 3.92e+01 -11.0 9.91e-01    -  1.00e+00 7.81e-03h  8
 271  6.6140577e-04 5.55e-05 3.99e+01 -11.0 9.43e-01    -  1.00e+00 7.81e-03h  8
 272  6.6166372e-04 5.53e-05 4.06e+01 -11.0 9.00e-01    -  1.00e+00 7.81e-03h  8
 273  6.5575728e-04 4.86e-08 2.36e-02 -11.0 7.49e-04    -  1.00e+00 1.00e+00h  1
 274  6.5065196e-04 4.84e-09 1.62e-02 -11.0 3.09e-04    -  1.00e+00 1.00e+00h  1
 275  6.4896531e-04 1.42e-08 5.61e-04 -11.0 5.28e-04    -  1.00e+00 1.00e+00h  1
 276  6.4511311e-04 1.48e-07 2.73e-02 -11.0 2.35e-03    -  1.00e+00 1.00e+00h  1
 277  6.4423903e-04 6.27e-08 3.80e-02 -11.0 8.31e-03    -  1.00e+00 2.50e-01h  3
 278  6.4870554e-04 1.70e-07 2.92e-01 -11.0 8.26e-03    -  1.00e+00 1.00e+00H  1
 279  6.4254760e-04 1.31e-07 4.44e-01 -11.0 1.73e-02    -  1.00e+00 2.50e-01h  3
iter    objective    inf_pr   inf_du lg(mu)  ||d||  lg(rg) alpha_du alpha_pr  ls
 280  6.3909832e-04 2.36e-07 4.53e-01 -11.0 1.75e-02    -  1.00e+00 1.25e-01h  4
 281  6.3282883e-04 3.28e-07 2.17e-01 -11.0 4.85e-03    -  1.00e+00 1.00e+00h  1
 282  6.4204876e-04 2.67e-07 3.80e-01 -11.0 8.00e-03    -  1.00e+00 1.00e+00H  1
 283  6.2994756e-04 1.47e-06 4.29e-01 -11.0 5.88e-03    -  1.00e+00 1.00e+00h  1
 284  6.2461873e-04 1.85e-07 3.81e-01 -11.0 4.54e-03    -  1.00e+00 5.00e-01h  2
 285  6.2301561e-04 3.81e-07 4.17e-01 -11.0 5.46e-03    -  1.00e+00 5.00e-01h  2
 286  6.2170256e-04 1.51e-07 1.48e-01 -11.0 2.51e-03    -  1.00e+00 1.00e+00h  1
 287  6.2160395e-04 2.24e-08 1.13e-01 -11.0 1.17e-03    -  1.00e+00 1.00e+00h  1
 288  6.2034239e-04 3.95e-08 3.83e-02 -11.0 7.09e-04    -  1.00e+00 1.00e+00h  1
 289  6.1985384e-04 3.54e-09 6.20e-02 -11.0 1.14e-03    -  1.00e+00 1.00e+00h  1
iter    objective    inf_pr   inf_du lg(mu)  ||d||  lg(rg) alpha_du alpha_pr  ls
 290  6.1868033e-04 4.92e-07 9.03e-01 -11.0 2.02e-02    -  1.00e+00 5.00e-01h  2
 291  6.1512697e-04 8.93e-07 2.86e+00 -11.0 6.72e-01    -  1.00e+00 3.12e-02h  6
 292  6.1571155e-04 6.97e-07 3.36e+00 -11.0 3.87e-01    -  1.00e+00 1.56e-02h  7
 293  6.1492638e-04 1.26e-06 3.34e+00 -11.0 4.73e-02    -  1.00e+00 2.50e-01h  3
 294  6.1393135e-04 9.91e-07 4.00e+00 -11.0 4.92e-01    -  1.00e+00 1.56e-02h  7
 295  6.1460569e-04 9.41e-07 4.65e+00 -11.0 2.81e-01    -  1.00e+00 3.12e-02h  6
 296  6.1333565e-04 9.74e-07 5.17e+00 -11.0 2.39e-01    -  1.00e+00 3.12e-02h  6
 297  6.1330574e-04 9.82e-07 5.10e+00 -11.0 6.58e-02    -  1.00e+00 6.25e-02h  5
 298  6.1313380e-04 9.82e-07 4.88e+00 -11.0 7.72e-02    -  1.00e+00 1.56e-02h  7
 299  6.1240826e-04 1.22e-06 4.46e+00 -11.0 7.18e-02    -  1.00e+00 6.25e-02h  5
iter    objective    inf_pr   inf_du lg(mu)  ||d||  lg(rg) alpha_du alpha_pr  ls
 300  4.8376936e-03 9.69e-04 2.71e-01 -11.0 2.62e-01    -  1.00e+00 1.00e+00w  1
 301  5.0600557e-03 3.73e-04 3.74e+00 -11.0 2.39e-01    -  1.00e+00 1.00e+00w  1
 302  1.7779215e+00 1.33e-01 8.45e+02 -11.0 2.86e+00    -  1.00e+00 1.00e+00w  1
 303  6.1237022e-04 1.44e-06 4.33e+00 -11.0 1.69e+00    -  1.00e+00 1.56e-02h  6
 304  6.1221369e-04 2.16e-06 4.06e+00 -11.0 2.44e-01    -  1.00e+00 3.12e-02h  6
 305  6.1114946e-04 2.41e-06 3.79e+00 -11.0 6.20e-01    -  1.00e+00 7.81e-03h  8
 306  6.0941315e-04 5.47e-06 3.08e+00 -11.0 5.23e-01    -  1.00e+00 3.12e-02h  6
 307  6.0879618e-04 5.60e-06 2.95e+00 -11.0 4.84e-01    -  1.00e+00 7.81e-03h  8
 308  6.0798984e-04 5.53e-06 3.02e+00 -11.0 1.21e-01    -  1.00e+00 1.56e-02h  7
 309  6.0759946e-04 5.35e-06 2.68e+00 -11.0 6.53e-02    -  1.00e+00 1.25e-01h  4
iter    objective    inf_pr   inf_du lg(mu)  ||d||  lg(rg) alpha_du alpha_pr  ls
 310  6.0690353e-04 5.83e-06 2.44e+00 -11.0 1.03e+00    -  1.00e+00 7.81e-03h  8
 311  6.0666273e-04 9.93e-06 1.85e+00 -11.0 1.23e+00    -  1.00e+00 1.56e-02h  7
 312  6.0643465e-04 1.01e-05 1.75e+00 -11.0 1.15e+00    -  1.00e+00 3.91e-03h  9
 313  5.1567465e-03 3.84e-03 5.09e+00 -11.0 9.39e-01    -  1.00e+00 1.00e+00w  1
 314  6.7938877e-01 6.38e-02 7.40e+02 -11.0 3.50e+00    -  1.00e+00 1.00e+00w  1
 315  5.5667832e+05 1.15e+08 3.53e+08 -11.0 6.93e+02    -  1.00e+00 1.00e+00w  1
 316  6.0482798e-04 1.83e-05 1.09e+00 -11.0 1.96e+02  -0.0 1.00e+00 3.12e-02h  5
 317  6.0233968e-04 1.87e-08 2.23e-03 -11.0 9.42e-04    -  1.00e+00 1.00e+00h  1
 318  6.0110625e-04 8.21e-10 1.28e-02 -11.0 1.63e-04    -  1.00e+00 1.00e+00h  1
 319  6.0098971e-04 8.21e-10 5.48e-03 -11.0 1.44e-04    -  1.00e+00 1.00e+00h  1
iter    objective    inf_pr   inf_du lg(mu)  ||d||  lg(rg) alpha_du alpha_pr  ls
 320  6.0059899e-04 5.00e-09 2.02e-02 -11.0 9.59e-04    -  1.00e+00 1.00e+00h  1
 321  6.0036891e-04 4.76e-09 5.31e-02 -11.0 6.97e-03    -  1.00e+00 1.25e-01h  4
 322  6.0003640e-04 2.78e-08 1.23e-01 -11.0 4.08e-03    -  1.00e+00 1.00e+00h  1
 323  5.9976286e-04 4.64e-08 2.39e-01 -11.0 3.12e-02    -  1.00e+00 1.25e-01h  4
 324  5.9951006e-04 5.91e-08 3.18e-01 -11.0 4.58e-02    -  1.00e+00 6.25e-02h  5
 325  5.9961625e-04 2.99e-08 3.37e-01 -11.0 4.81e-03    -  1.00e+00 1.00e+00H  1
 326  5.9888104e-04 3.44e-08 4.56e-01 -11.0 4.84e-02    -  1.00e+00 6.25e-02h  5
 327  5.9835127e-04 6.93e-08 4.89e-01 -11.0 1.96e-02    -  1.00e+00 6.25e-02h  5
 328  5.9824722e-04 8.41e-08 4.76e-01 -11.0 6.13e-03    -  1.00e+00 1.25e-01h  4
 329  5.9813806e-04 2.46e-08 2.03e-01 -11.0 3.90e-03    -  1.00e+00 1.00e+00H  1
iter    objective    inf_pr   inf_du lg(mu)  ||d||  lg(rg) alpha_du alpha_pr  ls
 330  5.9815542e-04 7.26e-09 2.79e-01 -11.0 5.06e-02    -  1.00e+00 3.12e-02h  6
 331  5.9806678e-04 6.75e-09 2.99e-01 -11.0 1.39e-02    -  1.00e+00 6.25e-02h  5
 332  5.9799209e-04 4.85e-07 7.96e-01 -11.0 8.00e-02    -  1.00e+00 1.25e-01h  4
 333  5.9783575e-04 1.21e-06 1.48e+00 -11.0 1.75e+00    -  1.00e+00 7.81e-03h  8
 334  5.9366268e-04 2.20e-04 1.15e+01 -11.0 1.90e+00    -  1.00e+00 1.25e-01h  4
 335  5.8266745e-04 9.48e-08 7.35e+00 -11.0 1.42e-03  -0.5 1.00e+00 1.00e+00h  1
 336  5.7721301e-04 2.30e-04 4.25e+00 -11.0 2.29e-01    -  1.00e+00 1.00e+00h  1
 337  5.7373863e-04 1.73e-04 3.02e+00 -11.0 8.05e-03  -1.0 1.00e+00 2.50e-01h  3
 338  5.6334407e-04 3.49e-06 3.61e+00 -11.0 2.76e-02    -  1.00e+00 1.00e+00h  1
 339  5.7263868e-04 4.96e-06 3.35e+00 -11.0 7.60e-01    -  1.00e+00 3.12e-02h  6
iter    objective    inf_pr   inf_du lg(mu)  ||d||  lg(rg) alpha_du alpha_pr  ls
 340  5.7052248e-04 5.12e-06 3.13e+00 -11.0 3.39e-01    -  1.00e+00 3.12e-02h  6
 341  5.7037363e-04 5.40e-06 3.63e+00 -11.0 8.88e-02    -  1.00e+00 1.25e-01h  4
 342  5.7670755e-04 5.78e-06 4.65e+00 -11.0 7.90e-02    -  1.00e+00 1.25e-01h  4
 343  5.6178672e-04 4.97e-06 5.17e+00 -11.0 6.71e-02    -  1.00e+00 2.50e-01h  3
 344  5.6519261e-04 5.02e-06 5.13e+00 -11.0 2.05e-01    -  1.00e+00 3.12e-02h  6
 345  5.5840601e-04 3.25e-06 2.92e+00 -11.0 2.41e-02    -  1.00e+00 5.00e-01h  2
 346  5.5309105e-04 3.52e-06 4.30e+00 -11.0 1.17e-01    -  1.00e+00 6.25e-02h  5
 347  5.5361696e-04 2.67e-06 3.41e+00 -11.0 1.05e-02    -  1.00e+00 2.50e-01h  3
 348  5.6607340e-04 1.39e-06 1.16e+01 -11.0 1.75e-02    -  1.00e+00 1.00e+00H  1
 349  5.6533798e-04 1.49e-06 1.35e+01 -11.0 4.86e-01    -  1.00e+00 7.81e-03h  8
iter    objective    inf_pr   inf_du lg(mu)  ||d||  lg(rg) alpha_du alpha_pr  ls
 350  5.6478514e-04 1.50e-06 1.46e+01 -11.0 1.50e-01    -  1.00e+00 1.56e-02h  7
 351  5.6386069e-04 1.65e-06 1.69e+01 -11.0 2.23e-01    -  1.00e+00 1.56e-02h  7
 352  5.6294227e-04 1.70e-06 1.81e+01 -11.0 5.20e-01    -  1.00e+00 3.91e-03h  9
 353  5.6031041e-04 1.78e-06 1.89e+01 -11.0 7.78e-01    -  1.00e+00 3.91e-03h  9
 354  5.6012726e-04 1.78e-06 1.92e+01 -11.0 6.02e-01    -  1.00e+00 9.77e-04h 11
 355  5.5977377e-04 1.78e-06 1.93e+01 -11.0 2.40e-01    -  1.00e+00 1.95e-03h 10
 356  5.5382008e-04 2.72e-05 2.62e+01 -11.0 6.98e-01    -  1.00e+00 6.25e-02h  5
 357  5.5234227e-04 2.78e-05 2.68e+01 -11.0 1.32e+00    -  1.00e+00 7.81e-03h  8
 358  5.5232074e-04 2.80e-05 2.86e+01 -11.0 5.05e-01    -  1.00e+00 1.56e-02h  7
 359  6.1359902e-01 3.52e-02 7.64e+01 -11.0 2.38e+00    -  1.00e+00 1.00e+00w  1
iter    objective    inf_pr   inf_du lg(mu)  ||d||  lg(rg) alpha_du alpha_pr  ls
 360  1.5315800e-01 7.20e-03 8.63e+01 -11.0 8.13e-01    -  1.00e+00 1.00e+00w  1
 361  7.2839533e-01 9.22e-03 4.92e+01 -11.0 8.80e-01    -  1.00e+00 1.00e+00w  1
 362  5.5210745e-04 2.80e-05 2.77e+01 -11.0 1.75e-01    -  1.00e+00 3.91e-03h  8
 363  5.5674835e-04 2.52e-05 2.44e+01 -11.0 8.92e-02    -  1.00e+00 1.25e-01h  4
 364  5.5000698e-04 2.54e-05 2.63e+01 -11.0 1.37e+00    -  1.00e+00 7.81e-03h  8
 365  5.5779315e-04 2.74e-05 2.77e+01 -11.0 6.41e-02    -  1.00e+00 5.00e-01h  2
 366  5.5686822e-04 2.74e-05 2.95e+01 -11.0 5.68e-01    -  1.00e+00 7.81e-03h  8
 367  5.5517756e-04 2.71e-05 3.17e+01 -11.0 2.15e-01    -  1.00e+00 3.12e-02h  6
 368  5.5863528e-04 2.55e-05 3.74e+01 -11.0 3.48e-01    -  1.00e+00 3.12e-02h  6
 369  5.5862564e-04 2.56e-05 3.94e+01 -11.0 3.80e-01    -  1.00e+00 1.56e-02h  7
iter    objective    inf_pr   inf_du lg(mu)  ||d||  lg(rg) alpha_du alpha_pr  ls
 370  5.5663484e-04 2.54e-05 3.89e+01 -11.0 1.26e-01    -  1.00e+00 7.81e-03h  8
 371  5.5644103e-04 1.44e-05 2.29e+01 -11.0 2.48e-02    -  1.00e+00 5.00e-01h  2
 372  1.0196368e-02 3.85e-04 1.88e+01 -11.0 1.59e-01    -  1.00e+00 1.00e+00w  1
 373  5.8763350e-04 2.65e-04 9.41e+00 -11.0 1.51e-01    -  1.00e+00 1.00e+00w  1
 374  1.8693196e-03 6.52e-05 2.23e+01 -11.0 7.78e-02    -  1.00e+00 1.00e+00w  1
 375  5.5623921e-04 1.43e-05 2.16e+01 -11.0 5.08e-02    -  1.00e+00 3.12e-02h  5
 376  5.5748254e-04 8.17e-06 1.24e+01 -11.0 2.04e-02    -  1.00e+00 5.00e-01h  2
 377  5.5603441e-04 8.20e-06 1.30e+01 -11.0 1.74e-01    -  1.00e+00 3.12e-02h  6
 378  5.5580894e-04 8.17e-06 1.33e+01 -11.0 2.12e-01    -  1.00e+00 1.56e-02h  7
 379  5.5620311e-04 8.07e-06 1.40e+01 -11.0 6.97e-02    -  1.00e+00 1.25e-01h  4
iter    objective    inf_pr   inf_du lg(mu)  ||d||  lg(rg) alpha_du alpha_pr  ls
 380  5.5583115e-04 8.03e-06 1.39e+01 -11.0 1.52e-01    -  1.00e+00 7.81e-03h  8
 381  5.5711217e-04 6.28e-06 1.95e+00 -11.0 1.79e-02    -  1.00e+00 1.00e+00h  1
 382  5.5642586e-04 6.16e-06 2.27e+00 -11.0 2.67e-01    -  1.00e+00 1.56e-02h  7
 383  5.5447514e-04 5.85e-06 3.60e+00 -11.0 1.35e-01    -  1.00e+00 6.25e-02h  5
 384  5.5376026e-04 5.80e-06 4.60e+00 -11.0 1.36e-01    -  1.00e+00 1.56e-02h  7
 385  5.5539530e-04 9.93e-07 5.20e+00 -11.0 8.54e-03    -  1.00e+00 1.00e+00h  1
 386  5.5098030e-04 8.18e-07 8.25e+00 -11.0 3.17e-02    -  1.00e+00 2.50e-01h  3
 387  5.4838335e-04 8.29e-07 9.81e+00 -11.0 1.15e-01    -  1.00e+00 3.12e-02h  6
 388  5.6276160e-04 3.75e-07 4.97e+00 -11.0 1.30e-02    -  1.00e+00 1.00e+00H  1
 389  6.0025644e-04 3.43e-07 3.34e+00 -11.0 9.26e-03    -  1.00e+00 1.00e+00H  1
iter    objective    inf_pr   inf_du lg(mu)  ||d||  lg(rg) alpha_du alpha_pr  ls
 390  5.4794174e-04 4.49e-07 2.66e-01 -11.0 1.48e-02    -  1.00e+00 1.00e+00h  1
 391  6.6235690e-04 1.34e-07 1.13e+00 -11.0 5.34e-03    -  1.00e+00 1.00e+00H  1
 392  5.3836722e-04 4.66e-07 2.92e-01 -11.0 8.96e-03    -  1.00e+00 1.00e+00h  1
 393  5.3749435e-04 7.02e-09 2.50e-02 -11.0 1.21e-03    -  1.00e+00 1.00e+00h  1
 394  5.3642390e-04 1.95e-08 2.45e-02 -11.0 3.20e-03    -  1.00e+00 1.00e+00h  1
 395  5.5955202e-04 1.24e-08 1.02e-01 -11.0 6.56e-03    -  1.00e+00 1.00e+00H  1
 396  5.3590804e-04 6.35e-08 2.02e-02 -11.0 6.95e-03    -  1.00e+00 1.00e+00h  1
 397  5.3555339e-04 3.32e-08 2.82e-02 -11.0 1.61e-03    -  1.00e+00 5.00e-01h  2
 398  5.3530277e-04 3.50e-09 7.41e-02 -11.0 4.72e-04    -  1.00e+00 1.00e+00h  1
 399  5.3504558e-04 1.80e-08 1.83e-01 -11.0 2.32e-03    -  1.00e+00 5.00e-01h  2
iter    objective    inf_pr   inf_du lg(mu)  ||d||  lg(rg) alpha_du alpha_pr  ls
 400  5.3473495e-04 2.22e-07 7.77e-01 -11.0 1.03e-02    -  1.00e+00 5.00e-01h  2
 401  5.3439164e-04 9.46e-07 2.08e+00 -11.0 5.80e-01    -  1.00e+00 1.56e-02h  7
 402  5.3432821e-04 1.05e-06 2.53e+00 -11.0 4.35e-01    -  1.00e+00 7.81e-03h  8
 403  5.3416727e-04 1.08e-06 2.79e+00 -11.0 2.60e-01    -  1.00e+00 7.81e-03h  8
 404  5.3413464e-04 1.08e-06 2.93e+00 -11.0 1.08e-01    -  1.00e+00 1.56e-02h  7
 405  5.3375541e-04 1.34e-06 3.66e+00 -11.0 7.04e-01    -  1.00e+00 7.81e-03h  8
 406  5.3321895e-04 1.56e-06 4.28e+00 -11.0 6.15e-01    -  1.00e+00 7.81e-03h  8
 407  5.3324241e-04 1.56e-06 4.32e+00 -11.0 3.51e-01    -  1.00e+00 9.77e-04h 11
 408  5.3303470e-04 1.81e-06 4.88e+00 -11.0 5.98e-01    -  1.00e+00 7.81e-03h  8
 409  2.0800455e-02 6.28e-03 5.59e+01 -11.0 5.23e-01    -  1.00e+00 1.00e+00w  1
iter    objective    inf_pr   inf_du lg(mu)  ||d||  lg(rg) alpha_du alpha_pr  ls
 410  2.0797192e-03 8.79e-04 5.30e+01 -11.0 5.96e-01    -  1.00e+00 1.00e+00w  1
 411  9.8436648e-02 1.30e-03 9.02e+01 -11.0 1.94e-01    -  1.00e+00 1.00e+00w  1
 412  5.3259535e-04 2.68e-06 5.71e+00 -11.0 2.10e-01    -  1.00e+00 1.56e-02h  6
 413  5.3238617e-04 2.76e-06 5.27e+00 -11.0 5.15e-02    -  1.00e+00 1.25e-01h  4
 414  5.3200760e-04 2.97e-06 5.80e+00 -11.0 6.12e-01    -  1.00e+00 7.81e-03h  8
 415  5.3170536e-04 3.21e-06 6.29e+00 -11.0 3.15e-01    -  1.00e+00 1.56e-02h  7
 416  5.3103443e-04 4.38e-06 7.15e+00 -11.0 5.13e-01    -  1.00e+00 1.56e-02h  7
 417  5.3086289e-04 4.93e-06 7.81e+00 -11.0 4.31e-01    -  1.00e+00 1.56e-02h  7
 418  5.3047553e-04 5.33e-06 8.37e+00 -11.0 4.47e-01    -  1.00e+00 1.56e-02h  7
 419  5.3030886e-04 5.41e-06 8.53e+00 -11.0 5.77e-01    -  1.00e+00 7.81e-03h  8
iter    objective    inf_pr   inf_du lg(mu)  ||d||  lg(rg) alpha_du alpha_pr  ls
 420  5.3036505e-04 5.40e-06 8.61e+00 -11.0 2.02e-01    -  1.00e+00 7.81e-03h  8
 421  5.3018677e-04 5.40e-06 8.64e+00 -11.0 3.94e-01    -  1.00e+00 1.95e-03h 10
 422  5.9465482e-04 5.69e-04 3.57e+00 -11.0 1.90e-01    -  1.00e+00 1.00e+00w  1
 423  2.5692875e-02 4.01e-03 6.89e+00 -11.0 4.13e-01    -  1.00e+00 1.00e+00w  1
 424  1.5908661e-03 5.74e-03 1.61e+01 -11.0 3.74e-01    -  1.00e+00 1.00e+00w  1
 425  5.3028582e-04 5.39e-06 8.70e+00 -11.0 9.67e-01    -  1.00e+00 7.81e-03h  7
 426  5.3032096e-04 5.39e-06 8.78e+00 -11.0 1.23e-01    -  1.00e+00 1.56e-02h  7
 427  5.3034652e-04 5.38e-06 8.81e+00 -11.0 4.00e-01    -  1.00e+00 9.77e-04h 11
 428  5.3038183e-04 5.38e-06 8.87e+00 -11.0 4.03e-01    -  1.00e+00 1.95e-03h 10
 429  5.3030574e-04 5.38e-06 8.83e+00 -11.0 7.23e-01    -  1.00e+00 1.95e-03h 10
iter    objective    inf_pr   inf_du lg(mu)  ||d||  lg(rg) alpha_du alpha_pr  ls
 430  5.3036541e-04 5.37e-06 8.87e+00 -11.0 2.64e-01    -  1.00e+00 3.91e-03h  9
 431  5.3013229e-04 5.44e-06 8.89e+00 -11.0 5.58e-01    -  1.00e+00 3.91e-03h  9
 432  5.3013647e-04 5.44e-06 8.92e+00 -11.0 4.82e-01    -  1.00e+00 9.77e-04h 11
 433  5.3010320e-04 5.43e-06 8.88e+00 -11.0 1.95e+00    -  1.00e+00 4.88e-04h 12
 434  5.3011234e-04 5.43e-06 8.91e+00 -11.0 4.67e-01    -  1.00e+00 9.77e-04h 11
 435  6.2367946e-04 2.06e-07 5.94e-02 -11.0 2.68e-03  -1.4 1.00e+00 1.00e+00w  1
 436  6.8834737e-04 3.21e-03 1.04e+01 -11.0 4.12e-01    -  1.00e+00 1.00e+00w  1
 437  1.1602166e-01 7.51e-03 2.30e+01 -11.0 5.73e-01    -  1.00e+00 1.00e+00w  1
 438  5.3011507e-04 5.09e-06 8.35e+00 -11.0 5.05e-01    -  1.00e+00 6.25e-02h  4
 439  5.3002424e-04 5.08e-06 8.41e+00 -11.0 1.38e-01    -  1.00e+00 7.81e-03h  8
iter    objective    inf_pr   inf_du lg(mu)  ||d||  lg(rg) alpha_du alpha_pr  ls
 440  5.2982530e-04 5.18e-06 8.52e+00 -11.0 1.17e-01    -  1.00e+00 3.12e-02h  6
 441  5.2980033e-04 5.41e-06 8.80e+00 -11.0 5.15e-01    -  1.00e+00 7.81e-03h  8
 442  5.2977682e-04 5.41e-06 8.87e+00 -11.0 5.99e-01    -  1.00e+00 1.95e-03h 10
 443  5.2978346e-04 5.41e-06 8.90e+00 -11.0 4.52e-01    -  1.00e+00 9.77e-04h 11
 444  5.2978172e-04 5.41e-06 8.91e+00 -11.0 5.62e-01    -  1.00e+00 4.88e-04h 12
 445  5.2970248e-04 5.78e-06 9.10e+00 -11.0 6.50e-01    -  1.00e+00 7.81e-03h  8
 446  5.2963284e-04 5.88e-06 9.18e+00 -11.0 7.34e-01    -  1.00e+00 3.91e-03h  9
 447  5.2949680e-04 6.05e-06 9.22e+00 -11.0 8.91e-01    -  1.00e+00 3.91e-03h  9
 448  1.4218111e-02 1.67e-02 2.07e+02 -11.0 8.24e-01    -  1.00e+00 1.00e+00w  1
 449  1.5817148e-02 2.56e-03 1.90e+02 -11.0 2.09e-01    -  1.00e+00 1.00e+00w  1
iter    objective    inf_pr   inf_du lg(mu)  ||d||  lg(rg) alpha_du alpha_pr  ls
 450  2.9396019e-02 1.56e-03 1.14e+02 -11.0 1.68e-01    -  1.00e+00 1.00e+00w  1
 451  5.2947683e-04 6.22e-06 9.27e+00 -11.0 1.40e-01    -  1.00e+00 3.91e-03h  8
 452  5.2946712e-04 6.25e-06 9.29e+00 -11.0 8.05e-01    -  1.00e+00 1.95e-03h 10
 453  5.2916476e-04 6.61e-06 9.31e+00 -11.0 1.09e+00    -  1.00e+00 3.91e-03h  9
 454  5.2900485e-04 7.98e-06 9.38e+00 -11.0 1.04e+00    -  1.00e+00 7.81e-03h  8
 455  5.2887639e-04 8.28e-06 9.33e+00 -11.0 1.10e+00    -  1.00e+00 3.91e-03h  9
 456  5.2886811e-04 8.29e-06 9.34e+00 -11.0 8.52e-01    -  1.00e+00 9.77e-04h 11
 457  5.2885760e-04 8.60e-06 9.34e+00 -11.0 1.00e+00    -  1.00e+00 3.91e-03h  9
 458  5.2877505e-04 8.46e-06 9.19e+00 -11.0 1.39e-02  -1.9 1.00e+00 1.56e-02h  7
 459  5.2878109e-04 8.46e-06 9.18e+00 -11.0 5.38e-01    -  1.00e+00 9.77e-04h 11
iter    objective    inf_pr   inf_du lg(mu)  ||d||  lg(rg) alpha_du alpha_pr  ls
 460  5.2878805e-04 8.46e-06 9.18e+00 -11.0 5.16e-01    -  1.00e+00 9.77e-04h 11
 461  1.1882310e-03 5.44e-03 7.26e+01 -11.0 4.95e-01    -  1.00e+00 1.00e+00w  1
 462  1.2307292e-03 4.91e-05 5.94e-01 -11.0 1.16e-02    -  1.00e+00 1.00e+00w  1
 463  1.1711700e-03 6.35e-06 3.54e-01 -11.0 7.14e-03    -  1.00e+00 1.00e+00w  1
 464  5.2879580e-04 8.46e-06 9.17e+00 -11.0 5.95e-03    -  1.00e+00 9.77e-04h 10
 465  5.2893527e-04 4.46e-09 1.84e-03 -11.0 5.98e-04    -  1.00e+00 1.00e+00h  1
 466  5.2823516e-04 1.19e-09 5.05e-03 -11.0 1.10e-04    -  1.00e+00 1.00e+00h  1
 467  5.2822477e-04 1.14e-09 6.76e-03 -11.0 6.22e-05    -  1.00e+00 1.00e+00h  1
 468  5.2816792e-04 3.37e-09 6.53e-02 -11.0 5.56e-04    -  1.00e+00 1.00e+00h  1
 469  5.2815799e-04 3.67e-09 9.66e-02 -11.0 2.71e-03    -  1.00e+00 6.25e-02h  5
iter    objective    inf_pr   inf_du lg(mu)  ||d||  lg(rg) alpha_du alpha_pr  ls
 470  5.2814659e-04 6.65e-09 1.68e-01 -11.0 2.04e-03    -  1.00e+00 2.50e-01h  3
 471  5.2811162e-04 1.71e-08 3.60e-01 -11.0 2.82e-02    -  1.00e+00 3.12e-02h  6
 472  5.2811063e-04 1.71e-08 3.75e-01 -11.0 3.68e-02    -  1.00e+00 1.95e-03h 10
 473  5.2810192e-04 2.35e-08 5.39e-01 -11.0 9.96e-03    -  1.00e+00 1.25e-01h  4
 474  5.2806803e-04 3.58e-08 7.73e-01 -11.0 5.25e-01    -  1.00e+00 1.95e-03h 10
 475  5.2798593e-04 5.04e-08 9.66e-01 -11.0 2.31e-01    -  1.00e+00 3.91e-03h  9
 476  5.2797715e-04 2.82e-07 1.63e+00 -11.0 6.42e-02    -  1.00e+00 6.25e-02h  5
 477  5.2794584e-04 3.48e-07 2.30e+00 -11.0 7.54e-01    -  1.00e+00 3.91e-03h  9
 478  5.2788642e-04 1.44e-06 5.19e+00 -11.0 8.27e-01    -  1.00e+00 1.56e-02h  7
 479  7.4703891e-04 2.27e-05 9.25e+00 -11.0 2.42e-02  -2.4 1.00e+00 1.00e+00w  1
iter    objective    inf_pr   inf_du lg(mu)  ||d||  lg(rg) alpha_du alpha_pr  ls
 480  7.6978619e-04 9.21e-04 7.80e+01 -11.0 2.98e-01    -  1.00e+00 1.00e+00w  1
 481  8.1694547e+00 6.67e-03 7.57e+01 -11.0 1.02e+00  -2.9 1.00e+00 1.00e+00w  1
 482  5.2781025e-04 1.39e-06 5.30e+00 -11.0 1.04e+00    -  1.00e+00 3.12e-02h  5
 483  5.2779930e-04 1.42e-06 5.65e+00 -11.0 5.25e-01    -  1.00e+00 3.91e-03h  9
 484  5.2753018e-04 1.41e-06 5.63e+00 -11.0 2.22e-01  -3.4 1.00e+00 1.95e-03h 10
 485  5.2741669e-04 2.19e-06 9.04e-01 -11.0 7.83e-02    -  1.00e+00 1.00e+00H  1
 486  5.2732635e-04 2.11e-06 5.95e-01 -11.0 3.50e-02    -  1.00e+00 3.12e-02h  6
 487  5.2730988e-04 2.04e-06 7.51e-01 -11.0 2.28e-02    -  1.00e+00 3.12e-02h  6
 488  5.2744197e-04 1.16e-06 1.84e+00 -11.0 2.25e-02    -  1.00e+00 2.50e-01h  3
 489  5.2743180e-04 1.15e-06 1.55e+00 -11.0 5.77e-01    -  1.00e+00 3.91e-03h  9
iter    objective    inf_pr   inf_du lg(mu)  ||d||  lg(rg) alpha_du alpha_pr  ls
 490  5.2758421e-04 1.10e-06 1.67e+00 -11.0 1.04e-01    -  1.00e+00 1.56e-02h  7
 491  5.3051477e-04 5.96e-07 2.50e+00 -11.0 9.81e-02    -  1.00e+00 6.25e-02h  5
 492  5.3050715e-04 5.93e-07 2.36e+00 -11.0 4.26e-01    -  1.00e+00 3.91e-03h  9
 493  5.3020970e-04 8.27e-07 1.49e+00 -11.0 8.87e-01    -  1.00e+00 7.81e-03h  8
 494  5.2969004e-04 1.36e-06 3.35e-01 -11.0 1.94e+00    -  1.00e+00 3.91e-03h  9
 495  5.2938945e-04 1.39e-06 2.39e-01 -11.0 1.41e+00    -  1.00e+00 1.95e-03h 10
 496  1.4057378e-01 7.00e-02 2.05e+02 -11.0 2.39e+00    -  1.00e+00 1.00e+00w  1
 497  1.4563389e-01 2.57e-02 5.83e+01 -11.0 1.36e+00    -  1.00e+00 1.00e+00w  1
 498  1.2195881e+00 6.13e-02 1.29e+02 -11.0 9.55e-01    -  1.00e+00 1.00e+00w  1
 499  5.2920744e-04 1.41e-06 4.52e-01 -11.0 8.75e-01    -  1.00e+00 4.88e-04h 11
iter    objective    inf_pr   inf_du lg(mu)  ||d||  lg(rg) alpha_du alpha_pr  ls
 500  5.2871514e-04 1.47e-06 9.01e-01 -11.0 2.46e-01    -  1.00e+00 1.56e-02h  7
 501  5.2804222e-04 1.49e-06 1.01e+00 -11.0 1.53e+00    -  1.00e+00 4.88e-04h 12
 502  5.2754653e-04 7.12e-06 4.61e+00 -11.0 4.18e-01    -  1.00e+00 6.25e-02h  5
 503  5.2692938e-04 7.09e-06 4.47e+00 -11.0 1.82e-01  -2.9 1.00e+00 7.81e-03h  8
 504  5.2692367e-04 7.24e-06 4.96e+00 -11.0 3.50e-01    -  1.00e+00 1.56e-02h  7
 505r 5.2692367e-04 7.24e-06 9.99e+02  -5.1 0.00e+00  -3.0 0.00e+00 4.77e-07R 22
 506r 5.2693269e-04 1.96e-06 6.57e+02  -9.0 6.08e-02    -  3.95e-01 1.02e-03f  1
 507  5.2623679e-04 1.60e-06 3.87e-03 -11.0 2.79e-02    -  1.00e+00 5.00e-01h  2
 508  5.2697125e-04 1.60e-06 4.53e-03 -11.0 8.94e-02  -3.5 1.00e+00 7.81e-03h  8
 509  5.2610727e-04 1.59e-05 1.51e-01 -11.0 4.28e-02    -  1.00e+00 1.00e+00h  1
iter    objective    inf_pr   inf_du lg(mu)  ||d||  lg(rg) alpha_du alpha_pr  ls
 510  1.9075387e-03 1.49e-06 5.23e-01 -11.0 1.61e-02  -2.1 1.00e+00 1.00e+00H  1
 511  1.8224899e-03 1.34e-06 3.98e-01 -11.0 2.56e-01    -  1.00e+00 3.12e-02h  6
 512  1.7969155e-03 1.21e-06 5.37e-01 -11.0 7.74e-01    -  1.00e+00 7.81e-03h  8
 513  1.7425771e-03 1.20e-06 5.70e-01 -11.0 1.62e-01    -  1.00e+00 1.56e-02h  7
 514  1.7308739e-03 1.19e-06 5.92e-01 -11.0 4.72e-01    -  1.00e+00 1.95e-03h 10
 515  1.6733741e-03 3.96e-03 3.83e+01 -11.0 1.37e+00    -  1.00e+00 5.00e-01h  2
 516  1.6658678e-03 3.92e-03 3.65e+01 -11.0 1.35e+00    -  1.00e+00 1.56e-02h  7
 517  5.9460278e-04 8.10e-04 7.85e+01 -11.0 3.23e-01    -  1.00e+00 1.00e+00h  1
 518  1.7186765e-03 8.80e-04 9.33e+01 -11.0 4.12e+00    -  1.00e+00 1.56e-02h  7
 519  8.9343042e-04 6.54e-05 6.06e+00 -11.0 2.42e-02    -  1.00e+00 1.00e+00h  1
iter    objective    inf_pr   inf_du lg(mu)  ||d||  lg(rg) alpha_du alpha_pr  ls
 520  6.5655282e-04 2.91e-04 2.03e+01 -11.0 1.07e-01    -  1.00e+00 1.00e+00h  1
 521  6.1788134e-04 2.92e-04 2.19e+01 -11.0 1.03e+00    -  1.00e+00 1.56e-02h  7
 522  1.0925776e-03 1.51e-04 1.46e+01 -11.0 9.21e-02    -  1.00e+00 5.00e-01h  2
 523  7.0743577e-04 3.93e-06 1.12e+01 -11.0 3.16e-02    -  1.00e+00 1.00e+00h  1
 524  8.7526122e-04 2.79e-06 1.23e+00 -11.0 5.05e-02    -  1.00e+00 1.00e+00h  1
 525  6.2714565e-04 1.58e-06 2.44e-01 -11.0 3.44e-02    -  1.00e+00 1.00e+00h  1
 526  2.2079957e-03 6.11e-07 3.18e-01 -11.0 6.06e-02    -  1.00e+00 1.00e+00H  1
 527  5.3084203e-04 4.37e-06 5.99e-02 -11.0 5.10e-02    -  1.00e+00 1.00e+00h  1
 528  5.5213645e-04 1.11e-07 3.62e-01 -11.0 1.30e-02    -  1.00e+00 1.00e+00h  1
 529  5.2954928e-04 2.41e-08 1.89e-01 -11.0 5.88e-03    -  1.00e+00 1.00e+00h  1
iter    objective    inf_pr   inf_du lg(mu)  ||d||  lg(rg) alpha_du alpha_pr  ls
 530  5.3467536e-04 2.60e-09 1.85e-01 -11.0 8.20e-03    -  1.00e+00 1.00e+00H  1
 531  5.3000415e-04 1.27e-08 9.96e-02 -11.0 1.82e-03    -  1.00e+00 1.00e+00h  1
 532  5.2407918e-04 7.81e-09 7.67e-02 -11.0 2.66e-03    -  1.00e+00 1.00e+00h  1
 533  5.2386869e-04 5.57e-09 5.50e-02 -11.0 1.11e-03    -  1.00e+00 1.00e+00h  1
 534  5.2458389e-04 3.13e-09 3.74e-02 -11.0 2.23e-03    -  1.00e+00 1.00e+00H  1
 535  5.2454629e-04 3.29e-09 4.03e-02 -11.0 5.02e-02    -  1.00e+00 3.91e-03h  9
 536  5.2453150e-04 3.37e-09 4.16e-02 -11.0 2.62e-01    -  1.00e+00 4.88e-04h 12
 537  5.2452491e-04 3.37e-09 4.19e-02 -11.0 1.32e-01    -  1.00e+00 2.44e-04h 13
 538  5.2373945e-04 7.18e-07 1.65e-01 -11.0 3.32e-01    -  1.00e+00 3.12e-02h  6
 539  5.2337419e-04 2.42e-06 7.16e-01 -11.0 1.26e+00    -  1.00e+00 1.56e-02h  7
iter    objective    inf_pr   inf_du lg(mu)  ||d||  lg(rg) alpha_du alpha_pr  ls
 540  5.2351540e-04 2.42e-06 7.39e-01 -11.0 4.54e-01    -  1.00e+00 1.95e-03h 10
 541  5.2245980e-04 2.51e-06 8.59e-01 -11.0 3.76e-01    -  1.00e+00 1.56e-02h  7
 542  5.2243114e-04 2.56e-06 9.66e-01 -11.0 1.09e+00    -  1.00e+00 3.91e-03h  9
 543  5.2240529e-04 2.58e-06 1.03e+00 -11.0 1.38e+00    -  1.00e+00 1.95e-03h 10
 544  5.2238281e-04 2.60e-06 1.08e+00 -11.0 1.38e+00    -  1.00e+00 1.95e-03h 10
 545  3.7536812e-02 1.33e-02 4.46e+01 -11.0 1.64e+00    -  1.00e+00 1.00e+00w  1
 546  1.7721750e-02 1.23e-03 4.08e+01 -11.0 4.02e-01    -  1.00e+00 1.00e+00w  1
 547  5.6658156e-01 3.38e-03 4.90e+01 -11.0 4.65e-01    -  1.00e+00 1.00e+00w  1
 548  5.2189295e-04 2.75e-06 1.20e+00 -11.0 4.23e-01    -  1.00e+00 3.91e-03h  8
 549  5.2188991e-04 2.75e-06 1.23e+00 -11.0 5.61e-01    -  1.00e+00 3.91e-03h  9
iter    objective    inf_pr   inf_du lg(mu)  ||d||  lg(rg) alpha_du alpha_pr  ls
 550  5.2185926e-04 2.78e-06 1.29e+00 -11.0 1.63e+00    -  1.00e+00 1.95e-03h 10
 551  5.2186414e-04 2.78e-06 1.30e+00 -11.0 1.05e+00    -  1.00e+00 4.88e-04h 12
 552  5.2186999e-04 2.78e-06 1.31e+00 -11.0 1.08e+00    -  1.00e+00 4.88e-04h 12
 553  5.2159564e-04 2.95e-06 1.43e+00 -11.0 1.55e+00    -  1.00e+00 3.91e-03h  9
 554  5.2116173e-04 3.68e-06 1.69e+00 -11.0 1.58e+00    -  1.00e+00 7.81e-03h  8
 555  5.2102795e-04 3.85e-06 1.82e+00 -11.0 1.44e+00    -  1.00e+00 3.91e-03h  9
 556  5.2094430e-04 4.08e-06 1.99e+00 -11.0 1.79e+00    -  1.00e+00 3.91e-03h  9
 557  5.2079050e-04 4.09e-06 2.03e+00 -11.0 1.84e+00    -  1.00e+00 9.77e-04h 11
 558  3.5377744e-03 1.54e-02 5.08e+01 -11.0 1.68e+00    -  1.00e+00 1.00e+00w  1
 559  4.2785509e+02 1.56e+00 1.94e+03 -11.0 4.28e+01    -  1.00e+00 1.00e+00w  1
iter    objective    inf_pr   inf_du lg(mu)  ||d||  lg(rg) alpha_du alpha_pr  ls
 560  5.8334076e+00 5.83e-01 1.58e+02 -11.0 3.91e+01    -  1.00e+00 1.00e+00w  1
 561  5.2077823e-04 4.31e-06 2.19e+00 -11.0 9.32e+00    -  1.00e+00 3.91e-03h  8
 562  5.2071596e-04 4.65e-06 2.35e+00 -11.0 1.02e+00    -  1.00e+00 7.81e-03h  8
 563  5.2053462e-04 4.63e-06 2.37e+00 -11.0 7.17e-02  -2.6 1.00e+00 3.91e-03h  9
 564  5.2053666e-04 4.63e-06 2.38e+00 -11.0 1.64e+00    -  1.00e+00 2.44e-04h 13
 565  5.2053913e-04 4.63e-06 2.39e+00 -11.0 1.62e+00    -  1.00e+00 2.44e-04h 13
