orego  model=mlp width=19 d=3 tlen=112 profile=fast seed=134  solver=Rodas5  N=516
  derivmatch lr=0.01 iter=170/3400 loss=9.77
  derivmatch lr=0.01 iter=340/3400 loss=8.445
  derivmatch lr=0.01 iter=510/3400 loss=7.765
  derivmatch lr=0.01 iter=680/3400 loss=7.317
  derivmatch lr=0.01 iter=850/3400 loss=7.007
  derivmatch lr=0.01 iter=1020/3400 loss=6.75
  derivmatch lr=0.01 iter=1190/3400 loss=6.535
  derivmatch lr=0.01 iter=1360/3400 loss=6.359
  derivmatch lr=0.01 iter=1530/3400 loss=6.198
  derivmatch lr=0.01 iter=1700/3400 loss=6.054
  derivmatch lr=0.01 iter=1870/3400 loss=5.918
  derivmatch lr=0.01 iter=2040/3400 loss=5.803
  derivmatch lr=0.01 iter=2210/3400 loss=5.794
  derivmatch lr=0.01 iter=2380/3400 loss=5.696
  derivmatch lr=0.01 iter=2550/3400 loss=5.602
  derivmatch lr=0.01 iter=2720/3400 loss=5.513
  derivmatch lr=0.01 iter=2890/3400 loss=5.538
  derivmatch lr=0.01 iter=3060/3400 loss=5.453
  derivmatch lr=0.01 iter=3230/3400 loss=5.383
  derivmatch lr=0.01 iter=3400/3400 loss=5.308
  derivmatch lr=0.01 iter=3400/3400 loss=5.308
  derivmatch lr=0.003 iter=125/2500 loss=5.283
  derivmatch lr=0.003 iter=250/2500 loss=5.256
  derivmatch lr=0.003 iter=375/2500 loss=5.231
  derivmatch lr=0.003 iter=500/2500 loss=5.205
  derivmatch lr=0.003 iter=625/2500 loss=5.18
  derivmatch lr=0.003 iter=750/2500 loss=5.156
  derivmatch lr=0.003 iter=875/2500 loss=5.132
  derivmatch lr=0.003 iter=1000/2500 loss=5.115
  derivmatch lr=0.003 iter=1125/2500 loss=5.092
  derivmatch lr=0.003 iter=1250/2500 loss=5.066
  derivmatch lr=0.003 iter=1375/2500 loss=5.045
  derivmatch lr=0.003 iter=1500/2500 loss=5.024
  derivmatch lr=0.003 iter=1625/2500 loss=5.004
  derivmatch lr=0.003 iter=1750/2500 loss=4.984
  derivmatch lr=0.003 iter=1875/2500 loss=4.961
  derivmatch lr=0.003 iter=2000/2500 loss=4.943
  derivmatch lr=0.003 iter=2125/2500 loss=4.924
  derivmatch lr=0.003 iter=2250/2500 loss=4.906
  derivmatch lr=0.003 iter=2375/2500 loss=4.846
  derivmatch lr=0.003 iter=2500/2500 loss=4.66
  derivmatch lr=0.003 iter=2500/2500 loss=4.66
  derivmatch lr=0.001 iter=125/2500 loss=4.652
  derivmatch lr=0.001 iter=250/2500 loss=4.645
  derivmatch lr=0.001 iter=375/2500 loss=4.637
  derivmatch lr=0.001 iter=500/2500 loss=4.63
  derivmatch lr=0.001 iter=625/2500 loss=4.713
  derivmatch lr=0.001 iter=750/2500 loss=4.707
  derivmatch lr=0.001 iter=875/2500 loss=4.7
  derivmatch lr=0.001 iter=1000/2500 loss=4.694
  derivmatch lr=0.001 iter=1125/2500 loss=4.687
  derivmatch lr=0.001 iter=1250/2500 loss=4.676
  derivmatch lr=0.001 iter=1375/2500 loss=4.669
  derivmatch lr=0.001 iter=1500/2500 loss=4.663
  derivmatch lr=0.001 iter=1625/2500 loss=4.656
  derivmatch lr=0.001 iter=1750/2500 loss=4.651
  derivmatch lr=0.001 iter=1875/2500 loss=4.644
  derivmatch lr=0.001 iter=2000/2500 loss=4.637
  derivmatch lr=0.001 iter=2125/2500 loss=4.631
  derivmatch lr=0.001 iter=2250/2500 loss=4.625
  derivmatch lr=0.001 iter=2375/2500 loss=4.619
  derivmatch lr=0.001 iter=2500/2500 loss=4.613
  derivmatch lr=0.001 iter=2500/2500 loss=4.613
  derivmatch lr=0.0003 iter=80/1600 loss=4.612
  derivmatch lr=0.0003 iter=160/1600 loss=4.611
  derivmatch lr=0.0003 iter=240/1600 loss=4.61
  derivmatch lr=0.0003 iter=320/1600 loss=4.608
  derivmatch lr=0.0003 iter=400/1600 loss=4.607
  derivmatch lr=0.0003 iter=480/1600 loss=4.606
  derivmatch lr=0.0003 iter=560/1600 loss=4.605
  derivmatch lr=0.0003 iter=640/1600 loss=4.603
  derivmatch lr=0.0003 iter=720/1600 loss=4.602
  derivmatch lr=0.0003 iter=800/1600 loss=4.601
  derivmatch lr=0.0003 iter=880/1600 loss=4.599
  derivmatch lr=0.0003 iter=960/1600 loss=4.598
  derivmatch lr=0.0003 iter=1040/1600 loss=4.596
  derivmatch lr=0.0003 iter=1120/1600 loss=4.595
  derivmatch lr=0.0003 iter=1200/1600 loss=4.593
  derivmatch lr=0.0003 iter=1280/1600 loss=4.592
  derivmatch lr=0.0003 iter=1360/1600 loss=4.59
  derivmatch lr=0.0003 iter=1440/1600 loss=4.589
  derivmatch lr=0.0003 iter=1520/1600 loss=4.588
  derivmatch lr=0.0003 iter=1600/1600 loss=4.586
  derivmatch lr=0.0003 iter=1600/1600 loss=4.586
derivative matching [27s]  fitloss=4.59
  [derivative matching]  nrmse=0.5547  l2=558300.0
  collocation: M=127 residuals=1470  detecting sparsity + solving...

Algorithm: LevenbergMarquardt(
    trustregion = LevenbergMarquardtTrustRegion(
        β_uphill = 0.0
    ),
    descent = GeodesicAcceleration(
        descent = DampedNewtonDescent(
            linsolve = KLUFactorization(
                reuse_symbolic = true,
                check_pattern = true
            ),
            initial_damping = 1.0,
            damping_fn = LevenbergMarquardtDampingFunction(
                increase_factor = 2.0,
                decrease_factor = 3.0,
                min_damping = 1.0e-8
            ),
            min_norm_mode = :auto
        ),
        finite_diff_step_geodesic = 0.1,
        α = 0.75
    ),
    autodiff = AutoForwardDiff(),
    vjp_autodiff = AutoFiniteDiff(
        fdtype = Val{:forward}(),
        fdjtype = Val{:forward}(),
        fdhtype = Val{:hcentral}(),
        dir = true
    ),
    jvp_autodiff = AutoForwardDiff(),
    concrete_jac = Val{true}()
)

----    	-------------       	-----------         
Iter    	f(u) 2-norm         	Step 2-norm         
----    	-------------       	-----------         
0       	7.50309656e+02      	NaN                 
1       	7.50309656e+02      	0.00000000e+00      
8       	7.79839803e+02      	0.00000000e+00      
15      	7.84886381e+02      	7.89594342e-03      
22      	7.33846462e+02      	0.00000000e+00      
29      	5.88670668e+02      	0.00000000e+00      
36      	5.55719470e+02      	0.00000000e+00      
43      	5.59365443e+02      	0.00000000e+00      
50      	5.73656201e+02      	0.00000000e+00      
57      	5.58770562e+02      	1.92918873e-03      
64      	3.42394975e+02      	0.00000000e+00      
71      	3.35920320e+02      	0.00000000e+00      
78      	3.11432392e+02      	4.55247180e-02      
85      	3.20534671e+02      	0.00000000e+00      
92      	3.11765084e+02      	2.64873992e-03      
99      	3.26920255e+02      	0.00000000e+00      
106     	3.19755839e+02      	0.00000000e+00      
113     	3.19755839e+02      	0.00000000e+00      
120     	3.38247804e+02      	3.52418212e-02      
127     	3.38247804e+02      	0.00000000e+00      
134     	3.38413906e+02      	1.19952790e-03      
141     	3.68441015e+02      	0.00000000e+00      
148     	3.66096283e+02      	1.44095421e-02      
Final   	2.37492077e+02      
----------------------      
  AMR 1/1: M=127  err=14400.0  obs=0.002  nrmse=0.55  best=0.55  refined=0
collocation [72s]
  [final]  nrmse=0.5503  l2=561100.0
extrapolation window: T=180.0 -> T_test=360.0  n_test=224
  [train]  E_traj=1.677  E_VF=0.8157  E_spec=2.059
  [test ]  E_traj=75.01  E_VF=0.7893  E_spec=70.09
saved /orcd/home/002/txenakis/projects/BVPsolver/src/../data/runs/run_9F0w535S/orego_fit.png
saved /orcd/home/002/txenakis/projects/BVPsolver/src/../data/runs/run_9F0w535S/orego_fit_extrapolated.png
saved /orcd/home/002/txenakis/projects/BVPsolver/src/../data/runs/run_9F0w535S/orego_spectral_fit_extrapolated.png
saved /orcd/home/002/txenakis/projects/BVPsolver/src/../data/runs/run_9F0w535S/orego_vf_fit_extrapolated.png
┌ Warning: Attempting to store StiffNN.var"#20#21"{Float64, Float64, Float64}.
│ JLD2 only stores functions by name.
│  This may not be useful for anonymous functions.
└ @ JLD2 ~/.julia/packages/JLD2/ADycq/src/data/writing_datatypes.jl:447
saved run → /orcd/home/002/txenakis/projects/BVPsolver/src/../data/runs/run_9F0w535S
