rober  model=mlp width=15 d=3 tlen=50 profile=fast seed=223  solver=Rodas5  N=348
  derivmatch lr=0.01 iter=170/3400 loss=45.46
  derivmatch lr=0.01 iter=340/3400 loss=42.5
  derivmatch lr=0.01 iter=510/3400 loss=36.58
  derivmatch lr=0.01 iter=680/3400 loss=48.78
  derivmatch lr=0.01 iter=850/3400 loss=29.51
  derivmatch lr=0.01 iter=1020/3400 loss=31.82
  derivmatch lr=0.01 iter=1190/3400 loss=33.05
  derivmatch lr=0.01 iter=1360/3400 loss=41.68
  derivmatch lr=0.01 iter=1530/3400 loss=29.1
  derivmatch lr=0.01 iter=1700/3400 loss=44.21
  derivmatch lr=0.01 iter=1870/3400 loss=50.21
  derivmatch lr=0.01 iter=2040/3400 loss=42.79
  derivmatch lr=0.01 iter=2210/3400 loss=44.25
  derivmatch lr=0.01 iter=2380/3400 loss=31.84
  derivmatch lr=0.01 iter=2550/3400 loss=41.54
  derivmatch lr=0.01 iter=2720/3400 loss=53.13
  derivmatch lr=0.01 iter=2890/3400 loss=37.0
  derivmatch lr=0.01 iter=3060/3400 loss=39.21
  derivmatch lr=0.01 iter=3230/3400 loss=40.74
  derivmatch lr=0.01 iter=3400/3400 loss=50.43
  derivmatch lr=0.01 iter=3400/3400 loss=20.77
  derivmatch lr=0.003 iter=125/2500 loss=34.67
  derivmatch lr=0.003 iter=250/2500 loss=21.96
  derivmatch lr=0.003 iter=375/2500 loss=28.37
  derivmatch lr=0.003 iter=500/2500 loss=41.24
  derivmatch lr=0.003 iter=625/2500 loss=39.67
  derivmatch lr=0.003 iter=750/2500 loss=38.71
  derivmatch lr=0.003 iter=875/2500 loss=29.83
  derivmatch lr=0.003 iter=1000/2500 loss=30.41
  derivmatch lr=0.003 iter=1125/2500 loss=23.44
  derivmatch lr=0.003 iter=1250/2500 loss=37.76
  derivmatch lr=0.003 iter=1375/2500 loss=39.32
  derivmatch lr=0.003 iter=1500/2500 loss=27.96
  derivmatch lr=0.003 iter=1625/2500 loss=44.8
  derivmatch lr=0.003 iter=1750/2500 loss=45.63
  derivmatch lr=0.003 iter=1875/2500 loss=42.63
  derivmatch lr=0.003 iter=2000/2500 loss=45.52
  derivmatch lr=0.003 iter=2125/2500 loss=42.47
  derivmatch lr=0.003 iter=2250/2500 loss=33.53
  derivmatch lr=0.003 iter=2375/2500 loss=36.46
  derivmatch lr=0.003 iter=2500/2500 loss=38.99
  derivmatch lr=0.003 iter=2500/2500 loss=17.24
  derivmatch lr=0.001 iter=125/2500 loss=25.57
  derivmatch lr=0.001 iter=250/2500 loss=22.8
  derivmatch lr=0.001 iter=375/2500 loss=17.57
  derivmatch lr=0.001 iter=500/2500 loss=28.18
  derivmatch lr=0.001 iter=625/2500 loss=26.16
  derivmatch lr=0.001 iter=750/2500 loss=27.19
  derivmatch lr=0.001 iter=875/2500 loss=26.12
  derivmatch lr=0.001 iter=1000/2500 loss=24.65
  derivmatch lr=0.001 iter=1125/2500 loss=28.36
  derivmatch lr=0.001 iter=1250/2500 loss=30.42
  derivmatch lr=0.001 iter=1375/2500 loss=29.28
  derivmatch lr=0.001 iter=1500/2500 loss=24.48
  derivmatch lr=0.001 iter=1625/2500 loss=28.2
  derivmatch lr=0.001 iter=1750/2500 loss=27.02
  derivmatch lr=0.001 iter=1875/2500 loss=22.59
  derivmatch lr=0.001 iter=2000/2500 loss=15.17
  derivmatch lr=0.001 iter=2125/2500 loss=29.42
  derivmatch lr=0.001 iter=2250/2500 loss=30.57
  derivmatch lr=0.001 iter=2375/2500 loss=27.52
  derivmatch lr=0.001 iter=2500/2500 loss=26.86
  derivmatch lr=0.001 iter=2500/2500 loss=11.98
  derivmatch lr=0.0003 iter=80/1600 loss=11.39
  derivmatch lr=0.0003 iter=160/1600 loss=10.25
  derivmatch lr=0.0003 iter=240/1600 loss=9.579
  derivmatch lr=0.0003 iter=320/1600 loss=9.409
  derivmatch lr=0.0003 iter=400/1600 loss=11.63
  derivmatch lr=0.0003 iter=480/1600 loss=20.76
  derivmatch lr=0.0003 iter=560/1600 loss=20.1
  derivmatch lr=0.0003 iter=640/1600 loss=19.4
  derivmatch lr=0.0003 iter=720/1600 loss=17.77
  derivmatch lr=0.0003 iter=800/1600 loss=16.58
  derivmatch lr=0.0003 iter=880/1600 loss=14.55
  derivmatch lr=0.0003 iter=960/1600 loss=11.08
  derivmatch lr=0.0003 iter=1040/1600 loss=8.759
  derivmatch lr=0.0003 iter=1120/1600 loss=8.497
  derivmatch lr=0.0003 iter=1200/1600 loss=15.14
  derivmatch lr=0.0003 iter=1280/1600 loss=9.745
  derivmatch lr=0.0003 iter=1360/1600 loss=8.543
  derivmatch lr=0.0003 iter=1440/1600 loss=9.433
  derivmatch lr=0.0003 iter=1520/1600 loss=13.89
  derivmatch lr=0.0003 iter=1600/1600 loss=7.925
  derivmatch lr=0.0003 iter=1600/1600 loss=7.904
derivative matching [24s]  fitloss=7.9
  [derivative matching]  nrmse=92300.0  l2=802.8
extrapolation window: T=1000.0 -> T_test=1.0e12  n_test=100
  [train]  E_traj=2.217e10  E_VF=0.6329  E_spec=5.404e27
  [test ]  E_traj=6.87e31  E_VF=1.151e16  E_spec=2.964e27
saved /orcd/home/002/txenakis/projects/BVPsolver/src/../data/runs/run_SuMv0ooj/rober_fit.png
saved /orcd/home/002/txenakis/projects/BVPsolver/src/../data/runs/run_SuMv0ooj/rober_fit_extrapolated.png
saved /orcd/home/002/txenakis/projects/BVPsolver/src/../data/runs/run_SuMv0ooj/rober_spectral_fit_extrapolated.png
saved /orcd/home/002/txenakis/projects/BVPsolver/src/../data/runs/run_SuMv0ooj/rober_vf_fit_extrapolated.png
┌ Warning: Attempting to store StiffNN.var"#12#13"{Float64, Float64, Float64}.
│ JLD2 only stores functions by name.
│  This may not be useful for anonymous functions.
└ @ JLD2 ~/.julia/packages/JLD2/ADycq/src/data/writing_datatypes.jl:447
saved run → /orcd/home/002/txenakis/projects/BVPsolver/src/../data/runs/run_SuMv0ooj
