orego  model=mlp d=3 tlen=112 profile=fast seed=13  solver=Rodas5  N=387
  derivmatch lr=0.01 iter=170/3400 loss=10.64
  derivmatch lr=0.01 iter=340/3400 loss=9.114
  derivmatch lr=0.01 iter=510/3400 loss=8.389
  derivmatch lr=0.01 iter=680/3400 loss=7.825
  derivmatch lr=0.01 iter=850/3400 loss=7.561
  derivmatch lr=0.01 iter=1020/3400 loss=7.155
  derivmatch lr=0.01 iter=1190/3400 loss=6.994
  derivmatch lr=0.01 iter=1360/3400 loss=6.769
  derivmatch lr=0.01 iter=1530/3400 loss=6.566
  derivmatch lr=0.01 iter=1700/3400 loss=6.388
  derivmatch lr=0.01 iter=1870/3400 loss=6.244
  derivmatch lr=0.01 iter=2040/3400 loss=6.116
  derivmatch lr=0.01 iter=2210/3400 loss=6.002
  derivmatch lr=0.01 iter=2380/3400 loss=5.882
  derivmatch lr=0.01 iter=2550/3400 loss=5.811
  derivmatch lr=0.01 iter=2720/3400 loss=5.748
  derivmatch lr=0.01 iter=2890/3400 loss=5.665
  derivmatch lr=0.01 iter=3060/3400 loss=5.579
  derivmatch lr=0.01 iter=3230/3400 loss=5.517
  derivmatch lr=0.01 iter=3400/3400 loss=5.446
  derivmatch lr=0.01 iter=3400/3400 loss=5.446
  derivmatch lr=0.003 iter=125/2500 loss=5.403
  derivmatch lr=0.003 iter=250/2500 loss=5.363
  derivmatch lr=0.003 iter=375/2500 loss=5.324
  derivmatch lr=0.003 iter=500/2500 loss=5.295
  derivmatch lr=0.003 iter=625/2500 loss=5.264
  derivmatch lr=0.003 iter=750/2500 loss=5.236
  derivmatch lr=0.003 iter=875/2500 loss=5.211
  derivmatch lr=0.003 iter=1000/2500 loss=5.182
  derivmatch lr=0.003 iter=1125/2500 loss=5.158
  derivmatch lr=0.003 iter=1250/2500 loss=5.134
  derivmatch lr=0.003 iter=1375/2500 loss=5.111
  derivmatch lr=0.003 iter=1500/2500 loss=5.088
  derivmatch lr=0.003 iter=1625/2500 loss=5.067
  derivmatch lr=0.003 iter=1750/2500 loss=5.045
  derivmatch lr=0.003 iter=1875/2500 loss=5.024
  derivmatch lr=0.003 iter=2000/2500 loss=5.004
  derivmatch lr=0.003 iter=2125/2500 loss=4.984
  derivmatch lr=0.003 iter=2250/2500 loss=4.965
  derivmatch lr=0.003 iter=2375/2500 loss=4.946
  derivmatch lr=0.003 iter=2500/2500 loss=4.928
  derivmatch lr=0.003 iter=2500/2500 loss=4.928
  derivmatch lr=0.001 iter=125/2500 loss=4.922
  derivmatch lr=0.001 iter=250/2500 loss=4.915
  derivmatch lr=0.001 iter=375/2500 loss=4.909
  derivmatch lr=0.001 iter=500/2500 loss=4.902
  derivmatch lr=0.001 iter=625/2500 loss=4.895
  derivmatch lr=0.001 iter=750/2500 loss=4.888
  derivmatch lr=0.001 iter=875/2500 loss=4.88
  derivmatch lr=0.001 iter=1000/2500 loss=4.873
  derivmatch lr=0.001 iter=1125/2500 loss=4.866
  derivmatch lr=0.001 iter=1250/2500 loss=4.858
  derivmatch lr=0.001 iter=1375/2500 loss=4.851
  derivmatch lr=0.001 iter=1500/2500 loss=4.844
  derivmatch lr=0.001 iter=1625/2500 loss=4.837
  derivmatch lr=0.001 iter=1750/2500 loss=4.829
  derivmatch lr=0.001 iter=1875/2500 loss=4.823
  derivmatch lr=0.001 iter=2000/2500 loss=4.816
  derivmatch lr=0.001 iter=2125/2500 loss=4.809
  derivmatch lr=0.001 iter=2250/2500 loss=4.803
  derivmatch lr=0.001 iter=2375/2500 loss=4.786
  derivmatch lr=0.001 iter=2500/2500 loss=4.791
  derivmatch lr=0.001 iter=2500/2500 loss=4.785
  derivmatch lr=0.0003 iter=80/1600 loss=4.789
  derivmatch lr=0.0003 iter=160/1600 loss=4.787
  derivmatch lr=0.0003 iter=240/1600 loss=4.786
  derivmatch lr=0.0003 iter=320/1600 loss=4.785
  derivmatch lr=0.0003 iter=400/1600 loss=4.784
  derivmatch lr=0.0003 iter=480/1600 loss=4.782
  derivmatch lr=0.0003 iter=560/1600 loss=4.781
  derivmatch lr=0.0003 iter=640/1600 loss=4.78
  derivmatch lr=0.0003 iter=720/1600 loss=4.778
  derivmatch lr=0.0003 iter=800/1600 loss=4.777
  derivmatch lr=0.0003 iter=880/1600 loss=4.776
  derivmatch lr=0.0003 iter=960/1600 loss=4.774
  derivmatch lr=0.0003 iter=1040/1600 loss=4.773
  derivmatch lr=0.0003 iter=1120/1600 loss=4.772
  derivmatch lr=0.0003 iter=1200/1600 loss=4.77
  derivmatch lr=0.0003 iter=1280/1600 loss=4.769
  derivmatch lr=0.0003 iter=1360/1600 loss=4.767
  derivmatch lr=0.0003 iter=1440/1600 loss=4.766
  derivmatch lr=0.0003 iter=1520/1600 loss=4.764
  derivmatch lr=0.0003 iter=1600/1600 loss=4.762
  derivmatch lr=0.0003 iter=1600/1600 loss=4.762
derivative matching [25s]  fitloss=4.76
  [derivative matching]  nrmse=0.4265  l2=485900.0
  shooting iter=50/1000 loss=0.2203
  shooting iter=100/1000 loss=0.2202
  shooting iter=150/1000 loss=0.2202
  shooting iter=200/1000 loss=0.2202
  shooting iter=250/1000 loss=0.2202
  shooting iter=300/1000 loss=0.2202
  shooting iter=350/1000 loss=0.2202
  shooting iter=400/1000 loss=0.2202
  shooting iter=450/1000 loss=0.2201
  shooting iter=500/1000 loss=0.2202
  shooting iter=550/1000 loss=0.2202
  shooting iter=600/1000 loss=0.2202
  shooting iter=650/1000 loss=0.2202
  shooting iter=700/1000 loss=0.2201
  shooting iter=750/1000 loss=0.22
  shooting iter=800/1000 loss=0.22
  shooting iter=850/1000 loss=0.2193
  shooting iter=900/1000 loss=0.2189
  shooting iter=950/1000 loss=0.2176
  shooting iter=1000/1000 loss=0.2168
  shooting iter=1000/1000 loss=0.2167
shooting [872s]  loss=0.217
  [final]  nrmse=0.4207  l2=485100.0
extrapolation window: T=180.0 -> T_test=360.0  n_test=224
  [train]  E_traj=0.9398  E_VF=0.8435  E_spec=0.9999
  [test ]  E_traj=0.9165  E_VF=0.8661  E_spec=0.9966
saved /orcd/home/002/txenakis/projects/BVPsolver/src/../data/runs/run_ZQmimwy0/orego_fit.png
saved /orcd/home/002/txenakis/projects/BVPsolver/src/../data/runs/run_ZQmimwy0/orego_fit_extrapolated.png
saved /orcd/home/002/txenakis/projects/BVPsolver/src/../data/runs/run_ZQmimwy0/orego_spectral_fit_extrapolated.png
saved /orcd/home/002/txenakis/projects/BVPsolver/src/../data/runs/run_ZQmimwy0/orego_vf_fit_extrapolated.png
┌ Warning: Attempting to store StiffNN.var"#20#21"{Float64, Float64, Float64}.
│ JLD2 only stores functions by name.
│  This may not be useful for anonymous functions.
└ @ JLD2 ~/.julia/packages/JLD2/ADycq/src/data/writing_datatypes.jl:447
saved run → /orcd/home/002/txenakis/projects/BVPsolver/src/../data/runs/run_ZQmimwy0
