┌ Warning: Verbosity toggle: dt_epsilon 
│  Initial timestep too small (near machine epsilon), using default: dt = 1.0e-6
└ @ OrdinaryDiffEqCore ~/.julia/packages/OrdinaryDiffEqCore/NVUZl/src/initdt.jl:222
pollu  model=stiff width=32 d=20 tlen=50 profile=fast seed=12  solver=Rodas5  N=4744
  derivmatch lr=0.01 iter=510/10200 loss=0.05607
  derivmatch lr=0.01 iter=1020/10200 loss=0.05084
  derivmatch lr=0.01 iter=1530/10200 loss=0.01876
  derivmatch lr=0.01 iter=2040/10200 loss=0.008885
  derivmatch lr=0.01 iter=2550/10200 loss=0.005766
  derivmatch lr=0.01 iter=3060/10200 loss=0.004541
  derivmatch lr=0.01 iter=3570/10200 loss=0.0029
  derivmatch lr=0.01 iter=4080/10200 loss=0.002599
  derivmatch lr=0.01 iter=4590/10200 loss=0.001924
  derivmatch lr=0.01 iter=5100/10200 loss=0.001567
  derivmatch lr=0.01 iter=5610/10200 loss=0.001845
  derivmatch lr=0.01 iter=6120/10200 loss=0.001804
  derivmatch lr=0.01 iter=6630/10200 loss=0.001174
  derivmatch lr=0.01 iter=7140/10200 loss=0.001192
  derivmatch lr=0.01 iter=7650/10200 loss=0.0009694
  derivmatch lr=0.01 iter=8160/10200 loss=0.0008285
  derivmatch lr=0.01 iter=8670/10200 loss=0.0009412
  derivmatch lr=0.01 iter=9180/10200 loss=0.0008012
  derivmatch lr=0.01 iter=9690/10200 loss=0.0009086
  derivmatch lr=0.01 iter=10200/10200 loss=0.000675
  derivmatch lr=0.01 iter=10200/10200 loss=0.0001568
  derivmatch lr=0.003 iter=375/7500 loss=0.000103
  derivmatch lr=0.003 iter=750/7500 loss=0.0002036
  derivmatch lr=0.003 iter=1125/7500 loss=0.0002114
  derivmatch lr=0.003 iter=1500/7500 loss=5.895e-5
  derivmatch lr=0.003 iter=1875/7500 loss=4.988e-5
  derivmatch lr=0.003 iter=2250/7500 loss=6.172e-5
  derivmatch lr=0.003 iter=2625/7500 loss=5.684e-5
  derivmatch lr=0.003 iter=3000/7500 loss=7.604e-5
  derivmatch lr=0.003 iter=3375/7500 loss=5.316e-5
  derivmatch lr=0.003 iter=3750/7500 loss=2.688e-5
  derivmatch lr=0.003 iter=4125/7500 loss=0.0001606
  derivmatch lr=0.003 iter=4500/7500 loss=7.563e-5
  derivmatch lr=0.003 iter=4875/7500 loss=3.897e-5
  derivmatch lr=0.003 iter=5250/7500 loss=0.0001922
  derivmatch lr=0.003 iter=5625/7500 loss=0.0001035
  derivmatch lr=0.003 iter=6000/7500 loss=4.941e-5
  derivmatch lr=0.003 iter=6375/7500 loss=2.711e-5
  derivmatch lr=0.003 iter=6750/7500 loss=5.906e-5
  derivmatch lr=0.003 iter=7125/7500 loss=7.224e-5
  derivmatch lr=0.003 iter=7500/7500 loss=0.0003241
  derivmatch lr=0.003 iter=7500/7500 loss=1.561e-5
  derivmatch lr=0.001 iter=375/7500 loss=1.49e-5
  derivmatch lr=0.001 iter=750/7500 loss=1.454e-5
  derivmatch lr=0.001 iter=1125/7500 loss=1.418e-5
  derivmatch lr=0.001 iter=1500/7500 loss=1.381e-5
  derivmatch lr=0.001 iter=1875/7500 loss=0.0001583
  derivmatch lr=0.001 iter=2250/7500 loss=2.745e-5
  derivmatch lr=0.001 iter=2625/7500 loss=1.897e-5
  derivmatch lr=0.001 iter=3000/7500 loss=8.242e-5
  derivmatch lr=0.001 iter=3375/7500 loss=0.0001369
  derivmatch lr=0.001 iter=3750/7500 loss=1.219e-5
  derivmatch lr=0.001 iter=4125/7500 loss=1.425e-5
  derivmatch lr=0.001 iter=4500/7500 loss=1.159e-5
  derivmatch lr=0.001 iter=4875/7500 loss=4.081e-5
  derivmatch lr=0.001 iter=5250/7500 loss=1.166e-5
  derivmatch lr=0.001 iter=5625/7500 loss=1.226e-5
  derivmatch lr=0.001 iter=6000/7500 loss=1.213e-5
  derivmatch lr=0.001 iter=6375/7500 loss=1.727e-5
  derivmatch lr=0.001 iter=6750/7500 loss=1.154e-5
  derivmatch lr=0.001 iter=7125/7500 loss=1.264e-5
  derivmatch lr=0.001 iter=7500/7500 loss=1.112e-5
  derivmatch lr=0.001 iter=7500/7500 loss=1.034e-5
  derivmatch lr=0.0003 iter=240/4800 loss=1.027e-5
  derivmatch lr=0.0003 iter=480/4800 loss=1.024e-5
  derivmatch lr=0.0003 iter=720/4800 loss=1.02e-5
  derivmatch lr=0.0003 iter=960/4800 loss=1.014e-5
  derivmatch lr=0.0003 iter=1200/4800 loss=1.021e-5
  derivmatch lr=0.0003 iter=1440/4800 loss=1.007e-5
  derivmatch lr=0.0003 iter=1680/4800 loss=9.948e-6
  derivmatch lr=0.0003 iter=1920/4800 loss=9.879e-6
  derivmatch lr=0.0003 iter=2160/4800 loss=9.948e-6
  derivmatch lr=0.0003 iter=2400/4800 loss=1.107e-5
  derivmatch lr=0.0003 iter=2640/4800 loss=9.777e-6
  derivmatch lr=0.0003 iter=2880/4800 loss=1.085e-5
  derivmatch lr=0.0003 iter=3120/4800 loss=9.671e-6
  derivmatch lr=0.0003 iter=3360/4800 loss=9.462e-6
  derivmatch lr=0.0003 iter=3600/4800 loss=9.441e-6
  derivmatch lr=0.0003 iter=3840/4800 loss=9.339e-6
  derivmatch lr=0.0003 iter=4080/4800 loss=9.315e-6
  derivmatch lr=0.0003 iter=4320/4800 loss=9.302e-6
  derivmatch lr=0.0003 iter=4560/4800 loss=1.074e-5
  derivmatch lr=0.0003 iter=4800/4800 loss=9.092e-6
  derivmatch lr=0.0003 iter=4800/4800 loss=9.088e-6
derivative matching [50s]  fitloss=9.09e-6
  [derivative matching]  nrmse=0.04082  l2=0.004893
  collocation: M=72 residuals=5260  detecting sparsity + solving...

Algorithm: LevenbergMarquardt(
    trustregion = LevenbergMarquardtTrustRegion(
        β_uphill = 0.0
    ),
    descent = GeodesicAcceleration(
        descent = DampedNewtonDescent(
            linsolve = KLUFactorization(
                reuse_symbolic = true,
                check_pattern = true
            ),
            initial_damping = 1.0,
            damping_fn = LevenbergMarquardtDampingFunction(
                increase_factor = 2.0,
                decrease_factor = 3.0,
                min_damping = 1.0e-8
            ),
            min_norm_mode = :auto
        ),
        finite_diff_step_geodesic = 0.1,
        α = 0.75
    ),
    autodiff = AutoForwardDiff(),
    vjp_autodiff = AutoFiniteDiff(
        fdtype = Val{:forward}(),
        fdjtype = Val{:forward}(),
        fdhtype = Val{:hcentral}(),
        dir = true
    ),
    jvp_autodiff = AutoForwardDiff(),
    concrete_jac = Val{true}()
)

----    	-------------       	-----------         
Iter    	f(u) 2-norm         	Step 2-norm         
----    	-------------       	-----------         
0       	3.36643622e+04      	NaN                 
1       	3.36643622e+04      	0.00000000e+00      
8       	3.39328284e+04      	0.00000000e+00      
15      	7.53586929e+03      	2.77721573e-02      
22      	7.21122519e+03      	0.00000000e+00      
29      	7.22372374e+03      	7.69526971e-04      
36      	3.52842991e+03      	8.56584070e-02      
43      	5.36638654e+03      	0.00000000e+00      
50      	1.31692936e+03      	5.88306596e-01      
57      	5.86939552e+02      	0.00000000e+00      
64      	3.24320952e+03      	0.00000000e+00      
71      	2.45264433e+02      	6.50909787e-01      
78      	2.08742783e+02      	0.00000000e+00      
85      	3.63738064e+00      	2.63275190e-01      
92      	1.87582036e+01      	2.87423732e-01      
99      	1.05171751e-01      	0.00000000e+00      
106     	2.86157995e+00      	0.00000000e+00      
113     	5.05594687e+00      	0.00000000e+00      
120     	3.42444386e+00      	2.30467086e-01      
127     	7.93054902e-02      	6.52740576e-02      
134     	1.33170023e+00      	0.00000000e+00      
141     	2.70541142e+00      	0.00000000e+00      
148     	1.00664135e+02      	3.90160776e-01      
Final   	2.75712304e-02      
----------------------      
  AMR 1/1: M=72  err=0.000139  obs=3.63e-10  nrmse=0.00149  best=0.00149  refined=0
collocation [6982s]
  [final]  nrmse=0.001487  l2=0.0004303
┌ Warning: Verbosity toggle: dt_epsilon 
│  Initial timestep too small (near machine epsilon), using default: dt = 1.0e-6
└ @ OrdinaryDiffEqCore ~/.julia/packages/OrdinaryDiffEqCore/NVUZl/src/initdt.jl:222
extrapolation window: T=60.0 -> T_test=120.0  n_test=100
  [train]  E_traj=6.657e-6  E_VF=0.09941  E_spec=1.586e303
  [test ]  E_traj=0.007588  E_VF=544400.0  E_spec=6.221e301
┌ Warning: No strict ticks found
└ @ PlotUtils ~/.julia/packages/PlotUtils/HX80C/src/ticks.jl:194
┌ Warning: No strict ticks found
└ @ PlotUtils ~/.julia/packages/PlotUtils/HX80C/src/ticks.jl:194
saved /orcd/home/002/txenakis/projects/BVPsolver/src/../data/runs/run_e9PQQcTs/pollu_fit.png
┌ Warning: No strict ticks found
└ @ PlotUtils ~/.julia/packages/PlotUtils/HX80C/src/ticks.jl:194
┌ Warning: No strict ticks found
└ @ PlotUtils ~/.julia/packages/PlotUtils/HX80C/src/ticks.jl:194
saved /orcd/home/002/txenakis/projects/BVPsolver/src/../data/runs/run_e9PQQcTs/pollu_fit_extrapolated.png
saved /orcd/home/002/txenakis/projects/BVPsolver/src/../data/runs/run_e9PQQcTs/pollu_spectral_fit_extrapolated.png
saved /orcd/home/002/txenakis/projects/BVPsolver/src/../data/runs/run_e9PQQcTs/pollu_vf_fit_extrapolated.png
┌ Warning: Attempting to store StiffNN.var"#16#17"{Vector{Float64}}.
│ JLD2 only stores functions by name.
│  This may not be useful for anonymous functions.
└ @ JLD2 ~/.julia/packages/JLD2/ADycq/src/data/writing_datatypes.jl:447
saved run → /orcd/home/002/txenakis/projects/BVPsolver/src/../data/runs/run_e9PQQcTs
