orego  model=stiff width=16 d=3 tlen=112 profile=fast seed=144  solver=Rodas5  N=486
  derivmatch lr=0.01 iter=170/3400 loss=0.09202
  derivmatch lr=0.01 iter=340/3400 loss=0.0404
  derivmatch lr=0.01 iter=510/3400 loss=0.02192
  derivmatch lr=0.01 iter=680/3400 loss=0.01632
  derivmatch lr=0.01 iter=850/3400 loss=0.01272
  derivmatch lr=0.01 iter=1020/3400 loss=0.02363
  derivmatch lr=0.01 iter=1190/3400 loss=0.007839
  derivmatch lr=0.01 iter=1360/3400 loss=0.005982
  derivmatch lr=0.01 iter=1530/3400 loss=0.004542
  derivmatch lr=0.01 iter=1700/3400 loss=0.003706
  derivmatch lr=0.01 iter=1870/3400 loss=0.002999
  derivmatch lr=0.01 iter=2040/3400 loss=0.00256
  derivmatch lr=0.01 iter=2210/3400 loss=0.002241
  derivmatch lr=0.01 iter=2380/3400 loss=0.002004
  derivmatch lr=0.01 iter=2550/3400 loss=0.001823
  derivmatch lr=0.01 iter=2720/3400 loss=0.001679
  derivmatch lr=0.01 iter=2890/3400 loss=0.001561
  derivmatch lr=0.01 iter=3060/3400 loss=0.00146
  derivmatch lr=0.01 iter=3230/3400 loss=0.001369
  derivmatch lr=0.01 iter=3400/3400 loss=0.001284
  derivmatch lr=0.01 iter=3400/3400 loss=0.001112
  derivmatch lr=0.003 iter=125/2500 loss=0.0008949
  derivmatch lr=0.003 iter=250/2500 loss=0.0008326
  derivmatch lr=0.003 iter=375/2500 loss=0.000759
  derivmatch lr=0.003 iter=500/2500 loss=0.0006786
  derivmatch lr=0.003 iter=625/2500 loss=0.001523
  derivmatch lr=0.003 iter=750/2500 loss=0.0005553
  derivmatch lr=0.003 iter=875/2500 loss=0.0005044
  derivmatch lr=0.003 iter=1000/2500 loss=0.0004612
  derivmatch lr=0.003 iter=1125/2500 loss=0.0004245
  derivmatch lr=0.003 iter=1250/2500 loss=0.0003931
  derivmatch lr=0.003 iter=1375/2500 loss=0.0003656
  derivmatch lr=0.003 iter=1500/2500 loss=0.0003412
  derivmatch lr=0.003 iter=1625/2500 loss=0.000359
  derivmatch lr=0.003 iter=1750/2500 loss=0.0003369
  derivmatch lr=0.003 iter=1875/2500 loss=0.0003333
  derivmatch lr=0.003 iter=2000/2500 loss=0.0003072
  derivmatch lr=0.003 iter=2125/2500 loss=0.0003062
  derivmatch lr=0.003 iter=2250/2500 loss=0.0002834
  derivmatch lr=0.003 iter=2375/2500 loss=0.0002831
  derivmatch lr=0.003 iter=2500/2500 loss=0.0002612
  derivmatch lr=0.003 iter=2500/2500 loss=0.0002612
  derivmatch lr=0.001 iter=125/2500 loss=0.0002207
  derivmatch lr=0.001 iter=250/2500 loss=0.0002177
  derivmatch lr=0.001 iter=375/2500 loss=0.0002139
  derivmatch lr=0.001 iter=500/2500 loss=0.0002094
  derivmatch lr=0.001 iter=625/2500 loss=0.0002045
  derivmatch lr=0.001 iter=750/2500 loss=0.000199
  derivmatch lr=0.001 iter=875/2500 loss=0.0001933
  derivmatch lr=0.001 iter=1000/2500 loss=0.0001872
  derivmatch lr=0.001 iter=1125/2500 loss=0.0001815
  derivmatch lr=0.001 iter=1250/2500 loss=0.0001758
  derivmatch lr=0.001 iter=1375/2500 loss=0.0001704
  derivmatch lr=0.001 iter=1500/2500 loss=0.0001882
  derivmatch lr=0.001 iter=1625/2500 loss=0.0001624
  derivmatch lr=0.001 iter=1750/2500 loss=0.0001576
  derivmatch lr=0.001 iter=1875/2500 loss=0.0001565
  derivmatch lr=0.001 iter=2000/2500 loss=0.0001494
  derivmatch lr=0.001 iter=2125/2500 loss=0.0001464
  derivmatch lr=0.001 iter=2250/2500 loss=0.0001411
  derivmatch lr=0.001 iter=2375/2500 loss=0.0001331
  derivmatch lr=0.001 iter=2500/2500 loss=0.0001419
  derivmatch lr=0.001 iter=2500/2500 loss=0.00013
  derivmatch lr=0.0003 iter=80/1600 loss=0.0001298
  derivmatch lr=0.0003 iter=160/1600 loss=0.0001293
  derivmatch lr=0.0003 iter=240/1600 loss=0.0001287
  derivmatch lr=0.0003 iter=320/1600 loss=0.000128
  derivmatch lr=0.0003 iter=400/1600 loss=0.0001272
  derivmatch lr=0.0003 iter=480/1600 loss=0.0001264
  derivmatch lr=0.0003 iter=560/1600 loss=0.0001254
  derivmatch lr=0.0003 iter=640/1600 loss=0.0001244
  derivmatch lr=0.0003 iter=720/1600 loss=0.0001233
  derivmatch lr=0.0003 iter=800/1600 loss=0.0001222
  derivmatch lr=0.0003 iter=880/1600 loss=0.000121
  derivmatch lr=0.0003 iter=960/1600 loss=0.0001198
  derivmatch lr=0.0003 iter=1040/1600 loss=0.0001185
  derivmatch lr=0.0003 iter=1120/1600 loss=0.0001171
  derivmatch lr=0.0003 iter=1200/1600 loss=0.0001157
  derivmatch lr=0.0003 iter=1280/1600 loss=0.0001143
  derivmatch lr=0.0003 iter=1360/1600 loss=0.0001128
  derivmatch lr=0.0003 iter=1440/1600 loss=0.0001113
  derivmatch lr=0.0003 iter=1520/1600 loss=0.0001098
  derivmatch lr=0.0003 iter=1600/1600 loss=0.0001086
  derivmatch lr=0.0003 iter=1600/1600 loss=0.0001083
derivative matching [29s]  fitloss=0.000108
  [derivative matching]  nrmse=0.6016  l2=502700.0
  shooting iter=50/1000 loss=0.2258
  shooting iter=100/1000 loss=0.2195
  shooting iter=150/1000 loss=0.2193
  shooting iter=200/1000 loss=0.2192
  shooting iter=250/1000 loss=0.2191
  shooting iter=300/1000 loss=0.2189
  shooting iter=350/1000 loss=0.2188
  shooting iter=400/1000 loss=0.2185
  shooting iter=450/1000 loss=0.2183
  shooting iter=500/1000 loss=0.2181
  shooting iter=550/1000 loss=0.2176
  shooting iter=600/1000 loss=0.2167
  shooting iter=650/1000 loss=0.2149
  shooting iter=700/1000 loss=0.2112
  shooting iter=750/1000 loss=0.1836
  shooting iter=800/1000 loss=0.2555
  shooting iter=850/1000 loss=0.2379
  shooting iter=900/1000 loss=0.2292
  shooting iter=950/1000 loss=0.2263
  shooting iter=1000/1000 loss=0.2252
  shooting iter=1000/1000 loss=0.177
shooting [5334s]  loss=0.177
  [final]  nrmse=0.3284  l2=466400.0
extrapolation window: T=180.0 -> T_test=360.0  n_test=224
  [train]  E_traj=0.6178  E_VF=2.717  E_spec=0.9537
  [test ]  E_traj=1.484  E_VF=101.2  E_spec=0.9896
saved /orcd/home/002/txenakis/projects/BVPsolver/src/../data/runs/run_tUxguNdH/orego_fit.png
saved /orcd/home/002/txenakis/projects/BVPsolver/src/../data/runs/run_tUxguNdH/orego_fit_extrapolated.png
saved /orcd/home/002/txenakis/projects/BVPsolver/src/../data/runs/run_tUxguNdH/orego_spectral_fit_extrapolated.png
saved /orcd/home/002/txenakis/projects/BVPsolver/src/../data/runs/run_tUxguNdH/orego_vf_fit_extrapolated.png
┌ Warning: Attempting to store StiffNN.var"#20#21"{Float64, Float64, Float64}.
│ JLD2 only stores functions by name.
│  This may not be useful for anonymous functions.
└ @ JLD2 ~/.julia/packages/JLD2/ADycq/src/data/writing_datatypes.jl:447
saved run → /orcd/home/002/txenakis/projects/BVPsolver/src/../data/runs/run_tUxguNdH
