rober  model=GELU-scaled d=3 tlen=50 profile=fast seed=11  solver=Rodas5  N=188
  derivmatch lr=0.01 iter=170/3400 loss=9.227
  derivmatch lr=0.01 iter=340/3400 loss=7.351
  derivmatch lr=0.01 iter=510/3400 loss=8.189
  derivmatch lr=0.01 iter=680/3400 loss=6.085
  derivmatch lr=0.01 iter=850/3400 loss=5.923
  derivmatch lr=0.01 iter=1020/3400 loss=5.822
  derivmatch lr=0.01 iter=1190/3400 loss=5.713
  derivmatch lr=0.01 iter=1360/3400 loss=5.576
  derivmatch lr=0.01 iter=1530/3400 loss=8.734
  derivmatch lr=0.01 iter=1700/3400 loss=8.378
  derivmatch lr=0.01 iter=1870/3400 loss=8.054
  derivmatch lr=0.01 iter=2040/3400 loss=7.705
  derivmatch lr=0.01 iter=2210/3400 loss=7.207
  derivmatch lr=0.01 iter=2380/3400 loss=5.737
  derivmatch lr=0.01 iter=2550/3400 loss=7.645
  derivmatch lr=0.01 iter=2720/3400 loss=7.051
  derivmatch lr=0.01 iter=2890/3400 loss=5.571
  derivmatch lr=0.01 iter=3060/3400 loss=5.472
  derivmatch lr=0.01 iter=3230/3400 loss=5.286
  derivmatch lr=0.01 iter=3400/3400 loss=5.026
  derivmatch lr=0.01 iter=3400/3400 loss=5.026
  derivmatch lr=0.003 iter=125/2500 loss=4.991
  derivmatch lr=0.003 iter=250/2500 loss=4.929
  derivmatch lr=0.003 iter=375/2500 loss=4.845
  derivmatch lr=0.003 iter=500/2500 loss=4.752
  derivmatch lr=0.003 iter=625/2500 loss=4.66
  derivmatch lr=0.003 iter=750/2500 loss=4.566
  derivmatch lr=0.003 iter=875/2500 loss=7.333
  derivmatch lr=0.003 iter=1000/2500 loss=6.858
  derivmatch lr=0.003 iter=1125/2500 loss=6.763
  derivmatch lr=0.003 iter=1250/2500 loss=6.661
  derivmatch lr=0.003 iter=1375/2500 loss=6.543
  derivmatch lr=0.003 iter=1500/2500 loss=6.392
  derivmatch lr=0.003 iter=1625/2500 loss=6.175
  derivmatch lr=0.003 iter=1750/2500 loss=5.755
  derivmatch lr=0.003 iter=1875/2500 loss=4.532
  derivmatch lr=0.003 iter=2000/2500 loss=4.397
  derivmatch lr=0.003 iter=2125/2500 loss=4.303
  derivmatch lr=0.003 iter=2250/2500 loss=4.243
  derivmatch lr=0.003 iter=2375/2500 loss=6.647
  derivmatch lr=0.003 iter=2500/2500 loss=6.365
  derivmatch lr=0.003 iter=2500/2500 loss=4.213
  derivmatch lr=0.001 iter=125/2500 loss=4.165
  derivmatch lr=0.001 iter=250/2500 loss=4.088
  derivmatch lr=0.001 iter=375/2500 loss=4.342
  derivmatch lr=0.001 iter=500/2500 loss=4.182
  derivmatch lr=0.001 iter=625/2500 loss=4.149
  derivmatch lr=0.001 iter=750/2500 loss=4.124
  derivmatch lr=0.001 iter=875/2500 loss=4.101
  derivmatch lr=0.001 iter=1000/2500 loss=4.079
  derivmatch lr=0.001 iter=1125/2500 loss=4.055
  derivmatch lr=0.001 iter=1250/2500 loss=4.029
  derivmatch lr=0.001 iter=1375/2500 loss=4.002
  derivmatch lr=0.001 iter=1500/2500 loss=3.973
  derivmatch lr=0.001 iter=1625/2500 loss=3.942
  derivmatch lr=0.001 iter=1750/2500 loss=5.362
  derivmatch lr=0.001 iter=1875/2500 loss=5.688
  derivmatch lr=0.001 iter=2000/2500 loss=5.423
  derivmatch lr=0.001 iter=2125/2500 loss=4.723
  derivmatch lr=0.001 iter=2250/2500 loss=4.111
  derivmatch lr=0.001 iter=2375/2500 loss=4.087
  derivmatch lr=0.001 iter=2500/2500 loss=4.068
  derivmatch lr=0.001 iter=2500/2500 loss=3.913
  derivmatch lr=0.0003 iter=80/1600 loss=3.92
  derivmatch lr=0.0003 iter=160/1600 loss=3.907
  derivmatch lr=0.0003 iter=240/1600 loss=3.904
  derivmatch lr=0.0003 iter=320/1600 loss=3.9
  derivmatch lr=0.0003 iter=400/1600 loss=3.896
  derivmatch lr=0.0003 iter=480/1600 loss=3.891
  derivmatch lr=0.0003 iter=560/1600 loss=3.887
  derivmatch lr=0.0003 iter=640/1600 loss=3.882
  derivmatch lr=0.0003 iter=720/1600 loss=3.877
  derivmatch lr=0.0003 iter=800/1600 loss=3.872
  derivmatch lr=0.0003 iter=880/1600 loss=3.867
  derivmatch lr=0.0003 iter=960/1600 loss=3.861
  derivmatch lr=0.0003 iter=1040/1600 loss=3.856
  derivmatch lr=0.0003 iter=1120/1600 loss=3.85
  derivmatch lr=0.0003 iter=1200/1600 loss=3.845
  derivmatch lr=0.0003 iter=1280/1600 loss=3.839
  derivmatch lr=0.0003 iter=1360/1600 loss=3.833
  derivmatch lr=0.0003 iter=1440/1600 loss=3.827
  derivmatch lr=0.0003 iter=1520/1600 loss=3.82
  derivmatch lr=0.0003 iter=1600/1600 loss=3.814
  derivmatch lr=0.0003 iter=1600/1600 loss=3.814
derivative matching [26s]  fitloss=3.81
  [derivative matching]  nrmse=10.89  l2=0.3301
  collocation: M=54 residuals=627  detecting sparsity + solving...

Algorithm: LevenbergMarquardt(
    trustregion = LevenbergMarquardtTrustRegion(
        β_uphill = 0.0
    ),
    descent = GeodesicAcceleration(
        descent = DampedNewtonDescent(
            linsolve = KLUFactorization(
                reuse_symbolic = true,
                check_pattern = true
            ),
            initial_damping = 1.0,
            damping_fn = LevenbergMarquardtDampingFunction(
                increase_factor = 2.0,
                decrease_factor = 3.0,
                min_damping = 1.0e-8
            ),
            min_norm_mode = :auto
        ),
        finite_diff_step_geodesic = 0.1,
        α = 0.75
    ),
    autodiff = AutoForwardDiff(),
    vjp_autodiff = AutoFiniteDiff(
        fdtype = Val{:forward}(),
        fdjtype = Val{:forward}(),
        fdhtype = Val{:hcentral}(),
        dir = true
    ),
    jvp_autodiff = AutoForwardDiff(),
    concrete_jac = Val{true}()
)

----    	-------------       	-----------         
Iter    	f(u) 2-norm         	Step 2-norm         
----    	-------------       	-----------         
0       	7.35814780e+03      	NaN                 
1       	7.35814780e+03      	0.00000000e+00      
8       	4.11577210e+03      	6.81455872e-01      
15      	6.18057668e+03      	0.00000000e+00      
22      	3.86049635e+03      	0.00000000e+00      
29      	3.75671253e+03      	0.00000000e+00      
36      	3.79032269e+03      	0.00000000e+00      
43      	3.84026317e+03      	6.69016705e-03      
50      	3.84877185e+03      	0.00000000e+00      
57      	3.84863981e+03      	0.00000000e+00      
64      	3.84662825e+03      	0.00000000e+00      
71      	3.86222624e+03      	0.00000000e+00      
78      	3.86190917e+03      	0.00000000e+00      
85      	3.86041931e+03      	0.00000000e+00      
92      	3.86843746e+03      	0.00000000e+00      
99      	3.86475219e+03      	4.97770917e-03      
106     	3.86623364e+03      	0.00000000e+00      
113     	3.87164630e+03      	0.00000000e+00      
120     	3.86335114e+03      	2.97861462e-03      
127     	3.87427647e+03      	0.00000000e+00      
134     	3.87155222e+03      	0.00000000e+00      
141     	3.86216689e+03      	2.33305969e-03      
148     	3.87216916e+03      	2.80289170e-03      
Final   	3.75671253e+03      
----------------------      
  AMR 1/1: M=54  err=4.59e6  obs=0.00257  nrmse=18.8  best=10.9  refined=0
 derivative matching was best (1/1 rounds ran)
collocation [14s]
  [final]  nrmse=10.89  l2=0.3301
extrapolation window: T=1000.0 -> T_test=1.0e12  n_test=100
  [train]  E_traj=308.4  E_VF=0.6238  E_spec=1.126
  [test ]  E_traj=5.638e25  E_VF=350700.0  E_spec=0.9994
saved /orcd/home/002/txenakis/projects/BVPsolver/src/../data/runs/run_9PQ9Qvau/rober_fit.png
saved /orcd/home/002/txenakis/projects/BVPsolver/src/../data/runs/run_9PQ9Qvau/rober_fit_extrapolated.png
saved /orcd/home/002/txenakis/projects/BVPsolver/src/../data/runs/run_9PQ9Qvau/rober_spectral_fit_extrapolated.png
saved /orcd/home/002/txenakis/projects/BVPsolver/src/../data/runs/run_9PQ9Qvau/rober_vf_fit_extrapolated.png
┌ Warning: Attempting to store StiffNN.var"#12#13"{Float64, Float64, Float64}.
│ JLD2 only stores functions by name.
│  This may not be useful for anonymous functions.
└ @ JLD2 ~/.julia/packages/JLD2/ADycq/src/data/writing_datatypes.jl:447
saved run → /orcd/home/002/txenakis/projects/BVPsolver/src/../data/runs/run_9PQ9Qvau
