rober  model=mlp width=15 d=3 tlen=50 profile=fast seed=22  solver=Rodas5  N=348
  derivmatch lr=0.01 iter=170/3400 loss=40.74
  derivmatch lr=0.01 iter=340/3400 loss=72.3
  derivmatch lr=0.01 iter=510/3400 loss=31.89
  derivmatch lr=0.01 iter=680/3400 loss=57.16
  derivmatch lr=0.01 iter=850/3400 loss=55.09
  derivmatch lr=0.01 iter=1020/3400 loss=50.03
  derivmatch lr=0.01 iter=1190/3400 loss=40.53
  derivmatch lr=0.01 iter=1360/3400 loss=47.25
  derivmatch lr=0.01 iter=1530/3400 loss=50.22
  derivmatch lr=0.01 iter=1700/3400 loss=50.57
  derivmatch lr=0.01 iter=1870/3400 loss=53.43
  derivmatch lr=0.01 iter=2040/3400 loss=48.92
  derivmatch lr=0.01 iter=2210/3400 loss=37.96
  derivmatch lr=0.01 iter=2380/3400 loss=42.9
  derivmatch lr=0.01 iter=2550/3400 loss=46.91
  derivmatch lr=0.01 iter=2720/3400 loss=47.68
  derivmatch lr=0.01 iter=2890/3400 loss=44.59
  derivmatch lr=0.01 iter=3060/3400 loss=39.18
  derivmatch lr=0.01 iter=3230/3400 loss=24.37
  derivmatch lr=0.01 iter=3400/3400 loss=45.16
  derivmatch lr=0.01 iter=3400/3400 loss=22.53
  derivmatch lr=0.003 iter=125/2500 loss=33.47
  derivmatch lr=0.003 iter=250/2500 loss=22.95
  derivmatch lr=0.003 iter=375/2500 loss=25.65
  derivmatch lr=0.003 iter=500/2500 loss=23.45
  derivmatch lr=0.003 iter=625/2500 loss=28.04
  derivmatch lr=0.003 iter=750/2500 loss=28.88
  derivmatch lr=0.003 iter=875/2500 loss=24.27
  derivmatch lr=0.003 iter=1000/2500 loss=34.33
  derivmatch lr=0.003 iter=1125/2500 loss=28.34
  derivmatch lr=0.003 iter=1250/2500 loss=26.58
  derivmatch lr=0.003 iter=1375/2500 loss=34.15
  derivmatch lr=0.003 iter=1500/2500 loss=30.86
  derivmatch lr=0.003 iter=1625/2500 loss=26.54
  derivmatch lr=0.003 iter=1750/2500 loss=30.96
  derivmatch lr=0.003 iter=1875/2500 loss=30.64
  derivmatch lr=0.003 iter=2000/2500 loss=25.48
  derivmatch lr=0.003 iter=2125/2500 loss=32.68
  derivmatch lr=0.003 iter=2250/2500 loss=36.31
  derivmatch lr=0.003 iter=2375/2500 loss=28.49
  derivmatch lr=0.003 iter=2500/2500 loss=25.78
  derivmatch lr=0.003 iter=2500/2500 loss=17.78
  derivmatch lr=0.001 iter=125/2500 loss=13.29
  derivmatch lr=0.001 iter=250/2500 loss=20.56
  derivmatch lr=0.001 iter=375/2500 loss=21.45
  derivmatch lr=0.001 iter=500/2500 loss=16.03
  derivmatch lr=0.001 iter=625/2500 loss=13.77
  derivmatch lr=0.001 iter=750/2500 loss=16.92
  derivmatch lr=0.001 iter=875/2500 loss=25.98
  derivmatch lr=0.001 iter=1000/2500 loss=23.06
  derivmatch lr=0.001 iter=1125/2500 loss=19.82
  derivmatch lr=0.001 iter=1250/2500 loss=16.67
  derivmatch lr=0.001 iter=1375/2500 loss=20.61
  derivmatch lr=0.001 iter=1500/2500 loss=17.95
  derivmatch lr=0.001 iter=1625/2500 loss=13.79
  derivmatch lr=0.001 iter=1750/2500 loss=11.24
  derivmatch lr=0.001 iter=1875/2500 loss=12.92
  derivmatch lr=0.001 iter=2000/2500 loss=19.21
  derivmatch lr=0.001 iter=2125/2500 loss=29.18
  derivmatch lr=0.001 iter=2250/2500 loss=25.99
  derivmatch lr=0.001 iter=2375/2500 loss=24.72
  derivmatch lr=0.001 iter=2500/2500 loss=21.1
  derivmatch lr=0.001 iter=2500/2500 loss=9.962
  derivmatch lr=0.0003 iter=80/1600 loss=9.05
  derivmatch lr=0.0003 iter=160/1600 loss=8.436
  derivmatch lr=0.0003 iter=240/1600 loss=8.604
  derivmatch lr=0.0003 iter=320/1600 loss=8.452
  derivmatch lr=0.0003 iter=400/1600 loss=8.565
  derivmatch lr=0.0003 iter=480/1600 loss=8.139
  derivmatch lr=0.0003 iter=560/1600 loss=9.176
  derivmatch lr=0.0003 iter=640/1600 loss=8.592
  derivmatch lr=0.0003 iter=720/1600 loss=7.892
  derivmatch lr=0.0003 iter=800/1600 loss=7.694
  derivmatch lr=0.0003 iter=880/1600 loss=8.091
  derivmatch lr=0.0003 iter=960/1600 loss=8.102
  derivmatch lr=0.0003 iter=1040/1600 loss=8.293
  derivmatch lr=0.0003 iter=1120/1600 loss=8.626
  derivmatch lr=0.0003 iter=1200/1600 loss=7.361
  derivmatch lr=0.0003 iter=1280/1600 loss=7.777
  derivmatch lr=0.0003 iter=1360/1600 loss=15.28
  derivmatch lr=0.0003 iter=1440/1600 loss=12.62
  derivmatch lr=0.0003 iter=1520/1600 loss=8.664
  derivmatch lr=0.0003 iter=1600/1600 loss=8.042
  derivmatch lr=0.0003 iter=1600/1600 loss=6.923
derivative matching [23s]  fitloss=6.92
  [derivative matching]  nrmse=519700.0  l2=519.5
  collocation: M=54 residuals=627  detecting sparsity + solving...

Algorithm: LevenbergMarquardt(
    trustregion = LevenbergMarquardtTrustRegion(
        β_uphill = 0.0
    ),
    descent = GeodesicAcceleration(
        descent = DampedNewtonDescent(
            linsolve = KLUFactorization(
                reuse_symbolic = true,
                check_pattern = true
            ),
            initial_damping = 1.0,
            damping_fn = LevenbergMarquardtDampingFunction(
                increase_factor = 2.0,
                decrease_factor = 3.0,
                min_damping = 1.0e-8
            ),
            min_norm_mode = :auto
        ),
        finite_diff_step_geodesic = 0.1,
        α = 0.75
    ),
    autodiff = AutoForwardDiff(),
    vjp_autodiff = AutoFiniteDiff(
        fdtype = Val{:forward}(),
        fdjtype = Val{:forward}(),
        fdhtype = Val{:hcentral}(),
        dir = true
    ),
    jvp_autodiff = AutoForwardDiff(),
    concrete_jac = Val{true}()
)

----    	-------------       	-----------         
Iter    	f(u) 2-norm         	Step 2-norm         
----    	-------------       	-----------         
0       	1.10427704e+07      	NaN                 
1       	1.91261152e+07      	1.46106943e-02      
8       	2.58859265e+07      	3.71560093e-01      
15      	2.62970139e+07      	0.00000000e+00      
22      	5.35237103e+07      	0.00000000e+00      
29      	4.88301212e+07      	5.52692251e-01      
36      	2.48731713e+08      	0.00000000e+00      
43      	1.74825066e+07      	0.00000000e+00      
50      	5.86549896e+06      	0.00000000e+00      
57      	4.35946364e+07      	3.69865763e-01      
64      	1.90458154e+07      	0.00000000e+00      
71      	6.85863921e+07      	3.78809439e-01      
78      	9.28194219e+06      	4.02081467e-01      
85      	4.09768059e+07      	0.00000000e+00      
92      	1.95591371e+06      	1.96471670e-01      
99      	1.15782157e+07      	1.65535581e-01      
106     	9.81990866e+06      	0.00000000e+00      
113     	3.29632610e+07      	1.09983997e+00      
120     	8.35026270e+05      	8.64361235e-02      
127     	8.36619135e+06      	3.37857215e-01      
134     	2.24017320e+06      	4.52756339e-01      
141     	2.41635530e+06      	0.00000000e+00      
148     	4.60187342e+06      	0.00000000e+00      
Final   	1.65845094e+05      
----------------------      
  AMR 1/1: M=54  err=1.43e10  obs=6.83e-7  nrmse=0.169  best=0.169  refined=0
collocation [16s]
  [final]  nrmse=0.169  l2=0.0002872
extrapolation window: T=1000.0 -> T_test=1.0e12  n_test=100
  [train]  E_traj=0.0743  E_VF=0.3196  E_spec=7.089000000000001e28
  [test ]  E_traj=3.903e26  E_VF=6.467e17  E_spec=4.9529999999999995e26
saved /orcd/home/002/txenakis/projects/BVPsolver/src/../data/runs/run_5HCbQMVl/rober_fit.png
saved /orcd/home/002/txenakis/projects/BVPsolver/src/../data/runs/run_5HCbQMVl/rober_fit_extrapolated.png
saved /orcd/home/002/txenakis/projects/BVPsolver/src/../data/runs/run_5HCbQMVl/rober_spectral_fit_extrapolated.png
saved /orcd/home/002/txenakis/projects/BVPsolver/src/../data/runs/run_5HCbQMVl/rober_vf_fit_extrapolated.png
┌ Warning: Attempting to store StiffNN.var"#12#13"{Float64, Float64, Float64}.
│ JLD2 only stores functions by name.
│  This may not be useful for anonymous functions.
└ @ JLD2 ~/.julia/packages/JLD2/ADycq/src/data/writing_datatypes.jl:447
saved run → /orcd/home/002/txenakis/projects/BVPsolver/src/../data/runs/run_5HCbQMVl
