davis-skodje  model=GELU-scaled width=7 d=2 tlen=300 profile=fast seed=335  solver=Rodas5P  N=317
  derivmatch lr=0.01 iter=170/3400 loss=0.5638
  derivmatch lr=0.01 iter=340/3400 loss=0.3134
  derivmatch lr=0.01 iter=510/3400 loss=0.1419
  derivmatch lr=0.01 iter=680/3400 loss=0.01703
  derivmatch lr=0.01 iter=850/3400 loss=0.009151
  derivmatch lr=0.01 iter=1020/3400 loss=0.01441
  derivmatch lr=0.01 iter=1190/3400 loss=0.003458
  derivmatch lr=0.01 iter=1360/3400 loss=0.00565
  derivmatch lr=0.01 iter=1530/3400 loss=0.0106
  derivmatch lr=0.01 iter=1700/3400 loss=0.002244
  derivmatch lr=0.01 iter=1870/3400 loss=0.00451
  derivmatch lr=0.01 iter=2040/3400 loss=0.00824
  derivmatch lr=0.01 iter=2210/3400 loss=0.001447
  derivmatch lr=0.01 iter=2380/3400 loss=0.003709
  derivmatch lr=0.01 iter=2550/3400 loss=0.006472
  derivmatch lr=0.01 iter=2720/3400 loss=0.0009879
  derivmatch lr=0.01 iter=2890/3400 loss=0.003217
  derivmatch lr=0.01 iter=3060/3400 loss=0.005366
  derivmatch lr=0.01 iter=3230/3400 loss=0.0007436
  derivmatch lr=0.01 iter=3400/3400 loss=0.002922
  derivmatch lr=0.01 iter=3400/3400 loss=0.0006871
  derivmatch lr=0.003 iter=125/2500 loss=0.0002979
  derivmatch lr=0.003 iter=250/2500 loss=0.0002025
  derivmatch lr=0.003 iter=375/2500 loss=0.000169
  derivmatch lr=0.003 iter=500/2500 loss=0.0001461
  derivmatch lr=0.003 iter=625/2500 loss=0.0001288
  derivmatch lr=0.003 iter=750/2500 loss=0.0001146
  derivmatch lr=0.003 iter=875/2500 loss=0.0001115
  derivmatch lr=0.003 iter=1000/2500 loss=0.0001665
  derivmatch lr=0.003 iter=1125/2500 loss=0.0001632
  derivmatch lr=0.003 iter=1250/2500 loss=7.833e-5
  derivmatch lr=0.003 iter=1375/2500 loss=0.0001919
  derivmatch lr=0.003 iter=1500/2500 loss=0.001722
  derivmatch lr=0.003 iter=1625/2500 loss=5.593e-5
  derivmatch lr=0.003 iter=1750/2500 loss=0.00111
  derivmatch lr=0.003 iter=1875/2500 loss=0.0001263
  derivmatch lr=0.003 iter=2000/2500 loss=0.00064
  derivmatch lr=0.003 iter=2125/2500 loss=0.000579
  derivmatch lr=0.003 iter=2250/2500 loss=0.0004183
  derivmatch lr=0.003 iter=2375/2500 loss=6.317e-5
  derivmatch lr=0.003 iter=2500/2500 loss=0.0003976
  derivmatch lr=0.003 iter=2500/2500 loss=2.517e-5
  derivmatch lr=0.001 iter=125/2500 loss=2.534e-5
  derivmatch lr=0.001 iter=250/2500 loss=2.367e-5
  derivmatch lr=0.001 iter=375/2500 loss=2.253e-5
  derivmatch lr=0.001 iter=500/2500 loss=2.152e-5
  derivmatch lr=0.001 iter=625/2500 loss=2.057e-5
  derivmatch lr=0.001 iter=750/2500 loss=1.966e-5
  derivmatch lr=0.001 iter=875/2500 loss=1.876e-5
  derivmatch lr=0.001 iter=1000/2500 loss=1.789e-5
  derivmatch lr=0.001 iter=1125/2500 loss=1.705e-5
  derivmatch lr=0.001 iter=1250/2500 loss=1.622e-5
  derivmatch lr=0.001 iter=1375/2500 loss=1.543e-5
  derivmatch lr=0.001 iter=1500/2500 loss=0.0005141
  derivmatch lr=0.001 iter=1625/2500 loss=1.419e-5
  derivmatch lr=0.001 iter=1750/2500 loss=1.35e-5
  derivmatch lr=0.001 iter=1875/2500 loss=2.457e-5
  derivmatch lr=0.001 iter=2000/2500 loss=1.241e-5
  derivmatch lr=0.001 iter=2125/2500 loss=1.186e-5
  derivmatch lr=0.001 iter=2250/2500 loss=1.143e-5
  derivmatch lr=0.001 iter=2375/2500 loss=3.221e-5
  derivmatch lr=0.001 iter=2500/2500 loss=1.051e-5
  derivmatch lr=0.001 iter=2500/2500 loss=1.051e-5
  derivmatch lr=0.0003 iter=80/1600 loss=1.102e-5
  derivmatch lr=0.0003 iter=160/1600 loss=1.042e-5
  derivmatch lr=0.0003 iter=240/1600 loss=1.035e-5
  derivmatch lr=0.0003 iter=320/1600 loss=1.028e-5
  derivmatch lr=0.0003 iter=400/1600 loss=1.02e-5
  derivmatch lr=0.0003 iter=480/1600 loss=1.011e-5
  derivmatch lr=0.0003 iter=560/1600 loss=1.002e-5
  derivmatch lr=0.0003 iter=640/1600 loss=9.913e-6
  derivmatch lr=0.0003 iter=720/1600 loss=9.805e-6
  derivmatch lr=0.0003 iter=800/1600 loss=9.691e-6
  derivmatch lr=0.0003 iter=880/1600 loss=9.571e-6
  derivmatch lr=0.0003 iter=960/1600 loss=9.445e-6
  derivmatch lr=0.0003 iter=1040/1600 loss=9.314e-6
  derivmatch lr=0.0003 iter=1120/1600 loss=9.178e-6
  derivmatch lr=0.0003 iter=1200/1600 loss=9.036e-6
  derivmatch lr=0.0003 iter=1280/1600 loss=8.889e-6
  derivmatch lr=0.0003 iter=1360/1600 loss=8.737e-6
  derivmatch lr=0.0003 iter=1440/1600 loss=8.579e-6
  derivmatch lr=0.0003 iter=1520/1600 loss=8.416e-6
  derivmatch lr=0.0003 iter=1600/1600 loss=8.247e-6
  derivmatch lr=0.0003 iter=1600/1600 loss=8.247e-6
derivative matching [33s]  fitloss=8.25e-6
  [derivative matching]  nrmse=0.000152  l2=0.006597
  shooting iter=50/1000 loss=0.0004939
  shooting iter=100/1000 loss=0.003405
  shooting iter=150/1000 loss=0.002085
  shooting iter=200/1000 loss=0.001081
  shooting iter=250/1000 loss=0.0007662
  shooting iter=300/1000 loss=0.001783
  shooting iter=350/1000 loss=0.0004315
  shooting iter=400/1000 loss=0.001106
  shooting iter=450/1000 loss=0.0003062
  shooting iter=500/1000 loss=0.00205
  shooting iter=550/1000 loss=0.0003063
  shooting iter=600/1000 loss=0.002349
  shooting iter=650/1000 loss=0.001296
  shooting iter=700/1000 loss=0.0005122
  shooting iter=750/1000 loss=0.001316
  shooting iter=800/1000 loss=0.001025
  shooting iter=850/1000 loss=0.00113
  shooting iter=900/1000 loss=0.001309
  shooting iter=950/1000 loss=0.001033
  shooting iter=1000/1000 loss=0.001742
  shooting iter=1000/1000 loss=8.106e-5
shooting [396s]  loss=8.11e-5
  [final]  nrmse=0.000152  l2=0.006597
extrapolation window: T=15.0 -> T_test=30.0  n_test=600
  [train]  E_traj=4.225e-8  E_VF=3.667e-6  E_spec=0.3979
  [test ]  E_traj=1.813e7  E_VF=134300.0  E_spec=0.9058
saved /orcd/home/002/txenakis/projects/BVPsolver/src/../data/runs/run_xdE9E8si/davis-skodje_fit.png
saved /orcd/home/002/txenakis/projects/BVPsolver/src/../data/runs/run_xdE9E8si/davis-skodje_fit_extrapolated.png
saved /orcd/home/002/txenakis/projects/BVPsolver/src/../data/runs/run_xdE9E8si/davis-skodje_spectral_fit_extrapolated.png
saved /orcd/home/002/txenakis/projects/BVPsolver/src/../data/runs/run_xdE9E8si/davis-skodje_vf_fit_extrapolated.png
┌ Warning: Attempting to store StiffNN.var"#22#23"{Float64}.
│ JLD2 only stores functions by name.
│  This may not be useful for anonymous functions.
└ @ JLD2 ~/.julia/packages/JLD2/ADycq/src/data/writing_datatypes.jl:447
saved run → /orcd/home/002/txenakis/projects/BVPsolver/src/../data/runs/run_xdE9E8si
