vanderpol  model=GELU-scaled width=7 d=2 tlen=151 profile=fast seed=600  solver=Kvaerno5  N=317
  derivmatch lr=0.01 iter=170/3400 loss=3.227
  derivmatch lr=0.01 iter=340/3400 loss=1.788
  derivmatch lr=0.01 iter=510/3400 loss=0.6348
  derivmatch lr=0.01 iter=680/3400 loss=2.402
  derivmatch lr=0.01 iter=850/3400 loss=0.3073
  derivmatch lr=0.01 iter=1020/3400 loss=0.2074
  derivmatch lr=0.01 iter=1190/3400 loss=0.1771
  derivmatch lr=0.01 iter=1360/3400 loss=0.1338
  derivmatch lr=0.01 iter=1530/3400 loss=0.1076
  derivmatch lr=0.01 iter=1700/3400 loss=0.08737
  derivmatch lr=0.01 iter=1870/3400 loss=0.06998
  derivmatch lr=0.01 iter=2040/3400 loss=0.06928
  derivmatch lr=0.01 iter=2210/3400 loss=0.05461
  derivmatch lr=0.01 iter=2380/3400 loss=0.04593
  derivmatch lr=0.01 iter=2550/3400 loss=0.03938
  derivmatch lr=0.01 iter=2720/3400 loss=0.03748
  derivmatch lr=0.01 iter=2890/3400 loss=0.0337
  derivmatch lr=0.01 iter=3060/3400 loss=0.03118
  derivmatch lr=0.01 iter=3230/3400 loss=0.02661
  derivmatch lr=0.01 iter=3400/3400 loss=0.02468
  derivmatch lr=0.01 iter=3400/3400 loss=0.02468
  derivmatch lr=0.003 iter=125/2500 loss=0.01559
  derivmatch lr=0.003 iter=250/2500 loss=0.01486
  derivmatch lr=0.003 iter=375/2500 loss=0.01396
  derivmatch lr=0.003 iter=500/2500 loss=0.0132
  derivmatch lr=0.003 iter=625/2500 loss=0.01255
  derivmatch lr=0.003 iter=750/2500 loss=0.01426
  derivmatch lr=0.003 iter=875/2500 loss=0.01608
  derivmatch lr=0.003 iter=1000/2500 loss=0.01368
  derivmatch lr=0.003 iter=1125/2500 loss=0.01017
  derivmatch lr=0.003 iter=1250/2500 loss=0.01506
  derivmatch lr=0.003 iter=1375/2500 loss=0.009582
  derivmatch lr=0.003 iter=1500/2500 loss=0.008821
  derivmatch lr=0.003 iter=1625/2500 loss=0.01173
  derivmatch lr=0.003 iter=1750/2500 loss=0.008885
  derivmatch lr=0.003 iter=1875/2500 loss=0.008277
  derivmatch lr=0.003 iter=2000/2500 loss=0.01051
  derivmatch lr=0.003 iter=2125/2500 loss=0.007845
  derivmatch lr=0.003 iter=2250/2500 loss=0.008002
  derivmatch lr=0.003 iter=2375/2500 loss=0.009066
  derivmatch lr=0.003 iter=2500/2500 loss=0.008569
  derivmatch lr=0.003 iter=2500/2500 loss=0.006601
  derivmatch lr=0.001 iter=125/2500 loss=0.006489
  derivmatch lr=0.001 iter=250/2500 loss=0.006375
  derivmatch lr=0.001 iter=375/2500 loss=0.006263
  derivmatch lr=0.001 iter=500/2500 loss=0.006159
  derivmatch lr=0.001 iter=625/2500 loss=0.006052
  derivmatch lr=0.001 iter=750/2500 loss=0.005944
  derivmatch lr=0.001 iter=875/2500 loss=0.00584
  derivmatch lr=0.001 iter=1000/2500 loss=0.005702
  derivmatch lr=0.001 iter=1125/2500 loss=0.005555
  derivmatch lr=0.001 iter=1250/2500 loss=0.005487
  derivmatch lr=0.001 iter=1375/2500 loss=0.005344
  derivmatch lr=0.001 iter=1500/2500 loss=0.005137
  derivmatch lr=0.001 iter=1625/2500 loss=0.005091
  derivmatch lr=0.001 iter=1750/2500 loss=0.005806
  derivmatch lr=0.001 iter=1875/2500 loss=0.004819
  derivmatch lr=0.001 iter=2000/2500 loss=0.004708
  derivmatch lr=0.001 iter=2125/2500 loss=0.00479
  derivmatch lr=0.001 iter=2250/2500 loss=0.004558
  derivmatch lr=0.001 iter=2375/2500 loss=0.004468
  derivmatch lr=0.001 iter=2500/2500 loss=0.004688
  derivmatch lr=0.001 iter=2500/2500 loss=0.004384
  derivmatch lr=0.0003 iter=80/1600 loss=0.004373
  derivmatch lr=0.0003 iter=160/1600 loss=0.00436
  derivmatch lr=0.0003 iter=240/1600 loss=0.004344
  derivmatch lr=0.0003 iter=320/1600 loss=0.004325
  derivmatch lr=0.0003 iter=400/1600 loss=0.004304
  derivmatch lr=0.0003 iter=480/1600 loss=0.004281
  derivmatch lr=0.0003 iter=560/1600 loss=0.004257
  derivmatch lr=0.0003 iter=640/1600 loss=0.00423
  derivmatch lr=0.0003 iter=720/1600 loss=0.004202
  derivmatch lr=0.0003 iter=800/1600 loss=0.004173
  derivmatch lr=0.0003 iter=880/1600 loss=0.004141
  derivmatch lr=0.0003 iter=960/1600 loss=0.004108
  derivmatch lr=0.0003 iter=1040/1600 loss=0.004074
  derivmatch lr=0.0003 iter=1120/1600 loss=0.004042
  derivmatch lr=0.0003 iter=1200/1600 loss=0.004003
  derivmatch lr=0.0003 iter=1280/1600 loss=0.003967
  derivmatch lr=0.0003 iter=1360/1600 loss=0.003929
  derivmatch lr=0.0003 iter=1440/1600 loss=0.003901
  derivmatch lr=0.0003 iter=1520/1600 loss=0.003849
  derivmatch lr=0.0003 iter=1600/1600 loss=0.003817
  derivmatch lr=0.0003 iter=1600/1600 loss=0.003816
derivative matching [26s]  fitloss=0.00382
  [derivative matching]  nrmse=0.3765  l2=325.3
  shooting iter=50/1000 loss=4.763e11
  shooting iter=100/1000 loss=1.336e11
  shooting iter=150/1000 loss=7.879e10
  shooting iter=200/1000 loss=5.441e10
  shooting iter=250/1000 loss=4.065e10
  shooting iter=300/1000 loss=3.191e10
  shooting iter=350/1000 loss=2.591e10
  shooting iter=400/1000 loss=2.158e10
  shooting iter=450/1000 loss=1.831e10
  shooting iter=500/1000 loss=1.577e10
  shooting iter=550/1000 loss=1.375e10
  shooting iter=600/1000 loss=1.211e10
  shooting iter=650/1000 loss=1.075e10
  shooting iter=700/1000 loss=9.612e9
  shooting iter=750/1000 loss=8.649e9
  shooting iter=800/1000 loss=7.824e9
  shooting iter=850/1000 loss=7.109e9
  shooting iter=900/1000 loss=6.479e9
  shooting iter=950/1000 loss=5.919e9
  shooting iter=1000/1000 loss=5.418e9
  shooting iter=1000/1000 loss=0.1628
shooting [1523s]  loss=0.163
  [final]  nrmse=0.264  l2=324.9
extrapolation window: T=200.0 -> T_test=400.0  n_test=302
  [train]  E_traj=0.9025  E_VF=0.4938  E_spec=0.2331
  [test ]  E_traj=20.38  E_VF=38220.0  E_spec=0.9898
saved /orcd/home/002/txenakis/projects/BVPsolver/src/../data/runs/run_r4wIR48e/vanderpol_fit.png
saved /orcd/home/002/txenakis/projects/BVPsolver/src/../data/runs/run_r4wIR48e/vanderpol_fit_extrapolated.png
saved /orcd/home/002/txenakis/projects/BVPsolver/src/../data/runs/run_r4wIR48e/vanderpol_spectral_fit_extrapolated.png
saved /orcd/home/002/txenakis/projects/BVPsolver/src/../data/runs/run_r4wIR48e/vanderpol_vf_fit_extrapolated.png
saved /orcd/home/002/txenakis/projects/BVPsolver/src/../data/runs/run_r4wIR48e/vanderpol_sensitivity_vs_stiffness_derivmatch_pointwise.png
┌ Warning: No strict ticks found
└ @ PlotUtils ~/.julia/packages/PlotUtils/HX80C/src/ticks.jl:194
┌ Warning: No strict ticks found
└ @ PlotUtils ~/.julia/packages/PlotUtils/HX80C/src/ticks.jl:194
┌ Warning: Invalid negative or zero value 0.0 found at series index 1 for log10 based yscale
└ @ Plots ~/.julia/packages/Plots/GIume/src/utils.jl:105
saved /orcd/home/002/txenakis/projects/BVPsolver/src/../data/runs/run_r4wIR48e/vanderpol_sensitivity_vs_stiffness_derivmatch_trajectory.png
saved /orcd/home/002/txenakis/projects/BVPsolver/src/../data/runs/run_r4wIR48e/vanderpol_sensitivity_vs_stiffness_shooting_pointwise.png
┌ Warning: No strict ticks found
└ @ PlotUtils ~/.julia/packages/PlotUtils/HX80C/src/ticks.jl:194
┌ Warning: No strict ticks found
└ @ PlotUtils ~/.julia/packages/PlotUtils/HX80C/src/ticks.jl:194
┌ Warning: Invalid negative or zero value 0.0 found at series index 1 for log10 based yscale
└ @ Plots ~/.julia/packages/Plots/GIume/src/utils.jl:105
saved /orcd/home/002/txenakis/projects/BVPsolver/src/../data/runs/run_r4wIR48e/vanderpol_sensitivity_vs_stiffness_shooting_trajectory.png
┌ Warning: Attempting to store StiffNN.var"#14#15"{Float64}.
│ JLD2 only stores functions by name.
│  This may not be useful for anonymous functions.
└ @ JLD2 ~/.julia/packages/JLD2/ADycq/src/data/writing_datatypes.jl:447
saved run → /orcd/home/002/txenakis/projects/BVPsolver/src/../data/runs/run_r4wIR48e
