vanderpol  model=mlp d=2 tlen=151 profile=fast seed=11  solver=Kvaerno5  N=218
  shooting iter=50/1000 loss=0.1795
  shooting iter=100/1000 loss=0.1889
  shooting iter=150/1000 loss=0.1846
  shooting iter=200/1000 loss=0.1818
  shooting iter=250/1000 loss=0.1774
  shooting iter=300/1000 loss=0.1726
  shooting iter=350/1000 loss=0.1851
  shooting iter=400/1000 loss=0.1842
  shooting iter=450/1000 loss=0.1834
  shooting iter=500/1000 loss=0.1826
  shooting iter=550/1000 loss=0.1818
  shooting iter=600/1000 loss=0.1813
  shooting iter=650/1000 loss=0.1809
  shooting iter=700/1000 loss=0.1804
  shooting iter=750/1000 loss=0.1799
  shooting iter=800/1000 loss=0.1795
  shooting iter=850/1000 loss=0.1786
  shooting iter=900/1000 loss=0.1757
  shooting iter=950/1000 loss=0.1847
  shooting iter=1000/1000 loss=0.1832
  shooting iter=1000/1000 loss=0.1645
shooting [138s]  loss=0.165
  [final]  nrmse=0.2887  l2=326.3
extrapolation window: T=200.0 -> T_test=400.0  n_test=302
  [train]  E_traj=0.9911  E_VF=1.009  E_spec=0.9976
  [test ]  E_traj=181.8  E_VF=469.9  E_spec=0.9863
saved /orcd/home/002/txenakis/projects/BVPsolver/src/../data/runs/run_SJSQuE1e/vanderpol_fit.png
saved /orcd/home/002/txenakis/projects/BVPsolver/src/../data/runs/run_SJSQuE1e/vanderpol_fit_extrapolated.png
saved /orcd/home/002/txenakis/projects/BVPsolver/src/../data/runs/run_SJSQuE1e/vanderpol_spectral_fit_extrapolated.png
saved /orcd/home/002/txenakis/projects/BVPsolver/src/../data/runs/run_SJSQuE1e/vanderpol_vf_fit_extrapolated.png
┌ Warning: Attempting to store StiffNN.var"#14#15"{Float64}.
│ JLD2 only stores functions by name.
│  This may not be useful for anonymous functions.
└ @ JLD2 ~/.julia/packages/JLD2/ADycq/src/data/writing_datatypes.jl:447
saved run → /orcd/home/002/txenakis/projects/BVPsolver/src/../data/runs/run_SJSQuE1e
