hires  model=mlp width=21 d=8 tlen=50 profile=fast seed=105  solver=Rodas5  N=827
  derivmatch lr=0.01 iter=170/3400 loss=45.47
  derivmatch lr=0.01 iter=340/3400 loss=34.31
  derivmatch lr=0.01 iter=510/3400 loss=35.71
  derivmatch lr=0.01 iter=680/3400 loss=34.09
  derivmatch lr=0.01 iter=850/3400 loss=31.5
  derivmatch lr=0.01 iter=1020/3400 loss=40.43
  derivmatch lr=0.01 iter=1190/3400 loss=34.65
  derivmatch lr=0.01 iter=1360/3400 loss=27.27
  derivmatch lr=0.01 iter=1530/3400 loss=22.46
  derivmatch lr=0.01 iter=1700/3400 loss=22.73
  derivmatch lr=0.01 iter=1870/3400 loss=19.54
  derivmatch lr=0.01 iter=2040/3400 loss=19.55
  derivmatch lr=0.01 iter=2210/3400 loss=25.74
  derivmatch lr=0.01 iter=2380/3400 loss=26.22
  derivmatch lr=0.01 iter=2550/3400 loss=16.5
  derivmatch lr=0.01 iter=2720/3400 loss=17.19
  derivmatch lr=0.01 iter=2890/3400 loss=19.64
  derivmatch lr=0.01 iter=3060/3400 loss=18.42
  derivmatch lr=0.01 iter=3230/3400 loss=13.48
  derivmatch lr=0.01 iter=3400/3400 loss=29.06
  derivmatch lr=0.01 iter=3400/3400 loss=9.145
  derivmatch lr=0.003 iter=125/2500 loss=6.39
  derivmatch lr=0.003 iter=250/2500 loss=6.504
  derivmatch lr=0.003 iter=375/2500 loss=5.879
  derivmatch lr=0.003 iter=500/2500 loss=6.371
  derivmatch lr=0.003 iter=625/2500 loss=5.182
  derivmatch lr=0.003 iter=750/2500 loss=5.667
  derivmatch lr=0.003 iter=875/2500 loss=6.356
  derivmatch lr=0.003 iter=1000/2500 loss=5.566
  derivmatch lr=0.003 iter=1125/2500 loss=6.923
  derivmatch lr=0.003 iter=1250/2500 loss=7.184
  derivmatch lr=0.003 iter=1375/2500 loss=5.957
  derivmatch lr=0.003 iter=1500/2500 loss=4.91
  derivmatch lr=0.003 iter=1625/2500 loss=4.854
  derivmatch lr=0.003 iter=1750/2500 loss=4.414
  derivmatch lr=0.003 iter=1875/2500 loss=5.196
  derivmatch lr=0.003 iter=2000/2500 loss=5.291
  derivmatch lr=0.003 iter=2125/2500 loss=5.358
  derivmatch lr=0.003 iter=2250/2500 loss=4.061
  derivmatch lr=0.003 iter=2375/2500 loss=3.654
  derivmatch lr=0.003 iter=2500/2500 loss=4.435
  derivmatch lr=0.003 iter=2500/2500 loss=2.929
  derivmatch lr=0.001 iter=125/2500 loss=2.01
  derivmatch lr=0.001 iter=250/2500 loss=1.88
  derivmatch lr=0.001 iter=375/2500 loss=1.409
  derivmatch lr=0.001 iter=500/2500 loss=2.058
  derivmatch lr=0.001 iter=625/2500 loss=2.024
  derivmatch lr=0.001 iter=750/2500 loss=1.945
  derivmatch lr=0.001 iter=875/2500 loss=1.744
  derivmatch lr=0.001 iter=1000/2500 loss=2.171
  derivmatch lr=0.001 iter=1125/2500 loss=1.847
  derivmatch lr=0.001 iter=1250/2500 loss=2.303
  derivmatch lr=0.001 iter=1375/2500 loss=1.879
  derivmatch lr=0.001 iter=1500/2500 loss=1.735
  derivmatch lr=0.001 iter=1625/2500 loss=1.831
  derivmatch lr=0.001 iter=1750/2500 loss=1.294
  derivmatch lr=0.001 iter=1875/2500 loss=2.123
  derivmatch lr=0.001 iter=2000/2500 loss=2.36
  derivmatch lr=0.001 iter=2125/2500 loss=2.493
  derivmatch lr=0.001 iter=2250/2500 loss=2.32
  derivmatch lr=0.001 iter=2375/2500 loss=1.892
  derivmatch lr=0.001 iter=2500/2500 loss=1.617
  derivmatch lr=0.001 iter=2500/2500 loss=1.041
  derivmatch lr=0.0003 iter=80/1600 loss=0.871
  derivmatch lr=0.0003 iter=160/1600 loss=0.7681
  derivmatch lr=0.0003 iter=240/1600 loss=0.777
  derivmatch lr=0.0003 iter=320/1600 loss=0.7692
  derivmatch lr=0.0003 iter=400/1600 loss=0.7507
  derivmatch lr=0.0003 iter=480/1600 loss=0.6256
  derivmatch lr=0.0003 iter=560/1600 loss=0.557
  derivmatch lr=0.0003 iter=640/1600 loss=0.9047
  derivmatch lr=0.0003 iter=720/1600 loss=0.688
  derivmatch lr=0.0003 iter=800/1600 loss=0.5857
  derivmatch lr=0.0003 iter=880/1600 loss=0.5611
  derivmatch lr=0.0003 iter=960/1600 loss=0.4528
  derivmatch lr=0.0003 iter=1040/1600 loss=0.5213
  derivmatch lr=0.0003 iter=1120/1600 loss=0.6452
  derivmatch lr=0.0003 iter=1200/1600 loss=0.5644
  derivmatch lr=0.0003 iter=1280/1600 loss=0.5136
  derivmatch lr=0.0003 iter=1360/1600 loss=0.4514
  derivmatch lr=0.0003 iter=1440/1600 loss=0.5482
  derivmatch lr=0.0003 iter=1520/1600 loss=0.7815
  derivmatch lr=0.0003 iter=1600/1600 loss=0.7431
  derivmatch lr=0.0003 iter=1600/1600 loss=0.4067
derivative matching [34s]  fitloss=0.407
  [derivative matching]  nrmse=79.68  l2=78.44
  collocation: M=75 residuals=2176  detecting sparsity + solving...

Algorithm: LevenbergMarquardt(
    trustregion = LevenbergMarquardtTrustRegion(
        β_uphill = 0.0
    ),
    descent = GeodesicAcceleration(
        descent = DampedNewtonDescent(
            linsolve = QRFactorization(
                pivot = NoPivot(),
                blocksize = 16,
                inplace = true
            ),
            initial_damping = 1.0,
            damping_fn = LevenbergMarquardtDampingFunction(
                increase_factor = 2.0,
                decrease_factor = 3.0,
                min_damping = 1.0e-8
            ),
            min_norm_mode = :auto
        ),
        finite_diff_step_geodesic = 0.1,
        α = 0.75
    ),
    autodiff = AutoForwardDiff(),
    vjp_autodiff = AutoFiniteDiff(
        fdtype = Val{:forward}(),
        fdjtype = Val{:forward}(),
        fdhtype = Val{:hcentral}(),
        dir = true
    ),
    jvp_autodiff = AutoForwardDiff(),
    concrete_jac = Val{true}()
)

----    	-------------       	-----------         
Iter    	f(u) 2-norm         	Step 2-norm         
----    	-------------       	-----------         
0       	7.51135942e+02      	NaN                 
1       	7.07205476e+03      	1.16013575e-01      
8       	1.59749083e+03      	3.14867749e-02      
15      	3.66118926e+03      	0.00000000e+00      
22      	4.51660785e+03      	1.41971716e-01      
29      	1.17087654e+02      	6.05243249e-02      
36      	1.05110969e+02      	8.30556657e-02      
43      	4.44481350e+02      	8.35590065e-02      
50      	3.34625631e+01      	0.00000000e+00      
57      	3.60992546e+01      	4.83917414e-02      
64      	3.14215072e-01      	8.33871618e-03      
71      	1.80039074e-01      	3.76838309e-03      
78      	1.76334717e-01      	1.28862416e-03      
85      	1.76307082e-01      	2.05037043e-04      
92      	1.76307078e-01      	4.77095192e-05      
99      	1.76307078e-01      	2.72737745e-05      
106     	1.76307077e-01      	4.19204256e-05      
113     	1.76307077e-01      	8.84154328e-06      
120     	1.76307077e-01      	1.25310645e-05      
127     	1.76307077e-01      	2.98519144e-06      
134     	1.76307077e-01      	1.35162947e-05      
141     	1.76307077e-01      	2.11267419e-05      
148     	1.76307077e-01      	1.81908369e-05      
Final   	1.76307077e-01      
----------------------      
  AMR 1/1: M=75  err=0.00473  obs=0.00303  nrmse=120.0  best=79.7  refined=0
 derivative matching was best (1/1 rounds ran)
collocation [191s]
  [final]  nrmse=79.68  l2=78.44
extrapolation window: T=321.8122 -> T_test=643.624  n_test=100
  [train]  E_traj=19970.0  E_VF=0.3751  E_spec=1.582e15
  [test ]  E_traj=1.256e10  E_VF=1.511e6  E_spec=1.989e27
saved /orcd/home/002/txenakis/projects/BVPsolver/src/../data/runs/run_J98v3Lnz/hires_fit.png
saved /orcd/home/002/txenakis/projects/BVPsolver/src/../data/runs/run_J98v3Lnz/hires_fit_extrapolated.png
saved /orcd/home/002/txenakis/projects/BVPsolver/src/../data/runs/run_J98v3Lnz/hires_spectral_fit_extrapolated.png
saved /orcd/home/002/txenakis/projects/BVPsolver/src/../data/runs/run_J98v3Lnz/hires_vf_fit_extrapolated.png
┌ Warning: Attempting to store StiffNN.var"#18#19"{Type{Float64}}.
│ JLD2 only stores functions by name.
│  This may not be useful for anonymous functions.
└ @ JLD2 ~/.julia/packages/JLD2/ADycq/src/data/writing_datatypes.jl:447
saved run → /orcd/home/002/txenakis/projects/BVPsolver/src/../data/runs/run_J98v3Lnz
