davis-skodje  model=stiff width=12 d=2 tlen=300 profile=fast seed=342  solver=Rodas5P  N=268
  derivmatch lr=0.01 iter=170/3400 loss=0.5149
  derivmatch lr=0.01 iter=340/3400 loss=0.3364
  derivmatch lr=0.01 iter=510/3400 loss=0.3711
  derivmatch lr=0.01 iter=680/3400 loss=0.1924
  derivmatch lr=0.01 iter=850/3400 loss=0.1879
  derivmatch lr=0.01 iter=1020/3400 loss=0.2521
  derivmatch lr=0.01 iter=1190/3400 loss=0.1237
  derivmatch lr=0.01 iter=1360/3400 loss=0.1363
  derivmatch lr=0.01 iter=1530/3400 loss=0.1959
  derivmatch lr=0.01 iter=1700/3400 loss=0.09511
  derivmatch lr=0.01 iter=1870/3400 loss=0.1117
  derivmatch lr=0.01 iter=2040/3400 loss=0.1605
  derivmatch lr=0.01 iter=2210/3400 loss=0.07973
  derivmatch lr=0.01 iter=2380/3400 loss=0.09629
  derivmatch lr=0.01 iter=2550/3400 loss=0.1362
  derivmatch lr=0.01 iter=2720/3400 loss=0.06926
  derivmatch lr=0.01 iter=2890/3400 loss=0.0856
  derivmatch lr=0.01 iter=3060/3400 loss=0.1204
  derivmatch lr=0.01 iter=3230/3400 loss=0.0613
  derivmatch lr=0.01 iter=3400/3400 loss=0.0776
  derivmatch lr=0.01 iter=3400/3400 loss=0.05898
  derivmatch lr=0.003 iter=125/2500 loss=0.03686
  derivmatch lr=0.003 iter=250/2500 loss=0.06403
  derivmatch lr=0.003 iter=375/2500 loss=0.05275
  derivmatch lr=0.003 iter=500/2500 loss=0.03902
  derivmatch lr=0.003 iter=625/2500 loss=0.03169
  derivmatch lr=0.003 iter=750/2500 loss=0.03129
  derivmatch lr=0.003 iter=875/2500 loss=0.02841
  derivmatch lr=0.003 iter=1000/2500 loss=0.02869
  derivmatch lr=0.003 iter=1125/2500 loss=0.0265
  derivmatch lr=0.003 iter=1250/2500 loss=0.0271
  derivmatch lr=0.003 iter=1375/2500 loss=0.02527
  derivmatch lr=0.003 iter=1500/2500 loss=0.02603
  derivmatch lr=0.003 iter=1625/2500 loss=0.0244
  derivmatch lr=0.003 iter=1750/2500 loss=0.02524
  derivmatch lr=0.003 iter=1875/2500 loss=0.02373
  derivmatch lr=0.003 iter=2000/2500 loss=0.02463
  derivmatch lr=0.003 iter=2125/2500 loss=0.0232
  derivmatch lr=0.003 iter=2250/2500 loss=0.02412
  derivmatch lr=0.003 iter=2375/2500 loss=0.02275
  derivmatch lr=0.003 iter=2500/2500 loss=0.0237
  derivmatch lr=0.003 iter=2500/2500 loss=0.02256
  derivmatch lr=0.001 iter=125/2500 loss=0.01055
  derivmatch lr=0.001 iter=250/2500 loss=0.009352
  derivmatch lr=0.001 iter=375/2500 loss=0.008406
  derivmatch lr=0.001 iter=500/2500 loss=0.009508
  derivmatch lr=0.001 iter=625/2500 loss=0.007426
  derivmatch lr=0.001 iter=750/2500 loss=0.0107
  derivmatch lr=0.001 iter=875/2500 loss=0.0108
  derivmatch lr=0.001 iter=1000/2500 loss=0.007831
  derivmatch lr=0.001 iter=1125/2500 loss=0.006647
  derivmatch lr=0.001 iter=1250/2500 loss=0.01459
  derivmatch lr=0.001 iter=1375/2500 loss=0.005864
  derivmatch lr=0.001 iter=1500/2500 loss=0.009305
  derivmatch lr=0.001 iter=1625/2500 loss=0.006596
  derivmatch lr=0.001 iter=1750/2500 loss=0.005376
  derivmatch lr=0.001 iter=1875/2500 loss=0.005889
  derivmatch lr=0.001 iter=2000/2500 loss=0.006533
  derivmatch lr=0.001 iter=2125/2500 loss=0.006136
  derivmatch lr=0.001 iter=2250/2500 loss=0.005327
  derivmatch lr=0.001 iter=2375/2500 loss=0.004783
  derivmatch lr=0.001 iter=2500/2500 loss=0.004612
  derivmatch lr=0.001 iter=2500/2500 loss=0.004612
  derivmatch lr=0.0003 iter=80/1600 loss=0.004621
  derivmatch lr=0.0003 iter=160/1600 loss=0.004549
  derivmatch lr=0.0003 iter=240/1600 loss=0.004517
  derivmatch lr=0.0003 iter=320/1600 loss=0.004479
  derivmatch lr=0.0003 iter=400/1600 loss=0.004437
  derivmatch lr=0.0003 iter=480/1600 loss=0.004391
  derivmatch lr=0.0003 iter=560/1600 loss=0.004342
  derivmatch lr=0.0003 iter=640/1600 loss=0.004289
  derivmatch lr=0.0003 iter=720/1600 loss=0.004234
  derivmatch lr=0.0003 iter=800/1600 loss=0.004176
  derivmatch lr=0.0003 iter=880/1600 loss=0.004115
  derivmatch lr=0.0003 iter=960/1600 loss=0.004052
  derivmatch lr=0.0003 iter=1040/1600 loss=0.003986
  derivmatch lr=0.0003 iter=1120/1600 loss=0.003918
  derivmatch lr=0.0003 iter=1200/1600 loss=0.003847
  derivmatch lr=0.0003 iter=1280/1600 loss=0.003773
  derivmatch lr=0.0003 iter=1360/1600 loss=0.00913
  derivmatch lr=0.0003 iter=1440/1600 loss=0.00365
  derivmatch lr=0.0003 iter=1520/1600 loss=0.003586
  derivmatch lr=0.0003 iter=1600/1600 loss=0.00352
  derivmatch lr=0.0003 iter=1600/1600 loss=0.00352
derivative matching [31s]  fitloss=0.00352
  [derivative matching]  nrmse=0.03375  l2=1.559
  collocation: M=304 residuals=2418  detecting sparsity + solving...

Algorithm: LevenbergMarquardt(
    trustregion = LevenbergMarquardtTrustRegion(
        β_uphill = 0.0
    ),
    descent = GeodesicAcceleration(
        descent = DampedNewtonDescent(
            linsolve = KLUFactorization(
                reuse_symbolic = true,
                check_pattern = true
            ),
            initial_damping = 1.0,
            damping_fn = LevenbergMarquardtDampingFunction(
                increase_factor = 2.0,
                decrease_factor = 3.0,
                min_damping = 1.0e-8
            ),
            min_norm_mode = :auto
        ),
        finite_diff_step_geodesic = 0.1,
        α = 0.75
    ),
    autodiff = AutoForwardDiff(),
    vjp_autodiff = AutoFiniteDiff(
        fdtype = Val{:forward}(),
        fdjtype = Val{:forward}(),
        fdhtype = Val{:hcentral}(),
        dir = true
    ),
    jvp_autodiff = AutoForwardDiff(),
    concrete_jac = Val{true}()
)

----    	-------------       	-----------         
Iter    	f(u) 2-norm         	Step 2-norm         
----    	-------------       	-----------         
0       	3.11888303e+02      	NaN                 
1       	8.78177597e+01      	9.80875138e-01      
8       	1.34184871e+00      	8.78319009e-02      
15      	6.78762476e-02      	1.04253886e-01      
22      	6.58007501e+00      	9.47628825e-01      
29      	5.37094603e+00      	1.53750616e+00      
36      	3.17678543e+00      	0.00000000e+00      
43      	1.52143368e+00      	7.15815421e-01      
50      	9.29794109e+00      	0.00000000e+00      
57      	1.54570454e-01      	0.00000000e+00      
64      	6.41054966e-03      	1.35464691e-01      
71      	1.33925868e-01      	2.80118681e-01      
78      	1.01054443e-02      	0.00000000e+00      
85      	1.25479777e-03      	5.45657009e-02      
92      	1.51337619e+00      	7.08901965e-01      
99      	3.32868767e-03      	0.00000000e+00      
106     	2.69236850e-02      	0.00000000e+00      
113     	7.08007216e-02      	1.52608690e-01      
120     	2.95194543e+00      	0.00000000e+00      
127     	3.09246908e-01      	2.90111657e-01      
134     	5.59054333e-04      	5.09853727e-02      
141     	1.10989410e-02      	9.58390286e-02      
148     	5.17682333e-01      	0.00000000e+00      
Final   	5.59054333e-04      
----------------------      
  AMR 1/3: M=304  err=1.01e-8  obs=6.92e-7  nrmse=0.0995  best=0.0338  refined=29
  collocation: M=333 residuals=2592  detecting sparsity + solving...

Algorithm: LevenbergMarquardt(
    trustregion = LevenbergMarquardtTrustRegion(
        β_uphill = 0.0
    ),
    descent = GeodesicAcceleration(
        descent = DampedNewtonDescent(
            linsolve = KLUFactorization(
                reuse_symbolic = true,
                check_pattern = true
            ),
            initial_damping = 1.0,
            damping_fn = LevenbergMarquardtDampingFunction(
                increase_factor = 2.0,
                decrease_factor = 3.0,
                min_damping = 1.0e-8
            ),
            min_norm_mode = :auto
        ),
        finite_diff_step_geodesic = 0.1,
        α = 0.75
    ),
    autodiff = AutoForwardDiff(),
    vjp_autodiff = AutoFiniteDiff(
        fdtype = Val{:forward}(),
        fdjtype = Val{:forward}(),
        fdhtype = Val{:hcentral}(),
        dir = true
    ),
    jvp_autodiff = AutoForwardDiff(),
    concrete_jac = Val{true}()
)

----    	-------------       	-----------         
Iter    	f(u) 2-norm         	Step 2-norm         
----    	-------------       	-----------         
0       	9.02752042e+01      	1.35983603e+02      
1       	9.02752042e+01      	0.00000000e+00      
8       	1.18700473e+01      	0.00000000e+00      
15      	3.34254604e-01      	1.32776380e-02      
22      	2.98052472e-01      	1.34371957e-01      
29      	2.99254781e-01      	1.37634374e-01      
36      	6.62846940e-03      	6.28889661e-02      
43      	1.34288751e-01      	4.21125091e-01      
50      	6.13345519e-04      	0.00000000e+00      
57      	1.14788315e+00      	0.00000000e+00      
64      	6.52521290e-01      	0.00000000e+00      
71      	2.64797360e-01      	3.19600979e-01      
78      	2.90344239e-01      	0.00000000e+00      
85      	4.23584873e-01      	0.00000000e+00      
92      	1.13034869e+00      	5.98812384e-01      
99      	1.85372411e-01      	0.00000000e+00      
106     	2.54334410e-02      	0.00000000e+00      
113     	2.51064487e-03      	5.70976040e-02      
120     	7.58298028e-01      	3.98778684e-01      
127     	3.65961010e-03      	0.00000000e+00      
134     	3.84544605e-01      	0.00000000e+00      
141     	2.81425022e-03      	0.00000000e+00      
148     	5.85942522e-04      	0.00000000e+00      
Final   	2.23250505e-04      
----------------------      
  AMR 2/3: M=333  err=2.24e-9  obs=5.52e-7  nrmse=0.0602  best=0.0338  refined=11
  collocation: M=344 residuals=2658  detecting sparsity + solving...

Algorithm: LevenbergMarquardt(
    trustregion = LevenbergMarquardtTrustRegion(
        β_uphill = 0.0
    ),
    descent = GeodesicAcceleration(
        descent = DampedNewtonDescent(
            linsolve = KLUFactorization(
                reuse_symbolic = true,
                check_pattern = true
            ),
            initial_damping = 1.0,
            damping_fn = LevenbergMarquardtDampingFunction(
                increase_factor = 2.0,
                decrease_factor = 3.0,
                min_damping = 1.0e-8
            ),
            min_norm_mode = :auto
        ),
        finite_diff_step_geodesic = 0.1,
        α = 0.75
    ),
    autodiff = AutoForwardDiff(),
    vjp_autodiff = AutoFiniteDiff(
        fdtype = Val{:forward}(),
        fdjtype = Val{:forward}(),
        fdhtype = Val{:hcentral}(),
        dir = true
    ),
    jvp_autodiff = AutoForwardDiff(),
    concrete_jac = Val{true}()
)

----    	-------------       	-----------         
Iter    	f(u) 2-norm         	Step 2-norm         
----    	-------------       	-----------         
0       	9.11593677e+01      	2.50818236e+01      
1       	9.11593677e+01      	0.00000000e+00      
8       	2.77578244e-01      	2.19324069e-02      
15      	1.08949209e-01      	4.43618440e-02      
22      	1.39553909e-02      	2.86919686e-02      
29      	1.17592121e-02      	3.00090058e-02      
36      	8.04639800e-02      	6.68411183e-02      
43      	4.54544232e-02      	1.32605999e-01      
50      	2.87569810e-02      	0.00000000e+00      
57      	2.54561756e-04      	6.04327473e-02      
64      	1.04372886e-02      	1.52105305e-01      
71      	1.47332834e-01      	0.00000000e+00      
78      	5.16429270e-01      	8.11611127e-01      
85      	9.40800495e-04      	7.20410394e-02      
92      	6.11705945e-01      	0.00000000e+00      
99      	9.62470163e-02      	0.00000000e+00      
106     	1.47530751e-04      	3.60957683e-02      
113     	8.53106905e-01      	0.00000000e+00      
120     	4.64998916e-01      	5.00460877e-01      
127     	1.17711037e-01      	0.00000000e+00      
134     	1.74060358e-03      	8.33008994e-02      
141     	1.03184808e-02      	0.00000000e+00      
148     	2.04757109e-01      	0.00000000e+00      
Final   	3.18244520e-05      
----------------------      
  AMR 3/3: M=344  err=2.05e-11  obs=4.38e-7  nrmse=0.00695  best=0.00695  refined=0
collocation [128s]
  [final]  nrmse=0.006953  l2=0.3326
extrapolation window: T=15.0 -> T_test=30.0  n_test=600
  [train]  E_traj=0.0007986  E_VF=5.353e-5  E_spec=0.192
  [test ]  E_traj=6.287e12  E_VF=740500.0  E_spec=0.4934
saved /orcd/home/002/txenakis/projects/BVPsolver/src/../data/runs/run_9cY8NgoN/davis-skodje_fit.png
saved /orcd/home/002/txenakis/projects/BVPsolver/src/../data/runs/run_9cY8NgoN/davis-skodje_fit_extrapolated.png
saved /orcd/home/002/txenakis/projects/BVPsolver/src/../data/runs/run_9cY8NgoN/davis-skodje_spectral_fit_extrapolated.png
saved /orcd/home/002/txenakis/projects/BVPsolver/src/../data/runs/run_9cY8NgoN/davis-skodje_vf_fit_extrapolated.png
┌ Warning: Attempting to store StiffNN.var"#22#23"{Float64}.
│ JLD2 only stores functions by name.
│  This may not be useful for anonymous functions.
└ @ JLD2 ~/.julia/packages/JLD2/ADycq/src/data/writing_datatypes.jl:447
saved run → /orcd/home/002/txenakis/projects/BVPsolver/src/../data/runs/run_9cY8NgoN
