rober  model=GELU-scaled width=7 d=3 tlen=50 profile=fast seed=111  solver=Rodas5  N=332
  derivmatch lr=0.01 iter=170/3400 loss=9.986
  derivmatch lr=0.01 iter=340/3400 loss=9.277
  derivmatch lr=0.01 iter=510/3400 loss=8.833
  derivmatch lr=0.01 iter=680/3400 loss=8.239
  derivmatch lr=0.01 iter=850/3400 loss=7.375
  derivmatch lr=0.01 iter=1020/3400 loss=7.575
  derivmatch lr=0.01 iter=1190/3400 loss=6.885
  derivmatch lr=0.01 iter=1360/3400 loss=6.213
  derivmatch lr=0.01 iter=1530/3400 loss=6.278
  derivmatch lr=0.01 iter=1700/3400 loss=10.48
  derivmatch lr=0.01 iter=1870/3400 loss=10.2
  derivmatch lr=0.01 iter=2040/3400 loss=10.07
  derivmatch lr=0.01 iter=2210/3400 loss=9.97
  derivmatch lr=0.01 iter=2380/3400 loss=9.886
  derivmatch lr=0.01 iter=2550/3400 loss=9.814
  derivmatch lr=0.01 iter=2720/3400 loss=9.75
  derivmatch lr=0.01 iter=2890/3400 loss=9.689
  derivmatch lr=0.01 iter=3060/3400 loss=9.629
  derivmatch lr=0.01 iter=3230/3400 loss=9.566
  derivmatch lr=0.01 iter=3400/3400 loss=9.497
  derivmatch lr=0.01 iter=3400/3400 loss=6.035
  derivmatch lr=0.003 iter=125/2500 loss=6.009
  derivmatch lr=0.003 iter=250/2500 loss=5.853
  derivmatch lr=0.003 iter=375/2500 loss=8.313
  derivmatch lr=0.003 iter=500/2500 loss=8.032
  derivmatch lr=0.003 iter=625/2500 loss=7.717
  derivmatch lr=0.003 iter=750/2500 loss=7.268
  derivmatch lr=0.003 iter=875/2500 loss=5.946
  derivmatch lr=0.003 iter=1000/2500 loss=5.836
  derivmatch lr=0.003 iter=1125/2500 loss=5.017
  derivmatch lr=0.003 iter=1250/2500 loss=12.86
  derivmatch lr=0.003 iter=1375/2500 loss=7.343
  derivmatch lr=0.003 iter=1500/2500 loss=6.645
  derivmatch lr=0.003 iter=1625/2500 loss=5.153
  derivmatch lr=0.003 iter=1750/2500 loss=4.759
  derivmatch lr=0.003 iter=1875/2500 loss=5.552
  derivmatch lr=0.003 iter=2000/2500 loss=6.932
  derivmatch lr=0.003 iter=2125/2500 loss=6.09
  derivmatch lr=0.003 iter=2250/2500 loss=4.79
  derivmatch lr=0.003 iter=2375/2500 loss=4.639
  derivmatch lr=0.003 iter=2500/2500 loss=4.497
  derivmatch lr=0.003 iter=2500/2500 loss=4.497
  derivmatch lr=0.001 iter=125/2500 loss=4.474
  derivmatch lr=0.001 iter=250/2500 loss=4.429
  derivmatch lr=0.001 iter=375/2500 loss=4.38
  derivmatch lr=0.001 iter=500/2500 loss=4.323
  derivmatch lr=0.001 iter=625/2500 loss=4.251
  derivmatch lr=0.001 iter=750/2500 loss=4.169
  derivmatch lr=0.001 iter=875/2500 loss=4.071
  derivmatch lr=0.001 iter=1000/2500 loss=5.145
  derivmatch lr=0.001 iter=1125/2500 loss=4.271
  derivmatch lr=0.001 iter=1250/2500 loss=6.124
  derivmatch lr=0.001 iter=1375/2500 loss=6.255
  derivmatch lr=0.001 iter=1500/2500 loss=5.494
  derivmatch lr=0.001 iter=1625/2500 loss=5.764
  derivmatch lr=0.001 iter=1750/2500 loss=5.609
  derivmatch lr=0.001 iter=1875/2500 loss=4.182
  derivmatch lr=0.001 iter=2000/2500 loss=4.121
  derivmatch lr=0.001 iter=2125/2500 loss=4.052
  derivmatch lr=0.001 iter=2250/2500 loss=4.008
  derivmatch lr=0.001 iter=2375/2500 loss=3.966
  derivmatch lr=0.001 iter=2500/2500 loss=3.923
  derivmatch lr=0.001 iter=2500/2500 loss=3.923
  derivmatch lr=0.0003 iter=80/1600 loss=3.922
  derivmatch lr=0.0003 iter=160/1600 loss=3.911
  derivmatch lr=0.0003 iter=240/1600 loss=3.902
  derivmatch lr=0.0003 iter=320/1600 loss=3.891
  derivmatch lr=0.0003 iter=400/1600 loss=3.88
  derivmatch lr=0.0003 iter=480/1600 loss=3.867
  derivmatch lr=0.0003 iter=560/1600 loss=3.853
  derivmatch lr=0.0003 iter=640/1600 loss=3.838
  derivmatch lr=0.0003 iter=720/1600 loss=3.822
  derivmatch lr=0.0003 iter=800/1600 loss=3.805
  derivmatch lr=0.0003 iter=880/1600 loss=3.788
  derivmatch lr=0.0003 iter=960/1600 loss=3.769
  derivmatch lr=0.0003 iter=1040/1600 loss=4.432
  derivmatch lr=0.0003 iter=1120/1600 loss=4.618
  derivmatch lr=0.0003 iter=1200/1600 loss=3.99
  derivmatch lr=0.0003 iter=1280/1600 loss=4.78
  derivmatch lr=0.0003 iter=1360/1600 loss=4.533
  derivmatch lr=0.0003 iter=1440/1600 loss=4.358
  derivmatch lr=0.0003 iter=1520/1600 loss=4.133
  derivmatch lr=0.0003 iter=1600/1600 loss=4.168
  derivmatch lr=0.0003 iter=1600/1600 loss=3.752
derivative matching [31s]  fitloss=3.75
  [derivative matching]  nrmse=11.31  l2=0.3606
  shooting iter=50/1000 loss=0.4453
  shooting iter=100/1000 loss=0.397
  shooting iter=150/1000 loss=0.3732
  shooting iter=200/1000 loss=0.3611
  shooting iter=250/1000 loss=0.3492
  shooting iter=300/1000 loss=0.3354
  shooting iter=350/1000 loss=0.3021
  shooting iter=400/1000 loss=0.2475
  shooting iter=450/1000 loss=0.2158
  shooting iter=500/1000 loss=0.2125
  shooting iter=550/1000 loss=0.2097
  shooting iter=600/1000 loss=0.2075
  shooting iter=650/1000 loss=0.2062
  shooting iter=700/1000 loss=0.2066
  shooting iter=750/1000 loss=0.2072
  shooting iter=800/1000 loss=0.2047
  shooting iter=850/1000 loss=0.2069
  shooting iter=900/1000 loss=0.2026
  shooting iter=950/1000 loss=0.2024
  shooting iter=1000/1000 loss=0.2022
  shooting iter=1000/1000 loss=0.2008
shooting [897s]  loss=0.201
  [final]  nrmse=0.3662  l2=1.656
extrapolation window: T=1000.0 -> T_test=1.0e12  n_test=100
  [train]  E_traj=0.574  E_VF=1.063  E_spec=5.976e16
  [test ]  E_traj=3.199e21  E_VF=3.154e9  E_spec=1.955e16
saved /orcd/home/002/txenakis/projects/BVPsolver/src/../data/runs/run_EqXZcdHp/rober_fit.png
saved /orcd/home/002/txenakis/projects/BVPsolver/src/../data/runs/run_EqXZcdHp/rober_fit_extrapolated.png
saved /orcd/home/002/txenakis/projects/BVPsolver/src/../data/runs/run_EqXZcdHp/rober_spectral_fit_extrapolated.png
saved /orcd/home/002/txenakis/projects/BVPsolver/src/../data/runs/run_EqXZcdHp/rober_vf_fit_extrapolated.png
┌ Warning: Attempting to store StiffNN.var"#12#13"{Float64, Float64, Float64}.
│ JLD2 only stores functions by name.
│  This may not be useful for anonymous functions.
└ @ JLD2 ~/.julia/packages/JLD2/ADycq/src/data/writing_datatypes.jl:447
saved run → /orcd/home/002/txenakis/projects/BVPsolver/src/../data/runs/run_EqXZcdHp
