dahlquist  model=GELU-scaled width=5 d=1 tlen=50 profile=fast seed=804  solver=Rodas5  N=166
  derivmatch lr=0.01 iter=170/3400 loss=0.112
  derivmatch lr=0.01 iter=340/3400 loss=0.07136
  derivmatch lr=0.01 iter=510/3400 loss=0.08916
  derivmatch lr=0.01 iter=680/3400 loss=0.04528
  derivmatch lr=0.01 iter=850/3400 loss=0.0342
  derivmatch lr=0.01 iter=1020/3400 loss=0.0428
  derivmatch lr=0.01 iter=1190/3400 loss=0.0202
  derivmatch lr=0.01 iter=1360/3400 loss=0.01941
  derivmatch lr=0.01 iter=1530/3400 loss=0.01726
  derivmatch lr=0.01 iter=1700/3400 loss=0.01464
  derivmatch lr=0.01 iter=1870/3400 loss=0.01221
  derivmatch lr=0.01 iter=2040/3400 loss=0.01023
  derivmatch lr=0.01 iter=2210/3400 loss=0.00864
  derivmatch lr=0.01 iter=2380/3400 loss=0.007342
  derivmatch lr=0.01 iter=2550/3400 loss=0.006274
  derivmatch lr=0.01 iter=2720/3400 loss=0.005398
  derivmatch lr=0.01 iter=2890/3400 loss=0.004683
  derivmatch lr=0.01 iter=3060/3400 loss=0.00411
  derivmatch lr=0.01 iter=3230/3400 loss=0.003672
  derivmatch lr=0.01 iter=3400/3400 loss=0.003359
  derivmatch lr=0.01 iter=3400/3400 loss=0.002767
  derivmatch lr=0.003 iter=125/2500 loss=0.0004966
  derivmatch lr=0.003 iter=250/2500 loss=0.0003834
  derivmatch lr=0.003 iter=375/2500 loss=0.0004066
  derivmatch lr=0.003 iter=500/2500 loss=0.00122
  derivmatch lr=0.003 iter=625/2500 loss=0.0007515
  derivmatch lr=0.003 iter=750/2500 loss=0.0006296
  derivmatch lr=0.003 iter=875/2500 loss=0.0005109
  derivmatch lr=0.003 iter=1000/2500 loss=0.0005882
  derivmatch lr=0.003 iter=1125/2500 loss=0.0004625
  derivmatch lr=0.003 iter=1250/2500 loss=0.0004643
  derivmatch lr=0.003 iter=1375/2500 loss=0.001985
  derivmatch lr=0.003 iter=1500/2500 loss=0.0005136
  derivmatch lr=0.003 iter=1625/2500 loss=0.0006966
  derivmatch lr=0.003 iter=1750/2500 loss=0.001238
  derivmatch lr=0.003 iter=1875/2500 loss=0.0004786
  derivmatch lr=0.003 iter=2000/2500 loss=0.001024
  derivmatch lr=0.003 iter=2125/2500 loss=0.001127
  derivmatch lr=0.003 iter=2250/2500 loss=0.0009393
  derivmatch lr=0.003 iter=2375/2500 loss=0.0004623
  derivmatch lr=0.003 iter=2500/2500 loss=0.0008887
  derivmatch lr=0.003 iter=2500/2500 loss=0.0001874
  derivmatch lr=0.001 iter=125/2500 loss=0.0001941
  derivmatch lr=0.001 iter=250/2500 loss=0.0001836
  derivmatch lr=0.001 iter=375/2500 loss=0.0001788
  derivmatch lr=0.001 iter=500/2500 loss=0.0001743
  derivmatch lr=0.001 iter=625/2500 loss=0.0001696
  derivmatch lr=0.001 iter=750/2500 loss=0.0001647
  derivmatch lr=0.001 iter=875/2500 loss=0.0001596
  derivmatch lr=0.001 iter=1000/2500 loss=0.0001544
  derivmatch lr=0.001 iter=1125/2500 loss=0.000149
  derivmatch lr=0.001 iter=1250/2500 loss=0.0001436
  derivmatch lr=0.001 iter=1375/2500 loss=0.0001381
  derivmatch lr=0.001 iter=1500/2500 loss=0.0001326
  derivmatch lr=0.001 iter=1625/2500 loss=0.0001271
  derivmatch lr=0.001 iter=1750/2500 loss=0.001303
  derivmatch lr=0.001 iter=1875/2500 loss=0.0001179
  derivmatch lr=0.001 iter=2000/2500 loss=0.0001131
  derivmatch lr=0.001 iter=2125/2500 loss=0.0001095
  derivmatch lr=0.001 iter=2250/2500 loss=0.0003191
  derivmatch lr=0.001 iter=2375/2500 loss=0.0005041
  derivmatch lr=0.001 iter=2500/2500 loss=0.0002254
  derivmatch lr=0.001 iter=2500/2500 loss=9.815e-5
  derivmatch lr=0.0003 iter=80/1600 loss=9.852e-5
  derivmatch lr=0.0003 iter=160/1600 loss=9.659e-5
  derivmatch lr=0.0003 iter=240/1600 loss=9.572e-5
  derivmatch lr=0.0003 iter=320/1600 loss=9.471e-5
  derivmatch lr=0.0003 iter=400/1600 loss=9.359e-5
  derivmatch lr=0.0003 iter=480/1600 loss=9.236e-5
  derivmatch lr=0.0003 iter=560/1600 loss=9.105e-5
  derivmatch lr=0.0003 iter=640/1600 loss=8.966e-5
  derivmatch lr=0.0003 iter=720/1600 loss=8.822e-5
  derivmatch lr=0.0003 iter=800/1600 loss=8.671e-5
  derivmatch lr=0.0003 iter=880/1600 loss=8.516e-5
  derivmatch lr=0.0003 iter=960/1600 loss=8.357e-5
  derivmatch lr=0.0003 iter=1040/1600 loss=8.194e-5
  derivmatch lr=0.0003 iter=1120/1600 loss=8.028e-5
  derivmatch lr=0.0003 iter=1200/1600 loss=7.859e-5
  derivmatch lr=0.0003 iter=1280/1600 loss=7.687e-5
  derivmatch lr=0.0003 iter=1360/1600 loss=7.513e-5
  derivmatch lr=0.0003 iter=1440/1600 loss=7.337e-5
  derivmatch lr=0.0003 iter=1520/1600 loss=7.159e-5
  derivmatch lr=0.0003 iter=1600/1600 loss=6.98e-5
  derivmatch lr=0.0003 iter=1600/1600 loss=6.98e-5
derivative matching [25s]  fitloss=6.98e-5
  [derivative matching]  nrmse=0.0009071  l2=0.006414
  shooting iter=50/1000 loss=0.001442
  shooting iter=100/1000 loss=0.0009092
  shooting iter=150/1000 loss=0.001198
  shooting iter=200/1000 loss=0.001393
  shooting iter=250/1000 loss=0.001691
  shooting iter=300/1000 loss=0.0007822
  shooting iter=350/1000 loss=0.0006436
  shooting iter=400/1000 loss=0.0005567
  shooting iter=450/1000 loss=0.0009537
  shooting iter=500/1000 loss=0.0005735
  shooting iter=550/1000 loss=0.0003207
  shooting iter=600/1000 loss=0.0009394
  shooting iter=650/1000 loss=0.0008567
  shooting iter=700/1000 loss=0.0002072
  shooting iter=750/1000 loss=0.0005405
  shooting iter=800/1000 loss=0.0009773
  shooting iter=850/1000 loss=0.0004145
  shooting iter=900/1000 loss=0.001071
  shooting iter=950/1000 loss=0.0006089
  shooting iter=1000/1000 loss=0.0008079
  shooting iter=1000/1000 loss=0.0001622
shooting [74s]  loss=0.000162
  [final]  nrmse=0.0002983  l2=0.002109
  trajectory_parameter_sensitivity_rms = 0.8007
extrapolation window: T=1.0 -> T_test=2.0  n_test=100
  [train]  E_traj=1.44e-7  E_VF=5.311e-6  E_spec=0.00198
  [test ]  E_traj=44.46  E_VF=36.88  E_spec=0.01631
saved /orcd/home/002/txenakis/projects/BVPsolver/src/../data/runs/run_VqWk4m6G/dahlquist_fit.png
saved /orcd/home/002/txenakis/projects/BVPsolver/src/../data/runs/run_VqWk4m6G/dahlquist_fit_extrapolated.png
saved /orcd/home/002/txenakis/projects/BVPsolver/src/../data/runs/run_VqWk4m6G/dahlquist_spectral_fit_extrapolated.png
saved /orcd/home/002/txenakis/projects/BVPsolver/src/../data/runs/run_VqWk4m6G/dahlquist_vf_fit_extrapolated.png
┌ Warning: Attempting to store StiffNN.var"#25#26"{Float64}.
│ JLD2 only stores functions by name.
│  This may not be useful for anonymous functions.
└ @ JLD2 ~/.julia/packages/JLD2/ADycq/src/data/writing_datatypes.jl:447
saved run → /orcd/home/002/txenakis/projects/BVPsolver/src/../data/runs/run_VqWk4m6G
