vanderpol  model=GELU-scaled width=7 d=2 tlen=123 profile=fast seed=49  solver=Kvaerno5  N=317
  derivmatch lr=0.01 iter=170/3400 loss=2.02
  derivmatch lr=0.01 iter=340/3400 loss=0.8521
  derivmatch lr=0.01 iter=510/3400 loss=0.6171
  derivmatch lr=0.01 iter=680/3400 loss=0.1857
  derivmatch lr=0.01 iter=850/3400 loss=0.4766
  derivmatch lr=0.01 iter=1020/3400 loss=0.172
  derivmatch lr=0.01 iter=1190/3400 loss=0.07543
  derivmatch lr=0.01 iter=1360/3400 loss=0.04629
  derivmatch lr=0.01 iter=1530/3400 loss=0.03075
  derivmatch lr=0.01 iter=1700/3400 loss=0.02151
  derivmatch lr=0.01 iter=1870/3400 loss=1.333
  derivmatch lr=0.01 iter=2040/3400 loss=0.487
  derivmatch lr=0.01 iter=2210/3400 loss=2.665
  derivmatch lr=0.01 iter=2380/3400 loss=0.9475
  derivmatch lr=0.01 iter=2550/3400 loss=0.2083
  derivmatch lr=0.01 iter=2720/3400 loss=0.08233
  derivmatch lr=0.01 iter=2890/3400 loss=0.04839
  derivmatch lr=0.01 iter=3060/3400 loss=0.0341
  derivmatch lr=0.01 iter=3230/3400 loss=0.02482
  derivmatch lr=0.01 iter=3400/3400 loss=0.01913
  derivmatch lr=0.01 iter=3400/3400 loss=0.01913
  derivmatch lr=0.003 iter=125/2500 loss=0.01829
  derivmatch lr=0.003 iter=250/2500 loss=0.01376
  derivmatch lr=0.003 iter=375/2500 loss=0.01037
  derivmatch lr=0.003 iter=500/2500 loss=0.008503
  derivmatch lr=0.003 iter=625/2500 loss=0.006861
  derivmatch lr=0.003 iter=750/2500 loss=0.005917
  derivmatch lr=0.003 iter=875/2500 loss=0.00592
  derivmatch lr=0.003 iter=1000/2500 loss=0.002345
  derivmatch lr=0.003 iter=1125/2500 loss=0.001954
  derivmatch lr=0.003 iter=1250/2500 loss=0.001658
  derivmatch lr=0.003 iter=1375/2500 loss=0.001377
  derivmatch lr=0.003 iter=1500/2500 loss=0.001169
  derivmatch lr=0.003 iter=1625/2500 loss=0.001083
  derivmatch lr=0.003 iter=1750/2500 loss=0.0009305
  derivmatch lr=0.003 iter=1875/2500 loss=0.0008189
  derivmatch lr=0.003 iter=2000/2500 loss=0.0007426
  derivmatch lr=0.003 iter=2125/2500 loss=0.0006935
  derivmatch lr=0.003 iter=2250/2500 loss=0.0006805
  derivmatch lr=0.003 iter=2375/2500 loss=0.0006067
  derivmatch lr=0.003 iter=2500/2500 loss=0.0005928
  derivmatch lr=0.003 iter=2500/2500 loss=0.0005827
  derivmatch lr=0.001 iter=125/2500 loss=0.000579
  derivmatch lr=0.001 iter=250/2500 loss=0.0005663
  derivmatch lr=0.001 iter=375/2500 loss=0.0005577
  derivmatch lr=0.001 iter=500/2500 loss=0.0005495
  derivmatch lr=0.001 iter=625/2500 loss=0.0005417
  derivmatch lr=0.001 iter=750/2500 loss=0.0005341
  derivmatch lr=0.001 iter=875/2500 loss=0.0005268
  derivmatch lr=0.001 iter=1000/2500 loss=0.0005205
  derivmatch lr=0.001 iter=1125/2500 loss=0.0005144
  derivmatch lr=0.001 iter=1250/2500 loss=0.0005085
  derivmatch lr=0.001 iter=1375/2500 loss=0.0005025
  derivmatch lr=0.001 iter=1500/2500 loss=0.0004897
  derivmatch lr=0.001 iter=1625/2500 loss=0.0004822
  derivmatch lr=0.001 iter=1750/2500 loss=0.0004764
  derivmatch lr=0.001 iter=1875/2500 loss=0.0004705
  derivmatch lr=0.001 iter=2000/2500 loss=0.0004655
  derivmatch lr=0.001 iter=2125/2500 loss=0.000468
  derivmatch lr=0.001 iter=2250/2500 loss=0.0004567
  derivmatch lr=0.001 iter=2375/2500 loss=0.0004537
  derivmatch lr=0.001 iter=2500/2500 loss=0.0004507
  derivmatch lr=0.001 iter=2500/2500 loss=0.0004491
  derivmatch lr=0.0003 iter=80/1600 loss=0.0004499
  derivmatch lr=0.0003 iter=160/1600 loss=0.0004479
  derivmatch lr=0.0003 iter=240/1600 loss=0.0004473
  derivmatch lr=0.0003 iter=320/1600 loss=0.0004466
  derivmatch lr=0.0003 iter=400/1600 loss=0.0004459
  derivmatch lr=0.0003 iter=480/1600 loss=0.0004452
  derivmatch lr=0.0003 iter=560/1600 loss=0.0004444
  derivmatch lr=0.0003 iter=640/1600 loss=0.0004436
  derivmatch lr=0.0003 iter=720/1600 loss=0.0004427
  derivmatch lr=0.0003 iter=800/1600 loss=0.0004419
  derivmatch lr=0.0003 iter=880/1600 loss=0.000441
  derivmatch lr=0.0003 iter=960/1600 loss=0.0004401
  derivmatch lr=0.0003 iter=1040/1600 loss=0.0004392
  derivmatch lr=0.0003 iter=1120/1600 loss=0.0004382
  derivmatch lr=0.0003 iter=1200/1600 loss=0.0004373
  derivmatch lr=0.0003 iter=1280/1600 loss=0.0004363
  derivmatch lr=0.0003 iter=1360/1600 loss=0.0004353
  derivmatch lr=0.0003 iter=1440/1600 loss=0.0004344
  derivmatch lr=0.0003 iter=1520/1600 loss=0.0004334
  derivmatch lr=0.0003 iter=1600/1600 loss=0.0004324
  derivmatch lr=0.0003 iter=1600/1600 loss=0.0004324
derivative matching [27s]  fitloss=0.000432
  [derivative matching]  nrmse=0.388  l2=490.9
  shooting iter=50/1000 loss=0.2325
  shooting iter=100/1000 loss=0.2181
  shooting iter=150/1000 loss=0.2357
  shooting iter=200/1000 loss=0.2382
  shooting iter=250/1000 loss=0.2262
  shooting iter=300/1000 loss=0.2199
  shooting iter=350/1000 loss=0.2163
  shooting iter=400/1000 loss=0.1884
  shooting iter=450/1000 loss=0.2165
  shooting iter=500/1000 loss=0.2161
  shooting iter=550/1000 loss=0.2023
  shooting iter=600/1000 loss=1.74
  shooting iter=650/1000 loss=0.2102
  shooting iter=700/1000 loss=0.2101
  shooting iter=750/1000 loss=0.2096
  shooting iter=800/1000 loss=0.2288
  shooting iter=850/1000 loss=0.2617
  shooting iter=900/1000 loss=0.261
  shooting iter=950/1000 loss=0.2555
  shooting iter=1000/1000 loss=0.2367
  shooting iter=1000/1000 loss=0.1668
shooting [2446s]  loss=0.167
  [final]  nrmse=0.2968  l2=488.0
extrapolation window: T=200.0 -> T_test=400.0  n_test=246
  [train]  E_traj=0.8999  E_VF=0.01664  E_spec=0.5845
  [test ]  E_traj=2400.0  E_VF=1.166  E_spec=0.9995
saved /orcd/home/002/txenakis/projects/BVPsolver/src/../data/runs/run_RE6wZcx9/vanderpol_fit.png
saved /orcd/home/002/txenakis/projects/BVPsolver/src/../data/runs/run_RE6wZcx9/vanderpol_fit_extrapolated.png
saved /orcd/home/002/txenakis/projects/BVPsolver/src/../data/runs/run_RE6wZcx9/vanderpol_spectral_fit_extrapolated.png
saved /orcd/home/002/txenakis/projects/BVPsolver/src/../data/runs/run_RE6wZcx9/vanderpol_vf_fit_extrapolated.png
┌ Warning: Attempting to store StiffNN.var"#14#15"{Float64}.
│ JLD2 only stores functions by name.
│  This may not be useful for anonymous functions.
└ @ JLD2 ~/.julia/packages/JLD2/ADycq/src/data/writing_datatypes.jl:447
saved run → /orcd/home/002/txenakis/projects/BVPsolver/src/../data/runs/run_RE6wZcx9
