davis-skodje  model=stiff width=12 d=2 tlen=300 profile=fast seed=344  solver=Rodas5P  N=268
  derivmatch lr=0.01 iter=170/3400 loss=0.1317
  derivmatch lr=0.01 iter=340/3400 loss=0.1249
  derivmatch lr=0.01 iter=510/3400 loss=0.07214
  derivmatch lr=0.01 iter=680/3400 loss=0.03674
  derivmatch lr=0.01 iter=850/3400 loss=0.03251
  derivmatch lr=0.01 iter=1020/3400 loss=0.02879
  derivmatch lr=0.01 iter=1190/3400 loss=0.02614
  derivmatch lr=0.01 iter=1360/3400 loss=0.02411
  derivmatch lr=0.01 iter=1530/3400 loss=0.02247
  derivmatch lr=0.01 iter=1700/3400 loss=0.02109
  derivmatch lr=0.01 iter=1870/3400 loss=0.08467
  derivmatch lr=0.01 iter=2040/3400 loss=0.03248
  derivmatch lr=0.01 iter=2210/3400 loss=0.019
  derivmatch lr=0.01 iter=2380/3400 loss=0.02337
  derivmatch lr=0.01 iter=2550/3400 loss=0.03201
  derivmatch lr=0.01 iter=2720/3400 loss=0.01346
  derivmatch lr=0.01 iter=2890/3400 loss=0.01994
  derivmatch lr=0.01 iter=3060/3400 loss=0.03307
  derivmatch lr=0.01 iter=3230/3400 loss=0.008539
  derivmatch lr=0.01 iter=3400/3400 loss=0.03684
  derivmatch lr=0.01 iter=3400/3400 loss=0.007846
  derivmatch lr=0.003 iter=125/2500 loss=0.007521
  derivmatch lr=0.003 iter=250/2500 loss=0.006483
  derivmatch lr=0.003 iter=375/2500 loss=0.009312
  derivmatch lr=0.003 iter=500/2500 loss=0.007779
  derivmatch lr=0.003 iter=625/2500 loss=0.005455
  derivmatch lr=0.003 iter=750/2500 loss=0.008438
  derivmatch lr=0.003 iter=875/2500 loss=0.0072
  derivmatch lr=0.003 iter=1000/2500 loss=0.007747
  derivmatch lr=0.003 iter=1125/2500 loss=0.004417
  derivmatch lr=0.003 iter=1250/2500 loss=0.004126
  derivmatch lr=0.003 iter=1375/2500 loss=0.007218
  derivmatch lr=0.003 iter=1500/2500 loss=0.004152
  derivmatch lr=0.003 iter=1625/2500 loss=0.005799
  derivmatch lr=0.003 iter=1750/2500 loss=0.005996
  derivmatch lr=0.003 iter=1875/2500 loss=0.006209
  derivmatch lr=0.003 iter=2000/2500 loss=0.005773
  derivmatch lr=0.003 iter=2125/2500 loss=0.003695
  derivmatch lr=0.003 iter=2250/2500 loss=0.003647
  derivmatch lr=0.003 iter=2375/2500 loss=0.003684
  derivmatch lr=0.003 iter=2500/2500 loss=0.005143
  derivmatch lr=0.003 iter=2500/2500 loss=0.002779
  derivmatch lr=0.001 iter=125/2500 loss=0.002816
  derivmatch lr=0.001 iter=250/2500 loss=0.00266
  derivmatch lr=0.001 iter=375/2500 loss=0.002578
  derivmatch lr=0.001 iter=500/2500 loss=0.002502
  derivmatch lr=0.001 iter=625/2500 loss=0.002426
  derivmatch lr=0.001 iter=750/2500 loss=0.002347
  derivmatch lr=0.001 iter=875/2500 loss=0.002262
  derivmatch lr=0.001 iter=1000/2500 loss=0.002173
  derivmatch lr=0.001 iter=1125/2500 loss=0.00239
  derivmatch lr=0.001 iter=1250/2500 loss=0.002049
  derivmatch lr=0.001 iter=1375/2500 loss=0.001969
  derivmatch lr=0.001 iter=1500/2500 loss=0.00192
  derivmatch lr=0.001 iter=1625/2500 loss=0.001883
  derivmatch lr=0.001 iter=1750/2500 loss=0.001837
  derivmatch lr=0.001 iter=1875/2500 loss=0.002199
  derivmatch lr=0.001 iter=2000/2500 loss=0.001748
  derivmatch lr=0.001 iter=2125/2500 loss=0.002128
  derivmatch lr=0.001 iter=2250/2500 loss=0.001662
  derivmatch lr=0.001 iter=2375/2500 loss=0.001625
  derivmatch lr=0.001 iter=2500/2500 loss=0.001476
  derivmatch lr=0.001 iter=2500/2500 loss=0.001432
  derivmatch lr=0.0003 iter=80/1600 loss=0.001426
  derivmatch lr=0.0003 iter=160/1600 loss=0.001412
  derivmatch lr=0.0003 iter=240/1600 loss=0.001401
  derivmatch lr=0.0003 iter=320/1600 loss=0.001389
  derivmatch lr=0.0003 iter=400/1600 loss=0.001376
  derivmatch lr=0.0003 iter=480/1600 loss=0.001361
  derivmatch lr=0.0003 iter=560/1600 loss=0.001346
  derivmatch lr=0.0003 iter=640/1600 loss=0.001329
  derivmatch lr=0.0003 iter=720/1600 loss=0.001311
  derivmatch lr=0.0003 iter=800/1600 loss=0.001292
  derivmatch lr=0.0003 iter=880/1600 loss=0.001272
  derivmatch lr=0.0003 iter=960/1600 loss=0.001251
  derivmatch lr=0.0003 iter=1040/1600 loss=0.001229
  derivmatch lr=0.0003 iter=1120/1600 loss=0.001206
  derivmatch lr=0.0003 iter=1200/1600 loss=0.001182
  derivmatch lr=0.0003 iter=1280/1600 loss=0.001157
  derivmatch lr=0.0003 iter=1360/1600 loss=0.001459
  derivmatch lr=0.0003 iter=1440/1600 loss=0.001117
  derivmatch lr=0.0003 iter=1520/1600 loss=0.001098
  derivmatch lr=0.0003 iter=1600/1600 loss=0.001077
  derivmatch lr=0.0003 iter=1600/1600 loss=0.001077
derivative matching [34s]  fitloss=0.00108
  [derivative matching]  nrmse=0.0008549  l2=0.04127
  collocation: M=300 residuals=2394  detecting sparsity + solving...

Algorithm: LevenbergMarquardt(
    trustregion = LevenbergMarquardtTrustRegion(
        β_uphill = 0.0
    ),
    descent = GeodesicAcceleration(
        descent = DampedNewtonDescent(
            linsolve = KLUFactorization(
                reuse_symbolic = true,
                check_pattern = true
            ),
            initial_damping = 1.0,
            damping_fn = LevenbergMarquardtDampingFunction(
                increase_factor = 2.0,
                decrease_factor = 3.0,
                min_damping = 1.0e-8
            ),
            min_norm_mode = :auto
        ),
        finite_diff_step_geodesic = 0.1,
        α = 0.75
    ),
    autodiff = AutoForwardDiff(),
    vjp_autodiff = AutoFiniteDiff(
        fdtype = Val{:forward}(),
        fdjtype = Val{:forward}(),
        fdhtype = Val{:hcentral}(),
        dir = true
    ),
    jvp_autodiff = AutoForwardDiff(),
    concrete_jac = Val{true}()
)

----    	-------------       	-----------         
Iter    	f(u) 2-norm         	Step 2-norm         
----    	-------------       	-----------         
0       	4.60665636e+01      	1.94820152e-315     
1       	3.76173949e+01      	1.95873945e+00      
8       	2.10008400e-01      	5.95635281e-02      
15      	7.76705072e-03      	1.33364129e-01      
22      	1.51793223e-01      	2.06337360e+00      
29      	1.00228900e+00      	2.39990320e+00      
36      	7.71378918e-01      	0.00000000e+00      
43      	5.37583548e-01      	9.76989123e-01      
50      	5.30501197e-01      	0.00000000e+00      
57      	9.47627473e-02      	6.82467499e-01      
64      	1.53981363e-01      	0.00000000e+00      
71      	8.16635328e-04      	0.00000000e+00      
78      	6.33793708e-05      	0.00000000e+00      
85      	8.25714062e-01      	0.00000000e+00      
92      	2.15516304e-02      	1.91839801e-01      
99      	3.60774973e-03      	0.00000000e+00      
106     	1.88894821e+00      	0.00000000e+00      
113     	1.10974125e-01      	0.00000000e+00      
120     	3.03124779e-02      	3.93960449e-01      
127     	1.47985318e-02      	2.66305768e-01      
134     	5.89011287e-02      	4.94813473e-01      
141     	7.65348644e-02      	0.00000000e+00      
148     	7.71117323e-02      	0.00000000e+00      
Final   	2.47085523e-05      
----------------------      
  AMR 1/3: M=300  err=1.13e-11  obs=9.44e-8  nrmse=8.83e-7  best=8.83e-7  refined=56
  collocation: M=356 residuals=2730  detecting sparsity + solving...

Algorithm: LevenbergMarquardt(
    trustregion = LevenbergMarquardtTrustRegion(
        β_uphill = 0.0
    ),
    descent = GeodesicAcceleration(
        descent = DampedNewtonDescent(
            linsolve = KLUFactorization(
                reuse_symbolic = true,
                check_pattern = true
            ),
            initial_damping = 1.0,
            damping_fn = LevenbergMarquardtDampingFunction(
                increase_factor = 2.0,
                decrease_factor = 3.0,
                min_damping = 1.0e-8
            ),
            min_norm_mode = :auto
        ),
        finite_diff_step_geodesic = 0.1,
        α = 0.75
    ),
    autodiff = AutoForwardDiff(),
    vjp_autodiff = AutoFiniteDiff(
        fdtype = Val{:forward}(),
        fdjtype = Val{:forward}(),
        fdhtype = Val{:hcentral}(),
        dir = true
    ),
    jvp_autodiff = AutoForwardDiff(),
    concrete_jac = Val{true}()
)

----    	-------------       	-----------         
Iter    	f(u) 2-norm         	Step 2-norm         
----    	-------------       	-----------         
0       	1.29989399e+01      	NaN                 
1       	5.57512095e+00      	1.16552643e-01      
8       	2.04825127e-02      	5.80384421e-03      
15      	4.41602917e-04      	2.61477429e-03      
22      	4.70055966e-06      	3.74879496e-03      
29      	6.54396375e-03      	1.85997810e-01      
36      	7.46742813e-04      	8.42511739e-02      
43      	3.58952369e-01      	0.00000000e+00      
50      	4.48487146e-02      	3.87859861e-01      
57      	3.21456084e-03      	0.00000000e+00      
64      	8.41522753e-02      	0.00000000e+00      
71      	2.83470310e-01      	1.08097924e+00      
78      	1.21614748e-02      	0.00000000e+00      
85      	1.64612088e-01      	0.00000000e+00      
92      	3.23596448e-02      	3.50412641e-01      
99      	3.84315207e-03      	3.84773246e-01      
106     	4.02423388e-06      	5.47805596e-02      
113     	8.83876388e-02      	0.00000000e+00      
120     	1.04582598e-01      	0.00000000e+00      
127     	2.70764787e-02      	4.45984968e-01      
134     	6.07191851e-03      	0.00000000e+00      
141     	9.79148621e-02      	0.00000000e+00      
148     	4.07273965e-03      	3.89485873e-01      
Final   	3.39156122e-06      
----------------------      
  AMR 2/3: M=356  err=1.44e-13  obs=5.42e-8  nrmse=4.95e-7  best=4.95e-7  refined=33
  collocation: M=398 residuals=2982  detecting sparsity + solving...

Algorithm: LevenbergMarquardt(
    trustregion = LevenbergMarquardtTrustRegion(
        β_uphill = 0.0
    ),
    descent = GeodesicAcceleration(
        descent = DampedNewtonDescent(
            linsolve = KLUFactorization(
                reuse_symbolic = true,
                check_pattern = true
            ),
            initial_damping = 1.0,
            damping_fn = LevenbergMarquardtDampingFunction(
                increase_factor = 2.0,
                decrease_factor = 3.0,
                min_damping = 1.0e-8
            ),
            min_norm_mode = :auto
        ),
        finite_diff_step_geodesic = 0.1,
        α = 0.75
    ),
    autodiff = AutoForwardDiff(),
    vjp_autodiff = AutoFiniteDiff(
        fdtype = Val{:forward}(),
        fdjtype = Val{:forward}(),
        fdhtype = Val{:hcentral}(),
        dir = true
    ),
    jvp_autodiff = AutoForwardDiff(),
    concrete_jac = Val{true}()
)

----    	-------------       	-----------         
Iter    	f(u) 2-norm         	Step 2-norm         
----    	-------------       	-----------         
0       	1.24883501e+01      	6.75920757e+02      
1       	5.45917191e+00      	2.99170852e-02      
8       	2.00382198e-02      	3.21058114e-03      
15      	4.21904303e-04      	2.71162536e-03      
22      	2.74374261e-06      	8.73911325e-04      
29      	3.72726557e-06      	3.31164669e-02      
36      	2.31505809e-05      	4.57984443e-02      
43      	2.14146122e-01      	8.20184535e-01      
50      	1.76865486e-02      	3.32319222e-01      
57      	5.86331079e-02      	5.39794324e-01      
64      	3.80619011e-03      	1.34400982e-01      
71      	5.12505383e-02      	3.18116599e-01      
78      	2.64986439e-01      	0.00000000e+00      
85      	1.51075711e-01      	8.92037176e-01      
92      	7.84328198e-03      	0.00000000e+00      
99      	5.86682665e-04      	0.00000000e+00      
106     	1.04444917e-01      	0.00000000e+00      
113     	3.35172038e-04      	1.15842148e-01      
120     	1.39080239e-02      	3.76427013e-01      
127     	4.80359935e-02      	0.00000000e+00      
134     	4.23675958e-02      	3.82945416e-01      
141     	3.28489149e-02      	0.00000000e+00      
148     	4.05201223e-02      	0.00000000e+00      
Final   	2.73273737e-06      
----------------------      
  AMR 3/3: M=398  err=1.14e-13  obs=4.98e-8  nrmse=4.77e-7  best=4.77e-7  refined=0
collocation [155s]
  [final]  nrmse=4.768e-7  l2=1.772e-5
extrapolation window: T=15.0 -> T_test=30.0  n_test=600
  [train]  E_traj=7.976e-13  E_VF=1.915e-7  E_spec=0.2498
  [test ]  E_traj=8.767  E_VF=3869.0  E_spec=0.4592
saved /orcd/home/002/txenakis/projects/BVPsolver/src/../data/runs/run_Ig4xNUIV/davis-skodje_fit.png
saved /orcd/home/002/txenakis/projects/BVPsolver/src/../data/runs/run_Ig4xNUIV/davis-skodje_fit_extrapolated.png
saved /orcd/home/002/txenakis/projects/BVPsolver/src/../data/runs/run_Ig4xNUIV/davis-skodje_spectral_fit_extrapolated.png
saved /orcd/home/002/txenakis/projects/BVPsolver/src/../data/runs/run_Ig4xNUIV/davis-skodje_vf_fit_extrapolated.png
┌ Warning: Attempting to store StiffNN.var"#22#23"{Float64}.
│ JLD2 only stores functions by name.
│  This may not be useful for anonymous functions.
└ @ JLD2 ~/.julia/packages/JLD2/ADycq/src/data/writing_datatypes.jl:447
saved run → /orcd/home/002/txenakis/projects/BVPsolver/src/../data/runs/run_Ig4xNUIV
