orego  model=mlp d=3 tlen=112 profile=fast seed=13  solver=Rodas5  N=387
  derivmatch lr=0.01 iter=170/3400 loss=10.64
  derivmatch lr=0.01 iter=340/3400 loss=9.114
  derivmatch lr=0.01 iter=510/3400 loss=8.389
  derivmatch lr=0.01 iter=680/3400 loss=7.825
  derivmatch lr=0.01 iter=850/3400 loss=7.561
  derivmatch lr=0.01 iter=1020/3400 loss=7.155
  derivmatch lr=0.01 iter=1190/3400 loss=6.994
  derivmatch lr=0.01 iter=1360/3400 loss=6.769
  derivmatch lr=0.01 iter=1530/3400 loss=6.566
  derivmatch lr=0.01 iter=1700/3400 loss=6.388
  derivmatch lr=0.01 iter=1870/3400 loss=6.244
  derivmatch lr=0.01 iter=2040/3400 loss=6.116
  derivmatch lr=0.01 iter=2210/3400 loss=6.002
  derivmatch lr=0.01 iter=2380/3400 loss=5.882
  derivmatch lr=0.01 iter=2550/3400 loss=5.811
  derivmatch lr=0.01 iter=2720/3400 loss=5.748
  derivmatch lr=0.01 iter=2890/3400 loss=5.665
  derivmatch lr=0.01 iter=3060/3400 loss=5.579
  derivmatch lr=0.01 iter=3230/3400 loss=5.517
  derivmatch lr=0.01 iter=3400/3400 loss=5.446
  derivmatch lr=0.01 iter=3400/3400 loss=5.446
  derivmatch lr=0.003 iter=125/2500 loss=5.403
  derivmatch lr=0.003 iter=250/2500 loss=5.363
  derivmatch lr=0.003 iter=375/2500 loss=5.324
  derivmatch lr=0.003 iter=500/2500 loss=5.295
  derivmatch lr=0.003 iter=625/2500 loss=5.264
  derivmatch lr=0.003 iter=750/2500 loss=5.236
  derivmatch lr=0.003 iter=875/2500 loss=5.211
  derivmatch lr=0.003 iter=1000/2500 loss=5.182
  derivmatch lr=0.003 iter=1125/2500 loss=5.158
  derivmatch lr=0.003 iter=1250/2500 loss=5.134
  derivmatch lr=0.003 iter=1375/2500 loss=5.111
  derivmatch lr=0.003 iter=1500/2500 loss=5.088
  derivmatch lr=0.003 iter=1625/2500 loss=5.067
  derivmatch lr=0.003 iter=1750/2500 loss=5.045
  derivmatch lr=0.003 iter=1875/2500 loss=5.024
  derivmatch lr=0.003 iter=2000/2500 loss=5.004
  derivmatch lr=0.003 iter=2125/2500 loss=4.984
  derivmatch lr=0.003 iter=2250/2500 loss=4.965
  derivmatch lr=0.003 iter=2375/2500 loss=4.946
  derivmatch lr=0.003 iter=2500/2500 loss=4.928
  derivmatch lr=0.003 iter=2500/2500 loss=4.928
  derivmatch lr=0.001 iter=125/2500 loss=4.922
  derivmatch lr=0.001 iter=250/2500 loss=4.915
  derivmatch lr=0.001 iter=375/2500 loss=4.909
  derivmatch lr=0.001 iter=500/2500 loss=4.902
  derivmatch lr=0.001 iter=625/2500 loss=4.895
  derivmatch lr=0.001 iter=750/2500 loss=4.888
  derivmatch lr=0.001 iter=875/2500 loss=4.88
  derivmatch lr=0.001 iter=1000/2500 loss=4.873
  derivmatch lr=0.001 iter=1125/2500 loss=4.866
  derivmatch lr=0.001 iter=1250/2500 loss=4.858
  derivmatch lr=0.001 iter=1375/2500 loss=4.851
  derivmatch lr=0.001 iter=1500/2500 loss=4.844
  derivmatch lr=0.001 iter=1625/2500 loss=4.837
  derivmatch lr=0.001 iter=1750/2500 loss=4.829
  derivmatch lr=0.001 iter=1875/2500 loss=4.823
  derivmatch lr=0.001 iter=2000/2500 loss=4.816
  derivmatch lr=0.001 iter=2125/2500 loss=4.809
  derivmatch lr=0.001 iter=2250/2500 loss=4.803
  derivmatch lr=0.001 iter=2375/2500 loss=4.786
  derivmatch lr=0.001 iter=2500/2500 loss=4.791
  derivmatch lr=0.001 iter=2500/2500 loss=4.785
  derivmatch lr=0.0003 iter=80/1600 loss=4.789
  derivmatch lr=0.0003 iter=160/1600 loss=4.787
  derivmatch lr=0.0003 iter=240/1600 loss=4.786
  derivmatch lr=0.0003 iter=320/1600 loss=4.785
  derivmatch lr=0.0003 iter=400/1600 loss=4.784
  derivmatch lr=0.0003 iter=480/1600 loss=4.782
  derivmatch lr=0.0003 iter=560/1600 loss=4.781
  derivmatch lr=0.0003 iter=640/1600 loss=4.78
  derivmatch lr=0.0003 iter=720/1600 loss=4.778
  derivmatch lr=0.0003 iter=800/1600 loss=4.777
  derivmatch lr=0.0003 iter=880/1600 loss=4.776
  derivmatch lr=0.0003 iter=960/1600 loss=4.774
  derivmatch lr=0.0003 iter=1040/1600 loss=4.773
  derivmatch lr=0.0003 iter=1120/1600 loss=4.772
  derivmatch lr=0.0003 iter=1200/1600 loss=4.77
  derivmatch lr=0.0003 iter=1280/1600 loss=4.769
  derivmatch lr=0.0003 iter=1360/1600 loss=4.767
  derivmatch lr=0.0003 iter=1440/1600 loss=4.766
  derivmatch lr=0.0003 iter=1520/1600 loss=4.764
  derivmatch lr=0.0003 iter=1600/1600 loss=4.762
  derivmatch lr=0.0003 iter=1600/1600 loss=4.762
derivative matching [27s]  fitloss=4.76
  [derivative matching]  nrmse=0.4265  l2=485900.0
  collocation: M=127 residuals=1470  detecting sparsity + solving...

Algorithm: LevenbergMarquardt(
    trustregion = LevenbergMarquardtTrustRegion(
        β_uphill = 0.0
    ),
    descent = GeodesicAcceleration(
        descent = DampedNewtonDescent(
            linsolve = KLUFactorization(
                reuse_symbolic = true,
                check_pattern = true
            ),
            initial_damping = 1.0,
            damping_fn = LevenbergMarquardtDampingFunction(
                increase_factor = 2.0,
                decrease_factor = 3.0,
                min_damping = 1.0e-8
            ),
            min_norm_mode = :auto
        ),
        finite_diff_step_geodesic = 0.1,
        α = 0.75
    ),
    autodiff = AutoForwardDiff(),
    vjp_autodiff = AutoFiniteDiff(
        fdtype = Val{:forward}(),
        fdjtype = Val{:forward}(),
        fdhtype = Val{:hcentral}(),
        dir = true
    ),
    jvp_autodiff = AutoForwardDiff(),
    concrete_jac = Val{true}()
)

----    	-------------       	-----------         
Iter    	f(u) 2-norm         	Step 2-norm         
----    	-------------       	-----------         
0       	7.79802512e+02      	NaN                 
1       	7.79802512e+02      	0.00000000e+00      
8       	8.44417286e+02      	3.12898376e-02      
15      	8.26807782e+02      	8.80358472e-03      
22      	6.10028220e+02      	0.00000000e+00      
29      	5.32832233e+02      	0.00000000e+00      
36      	5.04924623e+02      	2.02410767e-02      
43      	5.50131623e+02      	0.00000000e+00      
50      	5.40246691e+02      	4.21363585e-02      
57      	5.00959822e+02      	3.50411086e-02      
64      	5.56550182e+02      	0.00000000e+00      
71      	4.89350692e+02      	0.00000000e+00      
78      	4.69543307e+02      	0.00000000e+00      
85      	4.81155401e+02      	0.00000000e+00      
92      	4.76434831e+02      	0.00000000e+00      
99      	4.36749528e+02      	0.00000000e+00      
106     	4.36073063e+02      	0.00000000e+00      
113     	4.27355268e+02      	1.25485145e-03      
120     	5.43150915e+02      	3.44942696e-02      
127     	5.62986767e+02      	0.00000000e+00      
134     	6.07624337e+02      	0.00000000e+00      
141     	5.77440921e+02      	0.00000000e+00      
148     	5.56259724e+02      	2.76365726e-02      
Final   	4.25729149e+02      
----------------------      
  AMR 1/1: M=127  err=46700.0  obs=0.00217  nrmse=0.427  best=0.427  refined=0
 derivative matching was best (1/1 rounds ran)
collocation [54s]
  [final]  nrmse=0.4265  l2=485900.0
extrapolation window: T=180.0 -> T_test=360.0  n_test=224
  [train]  E_traj=1.0  E_VF=0.8312  E_spec=1.0
  [test ]  E_traj=1.0  E_VF=0.8529  E_spec=0.9937
saved /orcd/home/002/txenakis/projects/BVPsolver/src/../data/runs/run_2FldsJ47/orego_fit.png
saved /orcd/home/002/txenakis/projects/BVPsolver/src/../data/runs/run_2FldsJ47/orego_fit_extrapolated.png
saved /orcd/home/002/txenakis/projects/BVPsolver/src/../data/runs/run_2FldsJ47/orego_spectral_fit_extrapolated.png
saved /orcd/home/002/txenakis/projects/BVPsolver/src/../data/runs/run_2FldsJ47/orego_vf_fit_extrapolated.png
┌ Warning: Attempting to store StiffNN.var"#20#21"{Float64, Float64, Float64}.
│ JLD2 only stores functions by name.
│  This may not be useful for anonymous functions.
└ @ JLD2 ~/.julia/packages/JLD2/ADycq/src/data/writing_datatypes.jl:447
saved run → /orcd/home/002/txenakis/projects/BVPsolver/src/../data/runs/run_2FldsJ47
