orego  model=mlp width=19 d=3 tlen=112 profile=fast seed=149  solver=Rodas5  N=516
  derivmatch lr=0.01 iter=170/3400 loss=9.939
  derivmatch lr=0.01 iter=340/3400 loss=8.735
  derivmatch lr=0.01 iter=510/3400 loss=8.075
  derivmatch lr=0.01 iter=680/3400 loss=7.746
  derivmatch lr=0.01 iter=850/3400 loss=7.524
  derivmatch lr=0.01 iter=1020/3400 loss=7.071
  derivmatch lr=0.01 iter=1190/3400 loss=6.855
  derivmatch lr=0.01 iter=1360/3400 loss=6.632
  derivmatch lr=0.01 iter=1530/3400 loss=6.452
  derivmatch lr=0.01 iter=1700/3400 loss=6.257
  derivmatch lr=0.01 iter=1870/3400 loss=6.131
  derivmatch lr=0.01 iter=2040/3400 loss=6.018
  derivmatch lr=0.01 iter=2210/3400 loss=5.912
  derivmatch lr=0.01 iter=2380/3400 loss=5.801
  derivmatch lr=0.01 iter=2550/3400 loss=5.714
  derivmatch lr=0.01 iter=2720/3400 loss=5.506
  derivmatch lr=0.01 iter=2890/3400 loss=5.418
  derivmatch lr=0.01 iter=3060/3400 loss=5.342
  derivmatch lr=0.01 iter=3230/3400 loss=5.271
  derivmatch lr=0.01 iter=3400/3400 loss=5.205
  derivmatch lr=0.01 iter=3400/3400 loss=5.205
  derivmatch lr=0.003 iter=125/2500 loss=5.172
  derivmatch lr=0.003 iter=250/2500 loss=5.141
  derivmatch lr=0.003 iter=375/2500 loss=5.142
  derivmatch lr=0.003 iter=500/2500 loss=5.086
  derivmatch lr=0.003 iter=625/2500 loss=5.055
  derivmatch lr=0.003 iter=750/2500 loss=5.026
  derivmatch lr=0.003 iter=875/2500 loss=4.998
  derivmatch lr=0.003 iter=1000/2500 loss=4.973
  derivmatch lr=0.003 iter=1125/2500 loss=4.949
  derivmatch lr=0.003 iter=1250/2500 loss=4.927
  derivmatch lr=0.003 iter=1375/2500 loss=4.923
  derivmatch lr=0.003 iter=1500/2500 loss=4.881
  derivmatch lr=0.003 iter=1625/2500 loss=4.866
  derivmatch lr=0.003 iter=1750/2500 loss=4.845
  derivmatch lr=0.003 iter=1875/2500 loss=4.818
  derivmatch lr=0.003 iter=2000/2500 loss=4.799
  derivmatch lr=0.003 iter=2125/2500 loss=4.78
  derivmatch lr=0.003 iter=2250/2500 loss=4.761
  derivmatch lr=0.003 iter=2375/2500 loss=4.744
  derivmatch lr=0.003 iter=2500/2500 loss=4.727
  derivmatch lr=0.003 iter=2500/2500 loss=4.727
  derivmatch lr=0.001 iter=125/2500 loss=4.712
  derivmatch lr=0.001 iter=250/2500 loss=4.711
  derivmatch lr=0.001 iter=375/2500 loss=4.716
  derivmatch lr=0.001 iter=500/2500 loss=4.705
  derivmatch lr=0.001 iter=625/2500 loss=4.706
  derivmatch lr=0.001 iter=750/2500 loss=4.697
  derivmatch lr=0.001 iter=875/2500 loss=5.115
  derivmatch lr=0.001 iter=1000/2500 loss=4.853
  derivmatch lr=0.001 iter=1125/2500 loss=4.843
  derivmatch lr=0.001 iter=1250/2500 loss=4.834
  derivmatch lr=0.001 iter=1375/2500 loss=4.819
  derivmatch lr=0.001 iter=1500/2500 loss=4.811
  derivmatch lr=0.001 iter=1625/2500 loss=4.803
  derivmatch lr=0.001 iter=1750/2500 loss=4.627
  derivmatch lr=0.001 iter=1875/2500 loss=4.618
  derivmatch lr=0.001 iter=2000/2500 loss=4.61
  derivmatch lr=0.001 iter=2125/2500 loss=4.602
  derivmatch lr=0.001 iter=2250/2500 loss=4.594
  derivmatch lr=0.001 iter=2375/2500 loss=4.585
  derivmatch lr=0.001 iter=2500/2500 loss=4.577
  derivmatch lr=0.001 iter=2500/2500 loss=4.577
  derivmatch lr=0.0003 iter=80/1600 loss=4.594
  derivmatch lr=0.0003 iter=160/1600 loss=4.63
  derivmatch lr=0.0003 iter=240/1600 loss=4.62
  derivmatch lr=0.0003 iter=320/1600 loss=4.619
  derivmatch lr=0.0003 iter=400/1600 loss=4.604
  derivmatch lr=0.0003 iter=480/1600 loss=4.592
  derivmatch lr=0.0003 iter=560/1600 loss=4.588
  derivmatch lr=0.0003 iter=640/1600 loss=4.585
  derivmatch lr=0.0003 iter=720/1600 loss=4.582
  derivmatch lr=0.0003 iter=800/1600 loss=4.579
  derivmatch lr=0.0003 iter=880/1600 loss=4.577
  derivmatch lr=0.0003 iter=960/1600 loss=4.575
  derivmatch lr=0.0003 iter=1040/1600 loss=4.572
  derivmatch lr=0.0003 iter=1120/1600 loss=4.57
  derivmatch lr=0.0003 iter=1200/1600 loss=4.568
  derivmatch lr=0.0003 iter=1280/1600 loss=4.558
  derivmatch lr=0.0003 iter=1360/1600 loss=4.731
  derivmatch lr=0.0003 iter=1440/1600 loss=4.727
  derivmatch lr=0.0003 iter=1520/1600 loss=4.72
  derivmatch lr=0.0003 iter=1600/1600 loss=4.719
  derivmatch lr=0.0003 iter=1600/1600 loss=4.549
derivative matching [27s]  fitloss=4.55
  [derivative matching]  nrmse=0.4266  l2=486000.0
  shooting iter=50/1000 loss=0.2218
