vanderpol  model=GELU-scaled width=7 d=2 tlen=151 profile=fast seed=117  solver=Kvaerno5  N=317
  derivmatch lr=0.01 iter=170/3400 loss=2.669
  derivmatch lr=0.01 iter=340/3400 loss=2.276
  derivmatch lr=0.01 iter=510/3400 loss=2.151
  derivmatch lr=0.01 iter=680/3400 loss=1.906
  derivmatch lr=0.01 iter=850/3400 loss=1.813
  derivmatch lr=0.01 iter=1020/3400 loss=1.816
  derivmatch lr=0.01 iter=1190/3400 loss=1.737
  derivmatch lr=0.01 iter=1360/3400 loss=1.727
  derivmatch lr=0.01 iter=1530/3400 loss=1.693
  derivmatch lr=0.01 iter=1700/3400 loss=1.699
  derivmatch lr=0.01 iter=1870/3400 loss=1.69
  derivmatch lr=0.01 iter=2040/3400 loss=1.71
  derivmatch lr=0.01 iter=2210/3400 loss=1.64
  derivmatch lr=0.01 iter=2380/3400 loss=1.563
  derivmatch lr=0.01 iter=2550/3400 loss=2.937
  derivmatch lr=0.01 iter=2720/3400 loss=2.894
  derivmatch lr=0.01 iter=2890/3400 loss=2.558
  derivmatch lr=0.01 iter=3060/3400 loss=2.885
  derivmatch lr=0.01 iter=3230/3400 loss=2.987
  derivmatch lr=0.01 iter=3400/3400 loss=2.711
  derivmatch lr=0.01 iter=3400/3400 loss=1.511
  derivmatch lr=0.003 iter=125/2500 loss=1.471
  derivmatch lr=0.003 iter=250/2500 loss=1.423
  derivmatch lr=0.003 iter=375/2500 loss=1.351
  derivmatch lr=0.003 iter=500/2500 loss=1.351
  derivmatch lr=0.003 iter=625/2500 loss=1.208
  derivmatch lr=0.003 iter=750/2500 loss=1.525
  derivmatch lr=0.003 iter=875/2500 loss=1.189
  derivmatch lr=0.003 iter=1000/2500 loss=1.17
  derivmatch lr=0.003 iter=1125/2500 loss=1.197
  derivmatch lr=0.003 iter=1250/2500 loss=1.107
  derivmatch lr=0.003 iter=1375/2500 loss=0.9556
  derivmatch lr=0.003 iter=1500/2500 loss=0.8965
  derivmatch lr=0.003 iter=1625/2500 loss=0.8545
  derivmatch lr=0.003 iter=1750/2500 loss=0.8157
  derivmatch lr=0.003 iter=1875/2500 loss=0.7793
  derivmatch lr=0.003 iter=2000/2500 loss=0.745
  derivmatch lr=0.003 iter=2125/2500 loss=0.7127
  derivmatch lr=0.003 iter=2250/2500 loss=0.6823
  derivmatch lr=0.003 iter=2375/2500 loss=0.6514
  derivmatch lr=0.003 iter=2500/2500 loss=1.106
  derivmatch lr=0.003 iter=2500/2500 loss=0.6435
  derivmatch lr=0.001 iter=125/2500 loss=0.6353
  derivmatch lr=0.001 iter=250/2500 loss=0.6246
  derivmatch lr=0.001 iter=375/2500 loss=0.613
  derivmatch lr=0.001 iter=500/2500 loss=0.6002
  derivmatch lr=0.001 iter=625/2500 loss=0.5863
  derivmatch lr=0.001 iter=750/2500 loss=0.5715
  derivmatch lr=0.001 iter=875/2500 loss=0.5557
  derivmatch lr=0.001 iter=1000/2500 loss=0.5393
  derivmatch lr=0.001 iter=1125/2500 loss=0.5222
  derivmatch lr=0.001 iter=1250/2500 loss=0.5041
  derivmatch lr=0.001 iter=1375/2500 loss=0.4849
  derivmatch lr=0.001 iter=1500/2500 loss=0.4644
  derivmatch lr=0.001 iter=1625/2500 loss=0.4422
  derivmatch lr=0.001 iter=1750/2500 loss=0.4176
  derivmatch lr=0.001 iter=1875/2500 loss=0.389
  derivmatch lr=0.001 iter=2000/2500 loss=0.3609
  derivmatch lr=0.001 iter=2125/2500 loss=0.337
  derivmatch lr=0.001 iter=2250/2500 loss=0.3151
  derivmatch lr=0.001 iter=2375/2500 loss=0.2947
  derivmatch lr=0.001 iter=2500/2500 loss=0.276
  derivmatch lr=0.001 iter=2500/2500 loss=0.276
  derivmatch lr=0.0003 iter=80/1600 loss=0.275
  derivmatch lr=0.0003 iter=160/1600 loss=0.2739
  derivmatch lr=0.0003 iter=240/1600 loss=0.2726
  derivmatch lr=0.0003 iter=320/1600 loss=0.271
  derivmatch lr=0.0003 iter=400/1600 loss=0.2692
  derivmatch lr=0.0003 iter=480/1600 loss=0.2672
  derivmatch lr=0.0003 iter=560/1600 loss=0.2651
  derivmatch lr=0.0003 iter=640/1600 loss=0.2629
  derivmatch lr=0.0003 iter=720/1600 loss=0.2605
  derivmatch lr=0.0003 iter=800/1600 loss=0.2579
  derivmatch lr=0.0003 iter=880/1600 loss=0.2553
  derivmatch lr=0.0003 iter=960/1600 loss=0.2525
  derivmatch lr=0.0003 iter=1040/1600 loss=0.2497
  derivmatch lr=0.0003 iter=1120/1600 loss=0.2468
  derivmatch lr=0.0003 iter=1200/1600 loss=0.2438
  derivmatch lr=0.0003 iter=1280/1600 loss=0.2408
  derivmatch lr=0.0003 iter=1360/1600 loss=0.2377
  derivmatch lr=0.0003 iter=1440/1600 loss=0.2345
  derivmatch lr=0.0003 iter=1520/1600 loss=0.2313
  derivmatch lr=0.0003 iter=1600/1600 loss=0.228
  derivmatch lr=0.0003 iter=1600/1600 loss=0.228
derivative matching [25s]  fitloss=0.228
  [derivative matching]  nrmse=0.338  l2=325.3
  collocation: M=163 residuals=1274  detecting sparsity + solving...

Algorithm: LevenbergMarquardt(
    trustregion = LevenbergMarquardtTrustRegion(
        β_uphill = 0.0
    ),
    descent = GeodesicAcceleration(
        descent = DampedNewtonDescent(
            linsolve = KLUFactorization(
                reuse_symbolic = true,
                check_pattern = true
            ),
            initial_damping = 1.0,
            damping_fn = LevenbergMarquardtDampingFunction(
                increase_factor = 2.0,
                decrease_factor = 3.0,
                min_damping = 1.0e-8
            ),
            min_norm_mode = :auto
        ),
        finite_diff_step_geodesic = 0.1,
        α = 0.75
    ),
    autodiff = AutoForwardDiff(),
    vjp_autodiff = AutoFiniteDiff(
        fdtype = Val{:forward}(),
        fdjtype = Val{:forward}(),
        fdhtype = Val{:hcentral}(),
        dir = true
    ),
    jvp_autodiff = AutoForwardDiff(),
    concrete_jac = Val{true}()
)

----    	-------------       	-----------         
Iter    	f(u) 2-norm         	Step 2-norm         
----    	-------------       	-----------         
0       	4.69673224e+02      	1.97783082e-309     
1       	2.00811430e+03      	1.44762564e-01      
8       	6.11753018e+02      	0.00000000e+00      
15      	8.50496907e+02      	2.07946562e-01      
22      	8.50496907e+02      	0.00000000e+00      
29      	8.52728848e+02      	4.84423925e-03      
36      	2.03393988e+03      	0.00000000e+00      
43      	2.46759567e+03      	0.00000000e+00      
50      	3.26628658e+03      	0.00000000e+00      
57      	4.09145885e+03      	0.00000000e+00      
64      	4.68033844e+03      	2.20947326e-02      
71      	4.86381729e+03      	2.67731675e-02      
78      	5.79170231e+03      	0.00000000e+00      
85      	3.85243247e+04      	0.00000000e+00      
92      	8.63900031e+03      	6.66434197e-02      
99      	4.53289945e+03      	0.00000000e+00      
106     	4.50534474e+03      	3.66171196e-02      
113     	6.24283507e+03      	4.52677379e-02      
120     	4.22707499e+03      	7.79163582e-03      
127     	5.42903167e+03      	0.00000000e+00      
134     	5.47845620e+03      	0.00000000e+00      
141     	4.39921998e+03      	6.52566877e-03      
148     	5.52911384e+03      	0.00000000e+00      
Final   	3.93964374e+02      
----------------------      
  AMR 1/1: M=163  err=22900.0  obs=0.00206  nrmse=0.333  best=0.333  refined=0
collocation [42s]
  [final]  nrmse=0.3335  l2=325.3
extrapolation window: T=200.0 -> T_test=400.0  n_test=302
  [train]  E_traj=1.161  E_VF=0.2303  E_spec=0.3164
  [test ]  E_traj=1.19  E_VF=189.6  E_spec=0.3918
saved /orcd/home/002/txenakis/projects/BVPsolver/src/../data/runs/run_4LPRAv5F/vanderpol_fit.png
saved /orcd/home/002/txenakis/projects/BVPsolver/src/../data/runs/run_4LPRAv5F/vanderpol_fit_extrapolated.png
saved /orcd/home/002/txenakis/projects/BVPsolver/src/../data/runs/run_4LPRAv5F/vanderpol_spectral_fit_extrapolated.png
saved /orcd/home/002/txenakis/projects/BVPsolver/src/../data/runs/run_4LPRAv5F/vanderpol_vf_fit_extrapolated.png
┌ Warning: Attempting to store StiffNN.var"#14#15"{Float64}.
│ JLD2 only stores functions by name.
│  This may not be useful for anonymous functions.
└ @ JLD2 ~/.julia/packages/JLD2/ADycq/src/data/writing_datatypes.jl:447
saved run → /orcd/home/002/txenakis/projects/BVPsolver/src/../data/runs/run_4LPRAv5F
