vanderpol  model=GELU-scaled width=7 d=2 tlen=151 profile=fast seed=609  solver=Kvaerno5  N=317
  derivmatch lr=0.01 iter=170/3400 loss=3.428
  derivmatch lr=0.01 iter=340/3400 loss=2.905
  derivmatch lr=0.01 iter=510/3400 loss=2.525
  derivmatch lr=0.01 iter=680/3400 loss=1.8
  derivmatch lr=0.01 iter=850/3400 loss=1.957
  derivmatch lr=0.01 iter=1020/3400 loss=1.831
  derivmatch lr=0.01 iter=1190/3400 loss=1.808
  derivmatch lr=0.01 iter=1360/3400 loss=0.9786
  derivmatch lr=0.01 iter=1530/3400 loss=0.8885
  derivmatch lr=0.01 iter=1700/3400 loss=3.362
  derivmatch lr=0.01 iter=1870/3400 loss=1.447
  derivmatch lr=0.01 iter=2040/3400 loss=1.196
  derivmatch lr=0.01 iter=2210/3400 loss=1.087
  derivmatch lr=0.01 iter=2380/3400 loss=1.171
  derivmatch lr=0.01 iter=2550/3400 loss=1.145
  derivmatch lr=0.01 iter=2720/3400 loss=1.212
  derivmatch lr=0.01 iter=2890/3400 loss=2.945
  derivmatch lr=0.01 iter=3060/3400 loss=2.373
  derivmatch lr=0.01 iter=3230/3400 loss=2.397
  derivmatch lr=0.01 iter=3400/3400 loss=2.252
  derivmatch lr=0.01 iter=3400/3400 loss=0.3943
  derivmatch lr=0.003 iter=125/2500 loss=0.2757
  derivmatch lr=0.003 iter=250/2500 loss=0.2329
  derivmatch lr=0.003 iter=375/2500 loss=0.2071
  derivmatch lr=0.003 iter=500/2500 loss=0.1846
  derivmatch lr=0.003 iter=625/2500 loss=0.1641
  derivmatch lr=0.003 iter=750/2500 loss=0.1461
  derivmatch lr=0.003 iter=875/2500 loss=0.1303
  derivmatch lr=0.003 iter=1000/2500 loss=0.1164
  derivmatch lr=0.003 iter=1125/2500 loss=0.1038
  derivmatch lr=0.003 iter=1250/2500 loss=0.09512
  derivmatch lr=0.003 iter=1375/2500 loss=0.0831
  derivmatch lr=0.003 iter=1500/2500 loss=0.07432
  derivmatch lr=0.003 iter=1625/2500 loss=0.06948
  derivmatch lr=0.003 iter=1750/2500 loss=0.05971
  derivmatch lr=0.003 iter=1875/2500 loss=0.05366
  derivmatch lr=0.003 iter=2000/2500 loss=0.04845
  derivmatch lr=0.003 iter=2125/2500 loss=0.04383
  derivmatch lr=0.003 iter=2250/2500 loss=0.03981
  derivmatch lr=0.003 iter=2375/2500 loss=0.04952
  derivmatch lr=0.003 iter=2500/2500 loss=0.0331
  derivmatch lr=0.003 iter=2500/2500 loss=0.0331
  derivmatch lr=0.001 iter=125/2500 loss=0.02901
  derivmatch lr=0.001 iter=250/2500 loss=0.02534
  derivmatch lr=0.001 iter=375/2500 loss=0.02216
  derivmatch lr=0.001 iter=500/2500 loss=0.01959
  derivmatch lr=0.001 iter=625/2500 loss=0.01754
  derivmatch lr=0.001 iter=750/2500 loss=0.01557
  derivmatch lr=0.001 iter=875/2500 loss=0.01402
  derivmatch lr=0.001 iter=1000/2500 loss=0.01295
  derivmatch lr=0.001 iter=1125/2500 loss=0.01232
  derivmatch lr=0.001 iter=1250/2500 loss=0.01149
  derivmatch lr=0.001 iter=1375/2500 loss=0.01105
  derivmatch lr=0.001 iter=1500/2500 loss=0.01057
  derivmatch lr=0.001 iter=1625/2500 loss=0.01052
  derivmatch lr=0.001 iter=1750/2500 loss=0.009813
  derivmatch lr=0.001 iter=1875/2500 loss=0.009995
  derivmatch lr=0.001 iter=2000/2500 loss=0.009393
  derivmatch lr=0.001 iter=2125/2500 loss=0.009082
  derivmatch lr=0.001 iter=2250/2500 loss=0.008943
  derivmatch lr=0.001 iter=2375/2500 loss=0.00873
  derivmatch lr=0.001 iter=2500/2500 loss=0.008836
  derivmatch lr=0.001 iter=2500/2500 loss=0.00849
  derivmatch lr=0.0003 iter=80/1600 loss=0.008467
  derivmatch lr=0.0003 iter=160/1600 loss=0.008434
  derivmatch lr=0.0003 iter=240/1600 loss=0.008399
  derivmatch lr=0.0003 iter=320/1600 loss=0.008359
  derivmatch lr=0.0003 iter=400/1600 loss=0.008315
  derivmatch lr=0.0003 iter=480/1600 loss=0.00827
  derivmatch lr=0.0003 iter=560/1600 loss=0.008224
  derivmatch lr=0.0003 iter=640/1600 loss=0.008176
  derivmatch lr=0.0003 iter=720/1600 loss=0.008127
  derivmatch lr=0.0003 iter=800/1600 loss=0.008077
  derivmatch lr=0.0003 iter=880/1600 loss=0.008027
  derivmatch lr=0.0003 iter=960/1600 loss=0.007975
  derivmatch lr=0.0003 iter=1040/1600 loss=0.007922
  derivmatch lr=0.0003 iter=1120/1600 loss=0.007868
  derivmatch lr=0.0003 iter=1200/1600 loss=0.007813
  derivmatch lr=0.0003 iter=1280/1600 loss=0.007757
  derivmatch lr=0.0003 iter=1360/1600 loss=0.007708
  derivmatch lr=0.0003 iter=1440/1600 loss=0.007653
  derivmatch lr=0.0003 iter=1520/1600 loss=0.007602
  derivmatch lr=0.0003 iter=1600/1600 loss=0.00755
  derivmatch lr=0.0003 iter=1600/1600 loss=0.00755
derivative matching [29s]  fitloss=0.00755
  [derivative matching]  nrmse=0.3502  l2=325.3
  collocation: M=163 residuals=1274  detecting sparsity + solving...

Algorithm: LevenbergMarquardt(
    trustregion = LevenbergMarquardtTrustRegion(
        β_uphill = 0.0
    ),
    descent = GeodesicAcceleration(
        descent = DampedNewtonDescent(
            linsolve = KLUFactorization(
                reuse_symbolic = true,
                check_pattern = true
            ),
            initial_damping = 1.0,
            damping_fn = LevenbergMarquardtDampingFunction(
                increase_factor = 2.0,
                decrease_factor = 3.0,
                min_damping = 1.0e-8
            ),
            min_norm_mode = :auto
        ),
        finite_diff_step_geodesic = 0.1,
        α = 0.75
    ),
    autodiff = AutoForwardDiff(),
    vjp_autodiff = AutoFiniteDiff(
        fdtype = Val{:forward}(),
        fdjtype = Val{:forward}(),
        fdhtype = Val{:hcentral}(),
        dir = true
    ),
    jvp_autodiff = AutoForwardDiff(),
    concrete_jac = Val{true}()
)

----    	-------------       	-----------         
Iter    	f(u) 2-norm         	Step 2-norm         
----    	-------------       	-----------         
0       	3.32333828e+02      	4.00062719e-315     
1       	3.32333828e+02      	0.00000000e+00      
8       	6.35564983e+02      	3.95183655e-02      
15      	6.35564983e+02      	0.00000000e+00      
22      	8.27369541e+02      	1.03602066e-02      
29      	1.94091331e+03      	0.00000000e+00      
36      	1.94091331e+03      	0.00000000e+00      
43      	1.84927540e+03      	6.64009285e-04      
50      	1.80746900e+03      	5.19746818e-04      
57      	1.80987490e+03      	0.00000000e+00      
64      	1.81230320e+03      	7.36166492e-04      
71      	1.82968112e+03      	0.00000000e+00      
78      	1.85066891e+03      	0.00000000e+00      
85      	1.85131274e+03      	7.08881483e-04      
92      	1.86309831e+03      	0.00000000e+00      
99      	1.87979652e+03      	0.00000000e+00      
106     	1.88027039e+03      	6.08763534e-04      
113     	1.89731878e+03      	0.00000000e+00      
120     	1.90748622e+03      	0.00000000e+00      
127     	1.90766417e+03      	5.04247359e-04      
134     	1.91970919e+03      	0.00000000e+00      
141     	1.92679334e+03      	0.00000000e+00      
148     	1.92654838e+03      	0.00000000e+00      
Final   	3.11139217e+02      
----------------------      
  AMR 1/1: M=163  err=33900.0  obs=0.000455  nrmse=0.376  best=0.35  refined=0
 derivative matching was best (1/1 rounds ran)
collocation [42s]
  [final]  nrmse=0.3502  l2=325.3
extrapolation window: T=200.0 -> T_test=400.0  n_test=302
  [train]  E_traj=1.233  E_VF=0.07235  E_spec=0.8453
  [test ]  E_traj=1.228  E_VF=7.893  E_spec=0.5597
saved /orcd/home/002/txenakis/projects/BVPsolver/src/../data/runs/run_o9xBlTLk/vanderpol_fit.png
saved /orcd/home/002/txenakis/projects/BVPsolver/src/../data/runs/run_o9xBlTLk/vanderpol_fit_extrapolated.png
saved /orcd/home/002/txenakis/projects/BVPsolver/src/../data/runs/run_o9xBlTLk/vanderpol_spectral_fit_extrapolated.png
saved /orcd/home/002/txenakis/projects/BVPsolver/src/../data/runs/run_o9xBlTLk/vanderpol_vf_fit_extrapolated.png
saved /orcd/home/002/txenakis/projects/BVPsolver/src/../data/runs/run_o9xBlTLk/vanderpol_sensitivity_vs_stiffness_derivmatch_pointwise.png
┌ Warning: No strict ticks found
└ @ PlotUtils ~/.julia/packages/PlotUtils/HX80C/src/ticks.jl:194
┌ Warning: No strict ticks found
└ @ PlotUtils ~/.julia/packages/PlotUtils/HX80C/src/ticks.jl:194
┌ Warning: Invalid negative or zero value 0.0 found at series index 1 for log10 based yscale
└ @ Plots ~/.julia/packages/Plots/GIume/src/utils.jl:105
saved /orcd/home/002/txenakis/projects/BVPsolver/src/../data/runs/run_o9xBlTLk/vanderpol_sensitivity_vs_stiffness_derivmatch_trajectory.png
saved /orcd/home/002/txenakis/projects/BVPsolver/src/../data/runs/run_o9xBlTLk/vanderpol_sensitivity_vs_stiffness_collocation_pointwise.png
┌ Warning: No strict ticks found
└ @ PlotUtils ~/.julia/packages/PlotUtils/HX80C/src/ticks.jl:194
┌ Warning: No strict ticks found
└ @ PlotUtils ~/.julia/packages/PlotUtils/HX80C/src/ticks.jl:194
┌ Warning: Invalid negative or zero value 0.0 found at series index 1 for log10 based yscale
└ @ Plots ~/.julia/packages/Plots/GIume/src/utils.jl:105
saved /orcd/home/002/txenakis/projects/BVPsolver/src/../data/runs/run_o9xBlTLk/vanderpol_sensitivity_vs_stiffness_collocation_trajectory.png
┌ Warning: Attempting to store StiffNN.var"#14#15"{Float64}.
│ JLD2 only stores functions by name.
│  This may not be useful for anonymous functions.
└ @ JLD2 ~/.julia/packages/JLD2/ADycq/src/data/writing_datatypes.jl:447
saved run → /orcd/home/002/txenakis/projects/BVPsolver/src/../data/runs/run_o9xBlTLk
