dahlquist  model=stiff width=8 d=1 tlen=50 profile=fast seed=801  solver=Rodas5  N=114
  derivmatch lr=0.01 iter=170/3400 loss=0.001742
  derivmatch lr=0.01 iter=340/3400 loss=0.001465
  derivmatch lr=0.01 iter=510/3400 loss=0.001263
  derivmatch lr=0.01 iter=680/3400 loss=0.001091
  derivmatch lr=0.01 iter=850/3400 loss=0.0009327
  derivmatch lr=0.01 iter=1020/3400 loss=0.0007825
  derivmatch lr=0.01 iter=1190/3400 loss=0.0006409
  derivmatch lr=0.01 iter=1360/3400 loss=0.0005114
  derivmatch lr=0.01 iter=1530/3400 loss=0.0004045
  derivmatch lr=0.01 iter=1700/3400 loss=0.0003304
  derivmatch lr=0.01 iter=1870/3400 loss=0.0002832
  derivmatch lr=0.01 iter=2040/3400 loss=0.00025
  derivmatch lr=0.01 iter=2210/3400 loss=0.0002235
  derivmatch lr=0.01 iter=2380/3400 loss=0.0002005
  derivmatch lr=0.01 iter=2550/3400 loss=0.0001799
  derivmatch lr=0.01 iter=2720/3400 loss=0.0001609
  derivmatch lr=0.01 iter=2890/3400 loss=0.0001435
  derivmatch lr=0.01 iter=3060/3400 loss=0.0001276
  derivmatch lr=0.01 iter=3230/3400 loss=0.0001132
  derivmatch lr=0.01 iter=3400/3400 loss=0.0001005
  derivmatch lr=0.01 iter=3400/3400 loss=0.0001005
  derivmatch lr=0.003 iter=125/2500 loss=7.286e-5
  derivmatch lr=0.003 iter=250/2500 loss=5.489e-5
  derivmatch lr=0.003 iter=375/2500 loss=4.083e-5
  derivmatch lr=0.003 iter=500/2500 loss=3.014e-5
  derivmatch lr=0.003 iter=625/2500 loss=2.215e-5
  derivmatch lr=0.003 iter=750/2500 loss=1.615e-5
  derivmatch lr=0.003 iter=875/2500 loss=1.3e-5
  derivmatch lr=0.003 iter=1000/2500 loss=1.02e-5
  derivmatch lr=0.003 iter=1125/2500 loss=8.117e-6
  derivmatch lr=0.003 iter=1250/2500 loss=6.386e-6
  derivmatch lr=0.003 iter=1375/2500 loss=5.03e-6
  derivmatch lr=0.003 iter=1500/2500 loss=4.062e-6
  derivmatch lr=0.003 iter=1625/2500 loss=3.401e-6
  derivmatch lr=0.003 iter=1750/2500 loss=2.97e-6
  derivmatch lr=0.003 iter=1875/2500 loss=2.704e-6
  derivmatch lr=0.003 iter=2000/2500 loss=2.649e-6
  derivmatch lr=0.003 iter=2125/2500 loss=2.459e-6
  derivmatch lr=0.003 iter=2250/2500 loss=2.406e-6
  derivmatch lr=0.003 iter=2375/2500 loss=2.785e-6
  derivmatch lr=0.003 iter=2500/2500 loss=2.346e-6
  derivmatch lr=0.003 iter=2500/2500 loss=2.346e-6
  derivmatch lr=0.001 iter=125/2500 loss=2.337e-6
  derivmatch lr=0.001 iter=250/2500 loss=2.331e-6
  derivmatch lr=0.001 iter=375/2500 loss=2.323e-6
  derivmatch lr=0.001 iter=500/2500 loss=2.315e-6
  derivmatch lr=0.001 iter=625/2500 loss=2.305e-6
  derivmatch lr=0.001 iter=750/2500 loss=2.294e-6
  derivmatch lr=0.001 iter=875/2500 loss=2.282e-6
  derivmatch lr=0.001 iter=1000/2500 loss=2.269e-6
  derivmatch lr=0.001 iter=1125/2500 loss=2.255e-6
  derivmatch lr=0.001 iter=1250/2500 loss=2.24e-6
  derivmatch lr=0.001 iter=1375/2500 loss=2.224e-6
  derivmatch lr=0.001 iter=1500/2500 loss=2.206e-6
  derivmatch lr=0.001 iter=1625/2500 loss=2.186e-6
  derivmatch lr=0.001 iter=1750/2500 loss=2.166e-6
  derivmatch lr=0.001 iter=1875/2500 loss=2.387e-6
  derivmatch lr=0.001 iter=2000/2500 loss=2.151e-6
  derivmatch lr=0.001 iter=2125/2500 loss=2.108e-6
  derivmatch lr=0.001 iter=2250/2500 loss=2.095e-6
  derivmatch lr=0.001 iter=2375/2500 loss=2.089e-6
  derivmatch lr=0.001 iter=2500/2500 loss=2.056e-6
  derivmatch lr=0.001 iter=2500/2500 loss=2.056e-6
  derivmatch lr=0.0003 iter=80/1600 loss=2.056e-6
  derivmatch lr=0.0003 iter=160/1600 loss=2.053e-6
  derivmatch lr=0.0003 iter=240/1600 loss=2.05e-6
  derivmatch lr=0.0003 iter=320/1600 loss=2.048e-6
  derivmatch lr=0.0003 iter=400/1600 loss=2.045e-6
  derivmatch lr=0.0003 iter=480/1600 loss=2.041e-6
  derivmatch lr=0.0003 iter=560/1600 loss=2.037e-6
  derivmatch lr=0.0003 iter=640/1600 loss=2.033e-6
  derivmatch lr=0.0003 iter=720/1600 loss=2.028e-6
  derivmatch lr=0.0003 iter=800/1600 loss=2.023e-6
  derivmatch lr=0.0003 iter=880/1600 loss=2.018e-6
  derivmatch lr=0.0003 iter=960/1600 loss=2.013e-6
  derivmatch lr=0.0003 iter=1040/1600 loss=2.007e-6
  derivmatch lr=0.0003 iter=1120/1600 loss=2.001e-6
  derivmatch lr=0.0003 iter=1200/1600 loss=1.994e-6
  derivmatch lr=0.0003 iter=1280/1600 loss=1.987e-6
  derivmatch lr=0.0003 iter=1360/1600 loss=1.98e-6
  derivmatch lr=0.0003 iter=1440/1600 loss=1.973e-6
  derivmatch lr=0.0003 iter=1520/1600 loss=1.965e-6
  derivmatch lr=0.0003 iter=1600/1600 loss=1.957e-6
  derivmatch lr=0.0003 iter=1600/1600 loss=1.957e-6
derivative matching [32s]  fitloss=1.96e-6
  [derivative matching]  nrmse=0.0008841  l2=0.006252
  shooting iter=50/1000 loss=0.00129
  shooting iter=100/1000 loss=0.0002955
  shooting iter=150/1000 loss=0.0006333
  shooting iter=200/1000 loss=0.001032
  shooting iter=250/1000 loss=0.0007556
  shooting iter=300/1000 loss=0.0003917
  shooting iter=350/1000 loss=0.0004306
  shooting iter=400/1000 loss=0.0001776
  shooting iter=450/1000 loss=0.0001863
  shooting iter=500/1000 loss=0.000149
  shooting iter=550/1000 loss=0.0009248
  shooting iter=600/1000 loss=0.000162
  shooting iter=650/1000 loss=0.0003613
  shooting iter=700/1000 loss=0.0003682
  shooting iter=750/1000 loss=0.0002203
  shooting iter=800/1000 loss=0.0004841
  shooting iter=850/1000 loss=0.0004211
  shooting iter=900/1000 loss=0.001144
  shooting iter=950/1000 loss=0.0007305
  shooting iter=1000/1000 loss=0.0003044
  shooting iter=1000/1000 loss=3.344e-5
shooting [56s]  loss=3.34e-5
  [final]  nrmse=5.154e-5  l2=0.0003644
  trajectory_parameter_sensitivity_rms = 0.4846
extrapolation window: T=1.0 -> T_test=2.0  n_test=100
  [train]  E_traj=7.0e-9  E_VF=3.143e-7  E_spec=0.01224
  [test ]  E_traj=8.018e24  E_VF=1.18e25  E_spec=0.04676
saved /orcd/home/002/txenakis/projects/BVPsolver/src/../data/runs/run_kZOjtSxR/dahlquist_fit.png
saved /orcd/home/002/txenakis/projects/BVPsolver/src/../data/runs/run_kZOjtSxR/dahlquist_fit_extrapolated.png
saved /orcd/home/002/txenakis/projects/BVPsolver/src/../data/runs/run_kZOjtSxR/dahlquist_spectral_fit_extrapolated.png
saved /orcd/home/002/txenakis/projects/BVPsolver/src/../data/runs/run_kZOjtSxR/dahlquist_vf_fit_extrapolated.png
┌ Warning: Attempting to store StiffNN.var"#25#26"{Float64}.
│ JLD2 only stores functions by name.
│  This may not be useful for anonymous functions.
└ @ JLD2 ~/.julia/packages/JLD2/ADycq/src/data/writing_datatypes.jl:447
saved run → /orcd/home/002/txenakis/projects/BVPsolver/src/../data/runs/run_kZOjtSxR
