rober  model=GELU-scaled width=7 d=3 tlen=50 profile=fast seed=104  solver=Rodas5  N=332
  derivmatch lr=0.01 iter=170/3400 loss=8.911
  derivmatch lr=0.01 iter=340/3400 loss=9.23
  derivmatch lr=0.01 iter=510/3400 loss=6.437
  derivmatch lr=0.01 iter=680/3400 loss=9.724
  derivmatch lr=0.01 iter=850/3400 loss=6.083
  derivmatch lr=0.01 iter=1020/3400 loss=6.055
  derivmatch lr=0.01 iter=1190/3400 loss=6.038
  derivmatch lr=0.01 iter=1360/3400 loss=6.012
  derivmatch lr=0.01 iter=1530/3400 loss=5.96
  derivmatch lr=0.01 iter=1700/3400 loss=5.89
  derivmatch lr=0.01 iter=1870/3400 loss=5.783
  derivmatch lr=0.01 iter=2040/3400 loss=5.61
  derivmatch lr=0.01 iter=2210/3400 loss=8.623
  derivmatch lr=0.01 iter=2380/3400 loss=7.658
  derivmatch lr=0.01 iter=2550/3400 loss=9.654
  derivmatch lr=0.01 iter=2720/3400 loss=7.765
  derivmatch lr=0.01 iter=2890/3400 loss=7.696
  derivmatch lr=0.01 iter=3060/3400 loss=7.694
  derivmatch lr=0.01 iter=3230/3400 loss=7.694
  derivmatch lr=0.01 iter=3400/3400 loss=7.694
  derivmatch lr=0.01 iter=3400/3400 loss=5.58
  derivmatch lr=0.003 iter=125/2500 loss=5.568
  derivmatch lr=0.003 iter=250/2500 loss=5.537
  derivmatch lr=0.003 iter=375/2500 loss=5.485
  derivmatch lr=0.003 iter=500/2500 loss=5.409
  derivmatch lr=0.003 iter=625/2500 loss=5.277
  derivmatch lr=0.003 iter=750/2500 loss=5.133
  derivmatch lr=0.003 iter=875/2500 loss=4.984
  derivmatch lr=0.003 iter=1000/2500 loss=7.083
  derivmatch lr=0.003 iter=1125/2500 loss=6.638
  derivmatch lr=0.003 iter=1250/2500 loss=5.129
  derivmatch lr=0.003 iter=1375/2500 loss=4.971
  derivmatch lr=0.003 iter=1500/2500 loss=4.895
  derivmatch lr=0.003 iter=1625/2500 loss=4.664
  derivmatch lr=0.003 iter=1750/2500 loss=6.804
  derivmatch lr=0.003 iter=1875/2500 loss=6.544
  derivmatch lr=0.003 iter=2000/2500 loss=6.118
  derivmatch lr=0.003 iter=2125/2500 loss=4.663
  derivmatch lr=0.003 iter=2250/2500 loss=4.576
  derivmatch lr=0.003 iter=2375/2500 loss=4.375
  derivmatch lr=0.003 iter=2500/2500 loss=4.315
  derivmatch lr=0.003 iter=2500/2500 loss=4.315
  derivmatch lr=0.001 iter=125/2500 loss=4.31
  derivmatch lr=0.001 iter=250/2500 loss=4.265
  derivmatch lr=0.001 iter=375/2500 loss=4.177
  derivmatch lr=0.001 iter=500/2500 loss=4.156
  derivmatch lr=0.001 iter=625/2500 loss=4.141
  derivmatch lr=0.001 iter=750/2500 loss=4.126
  derivmatch lr=0.001 iter=875/2500 loss=4.11
  derivmatch lr=0.001 iter=1000/2500 loss=4.091
  derivmatch lr=0.001 iter=1125/2500 loss=4.071
  derivmatch lr=0.001 iter=1250/2500 loss=4.048
  derivmatch lr=0.001 iter=1375/2500 loss=4.021
  derivmatch lr=0.001 iter=1500/2500 loss=3.991
  derivmatch lr=0.001 iter=1625/2500 loss=3.957
  derivmatch lr=0.001 iter=1750/2500 loss=3.918
  derivmatch lr=0.001 iter=1875/2500 loss=4.119
  derivmatch lr=0.001 iter=2000/2500 loss=5.503
  derivmatch lr=0.001 iter=2125/2500 loss=4.626
  derivmatch lr=0.001 iter=2250/2500 loss=5.092
  derivmatch lr=0.001 iter=2375/2500 loss=5.367
  derivmatch lr=0.001 iter=2500/2500 loss=4.771
  derivmatch lr=0.001 iter=2500/2500 loss=3.684
  derivmatch lr=0.0003 iter=80/1600 loss=3.719
  derivmatch lr=0.0003 iter=160/1600 loss=3.664
  derivmatch lr=0.0003 iter=240/1600 loss=3.655
  derivmatch lr=0.0003 iter=320/1600 loss=3.646
  derivmatch lr=0.0003 iter=400/1600 loss=3.639
  derivmatch lr=0.0003 iter=480/1600 loss=3.634
  derivmatch lr=0.0003 iter=560/1600 loss=3.63
  derivmatch lr=0.0003 iter=640/1600 loss=3.626
  derivmatch lr=0.0003 iter=720/1600 loss=3.621
  derivmatch lr=0.0003 iter=800/1600 loss=3.617
  derivmatch lr=0.0003 iter=880/1600 loss=3.612
  derivmatch lr=0.0003 iter=960/1600 loss=3.608
  derivmatch lr=0.0003 iter=1040/1600 loss=3.603
  derivmatch lr=0.0003 iter=1120/1600 loss=3.598
  derivmatch lr=0.0003 iter=1200/1600 loss=3.593
  derivmatch lr=0.0003 iter=1280/1600 loss=3.587
  derivmatch lr=0.0003 iter=1360/1600 loss=3.581
  derivmatch lr=0.0003 iter=1440/1600 loss=3.574
  derivmatch lr=0.0003 iter=1520/1600 loss=3.567
  derivmatch lr=0.0003 iter=1600/1600 loss=3.561
  derivmatch lr=0.0003 iter=1600/1600 loss=3.561
derivative matching [25s]  fitloss=3.56
  [derivative matching]  nrmse=5.326  l2=0.1645
  collocation: M=54 residuals=627  detecting sparsity + solving...

Algorithm: LevenbergMarquardt(
    trustregion = LevenbergMarquardtTrustRegion(
        β_uphill = 0.0
    ),
    descent = GeodesicAcceleration(
        descent = DampedNewtonDescent(
            linsolve = KLUFactorization(
                reuse_symbolic = true,
                check_pattern = true
            ),
            initial_damping = 1.0,
            damping_fn = LevenbergMarquardtDampingFunction(
                increase_factor = 2.0,
                decrease_factor = 3.0,
                min_damping = 1.0e-8
            ),
            min_norm_mode = :auto
        ),
        finite_diff_step_geodesic = 0.1,
        α = 0.75
    ),
    autodiff = AutoForwardDiff(),
    vjp_autodiff = AutoFiniteDiff(
        fdtype = Val{:forward}(),
        fdjtype = Val{:forward}(),
        fdhtype = Val{:hcentral}(),
        dir = true
    ),
    jvp_autodiff = AutoForwardDiff(),
    concrete_jac = Val{true}()
)

----    	-------------       	-----------         
Iter    	f(u) 2-norm         	Step 2-norm         
----    	-------------       	-----------         
0       	2.92933895e+03      	NaN                 
1       	2.92933895e+03      	0.00000000e+00      
8       	1.29812580e+03      	0.00000000e+00      
15      	1.03349786e+03      	0.00000000e+00      
22      	1.07019163e+03      	7.45980703e-03      
29      	1.18099069e+03      	0.00000000e+00      
36      	1.24617581e+03      	0.00000000e+00      
43      	1.33062190e+03      	0.00000000e+00      
50      	1.33480803e+03      	0.00000000e+00      
57      	1.41852853e+03      	9.95679599e-03      
64      	1.58408581e+03      	0.00000000e+00      
71      	1.73289442e+03      	0.00000000e+00      
78      	1.70246420e+03      	6.78391063e-03      
85      	1.81869661e+03      	0.00000000e+00      
92      	1.70269432e+03      	6.88485793e-03      
99      	1.76235391e+03      	7.02661080e-03      
106     	2.08776094e+03      	0.00000000e+00      
113     	1.86649387e+03      	9.28323815e-03      
120     	1.91877035e+03      	4.61486456e-03      
127     	2.06715628e+03      	0.00000000e+00      
134     	1.93881703e+03      	0.00000000e+00      
141     	1.99941579e+03      	0.00000000e+00      
148     	1.88400693e+03      	0.00000000e+00      
Final   	1.03349786e+03      
----------------------      
  AMR 1/1: M=54  err=190000.0  obs=0.00174  nrmse=9.29  best=5.33  refined=0
 derivative matching was best (1/1 rounds ran)
collocation [17s]
  [final]  nrmse=5.326  l2=0.1645
extrapolation window: T=1000.0 -> T_test=1.0e12  n_test=100
  [train]  E_traj=73.82  E_VF=0.5533  E_spec=2.607e15
  [test ]  E_traj=1.45e21  E_VF=520000.0  E_spec=1.0
saved /orcd/home/002/txenakis/projects/BVPsolver/src/../data/runs/run_H8Dj4Vlk/rober_fit.png
saved /orcd/home/002/txenakis/projects/BVPsolver/src/../data/runs/run_H8Dj4Vlk/rober_fit_extrapolated.png
saved /orcd/home/002/txenakis/projects/BVPsolver/src/../data/runs/run_H8Dj4Vlk/rober_spectral_fit_extrapolated.png
saved /orcd/home/002/txenakis/projects/BVPsolver/src/../data/runs/run_H8Dj4Vlk/rober_vf_fit_extrapolated.png
┌ Warning: Attempting to store StiffNN.var"#12#13"{Float64, Float64, Float64}.
│ JLD2 only stores functions by name.
│  This may not be useful for anonymous functions.
└ @ JLD2 ~/.julia/packages/JLD2/ADycq/src/data/writing_datatypes.jl:447
saved run → /orcd/home/002/txenakis/projects/BVPsolver/src/../data/runs/run_H8Dj4Vlk
