davis-skodje  model=stiff width=12 d=2 tlen=300 profile=fast seed=136  solver=Rodas5P  N=268
  derivmatch lr=0.01 iter=170/3400 loss=0.06297
  derivmatch lr=0.01 iter=340/3400 loss=0.01728
  derivmatch lr=0.01 iter=510/3400 loss=0.008312
  derivmatch lr=0.01 iter=680/3400 loss=0.004346
  derivmatch lr=0.01 iter=850/3400 loss=0.002366
  derivmatch lr=0.01 iter=1020/3400 loss=0.001379
  derivmatch lr=0.01 iter=1190/3400 loss=0.0008733
  derivmatch lr=0.01 iter=1360/3400 loss=0.0006039
  derivmatch lr=0.01 iter=1530/3400 loss=0.0004541
  derivmatch lr=0.01 iter=1700/3400 loss=0.0003658
  derivmatch lr=0.01 iter=1870/3400 loss=0.0003091
  derivmatch lr=0.01 iter=2040/3400 loss=0.0002689
  derivmatch lr=0.01 iter=2210/3400 loss=0.0002374
  derivmatch lr=0.01 iter=2380/3400 loss=0.0002106
  derivmatch lr=0.01 iter=2550/3400 loss=0.0001868
  derivmatch lr=0.01 iter=2720/3400 loss=0.000165
  derivmatch lr=0.01 iter=2890/3400 loss=0.0001449
  derivmatch lr=0.01 iter=3060/3400 loss=0.0001263
  derivmatch lr=0.01 iter=3230/3400 loss=0.0001088
  derivmatch lr=0.01 iter=3400/3400 loss=9.244e-5
  derivmatch lr=0.01 iter=3400/3400 loss=9.244e-5
  derivmatch lr=0.003 iter=125/2500 loss=6.104e-5
  derivmatch lr=0.003 iter=250/2500 loss=3.782e-5
  derivmatch lr=0.003 iter=375/2500 loss=2.325e-5
  derivmatch lr=0.003 iter=500/2500 loss=1.619e-5
  derivmatch lr=0.003 iter=625/2500 loss=1.018e-5
  derivmatch lr=0.003 iter=750/2500 loss=7.462e-6
  derivmatch lr=0.003 iter=875/2500 loss=5.996e-6
  derivmatch lr=0.003 iter=1000/2500 loss=2.83e-5
  derivmatch lr=0.003 iter=1125/2500 loss=4.611e-6
  derivmatch lr=0.003 iter=1250/2500 loss=4.23e-6
  derivmatch lr=0.003 iter=1375/2500 loss=3.993e-6
  derivmatch lr=0.003 iter=1500/2500 loss=3.735e-6
  derivmatch lr=0.003 iter=1625/2500 loss=1.017e-5
  derivmatch lr=0.003 iter=1750/2500 loss=3.378e-6
  derivmatch lr=0.003 iter=1875/2500 loss=1.157e-5
  derivmatch lr=0.003 iter=2000/2500 loss=3.095e-6
  derivmatch lr=0.003 iter=2125/2500 loss=1.709e-5
  derivmatch lr=0.003 iter=2250/2500 loss=2.863e-6
  derivmatch lr=0.003 iter=2375/2500 loss=2.756e-6
  derivmatch lr=0.003 iter=2500/2500 loss=2.738e-6
  derivmatch lr=0.003 iter=2500/2500 loss=2.682e-6
  derivmatch lr=0.001 iter=125/2500 loss=2.653e-6
  derivmatch lr=0.001 iter=250/2500 loss=2.631e-6
  derivmatch lr=0.001 iter=375/2500 loss=2.605e-6
  derivmatch lr=0.001 iter=500/2500 loss=2.573e-6
  derivmatch lr=0.001 iter=625/2500 loss=2.537e-6
  derivmatch lr=0.001 iter=750/2500 loss=2.498e-6
  derivmatch lr=0.001 iter=875/2500 loss=2.455e-6
  derivmatch lr=0.001 iter=1000/2500 loss=2.408e-6
  derivmatch lr=0.001 iter=1125/2500 loss=2.359e-6
  derivmatch lr=0.001 iter=1250/2500 loss=2.309e-6
  derivmatch lr=0.001 iter=1375/2500 loss=2.257e-6
  derivmatch lr=0.001 iter=1500/2500 loss=2.202e-6
  derivmatch lr=0.001 iter=1625/2500 loss=2.151e-6
  derivmatch lr=0.001 iter=1750/2500 loss=2.098e-6
  derivmatch lr=0.001 iter=1875/2500 loss=2.048e-6
  derivmatch lr=0.001 iter=2000/2500 loss=1.998e-6
  derivmatch lr=0.001 iter=2125/2500 loss=1.952e-6
  derivmatch lr=0.001 iter=2250/2500 loss=1.904e-6
  derivmatch lr=0.001 iter=2375/2500 loss=2.806e-6
  derivmatch lr=0.001 iter=2500/2500 loss=1.815e-6
  derivmatch lr=0.001 iter=2500/2500 loss=1.815e-6
  derivmatch lr=0.0003 iter=80/1600 loss=1.803e-6
  derivmatch lr=0.0003 iter=160/1600 loss=1.794e-6
  derivmatch lr=0.0003 iter=240/1600 loss=1.786e-6
  derivmatch lr=0.0003 iter=320/1600 loss=1.778e-6
  derivmatch lr=0.0003 iter=400/1600 loss=1.768e-6
  derivmatch lr=0.0003 iter=480/1600 loss=1.757e-6
  derivmatch lr=0.0003 iter=560/1600 loss=1.745e-6
  derivmatch lr=0.0003 iter=640/1600 loss=1.732e-6
  derivmatch lr=0.0003 iter=720/1600 loss=1.718e-6
  derivmatch lr=0.0003 iter=800/1600 loss=1.704e-6
  derivmatch lr=0.0003 iter=880/1600 loss=1.688e-6
  derivmatch lr=0.0003 iter=960/1600 loss=1.672e-6
  derivmatch lr=0.0003 iter=1040/1600 loss=1.654e-6
  derivmatch lr=0.0003 iter=1120/1600 loss=1.637e-6
  derivmatch lr=0.0003 iter=1200/1600 loss=1.618e-6
  derivmatch lr=0.0003 iter=1280/1600 loss=1.599e-6
  derivmatch lr=0.0003 iter=1360/1600 loss=1.579e-6
  derivmatch lr=0.0003 iter=1440/1600 loss=1.559e-6
  derivmatch lr=0.0003 iter=1520/1600 loss=1.542e-6
  derivmatch lr=0.0003 iter=1600/1600 loss=1.523e-6
  derivmatch lr=0.0003 iter=1600/1600 loss=1.523e-6
derivative matching [31s]  fitloss=1.52e-6
  [derivative matching]  nrmse=0.006564  l2=0.2952
  collocation: M=300 residuals=2394  detecting sparsity + solving...

Algorithm: LevenbergMarquardt(
    trustregion = LevenbergMarquardtTrustRegion(
        β_uphill = 0.0
    ),
    descent = GeodesicAcceleration(
        descent = DampedNewtonDescent(
            linsolve = KLUFactorization(
                reuse_symbolic = true,
                check_pattern = true
            ),
            initial_damping = 1.0,
            damping_fn = LevenbergMarquardtDampingFunction(
                increase_factor = 2.0,
                decrease_factor = 3.0,
                min_damping = 1.0e-8
            ),
            min_norm_mode = :auto
        ),
        finite_diff_step_geodesic = 0.1,
        α = 0.75
    ),
    autodiff = AutoForwardDiff(),
    vjp_autodiff = AutoFiniteDiff(
        fdtype = Val{:forward}(),
        fdjtype = Val{:forward}(),
        fdhtype = Val{:hcentral}(),
        dir = true
    ),
    jvp_autodiff = AutoForwardDiff(),
    concrete_jac = Val{true}()
)

----    	-------------       	-----------         
Iter    	f(u) 2-norm         	Step 2-norm         
----    	-------------       	-----------         
0       	2.52492314e+01      	NaN                 
1       	1.18016413e+01      	2.25126628e-02      
8       	5.26509357e-03      	1.54772326e-03      
15      	9.06298146e-04      	2.53680928e-03      
22      	3.72454459e-03      	8.75621963e-02      
29      	2.85486032e-01      	1.08182003e+00      
36      	2.65260671e-02      	3.29110314e-01      
43      	2.03502557e-02      	0.00000000e+00      
50      	4.23755911e-01      	1.82489234e+00      
57      	6.14356037e-04      	1.17361396e-01      
64      	1.90127291e-03      	2.29596688e-01      
71      	5.69384997e-02      	4.12219517e-01      
78      	5.94838760e-04      	0.00000000e+00      
85      	4.28258458e-03      	0.00000000e+00      
92      	2.67247004e-02      	4.27795184e-01      
99      	1.50414596e-01      	6.31074618e-01      
106     	4.17496806e-02      	0.00000000e+00      
113     	5.79818035e-02      	0.00000000e+00      
120     	4.31931851e-01      	0.00000000e+00      
127     	5.91700507e-02      	3.48410751e-01      
134     	1.59059761e-02      	4.01235919e-01      
141     	8.42579162e-03      	0.00000000e+00      
148     	1.82543997e-01      	0.00000000e+00      
Final   	8.34558653e-06      
----------------------      
  AMR 1/3: M=300  err=1.82e-12  obs=1.18e-7  nrmse=0.0409  best=0.00656  refined=11
  collocation: M=311 residuals=2460  detecting sparsity + solving...

Algorithm: LevenbergMarquardt(
    trustregion = LevenbergMarquardtTrustRegion(
        β_uphill = 0.0
    ),
    descent = GeodesicAcceleration(
        descent = DampedNewtonDescent(
            linsolve = KLUFactorization(
                reuse_symbolic = true,
                check_pattern = true
            ),
            initial_damping = 1.0,
            damping_fn = LevenbergMarquardtDampingFunction(
                increase_factor = 2.0,
                decrease_factor = 3.0,
                min_damping = 1.0e-8
            ),
            min_norm_mode = :auto
        ),
        finite_diff_step_geodesic = 0.1,
        α = 0.75
    ),
    autodiff = AutoForwardDiff(),
    vjp_autodiff = AutoFiniteDiff(
        fdtype = Val{:forward}(),
        fdjtype = Val{:forward}(),
        fdhtype = Val{:hcentral}(),
        dir = true
    ),
    jvp_autodiff = AutoForwardDiff(),
    concrete_jac = Val{true}()
)

----    	-------------       	-----------         
Iter    	f(u) 2-norm         	Step 2-norm         
----    	-------------       	-----------         
0       	2.54924733e+01      	NaN                 
1       	1.17727420e+01      	2.22087309e-02      
8       	3.32048294e-03      	1.21183193e-03      
15      	8.65756846e-04      	7.40560859e-04      
22      	6.66988730e-06      	1.45155515e-02      
29      	2.30087257e-02      	5.47194380e-01      
36      	3.64540513e-03      	1.23254323e-01      
43      	3.99812770e-02      	8.11800125e-01      
50      	6.08517967e-01      	1.25352778e+00      
57      	5.95037568e-04      	0.00000000e+00      
64      	9.19098029e-02      	0.00000000e+00      
71      	2.17640331e-01      	0.00000000e+00      
78      	1.80227515e-02      	3.93959515e-01      
85      	1.33435522e-02      	0.00000000e+00      
92      	4.98266822e-05      	6.49310912e-02      
99      	1.03212896e-02      	0.00000000e+00      
106     	2.09674819e-02      	0.00000000e+00      
113     	8.02760926e-02      	0.00000000e+00      
120     	1.18689768e-02      	4.52449972e-01      
127     	5.34765682e-05      	0.00000000e+00      
134     	2.61035237e-02      	3.00018109e-01      
141     	1.08421244e-02      	0.00000000e+00      
148     	3.31186476e-03      	0.00000000e+00      
Final   	6.61271014e-06      
----------------------      
  AMR 2/3: M=311  err=7.68e-13  obs=2.04e-7  nrmse=0.0406  best=0.00656  refined=10
  collocation: M=321 residuals=2520  detecting sparsity + solving...

Algorithm: LevenbergMarquardt(
    trustregion = LevenbergMarquardtTrustRegion(
        β_uphill = 0.0
    ),
    descent = GeodesicAcceleration(
        descent = DampedNewtonDescent(
            linsolve = KLUFactorization(
                reuse_symbolic = true,
                check_pattern = true
            ),
            initial_damping = 1.0,
            damping_fn = LevenbergMarquardtDampingFunction(
                increase_factor = 2.0,
                decrease_factor = 3.0,
                min_damping = 1.0e-8
            ),
            min_norm_mode = :auto
        ),
        finite_diff_step_geodesic = 0.1,
        α = 0.75
    ),
    autodiff = AutoForwardDiff(),
    vjp_autodiff = AutoFiniteDiff(
        fdtype = Val{:forward}(),
        fdjtype = Val{:forward}(),
        fdhtype = Val{:hcentral}(),
        dir = true
    ),
    jvp_autodiff = AutoForwardDiff(),
    concrete_jac = Val{true}()
)

----    	-------------       	-----------         
Iter    	f(u) 2-norm         	Step 2-norm         
----    	-------------       	-----------         
0       	2.54675571e+01      	5.77531910e-317     
1       	1.17622844e+01      	2.11062264e-02      
8       	3.32260246e-03      	1.19210971e-03      
15      	8.66869043e-04      	7.28559897e-04      
22      	6.44263488e-06      	5.18381688e-03      
29      	4.30792565e-03      	6.19905744e-01      
36      	3.49339521e-02      	0.00000000e+00      
43      	2.37927206e-02      	5.24173087e-01      
50      	4.83490746e-04      	0.00000000e+00      
57      	2.41308157e-03      	0.00000000e+00      
64      	5.39314597e-05      	5.28506762e-02      
71      	1.54979789e-01      	0.00000000e+00      
78      	2.03663025e-03      	0.00000000e+00      
85      	2.39970160e-02      	0.00000000e+00      
92      	1.54612877e-01      	0.00000000e+00      
99      	1.09998769e-03      	1.96210314e-01      
106     	7.65559479e-02      	0.00000000e+00      
113     	1.24325341e-01      	0.00000000e+00      
120     	1.96876877e-03      	2.22772189e-01      
127     	3.05106445e-02      	2.63213561e-01      
134     	1.92908035e-02      	0.00000000e+00      
141     	2.78018193e-02      	0.00000000e+00      
148     	2.58504891e-02      	3.11643421e-01      
Final   	6.38742224e-06      
----------------------      
  AMR 3/3: M=321  err=8.34e-13  obs=2.02e-7  nrmse=0.00893  best=0.00656  refined=0
 derivative matching was best (3/3 rounds ran)
collocation [132s]
  [final]  nrmse=0.006564  l2=0.2952
extrapolation window: T=15.0 -> T_test=30.0  n_test=600
  [train]  E_traj=0.000116  E_VF=4.871e-7  E_spec=0.3766
  [test ]  E_traj=3.725e12  E_VF=67390.0  E_spec=0.4099
saved /orcd/home/002/txenakis/projects/BVPsolver/src/../data/runs/run_cZJOp6Xe/davis-skodje_fit.png
saved /orcd/home/002/txenakis/projects/BVPsolver/src/../data/runs/run_cZJOp6Xe/davis-skodje_fit_extrapolated.png
saved /orcd/home/002/txenakis/projects/BVPsolver/src/../data/runs/run_cZJOp6Xe/davis-skodje_spectral_fit_extrapolated.png
saved /orcd/home/002/txenakis/projects/BVPsolver/src/../data/runs/run_cZJOp6Xe/davis-skodje_vf_fit_extrapolated.png
┌ Warning: Attempting to store StiffNN.var"#22#23"{Float64}.
│ JLD2 only stores functions by name.
│  This may not be useful for anonymous functions.
└ @ JLD2 ~/.julia/packages/JLD2/ADycq/src/data/writing_datatypes.jl:447
saved run → /orcd/home/002/txenakis/projects/BVPsolver/src/../data/runs/run_cZJOp6Xe
