davis-skodje  model=GELU-scaled width=7 d=2 tlen=300 profile=fast seed=101  solver=Rodas5P  N=317
  derivmatch lr=0.01 iter=170/3400 loss=0.8574
  derivmatch lr=0.01 iter=340/3400 loss=0.08221
  derivmatch lr=0.01 iter=510/3400 loss=0.04207
  derivmatch lr=0.01 iter=680/3400 loss=0.04563
  derivmatch lr=0.01 iter=850/3400 loss=0.02961
  derivmatch lr=0.01 iter=1020/3400 loss=0.0376
  derivmatch lr=0.01 iter=1190/3400 loss=0.01799
  derivmatch lr=0.01 iter=1360/3400 loss=0.01908
  derivmatch lr=0.01 iter=1530/3400 loss=0.02901
  derivmatch lr=0.01 iter=1700/3400 loss=0.01103
  derivmatch lr=0.01 iter=1870/3400 loss=0.01435
  derivmatch lr=0.01 iter=2040/3400 loss=0.02326
  derivmatch lr=0.01 iter=2210/3400 loss=0.006746
  derivmatch lr=0.01 iter=2380/3400 loss=0.01126
  derivmatch lr=0.01 iter=2550/3400 loss=0.002893
  derivmatch lr=0.01 iter=2720/3400 loss=0.006635
  derivmatch lr=0.01 iter=2890/3400 loss=0.006956
  derivmatch lr=0.01 iter=3060/3400 loss=0.007044
  derivmatch lr=0.01 iter=3230/3400 loss=0.007041
  derivmatch lr=0.01 iter=3400/3400 loss=0.006986
  derivmatch lr=0.01 iter=3400/3400 loss=0.001993
  derivmatch lr=0.003 iter=125/2500 loss=0.00136
  derivmatch lr=0.003 iter=250/2500 loss=0.0007652
  derivmatch lr=0.003 iter=375/2500 loss=0.0009104
  derivmatch lr=0.003 iter=500/2500 loss=0.00383
  derivmatch lr=0.003 iter=625/2500 loss=0.002216
  derivmatch lr=0.003 iter=750/2500 loss=0.001306
  derivmatch lr=0.003 iter=875/2500 loss=0.001494
  derivmatch lr=0.003 iter=1000/2500 loss=0.001481
  derivmatch lr=0.003 iter=1125/2500 loss=0.001375
  derivmatch lr=0.003 iter=1250/2500 loss=0.001433
  derivmatch lr=0.003 iter=1375/2500 loss=0.001328
  derivmatch lr=0.003 iter=1500/2500 loss=0.001383
  derivmatch lr=0.003 iter=1625/2500 loss=0.001284
  derivmatch lr=0.003 iter=1750/2500 loss=0.001337
  derivmatch lr=0.003 iter=1875/2500 loss=0.001242
  derivmatch lr=0.003 iter=2000/2500 loss=0.001294
  derivmatch lr=0.003 iter=2125/2500 loss=0.001204
  derivmatch lr=0.003 iter=2250/2500 loss=0.001255
  derivmatch lr=0.003 iter=2375/2500 loss=0.00117
  derivmatch lr=0.003 iter=2500/2500 loss=0.00122
  derivmatch lr=0.003 iter=2500/2500 loss=0.0005315
  derivmatch lr=0.001 iter=125/2500 loss=0.0005192
  derivmatch lr=0.001 iter=250/2500 loss=0.00047
  derivmatch lr=0.001 iter=375/2500 loss=0.0004366
  derivmatch lr=0.001 iter=500/2500 loss=0.0004074
  derivmatch lr=0.001 iter=625/2500 loss=0.0003797
  derivmatch lr=0.001 iter=750/2500 loss=0.0003532
  derivmatch lr=0.001 iter=875/2500 loss=0.0003277
  derivmatch lr=0.001 iter=1000/2500 loss=0.000303
  derivmatch lr=0.001 iter=1125/2500 loss=0.001535
  derivmatch lr=0.001 iter=1250/2500 loss=0.0002609
  derivmatch lr=0.001 iter=1375/2500 loss=0.0002461
  derivmatch lr=0.001 iter=1500/2500 loss=0.0002707
  derivmatch lr=0.001 iter=1625/2500 loss=0.0008141
  derivmatch lr=0.001 iter=1750/2500 loss=0.0002261
  derivmatch lr=0.001 iter=1875/2500 loss=0.0005324
  derivmatch lr=0.001 iter=2000/2500 loss=0.0001877
  derivmatch lr=0.001 iter=2125/2500 loss=0.0001552
  derivmatch lr=0.001 iter=2250/2500 loss=0.0005361
  derivmatch lr=0.001 iter=2375/2500 loss=0.0001746
  derivmatch lr=0.001 iter=2500/2500 loss=0.0001248
  derivmatch lr=0.001 iter=2500/2500 loss=0.0001248
  derivmatch lr=0.0003 iter=80/1600 loss=0.0001241
  derivmatch lr=0.0003 iter=160/1600 loss=0.0001207
  derivmatch lr=0.0003 iter=240/1600 loss=0.000119
  derivmatch lr=0.0003 iter=320/1600 loss=0.0001171
  derivmatch lr=0.0003 iter=400/1600 loss=0.0001149
  derivmatch lr=0.0003 iter=480/1600 loss=0.0001126
  derivmatch lr=0.0003 iter=560/1600 loss=0.0001101
  derivmatch lr=0.0003 iter=640/1600 loss=0.0001075
  derivmatch lr=0.0003 iter=720/1600 loss=0.0001047
  derivmatch lr=0.0003 iter=800/1600 loss=0.0001019
  derivmatch lr=0.0003 iter=880/1600 loss=9.905e-5
  derivmatch lr=0.0003 iter=960/1600 loss=9.611e-5
  derivmatch lr=0.0003 iter=1040/1600 loss=9.313e-5
  derivmatch lr=0.0003 iter=1120/1600 loss=9.012e-5
  derivmatch lr=0.0003 iter=1200/1600 loss=8.711e-5
  derivmatch lr=0.0003 iter=1280/1600 loss=8.41e-5
  derivmatch lr=0.0003 iter=1360/1600 loss=8.11e-5
  derivmatch lr=0.0003 iter=1440/1600 loss=7.813e-5
  derivmatch lr=0.0003 iter=1520/1600 loss=7.52e-5
  derivmatch lr=0.0003 iter=1600/1600 loss=7.231e-5
  derivmatch lr=0.0003 iter=1600/1600 loss=7.231e-5
derivative matching [35s]  fitloss=7.23e-5
  [derivative matching]  nrmse=0.0006268  l2=0.0178
  collocation: M=300 residuals=2394  detecting sparsity + solving...

Algorithm: LevenbergMarquardt(
    trustregion = LevenbergMarquardtTrustRegion(
        β_uphill = 0.0
    ),
    descent = GeodesicAcceleration(
        descent = DampedNewtonDescent(
            linsolve = KLUFactorization(
                reuse_symbolic = true,
                check_pattern = true
            ),
            initial_damping = 1.0,
            damping_fn = LevenbergMarquardtDampingFunction(
                increase_factor = 2.0,
                decrease_factor = 3.0,
                min_damping = 1.0e-8
            ),
            min_norm_mode = :auto
        ),
        finite_diff_step_geodesic = 0.1,
        α = 0.75
    ),
    autodiff = AutoForwardDiff(),
    vjp_autodiff = AutoFiniteDiff(
        fdtype = Val{:forward}(),
        fdjtype = Val{:forward}(),
        fdhtype = Val{:hcentral}(),
        dir = true
    ),
    jvp_autodiff = AutoForwardDiff(),
    concrete_jac = Val{true}()
)

----    	-------------       	-----------         
Iter    	f(u) 2-norm         	Step 2-norm         
----    	-------------       	-----------         
0       	2.70931233e+01      	7.51568115e-316     
1       	2.70931233e+01      	0.00000000e+00      
8       	2.23164999e+01      	7.76426192e-01      
15      	2.39524941e-01      	7.67417428e-02      
22      	9.30284268e-03      	5.99158357e-02      
29      	2.07821018e-01      	1.02261049e+00      
36      	6.75242423e-01      	0.00000000e+00      
43      	5.02719547e-02      	2.14002762e-01      
50      	5.17489783e-02      	2.93301559e-01      
57      	1.66728325e-02      	1.05887542e-01      
64      	3.01812441e-02      	1.40681618e-01      
71      	4.64166163e-03      	1.55137153e-01      
78      	2.14325452e-01      	2.49066199e+01      
85      	7.10160987e-01      	0.00000000e+00      
92      	4.42486097e-01      	0.00000000e+00      
99      	1.02888214e-01      	7.00413997e-01      
106     	3.86352046e-02      	0.00000000e+00      
113     	7.81834476e-02      	7.38550789e-01      
120     	1.57765404e-01      	0.00000000e+00      
127     	4.39187512e-01      	0.00000000e+00      
134     	3.54425419e-02      	0.00000000e+00      
141     	1.86865643e-01      	7.13468981e-01      
148     	2.23881997e-01      	0.00000000e+00      
Final   	9.46765957e-04      
----------------------      
  AMR 1/3: M=300  err=7.93e-8  obs=7.25e-6  nrmse=0.000756  best=0.000627  refined=4
  collocation: M=304 residuals=2418  detecting sparsity + solving...

Algorithm: LevenbergMarquardt(
    trustregion = LevenbergMarquardtTrustRegion(
        β_uphill = 0.0
    ),
    descent = GeodesicAcceleration(
        descent = DampedNewtonDescent(
            linsolve = KLUFactorization(
                reuse_symbolic = true,
                check_pattern = true
            ),
            initial_damping = 1.0,
            damping_fn = LevenbergMarquardtDampingFunction(
                increase_factor = 2.0,
                decrease_factor = 3.0,
                min_damping = 1.0e-8
            ),
            min_norm_mode = :auto
        ),
        finite_diff_step_geodesic = 0.1,
        α = 0.75
    ),
    autodiff = AutoForwardDiff(),
    vjp_autodiff = AutoFiniteDiff(
        fdtype = Val{:forward}(),
        fdjtype = Val{:forward}(),
        fdhtype = Val{:hcentral}(),
        dir = true
    ),
    jvp_autodiff = AutoForwardDiff(),
    concrete_jac = Val{true}()
)

----    	-------------       	-----------         
Iter    	f(u) 2-norm         	Step 2-norm         
----    	-------------       	-----------         
0       	2.64062281e+01      	3.39047087e-309     
1       	2.64062281e+01      	0.00000000e+00      
8       	4.55045443e+00      	1.14539411e-01      
15      	1.75040177e-02      	2.02455439e-02      
22      	1.14649571e-03      	1.16864832e-01      
29      	6.02136570e-01      	2.43369479e+01      
36      	1.11550019e+00      	0.00000000e+00      
43      	1.01175813e+00      	2.28976099e+00      
50      	2.90740186e-03      	0.00000000e+00      
57      	3.37546922e-01      	2.30371532e+00      
64      	6.12824271e-02      	1.27613677e-01      
71      	3.02831851e-02      	4.00803431e-02      
78      	9.63041263e-01      	0.00000000e+00      
85      	6.31562849e-01      	3.00388067e+00      
92      	1.70336654e+00      	0.00000000e+00      
99      	9.60596502e-01      	0.00000000e+00      
106     	2.73971502e-02      	0.00000000e+00      
113     	2.16226145e-03      	0.00000000e+00      
120     	3.82460182e-04      	0.00000000e+00      
127     	1.91433667e-02      	0.00000000e+00      
134     	1.24336865e-03      	0.00000000e+00      
141     	2.33035380e-02      	0.00000000e+00      
148     	1.48179166e-03      	7.57896276e-03      
Final   	6.80054490e-05      
----------------------      
  AMR 2/3: M=304  err=2.3e-9  obs=5.34e-7  nrmse=1.26e-5  best=1.26e-5  refined=1
  collocation: M=305 residuals=2424  detecting sparsity + solving...

Algorithm: LevenbergMarquardt(
    trustregion = LevenbergMarquardtTrustRegion(
        β_uphill = 0.0
    ),
    descent = GeodesicAcceleration(
        descent = DampedNewtonDescent(
            linsolve = KLUFactorization(
                reuse_symbolic = true,
                check_pattern = true
            ),
            initial_damping = 1.0,
            damping_fn = LevenbergMarquardtDampingFunction(
                increase_factor = 2.0,
                decrease_factor = 3.0,
                min_damping = 1.0e-8
            ),
            min_norm_mode = :auto
        ),
        finite_diff_step_geodesic = 0.1,
        α = 0.75
    ),
    autodiff = AutoForwardDiff(),
    vjp_autodiff = AutoFiniteDiff(
        fdtype = Val{:forward}(),
        fdjtype = Val{:forward}(),
        fdhtype = Val{:hcentral}(),
        dir = true
    ),
    jvp_autodiff = AutoForwardDiff(),
    concrete_jac = Val{true}()
)

----    	-------------       	-----------         
Iter    	f(u) 2-norm         	Step 2-norm         
----    	-------------       	-----------         
0       	2.50429707e+01      	3.40125633e-309     
1       	1.14815624e+01      	1.92928266e-01      
8       	9.80246364e-03      	1.69524349e-02      
15      	8.43101245e-04      	1.56078192e-02      
22      	2.93665518e-05      	1.68026995e-02      
29      	1.12412934e-01      	0.00000000e+00      
36      	3.03509214e-01      	0.00000000e+00      
43      	3.03509214e-01      	0.00000000e+00      
50      	1.13368321e-03      	0.00000000e+00      
57      	3.53486831e-05      	3.42773651e-02      
64      	4.53795233e-03      	0.00000000e+00      
71      	6.14384476e-02      	0.00000000e+00      
78      	3.88074378e-03      	1.02122741e-02      
85      	4.82605257e-02      	0.00000000e+00      
92      	5.28983158e-03      	1.79486066e-02      
99      	8.36337224e-04      	0.00000000e+00      
106     	6.10845986e-03      	0.00000000e+00      
113     	2.78852821e-02      	0.00000000e+00      
120     	3.07324232e-04      	1.39254750e-02      
127     	2.26196796e-02      	0.00000000e+00      
134     	4.50372758e-04      	0.00000000e+00      
141     	2.42787452e-02      	0.00000000e+00      
148     	1.30628706e-03      	0.00000000e+00      
Final   	2.61126151e-05      
----------------------      
  AMR 3/3: M=305  err=2.15e-11  obs=4.86e-7  nrmse=8.64e-6  best=8.64e-6  refined=0
collocation [229s]
  [final]  nrmse=8.639e-6  l2=0.0003146
extrapolation window: T=15.0 -> T_test=30.0  n_test=600
  [train]  E_traj=1.573e-10  E_VF=1.145e-5  E_spec=0.4043
  [test ]  E_traj=235.8  E_VF=18.12  E_spec=0.9206
saved /orcd/home/002/txenakis/projects/BVPsolver/src/../data/runs/run_cfxhv8Ph/davis-skodje_fit.png
saved /orcd/home/002/txenakis/projects/BVPsolver/src/../data/runs/run_cfxhv8Ph/davis-skodje_fit_extrapolated.png
saved /orcd/home/002/txenakis/projects/BVPsolver/src/../data/runs/run_cfxhv8Ph/davis-skodje_spectral_fit_extrapolated.png
saved /orcd/home/002/txenakis/projects/BVPsolver/src/../data/runs/run_cfxhv8Ph/davis-skodje_vf_fit_extrapolated.png
┌ Warning: Attempting to store StiffNN.var"#22#23"{Float64}.
│ JLD2 only stores functions by name.
│  This may not be useful for anonymous functions.
└ @ JLD2 ~/.julia/packages/JLD2/ADycq/src/data/writing_datatypes.jl:447
saved run → /orcd/home/002/txenakis/projects/BVPsolver/src/../data/runs/run_cfxhv8Ph
