rober  model=stiff width=12 d=3 tlen=50 profile=fast seed=205  solver=Rodas5  N=318
  derivmatch lr=0.01 iter=170/3400 loss=0.407
  derivmatch lr=0.01 iter=340/3400 loss=0.1428
  derivmatch lr=0.01 iter=510/3400 loss=0.07185
  derivmatch lr=0.01 iter=680/3400 loss=0.05015
  derivmatch lr=0.01 iter=850/3400 loss=0.04013
  derivmatch lr=0.01 iter=1020/3400 loss=0.03232
  derivmatch lr=0.01 iter=1190/3400 loss=0.02413
  derivmatch lr=0.01 iter=1360/3400 loss=0.01864
  derivmatch lr=0.01 iter=1530/3400 loss=0.01464
  derivmatch lr=0.01 iter=1700/3400 loss=0.01265
  derivmatch lr=0.01 iter=1870/3400 loss=0.009508
  derivmatch lr=0.01 iter=2040/3400 loss=0.007792
  derivmatch lr=0.01 iter=2210/3400 loss=0.00648
  derivmatch lr=0.01 iter=2380/3400 loss=0.005517
  derivmatch lr=0.01 iter=2550/3400 loss=0.004809
  derivmatch lr=0.01 iter=2720/3400 loss=0.004276
  derivmatch lr=0.01 iter=2890/3400 loss=0.003853
  derivmatch lr=0.01 iter=3060/3400 loss=0.003489
  derivmatch lr=0.01 iter=3230/3400 loss=0.003191
  derivmatch lr=0.01 iter=3400/3400 loss=0.002956
  derivmatch lr=0.01 iter=3400/3400 loss=0.002927
  derivmatch lr=0.003 iter=125/2500 loss=0.00201
  derivmatch lr=0.003 iter=250/2500 loss=0.001911
  derivmatch lr=0.003 iter=375/2500 loss=0.001817
  derivmatch lr=0.003 iter=500/2500 loss=0.001718
  derivmatch lr=0.003 iter=625/2500 loss=0.001613
  derivmatch lr=0.003 iter=750/2500 loss=0.001504
  derivmatch lr=0.003 iter=875/2500 loss=0.001387
  derivmatch lr=0.003 iter=1000/2500 loss=0.001264
  derivmatch lr=0.003 iter=1125/2500 loss=0.001148
  derivmatch lr=0.003 iter=1250/2500 loss=0.001388
  derivmatch lr=0.003 iter=1375/2500 loss=0.0009597
  derivmatch lr=0.003 iter=1500/2500 loss=0.0008845
  derivmatch lr=0.003 iter=1625/2500 loss=0.0009081
  derivmatch lr=0.003 iter=1750/2500 loss=0.000752
  derivmatch lr=0.003 iter=1875/2500 loss=0.0006861
  derivmatch lr=0.003 iter=2000/2500 loss=0.0006319
  derivmatch lr=0.003 iter=2125/2500 loss=0.0005833
  derivmatch lr=0.003 iter=2250/2500 loss=0.0005386
  derivmatch lr=0.003 iter=2375/2500 loss=0.0007791
  derivmatch lr=0.003 iter=2500/2500 loss=0.00137
  derivmatch lr=0.003 iter=2500/2500 loss=0.00047
  derivmatch lr=0.001 iter=125/2500 loss=0.0004641
  derivmatch lr=0.001 iter=250/2500 loss=0.0004565
  derivmatch lr=0.001 iter=375/2500 loss=0.000447
  derivmatch lr=0.001 iter=500/2500 loss=0.0004358
  derivmatch lr=0.001 iter=625/2500 loss=0.0004234
  derivmatch lr=0.001 iter=750/2500 loss=0.00041
  derivmatch lr=0.001 iter=875/2500 loss=0.0003959
  derivmatch lr=0.001 iter=1000/2500 loss=0.0003812
  derivmatch lr=0.001 iter=1125/2500 loss=0.0003661
  derivmatch lr=0.001 iter=1250/2500 loss=0.0003507
  derivmatch lr=0.001 iter=1375/2500 loss=0.0003352
  derivmatch lr=0.001 iter=1500/2500 loss=0.0003197
  derivmatch lr=0.001 iter=1625/2500 loss=0.0003042
  derivmatch lr=0.001 iter=1750/2500 loss=0.0002888
  derivmatch lr=0.001 iter=1875/2500 loss=0.0002737
  derivmatch lr=0.001 iter=2000/2500 loss=0.0002824
  derivmatch lr=0.001 iter=2125/2500 loss=0.0002469
  derivmatch lr=0.001 iter=2250/2500 loss=0.0002346
  derivmatch lr=0.001 iter=2375/2500 loss=0.0002226
  derivmatch lr=0.001 iter=2500/2500 loss=0.0002127
  derivmatch lr=0.001 iter=2500/2500 loss=0.0002116
  derivmatch lr=0.0003 iter=80/1600 loss=0.0002107
  derivmatch lr=0.0003 iter=160/1600 loss=0.0002092
  derivmatch lr=0.0003 iter=240/1600 loss=0.0002073
  derivmatch lr=0.0003 iter=320/1600 loss=0.0002052
  derivmatch lr=0.0003 iter=400/1600 loss=0.0002028
  derivmatch lr=0.0003 iter=480/1600 loss=0.0002003
  derivmatch lr=0.0003 iter=560/1600 loss=0.0001975
  derivmatch lr=0.0003 iter=640/1600 loss=0.0001946
  derivmatch lr=0.0003 iter=720/1600 loss=0.0001916
  derivmatch lr=0.0003 iter=800/1600 loss=0.0001885
  derivmatch lr=0.0003 iter=880/1600 loss=0.0001853
  derivmatch lr=0.0003 iter=960/1600 loss=0.0001821
  derivmatch lr=0.0003 iter=1040/1600 loss=0.0001787
  derivmatch lr=0.0003 iter=1120/1600 loss=0.0001753
  derivmatch lr=0.0003 iter=1200/1600 loss=0.0001718
  derivmatch lr=0.0003 iter=1280/1600 loss=0.0001683
  derivmatch lr=0.0003 iter=1360/1600 loss=0.0001648
  derivmatch lr=0.0003 iter=1440/1600 loss=0.0001612
  derivmatch lr=0.0003 iter=1520/1600 loss=0.0001576
  derivmatch lr=0.0003 iter=1600/1600 loss=0.0001541
  derivmatch lr=0.0003 iter=1600/1600 loss=0.0001541
derivative matching [33s]  fitloss=0.000154
  [derivative matching]  nrmse=0.005011  l2=0.02625
  shooting iter=50/1000 loss=0.0006828
  shooting iter=100/1000 loss=0.001507
  shooting iter=150/1000 loss=0.001296
  shooting iter=200/1000 loss=0.001645
  shooting iter=250/1000 loss=0.002683
  shooting iter=300/1000 loss=0.001479
  shooting iter=350/1000 loss=0.001397
  shooting iter=400/1000 loss=0.001579
  shooting iter=450/1000 loss=0.0009212
  shooting iter=500/1000 loss=0.001792
  shooting iter=550/1000 loss=0.001235
  shooting iter=600/1000 loss=0.001912
  shooting iter=650/1000 loss=0.001849
  shooting iter=700/1000 loss=0.001163
  shooting iter=750/1000 loss=0.001081
  shooting iter=800/1000 loss=0.0009792
  shooting iter=850/1000 loss=0.0008949
  shooting iter=900/1000 loss=0.0006126
  shooting iter=950/1000 loss=0.002707
  shooting iter=1000/1000 loss=0.001833
  shooting iter=1000/1000 loss=0.0003953
shooting [502s]  loss=0.000396
  [final]  nrmse=0.0007874  l2=0.004217
extrapolation window: T=1000.0 -> T_test=1.0e12  n_test=100
  [train]  E_traj=3.073e-6  E_VF=0.0005785  E_spec=2.305e27
  [test ]  E_traj=2.802  E_VF=6.057e9  E_spec=1.016e24
saved /orcd/home/002/txenakis/projects/BVPsolver/src/../data/runs/run_vnhftjhP/rober_fit.png
saved /orcd/home/002/txenakis/projects/BVPsolver/src/../data/runs/run_vnhftjhP/rober_fit_extrapolated.png
saved /orcd/home/002/txenakis/projects/BVPsolver/src/../data/runs/run_vnhftjhP/rober_spectral_fit_extrapolated.png
saved /orcd/home/002/txenakis/projects/BVPsolver/src/../data/runs/run_vnhftjhP/rober_vf_fit_extrapolated.png
┌ Warning: Attempting to store StiffNN.var"#12#13"{Float64, Float64, Float64}.
│ JLD2 only stores functions by name.
│  This may not be useful for anonymous functions.
└ @ JLD2 ~/.julia/packages/JLD2/ADycq/src/data/writing_datatypes.jl:447
saved run → /orcd/home/002/txenakis/projects/BVPsolver/src/../data/runs/run_vnhftjhP
