vanderpol  model=stiff width=12 d=2 tlen=151 profile=fast seed=29  solver=Kvaerno5  N=268
  derivmatch lr=0.01 iter=170/3400 loss=3.456
  derivmatch lr=0.01 iter=340/3400 loss=3.377
  derivmatch lr=0.01 iter=510/3400 loss=1.778
  derivmatch lr=0.01 iter=680/3400 loss=3.022
  derivmatch lr=0.01 iter=850/3400 loss=0.7567
  derivmatch lr=0.01 iter=1020/3400 loss=0.3289
  derivmatch lr=0.01 iter=1190/3400 loss=1.339
  derivmatch lr=0.01 iter=1360/3400 loss=0.6028
  derivmatch lr=0.01 iter=1530/3400 loss=1.04
  derivmatch lr=0.01 iter=1700/3400 loss=0.9179
  derivmatch lr=0.01 iter=1870/3400 loss=1.496
  derivmatch lr=0.01 iter=2040/3400 loss=1.442
  derivmatch lr=0.01 iter=2210/3400 loss=0.4879
  derivmatch lr=0.01 iter=2380/3400 loss=0.4815
  derivmatch lr=0.01 iter=2550/3400 loss=0.076
  derivmatch lr=0.01 iter=2720/3400 loss=0.1678
  derivmatch lr=0.01 iter=2890/3400 loss=0.06451
  derivmatch lr=0.01 iter=3060/3400 loss=0.09985
  derivmatch lr=0.01 iter=3230/3400 loss=0.1911
  derivmatch lr=0.01 iter=3400/3400 loss=0.07392
  derivmatch lr=0.01 iter=3400/3400 loss=0.02573
  derivmatch lr=0.003 iter=125/2500 loss=0.02289
  derivmatch lr=0.003 iter=250/2500 loss=0.03724
  derivmatch lr=0.003 iter=375/2500 loss=0.03225
  derivmatch lr=0.003 iter=500/2500 loss=0.02965
  derivmatch lr=0.003 iter=625/2500 loss=0.02792
  derivmatch lr=0.003 iter=750/2500 loss=0.02352
  derivmatch lr=0.003 iter=875/2500 loss=0.02696
  derivmatch lr=0.003 iter=1000/2500 loss=0.0232
  derivmatch lr=0.003 iter=1125/2500 loss=0.01931
  derivmatch lr=0.003 iter=1250/2500 loss=0.01941
  derivmatch lr=0.003 iter=1375/2500 loss=0.02121
  derivmatch lr=0.003 iter=1500/2500 loss=0.01705
  derivmatch lr=0.003 iter=1625/2500 loss=0.0168
  derivmatch lr=0.003 iter=1750/2500 loss=0.01957
  derivmatch lr=0.003 iter=1875/2500 loss=0.01613
  derivmatch lr=0.003 iter=2000/2500 loss=0.02118
  derivmatch lr=0.003 iter=2125/2500 loss=0.01317
  derivmatch lr=0.003 iter=2250/2500 loss=0.01437
  derivmatch lr=0.003 iter=2375/2500 loss=0.01613
  derivmatch lr=0.003 iter=2500/2500 loss=0.01358
  derivmatch lr=0.003 iter=2500/2500 loss=0.01182
  derivmatch lr=0.001 iter=125/2500 loss=0.005489
  derivmatch lr=0.001 iter=250/2500 loss=0.005366
  derivmatch lr=0.001 iter=375/2500 loss=0.005231
  derivmatch lr=0.001 iter=500/2500 loss=0.005083
  derivmatch lr=0.001 iter=625/2500 loss=0.005064
  derivmatch lr=0.001 iter=750/2500 loss=0.009987
  derivmatch lr=0.001 iter=875/2500 loss=0.004669
  derivmatch lr=0.001 iter=1000/2500 loss=0.01436
  derivmatch lr=0.001 iter=1125/2500 loss=0.004751
  derivmatch lr=0.001 iter=1250/2500 loss=0.006678
  derivmatch lr=0.001 iter=1375/2500 loss=0.004472
  derivmatch lr=0.001 iter=1500/2500 loss=0.00433
  derivmatch lr=0.001 iter=1625/2500 loss=0.004049
  derivmatch lr=0.001 iter=1750/2500 loss=0.004174
  derivmatch lr=0.001 iter=1875/2500 loss=0.00625
  derivmatch lr=0.001 iter=2000/2500 loss=0.008255
  derivmatch lr=0.001 iter=2125/2500 loss=0.003351
  derivmatch lr=0.001 iter=2250/2500 loss=0.005923
  derivmatch lr=0.001 iter=2375/2500 loss=0.004115
  derivmatch lr=0.001 iter=2500/2500 loss=0.006415
  derivmatch lr=0.001 iter=2500/2500 loss=0.003041
  derivmatch lr=0.0003 iter=80/1600 loss=0.003031
  derivmatch lr=0.0003 iter=160/1600 loss=0.003004
  derivmatch lr=0.0003 iter=240/1600 loss=0.002984
  derivmatch lr=0.0003 iter=320/1600 loss=0.00296
  derivmatch lr=0.0003 iter=400/1600 loss=0.002934
  derivmatch lr=0.0003 iter=480/1600 loss=0.002905
  derivmatch lr=0.0003 iter=560/1600 loss=0.002875
  derivmatch lr=0.0003 iter=640/1600 loss=0.002842
  derivmatch lr=0.0003 iter=720/1600 loss=0.002808
  derivmatch lr=0.0003 iter=800/1600 loss=0.002772
  derivmatch lr=0.0003 iter=880/1600 loss=0.002735
  derivmatch lr=0.0003 iter=960/1600 loss=0.002726
  derivmatch lr=0.0003 iter=1040/1600 loss=0.002667
  derivmatch lr=0.0003 iter=1120/1600 loss=0.002632
  derivmatch lr=0.0003 iter=1200/1600 loss=0.002597
  derivmatch lr=0.0003 iter=1280/1600 loss=0.002566
  derivmatch lr=0.0003 iter=1360/1600 loss=0.002529
  derivmatch lr=0.0003 iter=1440/1600 loss=0.002494
  derivmatch lr=0.0003 iter=1520/1600 loss=0.002466
  derivmatch lr=0.0003 iter=1600/1600 loss=0.002426
  derivmatch lr=0.0003 iter=1600/1600 loss=0.002426
derivative matching [31s]  fitloss=0.00243
  [derivative matching]  nrmse=0.3639  l2=325.3
  collocation: M=163 residuals=1274  detecting sparsity + solving...

Algorithm: LevenbergMarquardt(
    trustregion = LevenbergMarquardtTrustRegion(
        β_uphill = 0.0
    ),
    descent = GeodesicAcceleration(
        descent = DampedNewtonDescent(
            linsolve = KLUFactorization(
                reuse_symbolic = true,
                check_pattern = true
            ),
            initial_damping = 1.0,
            damping_fn = LevenbergMarquardtDampingFunction(
                increase_factor = 2.0,
                decrease_factor = 3.0,
                min_damping = 1.0e-8
            ),
            min_norm_mode = :auto
        ),
        finite_diff_step_geodesic = 0.1,
        α = 0.75
    ),
    autodiff = AutoForwardDiff(),
    vjp_autodiff = AutoFiniteDiff(
        fdtype = Val{:forward}(),
        fdjtype = Val{:forward}(),
        fdhtype = Val{:hcentral}(),
        dir = true
    ),
    jvp_autodiff = AutoForwardDiff(),
    concrete_jac = Val{true}()
)

----    	-------------       	-----------         
Iter    	f(u) 2-norm         	Step 2-norm         
----    	-------------       	-----------         
0       	2.14159926e+02      	NaN                 
1       	7.63769110e+01      	2.98278279e-01      
8       	3.76445835e-01      	5.86001914e-02      
15      	4.21765058e-02      	1.77530804e-01      
22      	1.64293685e+00      	7.14921934e-01      
29      	5.27879409e+00      	6.17062726e-01      
36      	5.35720786e+00      	6.96856840e-01      
43      	7.96318460e-01      	4.18487666e-01      
50      	2.25946147e-01      	0.00000000e+00      
57      	5.33208613e-02      	0.00000000e+00      
64      	4.77646329e-01      	0.00000000e+00      
71      	5.57792506e-02      	2.20776163e-01      
78      	7.54122105e-02      	0.00000000e+00      
85      	2.24146675e-02      	0.00000000e+00      
92      	1.22334494e-02      	9.87608024e-02      
99      	3.60854416e+00      	1.83288482e-01      
106     	2.41875138e+00      	0.00000000e+00      
113     	6.13744347e-02      	0.00000000e+00      
120     	1.40751125e-01      	7.11241057e-02      
127     	1.66906486e+00      	0.00000000e+00      
134     	2.32752902e-01      	0.00000000e+00      
141     	6.32055104e-01      	8.01105730e-02      
148     	3.29758342e-01      	0.00000000e+00      
Final   	2.46532523e-03      
----------------------      
  AMR 1/1: M=163  err=3.38e-6  obs=4.71e-6  nrmse=0.203  best=0.203  refined=0
collocation [30s]
  [final]  nrmse=0.2032  l2=229.4
extrapolation window: T=200.0 -> T_test=400.0  n_test=302
  [train]  E_traj=0.4905  E_VF=0.002327  E_spec=0.1872
  [test ]  E_traj=9.502  E_VF=0.461  E_spec=0.03738
saved /orcd/home/002/txenakis/projects/BVPsolver/src/../data/runs/run_qCgnGu1P/vanderpol_fit.png
saved /orcd/home/002/txenakis/projects/BVPsolver/src/../data/runs/run_qCgnGu1P/vanderpol_fit_extrapolated.png
saved /orcd/home/002/txenakis/projects/BVPsolver/src/../data/runs/run_qCgnGu1P/vanderpol_spectral_fit_extrapolated.png
saved /orcd/home/002/txenakis/projects/BVPsolver/src/../data/runs/run_qCgnGu1P/vanderpol_vf_fit_extrapolated.png
┌ Warning: Attempting to store StiffNN.var"#14#15"{Float64}.
│ JLD2 only stores functions by name.
│  This may not be useful for anonymous functions.
└ @ JLD2 ~/.julia/packages/JLD2/ADycq/src/data/writing_datatypes.jl:447
saved run → /orcd/home/002/txenakis/projects/BVPsolver/src/../data/runs/run_qCgnGu1P
