davis-skodje  model=GELU-scaled width=7 d=2 tlen=300 profile=fast seed=44  solver=Rodas5P  N=317
  derivmatch lr=0.01 iter=170/3400 loss=1.872
  derivmatch lr=0.01 iter=340/3400 loss=0.374
  derivmatch lr=0.01 iter=510/3400 loss=0.2777
  derivmatch lr=0.01 iter=680/3400 loss=0.9073
  derivmatch lr=0.01 iter=850/3400 loss=0.3614
  derivmatch lr=0.01 iter=1020/3400 loss=0.2789
  derivmatch lr=0.01 iter=1190/3400 loss=0.2392
  derivmatch lr=0.01 iter=1360/3400 loss=0.4392
  derivmatch lr=0.01 iter=1530/3400 loss=0.4376
  derivmatch lr=0.01 iter=1700/3400 loss=0.01017
  derivmatch lr=0.01 iter=1870/3400 loss=0.009207
  derivmatch lr=0.01 iter=2040/3400 loss=0.008416
  derivmatch lr=0.01 iter=2210/3400 loss=0.007716
  derivmatch lr=0.01 iter=2380/3400 loss=0.007117
  derivmatch lr=0.01 iter=2550/3400 loss=0.006527
  derivmatch lr=0.01 iter=2720/3400 loss=0.4356
  derivmatch lr=0.01 iter=2890/3400 loss=0.2166
  derivmatch lr=0.01 iter=3060/3400 loss=1.25
  derivmatch lr=0.01 iter=3230/3400 loss=0.9663
  derivmatch lr=0.01 iter=3400/3400 loss=0.485
  derivmatch lr=0.01 iter=3400/3400 loss=0.005965
  derivmatch lr=0.003 iter=125/2500 loss=0.01915
  derivmatch lr=0.003 iter=250/2500 loss=0.003915
  derivmatch lr=0.003 iter=375/2500 loss=0.003659
  derivmatch lr=0.003 iter=500/2500 loss=0.003484
  derivmatch lr=0.003 iter=625/2500 loss=0.003543
  derivmatch lr=0.003 iter=750/2500 loss=0.003235
  derivmatch lr=0.003 iter=875/2500 loss=0.003379
  derivmatch lr=0.003 iter=1000/2500 loss=0.00303
  derivmatch lr=0.003 iter=1125/2500 loss=0.003275
  derivmatch lr=0.003 iter=1250/2500 loss=0.004963
  derivmatch lr=0.003 iter=1375/2500 loss=0.003001
  derivmatch lr=0.003 iter=1500/2500 loss=0.004063
  derivmatch lr=0.003 iter=1625/2500 loss=0.00327
  derivmatch lr=0.003 iter=1750/2500 loss=0.002718
  derivmatch lr=0.003 iter=1875/2500 loss=0.2775
  derivmatch lr=0.003 iter=2000/2500 loss=0.01421
  derivmatch lr=0.003 iter=2125/2500 loss=0.08178
  derivmatch lr=0.003 iter=2250/2500 loss=0.01438
  derivmatch lr=0.003 iter=2375/2500 loss=0.04434
  derivmatch lr=0.003 iter=2500/2500 loss=0.03552
  derivmatch lr=0.003 iter=2500/2500 loss=0.002471
  derivmatch lr=0.001 iter=125/2500 loss=0.002449
  derivmatch lr=0.001 iter=250/2500 loss=0.002413
  derivmatch lr=0.001 iter=375/2500 loss=0.002391
  derivmatch lr=0.001 iter=500/2500 loss=0.002365
  derivmatch lr=0.001 iter=625/2500 loss=0.002337
  derivmatch lr=0.001 iter=750/2500 loss=0.002308
  derivmatch lr=0.001 iter=875/2500 loss=0.002276
  derivmatch lr=0.001 iter=1000/2500 loss=0.002242
  derivmatch lr=0.001 iter=1125/2500 loss=0.002207
  derivmatch lr=0.001 iter=1250/2500 loss=0.00217
  derivmatch lr=0.001 iter=1375/2500 loss=0.002131
  derivmatch lr=0.001 iter=1500/2500 loss=0.0021
  derivmatch lr=0.001 iter=1625/2500 loss=0.002051
  derivmatch lr=0.001 iter=1750/2500 loss=0.002009
  derivmatch lr=0.001 iter=1875/2500 loss=0.001969
  derivmatch lr=0.001 iter=2000/2500 loss=0.001924
  derivmatch lr=0.001 iter=2125/2500 loss=0.00188
  derivmatch lr=0.001 iter=2250/2500 loss=0.002385
  derivmatch lr=0.001 iter=2375/2500 loss=0.00179
  derivmatch lr=0.001 iter=2500/2500 loss=0.001744
  derivmatch lr=0.001 iter=2500/2500 loss=0.001744
  derivmatch lr=0.0003 iter=80/1600 loss=0.001741
  derivmatch lr=0.0003 iter=160/1600 loss=0.001733
  derivmatch lr=0.0003 iter=240/1600 loss=0.001727
  derivmatch lr=0.0003 iter=320/1600 loss=0.00172
  derivmatch lr=0.0003 iter=400/1600 loss=0.001713
  derivmatch lr=0.0003 iter=480/1600 loss=0.001704
  derivmatch lr=0.0003 iter=560/1600 loss=0.001694
  derivmatch lr=0.0003 iter=640/1600 loss=0.001684
  derivmatch lr=0.0003 iter=720/1600 loss=0.001673
  derivmatch lr=0.0003 iter=800/1600 loss=0.001661
  derivmatch lr=0.0003 iter=880/1600 loss=0.001648
  derivmatch lr=0.0003 iter=960/1600 loss=0.001634
  derivmatch lr=0.0003 iter=1040/1600 loss=0.00162
  derivmatch lr=0.0003 iter=1120/1600 loss=0.001605
  derivmatch lr=0.0003 iter=1200/1600 loss=0.00159
  derivmatch lr=0.0003 iter=1280/1600 loss=0.001573
  derivmatch lr=0.0003 iter=1360/1600 loss=0.001556
  derivmatch lr=0.0003 iter=1440/1600 loss=0.001539
  derivmatch lr=0.0003 iter=1520/1600 loss=0.00152
  derivmatch lr=0.0003 iter=1600/1600 loss=0.001501
  derivmatch lr=0.0003 iter=1600/1600 loss=0.001501
derivative matching [29s]  fitloss=0.0015
  rollout FAILED: Unstable at t=4.341490076165432 of 15.0
  [derivative matching]  nrmse=Inf  l2=Inf
  shooting iter=50/1000 loss=0.1024
  shooting iter=100/1000 loss=0.1028
  shooting iter=150/1000 loss=0.1028
  shooting iter=200/1000 loss=0.1028
  shooting iter=250/1000 loss=0.1028
  shooting iter=300/1000 loss=0.1028
  shooting iter=350/1000 loss=0.1028
  shooting iter=400/1000 loss=0.1028
  shooting iter=450/1000 loss=0.1028
  shooting iter=500/1000 loss=0.1028
  shooting iter=550/1000 loss=0.1028
  shooting iter=600/1000 loss=0.1028
  shooting iter=650/1000 loss=0.1028
  shooting iter=700/1000 loss=0.1028
  shooting iter=750/1000 loss=0.1028
  shooting iter=800/1000 loss=0.1028
  shooting iter=850/1000 loss=0.1028
  shooting iter=900/1000 loss=0.1028
  shooting iter=950/1000 loss=0.1028
  shooting iter=1000/1000 loss=0.1028
  shooting iter=1000/1000 loss=0.04206
shooting [702s]  loss=0.0421
  [final]  nrmse=0.08182  l2=2.503
extrapolation window: T=15.0 -> T_test=30.0  n_test=600
  [train]  E_traj=0.03007  E_VF=0.1503  E_spec=0.5212
  [test ]  E_traj=NaN  E_VF=NaN  E_spec=NaN
saved /orcd/home/002/txenakis/projects/BVPsolver/src/../data/runs/run_7JQi3pIO/davis-skodje_fit.png
saved /orcd/home/002/txenakis/projects/BVPsolver/src/../data/runs/run_7JQi3pIO/davis-skodje_fit_extrapolated.png
saved /orcd/home/002/txenakis/projects/BVPsolver/src/../data/runs/run_7JQi3pIO/davis-skodje_spectral_fit_extrapolated.png
saved /orcd/home/002/txenakis/projects/BVPsolver/src/../data/runs/run_7JQi3pIO/davis-skodje_vf_fit_extrapolated.png
┌ Warning: Attempting to store StiffNN.var"#22#23"{Float64}.
│ JLD2 only stores functions by name.
│  This may not be useful for anonymous functions.
└ @ JLD2 ~/.julia/packages/JLD2/ADycq/src/data/writing_datatypes.jl:447
saved run → /orcd/home/002/txenakis/projects/BVPsolver/src/../data/runs/run_7JQi3pIO
