rober  model=GELU-scaled width=7 d=3 tlen=50 profile=fast seed=113  solver=Rodas5  N=332
  derivmatch lr=0.01 iter=170/3400 loss=8.68
  derivmatch lr=0.01 iter=340/3400 loss=8.842
  derivmatch lr=0.01 iter=510/3400 loss=6.721
  derivmatch lr=0.01 iter=680/3400 loss=8.694
  derivmatch lr=0.01 iter=850/3400 loss=7.873
  derivmatch lr=0.01 iter=1020/3400 loss=5.941
  derivmatch lr=0.01 iter=1190/3400 loss=8.089
  derivmatch lr=0.01 iter=1360/3400 loss=9.76
  derivmatch lr=0.01 iter=1530/3400 loss=8.665
  derivmatch lr=0.01 iter=1700/3400 loss=8.29
  derivmatch lr=0.01 iter=1870/3400 loss=7.786
  derivmatch lr=0.01 iter=2040/3400 loss=6.238
  derivmatch lr=0.01 iter=2210/3400 loss=5.628
  derivmatch lr=0.01 iter=2380/3400 loss=5.232
  derivmatch lr=0.01 iter=2550/3400 loss=7.98
  derivmatch lr=0.01 iter=2720/3400 loss=7.793
  derivmatch lr=0.01 iter=2890/3400 loss=5.355
  derivmatch lr=0.01 iter=3060/3400 loss=4.994
  derivmatch lr=0.01 iter=3230/3400 loss=7.396
  derivmatch lr=0.01 iter=3400/3400 loss=4.945
  derivmatch lr=0.01 iter=3400/3400 loss=4.833
  derivmatch lr=0.003 iter=125/2500 loss=4.784
  derivmatch lr=0.003 iter=250/2500 loss=4.701
  derivmatch lr=0.003 iter=375/2500 loss=4.592
  derivmatch lr=0.003 iter=500/2500 loss=4.609
  derivmatch lr=0.003 iter=625/2500 loss=6.189
  derivmatch lr=0.003 iter=750/2500 loss=6.841
  derivmatch lr=0.003 iter=875/2500 loss=5.03
  derivmatch lr=0.003 iter=1000/2500 loss=4.291
  derivmatch lr=0.003 iter=1125/2500 loss=4.179
  derivmatch lr=0.003 iter=1250/2500 loss=4.323
  derivmatch lr=0.003 iter=1375/2500 loss=4.127
  derivmatch lr=0.003 iter=1500/2500 loss=8.332
  derivmatch lr=0.003 iter=1625/2500 loss=6.797
  derivmatch lr=0.003 iter=1750/2500 loss=6.049
  derivmatch lr=0.003 iter=1875/2500 loss=4.629
  derivmatch lr=0.003 iter=2000/2500 loss=6.837
  derivmatch lr=0.003 iter=2125/2500 loss=6.098
  derivmatch lr=0.003 iter=2250/2500 loss=4.218
  derivmatch lr=0.003 iter=2375/2500 loss=8.63
  derivmatch lr=0.003 iter=2500/2500 loss=8.227
  derivmatch lr=0.003 iter=2500/2500 loss=4.038
  derivmatch lr=0.001 iter=125/2500 loss=4.623
  derivmatch lr=0.001 iter=250/2500 loss=4.017
  derivmatch lr=0.001 iter=375/2500 loss=3.996
  derivmatch lr=0.001 iter=500/2500 loss=3.976
  derivmatch lr=0.001 iter=625/2500 loss=3.956
  derivmatch lr=0.001 iter=750/2500 loss=3.935
  derivmatch lr=0.001 iter=875/2500 loss=3.913
  derivmatch lr=0.001 iter=1000/2500 loss=3.892
  derivmatch lr=0.001 iter=1125/2500 loss=3.869
  derivmatch lr=0.001 iter=1250/2500 loss=3.845
  derivmatch lr=0.001 iter=1375/2500 loss=3.818
  derivmatch lr=0.001 iter=1500/2500 loss=3.788
  derivmatch lr=0.001 iter=1625/2500 loss=5.211
  derivmatch lr=0.001 iter=1750/2500 loss=5.244
  derivmatch lr=0.001 iter=1875/2500 loss=5.598
  derivmatch lr=0.001 iter=2000/2500 loss=4.479
  derivmatch lr=0.001 iter=2125/2500 loss=5.525
  derivmatch lr=0.001 iter=2250/2500 loss=4.095
  derivmatch lr=0.001 iter=2375/2500 loss=3.816
  derivmatch lr=0.001 iter=2500/2500 loss=3.762
  derivmatch lr=0.001 iter=2500/2500 loss=3.76
  derivmatch lr=0.0003 iter=80/1600 loss=3.76
  derivmatch lr=0.0003 iter=160/1600 loss=3.754
  derivmatch lr=0.0003 iter=240/1600 loss=3.75
  derivmatch lr=0.0003 iter=320/1600 loss=3.747
  derivmatch lr=0.0003 iter=400/1600 loss=3.743
  derivmatch lr=0.0003 iter=480/1600 loss=3.738
  derivmatch lr=0.0003 iter=560/1600 loss=3.733
  derivmatch lr=0.0003 iter=640/1600 loss=3.728
  derivmatch lr=0.0003 iter=720/1600 loss=3.723
  derivmatch lr=0.0003 iter=800/1600 loss=3.717
  derivmatch lr=0.0003 iter=880/1600 loss=3.711
  derivmatch lr=0.0003 iter=960/1600 loss=3.705
  derivmatch lr=0.0003 iter=1040/1600 loss=3.698
  derivmatch lr=0.0003 iter=1120/1600 loss=3.691
  derivmatch lr=0.0003 iter=1200/1600 loss=3.684
  derivmatch lr=0.0003 iter=1280/1600 loss=3.676
  derivmatch lr=0.0003 iter=1360/1600 loss=3.669
  derivmatch lr=0.0003 iter=1440/1600 loss=3.661
  derivmatch lr=0.0003 iter=1520/1600 loss=3.653
  derivmatch lr=0.0003 iter=1600/1600 loss=3.645
  derivmatch lr=0.0003 iter=1600/1600 loss=3.645
derivative matching [31s]  fitloss=3.64
  [derivative matching]  nrmse=7.449  l2=0.06671
  shooting iter=50/1000 loss=0.2858
  shooting iter=100/1000 loss=0.2313
  shooting iter=150/1000 loss=0.2132
  shooting iter=200/1000 loss=0.1984
  shooting iter=250/1000 loss=0.1843
  shooting iter=300/1000 loss=0.184
  shooting iter=350/1000 loss=0.1762
  shooting iter=400/1000 loss=0.1768
  shooting iter=450/1000 loss=0.1715
  shooting iter=500/1000 loss=0.1716
  shooting iter=550/1000 loss=0.1668
  shooting iter=600/1000 loss=0.1713
  shooting iter=650/1000 loss=0.182
  shooting iter=700/1000 loss=0.1651
  shooting iter=750/1000 loss=0.1654
  shooting iter=800/1000 loss=0.1746
  shooting iter=850/1000 loss=0.1649
  shooting iter=900/1000 loss=0.1684
  shooting iter=950/1000 loss=0.1629
  shooting iter=1000/1000 loss=0.1614
  shooting iter=1000/1000 loss=0.1584
shooting [481s]  loss=0.158
  [final]  nrmse=0.3173  l2=0.8595
extrapolation window: T=1000.0 -> T_test=1.0e12  n_test=100
  [train]  E_traj=0.2918  E_VF=1.68  E_spec=4.848e17
  [test ]  E_traj=2.525e25  E_VF=8784.0  E_spec=1.0
saved /orcd/home/002/txenakis/projects/BVPsolver/src/../data/runs/run_MFfs1bqI/rober_fit.png
saved /orcd/home/002/txenakis/projects/BVPsolver/src/../data/runs/run_MFfs1bqI/rober_fit_extrapolated.png
saved /orcd/home/002/txenakis/projects/BVPsolver/src/../data/runs/run_MFfs1bqI/rober_spectral_fit_extrapolated.png
saved /orcd/home/002/txenakis/projects/BVPsolver/src/../data/runs/run_MFfs1bqI/rober_vf_fit_extrapolated.png
┌ Warning: Attempting to store StiffNN.var"#12#13"{Float64, Float64, Float64}.
│ JLD2 only stores functions by name.
│  This may not be useful for anonymous functions.
└ @ JLD2 ~/.julia/packages/JLD2/ADycq/src/data/writing_datatypes.jl:447
saved run → /orcd/home/002/txenakis/projects/BVPsolver/src/../data/runs/run_MFfs1bqI
