rober  model=GELU-scaled width=7 d=3 tlen=50 profile=fast seed=32  solver=Rodas5  N=332
  derivmatch lr=0.01 iter=170/3400 loss=13.39
  derivmatch lr=0.01 iter=340/3400 loss=12.53
  derivmatch lr=0.01 iter=510/3400 loss=12.06
  derivmatch lr=0.01 iter=680/3400 loss=11.52
  derivmatch lr=0.01 iter=850/3400 loss=11.26
  derivmatch lr=0.01 iter=1020/3400 loss=11.06
  derivmatch lr=0.01 iter=1190/3400 loss=10.9
  derivmatch lr=0.01 iter=1360/3400 loss=10.77
  derivmatch lr=0.01 iter=1530/3400 loss=10.66
  derivmatch lr=0.01 iter=1700/3400 loss=10.56
  derivmatch lr=0.01 iter=1870/3400 loss=10.47
  derivmatch lr=0.01 iter=2040/3400 loss=10.39
  derivmatch lr=0.01 iter=2210/3400 loss=10.31
  derivmatch lr=0.01 iter=2380/3400 loss=10.24
  derivmatch lr=0.01 iter=2550/3400 loss=10.18
  derivmatch lr=0.01 iter=2720/3400 loss=10.12
  derivmatch lr=0.01 iter=2890/3400 loss=10.07
  derivmatch lr=0.01 iter=3060/3400 loss=10.02
  derivmatch lr=0.01 iter=3230/3400 loss=9.967
  derivmatch lr=0.01 iter=3400/3400 loss=9.92
  derivmatch lr=0.01 iter=3400/3400 loss=9.92
  derivmatch lr=0.003 iter=125/2500 loss=9.854
  derivmatch lr=0.003 iter=250/2500 loss=9.795
  derivmatch lr=0.003 iter=375/2500 loss=9.745
  derivmatch lr=0.003 iter=500/2500 loss=9.701
  derivmatch lr=0.003 iter=625/2500 loss=9.662
  derivmatch lr=0.003 iter=750/2500 loss=9.628
  derivmatch lr=0.003 iter=875/2500 loss=9.596
  derivmatch lr=0.003 iter=1000/2500 loss=9.567
  derivmatch lr=0.003 iter=1125/2500 loss=9.541
  derivmatch lr=0.003 iter=1250/2500 loss=9.516
  derivmatch lr=0.003 iter=1375/2500 loss=9.493
  derivmatch lr=0.003 iter=1500/2500 loss=9.469
  derivmatch lr=0.003 iter=1625/2500 loss=9.44
  derivmatch lr=0.003 iter=1750/2500 loss=9.385
  derivmatch lr=0.003 iter=1875/2500 loss=9.303
  derivmatch lr=0.003 iter=2000/2500 loss=9.164
  derivmatch lr=0.003 iter=2125/2500 loss=9.056
  derivmatch lr=0.003 iter=2250/2500 loss=9.282
  derivmatch lr=0.003 iter=2375/2500 loss=9.186
  derivmatch lr=0.003 iter=2500/2500 loss=9.141
  derivmatch lr=0.003 iter=2500/2500 loss=8.692
  derivmatch lr=0.001 iter=125/2500 loss=8.61
  derivmatch lr=0.001 iter=250/2500 loss=10.01
  derivmatch lr=0.001 iter=375/2500 loss=9.41
  derivmatch lr=0.001 iter=500/2500 loss=9.272
  derivmatch lr=0.001 iter=625/2500 loss=9.2
  derivmatch lr=0.001 iter=750/2500 loss=9.14
  derivmatch lr=0.001 iter=875/2500 loss=9.082
  derivmatch lr=0.001 iter=1000/2500 loss=9.022
  derivmatch lr=0.001 iter=1125/2500 loss=8.954
  derivmatch lr=0.001 iter=1250/2500 loss=8.872
  derivmatch lr=0.001 iter=1375/2500 loss=8.765
  derivmatch lr=0.001 iter=1500/2500 loss=9.431
  derivmatch lr=0.001 iter=1625/2500 loss=8.817
  derivmatch lr=0.001 iter=1750/2500 loss=8.648
  derivmatch lr=0.001 iter=1875/2500 loss=8.561
  derivmatch lr=0.001 iter=2000/2500 loss=10.34
  derivmatch lr=0.001 iter=2125/2500 loss=9.434
  derivmatch lr=0.001 iter=2250/2500 loss=9.217
  derivmatch lr=0.001 iter=2375/2500 loss=9.161
  derivmatch lr=0.001 iter=2500/2500 loss=9.118
  derivmatch lr=0.001 iter=2500/2500 loss=8.502
  derivmatch lr=0.0003 iter=80/1600 loss=8.503
  derivmatch lr=0.0003 iter=160/1600 loss=8.489
  derivmatch lr=0.0003 iter=240/1600 loss=8.478
  derivmatch lr=0.0003 iter=320/1600 loss=8.467
  derivmatch lr=0.0003 iter=400/1600 loss=8.455
  derivmatch lr=0.0003 iter=480/1600 loss=8.443
  derivmatch lr=0.0003 iter=560/1600 loss=8.43
  derivmatch lr=0.0003 iter=640/1600 loss=8.417
  derivmatch lr=0.0003 iter=720/1600 loss=8.403
  derivmatch lr=0.0003 iter=800/1600 loss=8.386
  derivmatch lr=0.0003 iter=880/1600 loss=8.368
  derivmatch lr=0.0003 iter=960/1600 loss=8.35
  derivmatch lr=0.0003 iter=1040/1600 loss=8.331
  derivmatch lr=0.0003 iter=1120/1600 loss=8.996
  derivmatch lr=0.0003 iter=1200/1600 loss=8.649
  derivmatch lr=0.0003 iter=1280/1600 loss=8.438
  derivmatch lr=0.0003 iter=1360/1600 loss=8.391
  derivmatch lr=0.0003 iter=1440/1600 loss=8.363
  derivmatch lr=0.0003 iter=1520/1600 loss=8.34
  derivmatch lr=0.0003 iter=1600/1600 loss=8.321
  derivmatch lr=0.0003 iter=1600/1600 loss=8.321
derivative matching [26s]  fitloss=8.32
  [derivative matching]  nrmse=2.178  l2=0.3357
extrapolation window: T=1000.0 -> T_test=1.0e12  n_test=100
  [train]  E_traj=12.34  E_VF=0.7127  E_spec=1.749e11
  [test ]  E_traj=5.575e22  E_VF=1.999e7  E_spec=1.0
saved /orcd/home/002/txenakis/projects/BVPsolver/src/../data/runs/run_3UG6tSe0/rober_fit.png
saved /orcd/home/002/txenakis/projects/BVPsolver/src/../data/runs/run_3UG6tSe0/rober_fit_extrapolated.png
saved /orcd/home/002/txenakis/projects/BVPsolver/src/../data/runs/run_3UG6tSe0/rober_spectral_fit_extrapolated.png
saved /orcd/home/002/txenakis/projects/BVPsolver/src/../data/runs/run_3UG6tSe0/rober_vf_fit_extrapolated.png
┌ Warning: Attempting to store StiffNN.var"#12#13"{Float64, Float64, Float64}.
│ JLD2 only stores functions by name.
│  This may not be useful for anonymous functions.
└ @ JLD2 ~/.julia/packages/JLD2/ADycq/src/data/writing_datatypes.jl:447
saved run → /orcd/home/002/txenakis/projects/BVPsolver/src/../data/runs/run_3UG6tSe0
