rober  model=stiff width=12 d=3 tlen=50 profile=fast seed=201  solver=Rodas5  N=318
  derivmatch lr=0.01 iter=170/3400 loss=0.4188
  derivmatch lr=0.01 iter=340/3400 loss=0.1679
  derivmatch lr=0.01 iter=510/3400 loss=0.07216
  derivmatch lr=0.01 iter=680/3400 loss=0.03463
  derivmatch lr=0.01 iter=850/3400 loss=0.02344
  derivmatch lr=0.01 iter=1020/3400 loss=0.05082
  derivmatch lr=0.01 iter=1190/3400 loss=0.0124
  derivmatch lr=0.01 iter=1360/3400 loss=0.0301
  derivmatch lr=0.01 iter=1530/3400 loss=0.02973
  derivmatch lr=0.01 iter=1700/3400 loss=0.00505
  derivmatch lr=0.01 iter=1870/3400 loss=0.009044
  derivmatch lr=0.01 iter=2040/3400 loss=0.005665
  derivmatch lr=0.01 iter=2210/3400 loss=0.003792
  derivmatch lr=0.01 iter=2380/3400 loss=0.002312
  derivmatch lr=0.01 iter=2550/3400 loss=0.009146
  derivmatch lr=0.01 iter=2720/3400 loss=0.001489
  derivmatch lr=0.01 iter=2890/3400 loss=0.001055
  derivmatch lr=0.01 iter=3060/3400 loss=0.001196
  derivmatch lr=0.01 iter=3230/3400 loss=0.001405
  derivmatch lr=0.01 iter=3400/3400 loss=0.001004
  derivmatch lr=0.01 iter=3400/3400 loss=0.0006399
  derivmatch lr=0.003 iter=125/2500 loss=0.0005256
  derivmatch lr=0.003 iter=250/2500 loss=0.0004184
  derivmatch lr=0.003 iter=375/2500 loss=0.0003427
  derivmatch lr=0.003 iter=500/2500 loss=0.0002973
  derivmatch lr=0.003 iter=625/2500 loss=0.0003131
  derivmatch lr=0.003 iter=750/2500 loss=0.0002938
  derivmatch lr=0.003 iter=875/2500 loss=0.000294
  derivmatch lr=0.003 iter=1000/2500 loss=0.0002203
  derivmatch lr=0.003 iter=1125/2500 loss=0.0001794
  derivmatch lr=0.003 iter=1250/2500 loss=0.0001797
  derivmatch lr=0.003 iter=1375/2500 loss=0.0002727
  derivmatch lr=0.003 iter=1500/2500 loss=0.0001681
  derivmatch lr=0.003 iter=1625/2500 loss=0.0001533
  derivmatch lr=0.003 iter=1750/2500 loss=0.00019
  derivmatch lr=0.003 iter=1875/2500 loss=0.0001272
  derivmatch lr=0.003 iter=2000/2500 loss=0.0001222
  derivmatch lr=0.003 iter=2125/2500 loss=9.938e-5
  derivmatch lr=0.003 iter=2250/2500 loss=9.976e-5
  derivmatch lr=0.003 iter=2375/2500 loss=0.0001052
  derivmatch lr=0.003 iter=2500/2500 loss=9.297e-5
  derivmatch lr=0.003 iter=2500/2500 loss=8.27e-5
  derivmatch lr=0.001 iter=125/2500 loss=8.258e-5
  derivmatch lr=0.001 iter=250/2500 loss=8.055e-5
  derivmatch lr=0.001 iter=375/2500 loss=7.91e-5
  derivmatch lr=0.001 iter=500/2500 loss=7.755e-5
  derivmatch lr=0.001 iter=625/2500 loss=7.586e-5
  derivmatch lr=0.001 iter=750/2500 loss=7.408e-5
  derivmatch lr=0.001 iter=875/2500 loss=7.221e-5
  derivmatch lr=0.001 iter=1000/2500 loss=7.03e-5
  derivmatch lr=0.001 iter=1125/2500 loss=6.837e-5
  derivmatch lr=0.001 iter=1250/2500 loss=6.644e-5
  derivmatch lr=0.001 iter=1375/2500 loss=6.505e-5
  derivmatch lr=0.001 iter=1500/2500 loss=6.333e-5
  derivmatch lr=0.001 iter=1625/2500 loss=6.168e-5
  derivmatch lr=0.001 iter=1750/2500 loss=6.029e-5
  derivmatch lr=0.001 iter=1875/2500 loss=6.023e-5
  derivmatch lr=0.001 iter=2000/2500 loss=6.148e-5
  derivmatch lr=0.001 iter=2125/2500 loss=7.377e-5
  derivmatch lr=0.001 iter=2250/2500 loss=5.513e-5
  derivmatch lr=0.001 iter=2375/2500 loss=5.507e-5
  derivmatch lr=0.001 iter=2500/2500 loss=6.252e-5
  derivmatch lr=0.001 iter=2500/2500 loss=5.311e-5
  derivmatch lr=0.0003 iter=80/1600 loss=5.331e-5
  derivmatch lr=0.0003 iter=160/1600 loss=5.279e-5
  derivmatch lr=0.0003 iter=240/1600 loss=5.26e-5
  derivmatch lr=0.0003 iter=320/1600 loss=5.238e-5
  derivmatch lr=0.0003 iter=400/1600 loss=5.214e-5
  derivmatch lr=0.0003 iter=480/1600 loss=5.188e-5
  derivmatch lr=0.0003 iter=560/1600 loss=5.16e-5
  derivmatch lr=0.0003 iter=640/1600 loss=5.13e-5
  derivmatch lr=0.0003 iter=720/1600 loss=5.098e-5
  derivmatch lr=0.0003 iter=800/1600 loss=5.065e-5
  derivmatch lr=0.0003 iter=880/1600 loss=5.031e-5
  derivmatch lr=0.0003 iter=960/1600 loss=4.996e-5
  derivmatch lr=0.0003 iter=1040/1600 loss=4.96e-5
  derivmatch lr=0.0003 iter=1120/1600 loss=4.924e-5
  derivmatch lr=0.0003 iter=1200/1600 loss=4.885e-5
  derivmatch lr=0.0003 iter=1280/1600 loss=4.847e-5
  derivmatch lr=0.0003 iter=1360/1600 loss=4.809e-5
  derivmatch lr=0.0003 iter=1440/1600 loss=4.77e-5
  derivmatch lr=0.0003 iter=1520/1600 loss=4.731e-5
  derivmatch lr=0.0003 iter=1600/1600 loss=4.691e-5
  derivmatch lr=0.0003 iter=1600/1600 loss=4.691e-5
derivative matching [29s]  fitloss=4.69e-5
  [derivative matching]  nrmse=0.004595  l2=0.02669
  collocation: M=54 residuals=627  detecting sparsity + solving...

Algorithm: LevenbergMarquardt(
    trustregion = LevenbergMarquardtTrustRegion(
        β_uphill = 0.0
    ),
    descent = GeodesicAcceleration(
        descent = DampedNewtonDescent(
            linsolve = KLUFactorization(
                reuse_symbolic = true,
                check_pattern = true
            ),
            initial_damping = 1.0,
            damping_fn = LevenbergMarquardtDampingFunction(
                increase_factor = 2.0,
                decrease_factor = 3.0,
                min_damping = 1.0e-8
            ),
            min_norm_mode = :auto
        ),
        finite_diff_step_geodesic = 0.1,
        α = 0.75
    ),
    autodiff = AutoForwardDiff(),
    vjp_autodiff = AutoFiniteDiff(
        fdtype = Val{:forward}(),
        fdjtype = Val{:forward}(),
        fdhtype = Val{:hcentral}(),
        dir = true
    ),
    jvp_autodiff = AutoForwardDiff(),
    concrete_jac = Val{true}()
)

----    	-------------       	-----------         
Iter    	f(u) 2-norm         	Step 2-norm         
----    	-------------       	-----------         
0       	3.36075834e+03      	NaN                 
1       	3.49738383e+03      	2.57354783e-02      
8       	7.15615124e+02      	3.44992467e-02      
15      	5.88419541e+02      	2.23610655e-01      
22      	3.65696243e+02      	4.38902203e-01      
29      	2.46535648e+02      	5.02589933e-01      
36      	1.14471848e+02      	0.00000000e+00      
43      	6.14170769e+01      	2.10740409e-01      
50      	6.68841005e+01      	2.01332131e-01      
57      	7.43925947e+00      	1.67641000e-01      
64      	1.70857519e+01      	0.00000000e+00      
71      	5.54929420e+01      	0.00000000e+00      
78      	9.71654095e+00      	0.00000000e+00      
85      	8.61040257e-01      	6.17753053e-02      
92      	6.57187382e+01      	0.00000000e+00      
99      	4.68260290e+00      	0.00000000e+00      
106     	1.57448952e+00      	0.00000000e+00      
113     	1.78773971e+02      	0.00000000e+00      
120     	9.15359099e+00      	7.95767638e-02      
127     	8.43714340e+01      	2.38822301e-01      
134     	7.21697351e+01      	0.00000000e+00      
141     	2.44380638e+00      	4.83615839e-02      
148     	7.80063221e+00      	0.00000000e+00      
Final   	2.07507293e-01      
----------------------      
  AMR 1/1: M=54  err=0.0215  obs=2.01e-10  nrmse=8.3e-5  best=8.3e-5  refined=0
collocation [17s]
  [final]  nrmse=8.303e-5  l2=0.0002469
extrapolation window: T=1000.0 -> T_test=1.0e12  n_test=100
  [train]  E_traj=2.043e-8  E_VF=1.763e-6  E_spec=1.449e27
  [test ]  E_traj=1.592  E_VF=1.598e10  E_spec=3.223e21
saved /orcd/home/002/txenakis/projects/BVPsolver/src/../data/runs/run_IVl5TaKi/rober_fit.png
saved /orcd/home/002/txenakis/projects/BVPsolver/src/../data/runs/run_IVl5TaKi/rober_fit_extrapolated.png
saved /orcd/home/002/txenakis/projects/BVPsolver/src/../data/runs/run_IVl5TaKi/rober_spectral_fit_extrapolated.png
saved /orcd/home/002/txenakis/projects/BVPsolver/src/../data/runs/run_IVl5TaKi/rober_vf_fit_extrapolated.png
┌ Warning: Attempting to store StiffNN.var"#12#13"{Float64, Float64, Float64}.
│ JLD2 only stores functions by name.
│  This may not be useful for anonymous functions.
└ @ JLD2 ~/.julia/packages/JLD2/ADycq/src/data/writing_datatypes.jl:447
saved run → /orcd/home/002/txenakis/projects/BVPsolver/src/../data/runs/run_IVl5TaKi
