davis-skodje  model=mlp width=14 d=2 tlen=300 profile=fast seed=128  solver=Rodas5P  N=282
  derivmatch lr=0.01 iter=170/3400 loss=3.536
  derivmatch lr=0.01 iter=340/3400 loss=2.522
  derivmatch lr=0.01 iter=510/3400 loss=3.247
  derivmatch lr=0.01 iter=680/3400 loss=2.544
  derivmatch lr=0.01 iter=850/3400 loss=1.993
  derivmatch lr=0.01 iter=1020/3400 loss=2.222
  derivmatch lr=0.01 iter=1190/3400 loss=2.011
  derivmatch lr=0.01 iter=1360/3400 loss=1.376
  derivmatch lr=0.01 iter=1530/3400 loss=1.444
  derivmatch lr=0.01 iter=1700/3400 loss=0.7134
  derivmatch lr=0.01 iter=1870/3400 loss=1.699
  derivmatch lr=0.01 iter=2040/3400 loss=0.6763
  derivmatch lr=0.01 iter=2210/3400 loss=0.6473
  derivmatch lr=0.01 iter=2380/3400 loss=1.74
  derivmatch lr=0.01 iter=2550/3400 loss=1.11
  derivmatch lr=0.01 iter=2720/3400 loss=0.8442
  derivmatch lr=0.01 iter=2890/3400 loss=0.9011
  derivmatch lr=0.01 iter=3060/3400 loss=1.354
  derivmatch lr=0.01 iter=3230/3400 loss=0.9489
  derivmatch lr=0.01 iter=3400/3400 loss=0.9041
  derivmatch lr=0.01 iter=3400/3400 loss=0.3738
  derivmatch lr=0.003 iter=125/2500 loss=0.3622
  derivmatch lr=0.003 iter=250/2500 loss=0.3139
  derivmatch lr=0.003 iter=375/2500 loss=0.3161
  derivmatch lr=0.003 iter=500/2500 loss=0.3297
  derivmatch lr=0.003 iter=625/2500 loss=0.2786
  derivmatch lr=0.003 iter=750/2500 loss=0.28
  derivmatch lr=0.003 iter=875/2500 loss=0.3024
  derivmatch lr=0.003 iter=1000/2500 loss=0.2501
  derivmatch lr=0.003 iter=1125/2500 loss=0.2414
  derivmatch lr=0.003 iter=1250/2500 loss=0.2386
  derivmatch lr=0.003 iter=1375/2500 loss=0.2302
  derivmatch lr=0.003 iter=1500/2500 loss=0.2279
  derivmatch lr=0.003 iter=1625/2500 loss=0.2172
  derivmatch lr=0.003 iter=1750/2500 loss=0.2104
  derivmatch lr=0.003 iter=1875/2500 loss=0.2048
  derivmatch lr=0.003 iter=2000/2500 loss=0.3597
  derivmatch lr=0.003 iter=2125/2500 loss=0.4037
  derivmatch lr=0.003 iter=2250/2500 loss=0.2157
  derivmatch lr=0.003 iter=2375/2500 loss=0.206
  derivmatch lr=0.003 iter=2500/2500 loss=0.1926
  derivmatch lr=0.003 iter=2500/2500 loss=0.1868
  derivmatch lr=0.001 iter=125/2500 loss=0.1844
  derivmatch lr=0.001 iter=250/2500 loss=0.1824
  derivmatch lr=0.001 iter=375/2500 loss=0.1807
  derivmatch lr=0.001 iter=500/2500 loss=0.1779
  derivmatch lr=0.001 iter=625/2500 loss=0.175
  derivmatch lr=0.001 iter=750/2500 loss=0.1717
  derivmatch lr=0.001 iter=875/2500 loss=0.1688
  derivmatch lr=0.001 iter=1000/2500 loss=0.1656
  derivmatch lr=0.001 iter=1125/2500 loss=0.1628
  derivmatch lr=0.001 iter=1250/2500 loss=0.1597
  derivmatch lr=0.001 iter=1375/2500 loss=0.1571
  derivmatch lr=0.001 iter=1500/2500 loss=0.1543
  derivmatch lr=0.001 iter=1625/2500 loss=0.1519
  derivmatch lr=0.001 iter=1750/2500 loss=0.1493
  derivmatch lr=0.001 iter=1875/2500 loss=0.1471
  derivmatch lr=0.001 iter=2000/2500 loss=0.1447
  derivmatch lr=0.001 iter=2125/2500 loss=0.1426
  derivmatch lr=0.001 iter=2250/2500 loss=0.1403
  derivmatch lr=0.001 iter=2375/2500 loss=0.1385
  derivmatch lr=0.001 iter=2500/2500 loss=0.1363
  derivmatch lr=0.001 iter=2500/2500 loss=0.1363
  derivmatch lr=0.0003 iter=80/1600 loss=0.1342
  derivmatch lr=0.0003 iter=160/1600 loss=0.1339
  derivmatch lr=0.0003 iter=240/1600 loss=0.1335
  derivmatch lr=0.0003 iter=320/1600 loss=0.1331
  derivmatch lr=0.0003 iter=400/1600 loss=0.1327
  derivmatch lr=0.0003 iter=480/1600 loss=0.1322
  derivmatch lr=0.0003 iter=560/1600 loss=0.1317
  derivmatch lr=0.0003 iter=640/1600 loss=0.1311
  derivmatch lr=0.0003 iter=720/1600 loss=0.1306
  derivmatch lr=0.0003 iter=800/1600 loss=0.13
  derivmatch lr=0.0003 iter=880/1600 loss=0.1293
  derivmatch lr=0.0003 iter=960/1600 loss=0.1287
  derivmatch lr=0.0003 iter=1040/1600 loss=0.128
  derivmatch lr=0.0003 iter=1120/1600 loss=0.1274
  derivmatch lr=0.0003 iter=1200/1600 loss=0.1267
  derivmatch lr=0.0003 iter=1280/1600 loss=0.126
  derivmatch lr=0.0003 iter=1360/1600 loss=0.1253
  derivmatch lr=0.0003 iter=1440/1600 loss=0.1245
  derivmatch lr=0.0003 iter=1520/1600 loss=0.1238
  derivmatch lr=0.0003 iter=1600/1600 loss=0.1235
  derivmatch lr=0.0003 iter=1600/1600 loss=0.1233
derivative matching [25s]  fitloss=0.123
  [derivative matching]  nrmse=0.04879  l2=2.39
  collocation: M=300 residuals=2394  detecting sparsity + solving...

Algorithm: LevenbergMarquardt(
    trustregion = LevenbergMarquardtTrustRegion(
        β_uphill = 0.0
    ),
    descent = GeodesicAcceleration(
        descent = DampedNewtonDescent(
            linsolve = KLUFactorization(
                reuse_symbolic = true,
                check_pattern = true
            ),
            initial_damping = 1.0,
            damping_fn = LevenbergMarquardtDampingFunction(
                increase_factor = 2.0,
                decrease_factor = 3.0,
                min_damping = 1.0e-8
            ),
            min_norm_mode = :auto
        ),
        finite_diff_step_geodesic = 0.1,
        α = 0.75
    ),
    autodiff = AutoForwardDiff(),
    vjp_autodiff = AutoFiniteDiff(
        fdtype = Val{:forward}(),
        fdjtype = Val{:forward}(),
        fdhtype = Val{:hcentral}(),
        dir = true
    ),
    jvp_autodiff = AutoForwardDiff(),
    concrete_jac = Val{true}()
)

----    	-------------       	-----------         
Iter    	f(u) 2-norm         	Step 2-norm         
----    	-------------       	-----------         
0       	2.86164793e+02      	1.05839805e-308     
1       	2.86164793e+02      	0.00000000e+00      
8       	1.93350976e+02      	9.37038096e-01      
15      	3.58479834e-01      	1.65411441e-01      
22      	2.23787707e-02      	5.11293176e-03      
29      	1.54145150e+00      	1.98238580e+00      
36      	8.44260231e+00      	2.29639998e+00      
43      	3.30492918e+01      	0.00000000e+00      
50      	6.49321315e+00      	0.00000000e+00      
57      	2.22812125e+01      	0.00000000e+00      
64      	2.80236632e+01      	0.00000000e+00      
71      	1.19133471e+01      	0.00000000e+00      
78      	2.79017100e+00      	0.00000000e+00      
85      	6.48802333e+00      	0.00000000e+00      
92      	2.45117378e+01      	0.00000000e+00      
99      	3.70226866e-01      	0.00000000e+00      
106     	2.63688148e+01      	0.00000000e+00      
113     	1.27220311e+01      	0.00000000e+00      
120     	3.75775552e+00      	1.63725032e+00      
127     	8.43982680e+00      	0.00000000e+00      
134     	7.84882686e+00      	1.35302913e+00      
141     	1.16892641e+01      	1.56103930e+00      
148     	1.24044592e+01      	0.00000000e+00      
Final   	2.16535496e-02      
----------------------      
  AMR 1/3: M=300  err=1.21e-5  obs=9.53e-5  nrmse=0.0484  best=0.0484  refined=40
  collocation: M=340 residuals=2634  detecting sparsity + solving...

Algorithm: LevenbergMarquardt(
    trustregion = LevenbergMarquardtTrustRegion(
        β_uphill = 0.0
    ),
    descent = GeodesicAcceleration(
        descent = DampedNewtonDescent(
            linsolve = KLUFactorization(
                reuse_symbolic = true,
                check_pattern = true
            ),
            initial_damping = 1.0,
            damping_fn = LevenbergMarquardtDampingFunction(
                increase_factor = 2.0,
                decrease_factor = 3.0,
                min_damping = 1.0e-8
            ),
            min_norm_mode = :auto
        ),
        finite_diff_step_geodesic = 0.1,
        α = 0.75
    ),
    autodiff = AutoForwardDiff(),
    vjp_autodiff = AutoFiniteDiff(
        fdtype = Val{:forward}(),
        fdjtype = Val{:forward}(),
        fdhtype = Val{:hcentral}(),
        dir = true
    ),
    jvp_autodiff = AutoForwardDiff(),
    concrete_jac = Val{true}()
)

----    	-------------       	-----------         
Iter    	f(u) 2-norm         	Step 2-norm         
----    	-------------       	-----------         
0       	2.24212041e+02      	1.26163371e-315     
1       	2.24212041e+02      	0.00000000e+00      
8       	4.29236697e+01      	5.36934888e-01      
15      	1.11798352e-01      	7.77732061e-02      
22      	1.69070563e-02      	5.38425812e-03      
29      	1.43102174e+01      	4.72671829e+00      
36      	3.57071729e+00      	1.99047337e+00      
43      	2.49735668e-01      	1.45154811e+00      
50      	3.00950330e+01      	0.00000000e+00      
57      	2.26444944e+01      	0.00000000e+00      
64      	7.48655433e+00      	0.00000000e+00      
71      	3.26638153e+01      	2.13080067e+00      
78      	7.52770252e+00      	0.00000000e+00      
85      	3.77018026e+00      	2.58402671e+00      
92      	7.67218664e+00      	0.00000000e+00      
99      	1.98479452e+01      	0.00000000e+00      
106     	1.12062976e+01      	0.00000000e+00      
113     	1.02893043e+01      	0.00000000e+00      
120     	7.58453815e+00      	0.00000000e+00      
127     	1.77061715e+01      	0.00000000e+00      
134     	1.09532029e+01      	0.00000000e+00      
141     	7.25243553e+00      	0.00000000e+00      
148     	1.42275700e+01      	0.00000000e+00      
Final   	1.67832600e-02      
----------------------      
  AMR 2/3: M=340  err=5.98e-6  obs=9.55e-5  nrmse=0.0482  best=0.0482  refined=54
  collocation: M=434 residuals=3198  detecting sparsity + solving...

Algorithm: LevenbergMarquardt(
    trustregion = LevenbergMarquardtTrustRegion(
        β_uphill = 0.0
    ),
    descent = GeodesicAcceleration(
        descent = DampedNewtonDescent(
            linsolve = KLUFactorization(
                reuse_symbolic = true,
                check_pattern = true
            ),
            initial_damping = 1.0,
            damping_fn = LevenbergMarquardtDampingFunction(
                increase_factor = 2.0,
                decrease_factor = 3.0,
                min_damping = 1.0e-8
            ),
            min_norm_mode = :auto
        ),
        finite_diff_step_geodesic = 0.1,
        α = 0.75
    ),
    autodiff = AutoForwardDiff(),
    vjp_autodiff = AutoFiniteDiff(
        fdtype = Val{:forward}(),
        fdjtype = Val{:forward}(),
        fdhtype = Val{:hcentral}(),
        dir = true
    ),
    jvp_autodiff = AutoForwardDiff(),
    concrete_jac = Val{true}()
)

----    	-------------       	-----------         
Iter    	f(u) 2-norm         	Step 2-norm         
----    	-------------       	-----------         
0       	1.73066635e+02      	NaN                 
1       	1.73066635e+02      	0.00000000e+00      
8       	3.34058471e+01      	3.64683577e-01      
15      	9.72386753e-02      	7.64696900e-02      
22      	1.29456383e-02      	4.51843855e-03      
29      	4.32693561e+00      	3.17265456e+00      
36      	6.93018838e+00      	2.15147231e+00      
43      	7.73466635e-02      	9.11315254e-01      
50      	2.35944291e+01      	0.00000000e+00      
57      	8.33503402e-02      	3.32939532e-01      
64      	1.93240854e+00      	0.00000000e+00      
71      	8.06369951e-01      	0.00000000e+00      
78      	1.74612827e-01      	8.97680932e-01      
85      	2.17942830e+00      	0.00000000e+00      
92      	7.51042884e+00      	0.00000000e+00      
99      	7.18185489e+00      	0.00000000e+00      
106     	9.47710378e+00      	1.91826287e+00      
113     	1.31371078e+01      	0.00000000e+00      
120     	7.47746761e+00      	1.58733967e+00      
127     	1.62604321e+01      	0.00000000e+00      
134     	1.56546472e+01      	0.00000000e+00      
141     	6.87938609e+00      	0.00000000e+00      
148     	4.15638233e+00      	0.00000000e+00      
Final   	1.08957789e-02      
----------------------      
  AMR 3/3: M=434  err=5.76e-6  obs=6.02e-5  nrmse=0.0289  best=0.0289  refined=0
collocation [159s]
  [final]  nrmse=0.02893  l2=1.416
extrapolation window: T=15.0 -> T_test=30.0  n_test=600
  [train]  E_traj=0.002514  E_VF=0.1123  E_spec=0.4169
  [test ]  E_traj=124300.0  E_VF=4.467e9  E_spec=0.385
saved /orcd/home/002/txenakis/projects/BVPsolver/src/../data/runs/run_3Q9lhjnY/davis-skodje_fit.png
saved /orcd/home/002/txenakis/projects/BVPsolver/src/../data/runs/run_3Q9lhjnY/davis-skodje_fit_extrapolated.png
saved /orcd/home/002/txenakis/projects/BVPsolver/src/../data/runs/run_3Q9lhjnY/davis-skodje_spectral_fit_extrapolated.png
saved /orcd/home/002/txenakis/projects/BVPsolver/src/../data/runs/run_3Q9lhjnY/davis-skodje_vf_fit_extrapolated.png
┌ Warning: Attempting to store StiffNN.var"#22#23"{Float64}.
│ JLD2 only stores functions by name.
│  This may not be useful for anonymous functions.
└ @ JLD2 ~/.julia/packages/JLD2/ADycq/src/data/writing_datatypes.jl:447
saved run → /orcd/home/002/txenakis/projects/BVPsolver/src/../data/runs/run_3Q9lhjnY
