rober  model=mlp width=15 d=3 tlen=50 profile=fast seed=113  solver=Rodas5  N=348
  derivmatch lr=0.01 iter=170/3400 loss=42.96
  derivmatch lr=0.01 iter=340/3400 loss=44.94
  derivmatch lr=0.01 iter=510/3400 loss=39.96
  derivmatch lr=0.01 iter=680/3400 loss=45.28
  derivmatch lr=0.01 iter=850/3400 loss=32.79
  derivmatch lr=0.01 iter=1020/3400 loss=44.82
  derivmatch lr=0.01 iter=1190/3400 loss=48.18
  derivmatch lr=0.01 iter=1360/3400 loss=41.77
  derivmatch lr=0.01 iter=1530/3400 loss=49.45
  derivmatch lr=0.01 iter=1700/3400 loss=37.6
  derivmatch lr=0.01 iter=1870/3400 loss=48.17
  derivmatch lr=0.01 iter=2040/3400 loss=48.93
  derivmatch lr=0.01 iter=2210/3400 loss=53.51
  derivmatch lr=0.01 iter=2380/3400 loss=46.43
  derivmatch lr=0.01 iter=2550/3400 loss=41.9
  derivmatch lr=0.01 iter=2720/3400 loss=50.21
  derivmatch lr=0.01 iter=2890/3400 loss=44.03
  derivmatch lr=0.01 iter=3060/3400 loss=37.92
  derivmatch lr=0.01 iter=3230/3400 loss=58.39
  derivmatch lr=0.01 iter=3400/3400 loss=54.5
  derivmatch lr=0.01 iter=3400/3400 loss=23.49
  derivmatch lr=0.003 iter=125/2500 loss=26.14
  derivmatch lr=0.003 iter=250/2500 loss=28.91
  derivmatch lr=0.003 iter=375/2500 loss=39.04
  derivmatch lr=0.003 iter=500/2500 loss=37.75
  derivmatch lr=0.003 iter=625/2500 loss=35.43
  derivmatch lr=0.003 iter=750/2500 loss=39.09
  derivmatch lr=0.003 iter=875/2500 loss=38.98
  derivmatch lr=0.003 iter=1000/2500 loss=36.63
  derivmatch lr=0.003 iter=1125/2500 loss=36.21
  derivmatch lr=0.003 iter=1250/2500 loss=35.46
  derivmatch lr=0.003 iter=1375/2500 loss=29.4
  derivmatch lr=0.003 iter=1500/2500 loss=18.28
  derivmatch lr=0.003 iter=1625/2500 loss=32.72
  derivmatch lr=0.003 iter=1750/2500 loss=33.92
  derivmatch lr=0.003 iter=1875/2500 loss=43.14
  derivmatch lr=0.003 iter=2000/2500 loss=40.27
  derivmatch lr=0.003 iter=2125/2500 loss=42.68
  derivmatch lr=0.003 iter=2250/2500 loss=39.09
  derivmatch lr=0.003 iter=2375/2500 loss=35.99
  derivmatch lr=0.003 iter=2500/2500 loss=40.92
  derivmatch lr=0.003 iter=2500/2500 loss=15.82
  derivmatch lr=0.001 iter=125/2500 loss=18.83
  derivmatch lr=0.001 iter=250/2500 loss=14.93
  derivmatch lr=0.001 iter=375/2500 loss=14.21
  derivmatch lr=0.001 iter=500/2500 loss=19.03
  derivmatch lr=0.001 iter=625/2500 loss=12.71
  derivmatch lr=0.001 iter=750/2500 loss=10.66
  derivmatch lr=0.001 iter=875/2500 loss=22.74
  derivmatch lr=0.001 iter=1000/2500 loss=21.72
  derivmatch lr=0.001 iter=1125/2500 loss=20.86
  derivmatch lr=0.001 iter=1250/2500 loss=18.01
  derivmatch lr=0.001 iter=1375/2500 loss=13.99
  derivmatch lr=0.001 iter=1500/2500 loss=15.42
  derivmatch lr=0.001 iter=1625/2500 loss=23.16
  derivmatch lr=0.001 iter=1750/2500 loss=22.17
  derivmatch lr=0.001 iter=1875/2500 loss=25.56
  derivmatch lr=0.001 iter=2000/2500 loss=29.26
  derivmatch lr=0.001 iter=2125/2500 loss=21.87
  derivmatch lr=0.001 iter=2250/2500 loss=18.79
  derivmatch lr=0.001 iter=2375/2500 loss=29.09
  derivmatch lr=0.001 iter=2500/2500 loss=27.94
  derivmatch lr=0.001 iter=2500/2500 loss=8.602
  derivmatch lr=0.0003 iter=80/1600 loss=8.713
  derivmatch lr=0.0003 iter=160/1600 loss=7.667
  derivmatch lr=0.0003 iter=240/1600 loss=7.847
  derivmatch lr=0.0003 iter=320/1600 loss=14.57
  derivmatch lr=0.0003 iter=400/1600 loss=9.506
  derivmatch lr=0.0003 iter=480/1600 loss=7.496
  derivmatch lr=0.0003 iter=560/1600 loss=7.534
  derivmatch lr=0.0003 iter=640/1600 loss=7.634
  derivmatch lr=0.0003 iter=720/1600 loss=7.22
  derivmatch lr=0.0003 iter=800/1600 loss=18.15
  derivmatch lr=0.0003 iter=880/1600 loss=17.05
  derivmatch lr=0.0003 iter=960/1600 loss=15.68
  derivmatch lr=0.0003 iter=1040/1600 loss=14.21
  derivmatch lr=0.0003 iter=1120/1600 loss=9.742
  derivmatch lr=0.0003 iter=1200/1600 loss=15.0
  derivmatch lr=0.0003 iter=1280/1600 loss=13.03
  derivmatch lr=0.0003 iter=1360/1600 loss=7.897
  derivmatch lr=0.0003 iter=1440/1600 loss=7.861
  derivmatch lr=0.0003 iter=1520/1600 loss=17.87
  derivmatch lr=0.0003 iter=1600/1600 loss=16.98
  derivmatch lr=0.0003 iter=1600/1600 loss=6.097
derivative matching [23s]  fitloss=6.1
  [derivative matching]  nrmse=867.9  l2=3.556
  shooting iter=50/1000 loss=15.89
  shooting iter=100/1000 loss=19.01
  shooting iter=150/1000 loss=9.07
  shooting iter=200/1000 loss=13.62
  shooting iter=250/1000 loss=15.48
  shooting iter=300/1000 loss=8.815
  shooting iter=350/1000 loss=15.77
  shooting iter=400/1000 loss=13.56
  shooting iter=450/1000 loss=12.75
  shooting iter=500/1000 loss=15.33
  shooting iter=550/1000 loss=11.93
  shooting iter=600/1000 loss=9.849
  shooting iter=650/1000 loss=7.834
  shooting iter=700/1000 loss=12.12
  shooting iter=750/1000 loss=3.174
  shooting iter=800/1000 loss=4.818
  shooting iter=850/1000 loss=5.717
  shooting iter=900/1000 loss=7.552
  shooting iter=950/1000 loss=3.957
  shooting iter=1000/1000 loss=10.46
  shooting iter=1000/1000 loss=0.7149
shooting [360s]  loss=0.715
  [final]  nrmse=2.466  l2=4.243
extrapolation window: T=1000.0 -> T_test=1.0e12  n_test=100
  [train]  E_traj=15.96  E_VF=293.3  E_spec=4.935e26
  [test ]  E_traj=630.3  E_VF=8.148e14  E_spec=4.354e28
saved /orcd/home/002/txenakis/projects/BVPsolver/src/../data/runs/run_G8UvTzHX/rober_fit.png
saved /orcd/home/002/txenakis/projects/BVPsolver/src/../data/runs/run_G8UvTzHX/rober_fit_extrapolated.png
saved /orcd/home/002/txenakis/projects/BVPsolver/src/../data/runs/run_G8UvTzHX/rober_spectral_fit_extrapolated.png
saved /orcd/home/002/txenakis/projects/BVPsolver/src/../data/runs/run_G8UvTzHX/rober_vf_fit_extrapolated.png
┌ Warning: Attempting to store StiffNN.var"#12#13"{Float64, Float64, Float64}.
│ JLD2 only stores functions by name.
│  This may not be useful for anonymous functions.
└ @ JLD2 ~/.julia/packages/JLD2/ADycq/src/data/writing_datatypes.jl:447
saved run → /orcd/home/002/txenakis/projects/BVPsolver/src/../data/runs/run_G8UvTzHX
