hires  model=GELU-scaled width=11 d=8 tlen=50 profile=fast seed=121  solver=Rodas5  N=855
  derivmatch lr=0.01 iter=170/3400 loss=5.47
  derivmatch lr=0.01 iter=340/3400 loss=1.453
  derivmatch lr=0.01 iter=510/3400 loss=1.06
  derivmatch lr=0.01 iter=680/3400 loss=1.064
  derivmatch lr=0.01 iter=850/3400 loss=0.8806
  derivmatch lr=0.01 iter=1020/3400 loss=0.623
  derivmatch lr=0.01 iter=1190/3400 loss=0.6187
  derivmatch lr=0.01 iter=1360/3400 loss=0.7178
  derivmatch lr=0.01 iter=1530/3400 loss=0.3659
  derivmatch lr=0.01 iter=1700/3400 loss=0.2709
  derivmatch lr=0.01 iter=1870/3400 loss=0.2812
  derivmatch lr=0.01 iter=2040/3400 loss=0.5056
  derivmatch lr=0.01 iter=2210/3400 loss=0.3799
  derivmatch lr=0.01 iter=2380/3400 loss=0.2023
  derivmatch lr=0.01 iter=2550/3400 loss=0.2433
  derivmatch lr=0.01 iter=2720/3400 loss=0.3139
  derivmatch lr=0.01 iter=2890/3400 loss=0.2918
  derivmatch lr=0.01 iter=3060/3400 loss=0.2419
  derivmatch lr=0.01 iter=3230/3400 loss=0.1812
  derivmatch lr=0.01 iter=3400/3400 loss=0.1548
  derivmatch lr=0.01 iter=3400/3400 loss=0.1249
  derivmatch lr=0.003 iter=125/2500 loss=0.103
  derivmatch lr=0.003 iter=250/2500 loss=0.09379
  derivmatch lr=0.003 iter=375/2500 loss=0.08976
  derivmatch lr=0.003 iter=500/2500 loss=0.08545
  derivmatch lr=0.003 iter=625/2500 loss=0.07966
  derivmatch lr=0.003 iter=750/2500 loss=0.07224
  derivmatch lr=0.003 iter=875/2500 loss=0.06922
  derivmatch lr=0.003 iter=1000/2500 loss=0.06461
  derivmatch lr=0.003 iter=1125/2500 loss=0.06166
  derivmatch lr=0.003 iter=1250/2500 loss=0.05576
  derivmatch lr=0.003 iter=1375/2500 loss=0.05676
  derivmatch lr=0.003 iter=1500/2500 loss=0.05062
  derivmatch lr=0.003 iter=1625/2500 loss=0.05011
  derivmatch lr=0.003 iter=1750/2500 loss=0.04627
  derivmatch lr=0.003 iter=1875/2500 loss=0.08428
  derivmatch lr=0.003 iter=2000/2500 loss=0.04225
  derivmatch lr=0.003 iter=2125/2500 loss=0.04089
  derivmatch lr=0.003 iter=2250/2500 loss=0.03944
  derivmatch lr=0.003 iter=2375/2500 loss=0.0402
  derivmatch lr=0.003 iter=2500/2500 loss=0.03835
  derivmatch lr=0.003 iter=2500/2500 loss=0.03412
  derivmatch lr=0.001 iter=125/2500 loss=0.03331
  derivmatch lr=0.001 iter=250/2500 loss=0.0322
  derivmatch lr=0.001 iter=375/2500 loss=0.03117
  derivmatch lr=0.001 iter=500/2500 loss=0.03025
  derivmatch lr=0.001 iter=625/2500 loss=0.03033
  derivmatch lr=0.001 iter=750/2500 loss=0.02962
  derivmatch lr=0.001 iter=875/2500 loss=0.02828
  derivmatch lr=0.001 iter=1000/2500 loss=0.02712
  derivmatch lr=0.001 iter=1125/2500 loss=0.02718
  derivmatch lr=0.001 iter=1250/2500 loss=0.02953
  derivmatch lr=0.001 iter=1375/2500 loss=0.0255
  derivmatch lr=0.001 iter=1500/2500 loss=0.0251
  derivmatch lr=0.001 iter=1625/2500 loss=0.02628
  derivmatch lr=0.001 iter=1750/2500 loss=0.02554
  derivmatch lr=0.001 iter=1875/2500 loss=0.02325
  derivmatch lr=0.001 iter=2000/2500 loss=0.02213
  derivmatch lr=0.001 iter=2125/2500 loss=0.0228
  derivmatch lr=0.001 iter=2250/2500 loss=0.0233
  derivmatch lr=0.001 iter=2375/2500 loss=0.02342
  derivmatch lr=0.001 iter=2500/2500 loss=0.02038
  derivmatch lr=0.001 iter=2500/2500 loss=0.02038
  derivmatch lr=0.0003 iter=80/1600 loss=0.01996
  derivmatch lr=0.0003 iter=160/1600 loss=0.01986
  derivmatch lr=0.0003 iter=240/1600 loss=0.01977
  derivmatch lr=0.0003 iter=320/1600 loss=0.01968
  derivmatch lr=0.0003 iter=400/1600 loss=0.01959
  derivmatch lr=0.0003 iter=480/1600 loss=0.01948
  derivmatch lr=0.0003 iter=560/1600 loss=0.01937
  derivmatch lr=0.0003 iter=640/1600 loss=0.01925
  derivmatch lr=0.0003 iter=720/1600 loss=0.01913
  derivmatch lr=0.0003 iter=800/1600 loss=0.019
  derivmatch lr=0.0003 iter=880/1600 loss=0.01887
  derivmatch lr=0.0003 iter=960/1600 loss=0.01874
  derivmatch lr=0.0003 iter=1040/1600 loss=0.0186
  derivmatch lr=0.0003 iter=1120/1600 loss=0.01846
  derivmatch lr=0.0003 iter=1200/1600 loss=0.01832
  derivmatch lr=0.0003 iter=1280/1600 loss=0.01817
  derivmatch lr=0.0003 iter=1360/1600 loss=0.02363
  derivmatch lr=0.0003 iter=1440/1600 loss=0.01788
  derivmatch lr=0.0003 iter=1520/1600 loss=0.01774
  derivmatch lr=0.0003 iter=1600/1600 loss=0.01773
  derivmatch lr=0.0003 iter=1600/1600 loss=0.01761
derivative matching [27s]  fitloss=0.0176
  [derivative matching]  nrmse=0.1084  l2=0.6059
  shooting iter=50/1000 loss=0.01683
  shooting iter=100/1000 loss=0.01499
  shooting iter=150/1000 loss=0.01873
  shooting iter=200/1000 loss=0.01211
  shooting iter=250/1000 loss=0.01337
  shooting iter=300/1000 loss=0.01303
  shooting iter=350/1000 loss=0.01301
  shooting iter=400/1000 loss=0.01141
  shooting iter=450/1000 loss=0.01004
  shooting iter=500/1000 loss=0.01108
  shooting iter=550/1000 loss=0.009629
  shooting iter=600/1000 loss=0.009059
  shooting iter=650/1000 loss=0.009585
  shooting iter=700/1000 loss=0.009914
  shooting iter=750/1000 loss=0.007944
  shooting iter=800/1000 loss=0.008406
  shooting iter=850/1000 loss=0.008575
  shooting iter=900/1000 loss=0.009809
  shooting iter=950/1000 loss=0.008569
  shooting iter=1000/1000 loss=0.007873
  shooting iter=1000/1000 loss=0.006469
shooting [7142s]  loss=0.00647
  [final]  nrmse=0.0176  l2=0.04807
extrapolation window: T=321.8122 -> T_test=643.624  n_test=100
  [train]  E_traj=0.000867  E_VF=0.02941  E_spec=0.9802
  [test ]  E_traj=1.186e6  E_VF=989600.0  E_spec=3.696e11
saved /orcd/home/002/txenakis/projects/BVPsolver/src/../data/runs/run_Dl95Zh7B/hires_fit.png
saved /orcd/home/002/txenakis/projects/BVPsolver/src/../data/runs/run_Dl95Zh7B/hires_fit_extrapolated.png
saved /orcd/home/002/txenakis/projects/BVPsolver/src/../data/runs/run_Dl95Zh7B/hires_spectral_fit_extrapolated.png
saved /orcd/home/002/txenakis/projects/BVPsolver/src/../data/runs/run_Dl95Zh7B/hires_vf_fit_extrapolated.png
┌ Warning: Attempting to store StiffNN.var"#18#19"{Type{Float64}}.
│ JLD2 only stores functions by name.
│  This may not be useful for anonymous functions.
└ @ JLD2 ~/.julia/packages/JLD2/ADycq/src/data/writing_datatypes.jl:447
saved run → /orcd/home/002/txenakis/projects/BVPsolver/src/../data/runs/run_Dl95Zh7B
