rober  model=GELU-scaled width=7 d=3 tlen=50 profile=fast seed=124  solver=Rodas5  N=332
  derivmatch lr=0.01 iter=170/3400 loss=8.667
  derivmatch lr=0.01 iter=340/3400 loss=6.625
  derivmatch lr=0.01 iter=510/3400 loss=9.309
  derivmatch lr=0.01 iter=680/3400 loss=8.996
  derivmatch lr=0.01 iter=850/3400 loss=8.653
  derivmatch lr=0.01 iter=1020/3400 loss=8.199
  derivmatch lr=0.01 iter=1190/3400 loss=7.452
  derivmatch lr=0.01 iter=1360/3400 loss=8.275
  derivmatch lr=0.01 iter=1530/3400 loss=5.427
  derivmatch lr=0.01 iter=1700/3400 loss=5.889
  derivmatch lr=0.01 iter=1870/3400 loss=7.157
  derivmatch lr=0.01 iter=2040/3400 loss=9.233
  derivmatch lr=0.01 iter=2210/3400 loss=6.021
  derivmatch lr=0.01 iter=2380/3400 loss=5.767
  derivmatch lr=0.01 iter=2550/3400 loss=5.501
  derivmatch lr=0.01 iter=2720/3400 loss=9.901
  derivmatch lr=0.01 iter=2890/3400 loss=9.807
  derivmatch lr=0.01 iter=3060/3400 loss=9.679
  derivmatch lr=0.01 iter=3230/3400 loss=9.558
  derivmatch lr=0.01 iter=3400/3400 loss=9.445
  derivmatch lr=0.01 iter=3400/3400 loss=5.226
  derivmatch lr=0.003 iter=125/2500 loss=5.231
  derivmatch lr=0.003 iter=250/2500 loss=5.197
  derivmatch lr=0.003 iter=375/2500 loss=5.173
  derivmatch lr=0.003 iter=500/2500 loss=5.146
  derivmatch lr=0.003 iter=625/2500 loss=5.117
  derivmatch lr=0.003 iter=750/2500 loss=5.085
  derivmatch lr=0.003 iter=875/2500 loss=5.053
  derivmatch lr=0.003 iter=1000/2500 loss=6.728
  derivmatch lr=0.003 iter=1125/2500 loss=5.083
  derivmatch lr=0.003 iter=1250/2500 loss=5.015
  derivmatch lr=0.003 iter=1375/2500 loss=4.98
  derivmatch lr=0.003 iter=1500/2500 loss=4.946
  derivmatch lr=0.003 iter=1625/2500 loss=4.91
  derivmatch lr=0.003 iter=1750/2500 loss=4.872
  derivmatch lr=0.003 iter=1875/2500 loss=4.831
  derivmatch lr=0.003 iter=2000/2500 loss=4.786
  derivmatch lr=0.003 iter=2125/2500 loss=4.746
  derivmatch lr=0.003 iter=2250/2500 loss=4.687
  derivmatch lr=0.003 iter=2375/2500 loss=4.629
  derivmatch lr=0.003 iter=2500/2500 loss=4.563
  derivmatch lr=0.003 iter=2500/2500 loss=4.563
  derivmatch lr=0.001 iter=125/2500 loss=4.563
  derivmatch lr=0.001 iter=250/2500 loss=4.539
  derivmatch lr=0.001 iter=375/2500 loss=4.532
  derivmatch lr=0.001 iter=500/2500 loss=4.525
  derivmatch lr=0.001 iter=625/2500 loss=4.517
  derivmatch lr=0.001 iter=750/2500 loss=4.509
  derivmatch lr=0.001 iter=875/2500 loss=4.5
  derivmatch lr=0.001 iter=1000/2500 loss=4.491
  derivmatch lr=0.001 iter=1125/2500 loss=4.482
  derivmatch lr=0.001 iter=1250/2500 loss=4.472
  derivmatch lr=0.001 iter=1375/2500 loss=4.461
  derivmatch lr=0.001 iter=1500/2500 loss=4.45
  derivmatch lr=0.001 iter=1625/2500 loss=4.438
  derivmatch lr=0.001 iter=1750/2500 loss=4.425
  derivmatch lr=0.001 iter=1875/2500 loss=4.411
  derivmatch lr=0.001 iter=2000/2500 loss=4.397
  derivmatch lr=0.001 iter=2125/2500 loss=4.382
  derivmatch lr=0.001 iter=2250/2500 loss=4.366
  derivmatch lr=0.001 iter=2375/2500 loss=4.35
  derivmatch lr=0.001 iter=2500/2500 loss=4.334
  derivmatch lr=0.001 iter=2500/2500 loss=4.334
  derivmatch lr=0.0003 iter=80/1600 loss=4.332
  derivmatch lr=0.0003 iter=160/1600 loss=4.329
  derivmatch lr=0.0003 iter=240/1600 loss=4.325
  derivmatch lr=0.0003 iter=320/1600 loss=4.32
  derivmatch lr=0.0003 iter=400/1600 loss=4.315
  derivmatch lr=0.0003 iter=480/1600 loss=4.309
  derivmatch lr=0.0003 iter=560/1600 loss=4.303
  derivmatch lr=0.0003 iter=640/1600 loss=4.297
  derivmatch lr=0.0003 iter=720/1600 loss=4.29
  derivmatch lr=0.0003 iter=800/1600 loss=4.282
  derivmatch lr=0.0003 iter=880/1600 loss=4.275
  derivmatch lr=0.0003 iter=960/1600 loss=4.266
  derivmatch lr=0.0003 iter=1040/1600 loss=4.258
  derivmatch lr=0.0003 iter=1120/1600 loss=4.248
  derivmatch lr=0.0003 iter=1200/1600 loss=4.239
  derivmatch lr=0.0003 iter=1280/1600 loss=4.229
  derivmatch lr=0.0003 iter=1360/1600 loss=4.218
  derivmatch lr=0.0003 iter=1440/1600 loss=6.125
  derivmatch lr=0.0003 iter=1520/1600 loss=5.757
  derivmatch lr=0.0003 iter=1600/1600 loss=5.418
  derivmatch lr=0.0003 iter=1600/1600 loss=4.213
derivative matching [26s]  fitloss=4.21
  [derivative matching]  nrmse=27.42  l2=0.4857
  shooting iter=50/1000 loss=2.528
  shooting iter=100/1000 loss=1.032
  shooting iter=150/1000 loss=0.4744
  shooting iter=200/1000 loss=1.143
  shooting iter=250/1000 loss=0.3642
  shooting iter=300/1000 loss=0.2551
  shooting iter=350/1000 loss=0.2509
  shooting iter=400/1000 loss=0.2517
  shooting iter=450/1000 loss=0.2514
  shooting iter=500/1000 loss=0.2513
  shooting iter=550/1000 loss=0.2509
  shooting iter=600/1000 loss=0.2506
  shooting iter=650/1000 loss=0.2501
  shooting iter=700/1000 loss=0.2496
  shooting iter=750/1000 loss=0.2491
  shooting iter=800/1000 loss=0.2485
  shooting iter=850/1000 loss=0.2478
  shooting iter=900/1000 loss=0.2471
  shooting iter=950/1000 loss=0.2464
  shooting iter=1000/1000 loss=0.2455
  shooting iter=1000/1000 loss=0.2455
shooting [1477s]  loss=0.245
  [final]  nrmse=0.4435  l2=2.644
extrapolation window: T=1000.0 -> T_test=1.0e12  n_test=100
  [train]  E_traj=0.5808  E_VF=0.7138  E_spec=0.999
  [test ]  E_traj=3.405e19  E_VF=2.493e9  E_spec=0.9999
saved /orcd/home/002/txenakis/projects/BVPsolver/src/../data/runs/run_Bt0gM13Q/rober_fit.png
saved /orcd/home/002/txenakis/projects/BVPsolver/src/../data/runs/run_Bt0gM13Q/rober_fit_extrapolated.png
saved /orcd/home/002/txenakis/projects/BVPsolver/src/../data/runs/run_Bt0gM13Q/rober_spectral_fit_extrapolated.png
saved /orcd/home/002/txenakis/projects/BVPsolver/src/../data/runs/run_Bt0gM13Q/rober_vf_fit_extrapolated.png
┌ Warning: Attempting to store StiffNN.var"#12#13"{Float64, Float64, Float64}.
│ JLD2 only stores functions by name.
│  This may not be useful for anonymous functions.
└ @ JLD2 ~/.julia/packages/JLD2/ADycq/src/data/writing_datatypes.jl:447
saved run → /orcd/home/002/txenakis/projects/BVPsolver/src/../data/runs/run_Bt0gM13Q
