davis-skodje  model=stiff width=12 d=2 tlen=300 profile=fast seed=321  solver=Rodas5P  N=268
  derivmatch lr=0.01 iter=170/3400 loss=0.06511
  derivmatch lr=0.01 iter=340/3400 loss=0.02424
  derivmatch lr=0.01 iter=510/3400 loss=0.01333
  derivmatch lr=0.01 iter=680/3400 loss=0.008268
  derivmatch lr=0.01 iter=850/3400 loss=0.005194
  derivmatch lr=0.01 iter=1020/3400 loss=0.0034
  derivmatch lr=0.01 iter=1190/3400 loss=0.002411
  derivmatch lr=0.01 iter=1360/3400 loss=0.001785
  derivmatch lr=0.01 iter=1530/3400 loss=0.001331
  derivmatch lr=0.01 iter=1700/3400 loss=0.0009934
  derivmatch lr=0.01 iter=1870/3400 loss=0.0007435
  derivmatch lr=0.01 iter=2040/3400 loss=0.0005592
  derivmatch lr=0.01 iter=2210/3400 loss=0.0004227
  derivmatch lr=0.01 iter=2380/3400 loss=0.0003216
  derivmatch lr=0.01 iter=2550/3400 loss=0.0002471
  derivmatch lr=0.01 iter=2720/3400 loss=0.0001927
  derivmatch lr=0.01 iter=2890/3400 loss=0.0001531
  derivmatch lr=0.01 iter=3060/3400 loss=0.0001243
  derivmatch lr=0.01 iter=3230/3400 loss=0.000103
  derivmatch lr=0.01 iter=3400/3400 loss=8.679e-5
  derivmatch lr=0.01 iter=3400/3400 loss=8.679e-5
  derivmatch lr=0.003 iter=125/2500 loss=6.085e-5
  derivmatch lr=0.003 iter=250/2500 loss=4.526e-5
  derivmatch lr=0.003 iter=375/2500 loss=3.462e-5
  derivmatch lr=0.003 iter=500/2500 loss=2.733e-5
  derivmatch lr=0.003 iter=625/2500 loss=2.225e-5
  derivmatch lr=0.003 iter=750/2500 loss=1.992e-5
  derivmatch lr=0.003 iter=875/2500 loss=1.658e-5
  derivmatch lr=0.003 iter=1000/2500 loss=1.508e-5
  derivmatch lr=0.003 iter=1125/2500 loss=2.26e-5
  derivmatch lr=0.003 iter=1250/2500 loss=1.286e-5
  derivmatch lr=0.003 iter=1375/2500 loss=1.176e-5
  derivmatch lr=0.003 iter=1500/2500 loss=1.136e-5
  derivmatch lr=0.003 iter=1625/2500 loss=1.037e-5
  derivmatch lr=0.003 iter=1750/2500 loss=1.039e-5
  derivmatch lr=0.003 iter=1875/2500 loss=9.38e-6
  derivmatch lr=0.003 iter=2000/2500 loss=3.223e-5
  derivmatch lr=0.003 iter=2125/2500 loss=8.442e-6
  derivmatch lr=0.003 iter=2250/2500 loss=8.589e-6
  derivmatch lr=0.003 iter=2375/2500 loss=7.384e-6
  derivmatch lr=0.003 iter=2500/2500 loss=8.648e-6
  derivmatch lr=0.003 iter=2500/2500 loss=7.22e-6
  derivmatch lr=0.001 iter=125/2500 loss=7.132e-6
  derivmatch lr=0.001 iter=250/2500 loss=7.035e-6
  derivmatch lr=0.001 iter=375/2500 loss=6.929e-6
  derivmatch lr=0.001 iter=500/2500 loss=6.789e-6
  derivmatch lr=0.001 iter=625/2500 loss=6.969e-6
  derivmatch lr=0.001 iter=750/2500 loss=6.498e-6
  derivmatch lr=0.001 iter=875/2500 loss=7.068e-6
  derivmatch lr=0.001 iter=1000/2500 loss=6.176e-6
  derivmatch lr=0.001 iter=1125/2500 loss=6.004e-6
  derivmatch lr=0.001 iter=1250/2500 loss=5.831e-6
  derivmatch lr=0.001 iter=1375/2500 loss=5.652e-6
  derivmatch lr=0.001 iter=1500/2500 loss=5.636e-6
  derivmatch lr=0.001 iter=1625/2500 loss=5.285e-6
  derivmatch lr=0.001 iter=1750/2500 loss=5.097e-6
  derivmatch lr=0.001 iter=1875/2500 loss=4.911e-6
  derivmatch lr=0.001 iter=2000/2500 loss=4.723e-6
  derivmatch lr=0.001 iter=2125/2500 loss=4.555e-6
  derivmatch lr=0.001 iter=2250/2500 loss=4.382e-6
  derivmatch lr=0.001 iter=2375/2500 loss=4.224e-6
  derivmatch lr=0.001 iter=2500/2500 loss=4.069e-6
  derivmatch lr=0.001 iter=2500/2500 loss=4.069e-6
  derivmatch lr=0.0003 iter=80/1600 loss=4.046e-6
  derivmatch lr=0.0003 iter=160/1600 loss=4.028e-6
  derivmatch lr=0.0003 iter=240/1600 loss=4.006e-6
  derivmatch lr=0.0003 iter=320/1600 loss=3.979e-6
  derivmatch lr=0.0003 iter=400/1600 loss=3.949e-6
  derivmatch lr=0.0003 iter=480/1600 loss=3.916e-6
  derivmatch lr=0.0003 iter=560/1600 loss=3.879e-6
  derivmatch lr=0.0003 iter=640/1600 loss=3.839e-6
  derivmatch lr=0.0003 iter=720/1600 loss=3.796e-6
  derivmatch lr=0.0003 iter=800/1600 loss=3.751e-6
  derivmatch lr=0.0003 iter=880/1600 loss=3.704e-6
  derivmatch lr=0.0003 iter=960/1600 loss=3.654e-6
  derivmatch lr=0.0003 iter=1040/1600 loss=3.602e-6
  derivmatch lr=0.0003 iter=1120/1600 loss=3.549e-6
  derivmatch lr=0.0003 iter=1200/1600 loss=3.493e-6
  derivmatch lr=0.0003 iter=1280/1600 loss=3.437e-6
  derivmatch lr=0.0003 iter=1360/1600 loss=3.378e-6
  derivmatch lr=0.0003 iter=1440/1600 loss=3.319e-6
  derivmatch lr=0.0003 iter=1520/1600 loss=3.258e-6
  derivmatch lr=0.0003 iter=1600/1600 loss=3.196e-6
  derivmatch lr=0.0003 iter=1600/1600 loss=3.196e-6
derivative matching [32s]  fitloss=3.2e-6
  [derivative matching]  nrmse=0.0004716  l2=0.02245
  collocation: M=300 residuals=2394  detecting sparsity + solving...

Algorithm: LevenbergMarquardt(
    trustregion = LevenbergMarquardtTrustRegion(
        β_uphill = 0.0
    ),
    descent = GeodesicAcceleration(
        descent = DampedNewtonDescent(
            linsolve = KLUFactorization(
                reuse_symbolic = true,
                check_pattern = true
            ),
            initial_damping = 1.0,
            damping_fn = LevenbergMarquardtDampingFunction(
                increase_factor = 2.0,
                decrease_factor = 3.0,
                min_damping = 1.0e-8
            ),
            min_norm_mode = :auto
        ),
        finite_diff_step_geodesic = 0.1,
        α = 0.75
    ),
    autodiff = AutoForwardDiff(),
    vjp_autodiff = AutoFiniteDiff(
        fdtype = Val{:forward}(),
        fdjtype = Val{:forward}(),
        fdhtype = Val{:hcentral}(),
        dir = true
    ),
    jvp_autodiff = AutoForwardDiff(),
    concrete_jac = Val{true}()
)

----    	-------------       	-----------         
Iter    	f(u) 2-norm         	Step 2-norm         
----    	-------------       	-----------         
0       	2.53080240e+01      	5.26370079e-317     
1       	1.18360769e+01      	3.70674183e-02      
8       	7.58272060e-03      	3.97369842e-03      
15      	9.30422575e-04      	2.54520151e-03      
22      	2.90383269e-03      	1.33731694e-01      
29      	6.14652864e-01      	7.07681333e-01      
36      	7.06087781e-02      	2.85650019e-01      
43      	3.77220505e-02      	0.00000000e+00      
50      	3.46490518e-03      	0.00000000e+00      
57      	9.23666691e-01      	0.00000000e+00      
64      	6.99253851e-04      	9.76059461e-02      
71      	6.69798786e-02      	2.80913745e-01      
78      	4.03838428e-01      	0.00000000e+00      
85      	5.47404353e-04      	0.00000000e+00      
92      	1.93776107e-02      	1.18317517e-01      
99      	2.54577471e-01      	0.00000000e+00      
106     	2.23808210e-01      	4.41409623e-01      
113     	3.70364385e-01      	0.00000000e+00      
120     	9.80536695e-03      	8.94157354e-02      
127     	6.99853730e-02      	0.00000000e+00      
134     	1.74471306e-02      	0.00000000e+00      
141     	6.62425699e-03      	0.00000000e+00      
148     	2.44034357e-01      	0.00000000e+00      
Final   	2.52166988e-05      
----------------------      
  AMR 1/3: M=300  err=2.49e-11  obs=6.94e-8  nrmse=9.17e-7  best=9.17e-7  refined=1
  collocation: M=301 residuals=2400  detecting sparsity + solving...

Algorithm: LevenbergMarquardt(
    trustregion = LevenbergMarquardtTrustRegion(
        β_uphill = 0.0
    ),
    descent = GeodesicAcceleration(
        descent = DampedNewtonDescent(
            linsolve = KLUFactorization(
                reuse_symbolic = true,
                check_pattern = true
            ),
            initial_damping = 1.0,
            damping_fn = LevenbergMarquardtDampingFunction(
                increase_factor = 2.0,
                decrease_factor = 3.0,
                min_damping = 1.0e-8
            ),
            min_norm_mode = :auto
        ),
        finite_diff_step_geodesic = 0.1,
        α = 0.75
    ),
    autodiff = AutoForwardDiff(),
    vjp_autodiff = AutoFiniteDiff(
        fdtype = Val{:forward}(),
        fdjtype = Val{:forward}(),
        fdhtype = Val{:hcentral}(),
        dir = true
    ),
    jvp_autodiff = AutoForwardDiff(),
    concrete_jac = Val{true}()
)

----    	-------------       	-----------         
Iter    	f(u) 2-norm         	Step 2-norm         
----    	-------------       	-----------         
0       	2.54820489e+01      	2.23634077e-310     
1       	1.17848614e+01      	1.31631492e-02      
8       	3.61788492e-03      	1.32249324e-03      
15      	8.64117417e-04      	1.06617253e-03      
22      	4.92862334e-06      	2.54188830e-04      
29      	6.63701040e-06      	1.37087512e-02      
36      	1.21795738e-02      	0.00000000e+00      
43      	1.69653169e-03      	9.38951608e-02      
50      	3.76782369e-02      	0.00000000e+00      
57      	4.72756485e-02      	1.82598371e-01      
64      	1.04448774e-01      	0.00000000e+00      
71      	7.59104075e-04      	6.24313851e-02      
78      	2.38376488e-01      	0.00000000e+00      
85      	1.31650675e-01      	0.00000000e+00      
92      	1.79429906e-01      	0.00000000e+00      
99      	2.62196741e-02      	0.00000000e+00      
106     	1.40307622e-05      	1.42172665e-02      
113     	1.92150836e-01      	0.00000000e+00      
120     	2.09828028e-02      	0.00000000e+00      
127     	3.37060926e-05      	0.00000000e+00      
134     	4.06291051e-05      	1.48875555e-02      
141     	8.86160951e-03      	0.00000000e+00      
148     	1.64319654e-02      	1.10931911e-01      
Final   	4.90875939e-06      
----------------------      
  AMR 2/3: M=301  err=7.32e-13  obs=6.89e-8  nrmse=9.58e-7  best=9.17e-7  refined=21
  collocation: M=322 residuals=2526  detecting sparsity + solving...

Algorithm: LevenbergMarquardt(
    trustregion = LevenbergMarquardtTrustRegion(
        β_uphill = 0.0
    ),
    descent = GeodesicAcceleration(
        descent = DampedNewtonDescent(
            linsolve = KLUFactorization(
                reuse_symbolic = true,
                check_pattern = true
            ),
            initial_damping = 1.0,
            damping_fn = LevenbergMarquardtDampingFunction(
                increase_factor = 2.0,
                decrease_factor = 3.0,
                min_damping = 1.0e-8
            ),
            min_norm_mode = :auto
        ),
        finite_diff_step_geodesic = 0.1,
        α = 0.75
    ),
    autodiff = AutoForwardDiff(),
    vjp_autodiff = AutoFiniteDiff(
        fdtype = Val{:forward}(),
        fdjtype = Val{:forward}(),
        fdhtype = Val{:hcentral}(),
        dir = true
    ),
    jvp_autodiff = AutoForwardDiff(),
    concrete_jac = Val{true}()
)

----    	-------------       	-----------         
Iter    	f(u) 2-norm         	Step 2-norm         
----    	-------------       	-----------         
0       	2.49150414e+01      	1.56125437e+03      
1       	1.14524463e+01      	1.32143966e-02      
8       	6.99884940e-03      	1.37536378e-03      
15      	8.41027955e-04      	1.01298037e-03      
22      	4.28331601e-06      	2.40471172e-04      
29      	5.93755681e-06      	1.07455413e-02      
36      	5.40533579e-02      	0.00000000e+00      
43      	3.70736909e-02      	0.00000000e+00      
50      	7.51574004e-02      	0.00000000e+00      
57      	4.76167047e-03      	0.00000000e+00      
64      	6.73191594e-05      	3.40645911e-02      
71      	2.88864371e-04      	0.00000000e+00      
78      	6.74518997e-03      	2.37080104e-01      
85      	1.16893499e+00      	0.00000000e+00      
92      	2.87637213e-03      	8.04779209e-02      
99      	2.58910693e-03      	7.03294920e-02      
106     	3.11019935e-02      	0.00000000e+00      
113     	1.99509707e-03      	0.00000000e+00      
120     	2.50024332e-01      	0.00000000e+00      
127     	5.57050912e-04      	0.00000000e+00      
134     	2.18580571e-01      	0.00000000e+00      
141     	6.95571893e-02      	0.00000000e+00      
148     	1.38782740e-01      	0.00000000e+00      
Final   	4.26367042e-06      
----------------------      
  AMR 3/3: M=322  err=4.75e-13  obs=5.38e-8  nrmse=8.99e-7  best=8.99e-7  refined=0
collocation [129s]
  [final]  nrmse=8.988e-7  l2=3.896e-5
extrapolation window: T=15.0 -> T_test=30.0  n_test=600
  [train]  E_traj=2.077e-12  E_VF=6.184e-8  E_spec=0.4338
  [test ]  E_traj=37.75  E_VF=29.79  E_spec=0.6097
saved /orcd/home/002/txenakis/projects/BVPsolver/src/../data/runs/run_8URum1e6/davis-skodje_fit.png
saved /orcd/home/002/txenakis/projects/BVPsolver/src/../data/runs/run_8URum1e6/davis-skodje_fit_extrapolated.png
saved /orcd/home/002/txenakis/projects/BVPsolver/src/../data/runs/run_8URum1e6/davis-skodje_spectral_fit_extrapolated.png
saved /orcd/home/002/txenakis/projects/BVPsolver/src/../data/runs/run_8URum1e6/davis-skodje_vf_fit_extrapolated.png
┌ Warning: Attempting to store StiffNN.var"#22#23"{Float64}.
│ JLD2 only stores functions by name.
│  This may not be useful for anonymous functions.
└ @ JLD2 ~/.julia/packages/JLD2/ADycq/src/data/writing_datatypes.jl:447
saved run → /orcd/home/002/txenakis/projects/BVPsolver/src/../data/runs/run_8URum1e6
