vanderpol  model=stiff width=12 d=2 tlen=151 profile=fast seed=503  solver=Kvaerno5  N=268
  derivmatch lr=0.01 iter=170/3400 loss=5.175
  derivmatch lr=0.01 iter=340/3400 loss=5.188
  derivmatch lr=0.01 iter=510/3400 loss=2.063
  derivmatch lr=0.01 iter=680/3400 loss=4.607
  derivmatch lr=0.01 iter=850/3400 loss=1.416
  derivmatch lr=0.01 iter=1020/3400 loss=4.118
  derivmatch lr=0.01 iter=1190/3400 loss=4.64
  derivmatch lr=0.01 iter=1360/3400 loss=1.44
  derivmatch lr=0.01 iter=1530/3400 loss=0.6244
  derivmatch lr=0.01 iter=1700/3400 loss=3.39
  derivmatch lr=0.01 iter=1870/3400 loss=2.157
  derivmatch lr=0.01 iter=2040/3400 loss=1.231
  derivmatch lr=0.01 iter=2210/3400 loss=1.414
  derivmatch lr=0.01 iter=2380/3400 loss=1.556
  derivmatch lr=0.01 iter=2550/3400 loss=1.656
  derivmatch lr=0.01 iter=2720/3400 loss=0.5973
  derivmatch lr=0.01 iter=2890/3400 loss=1.171
  derivmatch lr=0.01 iter=3060/3400 loss=0.09332
  derivmatch lr=0.01 iter=3230/3400 loss=0.6026
  derivmatch lr=0.01 iter=3400/3400 loss=1.361
  derivmatch lr=0.01 iter=3400/3400 loss=0.0602
  derivmatch lr=0.003 iter=125/2500 loss=0.0153
  derivmatch lr=0.003 iter=250/2500 loss=0.02511
  derivmatch lr=0.003 iter=375/2500 loss=0.02578
  derivmatch lr=0.003 iter=500/2500 loss=0.0235
  derivmatch lr=0.003 iter=625/2500 loss=0.02661
  derivmatch lr=0.003 iter=750/2500 loss=0.02057
  derivmatch lr=0.003 iter=875/2500 loss=0.02027
  derivmatch lr=0.003 iter=1000/2500 loss=0.01902
  derivmatch lr=0.003 iter=1125/2500 loss=0.01816
  derivmatch lr=0.003 iter=1250/2500 loss=0.01766
  derivmatch lr=0.003 iter=1375/2500 loss=0.01878
  derivmatch lr=0.003 iter=1500/2500 loss=0.01687
  derivmatch lr=0.003 iter=1625/2500 loss=0.01942
  derivmatch lr=0.003 iter=1750/2500 loss=0.01744
  derivmatch lr=0.003 iter=1875/2500 loss=0.01762
  derivmatch lr=0.003 iter=2000/2500 loss=0.01774
  derivmatch lr=0.003 iter=2125/2500 loss=0.01815
  derivmatch lr=0.003 iter=2250/2500 loss=0.01628
  derivmatch lr=0.003 iter=2375/2500 loss=0.02119
  derivmatch lr=0.003 iter=2500/2500 loss=0.01622
  derivmatch lr=0.003 iter=2500/2500 loss=0.0144
  derivmatch lr=0.001 iter=125/2500 loss=0.004358
  derivmatch lr=0.001 iter=250/2500 loss=0.003596
  derivmatch lr=0.001 iter=375/2500 loss=0.003004
  derivmatch lr=0.001 iter=500/2500 loss=0.003304
  derivmatch lr=0.001 iter=625/2500 loss=0.011
  derivmatch lr=0.001 iter=750/2500 loss=0.003706
  derivmatch lr=0.001 iter=875/2500 loss=0.00201
  derivmatch lr=0.001 iter=1000/2500 loss=0.007366
  derivmatch lr=0.001 iter=1125/2500 loss=0.001724
  derivmatch lr=0.001 iter=1250/2500 loss=0.001283
  derivmatch lr=0.001 iter=1375/2500 loss=0.001216
  derivmatch lr=0.001 iter=1500/2500 loss=0.001073
  derivmatch lr=0.001 iter=1625/2500 loss=0.001127
  derivmatch lr=0.001 iter=1750/2500 loss=0.006065
  derivmatch lr=0.001 iter=1875/2500 loss=0.003953
  derivmatch lr=0.001 iter=2000/2500 loss=0.005924
  derivmatch lr=0.001 iter=2125/2500 loss=0.0027
  derivmatch lr=0.001 iter=2250/2500 loss=0.002732
  derivmatch lr=0.001 iter=2375/2500 loss=0.002901
  derivmatch lr=0.001 iter=2500/2500 loss=0.002802
  derivmatch lr=0.001 iter=2500/2500 loss=0.0009125
  derivmatch lr=0.0003 iter=80/1600 loss=0.0009309
  derivmatch lr=0.0003 iter=160/1600 loss=0.0008963
  derivmatch lr=0.0003 iter=240/1600 loss=0.0008845
  derivmatch lr=0.0003 iter=320/1600 loss=0.000871
  derivmatch lr=0.0003 iter=400/1600 loss=0.0008562
  derivmatch lr=0.0003 iter=480/1600 loss=0.0008404
  derivmatch lr=0.0003 iter=560/1600 loss=0.0008238
  derivmatch lr=0.0003 iter=640/1600 loss=0.0008065
  derivmatch lr=0.0003 iter=720/1600 loss=0.0007888
  derivmatch lr=0.0003 iter=800/1600 loss=0.0007708
  derivmatch lr=0.0003 iter=880/1600 loss=0.0007526
  derivmatch lr=0.0003 iter=960/1600 loss=0.0007343
  derivmatch lr=0.0003 iter=1040/1600 loss=0.000716
  derivmatch lr=0.0003 iter=1120/1600 loss=0.0006978
  derivmatch lr=0.0003 iter=1200/1600 loss=0.0006798
  derivmatch lr=0.0003 iter=1280/1600 loss=0.000662
  derivmatch lr=0.0003 iter=1360/1600 loss=0.0006445
  derivmatch lr=0.0003 iter=1440/1600 loss=0.007764
  derivmatch lr=0.0003 iter=1520/1600 loss=0.0006148
  derivmatch lr=0.0003 iter=1600/1600 loss=0.0005995
  derivmatch lr=0.0003 iter=1600/1600 loss=0.0005995
derivative matching [34s]  fitloss=0.0006
  [derivative matching]  nrmse=0.3185  l2=325.2
  collocation: M=163 residuals=1274  detecting sparsity + solving...

Algorithm: LevenbergMarquardt(
    trustregion = LevenbergMarquardtTrustRegion(
        β_uphill = 0.0
    ),
    descent = GeodesicAcceleration(
        descent = DampedNewtonDescent(
            linsolve = KLUFactorization(
                reuse_symbolic = true,
                check_pattern = true
            ),
            initial_damping = 1.0,
            damping_fn = LevenbergMarquardtDampingFunction(
                increase_factor = 2.0,
                decrease_factor = 3.0,
                min_damping = 1.0e-8
            ),
            min_norm_mode = :auto
        ),
        finite_diff_step_geodesic = 0.1,
        α = 0.75
    ),
    autodiff = AutoForwardDiff(),
    vjp_autodiff = AutoFiniteDiff(
        fdtype = Val{:forward}(),
        fdjtype = Val{:forward}(),
        fdhtype = Val{:hcentral}(),
        dir = true
    ),
    jvp_autodiff = AutoForwardDiff(),
    concrete_jac = Val{true}()
)

----    	-------------       	-----------         
Iter    	f(u) 2-norm         	Step 2-norm         
----    	-------------       	-----------         
0       	1.90873014e+02      	NaN                 
1       	6.56824743e+01      	2.74756268e-01      
8       	2.58463101e-01      	2.02543878e-02      
15      	4.17341758e-02      	7.16164267e-02      
22      	6.44764690e+00      	1.13834284e+00      
29      	4.46803808e+00      	9.20425229e-01      
36      	6.68882725e+00      	0.00000000e+00      
43      	1.18234917e-01      	2.14453169e-01      
50      	1.79497685e-01      	0.00000000e+00      
57      	1.90939033e-02      	0.00000000e+00      
64      	5.32862374e-03      	1.01457304e-01      
71      	1.15832318e-01      	1.72459062e-01      
78      	4.06946809e+00      	4.57254784e-01      
85      	4.25181709e-02      	0.00000000e+00      
92      	8.78530947e-03      	9.38362699e-02      
99      	8.34387563e-02      	1.82556123e-01      
106     	2.27331796e+00      	0.00000000e+00      
113     	2.07010161e-01      	0.00000000e+00      
120     	2.27811153e+00      	2.89304133e-01      
127     	6.63785867e-01      	0.00000000e+00      
134     	4.35565231e-04      	4.10602350e-02      
141     	3.96469958e-01      	1.26636459e-01      
148     	2.39411780e-04      	0.00000000e+00      
Final   	2.39411780e-04      
----------------------      
  AMR 1/1: M=163  err=6.37e-9  obs=4.42e-6  nrmse=0.254  best=0.254  refined=0
collocation [34s]
  [final]  nrmse=0.2544  l2=273.7
extrapolation window: T=200.0 -> T_test=400.0  n_test=302
  [train]  E_traj=0.735  E_VF=0.001354  E_spec=0.1821
  [test ]  E_traj=14.14  E_VF=0.1513  E_spec=0.05315
saved /orcd/home/002/txenakis/projects/BVPsolver/src/../data/runs/run_rvuO8owL/vanderpol_fit.png
saved /orcd/home/002/txenakis/projects/BVPsolver/src/../data/runs/run_rvuO8owL/vanderpol_fit_extrapolated.png
saved /orcd/home/002/txenakis/projects/BVPsolver/src/../data/runs/run_rvuO8owL/vanderpol_spectral_fit_extrapolated.png
saved /orcd/home/002/txenakis/projects/BVPsolver/src/../data/runs/run_rvuO8owL/vanderpol_vf_fit_extrapolated.png
saved /orcd/home/002/txenakis/projects/BVPsolver/src/../data/runs/run_rvuO8owL/vanderpol_sensitivity_vs_stiffness_derivmatch.png
saved /orcd/home/002/txenakis/projects/BVPsolver/src/../data/runs/run_rvuO8owL/vanderpol_sensitivity_vs_stiffness_collocation.png
┌ Warning: Attempting to store StiffNN.var"#14#15"{Float64}.
│ JLD2 only stores functions by name.
│  This may not be useful for anonymous functions.
└ @ JLD2 ~/.julia/packages/JLD2/ADycq/src/data/writing_datatypes.jl:447
saved run → /orcd/home/002/txenakis/projects/BVPsolver/src/../data/runs/run_rvuO8owL
