rober  model=mlp width=15 d=3 tlen=50 profile=fast seed=13  solver=Rodas5  N=348
  derivmatch lr=0.01 iter=170/3400 loss=37.61
  derivmatch lr=0.01 iter=340/3400 loss=46.46
  derivmatch lr=0.01 iter=510/3400 loss=49.82
  derivmatch lr=0.01 iter=680/3400 loss=49.64
  derivmatch lr=0.01 iter=850/3400 loss=41.29
  derivmatch lr=0.01 iter=1020/3400 loss=42.58
  derivmatch lr=0.01 iter=1190/3400 loss=42.65
  derivmatch lr=0.01 iter=1360/3400 loss=48.06
  derivmatch lr=0.01 iter=1530/3400 loss=50.68
  derivmatch lr=0.01 iter=1700/3400 loss=48.49
  derivmatch lr=0.01 iter=1870/3400 loss=48.39
  derivmatch lr=0.01 iter=2040/3400 loss=41.09
  derivmatch lr=0.01 iter=2210/3400 loss=40.58
  derivmatch lr=0.01 iter=2380/3400 loss=56.28
  derivmatch lr=0.01 iter=2550/3400 loss=47.93
  derivmatch lr=0.01 iter=2720/3400 loss=56.47
  derivmatch lr=0.01 iter=2890/3400 loss=49.72
  derivmatch lr=0.01 iter=3060/3400 loss=51.21
  derivmatch lr=0.01 iter=3230/3400 loss=50.89
  derivmatch lr=0.01 iter=3400/3400 loss=38.75
  derivmatch lr=0.01 iter=3400/3400 loss=21.79
  derivmatch lr=0.003 iter=125/2500 loss=16.47
  derivmatch lr=0.003 iter=250/2500 loss=36.7
  derivmatch lr=0.003 iter=375/2500 loss=33.82
  derivmatch lr=0.003 iter=500/2500 loss=34.18
  derivmatch lr=0.003 iter=625/2500 loss=29.81
  derivmatch lr=0.003 iter=750/2500 loss=29.65
  derivmatch lr=0.003 iter=875/2500 loss=29.03
  derivmatch lr=0.003 iter=1000/2500 loss=19.97
  derivmatch lr=0.003 iter=1125/2500 loss=27.24
  derivmatch lr=0.003 iter=1250/2500 loss=27.51
  derivmatch lr=0.003 iter=1375/2500 loss=26.38
  derivmatch lr=0.003 iter=1500/2500 loss=26.39
  derivmatch lr=0.003 iter=1625/2500 loss=32.15
  derivmatch lr=0.003 iter=1750/2500 loss=29.02
  derivmatch lr=0.003 iter=1875/2500 loss=36.31
  derivmatch lr=0.003 iter=2000/2500 loss=32.4
  derivmatch lr=0.003 iter=2125/2500 loss=31.51
  derivmatch lr=0.003 iter=2250/2500 loss=26.34
  derivmatch lr=0.003 iter=2375/2500 loss=26.02
  derivmatch lr=0.003 iter=2500/2500 loss=40.49
  derivmatch lr=0.003 iter=2500/2500 loss=14.18
  derivmatch lr=0.001 iter=125/2500 loss=15.36
  derivmatch lr=0.001 iter=250/2500 loss=28.58
  derivmatch lr=0.001 iter=375/2500 loss=26.67
  derivmatch lr=0.001 iter=500/2500 loss=21.89
  derivmatch lr=0.001 iter=625/2500 loss=20.47
  derivmatch lr=0.001 iter=750/2500 loss=18.78
  derivmatch lr=0.001 iter=875/2500 loss=18.72
  derivmatch lr=0.001 iter=1000/2500 loss=14.51
  derivmatch lr=0.001 iter=1125/2500 loss=11.23
  derivmatch lr=0.001 iter=1250/2500 loss=29.61
  derivmatch lr=0.001 iter=1375/2500 loss=28.86
  derivmatch lr=0.001 iter=1500/2500 loss=29.96
  derivmatch lr=0.001 iter=1625/2500 loss=27.96
  derivmatch lr=0.001 iter=1750/2500 loss=27.85
  derivmatch lr=0.001 iter=1875/2500 loss=21.25
  derivmatch lr=0.001 iter=2000/2500 loss=19.94
  derivmatch lr=0.001 iter=2125/2500 loss=23.24
  derivmatch lr=0.001 iter=2250/2500 loss=18.6
  derivmatch lr=0.001 iter=2375/2500 loss=16.99
  derivmatch lr=0.001 iter=2500/2500 loss=26.19
  derivmatch lr=0.001 iter=2500/2500 loss=8.604
  derivmatch lr=0.0003 iter=80/1600 loss=10.02
  derivmatch lr=0.0003 iter=160/1600 loss=7.788
  derivmatch lr=0.0003 iter=240/1600 loss=7.417
  derivmatch lr=0.0003 iter=320/1600 loss=7.861
  derivmatch lr=0.0003 iter=400/1600 loss=17.16
  derivmatch lr=0.0003 iter=480/1600 loss=16.75
  derivmatch lr=0.0003 iter=560/1600 loss=15.69
  derivmatch lr=0.0003 iter=640/1600 loss=14.32
  derivmatch lr=0.0003 iter=720/1600 loss=13.4
  derivmatch lr=0.0003 iter=800/1600 loss=10.73
  derivmatch lr=0.0003 iter=880/1600 loss=7.801
  derivmatch lr=0.0003 iter=960/1600 loss=7.327
  derivmatch lr=0.0003 iter=1040/1600 loss=11.58
  derivmatch lr=0.0003 iter=1120/1600 loss=7.18
  derivmatch lr=0.0003 iter=1200/1600 loss=7.033
  derivmatch lr=0.0003 iter=1280/1600 loss=6.695
  derivmatch lr=0.0003 iter=1360/1600 loss=11.99
  derivmatch lr=0.0003 iter=1440/1600 loss=15.89
  derivmatch lr=0.0003 iter=1520/1600 loss=12.39
  derivmatch lr=0.0003 iter=1600/1600 loss=12.4
  derivmatch lr=0.0003 iter=1600/1600 loss=6.559
derivative matching [23s]  fitloss=6.56
  [derivative matching]  nrmse=129600.0  l2=308.1
extrapolation window: T=1000.0 -> T_test=1.0e12  n_test=100
  [train]  E_traj=4.371e10  E_VF=0.6384  E_spec=7.588999999999999e26
  [test ]  E_traj=1.604e32  E_VF=2.962e17  E_spec=2.278e29
saved /orcd/home/002/txenakis/projects/BVPsolver/src/../data/runs/run_Bi3w0SVn/rober_fit.png
saved /orcd/home/002/txenakis/projects/BVPsolver/src/../data/runs/run_Bi3w0SVn/rober_fit_extrapolated.png
saved /orcd/home/002/txenakis/projects/BVPsolver/src/../data/runs/run_Bi3w0SVn/rober_spectral_fit_extrapolated.png
saved /orcd/home/002/txenakis/projects/BVPsolver/src/../data/runs/run_Bi3w0SVn/rober_vf_fit_extrapolated.png
┌ Warning: Attempting to store StiffNN.var"#12#13"{Float64, Float64, Float64}.
│ JLD2 only stores functions by name.
│  This may not be useful for anonymous functions.
└ @ JLD2 ~/.julia/packages/JLD2/ADycq/src/data/writing_datatypes.jl:447
saved run → /orcd/home/002/txenakis/projects/BVPsolver/src/../data/runs/run_Bi3w0SVn
