davis-skodje  model=mlp width=14 d=2 tlen=300 profile=fast seed=134  solver=Rodas5P  N=282
  derivmatch lr=0.01 iter=170/3400 loss=4.575
  derivmatch lr=0.01 iter=340/3400 loss=3.009
  derivmatch lr=0.01 iter=510/3400 loss=3.332
  derivmatch lr=0.01 iter=680/3400 loss=2.455
  derivmatch lr=0.01 iter=850/3400 loss=1.823
  derivmatch lr=0.01 iter=1020/3400 loss=1.235
  derivmatch lr=0.01 iter=1190/3400 loss=2.016
  derivmatch lr=0.01 iter=1360/3400 loss=2.12
  derivmatch lr=0.01 iter=1530/3400 loss=1.287
  derivmatch lr=0.01 iter=1700/3400 loss=1.945
  derivmatch lr=0.01 iter=1870/3400 loss=1.306
  derivmatch lr=0.01 iter=2040/3400 loss=1.228
  derivmatch lr=0.01 iter=2210/3400 loss=0.8123
  derivmatch lr=0.01 iter=2380/3400 loss=0.6116
  derivmatch lr=0.01 iter=2550/3400 loss=0.9314
  derivmatch lr=0.01 iter=2720/3400 loss=0.5089
  derivmatch lr=0.01 iter=2890/3400 loss=0.9186
  derivmatch lr=0.01 iter=3060/3400 loss=0.9013
  derivmatch lr=0.01 iter=3230/3400 loss=0.9866
  derivmatch lr=0.01 iter=3400/3400 loss=0.9931
  derivmatch lr=0.01 iter=3400/3400 loss=0.4184
  derivmatch lr=0.003 iter=125/2500 loss=0.3808
  derivmatch lr=0.003 iter=250/2500 loss=0.3568
  derivmatch lr=0.003 iter=375/2500 loss=0.3398
  derivmatch lr=0.003 iter=500/2500 loss=0.3195
  derivmatch lr=0.003 iter=625/2500 loss=0.3058
  derivmatch lr=0.003 iter=750/2500 loss=0.2883
  derivmatch lr=0.003 iter=875/2500 loss=0.2778
  derivmatch lr=0.003 iter=1000/2500 loss=0.2696
  derivmatch lr=0.003 iter=1125/2500 loss=0.2546
  derivmatch lr=0.003 iter=1250/2500 loss=0.2517
  derivmatch lr=0.003 iter=1375/2500 loss=0.244
  derivmatch lr=0.003 iter=1500/2500 loss=0.2405
  derivmatch lr=0.003 iter=1625/2500 loss=0.2318
  derivmatch lr=0.003 iter=1750/2500 loss=0.2283
  derivmatch lr=0.003 iter=1875/2500 loss=0.2197
  derivmatch lr=0.003 iter=2000/2500 loss=0.2165
  derivmatch lr=0.003 iter=2125/2500 loss=0.2079
  derivmatch lr=0.003 iter=2250/2500 loss=0.2051
  derivmatch lr=0.003 iter=2375/2500 loss=0.1969
  derivmatch lr=0.003 iter=2500/2500 loss=0.1944
  derivmatch lr=0.003 iter=2500/2500 loss=0.1917
  derivmatch lr=0.001 iter=125/2500 loss=0.1811
  derivmatch lr=0.001 iter=250/2500 loss=0.1797
  derivmatch lr=0.001 iter=375/2500 loss=0.1782
  derivmatch lr=0.001 iter=500/2500 loss=0.1767
  derivmatch lr=0.001 iter=625/2500 loss=0.1749
  derivmatch lr=0.001 iter=750/2500 loss=0.1724
  derivmatch lr=0.001 iter=875/2500 loss=0.1699
  derivmatch lr=0.001 iter=1000/2500 loss=0.167
  derivmatch lr=0.001 iter=1125/2500 loss=0.1642
  derivmatch lr=0.001 iter=1250/2500 loss=0.1611
  derivmatch lr=0.001 iter=1375/2500 loss=0.1582
  derivmatch lr=0.001 iter=1500/2500 loss=0.1551
  derivmatch lr=0.001 iter=1625/2500 loss=0.1522
  derivmatch lr=0.001 iter=1750/2500 loss=0.149
  derivmatch lr=0.001 iter=1875/2500 loss=0.1461
  derivmatch lr=0.001 iter=2000/2500 loss=0.1431
  derivmatch lr=0.001 iter=2125/2500 loss=0.1403
  derivmatch lr=0.001 iter=2250/2500 loss=0.1374
  derivmatch lr=0.001 iter=2375/2500 loss=0.1348
  derivmatch lr=0.001 iter=2500/2500 loss=0.1321
  derivmatch lr=0.001 iter=2500/2500 loss=0.1321
  derivmatch lr=0.0003 iter=80/1600 loss=0.1303
  derivmatch lr=0.0003 iter=160/1600 loss=0.13
  derivmatch lr=0.0003 iter=240/1600 loss=0.1296
  derivmatch lr=0.0003 iter=320/1600 loss=0.1291
  derivmatch lr=0.0003 iter=400/1600 loss=0.1285
  derivmatch lr=0.0003 iter=480/1600 loss=0.1279
  derivmatch lr=0.0003 iter=560/1600 loss=0.1272
  derivmatch lr=0.0003 iter=640/1600 loss=0.1265
  derivmatch lr=0.0003 iter=720/1600 loss=0.1257
  derivmatch lr=0.0003 iter=800/1600 loss=0.1249
  derivmatch lr=0.0003 iter=880/1600 loss=0.1241
  derivmatch lr=0.0003 iter=960/1600 loss=0.1233
  derivmatch lr=0.0003 iter=1040/1600 loss=0.1224
  derivmatch lr=0.0003 iter=1120/1600 loss=0.1222
  derivmatch lr=0.0003 iter=1200/1600 loss=0.1209
  derivmatch lr=0.0003 iter=1280/1600 loss=0.1198
  derivmatch lr=0.0003 iter=1360/1600 loss=0.1187
  derivmatch lr=0.0003 iter=1440/1600 loss=0.118
  derivmatch lr=0.0003 iter=1520/1600 loss=0.1169
  derivmatch lr=0.0003 iter=1600/1600 loss=0.1162
  derivmatch lr=0.0003 iter=1600/1600 loss=0.1161
derivative matching [25s]  fitloss=0.116
  [derivative matching]  nrmse=0.04645  l2=2.266
  shooting iter=50/1000 loss=0.01689
  shooting iter=100/1000 loss=0.01524
  shooting iter=150/1000 loss=0.01454
  shooting iter=200/1000 loss=0.01282
  shooting iter=250/1000 loss=0.01187
  shooting iter=300/1000 loss=0.01071
  shooting iter=350/1000 loss=0.00985
  shooting iter=400/1000 loss=0.009075
  shooting iter=450/1000 loss=0.009152
  shooting iter=500/1000 loss=0.007881
  shooting iter=550/1000 loss=0.007065
  shooting iter=600/1000 loss=0.006507
  shooting iter=650/1000 loss=0.006291
  shooting iter=700/1000 loss=0.006389
  shooting iter=750/1000 loss=0.005437
  shooting iter=800/1000 loss=0.005571
  shooting iter=850/1000 loss=0.004494
  shooting iter=900/1000 loss=0.005164
  shooting iter=950/1000 loss=0.004182
  shooting iter=1000/1000 loss=0.004635
  shooting iter=1000/1000 loss=0.003839
shooting [596s]  loss=0.00384
  [final]  nrmse=0.009725  l2=0.4757
extrapolation window: T=15.0 -> T_test=30.0  n_test=600
  [train]  E_traj=0.0002839  E_VF=0.02995  E_spec=1.519
  [test ]  E_traj=1.909e8  E_VF=9.454e11  E_spec=6.657
saved /orcd/home/002/txenakis/projects/BVPsolver/src/../data/runs/run_i0CASx0m/davis-skodje_fit.png
saved /orcd/home/002/txenakis/projects/BVPsolver/src/../data/runs/run_i0CASx0m/davis-skodje_fit_extrapolated.png
saved /orcd/home/002/txenakis/projects/BVPsolver/src/../data/runs/run_i0CASx0m/davis-skodje_spectral_fit_extrapolated.png
saved /orcd/home/002/txenakis/projects/BVPsolver/src/../data/runs/run_i0CASx0m/davis-skodje_vf_fit_extrapolated.png
┌ Warning: Attempting to store StiffNN.var"#22#23"{Float64}.
│ JLD2 only stores functions by name.
│  This may not be useful for anonymous functions.
└ @ JLD2 ~/.julia/packages/JLD2/ADycq/src/data/writing_datatypes.jl:447
saved run → /orcd/home/002/txenakis/projects/BVPsolver/src/../data/runs/run_i0CASx0m
