rober  model=stiff width=12 d=3 tlen=50 profile=fast seed=130  solver=Rodas5  N=318
  derivmatch lr=0.01 iter=170/3400 loss=0.2623
  derivmatch lr=0.01 iter=340/3400 loss=0.1092
  derivmatch lr=0.01 iter=510/3400 loss=0.06314
  derivmatch lr=0.01 iter=680/3400 loss=0.03947
  derivmatch lr=0.01 iter=850/3400 loss=0.1415
  derivmatch lr=0.01 iter=1020/3400 loss=0.01941
  derivmatch lr=0.01 iter=1190/3400 loss=0.01573
  derivmatch lr=0.01 iter=1360/3400 loss=0.02277
  derivmatch lr=0.01 iter=1530/3400 loss=0.009751
  derivmatch lr=0.01 iter=1700/3400 loss=0.008877
  derivmatch lr=0.01 iter=1870/3400 loss=0.3445
  derivmatch lr=0.01 iter=2040/3400 loss=0.007301
  derivmatch lr=0.01 iter=2210/3400 loss=0.005131
  derivmatch lr=0.01 iter=2380/3400 loss=0.003968
  derivmatch lr=0.01 iter=2550/3400 loss=0.0111
  derivmatch lr=0.01 iter=2720/3400 loss=0.00754
  derivmatch lr=0.01 iter=2890/3400 loss=0.002411
  derivmatch lr=0.01 iter=3060/3400 loss=0.004358
  derivmatch lr=0.01 iter=3230/3400 loss=0.002104
  derivmatch lr=0.01 iter=3400/3400 loss=0.001514
  derivmatch lr=0.01 iter=3400/3400 loss=0.001514
  derivmatch lr=0.003 iter=125/2500 loss=0.001251
  derivmatch lr=0.003 iter=250/2500 loss=0.001014
  derivmatch lr=0.003 iter=375/2500 loss=0.0008557
  derivmatch lr=0.003 iter=500/2500 loss=0.0009304
  derivmatch lr=0.003 iter=625/2500 loss=0.0009046
  derivmatch lr=0.003 iter=750/2500 loss=0.0008424
  derivmatch lr=0.003 iter=875/2500 loss=0.0008037
  derivmatch lr=0.003 iter=1000/2500 loss=0.0006869
  derivmatch lr=0.003 iter=1125/2500 loss=0.0006149
  derivmatch lr=0.003 iter=1250/2500 loss=0.0005114
  derivmatch lr=0.003 iter=1375/2500 loss=0.0004447
  derivmatch lr=0.003 iter=1500/2500 loss=0.0004073
  derivmatch lr=0.003 iter=1625/2500 loss=0.0003842
  derivmatch lr=0.003 iter=1750/2500 loss=0.0003658
  derivmatch lr=0.003 iter=1875/2500 loss=0.0003676
  derivmatch lr=0.003 iter=2000/2500 loss=0.0003557
  derivmatch lr=0.003 iter=2125/2500 loss=0.000389
  derivmatch lr=0.003 iter=2250/2500 loss=0.0004214
  derivmatch lr=0.003 iter=2375/2500 loss=0.0003713
  derivmatch lr=0.003 iter=2500/2500 loss=0.0003772
  derivmatch lr=0.003 iter=2500/2500 loss=0.0002358
  derivmatch lr=0.001 iter=125/2500 loss=0.0002254
  derivmatch lr=0.001 iter=250/2500 loss=0.0002206
  derivmatch lr=0.001 iter=375/2500 loss=0.0002153
  derivmatch lr=0.001 iter=500/2500 loss=0.0002092
  derivmatch lr=0.001 iter=625/2500 loss=0.0002025
  derivmatch lr=0.001 iter=750/2500 loss=0.0001952
  derivmatch lr=0.001 iter=875/2500 loss=0.0001874
  derivmatch lr=0.001 iter=1000/2500 loss=0.0001792
  derivmatch lr=0.001 iter=1125/2500 loss=0.0001708
  derivmatch lr=0.001 iter=1250/2500 loss=0.0001621
  derivmatch lr=0.001 iter=1375/2500 loss=0.0001534
  derivmatch lr=0.001 iter=1500/2500 loss=0.0001451
  derivmatch lr=0.001 iter=1625/2500 loss=0.000137
  derivmatch lr=0.001 iter=1750/2500 loss=0.0001292
  derivmatch lr=0.001 iter=1875/2500 loss=0.0001217
  derivmatch lr=0.001 iter=2000/2500 loss=0.0001146
  derivmatch lr=0.001 iter=2125/2500 loss=0.0001082
  derivmatch lr=0.001 iter=2250/2500 loss=0.000102
  derivmatch lr=0.001 iter=2375/2500 loss=9.857e-5
  derivmatch lr=0.001 iter=2500/2500 loss=9.341e-5
  derivmatch lr=0.001 iter=2500/2500 loss=9.075e-5
  derivmatch lr=0.0003 iter=80/1600 loss=9.065e-5
  derivmatch lr=0.0003 iter=160/1600 loss=8.991e-5
  derivmatch lr=0.0003 iter=240/1600 loss=8.932e-5
  derivmatch lr=0.0003 iter=320/1600 loss=8.862e-5
  derivmatch lr=0.0003 iter=400/1600 loss=8.783e-5
  derivmatch lr=0.0003 iter=480/1600 loss=8.696e-5
  derivmatch lr=0.0003 iter=560/1600 loss=8.602e-5
  derivmatch lr=0.0003 iter=640/1600 loss=8.501e-5
  derivmatch lr=0.0003 iter=720/1600 loss=8.394e-5
  derivmatch lr=0.0003 iter=800/1600 loss=8.282e-5
  derivmatch lr=0.0003 iter=880/1600 loss=8.166e-5
  derivmatch lr=0.0003 iter=960/1600 loss=8.045e-5
  derivmatch lr=0.0003 iter=1040/1600 loss=7.92e-5
  derivmatch lr=0.0003 iter=1120/1600 loss=7.793e-5
  derivmatch lr=0.0003 iter=1200/1600 loss=7.662e-5
  derivmatch lr=0.0003 iter=1280/1600 loss=7.53e-5
  derivmatch lr=0.0003 iter=1360/1600 loss=7.395e-5
  derivmatch lr=0.0003 iter=1440/1600 loss=7.258e-5
  derivmatch lr=0.0003 iter=1520/1600 loss=7.12e-5
  derivmatch lr=0.0003 iter=1600/1600 loss=6.982e-5
  derivmatch lr=0.0003 iter=1600/1600 loss=6.982e-5
derivative matching [31s]  fitloss=6.98e-5
  [derivative matching]  nrmse=0.004139  l2=0.0269
  collocation: M=54 residuals=627  detecting sparsity + solving...

Algorithm: LevenbergMarquardt(
    trustregion = LevenbergMarquardtTrustRegion(
        β_uphill = 0.0
    ),
    descent = GeodesicAcceleration(
        descent = DampedNewtonDescent(
            linsolve = KLUFactorization(
                reuse_symbolic = true,
                check_pattern = true
            ),
            initial_damping = 1.0,
            damping_fn = LevenbergMarquardtDampingFunction(
                increase_factor = 2.0,
                decrease_factor = 3.0,
                min_damping = 1.0e-8
            ),
            min_norm_mode = :auto
        ),
        finite_diff_step_geodesic = 0.1,
        α = 0.75
    ),
    autodiff = AutoForwardDiff(),
    vjp_autodiff = AutoFiniteDiff(
        fdtype = Val{:forward}(),
        fdjtype = Val{:forward}(),
        fdhtype = Val{:hcentral}(),
        dir = true
    ),
    jvp_autodiff = AutoForwardDiff(),
    concrete_jac = Val{true}()
)

----    	-------------       	-----------         
Iter    	f(u) 2-norm         	Step 2-norm         
----    	-------------       	-----------         
0       	4.61811649e+03      	NaN                 
1       	1.05211136e+04      	1.97777789e-02      
8       	2.93441073e+03      	3.28245615e-02      
15      	2.07430792e+03      	2.48409381e-01      
22      	4.83364134e+01      	3.34223452e-01      
29      	3.59358370e+01      	3.70814563e-01      
36      	8.47715107e+02      	0.00000000e+00      
43      	8.40368647e+01      	2.64989852e-01      
50      	3.26274098e+02      	6.34829065e-01      
57      	4.08059669e+02      	3.71938714e-01      
64      	5.81913787e+02      	4.49716140e-01      
71      	1.97133180e+01      	1.64127873e-01      
78      	4.02911931e+00      	0.00000000e+00      
85      	2.03798669e+01      	0.00000000e+00      
92      	7.23131057e+00      	1.15407318e-01      
99      	1.19895942e+02      	0.00000000e+00      
106     	4.08318670e+01      	2.68525041e-01      
113     	8.16231827e-01      	0.00000000e+00      
120     	7.62836597e-01      	5.75644526e-02      
127     	8.44108826e+00      	9.20339040e-02      
134     	5.08872076e+01      	4.56749885e-01      
141     	2.58887874e-01      	3.46539395e-02      
148     	5.99510429e+01      	0.00000000e+00      
Final   	8.59781205e-02      
----------------------      
  AMR 1/1: M=54  err=0.000923  obs=3.39e-10  nrmse=0.00014  best=0.00014  refined=0
collocation [20s]
  [final]  nrmse=0.0001396  l2=0.0002313
extrapolation window: T=1000.0 -> T_test=1.0e12  n_test=100
  [train]  E_traj=5.277e-8  E_VF=2.249e-6  E_spec=3.078e27
  [test ]  E_traj=6.611  E_VF=3.149e10  E_spec=3.062e23
saved /orcd/home/002/txenakis/projects/BVPsolver/src/../data/runs/run_I2DcvJnt/rober_fit.png
saved /orcd/home/002/txenakis/projects/BVPsolver/src/../data/runs/run_I2DcvJnt/rober_fit_extrapolated.png
saved /orcd/home/002/txenakis/projects/BVPsolver/src/../data/runs/run_I2DcvJnt/rober_spectral_fit_extrapolated.png
saved /orcd/home/002/txenakis/projects/BVPsolver/src/../data/runs/run_I2DcvJnt/rober_vf_fit_extrapolated.png
┌ Warning: Attempting to store StiffNN.var"#12#13"{Float64, Float64, Float64}.
│ JLD2 only stores functions by name.
│  This may not be useful for anonymous functions.
└ @ JLD2 ~/.julia/packages/JLD2/ADycq/src/data/writing_datatypes.jl:447
saved run → /orcd/home/002/txenakis/projects/BVPsolver/src/../data/runs/run_I2DcvJnt
