rober  model=stiff width=12 d=3 tlen=50 profile=fast seed=238  solver=Rodas5  N=318
  shooting iter=50/1000 loss=0.1606
  shooting iter=100/1000 loss=0.1116
  shooting iter=150/1000 loss=0.07563
  shooting iter=200/1000 loss=0.0568
  shooting iter=250/1000 loss=0.05624
  shooting iter=300/1000 loss=0.05444
  shooting iter=350/1000 loss=0.05381
  shooting iter=400/1000 loss=0.05379
  shooting iter=450/1000 loss=0.05358
  shooting iter=500/1000 loss=0.05351
  shooting iter=550/1000 loss=0.05321
  shooting iter=600/1000 loss=0.05352
  shooting iter=650/1000 loss=0.05321
  shooting iter=700/1000 loss=0.05347
  shooting iter=750/1000 loss=0.05326
  shooting iter=800/1000 loss=0.05273
  shooting iter=850/1000 loss=0.05316
  shooting iter=900/1000 loss=0.0531
  shooting iter=950/1000 loss=0.05314
  shooting iter=1000/1000 loss=0.05266
  shooting iter=1000/1000 loss=0.05264
shooting [375s]  loss=0.0526
  [final]  nrmse=0.183  l2=1.486
extrapolation window: T=1000.0 -> T_test=1.0e12  n_test=100
  [train]  E_traj=0.3358  E_VF=0.9838  E_spec=2.9609999999999998e26
  [test ]  E_traj=0.8599  E_VF=6.436e14  E_spec=4.222e23
saved /orcd/home/002/txenakis/projects/BVPsolver/src/../data/runs/run_SvyF4ZcS/rober_fit.png
saved /orcd/home/002/txenakis/projects/BVPsolver/src/../data/runs/run_SvyF4ZcS/rober_fit_extrapolated.png
saved /orcd/home/002/txenakis/projects/BVPsolver/src/../data/runs/run_SvyF4ZcS/rober_spectral_fit_extrapolated.png
saved /orcd/home/002/txenakis/projects/BVPsolver/src/../data/runs/run_SvyF4ZcS/rober_vf_fit_extrapolated.png
┌ Warning: Attempting to store StiffNN.var"#12#13"{Float64, Float64, Float64}.
│ JLD2 only stores functions by name.
│  This may not be useful for anonymous functions.
└ @ JLD2 ~/.julia/packages/JLD2/ADycq/src/data/writing_datatypes.jl:447
saved run → /orcd/home/002/txenakis/projects/BVPsolver/src/../data/runs/run_SvyF4ZcS
