hires  model=stiff width=16 d=8 tlen=50 profile=fast seed=116  solver=Rodas5  N=816
  derivmatch lr=0.01 iter=170/3400 loss=0.09051
  derivmatch lr=0.01 iter=340/3400 loss=0.03989
  derivmatch lr=0.01 iter=510/3400 loss=0.2046
  derivmatch lr=0.01 iter=680/3400 loss=0.01495
  derivmatch lr=0.01 iter=850/3400 loss=0.01039
  derivmatch lr=0.01 iter=1020/3400 loss=0.008241
  derivmatch lr=0.01 iter=1190/3400 loss=0.006967
  derivmatch lr=0.01 iter=1360/3400 loss=0.006051
  derivmatch lr=0.01 iter=1530/3400 loss=0.005325
  derivmatch lr=0.01 iter=1700/3400 loss=0.004739
  derivmatch lr=0.01 iter=1870/3400 loss=0.004276
  derivmatch lr=0.01 iter=2040/3400 loss=0.00392
  derivmatch lr=0.01 iter=2210/3400 loss=0.003648
  derivmatch lr=0.01 iter=2380/3400 loss=0.003438
  derivmatch lr=0.01 iter=2550/3400 loss=0.003269
  derivmatch lr=0.01 iter=2720/3400 loss=0.003642
  derivmatch lr=0.01 iter=2890/3400 loss=0.003038
  derivmatch lr=0.01 iter=3060/3400 loss=0.002963
  derivmatch lr=0.01 iter=3230/3400 loss=0.004217
  derivmatch lr=0.01 iter=3400/3400 loss=0.002799
  derivmatch lr=0.01 iter=3400/3400 loss=0.002799
  derivmatch lr=0.003 iter=125/2500 loss=0.002801
  derivmatch lr=0.003 iter=250/2500 loss=0.002745
  derivmatch lr=0.003 iter=375/2500 loss=0.0027
  derivmatch lr=0.003 iter=500/2500 loss=0.002655
  derivmatch lr=0.003 iter=625/2500 loss=0.002608
  derivmatch lr=0.003 iter=750/2500 loss=0.002559
  derivmatch lr=0.003 iter=875/2500 loss=0.002509
  derivmatch lr=0.003 iter=1000/2500 loss=0.002455
  derivmatch lr=0.003 iter=1125/2500 loss=0.002398
  derivmatch lr=0.003 iter=1250/2500 loss=0.002336
  derivmatch lr=0.003 iter=1375/2500 loss=0.002464
  derivmatch lr=0.003 iter=1500/2500 loss=0.002205
  derivmatch lr=0.003 iter=1625/2500 loss=0.002126
  derivmatch lr=0.003 iter=1750/2500 loss=0.002051
  derivmatch lr=0.003 iter=1875/2500 loss=0.001939
  derivmatch lr=0.003 iter=2000/2500 loss=0.001822
  derivmatch lr=0.003 iter=2125/2500 loss=0.001683
  derivmatch lr=0.003 iter=2250/2500 loss=0.001521
  derivmatch lr=0.003 iter=2375/2500 loss=0.001384
  derivmatch lr=0.003 iter=2500/2500 loss=0.001213
  derivmatch lr=0.003 iter=2500/2500 loss=0.001192
  derivmatch lr=0.001 iter=125/2500 loss=0.001166
  derivmatch lr=0.001 iter=250/2500 loss=0.001126
  derivmatch lr=0.001 iter=375/2500 loss=0.001076
  derivmatch lr=0.001 iter=500/2500 loss=0.001018
  derivmatch lr=0.001 iter=625/2500 loss=0.0009585
  derivmatch lr=0.001 iter=750/2500 loss=0.0009032
  derivmatch lr=0.001 iter=875/2500 loss=0.0008518
  derivmatch lr=0.001 iter=1000/2500 loss=0.000802
  derivmatch lr=0.001 iter=1125/2500 loss=0.0007539
  derivmatch lr=0.001 iter=1250/2500 loss=0.0007079
  derivmatch lr=0.001 iter=1375/2500 loss=0.0006632
  derivmatch lr=0.001 iter=1500/2500 loss=0.0006197
  derivmatch lr=0.001 iter=1625/2500 loss=0.0005781
  derivmatch lr=0.001 iter=1750/2500 loss=0.0005572
  derivmatch lr=0.001 iter=1875/2500 loss=0.0007179
  derivmatch lr=0.001 iter=2000/2500 loss=0.0004742
  derivmatch lr=0.001 iter=2125/2500 loss=0.0004464
  derivmatch lr=0.001 iter=2250/2500 loss=0.000444
  derivmatch lr=0.001 iter=2375/2500 loss=0.0003973
  derivmatch lr=0.001 iter=2500/2500 loss=0.0003764
  derivmatch lr=0.001 iter=2500/2500 loss=0.0003764
  derivmatch lr=0.0003 iter=80/1600 loss=0.0003751
  derivmatch lr=0.0003 iter=160/1600 loss=0.0003729
  derivmatch lr=0.0003 iter=240/1600 loss=0.0003702
  derivmatch lr=0.0003 iter=320/1600 loss=0.000367
  derivmatch lr=0.0003 iter=400/1600 loss=0.0003633
  derivmatch lr=0.0003 iter=480/1600 loss=0.0003593
  derivmatch lr=0.0003 iter=560/1600 loss=0.0003549
  derivmatch lr=0.0003 iter=640/1600 loss=0.0003502
  derivmatch lr=0.0003 iter=720/1600 loss=0.0003451
  derivmatch lr=0.0003 iter=800/1600 loss=0.0003398
  derivmatch lr=0.0003 iter=880/1600 loss=0.0003342
  derivmatch lr=0.0003 iter=960/1600 loss=0.0003284
  derivmatch lr=0.0003 iter=1040/1600 loss=0.0003223
  derivmatch lr=0.0003 iter=1120/1600 loss=0.0003161
  derivmatch lr=0.0003 iter=1200/1600 loss=0.0003097
  derivmatch lr=0.0003 iter=1280/1600 loss=0.0003031
  derivmatch lr=0.0003 iter=1360/1600 loss=0.0002963
  derivmatch lr=0.0003 iter=1440/1600 loss=0.0002894
  derivmatch lr=0.0003 iter=1520/1600 loss=0.0002825
  derivmatch lr=0.0003 iter=1600/1600 loss=0.0002754
  derivmatch lr=0.0003 iter=1600/1600 loss=0.0002754
derivative matching [28s]  fitloss=0.000275
  [derivative matching]  nrmse=0.08076  l2=0.7991
  shooting iter=50/1000 loss=0.01648
  shooting iter=100/1000 loss=0.005454
  shooting iter=150/1000 loss=0.004395
  shooting iter=200/1000 loss=0.004735
  shooting iter=250/1000 loss=0.004085
  shooting iter=300/1000 loss=0.02734
  shooting iter=350/1000 loss=0.007842
  shooting iter=400/1000 loss=0.009337
  shooting iter=450/1000 loss=0.01327
  shooting iter=500/1000 loss=0.007046
  shooting iter=550/1000 loss=0.005833
  shooting iter=600/1000 loss=0.00391
  shooting iter=650/1000 loss=0.006095
  shooting iter=700/1000 loss=0.005006
  shooting iter=750/1000 loss=0.006096
  shooting iter=800/1000 loss=0.003632
  shooting iter=850/1000 loss=0.003152
  shooting iter=900/1000 loss=0.002124
  shooting iter=950/1000 loss=0.004648
  shooting iter=1000/1000 loss=0.006244
  shooting iter=1000/1000 loss=0.001947
shooting [6228s]  loss=0.00195
  [final]  nrmse=0.004014  l2=0.04853
extrapolation window: T=321.8122 -> T_test=643.624  n_test=100
  [train]  E_traj=5.597e-5  E_VF=0.0003008  E_spec=1.949e16
  [test ]  E_traj=501.2  E_VF=2.059e8  E_spec=2.6019999999999997e27
saved /orcd/home/002/txenakis/projects/BVPsolver/src/../data/runs/run_ekkGaafj/hires_fit.png
saved /orcd/home/002/txenakis/projects/BVPsolver/src/../data/runs/run_ekkGaafj/hires_fit_extrapolated.png
saved /orcd/home/002/txenakis/projects/BVPsolver/src/../data/runs/run_ekkGaafj/hires_spectral_fit_extrapolated.png
saved /orcd/home/002/txenakis/projects/BVPsolver/src/../data/runs/run_ekkGaafj/hires_vf_fit_extrapolated.png
┌ Warning: Attempting to store StiffNN.var"#18#19"{Type{Float64}}.
│ JLD2 only stores functions by name.
│  This may not be useful for anonymous functions.
└ @ JLD2 ~/.julia/packages/JLD2/ADycq/src/data/writing_datatypes.jl:447
saved run → /orcd/home/002/txenakis/projects/BVPsolver/src/../data/runs/run_ekkGaafj
