vanderpol  model=GELU-scaled width=7 d=2 tlen=127 profile=fast seed=48  solver=Kvaerno5  N=317
  derivmatch lr=0.01 iter=170/3400 loss=2.106
  derivmatch lr=0.01 iter=340/3400 loss=2.039
  derivmatch lr=0.01 iter=510/3400 loss=2.04
  derivmatch lr=0.01 iter=680/3400 loss=2.039
  derivmatch lr=0.01 iter=850/3400 loss=2.038
  derivmatch lr=0.01 iter=1020/3400 loss=2.037
  derivmatch lr=0.01 iter=1190/3400 loss=2.031
  derivmatch lr=0.01 iter=1360/3400 loss=2.037
  derivmatch lr=0.01 iter=1530/3400 loss=2.036
  derivmatch lr=0.01 iter=1700/3400 loss=2.035
  derivmatch lr=0.01 iter=1870/3400 loss=2.033
  derivmatch lr=0.01 iter=2040/3400 loss=2.028
  derivmatch lr=0.01 iter=2210/3400 loss=1.723
  derivmatch lr=0.01 iter=2380/3400 loss=0.5137
  derivmatch lr=0.01 iter=2550/3400 loss=0.3664
  derivmatch lr=0.01 iter=2720/3400 loss=0.06822
  derivmatch lr=0.01 iter=2890/3400 loss=0.03539
  derivmatch lr=0.01 iter=3060/3400 loss=0.02409
  derivmatch lr=0.01 iter=3230/3400 loss=0.02731
  derivmatch lr=0.01 iter=3400/3400 loss=0.02475
  derivmatch lr=0.01 iter=3400/3400 loss=0.02107
  derivmatch lr=0.003 iter=125/2500 loss=0.01417
  derivmatch lr=0.003 iter=250/2500 loss=0.01284
  derivmatch lr=0.003 iter=375/2500 loss=0.01246
  derivmatch lr=0.003 iter=500/2500 loss=0.01228
  derivmatch lr=0.003 iter=625/2500 loss=0.0122
  derivmatch lr=0.003 iter=750/2500 loss=0.01219
  derivmatch lr=0.003 iter=875/2500 loss=0.01216
  derivmatch lr=0.003 iter=1000/2500 loss=0.01211
  derivmatch lr=0.003 iter=1125/2500 loss=0.0121
  derivmatch lr=0.003 iter=1250/2500 loss=0.01209
  derivmatch lr=0.003 iter=1375/2500 loss=0.0121
  derivmatch lr=0.003 iter=1500/2500 loss=0.01209
  derivmatch lr=0.003 iter=1625/2500 loss=0.01208
  derivmatch lr=0.003 iter=1750/2500 loss=0.01208
  derivmatch lr=0.003 iter=1875/2500 loss=0.01207
  derivmatch lr=0.003 iter=2000/2500 loss=0.01207
  derivmatch lr=0.003 iter=2125/2500 loss=1.365
  derivmatch lr=0.003 iter=2250/2500 loss=1.203
  derivmatch lr=0.003 iter=2375/2500 loss=1.105
  derivmatch lr=0.003 iter=2500/2500 loss=0.8906
  derivmatch lr=0.003 iter=2500/2500 loss=0.01204
  derivmatch lr=0.001 iter=125/2500 loss=0.01204
  derivmatch lr=0.001 iter=250/2500 loss=0.01204
  derivmatch lr=0.001 iter=375/2500 loss=0.01203
  derivmatch lr=0.001 iter=500/2500 loss=0.01203
  derivmatch lr=0.001 iter=625/2500 loss=0.01203
  derivmatch lr=0.001 iter=750/2500 loss=0.01202
  derivmatch lr=0.001 iter=875/2500 loss=0.01202
  derivmatch lr=0.001 iter=1000/2500 loss=0.01201
  derivmatch lr=0.001 iter=1125/2500 loss=0.012
  derivmatch lr=0.001 iter=1250/2500 loss=0.01199
  derivmatch lr=0.001 iter=1375/2500 loss=0.01256
  derivmatch lr=0.001 iter=1500/2500 loss=0.01203
  derivmatch lr=0.001 iter=1625/2500 loss=0.01197
  derivmatch lr=0.001 iter=1750/2500 loss=0.01195
  derivmatch lr=0.001 iter=1875/2500 loss=0.01188
  derivmatch lr=0.001 iter=2000/2500 loss=0.01186
  derivmatch lr=0.001 iter=2125/2500 loss=0.01185
  derivmatch lr=0.001 iter=2250/2500 loss=0.01185
  derivmatch lr=0.001 iter=2375/2500 loss=0.01185
  derivmatch lr=0.001 iter=2500/2500 loss=0.01184
  derivmatch lr=0.001 iter=2500/2500 loss=0.01184
  derivmatch lr=0.0003 iter=80/1600 loss=0.01184
  derivmatch lr=0.0003 iter=160/1600 loss=0.01184
  derivmatch lr=0.0003 iter=240/1600 loss=0.01184
  derivmatch lr=0.0003 iter=320/1600 loss=0.01184
  derivmatch lr=0.0003 iter=400/1600 loss=0.01184
  derivmatch lr=0.0003 iter=480/1600 loss=0.01184
  derivmatch lr=0.0003 iter=560/1600 loss=0.01184
  derivmatch lr=0.0003 iter=640/1600 loss=0.01184
  derivmatch lr=0.0003 iter=720/1600 loss=0.01183
  derivmatch lr=0.0003 iter=800/1600 loss=0.01183
  derivmatch lr=0.0003 iter=880/1600 loss=0.01183
  derivmatch lr=0.0003 iter=960/1600 loss=0.01183
  derivmatch lr=0.0003 iter=1040/1600 loss=0.01183
  derivmatch lr=0.0003 iter=1120/1600 loss=0.01183
  derivmatch lr=0.0003 iter=1200/1600 loss=0.01182
  derivmatch lr=0.0003 iter=1280/1600 loss=0.01182
  derivmatch lr=0.0003 iter=1360/1600 loss=0.01182
  derivmatch lr=0.0003 iter=1440/1600 loss=0.01181
  derivmatch lr=0.0003 iter=1520/1600 loss=0.01181
  derivmatch lr=0.0003 iter=1600/1600 loss=0.0118
  derivmatch lr=0.0003 iter=1600/1600 loss=0.0118
derivative matching [27s]  fitloss=0.0118
  [derivative matching]  nrmse=0.4494  l2=413.9
  shooting iter=50/1000 loss=0.1368
  shooting iter=100/1000 loss=0.1324
  shooting iter=150/1000 loss=0.1323
  shooting iter=200/1000 loss=0.1323
  shooting iter=250/1000 loss=0.1322
  shooting iter=300/1000 loss=0.1322
  shooting iter=350/1000 loss=0.1321
  shooting iter=400/1000 loss=0.1321
  shooting iter=450/1000 loss=0.1321
  shooting iter=500/1000 loss=0.132
  shooting iter=550/1000 loss=0.132
  shooting iter=600/1000 loss=0.132
  shooting iter=650/1000 loss=0.132
  shooting iter=700/1000 loss=0.132
  shooting iter=750/1000 loss=0.1319
  shooting iter=800/1000 loss=0.1319
  shooting iter=850/1000 loss=0.1319
  shooting iter=900/1000 loss=0.1307
  shooting iter=950/1000 loss=0.1306
  shooting iter=1000/1000 loss=0.1306
  shooting iter=1000/1000 loss=0.1306
shooting [1750s]  loss=0.131
  [final]  nrmse=0.2489  l2=370.5
extrapolation window: T=200.0 -> T_test=400.0  n_test=254
  [train]  E_traj=0.761  E_VF=2.64  E_spec=1.11
  [test ]  E_traj=1846.0  E_VF=40880.0  E_spec=2.399
saved /orcd/home/002/txenakis/projects/BVPsolver/src/../data/runs/run_ws5KvF3G/vanderpol_fit.png
saved /orcd/home/002/txenakis/projects/BVPsolver/src/../data/runs/run_ws5KvF3G/vanderpol_fit_extrapolated.png
saved /orcd/home/002/txenakis/projects/BVPsolver/src/../data/runs/run_ws5KvF3G/vanderpol_spectral_fit_extrapolated.png
saved /orcd/home/002/txenakis/projects/BVPsolver/src/../data/runs/run_ws5KvF3G/vanderpol_vf_fit_extrapolated.png
┌ Warning: Attempting to store StiffNN.var"#14#15"{Float64}.
│ JLD2 only stores functions by name.
│  This may not be useful for anonymous functions.
└ @ JLD2 ~/.julia/packages/JLD2/ADycq/src/data/writing_datatypes.jl:447
saved run → /orcd/home/002/txenakis/projects/BVPsolver/src/../data/runs/run_ws5KvF3G
