rober  model=GELU-scaled width=7 d=3 tlen=50 profile=fast seed=602  solver=Rodas5  N=332
  derivmatch lr=0.01 iter=170/3400 loss=8.958
  derivmatch lr=0.01 iter=340/3400 loss=8.611
  derivmatch lr=0.01 iter=510/3400 loss=9.375
  derivmatch lr=0.01 iter=680/3400 loss=9.19
  derivmatch lr=0.01 iter=850/3400 loss=9.012
  derivmatch lr=0.01 iter=1020/3400 loss=8.827
  derivmatch lr=0.01 iter=1190/3400 loss=8.637
  derivmatch lr=0.01 iter=1360/3400 loss=8.446
  derivmatch lr=0.01 iter=1530/3400 loss=8.28
  derivmatch lr=0.01 iter=1700/3400 loss=8.017
  derivmatch lr=0.01 iter=1870/3400 loss=7.644
  derivmatch lr=0.01 iter=2040/3400 loss=8.263
  derivmatch lr=0.01 iter=2210/3400 loss=6.02
  derivmatch lr=0.01 iter=2380/3400 loss=5.714
  derivmatch lr=0.01 iter=2550/3400 loss=7.503
  derivmatch lr=0.01 iter=2720/3400 loss=7.156
  derivmatch lr=0.01 iter=2890/3400 loss=6.621
  derivmatch lr=0.01 iter=3060/3400 loss=5.197
  derivmatch lr=0.01 iter=3230/3400 loss=4.918
  derivmatch lr=0.01 iter=3400/3400 loss=6.686
  derivmatch lr=0.01 iter=3400/3400 loss=4.884
  derivmatch lr=0.003 iter=125/2500 loss=4.609
  derivmatch lr=0.003 iter=250/2500 loss=6.336
  derivmatch lr=0.003 iter=375/2500 loss=5.636
  derivmatch lr=0.003 iter=500/2500 loss=6.576
  derivmatch lr=0.003 iter=625/2500 loss=5.678
  derivmatch lr=0.003 iter=750/2500 loss=5.443
  derivmatch lr=0.003 iter=875/2500 loss=7.579
  derivmatch lr=0.003 iter=1000/2500 loss=7.247
  derivmatch lr=0.003 iter=1125/2500 loss=6.986
  derivmatch lr=0.003 iter=1250/2500 loss=6.674
  derivmatch lr=0.003 iter=1375/2500 loss=6.22
  derivmatch lr=0.003 iter=1500/2500 loss=5.769
  derivmatch lr=0.003 iter=1625/2500 loss=5.624
  derivmatch lr=0.003 iter=1750/2500 loss=5.497
  derivmatch lr=0.003 iter=1875/2500 loss=5.379
  derivmatch lr=0.003 iter=2000/2500 loss=5.249
  derivmatch lr=0.003 iter=2125/2500 loss=5.109
  derivmatch lr=0.003 iter=2250/2500 loss=5.05
  derivmatch lr=0.003 iter=2375/2500 loss=4.828
  derivmatch lr=0.003 iter=2500/2500 loss=6.885
  derivmatch lr=0.003 iter=2500/2500 loss=4.338
  derivmatch lr=0.001 iter=125/2500 loss=4.177
  derivmatch lr=0.001 iter=250/2500 loss=6.215
  derivmatch lr=0.001 iter=375/2500 loss=4.354
  derivmatch lr=0.001 iter=500/2500 loss=4.228
  derivmatch lr=0.001 iter=625/2500 loss=4.132
  derivmatch lr=0.001 iter=750/2500 loss=4.046
  derivmatch lr=0.001 iter=875/2500 loss=7.719
  derivmatch lr=0.001 iter=1000/2500 loss=5.513
  derivmatch lr=0.001 iter=1125/2500 loss=4.14
  derivmatch lr=0.001 iter=1250/2500 loss=4.047
  derivmatch lr=0.001 iter=1375/2500 loss=3.968
  derivmatch lr=0.001 iter=1500/2500 loss=5.95
  derivmatch lr=0.001 iter=1625/2500 loss=4.214
  derivmatch lr=0.001 iter=1750/2500 loss=4.018
  derivmatch lr=0.001 iter=1875/2500 loss=3.935
  derivmatch lr=0.001 iter=2000/2500 loss=4.79
  derivmatch lr=0.001 iter=2125/2500 loss=5.894
  derivmatch lr=0.001 iter=2250/2500 loss=4.98
  derivmatch lr=0.001 iter=2375/2500 loss=4.143
  derivmatch lr=0.001 iter=2500/2500 loss=4.055
  derivmatch lr=0.001 iter=2500/2500 loss=3.894
  derivmatch lr=0.0003 iter=80/1600 loss=3.889
  derivmatch lr=0.0003 iter=160/1600 loss=3.865
  derivmatch lr=0.0003 iter=240/1600 loss=3.844
  derivmatch lr=0.0003 iter=320/1600 loss=3.806
  derivmatch lr=0.0003 iter=400/1600 loss=3.784
  derivmatch lr=0.0003 iter=480/1600 loss=3.768
  derivmatch lr=0.0003 iter=560/1600 loss=3.753
  derivmatch lr=0.0003 iter=640/1600 loss=3.737
  derivmatch lr=0.0003 iter=720/1600 loss=3.721
  derivmatch lr=0.0003 iter=800/1600 loss=3.705
  derivmatch lr=0.0003 iter=880/1600 loss=3.689
  derivmatch lr=0.0003 iter=960/1600 loss=5.297
  derivmatch lr=0.0003 iter=1040/1600 loss=4.746
  derivmatch lr=0.0003 iter=1120/1600 loss=4.337
  derivmatch lr=0.0003 iter=1200/1600 loss=4.781
  derivmatch lr=0.0003 iter=1280/1600 loss=4.406
  derivmatch lr=0.0003 iter=1360/1600 loss=3.949
  derivmatch lr=0.0003 iter=1440/1600 loss=4.85
  derivmatch lr=0.0003 iter=1520/1600 loss=4.502
  derivmatch lr=0.0003 iter=1600/1600 loss=4.078
  derivmatch lr=0.0003 iter=1600/1600 loss=3.582
derivative matching [25s]  fitloss=3.58
  [derivative matching]  nrmse=3.175  l2=0.04735
  shooting iter=50/1000 loss=0.1857
  shooting iter=100/1000 loss=0.1634
  shooting iter=150/1000 loss=0.1424
  shooting iter=200/1000 loss=0.1007
  shooting iter=250/1000 loss=0.137
  shooting iter=300/1000 loss=0.0878
  shooting iter=350/1000 loss=0.1076
  shooting iter=400/1000 loss=0.08263
  shooting iter=450/1000 loss=0.09534
  shooting iter=500/1000 loss=0.08286
  shooting iter=550/1000 loss=0.09931
  shooting iter=600/1000 loss=0.08279
  shooting iter=650/1000 loss=0.08494
  shooting iter=700/1000 loss=0.0802
  shooting iter=750/1000 loss=0.07738
  shooting iter=800/1000 loss=0.0811
  shooting iter=850/1000 loss=0.07068
  shooting iter=900/1000 loss=0.07366
  shooting iter=950/1000 loss=0.07616
  shooting iter=1000/1000 loss=0.06833
  shooting iter=1000/1000 loss=0.06747
shooting [634s]  loss=0.0675
  [final]  nrmse=0.2024  l2=0.06569
extrapolation window: T=1000.0 -> T_test=1.0e12  n_test=100
  [train]  E_traj=0.107  E_VF=6.835  E_spec=1.564e20
  [test ]  E_traj=1.033e22  E_VF=272000.0  E_spec=0.9978
saved /orcd/home/002/txenakis/projects/BVPsolver/src/../data/runs/run_bVnmcQhF/rober_fit.png
saved /orcd/home/002/txenakis/projects/BVPsolver/src/../data/runs/run_bVnmcQhF/rober_fit_extrapolated.png
saved /orcd/home/002/txenakis/projects/BVPsolver/src/../data/runs/run_bVnmcQhF/rober_spectral_fit_extrapolated.png
saved /orcd/home/002/txenakis/projects/BVPsolver/src/../data/runs/run_bVnmcQhF/rober_vf_fit_extrapolated.png
saved /orcd/home/002/txenakis/projects/BVPsolver/src/../data/runs/run_bVnmcQhF/rober_sensitivity_vs_stiffness_derivmatch_pointwise.png
┌ Warning: No strict ticks found
└ @ PlotUtils ~/.julia/packages/PlotUtils/HX80C/src/ticks.jl:194
┌ Warning: No strict ticks found
└ @ PlotUtils ~/.julia/packages/PlotUtils/HX80C/src/ticks.jl:194
┌ Warning: Invalid negative or zero value 0.0 found at series index 1 for log10 based yscale
└ @ Plots ~/.julia/packages/Plots/GIume/src/utils.jl:105
saved /orcd/home/002/txenakis/projects/BVPsolver/src/../data/runs/run_bVnmcQhF/rober_sensitivity_vs_stiffness_derivmatch_trajectory.png
saved /orcd/home/002/txenakis/projects/BVPsolver/src/../data/runs/run_bVnmcQhF/rober_sensitivity_vs_stiffness_shooting_pointwise.png
┌ Warning: No strict ticks found
└ @ PlotUtils ~/.julia/packages/PlotUtils/HX80C/src/ticks.jl:194
┌ Warning: No strict ticks found
└ @ PlotUtils ~/.julia/packages/PlotUtils/HX80C/src/ticks.jl:194
┌ Warning: Invalid negative or zero value 0.0 found at series index 1 for log10 based yscale
└ @ Plots ~/.julia/packages/Plots/GIume/src/utils.jl:105
saved /orcd/home/002/txenakis/projects/BVPsolver/src/../data/runs/run_bVnmcQhF/rober_sensitivity_vs_stiffness_shooting_trajectory.png
┌ Warning: Attempting to store StiffNN.var"#12#13"{Float64, Float64, Float64}.
│ JLD2 only stores functions by name.
│  This may not be useful for anonymous functions.
└ @ JLD2 ~/.julia/packages/JLD2/ADycq/src/data/writing_datatypes.jl:447
saved run → /orcd/home/002/txenakis/projects/BVPsolver/src/../data/runs/run_bVnmcQhF
