rober  model=mlp width=15 d=3 tlen=50 profile=fast seed=125  solver=Rodas5  N=348
  derivmatch lr=0.01 iter=170/3400 loss=41.25
  derivmatch lr=0.01 iter=340/3400 loss=40.35
  derivmatch lr=0.01 iter=510/3400 loss=34.78
  derivmatch lr=0.01 iter=680/3400 loss=31.16
  derivmatch lr=0.01 iter=850/3400 loss=44.81
  derivmatch lr=0.01 iter=1020/3400 loss=37.07
  derivmatch lr=0.01 iter=1190/3400 loss=30.05
  derivmatch lr=0.01 iter=1360/3400 loss=36.17
  derivmatch lr=0.01 iter=1530/3400 loss=35.91
  derivmatch lr=0.01 iter=1700/3400 loss=37.88
  derivmatch lr=0.01 iter=1870/3400 loss=45.96
  derivmatch lr=0.01 iter=2040/3400 loss=48.87
  derivmatch lr=0.01 iter=2210/3400 loss=49.09
  derivmatch lr=0.01 iter=2380/3400 loss=37.76
  derivmatch lr=0.01 iter=2550/3400 loss=45.7
  derivmatch lr=0.01 iter=2720/3400 loss=45.72
  derivmatch lr=0.01 iter=2890/3400 loss=42.47
  derivmatch lr=0.01 iter=3060/3400 loss=43.85
  derivmatch lr=0.01 iter=3230/3400 loss=42.47
  derivmatch lr=0.01 iter=3400/3400 loss=38.32
  derivmatch lr=0.01 iter=3400/3400 loss=21.54
  derivmatch lr=0.003 iter=125/2500 loss=19.03
  derivmatch lr=0.003 iter=250/2500 loss=30.41
  derivmatch lr=0.003 iter=375/2500 loss=27.34
  derivmatch lr=0.003 iter=500/2500 loss=29.71
  derivmatch lr=0.003 iter=625/2500 loss=40.09
  derivmatch lr=0.003 iter=750/2500 loss=35.74
  derivmatch lr=0.003 iter=875/2500 loss=30.86
  derivmatch lr=0.003 iter=1000/2500 loss=31.9
  derivmatch lr=0.003 iter=1125/2500 loss=18.79
  derivmatch lr=0.003 iter=1250/2500 loss=35.23
  derivmatch lr=0.003 iter=1375/2500 loss=33.63
  derivmatch lr=0.003 iter=1500/2500 loss=36.22
  derivmatch lr=0.003 iter=1625/2500 loss=37.91
  derivmatch lr=0.003 iter=1750/2500 loss=38.25
  derivmatch lr=0.003 iter=1875/2500 loss=35.21
  derivmatch lr=0.003 iter=2000/2500 loss=35.15
  derivmatch lr=0.003 iter=2125/2500 loss=29.22
  derivmatch lr=0.003 iter=2250/2500 loss=34.88
  derivmatch lr=0.003 iter=2375/2500 loss=34.71
  derivmatch lr=0.003 iter=2500/2500 loss=38.61
  derivmatch lr=0.003 iter=2500/2500 loss=14.64
  derivmatch lr=0.001 iter=125/2500 loss=22.14
  derivmatch lr=0.001 iter=250/2500 loss=16.58
  derivmatch lr=0.001 iter=375/2500 loss=24.87
  derivmatch lr=0.001 iter=500/2500 loss=20.58
  derivmatch lr=0.001 iter=625/2500 loss=18.76
  derivmatch lr=0.001 iter=750/2500 loss=14.5
  derivmatch lr=0.001 iter=875/2500 loss=9.468
  derivmatch lr=0.001 iter=1000/2500 loss=10.78
  derivmatch lr=0.001 iter=1125/2500 loss=16.82
  derivmatch lr=0.001 iter=1250/2500 loss=20.27
  derivmatch lr=0.001 iter=1375/2500 loss=21.37
  derivmatch lr=0.001 iter=1500/2500 loss=17.63
  derivmatch lr=0.001 iter=1625/2500 loss=8.894
  derivmatch lr=0.001 iter=1750/2500 loss=28.46
  derivmatch lr=0.001 iter=1875/2500 loss=31.88
  derivmatch lr=0.001 iter=2000/2500 loss=31.38
  derivmatch lr=0.001 iter=2125/2500 loss=29.23
  derivmatch lr=0.001 iter=2250/2500 loss=28.35
  derivmatch lr=0.001 iter=2375/2500 loss=27.03
  derivmatch lr=0.001 iter=2500/2500 loss=24.53
  derivmatch lr=0.001 iter=2500/2500 loss=8.761
  derivmatch lr=0.0003 iter=80/1600 loss=8.636
  derivmatch lr=0.0003 iter=160/1600 loss=8.301
  derivmatch lr=0.0003 iter=240/1600 loss=8.99
  derivmatch lr=0.0003 iter=320/1600 loss=8.101
  derivmatch lr=0.0003 iter=400/1600 loss=8.496
  derivmatch lr=0.0003 iter=480/1600 loss=8.546
  derivmatch lr=0.0003 iter=560/1600 loss=8.159
  derivmatch lr=0.0003 iter=640/1600 loss=8.358
  derivmatch lr=0.0003 iter=720/1600 loss=8.706
  derivmatch lr=0.0003 iter=800/1600 loss=8.073
  derivmatch lr=0.0003 iter=880/1600 loss=7.837
  derivmatch lr=0.0003 iter=960/1600 loss=8.053
  derivmatch lr=0.0003 iter=1040/1600 loss=8.006
  derivmatch lr=0.0003 iter=1120/1600 loss=7.794
  derivmatch lr=0.0003 iter=1200/1600 loss=7.708
  derivmatch lr=0.0003 iter=1280/1600 loss=8.211
  derivmatch lr=0.0003 iter=1360/1600 loss=8.046
  derivmatch lr=0.0003 iter=1440/1600 loss=15.88
  derivmatch lr=0.0003 iter=1520/1600 loss=11.11
  derivmatch lr=0.0003 iter=1600/1600 loss=7.902
  derivmatch lr=0.0003 iter=1600/1600 loss=7.424
derivative matching [24s]  fitloss=7.42
  [derivative matching]  nrmse=1369.0  l2=2.203
  collocation: M=54 residuals=627  detecting sparsity + solving...

Algorithm: LevenbergMarquardt(
    trustregion = LevenbergMarquardtTrustRegion(
        β_uphill = 0.0
    ),
    descent = GeodesicAcceleration(
        descent = DampedNewtonDescent(
            linsolve = KLUFactorization(
                reuse_symbolic = true,
                check_pattern = true
            ),
            initial_damping = 1.0,
            damping_fn = LevenbergMarquardtDampingFunction(
                increase_factor = 2.0,
                decrease_factor = 3.0,
                min_damping = 1.0e-8
            ),
            min_norm_mode = :auto
        ),
        finite_diff_step_geodesic = 0.1,
        α = 0.75
    ),
    autodiff = AutoForwardDiff(),
    vjp_autodiff = AutoFiniteDiff(
        fdtype = Val{:forward}(),
        fdjtype = Val{:forward}(),
        fdhtype = Val{:hcentral}(),
        dir = true
    ),
    jvp_autodiff = AutoForwardDiff(),
    concrete_jac = Val{true}()
)

----    	-------------       	-----------         
Iter    	f(u) 2-norm         	Step 2-norm         
----    	-------------       	-----------         
0       	1.61870152e+08      	2.14588790e-309     
1       	1.15054982e+08      	1.36324161e-02      
8       	3.24648446e+07      	1.20864416e-01      
15      	1.83614237e+07      	0.00000000e+00      
22      	1.74627721e+08      	9.88154210e-01      
29      	5.30488001e+08      	8.48134812e-01      
36      	3.50751354e+08      	0.00000000e+00      
43      	1.37597027e+08      	4.08958117e-01      
50      	5.15411356e+07      	3.26458659e-01      
57      	3.89779237e+08      	0.00000000e+00      
64      	2.25250567e+08      	0.00000000e+00      
71      	6.29580575e+08      	0.00000000e+00      
78      	5.14583477e+07      	0.00000000e+00      
85      	2.41868606e+08      	0.00000000e+00      
92      	2.23531319e+07      	5.01206401e-01      
99      	9.15361508e+07      	0.00000000e+00      
106     	1.58204950e+08      	0.00000000e+00      
113     	4.28627331e+07      	0.00000000e+00      
120     	5.29778462e+07      	0.00000000e+00      
127     	2.88457640e+06      	0.00000000e+00      
134     	7.00913411e+06      	1.17232733e-01      
141     	7.18950877e+06      	0.00000000e+00      
148     	6.79904313e+06      	0.00000000e+00      
Final   	8.86514060e+04      
----------------------      
  AMR 1/1: M=54  err=1.61e9  obs=1.14e-6  nrmse=13200.0  best=1370.0  refined=0
 derivative matching was best (1/1 rounds ran)
collocation [17s]
  [final]  nrmse=1369.0  l2=2.203
extrapolation window: T=1000.0 -> T_test=1.0e12  n_test=100
  [train]  E_traj=4.88e6  E_VF=0.5801  E_spec=3.2779999999999997e27
  [test ]  E_traj=8.923e10  E_VF=6.855e17  E_spec=9.858e29
saved /orcd/home/002/txenakis/projects/BVPsolver/src/../data/runs/run_deV6fXQp/rober_fit.png
saved /orcd/home/002/txenakis/projects/BVPsolver/src/../data/runs/run_deV6fXQp/rober_fit_extrapolated.png
saved /orcd/home/002/txenakis/projects/BVPsolver/src/../data/runs/run_deV6fXQp/rober_spectral_fit_extrapolated.png
saved /orcd/home/002/txenakis/projects/BVPsolver/src/../data/runs/run_deV6fXQp/rober_vf_fit_extrapolated.png
┌ Warning: Attempting to store StiffNN.var"#12#13"{Float64, Float64, Float64}.
│ JLD2 only stores functions by name.
│  This may not be useful for anonymous functions.
└ @ JLD2 ~/.julia/packages/JLD2/ADycq/src/data/writing_datatypes.jl:447
saved run → /orcd/home/002/txenakis/projects/BVPsolver/src/../data/runs/run_deV6fXQp
