rober  model=mlp width=15 d=3 tlen=50 profile=fast seed=239  solver=Rodas5  N=348
  derivmatch lr=0.01 iter=170/3400 loss=51.79
  derivmatch lr=0.01 iter=340/3400 loss=46.07
  derivmatch lr=0.01 iter=510/3400 loss=42.24
  derivmatch lr=0.01 iter=680/3400 loss=41.32
  derivmatch lr=0.01 iter=850/3400 loss=49.75
  derivmatch lr=0.01 iter=1020/3400 loss=30.15
  derivmatch lr=0.01 iter=1190/3400 loss=42.39
  derivmatch lr=0.01 iter=1360/3400 loss=65.26
  derivmatch lr=0.01 iter=1530/3400 loss=33.83
  derivmatch lr=0.01 iter=1700/3400 loss=34.98
  derivmatch lr=0.01 iter=1870/3400 loss=46.1
  derivmatch lr=0.01 iter=2040/3400 loss=79.13
  derivmatch lr=0.01 iter=2210/3400 loss=55.17
  derivmatch lr=0.01 iter=2380/3400 loss=45.97
  derivmatch lr=0.01 iter=2550/3400 loss=53.65
  derivmatch lr=0.01 iter=2720/3400 loss=50.48
  derivmatch lr=0.01 iter=2890/3400 loss=45.89
  derivmatch lr=0.01 iter=3060/3400 loss=30.4
  derivmatch lr=0.01 iter=3230/3400 loss=45.37
  derivmatch lr=0.01 iter=3400/3400 loss=44.22
  derivmatch lr=0.01 iter=3400/3400 loss=23.93
  derivmatch lr=0.003 iter=125/2500 loss=30.88
  derivmatch lr=0.003 iter=250/2500 loss=34.34
  derivmatch lr=0.003 iter=375/2500 loss=27.29
  derivmatch lr=0.003 iter=500/2500 loss=29.15
  derivmatch lr=0.003 iter=625/2500 loss=36.12
  derivmatch lr=0.003 iter=750/2500 loss=29.4
  derivmatch lr=0.003 iter=875/2500 loss=33.67
  derivmatch lr=0.003 iter=1000/2500 loss=35.94
  derivmatch lr=0.003 iter=1125/2500 loss=40.0
  derivmatch lr=0.003 iter=1250/2500 loss=35.13
  derivmatch lr=0.003 iter=1375/2500 loss=26.88
  derivmatch lr=0.003 iter=1500/2500 loss=37.53
  derivmatch lr=0.003 iter=1625/2500 loss=35.25
  derivmatch lr=0.003 iter=1750/2500 loss=31.13
  derivmatch lr=0.003 iter=1875/2500 loss=37.4
  derivmatch lr=0.003 iter=2000/2500 loss=36.39
  derivmatch lr=0.003 iter=2125/2500 loss=34.92
  derivmatch lr=0.003 iter=2250/2500 loss=26.79
  derivmatch lr=0.003 iter=2375/2500 loss=25.44
  derivmatch lr=0.003 iter=2500/2500 loss=35.86
  derivmatch lr=0.003 iter=2500/2500 loss=18.5
  derivmatch lr=0.001 iter=125/2500 loss=23.72
  derivmatch lr=0.001 iter=250/2500 loss=19.45
  derivmatch lr=0.001 iter=375/2500 loss=18.6
  derivmatch lr=0.001 iter=500/2500 loss=15.83
  derivmatch lr=0.001 iter=625/2500 loss=14.8
  derivmatch lr=0.001 iter=750/2500 loss=16.65
  derivmatch lr=0.001 iter=875/2500 loss=26.66
  derivmatch lr=0.001 iter=1000/2500 loss=28.02
  derivmatch lr=0.001 iter=1125/2500 loss=25.19
  derivmatch lr=0.001 iter=1250/2500 loss=23.13
  derivmatch lr=0.001 iter=1375/2500 loss=22.24
  derivmatch lr=0.001 iter=1500/2500 loss=23.13
  derivmatch lr=0.001 iter=1625/2500 loss=22.07
  derivmatch lr=0.001 iter=1750/2500 loss=21.09
  derivmatch lr=0.001 iter=1875/2500 loss=19.05
  derivmatch lr=0.001 iter=2000/2500 loss=23.49
  derivmatch lr=0.001 iter=2125/2500 loss=22.07
  derivmatch lr=0.001 iter=2250/2500 loss=21.17
  derivmatch lr=0.001 iter=2375/2500 loss=20.92
  derivmatch lr=0.001 iter=2500/2500 loss=21.71
  derivmatch lr=0.001 iter=2500/2500 loss=14.2
  derivmatch lr=0.0003 iter=80/1600 loss=14.36
  derivmatch lr=0.0003 iter=160/1600 loss=14.91
  derivmatch lr=0.0003 iter=240/1600 loss=14.04
  derivmatch lr=0.0003 iter=320/1600 loss=13.96
  derivmatch lr=0.0003 iter=400/1600 loss=14.07
  derivmatch lr=0.0003 iter=480/1600 loss=14.51
  derivmatch lr=0.0003 iter=560/1600 loss=13.52
  derivmatch lr=0.0003 iter=640/1600 loss=13.51
  derivmatch lr=0.0003 iter=720/1600 loss=13.92
  derivmatch lr=0.0003 iter=800/1600 loss=17.06
  derivmatch lr=0.0003 iter=880/1600 loss=17.01
  derivmatch lr=0.0003 iter=960/1600 loss=14.45
  derivmatch lr=0.0003 iter=1040/1600 loss=14.21
  derivmatch lr=0.0003 iter=1120/1600 loss=12.9
  derivmatch lr=0.0003 iter=1200/1600 loss=13.92
  derivmatch lr=0.0003 iter=1280/1600 loss=13.41
  derivmatch lr=0.0003 iter=1360/1600 loss=13.33
  derivmatch lr=0.0003 iter=1440/1600 loss=13.31
  derivmatch lr=0.0003 iter=1520/1600 loss=12.44
  derivmatch lr=0.0003 iter=1600/1600 loss=13.41
  derivmatch lr=0.0003 iter=1600/1600 loss=12.24
derivative matching [26s]  fitloss=12.2
  [derivative matching]  nrmse=707.1  l2=1.538
  collocation: M=54 residuals=627  detecting sparsity + solving...

Algorithm: LevenbergMarquardt(
    trustregion = LevenbergMarquardtTrustRegion(
        β_uphill = 0.0
    ),
    descent = GeodesicAcceleration(
        descent = DampedNewtonDescent(
            linsolve = KLUFactorization(
                reuse_symbolic = true,
                check_pattern = true
            ),
            initial_damping = 1.0,
            damping_fn = LevenbergMarquardtDampingFunction(
                increase_factor = 2.0,
                decrease_factor = 3.0,
                min_damping = 1.0e-8
            ),
            min_norm_mode = :auto
        ),
        finite_diff_step_geodesic = 0.1,
        α = 0.75
    ),
    autodiff = AutoForwardDiff(),
    vjp_autodiff = AutoFiniteDiff(
        fdtype = Val{:forward}(),
        fdjtype = Val{:forward}(),
        fdhtype = Val{:hcentral}(),
        dir = true
    ),
    jvp_autodiff = AutoForwardDiff(),
    concrete_jac = Val{true}()
)

----    	-------------       	-----------         
Iter    	f(u) 2-norm         	Step 2-norm         
----    	-------------       	-----------         
0       	2.74246387e+09      	NaN                 
1       	1.39420331e+09      	5.43508638e-02      
8       	1.12627546e+07      	1.45524794e-01      
15      	2.25025503e+08      	0.00000000e+00      
22      	1.00297506e+09      	1.13578021e+00      
29      	4.74855483e+07      	6.66921106e-01      
36      	8.26555611e+07      	1.02639853e+00      
43      	1.10708974e+08      	0.00000000e+00      
50      	5.26664430e+08      	0.00000000e+00      
57      	5.58251522e+09      	0.00000000e+00      
64      	3.21745378e+09      	1.19350643e+00      
71      	1.37418407e+09      	0.00000000e+00      
78      	4.95222420e+08      	1.02838567e+00      
85      	2.91310828e+08      	3.97711783e-01      
92      	1.82098381e+08      	0.00000000e+00      
99      	3.91539715e+09      	0.00000000e+00      
106     	8.62000872e+08      	0.00000000e+00      
113     	6.61263868e+08      	0.00000000e+00      
120     	3.21633047e+07      	0.00000000e+00      
127     	5.67964747e+05      	3.10573446e-01      
134     	1.38068211e+07      	3.78735284e-01      
141     	1.05323211e+07      	5.00884521e-01      
148     	1.52151726e+08      	0.00000000e+00      
Final   	5.67964747e+05      
----------------------      
  AMR 1/1: M=54  err=9.59e10  obs=6.78e-7  nrmse=0.177  best=0.177  refined=0
collocation [18s]
  [final]  nrmse=0.1767  l2=0.01015
extrapolation window: T=1000.0 -> T_test=1.0e12  n_test=100
  [train]  E_traj=0.08121  E_VF=0.3601  E_spec=7.6200000000000005e28
  [test ]  E_traj=5.183e10  E_VF=7.654e17  E_spec=8.287e27
saved /orcd/home/002/txenakis/projects/BVPsolver/src/../data/runs/run_65mtzcS0/rober_fit.png
saved /orcd/home/002/txenakis/projects/BVPsolver/src/../data/runs/run_65mtzcS0/rober_fit_extrapolated.png
saved /orcd/home/002/txenakis/projects/BVPsolver/src/../data/runs/run_65mtzcS0/rober_spectral_fit_extrapolated.png
saved /orcd/home/002/txenakis/projects/BVPsolver/src/../data/runs/run_65mtzcS0/rober_vf_fit_extrapolated.png
┌ Warning: Attempting to store StiffNN.var"#12#13"{Float64, Float64, Float64}.
│ JLD2 only stores functions by name.
│  This may not be useful for anonymous functions.
└ @ JLD2 ~/.julia/packages/JLD2/ADycq/src/data/writing_datatypes.jl:447
saved run → /orcd/home/002/txenakis/projects/BVPsolver/src/../data/runs/run_65mtzcS0
