rober  model=GELU-scaled width=7 d=3 tlen=50 profile=fast seed=29  solver=Rodas5  N=332
  derivmatch lr=0.01 iter=170/3400 loss=9.003
  derivmatch lr=0.01 iter=340/3400 loss=6.982
  derivmatch lr=0.01 iter=510/3400 loss=9.881
  derivmatch lr=0.01 iter=680/3400 loss=9.255
  derivmatch lr=0.01 iter=850/3400 loss=8.997
  derivmatch lr=0.01 iter=1020/3400 loss=8.672
  derivmatch lr=0.01 iter=1190/3400 loss=8.3
  derivmatch lr=0.01 iter=1360/3400 loss=7.811
  derivmatch lr=0.01 iter=1530/3400 loss=6.819
  derivmatch lr=0.01 iter=1700/3400 loss=5.211
  derivmatch lr=0.01 iter=1870/3400 loss=5.071
  derivmatch lr=0.01 iter=2040/3400 loss=8.527
  derivmatch lr=0.01 iter=2210/3400 loss=8.257
  derivmatch lr=0.01 iter=2380/3400 loss=8.02
  derivmatch lr=0.01 iter=2550/3400 loss=8.015
  derivmatch lr=0.01 iter=2720/3400 loss=7.556
  derivmatch lr=0.01 iter=2890/3400 loss=11.61
  derivmatch lr=0.01 iter=3060/3400 loss=5.598
  derivmatch lr=0.01 iter=3230/3400 loss=5.557
  derivmatch lr=0.01 iter=3400/3400 loss=5.518
  derivmatch lr=0.01 iter=3400/3400 loss=4.568
  derivmatch lr=0.003 iter=125/2500 loss=4.836
  derivmatch lr=0.003 iter=250/2500 loss=5.532
  derivmatch lr=0.003 iter=375/2500 loss=9.622
  derivmatch lr=0.003 iter=500/2500 loss=9.435
  derivmatch lr=0.003 iter=625/2500 loss=9.347
  derivmatch lr=0.003 iter=750/2500 loss=9.199
  derivmatch lr=0.003 iter=875/2500 loss=8.995
  derivmatch lr=0.003 iter=1000/2500 loss=8.892
  derivmatch lr=0.003 iter=1125/2500 loss=9.741
  derivmatch lr=0.003 iter=1250/2500 loss=9.168
  derivmatch lr=0.003 iter=1375/2500 loss=7.404
  derivmatch lr=0.003 iter=1500/2500 loss=6.767
  derivmatch lr=0.003 iter=1625/2500 loss=6.277
  derivmatch lr=0.003 iter=1750/2500 loss=5.919
  derivmatch lr=0.003 iter=1875/2500 loss=5.687
  derivmatch lr=0.003 iter=2000/2500 loss=5.482
  derivmatch lr=0.003 iter=2125/2500 loss=5.294
  derivmatch lr=0.003 iter=2250/2500 loss=5.841
  derivmatch lr=0.003 iter=2375/2500 loss=7.497
  derivmatch lr=0.003 iter=2500/2500 loss=5.189
  derivmatch lr=0.003 iter=2500/2500 loss=4.211
  derivmatch lr=0.001 iter=125/2500 loss=4.18
  derivmatch lr=0.001 iter=250/2500 loss=4.078
  derivmatch lr=0.001 iter=375/2500 loss=4.648
  derivmatch lr=0.001 iter=500/2500 loss=6.664
  derivmatch lr=0.001 iter=625/2500 loss=4.207
  derivmatch lr=0.001 iter=750/2500 loss=4.132
  derivmatch lr=0.001 iter=875/2500 loss=4.089
  derivmatch lr=0.001 iter=1000/2500 loss=4.044
  derivmatch lr=0.001 iter=1125/2500 loss=4.003
  derivmatch lr=0.001 iter=1250/2500 loss=3.998
  derivmatch lr=0.001 iter=1375/2500 loss=6.711
  derivmatch lr=0.001 iter=1500/2500 loss=5.77
  derivmatch lr=0.001 iter=1625/2500 loss=6.598
  derivmatch lr=0.001 iter=1750/2500 loss=6.054
  derivmatch lr=0.001 iter=1875/2500 loss=5.025
  derivmatch lr=0.001 iter=2000/2500 loss=4.18
  derivmatch lr=0.001 iter=2125/2500 loss=4.109
  derivmatch lr=0.001 iter=2250/2500 loss=4.053
  derivmatch lr=0.001 iter=2375/2500 loss=4.005
  derivmatch lr=0.001 iter=2500/2500 loss=3.962
  derivmatch lr=0.001 iter=2500/2500 loss=3.962
  derivmatch lr=0.0003 iter=80/1600 loss=3.956
  derivmatch lr=0.0003 iter=160/1600 loss=3.941
  derivmatch lr=0.0003 iter=240/1600 loss=3.927
  derivmatch lr=0.0003 iter=320/1600 loss=3.914
  derivmatch lr=0.0003 iter=400/1600 loss=3.901
  derivmatch lr=0.0003 iter=480/1600 loss=3.888
  derivmatch lr=0.0003 iter=560/1600 loss=3.875
  derivmatch lr=0.0003 iter=640/1600 loss=3.862
  derivmatch lr=0.0003 iter=720/1600 loss=3.85
  derivmatch lr=0.0003 iter=800/1600 loss=3.838
  derivmatch lr=0.0003 iter=880/1600 loss=3.826
  derivmatch lr=0.0003 iter=960/1600 loss=3.814
  derivmatch lr=0.0003 iter=1040/1600 loss=3.802
  derivmatch lr=0.0003 iter=1120/1600 loss=4.023
  derivmatch lr=0.0003 iter=1200/1600 loss=4.779
  derivmatch lr=0.0003 iter=1280/1600 loss=4.666
  derivmatch lr=0.0003 iter=1360/1600 loss=3.804
  derivmatch lr=0.0003 iter=1440/1600 loss=3.789
  derivmatch lr=0.0003 iter=1520/1600 loss=3.781
  derivmatch lr=0.0003 iter=1600/1600 loss=3.772
  derivmatch lr=0.0003 iter=1600/1600 loss=3.772
derivative matching [26s]  fitloss=3.77
  [derivative matching]  nrmse=10.98  l2=0.05006
  shooting iter=50/1000 loss=0.379
  shooting iter=100/1000 loss=0.3452
  shooting iter=150/1000 loss=0.3278
  shooting iter=200/1000 loss=0.3113
  shooting iter=250/1000 loss=0.3048
  shooting iter=300/1000 loss=0.2964
  shooting iter=350/1000 loss=0.289
  shooting iter=400/1000 loss=0.2814
  shooting iter=450/1000 loss=0.2736
  shooting iter=500/1000 loss=0.2659
  shooting iter=550/1000 loss=0.2605
  shooting iter=600/1000 loss=0.2552
  shooting iter=650/1000 loss=0.2496
  shooting iter=700/1000 loss=0.2443
  shooting iter=750/1000 loss=0.239
  shooting iter=800/1000 loss=0.2336
  shooting iter=850/1000 loss=0.2283
  shooting iter=900/1000 loss=0.2229
  shooting iter=950/1000 loss=0.2176
  shooting iter=1000/1000 loss=0.2126
  shooting iter=1000/1000 loss=0.2126
shooting [332s]  loss=0.213
  [final]  nrmse=0.3996  l2=1.105
extrapolation window: T=1000.0 -> T_test=1.0e12  n_test=100
  [train]  E_traj=0.4654  E_VF=1.093  E_spec=1.214e17
  [test ]  E_traj=2.828e20  E_VF=103200.0  E_spec=1.0
saved /orcd/home/002/txenakis/projects/BVPsolver/src/../data/runs/run_RyGbozCa/rober_fit.png
saved /orcd/home/002/txenakis/projects/BVPsolver/src/../data/runs/run_RyGbozCa/rober_fit_extrapolated.png
saved /orcd/home/002/txenakis/projects/BVPsolver/src/../data/runs/run_RyGbozCa/rober_spectral_fit_extrapolated.png
saved /orcd/home/002/txenakis/projects/BVPsolver/src/../data/runs/run_RyGbozCa/rober_vf_fit_extrapolated.png
┌ Warning: Attempting to store StiffNN.var"#12#13"{Float64, Float64, Float64}.
│ JLD2 only stores functions by name.
│  This may not be useful for anonymous functions.
└ @ JLD2 ~/.julia/packages/JLD2/ADycq/src/data/writing_datatypes.jl:447
saved run → /orcd/home/002/txenakis/projects/BVPsolver/src/../data/runs/run_RyGbozCa
