hires  model=stiff width=16 d=8 tlen=50 profile=fast seed=145  solver=Rodas5  N=816
  derivmatch lr=0.01 iter=170/3400 loss=0.0967
  derivmatch lr=0.01 iter=340/3400 loss=1.572
  derivmatch lr=0.01 iter=510/3400 loss=0.0383
  derivmatch lr=0.01 iter=680/3400 loss=0.01964
  derivmatch lr=0.01 iter=850/3400 loss=0.01207
  derivmatch lr=0.01 iter=1020/3400 loss=0.008431
  derivmatch lr=0.01 iter=1190/3400 loss=0.006352
  derivmatch lr=0.01 iter=1360/3400 loss=0.005023
  derivmatch lr=0.01 iter=1530/3400 loss=0.004115
  derivmatch lr=0.01 iter=1700/3400 loss=0.003449
  derivmatch lr=0.01 iter=1870/3400 loss=0.002931
  derivmatch lr=0.01 iter=2040/3400 loss=0.002528
  derivmatch lr=0.01 iter=2210/3400 loss=0.002281
  derivmatch lr=0.01 iter=2380/3400 loss=0.002665
  derivmatch lr=0.01 iter=2550/3400 loss=0.001703
  derivmatch lr=0.01 iter=2720/3400 loss=0.001698
  derivmatch lr=0.01 iter=2890/3400 loss=0.001808
  derivmatch lr=0.01 iter=3060/3400 loss=0.002706
  derivmatch lr=0.01 iter=3230/3400 loss=0.002559
  derivmatch lr=0.01 iter=3400/3400 loss=0.0009134
  derivmatch lr=0.01 iter=3400/3400 loss=0.0009134
  derivmatch lr=0.003 iter=125/2500 loss=0.000901
  derivmatch lr=0.003 iter=250/2500 loss=0.0008155
  derivmatch lr=0.003 iter=375/2500 loss=0.000743
  derivmatch lr=0.003 iter=500/2500 loss=0.0006746
  derivmatch lr=0.003 iter=625/2500 loss=0.0006108
  derivmatch lr=0.003 iter=750/2500 loss=0.0005528
  derivmatch lr=0.003 iter=875/2500 loss=0.0005009
  derivmatch lr=0.003 iter=1000/2500 loss=0.0004546
  derivmatch lr=0.003 iter=1125/2500 loss=0.0004134
  derivmatch lr=0.003 iter=1250/2500 loss=0.0003763
  derivmatch lr=0.003 iter=1375/2500 loss=0.0003426
  derivmatch lr=0.003 iter=1500/2500 loss=0.0003161
  derivmatch lr=0.003 iter=1625/2500 loss=0.0002884
  derivmatch lr=0.003 iter=1750/2500 loss=0.0008563
  derivmatch lr=0.003 iter=1875/2500 loss=0.0002434
  derivmatch lr=0.003 iter=2000/2500 loss=0.0002266
  derivmatch lr=0.003 iter=2125/2500 loss=0.0002158
  derivmatch lr=0.003 iter=2250/2500 loss=0.0001995
  derivmatch lr=0.003 iter=2375/2500 loss=0.0002272
  derivmatch lr=0.003 iter=2500/2500 loss=0.0001762
  derivmatch lr=0.003 iter=2500/2500 loss=0.0001749
  derivmatch lr=0.001 iter=125/2500 loss=0.0001708
  derivmatch lr=0.001 iter=250/2500 loss=0.0001675
  derivmatch lr=0.001 iter=375/2500 loss=0.0001643
  derivmatch lr=0.001 iter=500/2500 loss=0.0001609
  derivmatch lr=0.001 iter=625/2500 loss=0.0001572
  derivmatch lr=0.001 iter=750/2500 loss=0.0001532
  derivmatch lr=0.001 iter=875/2500 loss=0.0001492
  derivmatch lr=0.001 iter=1000/2500 loss=0.000145
  derivmatch lr=0.001 iter=1125/2500 loss=0.0001407
  derivmatch lr=0.001 iter=1250/2500 loss=0.0001364
  derivmatch lr=0.001 iter=1375/2500 loss=0.000132
  derivmatch lr=0.001 iter=1500/2500 loss=0.0001286
  derivmatch lr=0.001 iter=1625/2500 loss=0.0001249
  derivmatch lr=0.001 iter=1750/2500 loss=0.0001212
  derivmatch lr=0.001 iter=1875/2500 loss=0.0001176
  derivmatch lr=0.001 iter=2000/2500 loss=0.0001308
  derivmatch lr=0.001 iter=2125/2500 loss=0.0001113
  derivmatch lr=0.001 iter=2250/2500 loss=0.0001082
  derivmatch lr=0.001 iter=2375/2500 loss=0.0001051
  derivmatch lr=0.001 iter=2500/2500 loss=0.0001031
  derivmatch lr=0.001 iter=2500/2500 loss=0.0001025
  derivmatch lr=0.0003 iter=80/1600 loss=0.0001022
  derivmatch lr=0.0003 iter=160/1600 loss=0.0001017
  derivmatch lr=0.0003 iter=240/1600 loss=0.0001011
  derivmatch lr=0.0003 iter=320/1600 loss=0.0001005
  derivmatch lr=0.0003 iter=400/1600 loss=9.973e-5
  derivmatch lr=0.0003 iter=480/1600 loss=9.892e-5
  derivmatch lr=0.0003 iter=560/1600 loss=9.803e-5
  derivmatch lr=0.0003 iter=640/1600 loss=9.708e-5
  derivmatch lr=0.0003 iter=720/1600 loss=9.607e-5
  derivmatch lr=0.0003 iter=800/1600 loss=9.501e-5
  derivmatch lr=0.0003 iter=880/1600 loss=9.39e-5
  derivmatch lr=0.0003 iter=960/1600 loss=9.275e-5
  derivmatch lr=0.0003 iter=1040/1600 loss=9.155e-5
  derivmatch lr=0.0003 iter=1120/1600 loss=9.031e-5
  derivmatch lr=0.0003 iter=1200/1600 loss=9.174e-5
  derivmatch lr=0.0003 iter=1280/1600 loss=8.815e-5
  derivmatch lr=0.0003 iter=1360/1600 loss=8.71e-5
  derivmatch lr=0.0003 iter=1440/1600 loss=8.603e-5
  derivmatch lr=0.0003 iter=1520/1600 loss=8.493e-5
  derivmatch lr=0.0003 iter=1600/1600 loss=8.381e-5
  derivmatch lr=0.0003 iter=1600/1600 loss=8.381e-5
derivative matching [36s]  fitloss=8.38e-5
  [derivative matching]  nrmse=0.02726  l2=0.1664
  collocation: M=75 residuals=2176  detecting sparsity + solving...

Algorithm: LevenbergMarquardt(
    trustregion = LevenbergMarquardtTrustRegion(
        β_uphill = 0.0
    ),
    descent = GeodesicAcceleration(
        descent = DampedNewtonDescent(
            linsolve = QRFactorization(
                pivot = NoPivot(),
                blocksize = 16,
                inplace = true
            ),
            initial_damping = 1.0,
            damping_fn = LevenbergMarquardtDampingFunction(
                increase_factor = 2.0,
                decrease_factor = 3.0,
                min_damping = 1.0e-8
            ),
            min_norm_mode = :auto
        ),
        finite_diff_step_geodesic = 0.1,
        α = 0.75
    ),
    autodiff = AutoForwardDiff(),
    vjp_autodiff = AutoFiniteDiff(
        fdtype = Val{:forward}(),
        fdjtype = Val{:forward}(),
        fdhtype = Val{:hcentral}(),
        dir = true
    ),
    jvp_autodiff = AutoForwardDiff(),
    concrete_jac = Val{true}()
)

----    	-------------       	-----------         
Iter    	f(u) 2-norm         	Step 2-norm         
----    	-------------       	-----------         
0       	2.64353680e+02      	NaN                 
1       	1.81007961e+02      	5.72740823e-02      
8       	7.56229674e+01      	8.43019522e-02      
15      	3.47079420e+00      	5.54796859e-01      
22      	3.23241448e+00      	0.00000000e+00      
29      	2.63859948e+00      	0.00000000e+00      
36      	1.51722010e+00      	0.00000000e+00      
43      	2.12480579e+00      	0.00000000e+00      
50      	5.63452128e-01      	0.00000000e+00      
57      	1.36779715e+00      	7.62118652e-01      
64      	7.85444497e+00      	9.25096052e-01      
71      	1.18202314e+00      	0.00000000e+00      
78      	3.98099197e+00      	8.90710332e-01      
85      	7.02574514e+00      	9.04193503e-01      
92      	2.35269081e+00      	4.49818947e-01      
99      	1.12423859e+00      	4.94525762e-01      
106     	1.04206890e+00      	6.38311664e-01      
113     	4.10675171e-01      	4.05322506e-01      
120     	2.85096607e+00      	7.60290502e-01      
127     	1.28643456e+00      	0.00000000e+00      
134     	5.41348554e-01      	5.83601640e-01      
141     	2.57964396e+00      	5.60999774e-01      
148     	1.85685963e+00      	0.00000000e+00      
Final   	1.92214469e-01      
----------------------      
  AMR 1/1: M=75  err=0.00753  obs=3.35e-6  nrmse=0.209  best=0.0273  refined=0
 derivative matching was best (1/1 rounds ran)
collocation [163s]
  [final]  nrmse=0.02726  l2=0.1664
extrapolation window: T=321.8122 -> T_test=643.624  n_test=100
  [train]  E_traj=0.002412  E_VF=0.001501  E_spec=1.371e18
  [test ]  E_traj=517.5  E_VF=4.3e6  E_spec=2.6140000000000004e28
saved /orcd/home/002/txenakis/projects/BVPsolver/src/../data/runs/run_cKFqG3kV/hires_fit.png
saved /orcd/home/002/txenakis/projects/BVPsolver/src/../data/runs/run_cKFqG3kV/hires_fit_extrapolated.png
saved /orcd/home/002/txenakis/projects/BVPsolver/src/../data/runs/run_cKFqG3kV/hires_spectral_fit_extrapolated.png
saved /orcd/home/002/txenakis/projects/BVPsolver/src/../data/runs/run_cKFqG3kV/hires_vf_fit_extrapolated.png
┌ Warning: Attempting to store StiffNN.var"#18#19"{Type{Float64}}.
│ JLD2 only stores functions by name.
│  This may not be useful for anonymous functions.
└ @ JLD2 ~/.julia/packages/JLD2/ADycq/src/data/writing_datatypes.jl:447
saved run → /orcd/home/002/txenakis/projects/BVPsolver/src/../data/runs/run_cKFqG3kV
