hires  model=stiff width=16 d=8 tlen=50 profile=fast seed=113  solver=Rodas5  N=816
  derivmatch lr=0.01 iter=170/3400 loss=0.08954
  derivmatch lr=0.01 iter=340/3400 loss=0.03994
  derivmatch lr=0.01 iter=510/3400 loss=0.04698
  derivmatch lr=0.01 iter=680/3400 loss=0.02254
  derivmatch lr=0.01 iter=850/3400 loss=0.01648
  derivmatch lr=0.01 iter=1020/3400 loss=0.01245
  derivmatch lr=0.01 iter=1190/3400 loss=0.0094
  derivmatch lr=0.01 iter=1360/3400 loss=0.007037
  derivmatch lr=0.01 iter=1530/3400 loss=0.005301
  derivmatch lr=0.01 iter=1700/3400 loss=0.004088
  derivmatch lr=0.01 iter=1870/3400 loss=0.003232
  derivmatch lr=0.01 iter=2040/3400 loss=0.00259
  derivmatch lr=0.01 iter=2210/3400 loss=0.002119
  derivmatch lr=0.01 iter=2380/3400 loss=0.001789
  derivmatch lr=0.01 iter=2550/3400 loss=0.001559
  derivmatch lr=0.01 iter=2720/3400 loss=0.001393
  derivmatch lr=0.01 iter=2890/3400 loss=0.001302
  derivmatch lr=0.01 iter=3060/3400 loss=0.001175
  derivmatch lr=0.01 iter=3230/3400 loss=0.001195
  derivmatch lr=0.01 iter=3400/3400 loss=0.001158
  derivmatch lr=0.01 iter=3400/3400 loss=0.00103
  derivmatch lr=0.003 iter=125/2500 loss=0.001017
  derivmatch lr=0.003 iter=250/2500 loss=0.0009532
  derivmatch lr=0.003 iter=375/2500 loss=0.0008961
  derivmatch lr=0.003 iter=500/2500 loss=0.000841
  derivmatch lr=0.003 iter=625/2500 loss=0.0007869
  derivmatch lr=0.003 iter=750/2500 loss=0.0007399
  derivmatch lr=0.003 iter=875/2500 loss=0.0006941
  derivmatch lr=0.003 iter=1000/2500 loss=0.0006491
  derivmatch lr=0.003 iter=1125/2500 loss=0.0006048
  derivmatch lr=0.003 iter=1250/2500 loss=0.0005618
  derivmatch lr=0.003 iter=1375/2500 loss=0.000523
  derivmatch lr=0.003 iter=1500/2500 loss=0.0004984
  derivmatch lr=0.003 iter=1625/2500 loss=0.0004699
  derivmatch lr=0.003 iter=1750/2500 loss=0.0008102
  derivmatch lr=0.003 iter=1875/2500 loss=0.0004275
  derivmatch lr=0.003 iter=2000/2500 loss=0.000434
  derivmatch lr=0.003 iter=2125/2500 loss=0.0003929
  derivmatch lr=0.003 iter=2250/2500 loss=0.0003874
  derivmatch lr=0.003 iter=2375/2500 loss=0.0003697
  derivmatch lr=0.003 iter=2500/2500 loss=0.0003751
  derivmatch lr=0.003 iter=2500/2500 loss=0.0003563
  derivmatch lr=0.001 iter=125/2500 loss=0.0003541
  derivmatch lr=0.001 iter=250/2500 loss=0.0003505
  derivmatch lr=0.001 iter=375/2500 loss=0.000346
  derivmatch lr=0.001 iter=500/2500 loss=0.0003408
  derivmatch lr=0.001 iter=625/2500 loss=0.0003349
  derivmatch lr=0.001 iter=750/2500 loss=0.0003286
  derivmatch lr=0.001 iter=875/2500 loss=0.000324
  derivmatch lr=0.001 iter=1000/2500 loss=0.0003174
  derivmatch lr=0.001 iter=1125/2500 loss=0.0003112
  derivmatch lr=0.001 iter=1250/2500 loss=0.0003048
  derivmatch lr=0.001 iter=1375/2500 loss=0.0003097
  derivmatch lr=0.001 iter=1500/2500 loss=0.0002925
  derivmatch lr=0.001 iter=1625/2500 loss=0.0002862
  derivmatch lr=0.001 iter=1750/2500 loss=0.0002796
  derivmatch lr=0.001 iter=1875/2500 loss=0.0004831
  derivmatch lr=0.001 iter=2000/2500 loss=0.0002672
  derivmatch lr=0.001 iter=2125/2500 loss=0.0002607
  derivmatch lr=0.001 iter=2250/2500 loss=0.0002544
  derivmatch lr=0.001 iter=2375/2500 loss=0.0002485
  derivmatch lr=0.001 iter=2500/2500 loss=0.0002425
  derivmatch lr=0.001 iter=2500/2500 loss=0.0002425
  derivmatch lr=0.0003 iter=80/1600 loss=0.0002417
  derivmatch lr=0.0003 iter=160/1600 loss=0.0002407
  derivmatch lr=0.0003 iter=240/1600 loss=0.0002395
  derivmatch lr=0.0003 iter=320/1600 loss=0.0002381
  derivmatch lr=0.0003 iter=400/1600 loss=0.0002429
  derivmatch lr=0.0003 iter=480/1600 loss=0.0002351
  derivmatch lr=0.0003 iter=560/1600 loss=0.0002334
  derivmatch lr=0.0003 iter=640/1600 loss=0.0002316
  derivmatch lr=0.0003 iter=720/1600 loss=0.0002677
  derivmatch lr=0.0003 iter=800/1600 loss=0.0002279
  derivmatch lr=0.0003 iter=880/1600 loss=0.0002261
  derivmatch lr=0.0003 iter=960/1600 loss=0.0002241
  derivmatch lr=0.0003 iter=1040/1600 loss=0.0002253
  derivmatch lr=0.0003 iter=1120/1600 loss=0.0002201
  derivmatch lr=0.0003 iter=1200/1600 loss=0.0002181
  derivmatch lr=0.0003 iter=1280/1600 loss=0.0002161
  derivmatch lr=0.0003 iter=1360/1600 loss=0.0002141
  derivmatch lr=0.0003 iter=1440/1600 loss=0.0002121
  derivmatch lr=0.0003 iter=1520/1600 loss=0.0002101
  derivmatch lr=0.0003 iter=1600/1600 loss=0.000208
  derivmatch lr=0.0003 iter=1600/1600 loss=0.000208
derivative matching [29s]  fitloss=0.000208
  [derivative matching]  nrmse=1.547  l2=19.66
  collocation: M=75 residuals=2176  detecting sparsity + solving...

Algorithm: LevenbergMarquardt(
    trustregion = LevenbergMarquardtTrustRegion(
        β_uphill = 0.0
    ),
    descent = GeodesicAcceleration(
        descent = DampedNewtonDescent(
            linsolve = QRFactorization(
                pivot = NoPivot(),
                blocksize = 16,
                inplace = true
            ),
            initial_damping = 1.0,
            damping_fn = LevenbergMarquardtDampingFunction(
                increase_factor = 2.0,
                decrease_factor = 3.0,
                min_damping = 1.0e-8
            ),
            min_norm_mode = :auto
        ),
        finite_diff_step_geodesic = 0.1,
        α = 0.75
    ),
    autodiff = AutoForwardDiff(),
    vjp_autodiff = AutoFiniteDiff(
        fdtype = Val{:forward}(),
        fdjtype = Val{:forward}(),
        fdhtype = Val{:hcentral}(),
        dir = true
    ),
    jvp_autodiff = AutoForwardDiff(),
    concrete_jac = Val{true}()
)

----    	-------------       	-----------         
Iter    	f(u) 2-norm         	Step 2-norm         
----    	-------------       	-----------         
0       	2.60432064e+02      	6.22649560e+228     
1       	2.18315310e+02      	5.65061781e-02      
8       	9.26917466e+01      	1.23173098e-01      
15      	3.65460687e+00      	3.90713937e-01      
22      	5.00709395e+00      	0.00000000e+00      
29      	9.49968531e-01      	2.84253347e-01      
36      	2.47851508e+00      	0.00000000e+00      
43      	9.01166605e+00      	0.00000000e+00      
50      	5.62587349e+00      	7.43706533e-01      
57      	3.65864176e+00      	0.00000000e+00      
64      	2.03366295e+00      	0.00000000e+00      
71      	3.65034838e+00      	0.00000000e+00      
78      	3.16815981e+00      	0.00000000e+00      
85      	1.59246776e+00      	0.00000000e+00      
92      	3.43298886e+00      	8.74117490e-01      
99      	4.46996575e+00      	1.01803912e+00      
106     	2.56381081e+00      	7.04616277e-01      
113     	2.25375487e+00      	0.00000000e+00      
120     	1.22935196e+00      	0.00000000e+00      
127     	5.81032372e-01      	0.00000000e+00      
134     	6.83864637e+00      	0.00000000e+00      
141     	4.71313040e+00      	7.36270183e-01      
148     	1.92402567e+00      	0.00000000e+00      
Final   	3.17634706e-01      
----------------------      
  AMR 1/1: M=75  err=0.0155  obs=6.18e-6  nrmse=0.0426  best=0.0426  refined=0
collocation [146s]
  [final]  nrmse=0.04259  l2=0.1211
extrapolation window: T=321.8122 -> T_test=643.624  n_test=100
  [train]  E_traj=0.006633  E_VF=8.301e-5  E_spec=1.79e18
  [test ]  E_traj=11710.0  E_VF=6.406e8  E_spec=2.963e27
saved /orcd/home/002/txenakis/projects/BVPsolver/src/../data/runs/run_Q1QOkyHV/hires_fit.png
saved /orcd/home/002/txenakis/projects/BVPsolver/src/../data/runs/run_Q1QOkyHV/hires_fit_extrapolated.png
saved /orcd/home/002/txenakis/projects/BVPsolver/src/../data/runs/run_Q1QOkyHV/hires_spectral_fit_extrapolated.png
saved /orcd/home/002/txenakis/projects/BVPsolver/src/../data/runs/run_Q1QOkyHV/hires_vf_fit_extrapolated.png
┌ Warning: Attempting to store StiffNN.var"#18#19"{Type{Float64}}.
│ JLD2 only stores functions by name.
│  This may not be useful for anonymous functions.
└ @ JLD2 ~/.julia/packages/JLD2/ADycq/src/data/writing_datatypes.jl:447
saved run → /orcd/home/002/txenakis/projects/BVPsolver/src/../data/runs/run_Q1QOkyHV
