davis-skodje  model=stiff width=12 d=2 tlen=300 profile=fast seed=47  solver=Rodas5P  N=268
  derivmatch lr=0.01 iter=170/3400 loss=0.1302
  derivmatch lr=0.01 iter=340/3400 loss=0.08273
  derivmatch lr=0.01 iter=510/3400 loss=0.05372
  derivmatch lr=0.01 iter=680/3400 loss=0.04354
  derivmatch lr=0.01 iter=850/3400 loss=0.03708
  derivmatch lr=0.01 iter=1020/3400 loss=0.03269
  derivmatch lr=0.01 iter=1190/3400 loss=0.02945
  derivmatch lr=0.01 iter=1360/3400 loss=0.02688
  derivmatch lr=0.01 iter=1530/3400 loss=0.02476
  derivmatch lr=0.01 iter=1700/3400 loss=0.02299
  derivmatch lr=0.01 iter=1870/3400 loss=0.0215
  derivmatch lr=0.01 iter=2040/3400 loss=0.02628
  derivmatch lr=0.01 iter=2210/3400 loss=0.01371
  derivmatch lr=0.01 iter=2380/3400 loss=0.02277
  derivmatch lr=0.01 iter=2550/3400 loss=0.0176
  derivmatch lr=0.01 iter=2720/3400 loss=0.01566
  derivmatch lr=0.01 iter=2890/3400 loss=0.01535
  derivmatch lr=0.01 iter=3060/3400 loss=0.01614
  derivmatch lr=0.01 iter=3230/3400 loss=0.01193
  derivmatch lr=0.01 iter=3400/3400 loss=0.008812
  derivmatch lr=0.01 iter=3400/3400 loss=0.008589
  derivmatch lr=0.003 iter=125/2500 loss=0.006696
  derivmatch lr=0.003 iter=250/2500 loss=0.00624
  derivmatch lr=0.003 iter=375/2500 loss=0.008792
  derivmatch lr=0.003 iter=500/2500 loss=0.004712
  derivmatch lr=0.003 iter=625/2500 loss=0.004816
  derivmatch lr=0.003 iter=750/2500 loss=0.007842
  derivmatch lr=0.003 iter=875/2500 loss=0.009195
  derivmatch lr=0.003 iter=1000/2500 loss=0.004316
  derivmatch lr=0.003 iter=1125/2500 loss=0.00341
  derivmatch lr=0.003 iter=1250/2500 loss=0.005349
  derivmatch lr=0.003 iter=1375/2500 loss=0.003876
  derivmatch lr=0.003 iter=1500/2500 loss=0.004024
  derivmatch lr=0.003 iter=1625/2500 loss=0.005177
  derivmatch lr=0.003 iter=1750/2500 loss=0.006183
  derivmatch lr=0.003 iter=1875/2500 loss=0.005879
  derivmatch lr=0.003 iter=2000/2500 loss=0.007633
  derivmatch lr=0.003 iter=2125/2500 loss=0.003126
  derivmatch lr=0.003 iter=2250/2500 loss=0.004164
  derivmatch lr=0.003 iter=2375/2500 loss=0.004492
  derivmatch lr=0.003 iter=2500/2500 loss=0.007225
  derivmatch lr=0.003 iter=2500/2500 loss=0.002373
  derivmatch lr=0.001 iter=125/2500 loss=0.002493
  derivmatch lr=0.001 iter=250/2500 loss=0.0022
  derivmatch lr=0.001 iter=375/2500 loss=0.002101
  derivmatch lr=0.001 iter=500/2500 loss=0.00202
  derivmatch lr=0.001 iter=625/2500 loss=0.001943
  derivmatch lr=0.001 iter=750/2500 loss=0.001867
  derivmatch lr=0.001 iter=875/2500 loss=0.001789
  derivmatch lr=0.001 iter=1000/2500 loss=0.001797
  derivmatch lr=0.001 iter=1125/2500 loss=0.00167
  derivmatch lr=0.001 iter=1250/2500 loss=0.002008
  derivmatch lr=0.001 iter=1375/2500 loss=0.002369
  derivmatch lr=0.001 iter=1500/2500 loss=0.002104
  derivmatch lr=0.001 iter=1625/2500 loss=0.001786
  derivmatch lr=0.001 iter=1750/2500 loss=0.001585
  derivmatch lr=0.001 iter=1875/2500 loss=0.003368
  derivmatch lr=0.001 iter=2000/2500 loss=0.003263
  derivmatch lr=0.001 iter=2125/2500 loss=0.001344
  derivmatch lr=0.001 iter=2250/2500 loss=0.001531
  derivmatch lr=0.001 iter=2375/2500 loss=0.001785
  derivmatch lr=0.001 iter=2500/2500 loss=0.002502
  derivmatch lr=0.001 iter=2500/2500 loss=0.001234
  derivmatch lr=0.0003 iter=80/1600 loss=0.001247
  derivmatch lr=0.0003 iter=160/1600 loss=0.001226
  derivmatch lr=0.0003 iter=240/1600 loss=0.001216
  derivmatch lr=0.0003 iter=320/1600 loss=0.001209
  derivmatch lr=0.0003 iter=400/1600 loss=0.001201
  derivmatch lr=0.0003 iter=480/1600 loss=0.001193
  derivmatch lr=0.0003 iter=560/1600 loss=0.001185
  derivmatch lr=0.0003 iter=640/1600 loss=0.001176
  derivmatch lr=0.0003 iter=720/1600 loss=0.001166
  derivmatch lr=0.0003 iter=800/1600 loss=0.001156
  derivmatch lr=0.0003 iter=880/1600 loss=0.001145
  derivmatch lr=0.0003 iter=960/1600 loss=0.001133
  derivmatch lr=0.0003 iter=1040/1600 loss=0.001121
  derivmatch lr=0.0003 iter=1120/1600 loss=0.001108
  derivmatch lr=0.0003 iter=1200/1600 loss=0.001095
  derivmatch lr=0.0003 iter=1280/1600 loss=0.001081
  derivmatch lr=0.0003 iter=1360/1600 loss=0.001066
  derivmatch lr=0.0003 iter=1440/1600 loss=0.001051
  derivmatch lr=0.0003 iter=1520/1600 loss=0.001053
  derivmatch lr=0.0003 iter=1600/1600 loss=0.001027
  derivmatch lr=0.0003 iter=1600/1600 loss=0.001027
derivative matching [30s]  fitloss=0.00103
  [derivative matching]  nrmse=0.0011  l2=0.05364
  collocation: M=300 residuals=2394  detecting sparsity + solving...

Algorithm: LevenbergMarquardt(
    trustregion = LevenbergMarquardtTrustRegion(
        β_uphill = 0.0
    ),
    descent = GeodesicAcceleration(
        descent = DampedNewtonDescent(
            linsolve = KLUFactorization(
                reuse_symbolic = true,
                check_pattern = true
            ),
            initial_damping = 1.0,
            damping_fn = LevenbergMarquardtDampingFunction(
                increase_factor = 2.0,
                decrease_factor = 3.0,
                min_damping = 1.0e-8
            ),
            min_norm_mode = :auto
        ),
        finite_diff_step_geodesic = 0.1,
        α = 0.75
    ),
    autodiff = AutoForwardDiff(),
    vjp_autodiff = AutoFiniteDiff(
        fdtype = Val{:forward}(),
        fdjtype = Val{:forward}(),
        fdhtype = Val{:hcentral}(),
        dir = true
    ),
    jvp_autodiff = AutoForwardDiff(),
    concrete_jac = Val{true}()
)

----    	-------------       	-----------         
Iter    	f(u) 2-norm         	Step 2-norm         
----    	-------------       	-----------         
0       	2.27712296e+01      	NaN                 
1       	9.37647769e+00      	5.91137073e-01      
8       	2.84260223e-02      	1.74401510e-02      
15      	1.67977488e-01      	2.21431239e-01      
22      	2.69394769e-01      	1.47326577e+00      
29      	4.69067851e-01      	0.00000000e+00      
36      	2.24362403e+00      	0.00000000e+00      
43      	4.82578413e-02      	0.00000000e+00      
50      	1.16519937e+00      	0.00000000e+00      
57      	1.67701884e-01      	0.00000000e+00      
64      	2.15797205e-02      	3.98768692e-01      
71      	2.87436006e-01      	8.45680910e-01      
78      	3.38080700e-01      	0.00000000e+00      
85      	7.36548406e-05      	6.23335797e-02      
92      	1.61403121e-02      	0.00000000e+00      
99      	7.14170251e-02      	0.00000000e+00      
106     	2.29381699e-01      	6.48498874e-01      
113     	3.48973563e-02      	0.00000000e+00      
120     	1.43521206e-02      	2.77391454e-01      
127     	2.02534964e-02      	0.00000000e+00      
134     	1.37187831e-01      	0.00000000e+00      
141     	1.53383553e-05      	0.00000000e+00      
148     	4.10225334e-02      	3.56811946e-01      
Final   	7.13955209e-06      
----------------------      
  AMR 1/3: M=300  err=9.67e-13  obs=7.33e-8  nrmse=7.15e-7  best=7.15e-7  refined=43
  collocation: M=343 residuals=2652  detecting sparsity + solving...

Algorithm: LevenbergMarquardt(
    trustregion = LevenbergMarquardtTrustRegion(
        β_uphill = 0.0
    ),
    descent = GeodesicAcceleration(
        descent = DampedNewtonDescent(
            linsolve = KLUFactorization(
                reuse_symbolic = true,
                check_pattern = true
            ),
            initial_damping = 1.0,
            damping_fn = LevenbergMarquardtDampingFunction(
                increase_factor = 2.0,
                decrease_factor = 3.0,
                min_damping = 1.0e-8
            ),
            min_norm_mode = :auto
        ),
        finite_diff_step_geodesic = 0.1,
        α = 0.75
    ),
    autodiff = AutoForwardDiff(),
    vjp_autodiff = AutoFiniteDiff(
        fdtype = Val{:forward}(),
        fdjtype = Val{:forward}(),
        fdhtype = Val{:hcentral}(),
        dir = true
    ),
    jvp_autodiff = AutoForwardDiff(),
    concrete_jac = Val{true}()
)

----    	-------------       	-----------         
Iter    	f(u) 2-norm         	Step 2-norm         
----    	-------------       	-----------         
0       	1.84041617e+01      	NaN                 
1       	1.84041617e+01      	0.00000000e+00      
8       	1.18965677e+01      	2.68102484e-01      
15      	7.34124680e-03      	4.40133505e-03      
22      	9.46254091e-04      	5.89108266e-02      
29      	1.87406351e-05      	5.35594982e-02      
36      	1.01504109e-04      	1.10452510e-01      
43      	8.47634427e-02      	0.00000000e+00      
50      	1.10919316e-01      	0.00000000e+00      
57      	1.20134871e-05      	3.34539750e-02      
64      	5.19749758e-03      	0.00000000e+00      
71      	6.64182084e-03      	2.34186032e-01      
78      	4.48137552e-02      	0.00000000e+00      
85      	1.91069767e-01      	7.99850848e-01      
92      	1.71720005e-02      	0.00000000e+00      
99      	2.57333711e-01      	0.00000000e+00      
106     	4.57801320e-02      	0.00000000e+00      
113     	1.39658101e-01      	0.00000000e+00      
120     	2.06199195e-03      	0.00000000e+00      
127     	2.45480058e-02      	1.78722515e-01      
134     	9.07971710e-03      	0.00000000e+00      
141     	2.58497136e-02      	3.31086587e-01      
148     	2.93884867e-03      	0.00000000e+00      
Final   	3.63839648e-06      
----------------------      
  AMR 2/3: M=343  err=1.94e-13  obs=7.17e-8  nrmse=8.86e-7  best=7.15e-7  refined=35
  collocation: M=381 residuals=2880  detecting sparsity + solving...

Algorithm: LevenbergMarquardt(
    trustregion = LevenbergMarquardtTrustRegion(
        β_uphill = 0.0
    ),
    descent = GeodesicAcceleration(
        descent = DampedNewtonDescent(
            linsolve = KLUFactorization(
                reuse_symbolic = true,
                check_pattern = true
            ),
            initial_damping = 1.0,
            damping_fn = LevenbergMarquardtDampingFunction(
                increase_factor = 2.0,
                decrease_factor = 3.0,
                min_damping = 1.0e-8
            ),
            min_norm_mode = :auto
        ),
        finite_diff_step_geodesic = 0.1,
        α = 0.75
    ),
    autodiff = AutoForwardDiff(),
    vjp_autodiff = AutoFiniteDiff(
        fdtype = Val{:forward}(),
        fdjtype = Val{:forward}(),
        fdhtype = Val{:hcentral}(),
        dir = true
    ),
    jvp_autodiff = AutoForwardDiff(),
    concrete_jac = Val{true}()
)

----    	-------------       	-----------         
Iter    	f(u) 2-norm         	Step 2-norm         
----    	-------------       	-----------         
0       	1.83525207e+01      	NaN                 
1       	1.83525207e+01      	0.00000000e+00      
8       	1.23192515e-01      	1.31373402e-02      
15      	2.93082427e-03      	2.94605801e-03      
22      	2.52357608e-03      	9.65261932e-02      
29      	1.05275862e-04      	6.45406823e-02      
36      	2.93859208e-04      	2.45532345e-01      
43      	1.50697444e-03      	2.00479830e-01      
50      	4.28074912e-06      	0.00000000e+00      
57      	3.62240179e-01      	7.06872298e-01      
64      	2.62422444e-02      	8.15272078e-01      
71      	4.17902870e-02      	0.00000000e+00      
78      	4.10157368e-01      	0.00000000e+00      
85      	2.15994400e-01      	0.00000000e+00      
92      	1.19244652e-02      	2.46898749e-01      
99      	2.61593239e-02      	0.00000000e+00      
106     	1.04974106e-04      	1.18991325e-01      
113     	1.68311590e-01      	2.11471653e+00      
120     	9.16182363e-04      	0.00000000e+00      
127     	1.83735789e-01      	0.00000000e+00      
134     	5.15536988e-03      	2.47310841e-01      
141     	1.12336056e-02      	0.00000000e+00      
148     	4.37314720e-01      	0.00000000e+00      
Final   	4.28074912e-06      
----------------------      
  AMR 3/3: M=381  err=2.11e-13  obs=6.22e-8  nrmse=7.11e-7  best=7.11e-7  refined=0
collocation [146s]
  [final]  nrmse=7.113e-7  l2=2.396e-5
extrapolation window: T=15.0 -> T_test=30.0  n_test=600
  [train]  E_traj=1.454e-12  E_VF=2.334e-7  E_spec=0.2037
  [test ]  E_traj=9.814  E_VF=14800.0  E_spec=0.4556
saved /orcd/home/002/txenakis/projects/BVPsolver/src/../data/runs/run_vjgmaAWe/davis-skodje_fit.png
saved /orcd/home/002/txenakis/projects/BVPsolver/src/../data/runs/run_vjgmaAWe/davis-skodje_fit_extrapolated.png
saved /orcd/home/002/txenakis/projects/BVPsolver/src/../data/runs/run_vjgmaAWe/davis-skodje_spectral_fit_extrapolated.png
saved /orcd/home/002/txenakis/projects/BVPsolver/src/../data/runs/run_vjgmaAWe/davis-skodje_vf_fit_extrapolated.png
┌ Warning: Attempting to store StiffNN.var"#22#23"{Float64}.
│ JLD2 only stores functions by name.
│  This may not be useful for anonymous functions.
└ @ JLD2 ~/.julia/packages/JLD2/ADycq/src/data/writing_datatypes.jl:447
saved run → /orcd/home/002/txenakis/projects/BVPsolver/src/../data/runs/run_vjgmaAWe
