rober  model=stiff width=12 d=3 tlen=50 profile=fast seed=214  solver=Rodas5  N=318
  derivmatch lr=0.01 iter=170/3400 loss=0.2552
  derivmatch lr=0.01 iter=340/3400 loss=0.08628
  derivmatch lr=0.01 iter=510/3400 loss=0.0556
  derivmatch lr=0.01 iter=680/3400 loss=0.04107
  derivmatch lr=0.01 iter=850/3400 loss=0.03645
  derivmatch lr=0.01 iter=1020/3400 loss=0.03027
  derivmatch lr=0.01 iter=1190/3400 loss=0.02551
  derivmatch lr=0.01 iter=1360/3400 loss=0.02164
  derivmatch lr=0.01 iter=1530/3400 loss=0.01833
  derivmatch lr=0.01 iter=1700/3400 loss=0.01539
  derivmatch lr=0.01 iter=1870/3400 loss=0.01272
  derivmatch lr=0.01 iter=2040/3400 loss=0.0103
  derivmatch lr=0.01 iter=2210/3400 loss=0.008195
  derivmatch lr=0.01 iter=2380/3400 loss=0.006466
  derivmatch lr=0.01 iter=2550/3400 loss=0.005145
  derivmatch lr=0.01 iter=2720/3400 loss=0.00419
  derivmatch lr=0.01 iter=2890/3400 loss=0.003477
  derivmatch lr=0.01 iter=3060/3400 loss=0.002903
  derivmatch lr=0.01 iter=3230/3400 loss=0.002484
  derivmatch lr=0.01 iter=3400/3400 loss=0.0022
  derivmatch lr=0.01 iter=3400/3400 loss=0.002185
  derivmatch lr=0.003 iter=125/2500 loss=0.001508
  derivmatch lr=0.003 iter=250/2500 loss=0.001427
  derivmatch lr=0.003 iter=375/2500 loss=0.001345
  derivmatch lr=0.003 iter=500/2500 loss=0.001261
  derivmatch lr=0.003 iter=625/2500 loss=0.001177
  derivmatch lr=0.003 iter=750/2500 loss=0.001093
  derivmatch lr=0.003 iter=875/2500 loss=0.001011
  derivmatch lr=0.003 iter=1000/2500 loss=0.0009313
  derivmatch lr=0.003 iter=1125/2500 loss=0.0008551
  derivmatch lr=0.003 iter=1250/2500 loss=0.0007827
  derivmatch lr=0.003 iter=1375/2500 loss=0.001072
  derivmatch lr=0.003 iter=1500/2500 loss=0.0006711
  derivmatch lr=0.003 iter=1625/2500 loss=0.000626
  derivmatch lr=0.003 iter=1750/2500 loss=0.0005826
  derivmatch lr=0.003 iter=1875/2500 loss=0.0005456
  derivmatch lr=0.003 iter=2000/2500 loss=0.0005106
  derivmatch lr=0.003 iter=2125/2500 loss=0.0005095
  derivmatch lr=0.003 iter=2250/2500 loss=0.0004484
  derivmatch lr=0.003 iter=2375/2500 loss=0.0004266
  derivmatch lr=0.003 iter=2500/2500 loss=0.0004299
  derivmatch lr=0.003 iter=2500/2500 loss=0.0004007
  derivmatch lr=0.001 iter=125/2500 loss=0.0003969
  derivmatch lr=0.001 iter=250/2500 loss=0.0003915
  derivmatch lr=0.001 iter=375/2500 loss=0.0003846
  derivmatch lr=0.001 iter=500/2500 loss=0.0003764
  derivmatch lr=0.001 iter=625/2500 loss=0.0003672
  derivmatch lr=0.001 iter=750/2500 loss=0.0003571
  derivmatch lr=0.001 iter=875/2500 loss=0.0003463
  derivmatch lr=0.001 iter=1000/2500 loss=0.0003348
  derivmatch lr=0.001 iter=1125/2500 loss=0.0003228
  derivmatch lr=0.001 iter=1250/2500 loss=0.0003105
  derivmatch lr=0.001 iter=1375/2500 loss=0.0002979
  derivmatch lr=0.001 iter=1500/2500 loss=0.000285
  derivmatch lr=0.001 iter=1625/2500 loss=0.0002721
  derivmatch lr=0.001 iter=1750/2500 loss=0.0002592
  derivmatch lr=0.001 iter=1875/2500 loss=0.0002463
  derivmatch lr=0.001 iter=2000/2500 loss=0.0002345
  derivmatch lr=0.001 iter=2125/2500 loss=0.0002252
  derivmatch lr=0.001 iter=2250/2500 loss=0.0002133
  derivmatch lr=0.001 iter=2375/2500 loss=0.0002048
  derivmatch lr=0.001 iter=2500/2500 loss=0.0001948
  derivmatch lr=0.001 iter=2500/2500 loss=0.0001948
  derivmatch lr=0.0003 iter=80/1600 loss=0.0001936
  derivmatch lr=0.0003 iter=160/1600 loss=0.0001923
  derivmatch lr=0.0003 iter=240/1600 loss=0.0001908
  derivmatch lr=0.0003 iter=320/1600 loss=0.000189
  derivmatch lr=0.0003 iter=400/1600 loss=0.0001871
  derivmatch lr=0.0003 iter=480/1600 loss=0.000185
  derivmatch lr=0.0003 iter=560/1600 loss=0.0001827
  derivmatch lr=0.0003 iter=640/1600 loss=0.0001803
  derivmatch lr=0.0003 iter=720/1600 loss=0.0001777
  derivmatch lr=0.0003 iter=800/1600 loss=0.0001751
  derivmatch lr=0.0003 iter=880/1600 loss=0.0001724
  derivmatch lr=0.0003 iter=960/1600 loss=0.0001695
  derivmatch lr=0.0003 iter=1040/1600 loss=0.0001667
  derivmatch lr=0.0003 iter=1120/1600 loss=0.0001637
  derivmatch lr=0.0003 iter=1200/1600 loss=0.0001607
  derivmatch lr=0.0003 iter=1280/1600 loss=0.0001577
  derivmatch lr=0.0003 iter=1360/1600 loss=0.0001546
  derivmatch lr=0.0003 iter=1440/1600 loss=0.0001515
  derivmatch lr=0.0003 iter=1520/1600 loss=0.0001484
  derivmatch lr=0.0003 iter=1600/1600 loss=0.0001453
  derivmatch lr=0.0003 iter=1600/1600 loss=0.0001453
derivative matching [28s]  fitloss=0.000145
  [derivative matching]  nrmse=0.004458  l2=0.02636
  collocation: M=54 residuals=627  detecting sparsity + solving...

Algorithm: LevenbergMarquardt(
    trustregion = LevenbergMarquardtTrustRegion(
        β_uphill = 0.0
    ),
    descent = GeodesicAcceleration(
        descent = DampedNewtonDescent(
            linsolve = KLUFactorization(
                reuse_symbolic = true,
                check_pattern = true
            ),
            initial_damping = 1.0,
            damping_fn = LevenbergMarquardtDampingFunction(
                increase_factor = 2.0,
                decrease_factor = 3.0,
                min_damping = 1.0e-8
            ),
            min_norm_mode = :auto
        ),
        finite_diff_step_geodesic = 0.1,
        α = 0.75
    ),
    autodiff = AutoForwardDiff(),
    vjp_autodiff = AutoFiniteDiff(
        fdtype = Val{:forward}(),
        fdjtype = Val{:forward}(),
        fdhtype = Val{:hcentral}(),
        dir = true
    ),
    jvp_autodiff = AutoForwardDiff(),
    concrete_jac = Val{true}()
)

----    	-------------       	-----------         
Iter    	f(u) 2-norm         	Step 2-norm         
----    	-------------       	-----------         
0       	4.25400475e+03      	NaN                 
1       	4.57124568e+03      	2.35047101e-02      
8       	8.24601947e+02      	2.77096358e-02      
15      	4.70460060e+02      	2.83873012e-01      
22      	2.28737520e+02      	6.00219447e-01      
29      	4.18472985e+02      	5.05451785e-01      
36      	4.14596442e+02      	0.00000000e+00      
43      	1.17097822e+01      	0.00000000e+00      
50      	2.49599912e+01      	0.00000000e+00      
57      	1.20111163e+01      	0.00000000e+00      
64      	5.38665803e+01      	3.24013833e-01      
71      	1.32281622e+00      	1.00903206e-01      
78      	7.80970451e+01      	0.00000000e+00      
85      	1.64237160e+00      	0.00000000e+00      
92      	1.64567371e+01      	0.00000000e+00      
99      	6.79627416e+00      	0.00000000e+00      
106     	2.86475304e+00      	9.98936050e-02      
113     	9.18396312e+00      	0.00000000e+00      
120     	4.83159338e+01      	0.00000000e+00      
127     	1.16665495e+00      	0.00000000e+00      
134     	3.86080899e+02      	0.00000000e+00      
141     	3.04398141e+00      	0.00000000e+00      
148     	8.85367487e+01      	0.00000000e+00      
Final   	2.37709777e-02      
----------------------      
  AMR 1/1: M=54  err=0.000347  obs=1.82e-10  nrmse=0.000137  best=0.000137  refined=0
collocation [17s]
  [final]  nrmse=0.0001367  l2=0.0002293
extrapolation window: T=1000.0 -> T_test=1.0e12  n_test=100
  [train]  E_traj=5.061e-8  E_VF=1.334e-6  E_spec=1.144e27
  [test ]  E_traj=NaN  E_VF=NaN  E_spec=NaN
saved /orcd/home/002/txenakis/projects/BVPsolver/src/../data/runs/run_eAgv1mlk/rober_fit.png
saved /orcd/home/002/txenakis/projects/BVPsolver/src/../data/runs/run_eAgv1mlk/rober_fit_extrapolated.png
saved /orcd/home/002/txenakis/projects/BVPsolver/src/../data/runs/run_eAgv1mlk/rober_spectral_fit_extrapolated.png
saved /orcd/home/002/txenakis/projects/BVPsolver/src/../data/runs/run_eAgv1mlk/rober_vf_fit_extrapolated.png
┌ Warning: Attempting to store StiffNN.var"#12#13"{Float64, Float64, Float64}.
│ JLD2 only stores functions by name.
│  This may not be useful for anonymous functions.
└ @ JLD2 ~/.julia/packages/JLD2/ADycq/src/data/writing_datatypes.jl:447
saved run → /orcd/home/002/txenakis/projects/BVPsolver/src/../data/runs/run_eAgv1mlk
