davis-skodje  model=GELU-scaled width=7 d=2 tlen=300 profile=fast seed=28  solver=Rodas5P  N=317
  derivmatch lr=0.01 iter=170/3400 loss=1.926
  derivmatch lr=0.01 iter=340/3400 loss=0.2541
  derivmatch lr=0.01 iter=510/3400 loss=0.04309
  derivmatch lr=0.01 iter=680/3400 loss=0.01764
  derivmatch lr=0.01 iter=850/3400 loss=0.05122
  derivmatch lr=0.01 iter=1020/3400 loss=0.05536
  derivmatch lr=0.01 iter=1190/3400 loss=0.01287
  derivmatch lr=0.01 iter=1360/3400 loss=0.01276
  derivmatch lr=0.01 iter=1530/3400 loss=0.01188
  derivmatch lr=0.01 iter=1700/3400 loss=0.01096
  derivmatch lr=0.01 iter=1870/3400 loss=0.01027
  derivmatch lr=0.01 iter=2040/3400 loss=0.009635
  derivmatch lr=0.01 iter=2210/3400 loss=0.009058
  derivmatch lr=0.01 iter=2380/3400 loss=0.008511
  derivmatch lr=0.01 iter=2550/3400 loss=0.007966
  derivmatch lr=0.01 iter=2720/3400 loss=0.007445
  derivmatch lr=0.01 iter=2890/3400 loss=0.006946
  derivmatch lr=0.01 iter=3060/3400 loss=0.00649
  derivmatch lr=0.01 iter=3230/3400 loss=0.006081
  derivmatch lr=0.01 iter=3400/3400 loss=0.0057
  derivmatch lr=0.01 iter=3400/3400 loss=0.0057
  derivmatch lr=0.003 iter=125/2500 loss=0.001573
  derivmatch lr=0.003 iter=250/2500 loss=0.000929
  derivmatch lr=0.003 iter=375/2500 loss=0.0007115
  derivmatch lr=0.003 iter=500/2500 loss=0.001725
  derivmatch lr=0.003 iter=625/2500 loss=0.0005682
  derivmatch lr=0.003 iter=750/2500 loss=0.0007076
  derivmatch lr=0.003 iter=875/2500 loss=0.0005078
  derivmatch lr=0.003 iter=1000/2500 loss=0.0005533
  derivmatch lr=0.003 iter=1125/2500 loss=0.0004113
  derivmatch lr=0.003 iter=1250/2500 loss=0.0007847
  derivmatch lr=0.003 iter=1375/2500 loss=0.0003886
  derivmatch lr=0.003 iter=1500/2500 loss=0.00171
  derivmatch lr=0.003 iter=1625/2500 loss=0.0007433
  derivmatch lr=0.003 iter=1750/2500 loss=0.0004005
  derivmatch lr=0.003 iter=1875/2500 loss=0.0003515
  derivmatch lr=0.003 iter=2000/2500 loss=0.0004279
  derivmatch lr=0.003 iter=2125/2500 loss=0.001342
  derivmatch lr=0.003 iter=2250/2500 loss=0.002
  derivmatch lr=0.003 iter=2375/2500 loss=0.0007974
  derivmatch lr=0.003 iter=2500/2500 loss=0.0004425
  derivmatch lr=0.003 iter=2500/2500 loss=0.0003179
  derivmatch lr=0.001 iter=125/2500 loss=0.0003212
  derivmatch lr=0.001 iter=250/2500 loss=0.0003097
  derivmatch lr=0.001 iter=375/2500 loss=0.0003051
  derivmatch lr=0.001 iter=500/2500 loss=0.0003016
  derivmatch lr=0.001 iter=625/2500 loss=0.0002987
  derivmatch lr=0.001 iter=750/2500 loss=0.0002959
  derivmatch lr=0.001 iter=875/2500 loss=0.000293
  derivmatch lr=0.001 iter=1000/2500 loss=0.0002902
  derivmatch lr=0.001 iter=1125/2500 loss=0.0002873
  derivmatch lr=0.001 iter=1250/2500 loss=0.0002842
  derivmatch lr=0.001 iter=1375/2500 loss=0.0002817
  derivmatch lr=0.001 iter=1500/2500 loss=0.0002781
  derivmatch lr=0.001 iter=1625/2500 loss=0.0002752
  derivmatch lr=0.001 iter=1750/2500 loss=0.0002743
  derivmatch lr=0.001 iter=1875/2500 loss=0.0002783
  derivmatch lr=0.001 iter=2000/2500 loss=0.0002938
  derivmatch lr=0.001 iter=2125/2500 loss=0.0005273
  derivmatch lr=0.001 iter=2250/2500 loss=0.0002655
  derivmatch lr=0.001 iter=2375/2500 loss=0.0002659
  derivmatch lr=0.001 iter=2500/2500 loss=0.0002749
  derivmatch lr=0.001 iter=2500/2500 loss=0.0002523
  derivmatch lr=0.0003 iter=80/1600 loss=0.0002547
  derivmatch lr=0.0003 iter=160/1600 loss=0.0002512
  derivmatch lr=0.0003 iter=240/1600 loss=0.0002505
  derivmatch lr=0.0003 iter=320/1600 loss=0.0002497
  derivmatch lr=0.0003 iter=400/1600 loss=0.0002488
  derivmatch lr=0.0003 iter=480/1600 loss=0.0002478
  derivmatch lr=0.0003 iter=560/1600 loss=0.0002467
  derivmatch lr=0.0003 iter=640/1600 loss=0.0002456
  derivmatch lr=0.0003 iter=720/1600 loss=0.0002443
  derivmatch lr=0.0003 iter=800/1600 loss=0.000243
  derivmatch lr=0.0003 iter=880/1600 loss=0.0002416
  derivmatch lr=0.0003 iter=960/1600 loss=0.0002402
  derivmatch lr=0.0003 iter=1040/1600 loss=0.0002387
  derivmatch lr=0.0003 iter=1120/1600 loss=0.0002372
  derivmatch lr=0.0003 iter=1200/1600 loss=0.0002357
  derivmatch lr=0.0003 iter=1280/1600 loss=0.0002341
  derivmatch lr=0.0003 iter=1360/1600 loss=0.0002325
  derivmatch lr=0.0003 iter=1440/1600 loss=0.0002308
  derivmatch lr=0.0003 iter=1520/1600 loss=0.0002291
  derivmatch lr=0.0003 iter=1600/1600 loss=0.0002274
  derivmatch lr=0.0003 iter=1600/1600 loss=0.0002274
derivative matching [34s]  fitloss=0.000227
  [derivative matching]  nrmse=0.001047  l2=0.04916
  shooting iter=50/1000 loss=0.1136
  shooting iter=100/1000 loss=0.1144
  shooting iter=150/1000 loss=0.1144
  shooting iter=200/1000 loss=0.1144
  shooting iter=250/1000 loss=0.1144
  shooting iter=300/1000 loss=0.1144
  shooting iter=350/1000 loss=0.1144
  shooting iter=400/1000 loss=0.1144
  shooting iter=450/1000 loss=0.1144
  shooting iter=500/1000 loss=0.1144
  shooting iter=550/1000 loss=0.1144
  shooting iter=600/1000 loss=0.1144
  shooting iter=650/1000 loss=0.1144
  shooting iter=700/1000 loss=0.1144
  shooting iter=750/1000 loss=0.1144
  shooting iter=800/1000 loss=0.1144
  shooting iter=850/1000 loss=0.1144
  shooting iter=900/1000 loss=0.1144
  shooting iter=950/1000 loss=0.1144
  shooting iter=1000/1000 loss=0.1144
  shooting iter=1000/1000 loss=0.0005288
shooting [512s]  loss=0.000529
  [final]  nrmse=0.001047  l2=0.04916
extrapolation window: T=15.0 -> T_test=30.0  n_test=600
  [train]  E_traj=3.119e-6  E_VF=0.0001284  E_spec=0.5782
  [test ]  E_traj=4.823e9  E_VF=2.422e7  E_spec=0.9904
saved /orcd/home/002/txenakis/projects/BVPsolver/src/../data/runs/run_82ThRy6x/davis-skodje_fit.png
saved /orcd/home/002/txenakis/projects/BVPsolver/src/../data/runs/run_82ThRy6x/davis-skodje_fit_extrapolated.png
saved /orcd/home/002/txenakis/projects/BVPsolver/src/../data/runs/run_82ThRy6x/davis-skodje_spectral_fit_extrapolated.png
saved /orcd/home/002/txenakis/projects/BVPsolver/src/../data/runs/run_82ThRy6x/davis-skodje_vf_fit_extrapolated.png
┌ Warning: Attempting to store StiffNN.var"#22#23"{Float64}.
│ JLD2 only stores functions by name.
│  This may not be useful for anonymous functions.
└ @ JLD2 ~/.julia/packages/JLD2/ADycq/src/data/writing_datatypes.jl:447
saved run → /orcd/home/002/txenakis/projects/BVPsolver/src/../data/runs/run_82ThRy6x
