rober  model=mlp width=15 d=3 tlen=50 profile=fast seed=122  solver=Rodas5  N=348
  derivmatch lr=0.01 iter=170/3400 loss=49.8
  derivmatch lr=0.01 iter=340/3400 loss=39.83
  derivmatch lr=0.01 iter=510/3400 loss=42.49
  derivmatch lr=0.01 iter=680/3400 loss=27.96
  derivmatch lr=0.01 iter=850/3400 loss=37.53
  derivmatch lr=0.01 iter=1020/3400 loss=44.72
  derivmatch lr=0.01 iter=1190/3400 loss=32.62
  derivmatch lr=0.01 iter=1360/3400 loss=44.74
  derivmatch lr=0.01 iter=1530/3400 loss=62.99
  derivmatch lr=0.01 iter=1700/3400 loss=35.48
  derivmatch lr=0.01 iter=1870/3400 loss=42.51
  derivmatch lr=0.01 iter=2040/3400 loss=34.08
  derivmatch lr=0.01 iter=2210/3400 loss=44.21
  derivmatch lr=0.01 iter=2380/3400 loss=50.02
  derivmatch lr=0.01 iter=2550/3400 loss=47.83
  derivmatch lr=0.01 iter=2720/3400 loss=36.32
  derivmatch lr=0.01 iter=2890/3400 loss=33.74
  derivmatch lr=0.01 iter=3060/3400 loss=38.49
  derivmatch lr=0.01 iter=3230/3400 loss=51.0
  derivmatch lr=0.01 iter=3400/3400 loss=42.56
  derivmatch lr=0.01 iter=3400/3400 loss=20.35
  derivmatch lr=0.003 iter=125/2500 loss=28.35
  derivmatch lr=0.003 iter=250/2500 loss=18.2
  derivmatch lr=0.003 iter=375/2500 loss=17.27
  derivmatch lr=0.003 iter=500/2500 loss=25.75
  derivmatch lr=0.003 iter=625/2500 loss=16.8
  derivmatch lr=0.003 iter=750/2500 loss=38.96
  derivmatch lr=0.003 iter=875/2500 loss=38.83
  derivmatch lr=0.003 iter=1000/2500 loss=37.08
  derivmatch lr=0.003 iter=1125/2500 loss=34.6
  derivmatch lr=0.003 iter=1250/2500 loss=33.69
  derivmatch lr=0.003 iter=1375/2500 loss=27.42
  derivmatch lr=0.003 iter=1500/2500 loss=33.9
  derivmatch lr=0.003 iter=1625/2500 loss=22.82
  derivmatch lr=0.003 iter=1750/2500 loss=34.9
  derivmatch lr=0.003 iter=1875/2500 loss=30.73
  derivmatch lr=0.003 iter=2000/2500 loss=37.81
  derivmatch lr=0.003 iter=2125/2500 loss=39.08
  derivmatch lr=0.003 iter=2250/2500 loss=35.16
  derivmatch lr=0.003 iter=2375/2500 loss=34.35
  derivmatch lr=0.003 iter=2500/2500 loss=34.59
  derivmatch lr=0.003 iter=2500/2500 loss=14.09
  derivmatch lr=0.001 iter=125/2500 loss=16.08
  derivmatch lr=0.001 iter=250/2500 loss=14.09
  derivmatch lr=0.001 iter=375/2500 loss=17.0
  derivmatch lr=0.001 iter=500/2500 loss=10.47
  derivmatch lr=0.001 iter=625/2500 loss=19.31
  derivmatch lr=0.001 iter=750/2500 loss=14.94
  derivmatch lr=0.001 iter=875/2500 loss=22.9
  derivmatch lr=0.001 iter=1000/2500 loss=31.18
  derivmatch lr=0.001 iter=1125/2500 loss=29.04
  derivmatch lr=0.001 iter=1250/2500 loss=27.8
  derivmatch lr=0.001 iter=1375/2500 loss=26.93
  derivmatch lr=0.001 iter=1500/2500 loss=21.0
  derivmatch lr=0.001 iter=1625/2500 loss=16.36
  derivmatch lr=0.001 iter=1750/2500 loss=20.04
  derivmatch lr=0.001 iter=1875/2500 loss=24.37
  derivmatch lr=0.001 iter=2000/2500 loss=13.82
  derivmatch lr=0.001 iter=2125/2500 loss=21.33
  derivmatch lr=0.001 iter=2250/2500 loss=24.13
  derivmatch lr=0.001 iter=2375/2500 loss=23.66
  derivmatch lr=0.001 iter=2500/2500 loss=21.05
  derivmatch lr=0.001 iter=2500/2500 loss=8.978
  derivmatch lr=0.0003 iter=80/1600 loss=8.985
  derivmatch lr=0.0003 iter=160/1600 loss=13.54
  derivmatch lr=0.0003 iter=240/1600 loss=7.901
  derivmatch lr=0.0003 iter=320/1600 loss=7.582
  derivmatch lr=0.0003 iter=400/1600 loss=7.236
  derivmatch lr=0.0003 iter=480/1600 loss=6.922
  derivmatch lr=0.0003 iter=560/1600 loss=7.821
  derivmatch lr=0.0003 iter=640/1600 loss=6.58
  derivmatch lr=0.0003 iter=720/1600 loss=7.191
  derivmatch lr=0.0003 iter=800/1600 loss=8.943
  derivmatch lr=0.0003 iter=880/1600 loss=7.569
  derivmatch lr=0.0003 iter=960/1600 loss=7.33
  derivmatch lr=0.0003 iter=1040/1600 loss=17.59
  derivmatch lr=0.0003 iter=1120/1600 loss=17.17
  derivmatch lr=0.0003 iter=1200/1600 loss=16.94
  derivmatch lr=0.0003 iter=1280/1600 loss=16.44
  derivmatch lr=0.0003 iter=1360/1600 loss=15.66
  derivmatch lr=0.0003 iter=1440/1600 loss=11.91
  derivmatch lr=0.0003 iter=1520/1600 loss=10.0
  derivmatch lr=0.0003 iter=1600/1600 loss=6.576
  derivmatch lr=0.0003 iter=1600/1600 loss=6.356
derivative matching [23s]  fitloss=6.36
  [derivative matching]  nrmse=6133.0  l2=7.521
  shooting iter=50/1000 loss=103.0
  shooting iter=100/1000 loss=46.33
  shooting iter=150/1000 loss=61.19
  shooting iter=200/1000 loss=122.8
  shooting iter=250/1000 loss=83.73
  shooting iter=300/1000 loss=24.42
  shooting iter=350/1000 loss=6.783
  shooting iter=400/1000 loss=4.141
  shooting iter=450/1000 loss=8.401
  shooting iter=500/1000 loss=21.99
  shooting iter=550/1000 loss=13.01
  shooting iter=600/1000 loss=6.81
  shooting iter=650/1000 loss=22.06
  shooting iter=700/1000 loss=4.991
  shooting iter=750/1000 loss=11.29
  shooting iter=800/1000 loss=1.804
  shooting iter=850/1000 loss=14.99
  shooting iter=900/1000 loss=19.75
  shooting iter=950/1000 loss=14.99
  shooting iter=1000/1000 loss=7.346
  shooting iter=1000/1000 loss=0.7347
shooting [530s]  loss=0.735
  [final]  nrmse=1.593  l2=2.076
extrapolation window: T=1000.0 -> T_test=1.0e12  n_test=100
  [train]  E_traj=6.781  E_VF=12.98  E_spec=1.076e27
  [test ]  E_traj=58500.0  E_VF=3.292e17  E_spec=9.883000000000002e28
saved /orcd/home/002/txenakis/projects/BVPsolver/src/../data/runs/run_zVeXOibQ/rober_fit.png
saved /orcd/home/002/txenakis/projects/BVPsolver/src/../data/runs/run_zVeXOibQ/rober_fit_extrapolated.png
saved /orcd/home/002/txenakis/projects/BVPsolver/src/../data/runs/run_zVeXOibQ/rober_spectral_fit_extrapolated.png
saved /orcd/home/002/txenakis/projects/BVPsolver/src/../data/runs/run_zVeXOibQ/rober_vf_fit_extrapolated.png
┌ Warning: Attempting to store StiffNN.var"#12#13"{Float64, Float64, Float64}.
│ JLD2 only stores functions by name.
│  This may not be useful for anonymous functions.
└ @ JLD2 ~/.julia/packages/JLD2/ADycq/src/data/writing_datatypes.jl:447
saved run → /orcd/home/002/txenakis/projects/BVPsolver/src/../data/runs/run_zVeXOibQ
