rober  model=GELU-scaled width=7 d=3 tlen=50 profile=fast seed=246  solver=Rodas5  N=332
  derivmatch lr=0.01 iter=170/3400 loss=9.134
  derivmatch lr=0.01 iter=340/3400 loss=9.457
  derivmatch lr=0.01 iter=510/3400 loss=9.415
  derivmatch lr=0.01 iter=680/3400 loss=6.468
  derivmatch lr=0.01 iter=850/3400 loss=9.575
  derivmatch lr=0.01 iter=1020/3400 loss=6.352
  derivmatch lr=0.01 iter=1190/3400 loss=6.064
  derivmatch lr=0.01 iter=1360/3400 loss=5.94
  derivmatch lr=0.01 iter=1530/3400 loss=5.781
  derivmatch lr=0.01 iter=1700/3400 loss=5.777
  derivmatch lr=0.01 iter=1870/3400 loss=5.517
  derivmatch lr=0.01 iter=2040/3400 loss=9.433
  derivmatch lr=0.01 iter=2210/3400 loss=9.205
  derivmatch lr=0.01 iter=2380/3400 loss=9.019
  derivmatch lr=0.01 iter=2550/3400 loss=8.85
  derivmatch lr=0.01 iter=2720/3400 loss=8.688
  derivmatch lr=0.01 iter=2890/3400 loss=8.527
  derivmatch lr=0.01 iter=3060/3400 loss=8.361
  derivmatch lr=0.01 iter=3230/3400 loss=8.182
  derivmatch lr=0.01 iter=3400/3400 loss=7.981
  derivmatch lr=0.01 iter=3400/3400 loss=5.435
  derivmatch lr=0.003 iter=125/2500 loss=6.362
  derivmatch lr=0.003 iter=250/2500 loss=5.435
  derivmatch lr=0.003 iter=375/2500 loss=5.359
  derivmatch lr=0.003 iter=500/2500 loss=5.314
  derivmatch lr=0.003 iter=625/2500 loss=5.274
  derivmatch lr=0.003 iter=750/2500 loss=5.222
  derivmatch lr=0.003 iter=875/2500 loss=5.161
  derivmatch lr=0.003 iter=1000/2500 loss=5.141
  derivmatch lr=0.003 iter=1125/2500 loss=5.041
  derivmatch lr=0.003 iter=1250/2500 loss=5.087
  derivmatch lr=0.003 iter=1375/2500 loss=4.91
  derivmatch lr=0.003 iter=1500/2500 loss=4.805
  derivmatch lr=0.003 iter=1625/2500 loss=4.681
  derivmatch lr=0.003 iter=1750/2500 loss=4.546
  derivmatch lr=0.003 iter=1875/2500 loss=7.263
  derivmatch lr=0.003 iter=2000/2500 loss=6.851
  derivmatch lr=0.003 iter=2125/2500 loss=6.003
  derivmatch lr=0.003 iter=2250/2500 loss=6.961
  derivmatch lr=0.003 iter=2375/2500 loss=6.428
  derivmatch lr=0.003 iter=2500/2500 loss=6.845
  derivmatch lr=0.003 iter=2500/2500 loss=4.445
  derivmatch lr=0.001 iter=125/2500 loss=4.417
  derivmatch lr=0.001 iter=250/2500 loss=4.388
  derivmatch lr=0.001 iter=375/2500 loss=4.359
  derivmatch lr=0.001 iter=500/2500 loss=4.329
  derivmatch lr=0.001 iter=625/2500 loss=4.297
  derivmatch lr=0.001 iter=750/2500 loss=4.263
  derivmatch lr=0.001 iter=875/2500 loss=4.213
  derivmatch lr=0.001 iter=1000/2500 loss=4.16
  derivmatch lr=0.001 iter=1125/2500 loss=4.11
  derivmatch lr=0.001 iter=1250/2500 loss=4.059
  derivmatch lr=0.001 iter=1375/2500 loss=4.001
  derivmatch lr=0.001 iter=1500/2500 loss=3.93
  derivmatch lr=0.001 iter=1625/2500 loss=5.161
  derivmatch lr=0.001 iter=1750/2500 loss=6.093
  derivmatch lr=0.001 iter=1875/2500 loss=5.655
  derivmatch lr=0.001 iter=2000/2500 loss=5.76
  derivmatch lr=0.001 iter=2125/2500 loss=4.552
  derivmatch lr=0.001 iter=2250/2500 loss=5.817
  derivmatch lr=0.001 iter=2375/2500 loss=5.164
  derivmatch lr=0.001 iter=2500/2500 loss=5.919
  derivmatch lr=0.001 iter=2500/2500 loss=3.892
  derivmatch lr=0.0003 iter=80/1600 loss=3.875
  derivmatch lr=0.0003 iter=160/1600 loss=3.867
  derivmatch lr=0.0003 iter=240/1600 loss=3.858
  derivmatch lr=0.0003 iter=320/1600 loss=3.848
  derivmatch lr=0.0003 iter=400/1600 loss=3.839
  derivmatch lr=0.0003 iter=480/1600 loss=3.832
  derivmatch lr=0.0003 iter=560/1600 loss=3.825
  derivmatch lr=0.0003 iter=640/1600 loss=3.819
  derivmatch lr=0.0003 iter=720/1600 loss=3.812
  derivmatch lr=0.0003 iter=800/1600 loss=3.805
  derivmatch lr=0.0003 iter=880/1600 loss=3.798
  derivmatch lr=0.0003 iter=960/1600 loss=3.79
  derivmatch lr=0.0003 iter=1040/1600 loss=3.782
  derivmatch lr=0.0003 iter=1120/1600 loss=3.773
  derivmatch lr=0.0003 iter=1200/1600 loss=3.764
  derivmatch lr=0.0003 iter=1280/1600 loss=3.755
  derivmatch lr=0.0003 iter=1360/1600 loss=3.745
  derivmatch lr=0.0003 iter=1440/1600 loss=3.734
  derivmatch lr=0.0003 iter=1520/1600 loss=3.723
  derivmatch lr=0.0003 iter=1600/1600 loss=3.711
  derivmatch lr=0.0003 iter=1600/1600 loss=3.711
derivative matching [25s]  fitloss=3.71
  [derivative matching]  nrmse=5.285  l2=1.295
  shooting iter=50/1000 loss=0.2825
  shooting iter=100/1000 loss=0.228
  shooting iter=150/1000 loss=0.2213
  shooting iter=200/1000 loss=0.2191
  shooting iter=250/1000 loss=0.2185
  shooting iter=300/1000 loss=0.2176
  shooting iter=350/1000 loss=0.2175
  shooting iter=400/1000 loss=0.2175
  shooting iter=450/1000 loss=0.2175
  shooting iter=500/1000 loss=0.2175
  shooting iter=550/1000 loss=0.2175
  shooting iter=600/1000 loss=0.2176
  shooting iter=650/1000 loss=0.2175
  shooting iter=700/1000 loss=0.2175
  shooting iter=750/1000 loss=0.2175
  shooting iter=800/1000 loss=0.2176
  shooting iter=850/1000 loss=0.2175
  shooting iter=900/1000 loss=0.2175
  shooting iter=950/1000 loss=0.2176
  shooting iter=1000/1000 loss=0.2175
  shooting iter=1000/1000 loss=0.2175
shooting [38s]  loss=0.217
  [final]  nrmse=0.3843  l2=1.143
extrapolation window: T=1000.0 -> T_test=1.0e12  n_test=100
  [train]  E_traj=0.4373  E_VF=0.9654  E_spec=1.0
  [test ]  E_traj=2.625e18  E_VF=2697.0  E_spec=1.0
saved /orcd/home/002/txenakis/projects/BVPsolver/src/../data/runs/run_Wd22ntLY/rober_fit.png
saved /orcd/home/002/txenakis/projects/BVPsolver/src/../data/runs/run_Wd22ntLY/rober_fit_extrapolated.png
saved /orcd/home/002/txenakis/projects/BVPsolver/src/../data/runs/run_Wd22ntLY/rober_spectral_fit_extrapolated.png
saved /orcd/home/002/txenakis/projects/BVPsolver/src/../data/runs/run_Wd22ntLY/rober_vf_fit_extrapolated.png
┌ Warning: Attempting to store StiffNN.var"#12#13"{Float64, Float64, Float64}.
│ JLD2 only stores functions by name.
│  This may not be useful for anonymous functions.
└ @ JLD2 ~/.julia/packages/JLD2/ADycq/src/data/writing_datatypes.jl:447
saved run → /orcd/home/002/txenakis/projects/BVPsolver/src/../data/runs/run_Wd22ntLY
