hires  model=stiff width=16 d=8 tlen=50 profile=fast seed=124  solver=Rodas5  N=816
  derivmatch lr=0.01 iter=170/3400 loss=0.08474
  derivmatch lr=0.01 iter=340/3400 loss=0.04084
  derivmatch lr=0.01 iter=510/3400 loss=0.02065
  derivmatch lr=0.01 iter=680/3400 loss=0.03369
  derivmatch lr=0.01 iter=850/3400 loss=0.01899
  derivmatch lr=0.01 iter=1020/3400 loss=0.01258
  derivmatch lr=0.01 iter=1190/3400 loss=0.009514
  derivmatch lr=0.01 iter=1360/3400 loss=0.007792
  derivmatch lr=0.01 iter=1530/3400 loss=0.006597
  derivmatch lr=0.01 iter=1700/3400 loss=0.005663
  derivmatch lr=0.01 iter=1870/3400 loss=0.004903
  derivmatch lr=0.01 iter=2040/3400 loss=0.00428
  derivmatch lr=0.01 iter=2210/3400 loss=0.003758
  derivmatch lr=0.01 iter=2380/3400 loss=0.003304
  derivmatch lr=0.01 iter=2550/3400 loss=0.002901
  derivmatch lr=0.01 iter=2720/3400 loss=0.002577
  derivmatch lr=0.01 iter=2890/3400 loss=0.002323
  derivmatch lr=0.01 iter=3060/3400 loss=0.00204
  derivmatch lr=0.01 iter=3230/3400 loss=0.001896
  derivmatch lr=0.01 iter=3400/3400 loss=0.001828
  derivmatch lr=0.01 iter=3400/3400 loss=0.001651
  derivmatch lr=0.003 iter=125/2500 loss=0.001557
  derivmatch lr=0.003 iter=250/2500 loss=0.001436
  derivmatch lr=0.003 iter=375/2500 loss=0.001306
  derivmatch lr=0.003 iter=500/2500 loss=0.001193
  derivmatch lr=0.003 iter=625/2500 loss=0.001083
  derivmatch lr=0.003 iter=750/2500 loss=0.0009968
  derivmatch lr=0.003 iter=875/2500 loss=0.0009068
  derivmatch lr=0.003 iter=1000/2500 loss=0.001051
  derivmatch lr=0.003 iter=1125/2500 loss=0.0008018
  derivmatch lr=0.003 iter=1250/2500 loss=0.0006861
  derivmatch lr=0.003 iter=1375/2500 loss=0.0006274
  derivmatch lr=0.003 iter=1500/2500 loss=0.0005757
  derivmatch lr=0.003 iter=1625/2500 loss=0.0005365
  derivmatch lr=0.003 iter=1750/2500 loss=0.000504
  derivmatch lr=0.003 iter=1875/2500 loss=0.0004764
  derivmatch lr=0.003 iter=2000/2500 loss=0.0004457
  derivmatch lr=0.003 iter=2125/2500 loss=0.0004216
  derivmatch lr=0.003 iter=2250/2500 loss=0.0004652
  derivmatch lr=0.003 iter=2375/2500 loss=0.0005195
  derivmatch lr=0.003 iter=2500/2500 loss=0.0004083
  derivmatch lr=0.003 iter=2500/2500 loss=0.0003749
  derivmatch lr=0.001 iter=125/2500 loss=0.0003746
  derivmatch lr=0.001 iter=250/2500 loss=0.0003684
  derivmatch lr=0.001 iter=375/2500 loss=0.0003613
  derivmatch lr=0.001 iter=500/2500 loss=0.0003535
  derivmatch lr=0.001 iter=625/2500 loss=0.0003451
  derivmatch lr=0.001 iter=750/2500 loss=0.0003364
  derivmatch lr=0.001 iter=875/2500 loss=0.0003274
  derivmatch lr=0.001 iter=1000/2500 loss=0.0003183
  derivmatch lr=0.001 iter=1125/2500 loss=0.0003093
  derivmatch lr=0.001 iter=1250/2500 loss=0.0003005
  derivmatch lr=0.001 iter=1375/2500 loss=0.0003219
  derivmatch lr=0.001 iter=1500/2500 loss=0.0002984
  derivmatch lr=0.001 iter=1625/2500 loss=0.0002794
  derivmatch lr=0.001 iter=1750/2500 loss=0.0002697
  derivmatch lr=0.001 iter=1875/2500 loss=0.0002636
  derivmatch lr=0.001 iter=2000/2500 loss=0.0002567
  derivmatch lr=0.001 iter=2125/2500 loss=0.000251
  derivmatch lr=0.001 iter=2250/2500 loss=0.0002903
  derivmatch lr=0.001 iter=2375/2500 loss=0.0002396
  derivmatch lr=0.001 iter=2500/2500 loss=0.0002362
  derivmatch lr=0.001 iter=2500/2500 loss=0.0002352
  derivmatch lr=0.0003 iter=80/1600 loss=0.0002348
  derivmatch lr=0.0003 iter=160/1600 loss=0.0002337
  derivmatch lr=0.0003 iter=240/1600 loss=0.0002326
  derivmatch lr=0.0003 iter=320/1600 loss=0.0002313
  derivmatch lr=0.0003 iter=400/1600 loss=0.0002299
  derivmatch lr=0.0003 iter=480/1600 loss=0.0002284
  derivmatch lr=0.0003 iter=560/1600 loss=0.0002267
  derivmatch lr=0.0003 iter=640/1600 loss=0.000225
  derivmatch lr=0.0003 iter=720/1600 loss=0.000223
  derivmatch lr=0.0003 iter=800/1600 loss=0.000221
  derivmatch lr=0.0003 iter=880/1600 loss=0.0002189
  derivmatch lr=0.0003 iter=960/1600 loss=0.0002167
  derivmatch lr=0.0003 iter=1040/1600 loss=0.0002147
  derivmatch lr=0.0003 iter=1120/1600 loss=0.0002125
  derivmatch lr=0.0003 iter=1200/1600 loss=0.0002104
  derivmatch lr=0.0003 iter=1280/1600 loss=0.0002081
  derivmatch lr=0.0003 iter=1360/1600 loss=0.0002059
  derivmatch lr=0.0003 iter=1440/1600 loss=0.0002037
  derivmatch lr=0.0003 iter=1520/1600 loss=0.0002015
  derivmatch lr=0.0003 iter=1600/1600 loss=0.0001996
  derivmatch lr=0.0003 iter=1600/1600 loss=0.0001994
derivative matching [29s]  fitloss=0.000199
  [derivative matching]  nrmse=0.02396  l2=0.04184
  shooting iter=50/1000 loss=0.1563
  shooting iter=100/1000 loss=0.02571
  shooting iter=150/1000 loss=0.01711
  shooting iter=200/1000 loss=0.02418
  shooting iter=250/1000 loss=0.01427
  shooting iter=300/1000 loss=0.01261
  shooting iter=350/1000 loss=0.01228
  shooting iter=400/1000 loss=0.01054
  shooting iter=450/1000 loss=0.008624
  shooting iter=500/1000 loss=0.009627
  shooting iter=550/1000 loss=0.007783
  shooting iter=600/1000 loss=0.0109
  shooting iter=650/1000 loss=0.007213
  shooting iter=700/1000 loss=0.007595
  shooting iter=750/1000 loss=0.008676
  shooting iter=800/1000 loss=0.006887
  shooting iter=850/1000 loss=0.008945
  shooting iter=900/1000 loss=0.006053
  shooting iter=950/1000 loss=0.006603
  shooting iter=1000/1000 loss=0.008848
  shooting iter=1000/1000 loss=0.005953
shooting [7303s]  loss=0.00595
  [final]  nrmse=0.03385  l2=0.1092
extrapolation window: T=321.8122 -> T_test=643.624  n_test=100
  [train]  E_traj=0.002519  E_VF=0.001563  E_spec=8.17e16
  [test ]  E_traj=325.9  E_VF=5.621e9  E_spec=7.8880000000000005e28
saved /orcd/home/002/txenakis/projects/BVPsolver/src/../data/runs/run_Yp8Al9Sn/hires_fit.png
saved /orcd/home/002/txenakis/projects/BVPsolver/src/../data/runs/run_Yp8Al9Sn/hires_fit_extrapolated.png
saved /orcd/home/002/txenakis/projects/BVPsolver/src/../data/runs/run_Yp8Al9Sn/hires_spectral_fit_extrapolated.png
saved /orcd/home/002/txenakis/projects/BVPsolver/src/../data/runs/run_Yp8Al9Sn/hires_vf_fit_extrapolated.png
┌ Warning: Attempting to store StiffNN.var"#18#19"{Type{Float64}}.
│ JLD2 only stores functions by name.
│  This may not be useful for anonymous functions.
└ @ JLD2 ~/.julia/packages/JLD2/ADycq/src/data/writing_datatypes.jl:447
saved run → /orcd/home/002/txenakis/projects/BVPsolver/src/../data/runs/run_Yp8Al9Sn
