rober  model=mlp width=15 d=3 tlen=50 profile=fast seed=238  solver=Rodas5  N=348
  derivmatch lr=0.01 iter=170/3400 loss=47.66
  derivmatch lr=0.01 iter=340/3400 loss=41.1
  derivmatch lr=0.01 iter=510/3400 loss=47.28
  derivmatch lr=0.01 iter=680/3400 loss=45.66
  derivmatch lr=0.01 iter=850/3400 loss=40.03
  derivmatch lr=0.01 iter=1020/3400 loss=34.74
  derivmatch lr=0.01 iter=1190/3400 loss=32.33
  derivmatch lr=0.01 iter=1360/3400 loss=44.89
  derivmatch lr=0.01 iter=1530/3400 loss=55.74
  derivmatch lr=0.01 iter=1700/3400 loss=48.47
  derivmatch lr=0.01 iter=1870/3400 loss=45.07
  derivmatch lr=0.01 iter=2040/3400 loss=55.13
  derivmatch lr=0.01 iter=2210/3400 loss=50.55
  derivmatch lr=0.01 iter=2380/3400 loss=41.76
  derivmatch lr=0.01 iter=2550/3400 loss=46.09
  derivmatch lr=0.01 iter=2720/3400 loss=50.73
  derivmatch lr=0.01 iter=2890/3400 loss=45.93
  derivmatch lr=0.01 iter=3060/3400 loss=53.99
  derivmatch lr=0.01 iter=3230/3400 loss=48.56
  derivmatch lr=0.01 iter=3400/3400 loss=38.56
  derivmatch lr=0.01 iter=3400/3400 loss=20.84
  derivmatch lr=0.003 iter=125/2500 loss=24.02
  derivmatch lr=0.003 iter=250/2500 loss=26.01
  derivmatch lr=0.003 iter=375/2500 loss=32.01
  derivmatch lr=0.003 iter=500/2500 loss=21.01
  derivmatch lr=0.003 iter=625/2500 loss=38.84
  derivmatch lr=0.003 iter=750/2500 loss=31.21
  derivmatch lr=0.003 iter=875/2500 loss=27.53
  derivmatch lr=0.003 iter=1000/2500 loss=42.92
  derivmatch lr=0.003 iter=1125/2500 loss=43.08
  derivmatch lr=0.003 iter=1250/2500 loss=39.54
  derivmatch lr=0.003 iter=1375/2500 loss=41.41
  derivmatch lr=0.003 iter=1500/2500 loss=37.33
  derivmatch lr=0.003 iter=1625/2500 loss=37.86
  derivmatch lr=0.003 iter=1750/2500 loss=39.46
  derivmatch lr=0.003 iter=1875/2500 loss=37.28
  derivmatch lr=0.003 iter=2000/2500 loss=35.82
  derivmatch lr=0.003 iter=2125/2500 loss=30.11
  derivmatch lr=0.003 iter=2250/2500 loss=31.91
  derivmatch lr=0.003 iter=2375/2500 loss=23.31
  derivmatch lr=0.003 iter=2500/2500 loss=31.25
  derivmatch lr=0.003 iter=2500/2500 loss=17.79
  derivmatch lr=0.001 iter=125/2500 loss=16.28
  derivmatch lr=0.001 iter=250/2500 loss=17.59
  derivmatch lr=0.001 iter=375/2500 loss=24.86
  derivmatch lr=0.001 iter=500/2500 loss=26.82
  derivmatch lr=0.001 iter=625/2500 loss=21.87
  derivmatch lr=0.001 iter=750/2500 loss=18.55
  derivmatch lr=0.001 iter=875/2500 loss=29.79
  derivmatch lr=0.001 iter=1000/2500 loss=25.71
  derivmatch lr=0.001 iter=1125/2500 loss=18.34
  derivmatch lr=0.001 iter=1250/2500 loss=16.33
  derivmatch lr=0.001 iter=1375/2500 loss=22.85
  derivmatch lr=0.001 iter=1500/2500 loss=17.16
  derivmatch lr=0.001 iter=1625/2500 loss=21.27
  derivmatch lr=0.001 iter=1750/2500 loss=31.88
  derivmatch lr=0.001 iter=1875/2500 loss=32.86
  derivmatch lr=0.001 iter=2000/2500 loss=30.36
  derivmatch lr=0.001 iter=2125/2500 loss=29.4
  derivmatch lr=0.001 iter=2250/2500 loss=27.42
  derivmatch lr=0.001 iter=2375/2500 loss=26.61
  derivmatch lr=0.001 iter=2500/2500 loss=30.9
  derivmatch lr=0.001 iter=2500/2500 loss=11.34
  derivmatch lr=0.0003 iter=80/1600 loss=9.412
  derivmatch lr=0.0003 iter=160/1600 loss=10.9
  derivmatch lr=0.0003 iter=240/1600 loss=10.64
  derivmatch lr=0.0003 iter=320/1600 loss=8.636
  derivmatch lr=0.0003 iter=400/1600 loss=7.804
  derivmatch lr=0.0003 iter=480/1600 loss=8.073
  derivmatch lr=0.0003 iter=560/1600 loss=7.505
  derivmatch lr=0.0003 iter=640/1600 loss=7.628
  derivmatch lr=0.0003 iter=720/1600 loss=7.515
  derivmatch lr=0.0003 iter=800/1600 loss=8.15
  derivmatch lr=0.0003 iter=880/1600 loss=6.99
  derivmatch lr=0.0003 iter=960/1600 loss=6.854
  derivmatch lr=0.0003 iter=1040/1600 loss=7.816
  derivmatch lr=0.0003 iter=1120/1600 loss=7.993
  derivmatch lr=0.0003 iter=1200/1600 loss=7.615
  derivmatch lr=0.0003 iter=1280/1600 loss=6.868
  derivmatch lr=0.0003 iter=1360/1600 loss=7.91
  derivmatch lr=0.0003 iter=1440/1600 loss=18.26
  derivmatch lr=0.0003 iter=1520/1600 loss=16.76
  derivmatch lr=0.0003 iter=1600/1600 loss=16.68
  derivmatch lr=0.0003 iter=1600/1600 loss=6.289
derivative matching [23s]  fitloss=6.29
  [derivative matching]  nrmse=220.0  l2=1.68
  shooting iter=50/1000 loss=27.05
  shooting iter=100/1000 loss=16.69
  shooting iter=150/1000 loss=24.72
  shooting iter=200/1000 loss=26.93
  shooting iter=250/1000 loss=9.936
  shooting iter=300/1000 loss=10.36
  shooting iter=350/1000 loss=4.21
  shooting iter=400/1000 loss=25.65
  shooting iter=450/1000 loss=4.53
  shooting iter=500/1000 loss=10.14
  shooting iter=550/1000 loss=5.608
  shooting iter=600/1000 loss=8.948
  shooting iter=650/1000 loss=25.37
  shooting iter=700/1000 loss=17.17
  shooting iter=750/1000 loss=8.732
  shooting iter=800/1000 loss=5.995
  shooting iter=850/1000 loss=10.91
  shooting iter=900/1000 loss=17.16
  shooting iter=950/1000 loss=5.677
  shooting iter=1000/1000 loss=11.66
  shooting iter=1000/1000 loss=0.7345
shooting [438s]  loss=0.735
  [final]  nrmse=1.918  l2=3.848
extrapolation window: T=1000.0 -> T_test=1.0e12  n_test=100
  [train]  E_traj=9.307  E_VF=119.9  E_spec=2.77e27
  [test ]  E_traj=971.2  E_VF=2.37e16  E_spec=4.068e27
saved /orcd/home/002/txenakis/projects/BVPsolver/src/../data/runs/run_7ZeBIiij/rober_fit.png
saved /orcd/home/002/txenakis/projects/BVPsolver/src/../data/runs/run_7ZeBIiij/rober_fit_extrapolated.png
saved /orcd/home/002/txenakis/projects/BVPsolver/src/../data/runs/run_7ZeBIiij/rober_spectral_fit_extrapolated.png
saved /orcd/home/002/txenakis/projects/BVPsolver/src/../data/runs/run_7ZeBIiij/rober_vf_fit_extrapolated.png
┌ Warning: Attempting to store StiffNN.var"#12#13"{Float64, Float64, Float64}.
│ JLD2 only stores functions by name.
│  This may not be useful for anonymous functions.
└ @ JLD2 ~/.julia/packages/JLD2/ADycq/src/data/writing_datatypes.jl:447
saved run → /orcd/home/002/txenakis/projects/BVPsolver/src/../data/runs/run_7ZeBIiij
