rober  model=stiff width=12 d=3 tlen=50 profile=fast seed=608  solver=Rodas5  N=318
  derivmatch lr=0.01 iter=170/3400 loss=0.4453
  derivmatch lr=0.01 iter=340/3400 loss=0.1926
  derivmatch lr=0.01 iter=510/3400 loss=0.09688
  derivmatch lr=0.01 iter=680/3400 loss=0.06796
  derivmatch lr=0.01 iter=850/3400 loss=0.06747
  derivmatch lr=0.01 iter=1020/3400 loss=0.04899
  derivmatch lr=0.01 iter=1190/3400 loss=0.0404
  derivmatch lr=0.01 iter=1360/3400 loss=0.03127
  derivmatch lr=0.01 iter=1530/3400 loss=0.02753
  derivmatch lr=0.01 iter=1700/3400 loss=0.03164
  derivmatch lr=0.01 iter=1870/3400 loss=0.02218
  derivmatch lr=0.01 iter=2040/3400 loss=0.01582
  derivmatch lr=0.01 iter=2210/3400 loss=0.01348
  derivmatch lr=0.01 iter=2380/3400 loss=0.01282
  derivmatch lr=0.01 iter=2550/3400 loss=0.01741
  derivmatch lr=0.01 iter=2720/3400 loss=0.008396
  derivmatch lr=0.01 iter=2890/3400 loss=0.006314
  derivmatch lr=0.01 iter=3060/3400 loss=0.01134
  derivmatch lr=0.01 iter=3230/3400 loss=0.003839
  derivmatch lr=0.01 iter=3400/3400 loss=0.003272
  derivmatch lr=0.01 iter=3400/3400 loss=0.003272
  derivmatch lr=0.003 iter=125/2500 loss=0.003219
  derivmatch lr=0.003 iter=250/2500 loss=0.002682
  derivmatch lr=0.003 iter=375/2500 loss=0.00223
  derivmatch lr=0.003 iter=500/2500 loss=0.001852
  derivmatch lr=0.003 iter=625/2500 loss=0.001875
  derivmatch lr=0.003 iter=750/2500 loss=0.001552
  derivmatch lr=0.003 iter=875/2500 loss=0.002307
  derivmatch lr=0.003 iter=1000/2500 loss=0.002202
  derivmatch lr=0.003 iter=1125/2500 loss=0.001574
  derivmatch lr=0.003 iter=1250/2500 loss=0.001985
  derivmatch lr=0.003 iter=1375/2500 loss=0.001788
  derivmatch lr=0.003 iter=1500/2500 loss=0.0009618
  derivmatch lr=0.003 iter=1625/2500 loss=0.00203
  derivmatch lr=0.003 iter=1750/2500 loss=0.0008465
  derivmatch lr=0.003 iter=1875/2500 loss=0.001102
  derivmatch lr=0.003 iter=2000/2500 loss=0.001373
  derivmatch lr=0.003 iter=2125/2500 loss=0.001403
  derivmatch lr=0.003 iter=2250/2500 loss=0.001359
  derivmatch lr=0.003 iter=2375/2500 loss=0.001312
  derivmatch lr=0.003 iter=2500/2500 loss=0.001234
  derivmatch lr=0.003 iter=2500/2500 loss=0.000648
  derivmatch lr=0.001 iter=125/2500 loss=0.00062
  derivmatch lr=0.001 iter=250/2500 loss=0.0006059
  derivmatch lr=0.001 iter=375/2500 loss=0.0005937
  derivmatch lr=0.001 iter=500/2500 loss=0.0005815
  derivmatch lr=0.001 iter=625/2500 loss=0.0005693
  derivmatch lr=0.001 iter=750/2500 loss=0.0005571
  derivmatch lr=0.001 iter=875/2500 loss=0.0005469
  derivmatch lr=0.001 iter=1000/2500 loss=0.0005444
  derivmatch lr=0.001 iter=1125/2500 loss=0.0005518
  derivmatch lr=0.001 iter=1250/2500 loss=0.0005701
  derivmatch lr=0.001 iter=1375/2500 loss=0.0005471
  derivmatch lr=0.001 iter=1500/2500 loss=0.0005546
  derivmatch lr=0.001 iter=1625/2500 loss=0.000552
  derivmatch lr=0.001 iter=1750/2500 loss=0.000503
  derivmatch lr=0.001 iter=1875/2500 loss=0.0004776
  derivmatch lr=0.001 iter=2000/2500 loss=0.0004693
  derivmatch lr=0.001 iter=2125/2500 loss=0.0004863
  derivmatch lr=0.001 iter=2250/2500 loss=0.0005098
  derivmatch lr=0.001 iter=2375/2500 loss=0.0004529
  derivmatch lr=0.001 iter=2500/2500 loss=0.0004529
  derivmatch lr=0.001 iter=2500/2500 loss=0.0004292
  derivmatch lr=0.0003 iter=80/1600 loss=0.0004312
  derivmatch lr=0.0003 iter=160/1600 loss=0.0004278
  derivmatch lr=0.0003 iter=240/1600 loss=0.0004268
  derivmatch lr=0.0003 iter=320/1600 loss=0.0004257
  derivmatch lr=0.0003 iter=400/1600 loss=0.0004245
  derivmatch lr=0.0003 iter=480/1600 loss=0.0004231
  derivmatch lr=0.0003 iter=560/1600 loss=0.0004216
  derivmatch lr=0.0003 iter=640/1600 loss=0.00042
  derivmatch lr=0.0003 iter=720/1600 loss=0.0004182
  derivmatch lr=0.0003 iter=800/1600 loss=0.0004164
  derivmatch lr=0.0003 iter=880/1600 loss=0.0004144
  derivmatch lr=0.0003 iter=960/1600 loss=0.0004123
  derivmatch lr=0.0003 iter=1040/1600 loss=0.0004101
  derivmatch lr=0.0003 iter=1120/1600 loss=0.0004078
  derivmatch lr=0.0003 iter=1200/1600 loss=0.0004054
  derivmatch lr=0.0003 iter=1280/1600 loss=0.0004028
  derivmatch lr=0.0003 iter=1360/1600 loss=0.0004002
  derivmatch lr=0.0003 iter=1440/1600 loss=0.0003974
  derivmatch lr=0.0003 iter=1520/1600 loss=0.0003946
  derivmatch lr=0.0003 iter=1600/1600 loss=0.0003916
  derivmatch lr=0.0003 iter=1600/1600 loss=0.0003916
derivative matching [35s]  fitloss=0.000392
  [derivative matching]  nrmse=0.003976  l2=0.02707
  shooting iter=50/1000 loss=0.001706
  shooting iter=100/1000 loss=0.001763
  shooting iter=150/1000 loss=0.001268
  shooting iter=200/1000 loss=0.0009991
  shooting iter=250/1000 loss=0.001213
  shooting iter=300/1000 loss=0.0006944
  shooting iter=350/1000 loss=0.0007144
  shooting iter=400/1000 loss=0.001257
  shooting iter=450/1000 loss=0.001028
  shooting iter=500/1000 loss=0.001579
  shooting iter=550/1000 loss=0.001552
  shooting iter=600/1000 loss=0.0006727
  shooting iter=650/1000 loss=0.00101
  shooting iter=700/1000 loss=0.0008072
  shooting iter=750/1000 loss=0.0006958
  shooting iter=800/1000 loss=0.001739
  shooting iter=850/1000 loss=0.0005896
  shooting iter=900/1000 loss=0.001074
  shooting iter=950/1000 loss=0.001013
  shooting iter=1000/1000 loss=0.0006949
  shooting iter=1000/1000 loss=0.0003355
shooting [622s]  loss=0.000336
  [final]  nrmse=0.0006529  l2=0.003194
extrapolation window: T=1000.0 -> T_test=1.0e12  n_test=100
  [train]  E_traj=1.238e-6  E_VF=0.003006  E_spec=6.1599999999999995e26
  [test ]  E_traj=30.51  E_VF=6.207e12  E_spec=2.654e23
saved /orcd/home/002/txenakis/projects/BVPsolver/src/../data/runs/run_ysMeGls7/rober_fit.png
saved /orcd/home/002/txenakis/projects/BVPsolver/src/../data/runs/run_ysMeGls7/rober_fit_extrapolated.png
saved /orcd/home/002/txenakis/projects/BVPsolver/src/../data/runs/run_ysMeGls7/rober_spectral_fit_extrapolated.png
saved /orcd/home/002/txenakis/projects/BVPsolver/src/../data/runs/run_ysMeGls7/rober_vf_fit_extrapolated.png
saved /orcd/home/002/txenakis/projects/BVPsolver/src/../data/runs/run_ysMeGls7/rober_sensitivity_vs_stiffness_derivmatch_pointwise.png
┌ Warning: No strict ticks found
└ @ PlotUtils ~/.julia/packages/PlotUtils/HX80C/src/ticks.jl:194
┌ Warning: No strict ticks found
└ @ PlotUtils ~/.julia/packages/PlotUtils/HX80C/src/ticks.jl:194
┌ Warning: Invalid negative or zero value 0.0 found at series index 1 for log10 based yscale
└ @ Plots ~/.julia/packages/Plots/GIume/src/utils.jl:105
saved /orcd/home/002/txenakis/projects/BVPsolver/src/../data/runs/run_ysMeGls7/rober_sensitivity_vs_stiffness_derivmatch_trajectory.png
saved /orcd/home/002/txenakis/projects/BVPsolver/src/../data/runs/run_ysMeGls7/rober_sensitivity_vs_stiffness_shooting_pointwise.png
┌ Warning: No strict ticks found
└ @ PlotUtils ~/.julia/packages/PlotUtils/HX80C/src/ticks.jl:194
┌ Warning: No strict ticks found
└ @ PlotUtils ~/.julia/packages/PlotUtils/HX80C/src/ticks.jl:194
┌ Warning: Invalid negative or zero value 0.0 found at series index 1 for log10 based yscale
└ @ Plots ~/.julia/packages/Plots/GIume/src/utils.jl:105
saved /orcd/home/002/txenakis/projects/BVPsolver/src/../data/runs/run_ysMeGls7/rober_sensitivity_vs_stiffness_shooting_trajectory.png
┌ Warning: Attempting to store StiffNN.var"#12#13"{Float64, Float64, Float64}.
│ JLD2 only stores functions by name.
│  This may not be useful for anonymous functions.
└ @ JLD2 ~/.julia/packages/JLD2/ADycq/src/data/writing_datatypes.jl:447
saved run → /orcd/home/002/txenakis/projects/BVPsolver/src/../data/runs/run_ysMeGls7
