rober  model=mlp width=15 d=3 tlen=50 profile=fast seed=32  solver=Rodas5  N=348
  derivmatch lr=0.01 iter=170/3400 loss=42.52
  derivmatch lr=0.01 iter=340/3400 loss=36.21
  derivmatch lr=0.01 iter=510/3400 loss=44.82
  derivmatch lr=0.01 iter=680/3400 loss=46.94
  derivmatch lr=0.01 iter=850/3400 loss=44.25
  derivmatch lr=0.01 iter=1020/3400 loss=37.0
  derivmatch lr=0.01 iter=1190/3400 loss=44.22
  derivmatch lr=0.01 iter=1360/3400 loss=46.6
  derivmatch lr=0.01 iter=1530/3400 loss=42.05
  derivmatch lr=0.01 iter=1700/3400 loss=34.85
  derivmatch lr=0.01 iter=1870/3400 loss=54.85
  derivmatch lr=0.01 iter=2040/3400 loss=40.85
  derivmatch lr=0.01 iter=2210/3400 loss=52.96
  derivmatch lr=0.01 iter=2380/3400 loss=46.98
  derivmatch lr=0.01 iter=2550/3400 loss=43.12
  derivmatch lr=0.01 iter=2720/3400 loss=41.05
  derivmatch lr=0.01 iter=2890/3400 loss=41.42
  derivmatch lr=0.01 iter=3060/3400 loss=32.67
  derivmatch lr=0.01 iter=3230/3400 loss=42.92
  derivmatch lr=0.01 iter=3400/3400 loss=47.07
  derivmatch lr=0.01 iter=3400/3400 loss=17.57
  derivmatch lr=0.003 iter=125/2500 loss=32.69
  derivmatch lr=0.003 iter=250/2500 loss=32.39
  derivmatch lr=0.003 iter=375/2500 loss=28.15
  derivmatch lr=0.003 iter=500/2500 loss=25.68
  derivmatch lr=0.003 iter=625/2500 loss=18.72
  derivmatch lr=0.003 iter=750/2500 loss=43.1
  derivmatch lr=0.003 iter=875/2500 loss=28.14
  derivmatch lr=0.003 iter=1000/2500 loss=29.2
  derivmatch lr=0.003 iter=1125/2500 loss=21.9
  derivmatch lr=0.003 iter=1250/2500 loss=33.86
  derivmatch lr=0.003 iter=1375/2500 loss=27.14
  derivmatch lr=0.003 iter=1500/2500 loss=38.76
  derivmatch lr=0.003 iter=1625/2500 loss=38.73
  derivmatch lr=0.003 iter=1750/2500 loss=34.92
  derivmatch lr=0.003 iter=1875/2500 loss=34.44
  derivmatch lr=0.003 iter=2000/2500 loss=32.4
  derivmatch lr=0.003 iter=2125/2500 loss=33.07
  derivmatch lr=0.003 iter=2250/2500 loss=26.51
  derivmatch lr=0.003 iter=2375/2500 loss=39.68
  derivmatch lr=0.003 iter=2500/2500 loss=22.63
  derivmatch lr=0.003 iter=2500/2500 loss=17.57
  derivmatch lr=0.001 iter=125/2500 loss=23.19
  derivmatch lr=0.001 iter=250/2500 loss=13.58
  derivmatch lr=0.001 iter=375/2500 loss=11.33
  derivmatch lr=0.001 iter=500/2500 loss=12.25
  derivmatch lr=0.001 iter=625/2500 loss=11.44
  derivmatch lr=0.001 iter=750/2500 loss=11.12
  derivmatch lr=0.001 iter=875/2500 loss=10.95
  derivmatch lr=0.001 iter=1000/2500 loss=11.08
  derivmatch lr=0.001 iter=1125/2500 loss=10.3
  derivmatch lr=0.001 iter=1250/2500 loss=19.56
  derivmatch lr=0.001 iter=1375/2500 loss=11.06
  derivmatch lr=0.001 iter=1500/2500 loss=15.57
  derivmatch lr=0.001 iter=1625/2500 loss=28.24
  derivmatch lr=0.001 iter=1750/2500 loss=23.84
  derivmatch lr=0.001 iter=1875/2500 loss=30.72
  derivmatch lr=0.001 iter=2000/2500 loss=30.27
  derivmatch lr=0.001 iter=2125/2500 loss=29.57
  derivmatch lr=0.001 iter=2250/2500 loss=29.11
  derivmatch lr=0.001 iter=2375/2500 loss=27.44
  derivmatch lr=0.001 iter=2500/2500 loss=22.98
  derivmatch lr=0.001 iter=2500/2500 loss=9.954
  derivmatch lr=0.0003 iter=80/1600 loss=10.36
  derivmatch lr=0.0003 iter=160/1600 loss=10.07
  derivmatch lr=0.0003 iter=240/1600 loss=9.783
  derivmatch lr=0.0003 iter=320/1600 loss=9.976
  derivmatch lr=0.0003 iter=400/1600 loss=10.16
  derivmatch lr=0.0003 iter=480/1600 loss=9.827
  derivmatch lr=0.0003 iter=560/1600 loss=10.19
  derivmatch lr=0.0003 iter=640/1600 loss=9.678
  derivmatch lr=0.0003 iter=720/1600 loss=9.514
  derivmatch lr=0.0003 iter=800/1600 loss=9.532
  derivmatch lr=0.0003 iter=880/1600 loss=9.565
  derivmatch lr=0.0003 iter=960/1600 loss=9.363
  derivmatch lr=0.0003 iter=1040/1600 loss=9.333
  derivmatch lr=0.0003 iter=1120/1600 loss=16.54
  derivmatch lr=0.0003 iter=1200/1600 loss=18.76
  derivmatch lr=0.0003 iter=1280/1600 loss=17.93
  derivmatch lr=0.0003 iter=1360/1600 loss=16.76
  derivmatch lr=0.0003 iter=1440/1600 loss=14.96
  derivmatch lr=0.0003 iter=1520/1600 loss=9.706
  derivmatch lr=0.0003 iter=1600/1600 loss=8.594
  derivmatch lr=0.0003 iter=1600/1600 loss=8.289
derivative matching [26s]  fitloss=8.29
  [derivative matching]  nrmse=412000.0  l2=450.7
  shooting iter=50/1000 loss=4591.0
  shooting iter=100/1000 loss=3720.0
  shooting iter=150/1000 loss=2984.0
  shooting iter=200/1000 loss=2226.0
  shooting iter=250/1000 loss=1466.0
  shooting iter=300/1000 loss=1045.0
  shooting iter=350/1000 loss=795.7
  shooting iter=400/1000 loss=624.9
  shooting iter=450/1000 loss=497.6
  shooting iter=500/1000 loss=387.4
  shooting iter=550/1000 loss=279.6
  shooting iter=600/1000 loss=164.1
  shooting iter=650/1000 loss=83.22
  shooting iter=700/1000 loss=76.84
  shooting iter=750/1000 loss=70.85
  shooting iter=800/1000 loss=65.37
  shooting iter=850/1000 loss=59.69
  shooting iter=900/1000 loss=54.04
  shooting iter=950/1000 loss=48.5
  shooting iter=1000/1000 loss=42.84
  shooting iter=1000/1000 loss=42.77
shooting [568s]  loss=42.8
  [final]  nrmse=172.8  l2=3.037
extrapolation window: T=1000.0 -> T_test=1.0e12  n_test=100
  [train]  E_traj=77680.0  E_VF=18.5  E_spec=1.8530000000000002e28
  [test ]  E_traj=17180.0  E_VF=1.259e18  E_spec=4.6980000000000005e29
saved /orcd/home/002/txenakis/projects/BVPsolver/src/../data/runs/run_hoZ12Alj/rober_fit.png
saved /orcd/home/002/txenakis/projects/BVPsolver/src/../data/runs/run_hoZ12Alj/rober_fit_extrapolated.png
saved /orcd/home/002/txenakis/projects/BVPsolver/src/../data/runs/run_hoZ12Alj/rober_spectral_fit_extrapolated.png
saved /orcd/home/002/txenakis/projects/BVPsolver/src/../data/runs/run_hoZ12Alj/rober_vf_fit_extrapolated.png
┌ Warning: Attempting to store StiffNN.var"#12#13"{Float64, Float64, Float64}.
│ JLD2 only stores functions by name.
│  This may not be useful for anonymous functions.
└ @ JLD2 ~/.julia/packages/JLD2/ADycq/src/data/writing_datatypes.jl:447
saved run → /orcd/home/002/txenakis/projects/BVPsolver/src/../data/runs/run_hoZ12Alj
