davis-skodje  model=stiff width=12 d=2 tlen=300 profile=fast seed=47  solver=Rodas5P  N=268
  derivmatch lr=0.01 iter=170/3400 loss=0.5907
  derivmatch lr=0.01 iter=340/3400 loss=0.3897
  derivmatch lr=0.01 iter=510/3400 loss=0.3237
  derivmatch lr=0.01 iter=680/3400 loss=0.3116
  derivmatch lr=0.01 iter=850/3400 loss=0.178
  derivmatch lr=0.01 iter=1020/3400 loss=0.1583
  derivmatch lr=0.01 iter=1190/3400 loss=0.1861
  derivmatch lr=0.01 iter=1360/3400 loss=0.1037
  derivmatch lr=0.01 iter=1530/3400 loss=0.1059
  derivmatch lr=0.01 iter=1700/3400 loss=0.1369
  derivmatch lr=0.01 iter=1870/3400 loss=0.07839
  derivmatch lr=0.01 iter=2040/3400 loss=0.06678
  derivmatch lr=0.01 iter=2210/3400 loss=0.07362
  derivmatch lr=0.01 iter=2380/3400 loss=0.0716
  derivmatch lr=0.01 iter=2550/3400 loss=0.0687
  derivmatch lr=0.01 iter=2720/3400 loss=0.0658
  derivmatch lr=0.01 iter=2890/3400 loss=0.06303
  derivmatch lr=0.01 iter=3060/3400 loss=0.0604
  derivmatch lr=0.01 iter=3230/3400 loss=0.05791
  derivmatch lr=0.01 iter=3400/3400 loss=0.05556
  derivmatch lr=0.01 iter=3400/3400 loss=0.0509
  derivmatch lr=0.003 iter=125/2500 loss=0.03403
  derivmatch lr=0.003 iter=250/2500 loss=0.03396
  derivmatch lr=0.003 iter=375/2500 loss=0.04014
  derivmatch lr=0.003 iter=500/2500 loss=0.03411
  derivmatch lr=0.003 iter=625/2500 loss=0.03083
  derivmatch lr=0.003 iter=750/2500 loss=0.03661
  derivmatch lr=0.003 iter=875/2500 loss=0.04381
  derivmatch lr=0.003 iter=1000/2500 loss=0.0239
  derivmatch lr=0.003 iter=1125/2500 loss=0.02314
  derivmatch lr=0.003 iter=1250/2500 loss=0.02355
  derivmatch lr=0.003 iter=1375/2500 loss=0.0231
  derivmatch lr=0.003 iter=1500/2500 loss=0.02376
  derivmatch lr=0.003 iter=1625/2500 loss=0.03506
  derivmatch lr=0.003 iter=1750/2500 loss=0.02507
  derivmatch lr=0.003 iter=1875/2500 loss=0.02801
  derivmatch lr=0.003 iter=2000/2500 loss=0.02038
  derivmatch lr=0.003 iter=2125/2500 loss=0.0322
  derivmatch lr=0.003 iter=2250/2500 loss=0.02114
  derivmatch lr=0.003 iter=2375/2500 loss=0.02433
  derivmatch lr=0.003 iter=2500/2500 loss=0.02296
  derivmatch lr=0.003 iter=2500/2500 loss=0.01789
  derivmatch lr=0.001 iter=125/2500 loss=0.01794
  derivmatch lr=0.001 iter=250/2500 loss=0.01743
  derivmatch lr=0.001 iter=375/2500 loss=0.01709
  derivmatch lr=0.001 iter=500/2500 loss=0.0167
  derivmatch lr=0.001 iter=625/2500 loss=0.01627
  derivmatch lr=0.001 iter=750/2500 loss=0.01581
  derivmatch lr=0.001 iter=875/2500 loss=0.0153
  derivmatch lr=0.001 iter=1000/2500 loss=0.01492
  derivmatch lr=0.001 iter=1125/2500 loss=0.01528
  derivmatch lr=0.001 iter=1250/2500 loss=0.0142
  derivmatch lr=0.001 iter=1375/2500 loss=0.01574
  derivmatch lr=0.001 iter=1500/2500 loss=0.01367
  derivmatch lr=0.001 iter=1625/2500 loss=0.01316
  derivmatch lr=0.001 iter=1750/2500 loss=0.01322
  derivmatch lr=0.001 iter=1875/2500 loss=0.01377
  derivmatch lr=0.001 iter=2000/2500 loss=0.0139
  derivmatch lr=0.001 iter=2125/2500 loss=0.01201
  derivmatch lr=0.001 iter=2250/2500 loss=0.01363
  derivmatch lr=0.001 iter=2375/2500 loss=0.01189
  derivmatch lr=0.001 iter=2500/2500 loss=0.01299
  derivmatch lr=0.001 iter=2500/2500 loss=0.01135
  derivmatch lr=0.0003 iter=80/1600 loss=0.01133
  derivmatch lr=0.0003 iter=160/1600 loss=0.01127
  derivmatch lr=0.0003 iter=240/1600 loss=0.01123
  derivmatch lr=0.0003 iter=320/1600 loss=0.01118
  derivmatch lr=0.0003 iter=400/1600 loss=0.01113
  derivmatch lr=0.0003 iter=480/1600 loss=0.01107
  derivmatch lr=0.0003 iter=560/1600 loss=0.01101
  derivmatch lr=0.0003 iter=640/1600 loss=0.01094
  derivmatch lr=0.0003 iter=720/1600 loss=0.01086
  derivmatch lr=0.0003 iter=800/1600 loss=0.01078
  derivmatch lr=0.0003 iter=880/1600 loss=0.01069
  derivmatch lr=0.0003 iter=960/1600 loss=0.0106
  derivmatch lr=0.0003 iter=1040/1600 loss=0.01051
  derivmatch lr=0.0003 iter=1120/1600 loss=0.01041
  derivmatch lr=0.0003 iter=1200/1600 loss=0.01031
  derivmatch lr=0.0003 iter=1280/1600 loss=0.0102
  derivmatch lr=0.0003 iter=1360/1600 loss=0.01008
  derivmatch lr=0.0003 iter=1440/1600 loss=0.009968
  derivmatch lr=0.0003 iter=1520/1600 loss=0.00988
  derivmatch lr=0.0003 iter=1600/1600 loss=0.009771
  derivmatch lr=0.0003 iter=1600/1600 loss=0.009771
derivative matching [30s]  fitloss=0.00977
  [derivative matching]  nrmse=0.01334  l2=0.6535
  collocation: M=304 residuals=2418  detecting sparsity + solving...

Algorithm: LevenbergMarquardt(
    trustregion = LevenbergMarquardtTrustRegion(
        β_uphill = 0.0
    ),
    descent = GeodesicAcceleration(
        descent = DampedNewtonDescent(
            linsolve = KLUFactorization(
                reuse_symbolic = true,
                check_pattern = true
            ),
            initial_damping = 1.0,
            damping_fn = LevenbergMarquardtDampingFunction(
                increase_factor = 2.0,
                decrease_factor = 3.0,
                min_damping = 1.0e-8
            ),
            min_norm_mode = :auto
        ),
        finite_diff_step_geodesic = 0.1,
        α = 0.75
    ),
    autodiff = AutoForwardDiff(),
    vjp_autodiff = AutoFiniteDiff(
        fdtype = Val{:forward}(),
        fdjtype = Val{:forward}(),
        fdhtype = Val{:hcentral}(),
        dir = true
    ),
    jvp_autodiff = AutoForwardDiff(),
    concrete_jac = Val{true}()
)

----    	-------------       	-----------         
Iter    	f(u) 2-norm         	Step 2-norm         
----    	-------------       	-----------         
0       	1.41071162e+02      	1.45772948e-315     
1       	1.41071162e+02      	0.00000000e+00      
8       	1.16065649e+00      	9.10329589e-02      
15      	6.04587245e-01      	1.95885012e-01      
22      	3.44100026e-01      	4.43324810e-01      
29      	2.27446956e+01      	1.12496191e+01      
36      	2.64638161e+02      	0.00000000e+00      
43      	1.50899002e+00      	3.35737282e+00      
50      	3.80744286e-01      	0.00000000e+00      
57      	8.69002409e-01      	1.90182290e+00      
64      	3.44848988e-01      	2.81058399e+00      
71      	7.63544593e-01      	1.37810953e+00      
78      	2.35717235e-03      	0.00000000e+00      
85      	4.60137121e-04      	7.30196153e-02      
92      	2.07351940e-03      	1.66862193e-01      
99      	2.09195678e+00      	8.36377673e-01      
106     	1.72218273e-04      	4.11446604e-02      
113     	7.11791770e-04      	1.63210781e-01      
120     	2.65234541e-03      	0.00000000e+00      
127     	2.97324610e-01      	5.76879994e-01      
134     	7.90326926e-05      	3.88694276e-02      
141     	2.08911298e+01      	0.00000000e+00      
148     	2.02437387e+00      	2.44684349e+00      
Final   	7.90326926e-05      
----------------------      
  AMR 1/3: M=304  err=1.16e-10  obs=1.1e-6  nrmse=0.0162  best=0.0133  refined=34
  collocation: M=338 residuals=2622  detecting sparsity + solving...

Algorithm: LevenbergMarquardt(
    trustregion = LevenbergMarquardtTrustRegion(
        β_uphill = 0.0
    ),
    descent = GeodesicAcceleration(
        descent = DampedNewtonDescent(
            linsolve = KLUFactorization(
                reuse_symbolic = true,
                check_pattern = true
            ),
            initial_damping = 1.0,
            damping_fn = LevenbergMarquardtDampingFunction(
                increase_factor = 2.0,
                decrease_factor = 3.0,
                min_damping = 1.0e-8
            ),
            min_norm_mode = :auto
        ),
        finite_diff_step_geodesic = 0.1,
        α = 0.75
    ),
    autodiff = AutoForwardDiff(),
    vjp_autodiff = AutoFiniteDiff(
        fdtype = Val{:forward}(),
        fdjtype = Val{:forward}(),
        fdhtype = Val{:hcentral}(),
        dir = true
    ),
    jvp_autodiff = AutoForwardDiff(),
    concrete_jac = Val{true}()
)

----    	-------------       	-----------         
Iter    	f(u) 2-norm         	Step 2-norm         
----    	-------------       	-----------         
0       	9.46309449e+01      	NaN                 
1       	9.46309449e+01      	0.00000000e+00      
8       	5.88422198e-01      	4.89030334e-03      
15      	3.58507923e-01      	8.41073298e-02      
22      	3.38472307e-04      	2.80286342e-03      
29      	4.63322050e-05      	2.40433592e-03      
36      	4.10405628e-02      	0.00000000e+00      
43      	3.13599761e-02      	1.68111756e-01      
50      	4.64172922e-01      	8.84784562e-01      
57      	7.52522508e+00      	1.25433473e+00      
64      	7.51525148e-04      	7.86355933e-02      
71      	8.90278396e-02      	2.27160090e-01      
78      	5.92687369e-01      	0.00000000e+00      
85      	3.21076693e+00      	0.00000000e+00      
92      	3.83466445e-01      	0.00000000e+00      
99      	5.39943120e-02      	0.00000000e+00      
106     	5.99462523e-02      	0.00000000e+00      
113     	6.35125064e+00      	0.00000000e+00      
120     	1.16275502e+01      	3.75831646e+00      
127     	5.25724629e-02      	0.00000000e+00      
134     	3.87518306e-04      	4.13763660e-02      
141     	4.85271466e-01      	0.00000000e+00      
148     	3.67649321e+00      	0.00000000e+00      
Final   	4.62093201e-05      
----------------------      
  AMR 2/3: M=338  err=4.57e-11  obs=1.08e-6  nrmse=0.0162  best=0.0133  refined=20
  collocation: M=364 residuals=2778  detecting sparsity + solving...

Algorithm: LevenbergMarquardt(
    trustregion = LevenbergMarquardtTrustRegion(
        β_uphill = 0.0
    ),
    descent = GeodesicAcceleration(
        descent = DampedNewtonDescent(
            linsolve = KLUFactorization(
                reuse_symbolic = true,
                check_pattern = true
            ),
            initial_damping = 1.0,
            damping_fn = LevenbergMarquardtDampingFunction(
                increase_factor = 2.0,
                decrease_factor = 3.0,
                min_damping = 1.0e-8
            ),
            min_norm_mode = :auto
        ),
        finite_diff_step_geodesic = 0.1,
        α = 0.75
    ),
    autodiff = AutoForwardDiff(),
    vjp_autodiff = AutoFiniteDiff(
        fdtype = Val{:forward}(),
        fdjtype = Val{:forward}(),
        fdhtype = Val{:hcentral}(),
        dir = true
    ),
    jvp_autodiff = AutoForwardDiff(),
    concrete_jac = Val{true}()
)

----    	-------------       	-----------         
Iter    	f(u) 2-norm         	Step 2-norm         
----    	-------------       	-----------         
0       	9.46123802e+01      	8.98562067e-316     
1       	9.46123802e+01      	0.00000000e+00      
8       	5.70811559e-01      	4.72326633e-03      
15      	3.58489530e-01      	8.41046921e-02      
22      	3.39085926e-04      	2.80705047e-03      
29      	4.33571142e-05      	2.50171537e-03      
36      	6.33272206e-02      	0.00000000e+00      
43      	3.41929183e-02      	3.31582127e-01      
50      	1.31710545e-04      	0.00000000e+00      
57      	5.92443973e-02      	0.00000000e+00      
64      	2.03662299e-04      	1.31320319e-01      
71      	2.74421263e-01      	0.00000000e+00      
78      	1.18052213e+00      	1.14013405e+00      
85      	4.84334641e-02      	0.00000000e+00      
92      	7.02905296e-03      	1.15257669e-01      
99      	1.13578680e+00      	0.00000000e+00      
106     	3.84839950e-02      	0.00000000e+00      
113     	2.24749871e-03      	1.88963546e-01      
120     	3.07955706e+00      	0.00000000e+00      
127     	2.80287503e-03      	0.00000000e+00      
134     	3.13303065e-01      	0.00000000e+00      
141     	1.41321193e-01      	5.89899869e-01      
148     	7.30871906e-02      	0.00000000e+00      
Final   	4.31701866e-05      
----------------------      
  AMR 3/3: M=364  err=2.53e-11  obs=1.05e-6  nrmse=0.0162  best=0.0133  refined=0
 derivative matching was best (3/3 rounds ran)
collocation [132s]
  [final]  nrmse=0.01334  l2=0.6535
extrapolation window: T=15.0 -> T_test=30.0  n_test=600
  [train]  E_traj=0.003116  E_VF=0.03152  E_spec=0.308
  [test ]  E_traj=2.186e10  E_VF=6.204e11  E_spec=0.4967
saved /orcd/home/002/txenakis/projects/BVPsolver/src/../data/runs/run_luXIMiGB/davis-skodje_fit.png
saved /orcd/home/002/txenakis/projects/BVPsolver/src/../data/runs/run_luXIMiGB/davis-skodje_fit_extrapolated.png
saved /orcd/home/002/txenakis/projects/BVPsolver/src/../data/runs/run_luXIMiGB/davis-skodje_spectral_fit_extrapolated.png
saved /orcd/home/002/txenakis/projects/BVPsolver/src/../data/runs/run_luXIMiGB/davis-skodje_vf_fit_extrapolated.png
┌ Warning: Attempting to store StiffNN.var"#22#23"{Float64}.
│ JLD2 only stores functions by name.
│  This may not be useful for anonymous functions.
└ @ JLD2 ~/.julia/packages/JLD2/ADycq/src/data/writing_datatypes.jl:447
saved run → /orcd/home/002/txenakis/projects/BVPsolver/src/../data/runs/run_luXIMiGB
