davis-skodje  model=stiff width=12 d=2 tlen=300 profile=fast seed=345  solver=Rodas5P  N=268
  derivmatch lr=0.01 iter=170/3400 loss=0.6616
  derivmatch lr=0.01 iter=340/3400 loss=0.3784
  derivmatch lr=0.01 iter=510/3400 loss=0.2746
  derivmatch lr=0.01 iter=680/3400 loss=0.2684
  derivmatch lr=0.01 iter=850/3400 loss=0.1608
  derivmatch lr=0.01 iter=1020/3400 loss=0.1464
  derivmatch lr=0.01 iter=1190/3400 loss=0.1626
  derivmatch lr=0.01 iter=1360/3400 loss=0.09
  derivmatch lr=0.01 iter=1530/3400 loss=0.09499
  derivmatch lr=0.01 iter=1700/3400 loss=0.08857
  derivmatch lr=0.01 iter=1870/3400 loss=0.08349
  derivmatch lr=0.01 iter=2040/3400 loss=0.07936
  derivmatch lr=0.01 iter=2210/3400 loss=0.07584
  derivmatch lr=0.01 iter=2380/3400 loss=0.07273
  derivmatch lr=0.01 iter=2550/3400 loss=0.06991
  derivmatch lr=0.01 iter=2720/3400 loss=0.0673
  derivmatch lr=0.01 iter=2890/3400 loss=0.06473
  derivmatch lr=0.01 iter=3060/3400 loss=0.05219
  derivmatch lr=0.01 iter=3230/3400 loss=0.04392
  derivmatch lr=0.01 iter=3400/3400 loss=0.1133
  derivmatch lr=0.01 iter=3400/3400 loss=0.04298
  derivmatch lr=0.003 iter=125/2500 loss=0.03957
  derivmatch lr=0.003 iter=250/2500 loss=0.05179
  derivmatch lr=0.003 iter=375/2500 loss=0.03005
  derivmatch lr=0.003 iter=500/2500 loss=0.0326
  derivmatch lr=0.003 iter=625/2500 loss=0.02497
  derivmatch lr=0.003 iter=750/2500 loss=0.02223
  derivmatch lr=0.003 iter=875/2500 loss=0.03354
  derivmatch lr=0.003 iter=1000/2500 loss=0.02903
  derivmatch lr=0.003 iter=1125/2500 loss=0.02697
  derivmatch lr=0.003 iter=1250/2500 loss=0.02727
  derivmatch lr=0.003 iter=1375/2500 loss=0.0257
  derivmatch lr=0.003 iter=1500/2500 loss=0.02611
  derivmatch lr=0.003 iter=1625/2500 loss=0.02466
  derivmatch lr=0.003 iter=1750/2500 loss=0.02512
  derivmatch lr=0.003 iter=1875/2500 loss=0.02378
  derivmatch lr=0.003 iter=2000/2500 loss=0.02425
  derivmatch lr=0.003 iter=2125/2500 loss=0.02299
  derivmatch lr=0.003 iter=2250/2500 loss=0.02348
  derivmatch lr=0.003 iter=2375/2500 loss=0.02229
  derivmatch lr=0.003 iter=2500/2500 loss=0.02277
  derivmatch lr=0.003 iter=2500/2500 loss=0.02197
  derivmatch lr=0.001 iter=125/2500 loss=0.01483
  derivmatch lr=0.001 iter=250/2500 loss=0.01419
  derivmatch lr=0.001 iter=375/2500 loss=0.01384
  derivmatch lr=0.001 iter=500/2500 loss=0.01494
  derivmatch lr=0.001 iter=625/2500 loss=0.0155
  derivmatch lr=0.001 iter=750/2500 loss=0.01474
  derivmatch lr=0.001 iter=875/2500 loss=0.01439
  derivmatch lr=0.001 iter=1000/2500 loss=0.01319
  derivmatch lr=0.001 iter=1125/2500 loss=0.01225
  derivmatch lr=0.001 iter=1250/2500 loss=0.01208
  derivmatch lr=0.001 iter=1375/2500 loss=0.01258
  derivmatch lr=0.001 iter=1500/2500 loss=0.01146
  derivmatch lr=0.001 iter=1625/2500 loss=0.01176
  derivmatch lr=0.001 iter=1750/2500 loss=0.0112
  derivmatch lr=0.001 iter=1875/2500 loss=0.0112
  derivmatch lr=0.001 iter=2000/2500 loss=0.01092
  derivmatch lr=0.001 iter=2125/2500 loss=0.01323
  derivmatch lr=0.001 iter=2250/2500 loss=0.01395
  derivmatch lr=0.001 iter=2375/2500 loss=0.01061
  derivmatch lr=0.001 iter=2500/2500 loss=0.01226
  derivmatch lr=0.001 iter=2500/2500 loss=0.009777
  derivmatch lr=0.0003 iter=80/1600 loss=0.0098
  derivmatch lr=0.0003 iter=160/1600 loss=0.009711
  derivmatch lr=0.0003 iter=240/1600 loss=0.009635
  derivmatch lr=0.0003 iter=320/1600 loss=0.009561
  derivmatch lr=0.0003 iter=400/1600 loss=0.009486
  derivmatch lr=0.0003 iter=480/1600 loss=0.009404
  derivmatch lr=0.0003 iter=560/1600 loss=0.009315
  derivmatch lr=0.0003 iter=640/1600 loss=0.009216
  derivmatch lr=0.0003 iter=720/1600 loss=0.009107
  derivmatch lr=0.0003 iter=800/1600 loss=0.008988
  derivmatch lr=0.0003 iter=880/1600 loss=0.008856
  derivmatch lr=0.0003 iter=960/1600 loss=0.008711
  derivmatch lr=0.0003 iter=1040/1600 loss=0.008551
  derivmatch lr=0.0003 iter=1120/1600 loss=0.008375
  derivmatch lr=0.0003 iter=1200/1600 loss=0.008181
  derivmatch lr=0.0003 iter=1280/1600 loss=0.008034
  derivmatch lr=0.0003 iter=1360/1600 loss=0.007847
  derivmatch lr=0.0003 iter=1440/1600 loss=0.007645
  derivmatch lr=0.0003 iter=1520/1600 loss=0.007671
  derivmatch lr=0.0003 iter=1600/1600 loss=0.007256
  derivmatch lr=0.0003 iter=1600/1600 loss=0.007256
derivative matching [32s]  fitloss=0.00726
  [derivative matching]  nrmse=0.0259  l2=1.269
  collocation: M=304 residuals=2418  detecting sparsity + solving...

Algorithm: LevenbergMarquardt(
    trustregion = LevenbergMarquardtTrustRegion(
        β_uphill = 0.0
    ),
    descent = GeodesicAcceleration(
        descent = DampedNewtonDescent(
            linsolve = KLUFactorization(
                reuse_symbolic = true,
                check_pattern = true
            ),
            initial_damping = 1.0,
            damping_fn = LevenbergMarquardtDampingFunction(
                increase_factor = 2.0,
                decrease_factor = 3.0,
                min_damping = 1.0e-8
            ),
            min_norm_mode = :auto
        ),
        finite_diff_step_geodesic = 0.1,
        α = 0.75
    ),
    autodiff = AutoForwardDiff(),
    vjp_autodiff = AutoFiniteDiff(
        fdtype = Val{:forward}(),
        fdjtype = Val{:forward}(),
        fdhtype = Val{:hcentral}(),
        dir = true
    ),
    jvp_autodiff = AutoForwardDiff(),
    concrete_jac = Val{true}()
)

----    	-------------       	-----------         
Iter    	f(u) 2-norm         	Step 2-norm         
----    	-------------       	-----------         
0       	5.33283499e+02      	3.07001226e-309     
1       	5.33283499e+02      	0.00000000e+00      
8       	5.33283499e+02      	0.00000000e+00      
15      	1.71826832e+01      	1.99240509e-01      
22      	1.62325344e-01      	6.44235658e-02      
29      	3.39393496e-01      	1.03480547e+00      
36      	8.27592372e-02      	3.17332827e-01      
43      	1.33777909e+00      	0.00000000e+00      
50      	7.41055140e-01      	8.38254349e-01      
57      	1.25225212e-01      	0.00000000e+00      
64      	9.08927377e+00      	2.72655000e+00      
71      	2.77995804e+00      	2.00899170e+00      
78      	2.19658122e-01      	1.04565444e+00      
85      	3.43802551e-01      	9.14108226e-01      
92      	2.39919475e+01      	5.34528826e-01      
99      	3.25226434e+00      	0.00000000e+00      
106     	1.35797583e-02      	4.07501605e-01      
113     	1.23769067e-02      	0.00000000e+00      
120     	2.76833934e-01      	0.00000000e+00      
127     	1.36089946e+01      	0.00000000e+00      
134     	6.21625318e-03      	5.00463166e-01      
141     	7.62418775e-02      	0.00000000e+00      
148     	8.54921791e-03      	0.00000000e+00      
Final   	3.14134380e-04      
----------------------      
  AMR 1/3: M=304  err=1.79e-9  obs=1.15e-6  nrmse=1.99e-5  best=1.99e-5  refined=41
  collocation: M=345 residuals=2664  detecting sparsity + solving...

Algorithm: LevenbergMarquardt(
    trustregion = LevenbergMarquardtTrustRegion(
        β_uphill = 0.0
    ),
    descent = GeodesicAcceleration(
        descent = DampedNewtonDescent(
            linsolve = KLUFactorization(
                reuse_symbolic = true,
                check_pattern = true
            ),
            initial_damping = 1.0,
            damping_fn = LevenbergMarquardtDampingFunction(
                increase_factor = 2.0,
                decrease_factor = 3.0,
                min_damping = 1.0e-8
            ),
            min_norm_mode = :auto
        ),
        finite_diff_step_geodesic = 0.1,
        α = 0.75
    ),
    autodiff = AutoForwardDiff(),
    vjp_autodiff = AutoFiniteDiff(
        fdtype = Val{:forward}(),
        fdjtype = Val{:forward}(),
        fdhtype = Val{:hcentral}(),
        dir = true
    ),
    jvp_autodiff = AutoForwardDiff(),
    concrete_jac = Val{true}()
)

----    	-------------       	-----------         
Iter    	f(u) 2-norm         	Step 2-norm         
----    	-------------       	-----------         
0       	9.55783042e+01      	3.09335851e+01      
1       	9.55783042e+01      	0.00000000e+00      
8       	5.56402016e+00      	1.12795431e-01      
15      	3.76536096e-01      	2.36959244e-01      
22      	3.05826641e-01      	1.99146483e-01      
29      	5.86606346e-04      	2.10669551e-02      
36      	5.09958606e-01      	0.00000000e+00      
43      	2.61051535e-01      	0.00000000e+00      
50      	2.39334995e-02      	0.00000000e+00      
57      	2.30300983e-03      	1.89499578e-01      
64      	4.50132689e-02      	5.93483813e-01      
71      	1.97092499e-02      	0.00000000e+00      
78      	3.47946759e-02      	0.00000000e+00      
85      	1.23759527e-02      	1.20249710e-01      
92      	4.68933534e+00      	0.00000000e+00      
99      	8.29409874e-02      	0.00000000e+00      
106     	5.67517292e-01      	0.00000000e+00      
113     	1.98673227e-01      	2.86815341e-01      
120     	2.57873736e+00      	7.69393583e-01      
127     	6.41720402e-02      	0.00000000e+00      
134     	7.14021691e+00      	0.00000000e+00      
141     	2.18705191e+00      	0.00000000e+00      
148     	6.34838351e-01      	0.00000000e+00      
Final   	6.07225430e-05      
----------------------      
  AMR 2/3: M=345  err=1.28e-10  obs=1.13e-6  nrmse=1.76e-5  best=1.76e-5  refined=24
  collocation: M=369 residuals=2808  detecting sparsity + solving...

Algorithm: LevenbergMarquardt(
    trustregion = LevenbergMarquardtTrustRegion(
        β_uphill = 0.0
    ),
    descent = GeodesicAcceleration(
        descent = DampedNewtonDescent(
            linsolve = KLUFactorization(
                reuse_symbolic = true,
                check_pattern = true
            ),
            initial_damping = 1.0,
            damping_fn = LevenbergMarquardtDampingFunction(
                increase_factor = 2.0,
                decrease_factor = 3.0,
                min_damping = 1.0e-8
            ),
            min_norm_mode = :auto
        ),
        finite_diff_step_geodesic = 0.1,
        α = 0.75
    ),
    autodiff = AutoForwardDiff(),
    vjp_autodiff = AutoFiniteDiff(
        fdtype = Val{:forward}(),
        fdjtype = Val{:forward}(),
        fdhtype = Val{:hcentral}(),
        dir = true
    ),
    jvp_autodiff = AutoForwardDiff(),
    concrete_jac = Val{true}()
)

----    	-------------       	-----------         
Iter    	f(u) 2-norm         	Step 2-norm         
----    	-------------       	-----------         
0       	8.89969859e+01      	1.43506300e-315     
1       	8.89969859e+01      	0.00000000e+00      
8       	3.97305545e-01      	3.30921234e-02      
15      	4.31328289e-02      	1.43834260e-01      
22      	1.76686194e-02      	1.44890749e-01      
29      	5.60927801e-05      	1.27011783e-02      
36      	2.51715495e-01      	0.00000000e+00      
43      	1.07061493e-01      	2.98766772e-01      
50      	3.25357653e-02      	0.00000000e+00      
57      	1.90687183e-03      	1.97639972e-01      
64      	6.90534232e+02      	0.00000000e+00      
71      	6.90534232e+02      	0.00000000e+00      
78      	2.11410726e-02      	0.00000000e+00      
85      	4.74039013e+00      	0.00000000e+00      
92      	1.25501980e+00      	3.61419132e-01      
99      	8.99152344e-01      	6.17023208e-01      
106     	1.40604722e+00      	0.00000000e+00      
113     	6.83976434e-03      	1.27242923e-01      
120     	1.46031582e+00      	0.00000000e+00      
127     	9.75349682e-02      	0.00000000e+00      
134     	1.37616101e-02      	0.00000000e+00      
141     	2.52675007e-01      	4.89419700e-01      
148     	1.53654716e-01      	3.86772721e-01      
Final   	5.15529009e-05      
----------------------      
  AMR 3/3: M=369  err=1.05e-10  obs=9.72e-7  nrmse=1.67e-5  best=1.67e-5  refined=0
collocation [140s]
  [final]  nrmse=1.673e-5  l2=0.0007941
extrapolation window: T=15.0 -> T_test=30.0  n_test=600
  [train]  E_traj=4.537e-9  E_VF=0.03564  E_spec=0.1883
  [test ]  E_traj=1157.0  E_VF=1.044e8  E_spec=0.478
saved /orcd/home/002/txenakis/projects/BVPsolver/src/../data/runs/run_XMr1ej60/davis-skodje_fit.png
saved /orcd/home/002/txenakis/projects/BVPsolver/src/../data/runs/run_XMr1ej60/davis-skodje_fit_extrapolated.png
saved /orcd/home/002/txenakis/projects/BVPsolver/src/../data/runs/run_XMr1ej60/davis-skodje_spectral_fit_extrapolated.png
saved /orcd/home/002/txenakis/projects/BVPsolver/src/../data/runs/run_XMr1ej60/davis-skodje_vf_fit_extrapolated.png
┌ Warning: Attempting to store StiffNN.var"#22#23"{Float64}.
│ JLD2 only stores functions by name.
│  This may not be useful for anonymous functions.
└ @ JLD2 ~/.julia/packages/JLD2/ADycq/src/data/writing_datatypes.jl:447
saved run → /orcd/home/002/txenakis/projects/BVPsolver/src/../data/runs/run_XMr1ej60
