davis-skodje  model=stiff width=12 d=2 tlen=300 profile=fast seed=315  solver=Rodas5P  N=268
  derivmatch lr=0.01 iter=170/3400 loss=0.005278
  derivmatch lr=0.01 iter=340/3400 loss=0.001935
  derivmatch lr=0.01 iter=510/3400 loss=0.0009343
  derivmatch lr=0.01 iter=680/3400 loss=0.0005443
  derivmatch lr=0.01 iter=850/3400 loss=0.0003605
  derivmatch lr=0.01 iter=1020/3400 loss=0.0002661
  derivmatch lr=0.01 iter=1190/3400 loss=0.0002095
  derivmatch lr=0.01 iter=1360/3400 loss=0.0001683
  derivmatch lr=0.01 iter=1530/3400 loss=0.0001347
  derivmatch lr=0.01 iter=1700/3400 loss=0.0001064
  derivmatch lr=0.01 iter=1870/3400 loss=8.276e-5
  derivmatch lr=0.01 iter=2040/3400 loss=6.363e-5
  derivmatch lr=0.01 iter=2210/3400 loss=4.869e-5
  derivmatch lr=0.01 iter=2380/3400 loss=3.755e-5
  derivmatch lr=0.01 iter=2550/3400 loss=2.968e-5
  derivmatch lr=0.01 iter=2720/3400 loss=2.438e-5
  derivmatch lr=0.01 iter=2890/3400 loss=2.095e-5
  derivmatch lr=0.01 iter=3060/3400 loss=1.875e-5
  derivmatch lr=0.01 iter=3230/3400 loss=1.729e-5
  derivmatch lr=0.01 iter=3400/3400 loss=1.624e-5
  derivmatch lr=0.01 iter=3400/3400 loss=1.624e-5
  derivmatch lr=0.003 iter=125/2500 loss=1.41e-5
  derivmatch lr=0.003 iter=250/2500 loss=1.281e-5
  derivmatch lr=0.003 iter=375/2500 loss=1.156e-5
  derivmatch lr=0.003 iter=500/2500 loss=1.03e-5
  derivmatch lr=0.003 iter=625/2500 loss=9.18e-6
  derivmatch lr=0.003 iter=750/2500 loss=8.197e-6
  derivmatch lr=0.003 iter=875/2500 loss=7.219e-6
  derivmatch lr=0.003 iter=1000/2500 loss=7.352e-6
  derivmatch lr=0.003 iter=1125/2500 loss=5.756e-6
  derivmatch lr=0.003 iter=1250/2500 loss=5.983e-6
  derivmatch lr=0.003 iter=1375/2500 loss=4.699e-6
  derivmatch lr=0.003 iter=1500/2500 loss=4.559e-6
  derivmatch lr=0.003 iter=1625/2500 loss=3.949e-6
  derivmatch lr=0.003 iter=1750/2500 loss=3.731e-6
  derivmatch lr=0.003 iter=1875/2500 loss=3.426e-6
  derivmatch lr=0.003 iter=2000/2500 loss=3.421e-6
  derivmatch lr=0.003 iter=2125/2500 loss=3.05e-6
  derivmatch lr=0.003 iter=2250/2500 loss=0.0001026
  derivmatch lr=0.003 iter=2375/2500 loss=2.763e-6
  derivmatch lr=0.003 iter=2500/2500 loss=2.634e-6
  derivmatch lr=0.003 iter=2500/2500 loss=2.634e-6
  derivmatch lr=0.001 iter=125/2500 loss=2.529e-6
  derivmatch lr=0.001 iter=250/2500 loss=2.495e-6
  derivmatch lr=0.001 iter=375/2500 loss=2.451e-6
  derivmatch lr=0.001 iter=500/2500 loss=2.401e-6
  derivmatch lr=0.001 iter=625/2500 loss=2.346e-6
  derivmatch lr=0.001 iter=750/2500 loss=2.288e-6
  derivmatch lr=0.001 iter=875/2500 loss=2.226e-6
  derivmatch lr=0.001 iter=1000/2500 loss=2.649e-6
  derivmatch lr=0.001 iter=1125/2500 loss=2.114e-6
  derivmatch lr=0.001 iter=1250/2500 loss=2.061e-6
  derivmatch lr=0.001 iter=1375/2500 loss=2.19e-6
  derivmatch lr=0.001 iter=1500/2500 loss=1.961e-6
  derivmatch lr=0.001 iter=1625/2500 loss=1.913e-6
  derivmatch lr=0.001 iter=1750/2500 loss=5.247e-6
  derivmatch lr=0.001 iter=1875/2500 loss=1.822e-6
  derivmatch lr=0.001 iter=2000/2500 loss=1.779e-6
  derivmatch lr=0.001 iter=2125/2500 loss=1.747e-6
  derivmatch lr=0.001 iter=2250/2500 loss=1.699e-6
  derivmatch lr=0.001 iter=2375/2500 loss=1.663e-6
  derivmatch lr=0.001 iter=2500/2500 loss=2.855e-6
  derivmatch lr=0.001 iter=2500/2500 loss=1.639e-6
  derivmatch lr=0.0003 iter=80/1600 loss=1.645e-6
  derivmatch lr=0.0003 iter=160/1600 loss=1.631e-6
  derivmatch lr=0.0003 iter=240/1600 loss=1.626e-6
  derivmatch lr=0.0003 iter=320/1600 loss=1.619e-6
  derivmatch lr=0.0003 iter=400/1600 loss=1.612e-6
  derivmatch lr=0.0003 iter=480/1600 loss=1.603e-6
  derivmatch lr=0.0003 iter=560/1600 loss=1.594e-6
  derivmatch lr=0.0003 iter=640/1600 loss=1.584e-6
  derivmatch lr=0.0003 iter=720/1600 loss=1.573e-6
  derivmatch lr=0.0003 iter=800/1600 loss=1.562e-6
  derivmatch lr=0.0003 iter=880/1600 loss=1.549e-6
  derivmatch lr=0.0003 iter=960/1600 loss=1.537e-6
  derivmatch lr=0.0003 iter=1040/1600 loss=1.523e-6
  derivmatch lr=0.0003 iter=1120/1600 loss=1.509e-6
  derivmatch lr=0.0003 iter=1200/1600 loss=1.494e-6
  derivmatch lr=0.0003 iter=1280/1600 loss=1.479e-6
  derivmatch lr=0.0003 iter=1360/1600 loss=1.463e-6
  derivmatch lr=0.0003 iter=1440/1600 loss=1.446e-6
  derivmatch lr=0.0003 iter=1520/1600 loss=1.429e-6
  derivmatch lr=0.0003 iter=1600/1600 loss=1.411e-6
  derivmatch lr=0.0003 iter=1600/1600 loss=1.411e-6
derivative matching [31s]  fitloss=1.41e-6
  [derivative matching]  nrmse=7.583e-5  l2=0.00328
  collocation: M=300 residuals=2394  detecting sparsity + solving...

Algorithm: LevenbergMarquardt(
    trustregion = LevenbergMarquardtTrustRegion(
        β_uphill = 0.0
    ),
    descent = GeodesicAcceleration(
        descent = DampedNewtonDescent(
            linsolve = KLUFactorization(
                reuse_symbolic = true,
                check_pattern = true
            ),
            initial_damping = 1.0,
            damping_fn = LevenbergMarquardtDampingFunction(
                increase_factor = 2.0,
                decrease_factor = 3.0,
                min_damping = 1.0e-8
            ),
            min_norm_mode = :auto
        ),
        finite_diff_step_geodesic = 0.1,
        α = 0.75
    ),
    autodiff = AutoForwardDiff(),
    vjp_autodiff = AutoFiniteDiff(
        fdtype = Val{:forward}(),
        fdjtype = Val{:forward}(),
        fdhtype = Val{:hcentral}(),
        dir = true
    ),
    jvp_autodiff = AutoForwardDiff(),
    concrete_jac = Val{true}()
)

----    	-------------       	-----------         
Iter    	f(u) 2-norm         	Step 2-norm         
----    	-------------       	-----------         
0       	2.46833344e+01      	NaN                 
1       	1.15071002e+01      	8.52133093e-02      
8       	3.68204692e-03      	8.22816471e-04      
15      	9.09126181e-04      	2.32968788e-03      
22      	4.16360718e-03      	0.00000000e+00      
29      	1.40086583e-02      	2.58143732e-01      
36      	3.18221843e-03      	0.00000000e+00      
43      	2.75307569e-03      	0.00000000e+00      
50      	6.79573601e-02      	3.39772617e-01      
57      	3.94513888e+00      	4.78553812e-01      
64      	5.14943635e-01      	5.73394509e-01      
71      	1.60164717e-01      	8.13664251e-01      
78      	4.23307406e-01      	0.00000000e+00      
85      	6.58414081e-03      	0.00000000e+00      
92      	2.62935689e-03      	6.28988693e-02      
99      	1.17380779e-01      	2.56186706e-01      
106     	4.70952960e-04      	0.00000000e+00      
113     	4.11099082e-02      	0.00000000e+00      
120     	1.22384563e-02      	9.73979319e-02      
127     	9.43945896e-02      	3.51574241e-01      
134     	1.40014902e-04      	0.00000000e+00      
141     	2.09837155e-02      	0.00000000e+00      
148     	7.42948907e-02      	0.00000000e+00      
Final   	2.54009613e-06      
----------------------      
  AMR 1/3: M=300  err=1.87e-13  obs=1.22e-8  nrmse=5.3e-7  best=5.3e-7  refined=38
  collocation: M=338 residuals=2622  detecting sparsity + solving...

Algorithm: LevenbergMarquardt(
    trustregion = LevenbergMarquardtTrustRegion(
        β_uphill = 0.0
    ),
    descent = GeodesicAcceleration(
        descent = DampedNewtonDescent(
            linsolve = KLUFactorization(
                reuse_symbolic = true,
                check_pattern = true
            ),
            initial_damping = 1.0,
            damping_fn = LevenbergMarquardtDampingFunction(
                increase_factor = 2.0,
                decrease_factor = 3.0,
                min_damping = 1.0e-8
            ),
            min_norm_mode = :auto
        ),
        finite_diff_step_geodesic = 0.1,
        α = 0.75
    ),
    autodiff = AutoForwardDiff(),
    vjp_autodiff = AutoFiniteDiff(
        fdtype = Val{:forward}(),
        fdjtype = Val{:forward}(),
        fdhtype = Val{:hcentral}(),
        dir = true
    ),
    jvp_autodiff = AutoForwardDiff(),
    concrete_jac = Val{true}()
)

----    	-------------       	-----------         
Iter    	f(u) 2-norm         	Step 2-norm         
----    	-------------       	-----------         
0       	2.16567298e+01      	1.76255213e-315     
1       	9.54686245e+00      	7.38000100e-02      
8       	2.41246497e-02      	1.70937799e-03      
15      	6.90323015e-04      	5.21034933e-03      
22      	6.81646190e-07      	1.16032144e-03      
29      	1.17755143e-06      	1.32759710e-02      
36      	4.25724698e-03      	0.00000000e+00      
43      	1.22047992e-03      	5.06068097e-02      
50      	1.84936811e-03      	0.00000000e+00      
57      	1.07863793e-03      	0.00000000e+00      
64      	1.17947579e-02      	0.00000000e+00      
71      	5.87671871e-05      	0.00000000e+00      
78      	1.58197995e-03      	1.25761265e-01      
85      	1.15931997e-02      	0.00000000e+00      
92      	6.64938507e-03      	0.00000000e+00      
99      	1.00497928e-04      	5.02555625e-02      
106     	8.09638810e-03      	0.00000000e+00      
113     	3.01731171e-05      	1.07461864e-02      
120     	3.66063455e-02      	5.43802320e-01      
127     	3.37753981e-02      	2.36002169e-01      
134     	7.17942288e-03      	4.53786759e-01      
141     	2.57446508e-03      	0.00000000e+00      
148     	2.53445982e-04      	5.28855364e-02      
Final   	6.55693071e-07      
----------------------      
  AMR 2/3: M=338  err=9.73e-15  obs=1.09e-8  nrmse=4.9e-7  best=4.9e-7  refined=36
  collocation: M=383 residuals=2892  detecting sparsity + solving...

Algorithm: LevenbergMarquardt(
    trustregion = LevenbergMarquardtTrustRegion(
        β_uphill = 0.0
    ),
    descent = GeodesicAcceleration(
        descent = DampedNewtonDescent(
            linsolve = KLUFactorization(
                reuse_symbolic = true,
                check_pattern = true
            ),
            initial_damping = 1.0,
            damping_fn = LevenbergMarquardtDampingFunction(
                increase_factor = 2.0,
                decrease_factor = 3.0,
                min_damping = 1.0e-8
            ),
            min_norm_mode = :auto
        ),
        finite_diff_step_geodesic = 0.1,
        α = 0.75
    ),
    autodiff = AutoForwardDiff(),
    vjp_autodiff = AutoFiniteDiff(
        fdtype = Val{:forward}(),
        fdjtype = Val{:forward}(),
        fdhtype = Val{:hcentral}(),
        dir = true
    ),
    jvp_autodiff = AutoForwardDiff(),
    concrete_jac = Val{true}()
)

----    	-------------       	-----------         
Iter    	f(u) 2-norm         	Step 2-norm         
----    	-------------       	-----------         
0       	2.00982672e+01      	4.27561302e+01      
1       	8.72445507e+00      	6.91421685e-02      
8       	3.08177935e-02      	3.01318574e-03      
15      	6.07409407e-04      	3.15626485e-03      
22      	5.80669907e-07      	1.82030207e-03      
29      	6.24535855e-07      	1.25320393e-02      
36      	2.46143287e-02      	0.00000000e+00      
43      	4.76027645e-04      	6.59144760e-02      
50      	3.82374409e-03      	1.18406699e-01      
57      	1.20861230e-01      	0.00000000e+00      
64      	8.91827891e-03      	0.00000000e+00      
71      	6.26842828e-03      	0.00000000e+00      
78      	9.31198160e-03      	1.03172434e-01      
85      	5.09750801e-02      	0.00000000e+00      
92      	3.29877041e-04      	0.00000000e+00      
99      	5.80862713e-03      	3.70385868e-01      
106     	9.97551714e-03      	0.00000000e+00      
113     	3.02675767e-04      	1.95798092e-02      
120     	6.81424923e-03      	3.98952569e-01      
127     	6.12709013e-03      	0.00000000e+00      
134     	9.80635509e-04      	0.00000000e+00      
141     	1.96876155e-02      	0.00000000e+00      
148     	5.90374721e-04      	5.26132964e-02      
Final   	4.22282240e-07      
----------------------      
  AMR 3/3: M=383  err=4.19e-15  obs=6.44e-9  nrmse=2.31e-7  best=2.31e-7  refined=0
collocation [148s]
  [final]  nrmse=2.313e-7  l2=7.834e-6
extrapolation window: T=15.0 -> T_test=30.0  n_test=600
  [train]  E_traj=8.772e-14  E_VF=2.077e-9  E_spec=0.4028
  [test ]  E_traj=0.2179  E_VF=0.1268  E_spec=0.4071
saved /orcd/home/002/txenakis/projects/BVPsolver/src/../data/runs/run_IjFlYgjN/davis-skodje_fit.png
saved /orcd/home/002/txenakis/projects/BVPsolver/src/../data/runs/run_IjFlYgjN/davis-skodje_fit_extrapolated.png
saved /orcd/home/002/txenakis/projects/BVPsolver/src/../data/runs/run_IjFlYgjN/davis-skodje_spectral_fit_extrapolated.png
saved /orcd/home/002/txenakis/projects/BVPsolver/src/../data/runs/run_IjFlYgjN/davis-skodje_vf_fit_extrapolated.png
┌ Warning: Attempting to store StiffNN.var"#22#23"{Float64}.
│ JLD2 only stores functions by name.
│  This may not be useful for anonymous functions.
└ @ JLD2 ~/.julia/packages/JLD2/ADycq/src/data/writing_datatypes.jl:447
saved run → /orcd/home/002/txenakis/projects/BVPsolver/src/../data/runs/run_IjFlYgjN
