vanderpol  model=stiff width=12 d=2 tlen=151 profile=fast seed=507  solver=Kvaerno5  N=268
  derivmatch lr=0.01 iter=170/3400 loss=5.099
  derivmatch lr=0.01 iter=340/3400 loss=5.255
  derivmatch lr=0.01 iter=510/3400 loss=1.743
  derivmatch lr=0.01 iter=680/3400 loss=5.001
  derivmatch lr=0.01 iter=850/3400 loss=6.131
  derivmatch lr=0.01 iter=1020/3400 loss=1.789
  derivmatch lr=0.01 iter=1190/3400 loss=1.12
  derivmatch lr=0.01 iter=1360/3400 loss=3.947
  derivmatch lr=0.01 iter=1530/3400 loss=1.562
  derivmatch lr=0.01 iter=1700/3400 loss=0.8413
  derivmatch lr=0.01 iter=1870/3400 loss=2.088
  derivmatch lr=0.01 iter=2040/3400 loss=0.5789
  derivmatch lr=0.01 iter=2210/3400 loss=1.383
  derivmatch lr=0.01 iter=2380/3400 loss=2.203
  derivmatch lr=0.01 iter=2550/3400 loss=2.973
  derivmatch lr=0.01 iter=2720/3400 loss=1.783
  derivmatch lr=0.01 iter=2890/3400 loss=2.893
  derivmatch lr=0.01 iter=3060/3400 loss=1.165
  derivmatch lr=0.01 iter=3230/3400 loss=1.591
  derivmatch lr=0.01 iter=3400/3400 loss=1.74
  derivmatch lr=0.01 iter=3400/3400 loss=0.06849
  derivmatch lr=0.003 iter=125/2500 loss=0.03903
  derivmatch lr=0.003 iter=250/2500 loss=0.05345
  derivmatch lr=0.003 iter=375/2500 loss=0.04839
  derivmatch lr=0.003 iter=500/2500 loss=0.04667
  derivmatch lr=0.003 iter=625/2500 loss=0.04132
  derivmatch lr=0.003 iter=750/2500 loss=0.0499
  derivmatch lr=0.003 iter=875/2500 loss=0.03947
  derivmatch lr=0.003 iter=1000/2500 loss=0.04306
  derivmatch lr=0.003 iter=1125/2500 loss=0.03675
  derivmatch lr=0.003 iter=1250/2500 loss=0.0458
  derivmatch lr=0.003 iter=1375/2500 loss=0.03448
  derivmatch lr=0.003 iter=1500/2500 loss=0.04023
  derivmatch lr=0.003 iter=1625/2500 loss=0.04293
  derivmatch lr=0.003 iter=1750/2500 loss=0.03368
  derivmatch lr=0.003 iter=1875/2500 loss=0.02863
  derivmatch lr=0.003 iter=2000/2500 loss=0.03042
  derivmatch lr=0.003 iter=2125/2500 loss=0.03883
  derivmatch lr=0.003 iter=2250/2500 loss=0.03465
  derivmatch lr=0.003 iter=2375/2500 loss=0.03042
  derivmatch lr=0.003 iter=2500/2500 loss=0.03847
  derivmatch lr=0.003 iter=2500/2500 loss=0.02392
  derivmatch lr=0.001 iter=125/2500 loss=0.009602
  derivmatch lr=0.001 iter=250/2500 loss=0.00941
  derivmatch lr=0.001 iter=375/2500 loss=0.009196
  derivmatch lr=0.001 iter=500/2500 loss=0.03154
  derivmatch lr=0.001 iter=625/2500 loss=0.008734
  derivmatch lr=0.001 iter=750/2500 loss=0.008618
  derivmatch lr=0.001 iter=875/2500 loss=0.0119
  derivmatch lr=0.001 iter=1000/2500 loss=0.01241
  derivmatch lr=0.001 iter=1125/2500 loss=0.008943
  derivmatch lr=0.001 iter=1250/2500 loss=0.007645
  derivmatch lr=0.001 iter=1375/2500 loss=0.007432
  derivmatch lr=0.001 iter=1500/2500 loss=0.007157
  derivmatch lr=0.001 iter=1625/2500 loss=0.007165
  derivmatch lr=0.001 iter=1750/2500 loss=0.009704
  derivmatch lr=0.001 iter=1875/2500 loss=0.01001
  derivmatch lr=0.001 iter=2000/2500 loss=0.008945
  derivmatch lr=0.001 iter=2125/2500 loss=0.008343
  derivmatch lr=0.001 iter=2250/2500 loss=0.007935
  derivmatch lr=0.001 iter=2375/2500 loss=0.008585
  derivmatch lr=0.001 iter=2500/2500 loss=0.008556
  derivmatch lr=0.001 iter=2500/2500 loss=0.007043
  derivmatch lr=0.0003 iter=80/1600 loss=0.006938
  derivmatch lr=0.0003 iter=160/1600 loss=0.006905
  derivmatch lr=0.0003 iter=240/1600 loss=0.006868
  derivmatch lr=0.0003 iter=320/1600 loss=0.006825
  derivmatch lr=0.0003 iter=400/1600 loss=0.006775
  derivmatch lr=0.0003 iter=480/1600 loss=0.006721
  derivmatch lr=0.0003 iter=560/1600 loss=0.006661
  derivmatch lr=0.0003 iter=640/1600 loss=0.006598
  derivmatch lr=0.0003 iter=720/1600 loss=0.006531
  derivmatch lr=0.0003 iter=800/1600 loss=0.00646
  derivmatch lr=0.0003 iter=880/1600 loss=0.006386
  derivmatch lr=0.0003 iter=960/1600 loss=0.006308
  derivmatch lr=0.0003 iter=1040/1600 loss=0.006229
  derivmatch lr=0.0003 iter=1120/1600 loss=0.006146
  derivmatch lr=0.0003 iter=1200/1600 loss=0.006588
  derivmatch lr=0.0003 iter=1280/1600 loss=0.005993
  derivmatch lr=0.0003 iter=1360/1600 loss=0.005918
  derivmatch lr=0.0003 iter=1440/1600 loss=0.00584
  derivmatch lr=0.0003 iter=1520/1600 loss=0.005761
  derivmatch lr=0.0003 iter=1600/1600 loss=0.006178
  derivmatch lr=0.0003 iter=1600/1600 loss=0.005722
derivative matching [30s]  fitloss=0.00572
  [derivative matching]  nrmse=0.3353  l2=325.3
  shooting iter=50/1000 loss=0.7186
  shooting iter=100/1000 loss=0.72
  shooting iter=150/1000 loss=0.72
  shooting iter=200/1000 loss=0.72
  shooting iter=250/1000 loss=0.72
  shooting iter=300/1000 loss=0.72
  shooting iter=350/1000 loss=0.72
  shooting iter=400/1000 loss=0.72
  shooting iter=450/1000 loss=0.72
  shooting iter=500/1000 loss=0.72
  shooting iter=550/1000 loss=0.72
  shooting iter=600/1000 loss=0.72
  shooting iter=650/1000 loss=0.72
  shooting iter=700/1000 loss=0.72
  shooting iter=750/1000 loss=0.72
  shooting iter=800/1000 loss=0.72
  shooting iter=850/1000 loss=0.72
  shooting iter=900/1000 loss=0.72
  shooting iter=950/1000 loss=0.72
  shooting iter=1000/1000 loss=0.72
  shooting iter=1000/1000 loss=0.1845
shooting [142s]  loss=0.187
  [final]  nrmse=0.3353  l2=325.3
extrapolation window: T=200.0 -> T_test=400.0  n_test=302
  [train]  E_traj=1.169  E_VF=0.02422  E_spec=0.4762
  [test ]  E_traj=7.86  E_VF=24.42  E_spec=0.1816
saved /orcd/home/002/txenakis/projects/BVPsolver/src/../data/runs/run_PWpHPY7q/vanderpol_fit.png
saved /orcd/home/002/txenakis/projects/BVPsolver/src/../data/runs/run_PWpHPY7q/vanderpol_fit_extrapolated.png
saved /orcd/home/002/txenakis/projects/BVPsolver/src/../data/runs/run_PWpHPY7q/vanderpol_spectral_fit_extrapolated.png
saved /orcd/home/002/txenakis/projects/BVPsolver/src/../data/runs/run_PWpHPY7q/vanderpol_vf_fit_extrapolated.png
saved /orcd/home/002/txenakis/projects/BVPsolver/src/../data/runs/run_PWpHPY7q/vanderpol_sensitivity_vs_stiffness_derivmatch.png
saved /orcd/home/002/txenakis/projects/BVPsolver/src/../data/runs/run_PWpHPY7q/vanderpol_sensitivity_vs_stiffness_shooting.png
┌ Warning: Attempting to store StiffNN.var"#14#15"{Float64}.
│ JLD2 only stores functions by name.
│  This may not be useful for anonymous functions.
└ @ JLD2 ~/.julia/packages/JLD2/ADycq/src/data/writing_datatypes.jl:447
saved run → /orcd/home/002/txenakis/projects/BVPsolver/src/../data/runs/run_PWpHPY7q
