orego  model=stiff d=3 tlen=112 profile=fast seed=11  solver=Rodas5  N=486
  derivmatch lr=0.01 iter=170/3400 loss=0.09578
  derivmatch lr=0.01 iter=340/3400 loss=0.03901
  derivmatch lr=0.01 iter=510/3400 loss=0.01815
  derivmatch lr=0.01 iter=680/3400 loss=0.01123
  derivmatch lr=0.01 iter=850/3400 loss=0.008937
  derivmatch lr=0.01 iter=1020/3400 loss=0.007608
  derivmatch lr=0.01 iter=1190/3400 loss=0.006767
  derivmatch lr=0.01 iter=1360/3400 loss=0.005966
  derivmatch lr=0.01 iter=1530/3400 loss=0.005275
  derivmatch lr=0.01 iter=1700/3400 loss=0.004638
  derivmatch lr=0.01 iter=1870/3400 loss=0.004043
  derivmatch lr=0.01 iter=2040/3400 loss=0.003497
  derivmatch lr=0.01 iter=2210/3400 loss=0.003014
  derivmatch lr=0.01 iter=2380/3400 loss=0.002602
  derivmatch lr=0.01 iter=2550/3400 loss=0.00226
  derivmatch lr=0.01 iter=2720/3400 loss=0.001977
  derivmatch lr=0.01 iter=2890/3400 loss=0.001745
  derivmatch lr=0.01 iter=3060/3400 loss=0.001555
  derivmatch lr=0.01 iter=3230/3400 loss=0.001393
  derivmatch lr=0.01 iter=3400/3400 loss=0.00126
  derivmatch lr=0.01 iter=3400/3400 loss=0.001113
  derivmatch lr=0.003 iter=125/2500 loss=0.0008602
  derivmatch lr=0.003 iter=250/2500 loss=0.0007906
  derivmatch lr=0.003 iter=375/2500 loss=0.0007226
  derivmatch lr=0.003 iter=500/2500 loss=0.000661
  derivmatch lr=0.003 iter=625/2500 loss=0.000606
  derivmatch lr=0.003 iter=750/2500 loss=0.0005559
  derivmatch lr=0.003 iter=875/2500 loss=0.0005091
  derivmatch lr=0.003 iter=1000/2500 loss=0.0004736
  derivmatch lr=0.003 iter=1125/2500 loss=0.0004272
  derivmatch lr=0.003 iter=1250/2500 loss=0.0003921
  derivmatch lr=0.003 iter=1375/2500 loss=0.0003612
  derivmatch lr=0.003 iter=1500/2500 loss=0.0003652
  derivmatch lr=0.003 iter=1625/2500 loss=0.0004396
  derivmatch lr=0.003 iter=1750/2500 loss=0.0003302
  derivmatch lr=0.003 iter=1875/2500 loss=0.0002827
  derivmatch lr=0.003 iter=2000/2500 loss=0.000332
  derivmatch lr=0.003 iter=2125/2500 loss=0.0002845
  derivmatch lr=0.003 iter=2250/2500 loss=0.000252
  derivmatch lr=0.003 iter=2375/2500 loss=0.0002549
  derivmatch lr=0.003 iter=2500/2500 loss=0.0002297
  derivmatch lr=0.003 iter=2500/2500 loss=0.000226
  derivmatch lr=0.001 iter=125/2500 loss=0.0002045
  derivmatch lr=0.001 iter=250/2500 loss=0.0002018
  derivmatch lr=0.001 iter=375/2500 loss=0.0001985
  derivmatch lr=0.001 iter=500/2500 loss=0.0001946
  derivmatch lr=0.001 iter=625/2500 loss=0.0001904
  derivmatch lr=0.001 iter=750/2500 loss=0.0001859
  derivmatch lr=0.001 iter=875/2500 loss=0.0001813
  derivmatch lr=0.001 iter=1000/2500 loss=0.0001765
  derivmatch lr=0.001 iter=1125/2500 loss=0.0001722
  derivmatch lr=0.001 iter=1250/2500 loss=0.0001672
  derivmatch lr=0.001 iter=1375/2500 loss=0.0001629
  derivmatch lr=0.001 iter=1500/2500 loss=0.0001588
  derivmatch lr=0.001 iter=1625/2500 loss=0.0001556
  derivmatch lr=0.001 iter=1750/2500 loss=0.0001529
  derivmatch lr=0.001 iter=1875/2500 loss=0.0001793
  derivmatch lr=0.001 iter=2000/2500 loss=0.0001449
  derivmatch lr=0.001 iter=2125/2500 loss=0.0001492
  derivmatch lr=0.001 iter=2250/2500 loss=0.0001408
  derivmatch lr=0.001 iter=2375/2500 loss=0.0001382
  derivmatch lr=0.001 iter=2500/2500 loss=0.0001341
  derivmatch lr=0.001 iter=2500/2500 loss=0.0001341
  derivmatch lr=0.0003 iter=80/1600 loss=0.0001339
  derivmatch lr=0.0003 iter=160/1600 loss=0.0001335
  derivmatch lr=0.0003 iter=240/1600 loss=0.000133
  derivmatch lr=0.0003 iter=320/1600 loss=0.0001324
  derivmatch lr=0.0003 iter=400/1600 loss=0.0001318
  derivmatch lr=0.0003 iter=480/1600 loss=0.0001312
  derivmatch lr=0.0003 iter=560/1600 loss=0.0001305
  derivmatch lr=0.0003 iter=640/1600 loss=0.0001298
  derivmatch lr=0.0003 iter=720/1600 loss=0.000129
  derivmatch lr=0.0003 iter=800/1600 loss=0.0001282
  derivmatch lr=0.0003 iter=880/1600 loss=0.0001275
  derivmatch lr=0.0003 iter=960/1600 loss=0.0001267
  derivmatch lr=0.0003 iter=1040/1600 loss=0.0001258
  derivmatch lr=0.0003 iter=1120/1600 loss=0.000125
  derivmatch lr=0.0003 iter=1200/1600 loss=0.0001242
  derivmatch lr=0.0003 iter=1280/1600 loss=0.0001233
  derivmatch lr=0.0003 iter=1360/1600 loss=0.0001225
  derivmatch lr=0.0003 iter=1440/1600 loss=0.0001216
  derivmatch lr=0.0003 iter=1520/1600 loss=0.0001207
  derivmatch lr=0.0003 iter=1600/1600 loss=0.0001198
  derivmatch lr=0.0003 iter=1600/1600 loss=0.0001198
derivative matching [32s]  fitloss=0.00012
  [derivative matching]  nrmse=0.6513  l2=501400.0
extrapolation window: T=180.0 -> T_test=360.0  n_test=224
  [train]  E_traj=3.99  E_VF=0.000818  E_spec=1.028
  [test ]  E_traj=0.9627  E_VF=0.001365  E_spec=0.9607
saved /orcd/home/002/txenakis/projects/BVPsolver/src/../data/runs/run_0BrnUKSf/orego_fit.png
saved /orcd/home/002/txenakis/projects/BVPsolver/src/../data/runs/run_0BrnUKSf/orego_fit_extrapolated.png
saved /orcd/home/002/txenakis/projects/BVPsolver/src/../data/runs/run_0BrnUKSf/orego_spectral_fit_extrapolated.png
saved /orcd/home/002/txenakis/projects/BVPsolver/src/../data/runs/run_0BrnUKSf/orego_vf_fit_extrapolated.png
┌ Warning: Attempting to store StiffNN.var"#20#21"{Float64, Float64, Float64}.
│ JLD2 only stores functions by name.
│  This may not be useful for anonymous functions.
└ @ JLD2 ~/.julia/packages/JLD2/ADycq/src/data/writing_datatypes.jl:447
saved run → /orcd/home/002/txenakis/projects/BVPsolver/src/../data/runs/run_0BrnUKSf
