davis-skodje  model=mlp width=14 d=2 tlen=300 profile=fast seed=26  solver=Rodas5P  N=282
  derivmatch lr=0.01 iter=170/3400 loss=4.115
  derivmatch lr=0.01 iter=340/3400 loss=3.762
  derivmatch lr=0.01 iter=510/3400 loss=3.121
  derivmatch lr=0.01 iter=680/3400 loss=1.837
  derivmatch lr=0.01 iter=850/3400 loss=2.518
  derivmatch lr=0.01 iter=1020/3400 loss=2.576
  derivmatch lr=0.01 iter=1190/3400 loss=2.606
  derivmatch lr=0.01 iter=1360/3400 loss=1.421
  derivmatch lr=0.01 iter=1530/3400 loss=1.978
  derivmatch lr=0.01 iter=1700/3400 loss=0.9309
  derivmatch lr=0.01 iter=1870/3400 loss=2.004
  derivmatch lr=0.01 iter=2040/3400 loss=0.5459
  derivmatch lr=0.01 iter=2210/3400 loss=1.469
  derivmatch lr=0.01 iter=2380/3400 loss=1.356
  derivmatch lr=0.01 iter=2550/3400 loss=1.247
  derivmatch lr=0.01 iter=2720/3400 loss=0.8517
  derivmatch lr=0.01 iter=2890/3400 loss=0.8149
  derivmatch lr=0.01 iter=3060/3400 loss=0.6273
  derivmatch lr=0.01 iter=3230/3400 loss=1.543
  derivmatch lr=0.01 iter=3400/3400 loss=0.6295
  derivmatch lr=0.01 iter=3400/3400 loss=0.3516
  derivmatch lr=0.003 iter=125/2500 loss=0.329
  derivmatch lr=0.003 iter=250/2500 loss=0.3281
  derivmatch lr=0.003 iter=375/2500 loss=0.3221
  derivmatch lr=0.003 iter=500/2500 loss=0.3108
  derivmatch lr=0.003 iter=625/2500 loss=0.304
  derivmatch lr=0.003 iter=750/2500 loss=0.2919
  derivmatch lr=0.003 iter=875/2500 loss=0.2851
  derivmatch lr=0.003 iter=1000/2500 loss=0.2734
  derivmatch lr=0.003 iter=1125/2500 loss=0.2675
  derivmatch lr=0.003 iter=1250/2500 loss=0.2572
  derivmatch lr=0.003 iter=1375/2500 loss=0.2515
  derivmatch lr=0.003 iter=1500/2500 loss=0.2416
  derivmatch lr=0.003 iter=1625/2500 loss=0.238
  derivmatch lr=0.003 iter=1750/2500 loss=0.2294
  derivmatch lr=0.003 iter=1875/2500 loss=0.2283
  derivmatch lr=0.003 iter=2000/2500 loss=0.2199
  derivmatch lr=0.003 iter=2125/2500 loss=0.2181
  derivmatch lr=0.003 iter=2250/2500 loss=0.2078
  derivmatch lr=0.003 iter=2375/2500 loss=0.2068
  derivmatch lr=0.003 iter=2500/2500 loss=0.2002
  derivmatch lr=0.003 iter=2500/2500 loss=0.1983
  derivmatch lr=0.001 iter=125/2500 loss=0.1897
  derivmatch lr=0.001 iter=250/2500 loss=0.1877
  derivmatch lr=0.001 iter=375/2500 loss=0.1851
  derivmatch lr=0.001 iter=500/2500 loss=0.183
  derivmatch lr=0.001 iter=625/2500 loss=0.1802
  derivmatch lr=0.001 iter=750/2500 loss=0.1766
  derivmatch lr=0.001 iter=875/2500 loss=0.173
  derivmatch lr=0.001 iter=1000/2500 loss=0.1698
  derivmatch lr=0.001 iter=1125/2500 loss=0.1669
  derivmatch lr=0.001 iter=1250/2500 loss=0.1638
  derivmatch lr=0.001 iter=1375/2500 loss=0.1612
  derivmatch lr=0.001 iter=1500/2500 loss=0.1576
  derivmatch lr=0.001 iter=1625/2500 loss=0.1557
  derivmatch lr=0.001 iter=1750/2500 loss=0.1528
  derivmatch lr=0.001 iter=1875/2500 loss=0.1505
  derivmatch lr=0.001 iter=2000/2500 loss=0.1478
  derivmatch lr=0.001 iter=2125/2500 loss=0.1457
  derivmatch lr=0.001 iter=2250/2500 loss=0.1444
  derivmatch lr=0.001 iter=2375/2500 loss=0.1411
  derivmatch lr=0.001 iter=2500/2500 loss=0.1391
  derivmatch lr=0.001 iter=2500/2500 loss=0.1391
  derivmatch lr=0.0003 iter=80/1600 loss=0.1379
  derivmatch lr=0.0003 iter=160/1600 loss=0.1376
  derivmatch lr=0.0003 iter=240/1600 loss=0.1373
  derivmatch lr=0.0003 iter=320/1600 loss=0.137
  derivmatch lr=0.0003 iter=400/1600 loss=0.1366
  derivmatch lr=0.0003 iter=480/1600 loss=0.1361
  derivmatch lr=0.0003 iter=560/1600 loss=0.1356
  derivmatch lr=0.0003 iter=640/1600 loss=0.1351
  derivmatch lr=0.0003 iter=720/1600 loss=0.1345
  derivmatch lr=0.0003 iter=800/1600 loss=0.1339
  derivmatch lr=0.0003 iter=880/1600 loss=0.1333
  derivmatch lr=0.0003 iter=960/1600 loss=0.1326
  derivmatch lr=0.0003 iter=1040/1600 loss=0.1319
  derivmatch lr=0.0003 iter=1120/1600 loss=0.1312
  derivmatch lr=0.0003 iter=1200/1600 loss=0.1304
  derivmatch lr=0.0003 iter=1280/1600 loss=0.1297
  derivmatch lr=0.0003 iter=1360/1600 loss=0.1289
  derivmatch lr=0.0003 iter=1440/1600 loss=0.1281
  derivmatch lr=0.0003 iter=1520/1600 loss=0.1273
  derivmatch lr=0.0003 iter=1600/1600 loss=0.1266
  derivmatch lr=0.0003 iter=1600/1600 loss=0.1266
derivative matching [31s]  fitloss=0.127
  [derivative matching]  nrmse=0.049  l2=2.399
  shooting iter=50/1000 loss=0.01742
  shooting iter=100/1000 loss=0.01587
  shooting iter=150/1000 loss=0.01545
  shooting iter=200/1000 loss=0.01396
  shooting iter=250/1000 loss=0.0126
  shooting iter=300/1000 loss=0.01174
  shooting iter=350/1000 loss=0.0118
  shooting iter=400/1000 loss=0.01036
  shooting iter=450/1000 loss=0.00992
  shooting iter=500/1000 loss=0.009996
  shooting iter=550/1000 loss=0.009452
  shooting iter=600/1000 loss=0.008517
  shooting iter=650/1000 loss=0.007619
  shooting iter=700/1000 loss=0.007319
  shooting iter=750/1000 loss=0.007067
  shooting iter=800/1000 loss=0.007072
  shooting iter=850/1000 loss=0.006669
  shooting iter=900/1000 loss=0.006299
  shooting iter=950/1000 loss=0.005779
  shooting iter=1000/1000 loss=0.005638
  shooting iter=1000/1000 loss=0.00531
shooting [621s]  loss=0.00531
  [final]  nrmse=0.01361  l2=0.6662
extrapolation window: T=15.0 -> T_test=30.0  n_test=600
  [train]  E_traj=0.0005565  E_VF=0.04365  E_spec=0.9725
  [test ]  E_traj=1.233e8  E_VF=1.172e13  E_spec=2.686
saved /orcd/home/002/txenakis/projects/BVPsolver/src/../data/runs/run_rNqBIc5W/davis-skodje_fit.png
saved /orcd/home/002/txenakis/projects/BVPsolver/src/../data/runs/run_rNqBIc5W/davis-skodje_fit_extrapolated.png
saved /orcd/home/002/txenakis/projects/BVPsolver/src/../data/runs/run_rNqBIc5W/davis-skodje_spectral_fit_extrapolated.png
saved /orcd/home/002/txenakis/projects/BVPsolver/src/../data/runs/run_rNqBIc5W/davis-skodje_vf_fit_extrapolated.png
┌ Warning: Attempting to store StiffNN.var"#22#23"{Float64}.
│ JLD2 only stores functions by name.
│  This may not be useful for anonymous functions.
└ @ JLD2 ~/.julia/packages/JLD2/ADycq/src/data/writing_datatypes.jl:447
saved run → /orcd/home/002/txenakis/projects/BVPsolver/src/../data/runs/run_rNqBIc5W
