orego  model=stiff width=16 d=3 tlen=112 profile=fast seed=141  solver=Rodas5  N=486
  derivmatch lr=0.01 iter=170/3400 loss=0.0787
  derivmatch lr=0.01 iter=340/3400 loss=0.02718
  derivmatch lr=0.01 iter=510/3400 loss=0.2298
  derivmatch lr=0.01 iter=680/3400 loss=0.01158
  derivmatch lr=0.01 iter=850/3400 loss=0.008538
  derivmatch lr=0.01 iter=1020/3400 loss=0.006493
  derivmatch lr=0.01 iter=1190/3400 loss=0.005053
  derivmatch lr=0.01 iter=1360/3400 loss=0.004042
  derivmatch lr=0.01 iter=1530/3400 loss=0.00334
  derivmatch lr=0.01 iter=1700/3400 loss=0.002839
  derivmatch lr=0.01 iter=1870/3400 loss=0.002569
  derivmatch lr=0.01 iter=2040/3400 loss=0.002264
  derivmatch lr=0.01 iter=2210/3400 loss=0.002013
  derivmatch lr=0.01 iter=2380/3400 loss=0.001803
  derivmatch lr=0.01 iter=2550/3400 loss=0.001627
  derivmatch lr=0.01 iter=2720/3400 loss=0.001481
  derivmatch lr=0.01 iter=2890/3400 loss=0.001359
  derivmatch lr=0.01 iter=3060/3400 loss=0.001256
  derivmatch lr=0.01 iter=3230/3400 loss=0.001167
  derivmatch lr=0.01 iter=3400/3400 loss=0.001088
  derivmatch lr=0.01 iter=3400/3400 loss=0.001088
  derivmatch lr=0.003 iter=125/2500 loss=0.0009062
  derivmatch lr=0.003 iter=250/2500 loss=0.0008415
  derivmatch lr=0.003 iter=375/2500 loss=0.0007671
  derivmatch lr=0.003 iter=500/2500 loss=0.0006886
  derivmatch lr=0.003 iter=625/2500 loss=0.0006122
  derivmatch lr=0.003 iter=750/2500 loss=0.000557
  derivmatch lr=0.003 iter=875/2500 loss=0.0005083
  derivmatch lr=0.003 iter=1000/2500 loss=0.0004705
  derivmatch lr=0.003 iter=1125/2500 loss=0.000439
  derivmatch lr=0.003 iter=1250/2500 loss=0.0004116
  derivmatch lr=0.003 iter=1375/2500 loss=0.000386
  derivmatch lr=0.003 iter=1500/2500 loss=0.0003567
  derivmatch lr=0.003 iter=1625/2500 loss=0.0003437
  derivmatch lr=0.003 iter=1750/2500 loss=0.0003237
  derivmatch lr=0.003 iter=1875/2500 loss=0.0003049
  derivmatch lr=0.003 iter=2000/2500 loss=0.0002906
  derivmatch lr=0.003 iter=2125/2500 loss=0.0002834
  derivmatch lr=0.003 iter=2250/2500 loss=0.0002646
  derivmatch lr=0.003 iter=2375/2500 loss=0.0002582
  derivmatch lr=0.003 iter=2500/2500 loss=0.0002413
  derivmatch lr=0.003 iter=2500/2500 loss=0.000241
  derivmatch lr=0.001 iter=125/2500 loss=0.00022
  derivmatch lr=0.001 iter=250/2500 loss=0.0002174
  derivmatch lr=0.001 iter=375/2500 loss=0.0002141
  derivmatch lr=0.001 iter=500/2500 loss=0.0002104
  derivmatch lr=0.001 iter=625/2500 loss=0.0002062
  derivmatch lr=0.001 iter=750/2500 loss=0.0002016
  derivmatch lr=0.001 iter=875/2500 loss=0.0001969
  derivmatch lr=0.001 iter=1000/2500 loss=0.0001919
  derivmatch lr=0.001 iter=1125/2500 loss=0.0001869
  derivmatch lr=0.001 iter=1250/2500 loss=0.000182
  derivmatch lr=0.001 iter=1375/2500 loss=0.0001792
  derivmatch lr=0.001 iter=1500/2500 loss=0.0001723
  derivmatch lr=0.001 iter=1625/2500 loss=0.0001684
  derivmatch lr=0.001 iter=1750/2500 loss=0.0001632
  derivmatch lr=0.001 iter=1875/2500 loss=0.0001605
  derivmatch lr=0.001 iter=2000/2500 loss=0.0001543
  derivmatch lr=0.001 iter=2125/2500 loss=0.0001518
  derivmatch lr=0.001 iter=2250/2500 loss=0.0001472
  derivmatch lr=0.001 iter=2375/2500 loss=0.000144
  derivmatch lr=0.001 iter=2500/2500 loss=0.0001386
  derivmatch lr=0.001 iter=2500/2500 loss=0.0001386
  derivmatch lr=0.0003 iter=80/1600 loss=0.0001383
  derivmatch lr=0.0003 iter=160/1600 loss=0.0001378
  derivmatch lr=0.0003 iter=240/1600 loss=0.0001372
  derivmatch lr=0.0003 iter=320/1600 loss=0.0001365
  derivmatch lr=0.0003 iter=400/1600 loss=0.0001357
  derivmatch lr=0.0003 iter=480/1600 loss=0.0001348
  derivmatch lr=0.0003 iter=560/1600 loss=0.0001339
  derivmatch lr=0.0003 iter=640/1600 loss=0.0001328
  derivmatch lr=0.0003 iter=720/1600 loss=0.0001318
  derivmatch lr=0.0003 iter=800/1600 loss=0.0001307
  derivmatch lr=0.0003 iter=880/1600 loss=0.0001296
  derivmatch lr=0.0003 iter=960/1600 loss=0.0001284
  derivmatch lr=0.0003 iter=1040/1600 loss=0.0001272
  derivmatch lr=0.0003 iter=1120/1600 loss=0.0001259
  derivmatch lr=0.0003 iter=1200/1600 loss=0.000125
  derivmatch lr=0.0003 iter=1280/1600 loss=0.0001234
  derivmatch lr=0.0003 iter=1360/1600 loss=0.0001221
  derivmatch lr=0.0003 iter=1440/1600 loss=0.0001208
  derivmatch lr=0.0003 iter=1520/1600 loss=0.0001195
  derivmatch lr=0.0003 iter=1600/1600 loss=0.0001181
  derivmatch lr=0.0003 iter=1600/1600 loss=0.0001181
derivative matching [29s]  fitloss=0.000118
  [derivative matching]  nrmse=0.6166  l2=518300.0
  collocation: M=127 residuals=1470  detecting sparsity + solving...

Algorithm: LevenbergMarquardt(
    trustregion = LevenbergMarquardtTrustRegion(
        β_uphill = 0.0
    ),
    descent = GeodesicAcceleration(
        descent = DampedNewtonDescent(
            linsolve = KLUFactorization(
                reuse_symbolic = true,
                check_pattern = true
            ),
            initial_damping = 1.0,
            damping_fn = LevenbergMarquardtDampingFunction(
                increase_factor = 2.0,
                decrease_factor = 3.0,
                min_damping = 1.0e-8
            ),
            min_norm_mode = :auto
        ),
        finite_diff_step_geodesic = 0.1,
        α = 0.75
    ),
    autodiff = AutoForwardDiff(),
    vjp_autodiff = AutoFiniteDiff(
        fdtype = Val{:forward}(),
        fdjtype = Val{:forward}(),
        fdhtype = Val{:hcentral}(),
        dir = true
    ),
    jvp_autodiff = AutoForwardDiff(),
    concrete_jac = Val{true}()
)

----    	-------------       	-----------         
Iter    	f(u) 2-norm         	Step 2-norm         
----    	-------------       	-----------         
0       	1.31855650e+02      	NaN                 
1       	1.72528434e+02      	1.04094924e-02      
8       	7.31257291e+01      	3.32338875e-02      
15      	5.20533576e+00      	2.10050549e-01      
22      	3.92934050e+00      	6.88129808e-01      
29      	5.58734169e-01      	1.41865119e-01      
36      	5.39854832e-01      	0.00000000e+00      
43      	2.53559119e-01      	0.00000000e+00      
50      	3.20790688e-01      	0.00000000e+00      
57      	2.66848286e-01      	2.46010792e-01      
64      	2.25983914e-01      	0.00000000e+00      
71      	2.13695127e-01      	9.27435655e-02      
78      	2.36791243e-01      	0.00000000e+00      
85      	3.48029754e-01      	4.52822732e-01      
92      	2.40481172e-01      	1.46049445e-01      
99      	3.10392359e-01      	0.00000000e+00      
106     	2.25658074e-01      	1.93485222e-01      
113     	2.74407938e+00      	0.00000000e+00      
120     	1.42472533e+00      	0.00000000e+00      
127     	1.84190837e+00      	0.00000000e+00      
134     	5.84420374e+00      	0.00000000e+00      
141     	3.12443116e+00      	1.20338868e+00      
148     	2.13761131e+00      	1.10303735e+00      
Final   	1.71829159e-01      
----------------------      
  AMR 1/1: M=127  err=0.00371  obs=1.11e-7  nrmse=0.247  best=0.247  refined=0
collocation [62s]
  [final]  nrmse=0.2475  l2=523400.0
extrapolation window: T=180.0 -> T_test=360.0  n_test=224
  [train]  E_traj=0.4684  E_VF=3.768e-6  E_spec=1.665
  [test ]  E_traj=1.008  E_VF=4.209e-6  E_spec=0.9352
saved /orcd/home/002/txenakis/projects/BVPsolver/src/../data/runs/run_7pRDKIzI/orego_fit.png
saved /orcd/home/002/txenakis/projects/BVPsolver/src/../data/runs/run_7pRDKIzI/orego_fit_extrapolated.png
saved /orcd/home/002/txenakis/projects/BVPsolver/src/../data/runs/run_7pRDKIzI/orego_spectral_fit_extrapolated.png
saved /orcd/home/002/txenakis/projects/BVPsolver/src/../data/runs/run_7pRDKIzI/orego_vf_fit_extrapolated.png
┌ Warning: Attempting to store StiffNN.var"#20#21"{Float64, Float64, Float64}.
│ JLD2 only stores functions by name.
│  This may not be useful for anonymous functions.
└ @ JLD2 ~/.julia/packages/JLD2/ADycq/src/data/writing_datatypes.jl:447
saved run → /orcd/home/002/txenakis/projects/BVPsolver/src/../data/runs/run_7pRDKIzI
