davis-skodje  model=stiff width=12 d=2 tlen=300 profile=fast seed=14  solver=Rodas5P  N=268
  derivmatch lr=0.01 iter=170/3400 loss=0.07854
  derivmatch lr=0.01 iter=340/3400 loss=0.02964
  derivmatch lr=0.01 iter=510/3400 loss=0.02001
  derivmatch lr=0.01 iter=680/3400 loss=0.01374
  derivmatch lr=0.01 iter=850/3400 loss=0.008358
  derivmatch lr=0.01 iter=1020/3400 loss=0.00458
  derivmatch lr=0.01 iter=1190/3400 loss=0.002793
  derivmatch lr=0.01 iter=1360/3400 loss=0.001883
  derivmatch lr=0.01 iter=1530/3400 loss=0.00122
  derivmatch lr=0.01 iter=1700/3400 loss=0.0008085
  derivmatch lr=0.01 iter=1870/3400 loss=0.0006459
  derivmatch lr=0.01 iter=2040/3400 loss=0.000513
  derivmatch lr=0.01 iter=2210/3400 loss=0.000375
  derivmatch lr=0.01 iter=2380/3400 loss=0.0002378
  derivmatch lr=0.01 iter=2550/3400 loss=0.0001528
  derivmatch lr=0.01 iter=2720/3400 loss=0.0001032
  derivmatch lr=0.01 iter=2890/3400 loss=7.252e-5
  derivmatch lr=0.01 iter=3060/3400 loss=5.363e-5
  derivmatch lr=0.01 iter=3230/3400 loss=4.179e-5
  derivmatch lr=0.01 iter=3400/3400 loss=3.408e-5
  derivmatch lr=0.01 iter=3400/3400 loss=3.408e-5
  derivmatch lr=0.003 iter=125/2500 loss=2.241e-5
  derivmatch lr=0.003 iter=250/2500 loss=1.662e-5
  derivmatch lr=0.003 iter=375/2500 loss=1.247e-5
  derivmatch lr=0.003 iter=500/2500 loss=9.653e-6
  derivmatch lr=0.003 iter=625/2500 loss=7.746e-6
  derivmatch lr=0.003 iter=750/2500 loss=6.965e-6
  derivmatch lr=0.003 iter=875/2500 loss=5.532e-6
  derivmatch lr=0.003 iter=1000/2500 loss=7.238e-6
  derivmatch lr=0.003 iter=1125/2500 loss=4.412e-6
  derivmatch lr=0.003 iter=1250/2500 loss=4.374e-6
  derivmatch lr=0.003 iter=1375/2500 loss=3.8e-6
  derivmatch lr=0.003 iter=1500/2500 loss=5.498e-6
  derivmatch lr=0.003 iter=1625/2500 loss=3.428e-6
  derivmatch lr=0.003 iter=1750/2500 loss=2.685e-5
  derivmatch lr=0.003 iter=1875/2500 loss=3.173e-6
  derivmatch lr=0.003 iter=2000/2500 loss=8.152e-6
  derivmatch lr=0.003 iter=2125/2500 loss=2.355e-5
  derivmatch lr=0.003 iter=2250/2500 loss=2.149e-5
  derivmatch lr=0.003 iter=2375/2500 loss=3.078e-6
  derivmatch lr=0.003 iter=2500/2500 loss=2.771e-6
  derivmatch lr=0.003 iter=2500/2500 loss=2.771e-6
  derivmatch lr=0.001 iter=125/2500 loss=2.767e-6
  derivmatch lr=0.001 iter=250/2500 loss=2.748e-6
  derivmatch lr=0.001 iter=375/2500 loss=2.729e-6
  derivmatch lr=0.001 iter=500/2500 loss=2.707e-6
  derivmatch lr=0.001 iter=625/2500 loss=2.685e-6
  derivmatch lr=0.001 iter=750/2500 loss=2.66e-6
  derivmatch lr=0.001 iter=875/2500 loss=2.635e-6
  derivmatch lr=0.001 iter=1000/2500 loss=2.608e-6
  derivmatch lr=0.001 iter=1125/2500 loss=2.58e-6
  derivmatch lr=0.001 iter=1250/2500 loss=2.551e-6
  derivmatch lr=0.001 iter=1375/2500 loss=2.521e-6
  derivmatch lr=0.001 iter=1500/2500 loss=2.49e-6
  derivmatch lr=0.001 iter=1625/2500 loss=2.461e-6
  derivmatch lr=0.001 iter=1750/2500 loss=2.431e-6
  derivmatch lr=0.001 iter=1875/2500 loss=2.401e-6
  derivmatch lr=0.001 iter=2000/2500 loss=5.455e-6
  derivmatch lr=0.001 iter=2125/2500 loss=2.341e-6
  derivmatch lr=0.001 iter=2250/2500 loss=2.318e-6
  derivmatch lr=0.001 iter=2375/2500 loss=2.516e-6
  derivmatch lr=0.001 iter=2500/2500 loss=2.261e-6
  derivmatch lr=0.001 iter=2500/2500 loss=2.261e-6
  derivmatch lr=0.0003 iter=80/1600 loss=2.268e-6
  derivmatch lr=0.0003 iter=160/1600 loss=2.255e-6
  derivmatch lr=0.0003 iter=240/1600 loss=2.251e-6
  derivmatch lr=0.0003 iter=320/1600 loss=2.247e-6
  derivmatch lr=0.0003 iter=400/1600 loss=2.241e-6
  derivmatch lr=0.0003 iter=480/1600 loss=2.236e-6
  derivmatch lr=0.0003 iter=560/1600 loss=2.229e-6
  derivmatch lr=0.0003 iter=640/1600 loss=2.222e-6
  derivmatch lr=0.0003 iter=720/1600 loss=2.215e-6
  derivmatch lr=0.0003 iter=800/1600 loss=2.207e-6
  derivmatch lr=0.0003 iter=880/1600 loss=2.199e-6
  derivmatch lr=0.0003 iter=960/1600 loss=2.19e-6
  derivmatch lr=0.0003 iter=1040/1600 loss=2.18e-6
  derivmatch lr=0.0003 iter=1120/1600 loss=2.171e-6
  derivmatch lr=0.0003 iter=1200/1600 loss=2.16e-6
  derivmatch lr=0.0003 iter=1280/1600 loss=2.149e-6
  derivmatch lr=0.0003 iter=1360/1600 loss=2.138e-6
  derivmatch lr=0.0003 iter=1440/1600 loss=2.129e-6
  derivmatch lr=0.0003 iter=1520/1600 loss=2.115e-6
  derivmatch lr=0.0003 iter=1600/1600 loss=2.104e-6
  derivmatch lr=0.0003 iter=1600/1600 loss=2.104e-6
derivative matching [32s]  fitloss=2.1e-6
  [derivative matching]  nrmse=0.007721  l2=0.3776
  collocation: M=300 residuals=2394  detecting sparsity + solving...

Algorithm: LevenbergMarquardt(
    trustregion = LevenbergMarquardtTrustRegion(
        β_uphill = 0.0
    ),
    descent = GeodesicAcceleration(
        descent = DampedNewtonDescent(
            linsolve = KLUFactorization(
                reuse_symbolic = true,
                check_pattern = true
            ),
            initial_damping = 1.0,
            damping_fn = LevenbergMarquardtDampingFunction(
                increase_factor = 2.0,
                decrease_factor = 3.0,
                min_damping = 1.0e-8
            ),
            min_norm_mode = :auto
        ),
        finite_diff_step_geodesic = 0.1,
        α = 0.75
    ),
    autodiff = AutoForwardDiff(),
    vjp_autodiff = AutoFiniteDiff(
        fdtype = Val{:forward}(),
        fdjtype = Val{:forward}(),
        fdhtype = Val{:hcentral}(),
        dir = true
    ),
    jvp_autodiff = AutoForwardDiff(),
    concrete_jac = Val{true}()
)

----    	-------------       	-----------         
Iter    	f(u) 2-norm         	Step 2-norm         
----    	-------------       	-----------         
0       	2.53691823e+01      	NaN                 
1       	1.19377659e+01      	1.12756092e-01      
8       	2.42287594e-02      	6.48759824e-03      
15      	8.80873354e-04      	6.90591404e-03      
22      	2.05425322e-02      	3.93361383e-01      
29      	3.52558992e-01      	2.64216787e+00      
36      	6.59896373e-02      	3.76771516e-01      
43      	1.52749721e-01      	4.67253235e-01      
50      	1.01255485e+00      	0.00000000e+00      
57      	4.27051819e-03      	0.00000000e+00      
64      	3.00161340e-04      	1.46331646e-01      
71      	5.37023236e-01      	0.00000000e+00      
78      	4.34440686e-01      	0.00000000e+00      
85      	5.06877521e-03      	0.00000000e+00      
92      	1.30424667e-04      	9.57278429e-02      
99      	1.92353497e+00      	0.00000000e+00      
106     	1.30034603e-01      	4.56108253e-01      
113     	7.62720427e-02      	0.00000000e+00      
120     	2.30583347e-02      	0.00000000e+00      
127     	4.89203509e-01      	0.00000000e+00      
134     	1.51252913e-04      	0.00000000e+00      
141     	1.08123845e-02      	0.00000000e+00      
148     	5.94589877e-04      	1.12621806e-01      
Final   	8.33677189e-05      
----------------------      
  AMR 1/3: M=300  err=2.79e-10  obs=7.14e-8  nrmse=0.0899  best=0.00772  refined=24
  collocation: M=324 residuals=2538  detecting sparsity + solving...

Algorithm: LevenbergMarquardt(
    trustregion = LevenbergMarquardtTrustRegion(
        β_uphill = 0.0
    ),
    descent = GeodesicAcceleration(
        descent = DampedNewtonDescent(
            linsolve = KLUFactorization(
                reuse_symbolic = true,
                check_pattern = true
            ),
            initial_damping = 1.0,
            damping_fn = LevenbergMarquardtDampingFunction(
                increase_factor = 2.0,
                decrease_factor = 3.0,
                min_damping = 1.0e-8
            ),
            min_norm_mode = :auto
        ),
        finite_diff_step_geodesic = 0.1,
        α = 0.75
    ),
    autodiff = AutoForwardDiff(),
    vjp_autodiff = AutoFiniteDiff(
        fdtype = Val{:forward}(),
        fdjtype = Val{:forward}(),
        fdhtype = Val{:hcentral}(),
        dir = true
    ),
    jvp_autodiff = AutoForwardDiff(),
    concrete_jac = Val{true}()
)

----    	-------------       	-----------         
Iter    	f(u) 2-norm         	Step 2-norm         
----    	-------------       	-----------         
0       	2.30755981e+01      	1.76214948e+01      
1       	2.30755981e+01      	0.00000000e+00      
8       	1.84674217e-01      	4.32787928e-03      
15      	1.16612599e-02      	3.09900822e-03      
22      	4.62433813e-04      	5.58313295e-03      
29      	4.50188701e-06      	2.19357970e-03      
36      	1.62498799e-04      	0.00000000e+00      
43      	2.04931804e-03      	1.03674325e-01      
50      	4.75045999e-04      	0.00000000e+00      
57      	7.08543890e-03      	0.00000000e+00      
64      	4.79568952e-05      	7.99224217e-02      
71      	2.36112510e-04      	1.89473314e-01      
78      	9.32639218e-02      	7.15489406e-01      
85      	1.03475486e-01      	0.00000000e+00      
92      	2.10353350e-01      	8.61284916e-01      
99      	7.37213383e-02      	0.00000000e+00      
106     	2.24002924e-01      	0.00000000e+00      
113     	1.38887823e-01      	0.00000000e+00      
120     	9.64208227e-02      	0.00000000e+00      
127     	2.68249115e-04      	0.00000000e+00      
134     	2.42954050e-01      	0.00000000e+00      
141     	1.38094620e-01      	3.76077113e-01      
148     	4.56798274e-03      	2.80575837e-01      
Final   	4.33939680e-06      
----------------------      
  AMR 2/3: M=324  err=2.99e-13  obs=6.67e-8  nrmse=0.0901  best=0.00772  refined=38
  collocation: M=368 residuals=2802  detecting sparsity + solving...

Algorithm: LevenbergMarquardt(
    trustregion = LevenbergMarquardtTrustRegion(
        β_uphill = 0.0
    ),
    descent = GeodesicAcceleration(
        descent = DampedNewtonDescent(
            linsolve = KLUFactorization(
                reuse_symbolic = true,
                check_pattern = true
            ),
            initial_damping = 1.0,
            damping_fn = LevenbergMarquardtDampingFunction(
                increase_factor = 2.0,
                decrease_factor = 3.0,
                min_damping = 1.0e-8
            ),
            min_norm_mode = :auto
        ),
        finite_diff_step_geodesic = 0.1,
        α = 0.75
    ),
    autodiff = AutoForwardDiff(),
    vjp_autodiff = AutoFiniteDiff(
        fdtype = Val{:forward}(),
        fdjtype = Val{:forward}(),
        fdhtype = Val{:hcentral}(),
        dir = true
    ),
    jvp_autodiff = AutoForwardDiff(),
    concrete_jac = Val{true}()
)

----    	-------------       	-----------         
Iter    	f(u) 2-norm         	Step 2-norm         
----    	-------------       	-----------         
0       	2.26453945e+01      	1.27664999e+05      
1       	2.26453945e+01      	0.00000000e+00      
8       	1.83175939e-01      	4.30371786e-03      
15      	1.19126218e-02      	3.60404657e-03      
22      	4.50675034e-04      	5.53871158e-03      
29      	4.03788596e-06      	2.11372638e-03      
36      	5.54837942e-04      	0.00000000e+00      
43      	9.55487553e-05      	1.15494315e-01      
50      	1.07516533e+00      	0.00000000e+00      
57      	1.85081247e-04      	0.00000000e+00      
64      	1.00533115e-04      	1.16518641e-01      
71      	1.05132402e-01      	4.58015428e-01      
78      	2.85577766e-03      	0.00000000e+00      
85      	7.16887860e-04      	0.00000000e+00      
92      	6.94434708e-03      	0.00000000e+00      
99      	5.09697764e-02      	0.00000000e+00      
106     	1.74373776e-01      	0.00000000e+00      
113     	6.62711515e-03      	0.00000000e+00      
120     	3.53693660e-03      	3.79624608e-01      
127     	2.02470475e-01      	0.00000000e+00      
134     	4.11124627e-02      	0.00000000e+00      
141     	2.73304570e-02      	0.00000000e+00      
148     	1.97939071e-01      	0.00000000e+00      
Final   	3.86456464e-06      
----------------------      
  AMR 3/3: M=368  err=1.86e-13  obs=5.87e-8  nrmse=0.0897  best=0.00772  refined=0
 derivative matching was best (3/3 rounds ran)
collocation [139s]
  [final]  nrmse=0.007721  l2=0.3776
extrapolation window: T=15.0 -> T_test=30.0  n_test=600
  [train]  E_traj=0.0001789  E_VF=5.232e-7  E_spec=0.3519
  [test ]  E_traj=8.477e12  E_VF=44560.0  E_spec=0.4778
saved /orcd/home/002/txenakis/projects/BVPsolver/src/../data/runs/run_g1pzf0ZV/davis-skodje_fit.png
saved /orcd/home/002/txenakis/projects/BVPsolver/src/../data/runs/run_g1pzf0ZV/davis-skodje_fit_extrapolated.png
saved /orcd/home/002/txenakis/projects/BVPsolver/src/../data/runs/run_g1pzf0ZV/davis-skodje_spectral_fit_extrapolated.png
saved /orcd/home/002/txenakis/projects/BVPsolver/src/../data/runs/run_g1pzf0ZV/davis-skodje_vf_fit_extrapolated.png
┌ Warning: Attempting to store StiffNN.var"#22#23"{Float64}.
│ JLD2 only stores functions by name.
│  This may not be useful for anonymous functions.
└ @ JLD2 ~/.julia/packages/JLD2/ADycq/src/data/writing_datatypes.jl:447
saved run → /orcd/home/002/txenakis/projects/BVPsolver/src/../data/runs/run_g1pzf0ZV
