rober  model=GELU-scaled width=7 d=3 tlen=50 profile=fast seed=129  solver=Rodas5  N=332
  derivmatch lr=0.01 iter=170/3400 loss=9.086
  derivmatch lr=0.01 iter=340/3400 loss=8.99
  derivmatch lr=0.01 iter=510/3400 loss=7.225
  derivmatch lr=0.01 iter=680/3400 loss=8.184
  derivmatch lr=0.01 iter=850/3400 loss=5.606
  derivmatch lr=0.01 iter=1020/3400 loss=8.781
  derivmatch lr=0.01 iter=1190/3400 loss=8.436
  derivmatch lr=0.01 iter=1360/3400 loss=8.106
  derivmatch lr=0.01 iter=1530/3400 loss=7.708
  derivmatch lr=0.01 iter=1700/3400 loss=7.002
  derivmatch lr=0.01 iter=1870/3400 loss=5.63
  derivmatch lr=0.01 iter=2040/3400 loss=5.301
  derivmatch lr=0.01 iter=2210/3400 loss=7.286
  derivmatch lr=0.01 iter=2380/3400 loss=7.917
  derivmatch lr=0.01 iter=2550/3400 loss=6.201
  derivmatch lr=0.01 iter=2720/3400 loss=5.853
  derivmatch lr=0.01 iter=2890/3400 loss=5.767
  derivmatch lr=0.01 iter=3060/3400 loss=5.681
  derivmatch lr=0.01 iter=3230/3400 loss=5.627
  derivmatch lr=0.01 iter=3400/3400 loss=5.737
  derivmatch lr=0.01 iter=3400/3400 loss=5.073
  derivmatch lr=0.003 iter=125/2500 loss=6.534
  derivmatch lr=0.003 iter=250/2500 loss=6.086
  derivmatch lr=0.003 iter=375/2500 loss=4.967
  derivmatch lr=0.003 iter=500/2500 loss=4.947
  derivmatch lr=0.003 iter=625/2500 loss=4.896
  derivmatch lr=0.003 iter=750/2500 loss=4.845
  derivmatch lr=0.003 iter=875/2500 loss=5.327
  derivmatch lr=0.003 iter=1000/2500 loss=4.819
  derivmatch lr=0.003 iter=1125/2500 loss=4.708
  derivmatch lr=0.003 iter=1250/2500 loss=4.644
  derivmatch lr=0.003 iter=1375/2500 loss=4.582
  derivmatch lr=0.003 iter=1500/2500 loss=4.513
  derivmatch lr=0.003 iter=1625/2500 loss=4.433
  derivmatch lr=0.003 iter=1750/2500 loss=4.346
  derivmatch lr=0.003 iter=1875/2500 loss=7.62
  derivmatch lr=0.003 iter=2000/2500 loss=7.381
  derivmatch lr=0.003 iter=2125/2500 loss=7.133
  derivmatch lr=0.003 iter=2250/2500 loss=6.846
  derivmatch lr=0.003 iter=2375/2500 loss=6.462
  derivmatch lr=0.003 iter=2500/2500 loss=6.125
  derivmatch lr=0.003 iter=2500/2500 loss=4.344
  derivmatch lr=0.001 iter=125/2500 loss=4.332
  derivmatch lr=0.001 iter=250/2500 loss=4.312
  derivmatch lr=0.001 iter=375/2500 loss=4.287
  derivmatch lr=0.001 iter=500/2500 loss=4.258
  derivmatch lr=0.001 iter=625/2500 loss=4.224
  derivmatch lr=0.001 iter=750/2500 loss=4.185
  derivmatch lr=0.001 iter=875/2500 loss=7.073
  derivmatch lr=0.001 iter=1000/2500 loss=6.216
  derivmatch lr=0.001 iter=1125/2500 loss=6.174
  derivmatch lr=0.001 iter=1250/2500 loss=6.587
  derivmatch lr=0.001 iter=1375/2500 loss=5.899
  derivmatch lr=0.001 iter=1500/2500 loss=6.434
  derivmatch lr=0.001 iter=1625/2500 loss=5.702
  derivmatch lr=0.001 iter=1750/2500 loss=6.148
  derivmatch lr=0.001 iter=1875/2500 loss=6.527
  derivmatch lr=0.001 iter=2000/2500 loss=5.826
  derivmatch lr=0.001 iter=2125/2500 loss=6.376
  derivmatch lr=0.001 iter=2250/2500 loss=5.502
  derivmatch lr=0.001 iter=2375/2500 loss=4.297
  derivmatch lr=0.001 iter=2500/2500 loss=4.269
  derivmatch lr=0.001 iter=2500/2500 loss=4.184
  derivmatch lr=0.0003 iter=80/1600 loss=4.183
  derivmatch lr=0.0003 iter=160/1600 loss=4.179
  derivmatch lr=0.0003 iter=240/1600 loss=4.176
  derivmatch lr=0.0003 iter=320/1600 loss=4.173
  derivmatch lr=0.0003 iter=400/1600 loss=4.169
  derivmatch lr=0.0003 iter=480/1600 loss=4.165
  derivmatch lr=0.0003 iter=560/1600 loss=4.161
  derivmatch lr=0.0003 iter=640/1600 loss=4.156
  derivmatch lr=0.0003 iter=720/1600 loss=4.152
  derivmatch lr=0.0003 iter=800/1600 loss=4.147
  derivmatch lr=0.0003 iter=880/1600 loss=4.142
  derivmatch lr=0.0003 iter=960/1600 loss=4.136
  derivmatch lr=0.0003 iter=1040/1600 loss=4.131
  derivmatch lr=0.0003 iter=1120/1600 loss=4.125
  derivmatch lr=0.0003 iter=1200/1600 loss=4.119
  derivmatch lr=0.0003 iter=1280/1600 loss=4.112
  derivmatch lr=0.0003 iter=1360/1600 loss=4.106
  derivmatch lr=0.0003 iter=1440/1600 loss=4.099
  derivmatch lr=0.0003 iter=1520/1600 loss=4.091
  derivmatch lr=0.0003 iter=1600/1600 loss=4.084
  derivmatch lr=0.0003 iter=1600/1600 loss=4.084
derivative matching [43s]  fitloss=4.08
  [derivative matching]  nrmse=23.4  l2=0.2896
  shooting iter=50/1000 loss=0.4519
  shooting iter=100/1000 loss=0.2535
  shooting iter=150/1000 loss=0.2112
  shooting iter=200/1000 loss=0.1906
  shooting iter=250/1000 loss=0.1884
  shooting iter=300/1000 loss=0.1877
  shooting iter=350/1000 loss=0.1871
  shooting iter=400/1000 loss=0.1869
  shooting iter=450/1000 loss=0.1868
  shooting iter=500/1000 loss=0.1867
  shooting iter=550/1000 loss=0.1865
  shooting iter=600/1000 loss=0.1864
  shooting iter=650/1000 loss=0.1862
  shooting iter=700/1000 loss=0.186
  shooting iter=750/1000 loss=0.1859
  shooting iter=800/1000 loss=0.1858
  shooting iter=850/1000 loss=0.1855
  shooting iter=900/1000 loss=0.1853
  shooting iter=950/1000 loss=0.1851
  shooting iter=1000/1000 loss=0.1849
  shooting iter=1000/1000 loss=0.1848
shooting [274s]  loss=0.185
  [final]  nrmse=0.335  l2=1.099
extrapolation window: T=1000.0 -> T_test=1.0e12  n_test=100
  [train]  E_traj=0.342  E_VF=0.625  E_spec=0.9992
  [test ]  E_traj=4.072e19  E_VF=16260.0  E_spec=1.0
saved /orcd/home/002/txenakis/projects/BVPsolver/src/../data/runs/run_A7jaRqgu/rober_fit.png
saved /orcd/home/002/txenakis/projects/BVPsolver/src/../data/runs/run_A7jaRqgu/rober_fit_extrapolated.png
saved /orcd/home/002/txenakis/projects/BVPsolver/src/../data/runs/run_A7jaRqgu/rober_spectral_fit_extrapolated.png
saved /orcd/home/002/txenakis/projects/BVPsolver/src/../data/runs/run_A7jaRqgu/rober_vf_fit_extrapolated.png
┌ Warning: Attempting to store StiffNN.var"#12#13"{Float64, Float64, Float64}.
│ JLD2 only stores functions by name.
│  This may not be useful for anonymous functions.
└ @ JLD2 ~/.julia/packages/JLD2/ADycq/src/data/writing_datatypes.jl:447
saved run → /orcd/home/002/txenakis/projects/BVPsolver/src/../data/runs/run_A7jaRqgu
