orego  model=stiff width=16 d=3 tlen=112 profile=fast seed=132  solver=Rodas5  N=486
  derivmatch lr=0.01 iter=170/3400 loss=0.08123
  derivmatch lr=0.01 iter=340/3400 loss=0.04705
  derivmatch lr=0.01 iter=510/3400 loss=0.04658
  derivmatch lr=0.01 iter=680/3400 loss=0.0287
  derivmatch lr=0.01 iter=850/3400 loss=0.02041
  derivmatch lr=0.01 iter=1020/3400 loss=0.01512
  derivmatch lr=0.01 iter=1190/3400 loss=0.01141
  derivmatch lr=0.01 iter=1360/3400 loss=0.008616
  derivmatch lr=0.01 iter=1530/3400 loss=0.006501
  derivmatch lr=0.01 iter=1700/3400 loss=0.004984
  derivmatch lr=0.01 iter=1870/3400 loss=0.003948
  derivmatch lr=0.01 iter=2040/3400 loss=0.0051
  derivmatch lr=0.01 iter=2210/3400 loss=0.002981
  derivmatch lr=0.01 iter=2380/3400 loss=0.002486
  derivmatch lr=0.01 iter=2550/3400 loss=0.002167
  derivmatch lr=0.01 iter=2720/3400 loss=0.001934
  derivmatch lr=0.01 iter=2890/3400 loss=0.001751
  derivmatch lr=0.01 iter=3060/3400 loss=0.001599
  derivmatch lr=0.01 iter=3230/3400 loss=0.001603
  derivmatch lr=0.01 iter=3400/3400 loss=0.001511
  derivmatch lr=0.01 iter=3400/3400 loss=0.001494
  derivmatch lr=0.003 iter=125/2500 loss=0.001424
  derivmatch lr=0.003 iter=250/2500 loss=0.001332
  derivmatch lr=0.003 iter=375/2500 loss=0.001229
  derivmatch lr=0.003 iter=500/2500 loss=0.001121
  derivmatch lr=0.003 iter=625/2500 loss=0.001014
  derivmatch lr=0.003 iter=750/2500 loss=0.0009101
  derivmatch lr=0.003 iter=875/2500 loss=0.0008141
  derivmatch lr=0.003 iter=1000/2500 loss=0.0007293
  derivmatch lr=0.003 iter=1125/2500 loss=0.0007756
  derivmatch lr=0.003 iter=1250/2500 loss=0.0006512
  derivmatch lr=0.003 iter=1375/2500 loss=0.0006127
  derivmatch lr=0.003 iter=1500/2500 loss=0.0005816
  derivmatch lr=0.003 iter=1625/2500 loss=0.0005541
  derivmatch lr=0.003 iter=1750/2500 loss=0.000529
  derivmatch lr=0.003 iter=1875/2500 loss=0.0005106
  derivmatch lr=0.003 iter=2000/2500 loss=0.0004869
  derivmatch lr=0.003 iter=2125/2500 loss=0.0004681
  derivmatch lr=0.003 iter=2250/2500 loss=0.0004498
  derivmatch lr=0.003 iter=2375/2500 loss=0.0004872
  derivmatch lr=0.003 iter=2500/2500 loss=0.0004163
  derivmatch lr=0.003 iter=2500/2500 loss=0.0004163
  derivmatch lr=0.001 iter=125/2500 loss=0.000407
  derivmatch lr=0.001 iter=250/2500 loss=0.0003982
  derivmatch lr=0.001 iter=375/2500 loss=0.0003877
  derivmatch lr=0.001 iter=500/2500 loss=0.0003763
  derivmatch lr=0.001 iter=625/2500 loss=0.0003641
  derivmatch lr=0.001 iter=750/2500 loss=0.000352
  derivmatch lr=0.001 iter=875/2500 loss=0.0003402
  derivmatch lr=0.001 iter=1000/2500 loss=0.0003305
  derivmatch lr=0.001 iter=1125/2500 loss=0.0003216
  derivmatch lr=0.001 iter=1250/2500 loss=0.0003071
  derivmatch lr=0.001 iter=1375/2500 loss=0.0002986
  derivmatch lr=0.001 iter=1500/2500 loss=0.0003141
  derivmatch lr=0.001 iter=1625/2500 loss=0.0002833
  derivmatch lr=0.001 iter=1750/2500 loss=0.0002705
  derivmatch lr=0.001 iter=1875/2500 loss=0.000266
  derivmatch lr=0.001 iter=2000/2500 loss=0.0002542
  derivmatch lr=0.001 iter=2125/2500 loss=0.0002479
  derivmatch lr=0.001 iter=2250/2500 loss=0.0002412
  derivmatch lr=0.001 iter=2375/2500 loss=0.0002358
  derivmatch lr=0.001 iter=2500/2500 loss=0.0002356
  derivmatch lr=0.001 iter=2500/2500 loss=0.0002293
  derivmatch lr=0.0003 iter=80/1600 loss=0.0002288
  derivmatch lr=0.0003 iter=160/1600 loss=0.0002278
  derivmatch lr=0.0003 iter=240/1600 loss=0.0002269
  derivmatch lr=0.0003 iter=320/1600 loss=0.0002258
  derivmatch lr=0.0003 iter=400/1600 loss=0.0002246
  derivmatch lr=0.0003 iter=480/1600 loss=0.0002233
  derivmatch lr=0.0003 iter=560/1600 loss=0.0002219
  derivmatch lr=0.0003 iter=640/1600 loss=0.0002203
  derivmatch lr=0.0003 iter=720/1600 loss=0.0002187
  derivmatch lr=0.0003 iter=800/1600 loss=0.000217
  derivmatch lr=0.0003 iter=880/1600 loss=0.0002152
  derivmatch lr=0.0003 iter=960/1600 loss=0.0002134
  derivmatch lr=0.0003 iter=1040/1600 loss=0.0002115
  derivmatch lr=0.0003 iter=1120/1600 loss=0.0002096
  derivmatch lr=0.0003 iter=1200/1600 loss=0.0002076
  derivmatch lr=0.0003 iter=1280/1600 loss=0.0002056
  derivmatch lr=0.0003 iter=1360/1600 loss=0.0002036
  derivmatch lr=0.0003 iter=1440/1600 loss=0.0002015
  derivmatch lr=0.0003 iter=1520/1600 loss=0.0001994
  derivmatch lr=0.0003 iter=1600/1600 loss=0.0001973
  derivmatch lr=0.0003 iter=1600/1600 loss=0.0001973
derivative matching [33s]  fitloss=0.000197
  [derivative matching]  nrmse=0.5095  l2=484300.0
  shooting iter=50/1000 loss=0.2272
  shooting iter=100/1000 loss=0.2232
  shooting iter=150/1000 loss=0.2223
  shooting iter=200/1000 loss=0.2218
  shooting iter=250/1000 loss=0.2214
  shooting iter=300/1000 loss=0.2202
  shooting iter=350/1000 loss=0.2188
  shooting iter=400/1000 loss=0.2196
  shooting iter=450/1000 loss=0.2188
  shooting iter=500/1000 loss=0.2183
  shooting iter=550/1000 loss=0.2179
  shooting iter=600/1000 loss=0.2177
  shooting iter=650/1000 loss=0.2175
  shooting iter=700/1000 loss=0.2174
  shooting iter=750/1000 loss=0.2172
  shooting iter=800/1000 loss=0.2169
  shooting iter=850/1000 loss=0.216
  shooting iter=900/1000 loss=0.2093
  shooting iter=950/1000 loss=0.1982
  shooting iter=1000/1000 loss=0.1097
  shooting iter=1000/1000 loss=0.1097
shooting [2128s]  loss=0.11
  [final]  nrmse=0.2327  l2=450700.0
extrapolation window: T=180.0 -> T_test=360.0  n_test=224
  [train]  E_traj=0.3867  E_VF=0.7639  E_spec=0.971
  [test ]  E_traj=0.9373  E_VF=0.7887  E_spec=10.49
saved /orcd/home/002/txenakis/projects/BVPsolver/src/../data/runs/run_xqdmZRZn/orego_fit.png
saved /orcd/home/002/txenakis/projects/BVPsolver/src/../data/runs/run_xqdmZRZn/orego_fit_extrapolated.png
saved /orcd/home/002/txenakis/projects/BVPsolver/src/../data/runs/run_xqdmZRZn/orego_spectral_fit_extrapolated.png
saved /orcd/home/002/txenakis/projects/BVPsolver/src/../data/runs/run_xqdmZRZn/orego_vf_fit_extrapolated.png
┌ Warning: Attempting to store StiffNN.var"#20#21"{Float64, Float64, Float64}.
│ JLD2 only stores functions by name.
│  This may not be useful for anonymous functions.
└ @ JLD2 ~/.julia/packages/JLD2/ADycq/src/data/writing_datatypes.jl:447
saved run → /orcd/home/002/txenakis/projects/BVPsolver/src/../data/runs/run_xqdmZRZn
