rober  model=GELU-scaled width=7 d=3 tlen=50 profile=fast seed=107  solver=Rodas5  N=332
  derivmatch lr=0.01 iter=170/3400 loss=9.07
  derivmatch lr=0.01 iter=340/3400 loss=6.514
  derivmatch lr=0.01 iter=510/3400 loss=8.905
  derivmatch lr=0.01 iter=680/3400 loss=8.574
  derivmatch lr=0.01 iter=850/3400 loss=8.32
  derivmatch lr=0.01 iter=1020/3400 loss=8.087
  derivmatch lr=0.01 iter=1190/3400 loss=7.849
  derivmatch lr=0.01 iter=1360/3400 loss=7.582
  derivmatch lr=0.01 iter=1530/3400 loss=7.236
  derivmatch lr=0.01 iter=1700/3400 loss=6.599
  derivmatch lr=0.01 iter=1870/3400 loss=6.39
  derivmatch lr=0.01 iter=2040/3400 loss=7.232
  derivmatch lr=0.01 iter=2210/3400 loss=6.054
  derivmatch lr=0.01 iter=2380/3400 loss=8.254
  derivmatch lr=0.01 iter=2550/3400 loss=5.933
  derivmatch lr=0.01 iter=2720/3400 loss=9.05
  derivmatch lr=0.01 iter=2890/3400 loss=7.244
  derivmatch lr=0.01 iter=3060/3400 loss=6.29
  derivmatch lr=0.01 iter=3230/3400 loss=5.756
  derivmatch lr=0.01 iter=3400/3400 loss=5.477
  derivmatch lr=0.01 iter=3400/3400 loss=5.292
  derivmatch lr=0.003 iter=125/2500 loss=5.192
  derivmatch lr=0.003 iter=250/2500 loss=4.78
  derivmatch lr=0.003 iter=375/2500 loss=7.102
  derivmatch lr=0.003 iter=500/2500 loss=6.055
  derivmatch lr=0.003 iter=625/2500 loss=5.589
  derivmatch lr=0.003 iter=750/2500 loss=4.771
  derivmatch lr=0.003 iter=875/2500 loss=4.542
  derivmatch lr=0.003 iter=1000/2500 loss=5.677
  derivmatch lr=0.003 iter=1125/2500 loss=5.195
  derivmatch lr=0.003 iter=1250/2500 loss=5.024
  derivmatch lr=0.003 iter=1375/2500 loss=4.754
  derivmatch lr=0.003 iter=1500/2500 loss=4.606
  derivmatch lr=0.003 iter=1625/2500 loss=6.349
  derivmatch lr=0.003 iter=1750/2500 loss=6.891
  derivmatch lr=0.003 iter=1875/2500 loss=7.57
  derivmatch lr=0.003 iter=2000/2500 loss=6.888
  derivmatch lr=0.003 iter=2125/2500 loss=5.457
  derivmatch lr=0.003 iter=2250/2500 loss=7.933
  derivmatch lr=0.003 iter=2375/2500 loss=7.33
  derivmatch lr=0.003 iter=2500/2500 loss=6.781
  derivmatch lr=0.003 iter=2500/2500 loss=4.452
  derivmatch lr=0.001 iter=125/2500 loss=4.819
  derivmatch lr=0.001 iter=250/2500 loss=4.402
  derivmatch lr=0.001 iter=375/2500 loss=4.29
  derivmatch lr=0.001 iter=500/2500 loss=4.223
  derivmatch lr=0.001 iter=625/2500 loss=4.156
  derivmatch lr=0.001 iter=750/2500 loss=4.087
  derivmatch lr=0.001 iter=875/2500 loss=4.708
  derivmatch lr=0.001 iter=1000/2500 loss=4.34
  derivmatch lr=0.001 iter=1125/2500 loss=6.478
  derivmatch lr=0.001 iter=1250/2500 loss=5.193
  derivmatch lr=0.001 iter=1375/2500 loss=4.457
  derivmatch lr=0.001 iter=1500/2500 loss=4.383
  derivmatch lr=0.001 iter=1625/2500 loss=4.326
  derivmatch lr=0.001 iter=1750/2500 loss=4.275
  derivmatch lr=0.001 iter=1875/2500 loss=4.227
  derivmatch lr=0.001 iter=2000/2500 loss=4.172
  derivmatch lr=0.001 iter=2125/2500 loss=4.098
  derivmatch lr=0.001 iter=2250/2500 loss=4.054
  derivmatch lr=0.001 iter=2375/2500 loss=4.022
  derivmatch lr=0.001 iter=2500/2500 loss=3.989
  derivmatch lr=0.001 iter=2500/2500 loss=3.989
  derivmatch lr=0.0003 iter=80/1600 loss=3.988
  derivmatch lr=0.0003 iter=160/1600 loss=3.98
  derivmatch lr=0.0003 iter=240/1600 loss=3.976
  derivmatch lr=0.0003 iter=320/1600 loss=3.971
  derivmatch lr=0.0003 iter=400/1600 loss=3.966
  derivmatch lr=0.0003 iter=480/1600 loss=3.96
  derivmatch lr=0.0003 iter=560/1600 loss=3.954
  derivmatch lr=0.0003 iter=640/1600 loss=3.948
  derivmatch lr=0.0003 iter=720/1600 loss=3.941
  derivmatch lr=0.0003 iter=800/1600 loss=3.934
  derivmatch lr=0.0003 iter=880/1600 loss=3.926
  derivmatch lr=0.0003 iter=960/1600 loss=3.919
  derivmatch lr=0.0003 iter=1040/1600 loss=3.911
  derivmatch lr=0.0003 iter=1120/1600 loss=3.902
  derivmatch lr=0.0003 iter=1200/1600 loss=3.894
  derivmatch lr=0.0003 iter=1280/1600 loss=3.885
  derivmatch lr=0.0003 iter=1360/1600 loss=3.875
  derivmatch lr=0.0003 iter=1440/1600 loss=3.866
  derivmatch lr=0.0003 iter=1520/1600 loss=3.855
  derivmatch lr=0.0003 iter=1600/1600 loss=3.845
  derivmatch lr=0.0003 iter=1600/1600 loss=3.845
derivative matching [26s]  fitloss=3.84
  [derivative matching]  nrmse=4.542  l2=0.09689
  shooting iter=50/1000 loss=0.1109
  shooting iter=100/1000 loss=0.0839
  shooting iter=150/1000 loss=0.07656
  shooting iter=200/1000 loss=0.07849
  shooting iter=250/1000 loss=0.07143
  shooting iter=300/1000 loss=0.08143
  shooting iter=350/1000 loss=0.07946
  shooting iter=400/1000 loss=0.07269
  shooting iter=450/1000 loss=0.07044
  shooting iter=500/1000 loss=0.07605
  shooting iter=550/1000 loss=0.06715
  shooting iter=600/1000 loss=0.07123
  shooting iter=650/1000 loss=0.07521
  shooting iter=700/1000 loss=0.0674
  shooting iter=750/1000 loss=0.06665
  shooting iter=800/1000 loss=0.06807
  shooting iter=850/1000 loss=0.06431
  shooting iter=900/1000 loss=0.06207
  shooting iter=950/1000 loss=0.06106
  shooting iter=1000/1000 loss=0.05945
  shooting iter=1000/1000 loss=0.05944
shooting [804s]  loss=0.0594
  [final]  nrmse=0.1913  l2=0.05175
extrapolation window: T=1000.0 -> T_test=1.0e12  n_test=100
  [train]  E_traj=0.09537  E_VF=19.47  E_spec=6.225e19
  [test ]  E_traj=NaN  E_VF=NaN  E_spec=NaN
saved /orcd/home/002/txenakis/projects/BVPsolver/src/../data/runs/run_djQKFxsG/rober_fit.png
saved /orcd/home/002/txenakis/projects/BVPsolver/src/../data/runs/run_djQKFxsG/rober_fit_extrapolated.png
saved /orcd/home/002/txenakis/projects/BVPsolver/src/../data/runs/run_djQKFxsG/rober_spectral_fit_extrapolated.png
saved /orcd/home/002/txenakis/projects/BVPsolver/src/../data/runs/run_djQKFxsG/rober_vf_fit_extrapolated.png
┌ Warning: Attempting to store StiffNN.var"#12#13"{Float64, Float64, Float64}.
│ JLD2 only stores functions by name.
│  This may not be useful for anonymous functions.
└ @ JLD2 ~/.julia/packages/JLD2/ADycq/src/data/writing_datatypes.jl:447
saved run → /orcd/home/002/txenakis/projects/BVPsolver/src/../data/runs/run_djQKFxsG
