davis-skodje  model=GELU-scaled width=7 d=2 tlen=300 profile=fast seed=336  solver=Rodas5P  N=317
  derivmatch lr=0.01 iter=170/3400 loss=2.16
  derivmatch lr=0.01 iter=340/3400 loss=1.536
  derivmatch lr=0.01 iter=510/3400 loss=1.498
  derivmatch lr=0.01 iter=680/3400 loss=0.5925
  derivmatch lr=0.01 iter=850/3400 loss=0.1842
  derivmatch lr=0.01 iter=1020/3400 loss=0.09139
  derivmatch lr=0.01 iter=1190/3400 loss=0.07677
  derivmatch lr=0.01 iter=1360/3400 loss=0.05051
  derivmatch lr=0.01 iter=1530/3400 loss=0.04585
  derivmatch lr=0.01 iter=1700/3400 loss=0.03686
  derivmatch lr=0.01 iter=1870/3400 loss=0.02033
  derivmatch lr=0.01 iter=2040/3400 loss=0.02245
  derivmatch lr=0.01 iter=2210/3400 loss=0.03268
  derivmatch lr=0.01 iter=2380/3400 loss=0.01649
  derivmatch lr=0.01 iter=2550/3400 loss=0.01992
  derivmatch lr=0.01 iter=2720/3400 loss=0.02899
  derivmatch lr=0.01 iter=2890/3400 loss=0.0133
  derivmatch lr=0.01 iter=3060/3400 loss=0.01765
  derivmatch lr=0.01 iter=3230/3400 loss=0.02551
  derivmatch lr=0.01 iter=3400/3400 loss=0.01086
  derivmatch lr=0.01 iter=3400/3400 loss=0.01086
  derivmatch lr=0.003 iter=125/2500 loss=0.004786
  derivmatch lr=0.003 iter=250/2500 loss=0.003535
  derivmatch lr=0.003 iter=375/2500 loss=0.004567
  derivmatch lr=0.003 iter=500/2500 loss=0.004059
  derivmatch lr=0.003 iter=625/2500 loss=0.003998
  derivmatch lr=0.003 iter=750/2500 loss=0.003474
  derivmatch lr=0.003 iter=875/2500 loss=0.003508
  derivmatch lr=0.003 iter=1000/2500 loss=0.003055
  derivmatch lr=0.003 iter=1125/2500 loss=0.00312
  derivmatch lr=0.003 iter=1250/2500 loss=0.002721
  derivmatch lr=0.003 iter=1375/2500 loss=0.002799
  derivmatch lr=0.003 iter=1500/2500 loss=0.002445
  derivmatch lr=0.003 iter=1625/2500 loss=0.002528
  derivmatch lr=0.003 iter=1750/2500 loss=0.002212
  derivmatch lr=0.003 iter=1875/2500 loss=0.002295
  derivmatch lr=0.003 iter=2000/2500 loss=0.002009
  derivmatch lr=0.003 iter=2125/2500 loss=0.002088
  derivmatch lr=0.003 iter=2250/2500 loss=0.001828
  derivmatch lr=0.003 iter=2375/2500 loss=0.001907
  derivmatch lr=0.003 iter=2500/2500 loss=0.001678
  derivmatch lr=0.003 iter=2500/2500 loss=0.001678
  derivmatch lr=0.001 iter=125/2500 loss=0.0003808
  derivmatch lr=0.001 iter=250/2500 loss=0.0003338
  derivmatch lr=0.001 iter=375/2500 loss=0.000305
  derivmatch lr=0.001 iter=500/2500 loss=0.0002806
  derivmatch lr=0.001 iter=625/2500 loss=0.0002596
  derivmatch lr=0.001 iter=750/2500 loss=0.002249
  derivmatch lr=0.001 iter=875/2500 loss=0.0002343
  derivmatch lr=0.001 iter=1000/2500 loss=0.0002741
  derivmatch lr=0.001 iter=1125/2500 loss=0.0002318
  derivmatch lr=0.001 iter=1250/2500 loss=0.0003242
  derivmatch lr=0.001 iter=1375/2500 loss=0.0005192
  derivmatch lr=0.001 iter=1500/2500 loss=0.0004776
  derivmatch lr=0.001 iter=1625/2500 loss=0.0004137
  derivmatch lr=0.001 iter=1750/2500 loss=0.0005586
  derivmatch lr=0.001 iter=1875/2500 loss=0.0003505
  derivmatch lr=0.001 iter=2000/2500 loss=0.0002169
  derivmatch lr=0.001 iter=2125/2500 loss=0.0002356
  derivmatch lr=0.001 iter=2250/2500 loss=0.0004771
  derivmatch lr=0.001 iter=2375/2500 loss=0.0004633
  derivmatch lr=0.001 iter=2500/2500 loss=0.0001466
  derivmatch lr=0.001 iter=2500/2500 loss=0.0001466
  derivmatch lr=0.0003 iter=80/1600 loss=0.0001519
  derivmatch lr=0.0003 iter=160/1600 loss=0.000146
  derivmatch lr=0.0003 iter=240/1600 loss=0.0001451
  derivmatch lr=0.0003 iter=320/1600 loss=0.0001442
  derivmatch lr=0.0003 iter=400/1600 loss=0.0001432
  derivmatch lr=0.0003 iter=480/1600 loss=0.0001422
  derivmatch lr=0.0003 iter=560/1600 loss=0.0001411
  derivmatch lr=0.0003 iter=640/1600 loss=0.0001399
  derivmatch lr=0.0003 iter=720/1600 loss=0.0001387
  derivmatch lr=0.0003 iter=800/1600 loss=0.0001374
  derivmatch lr=0.0003 iter=880/1600 loss=0.0001361
  derivmatch lr=0.0003 iter=960/1600 loss=0.0001347
  derivmatch lr=0.0003 iter=1040/1600 loss=0.0001332
  derivmatch lr=0.0003 iter=1120/1600 loss=0.0001318
  derivmatch lr=0.0003 iter=1200/1600 loss=0.0001302
  derivmatch lr=0.0003 iter=1280/1600 loss=0.0001286
  derivmatch lr=0.0003 iter=1360/1600 loss=0.000127
  derivmatch lr=0.0003 iter=1440/1600 loss=0.0001254
  derivmatch lr=0.0003 iter=1520/1600 loss=0.0001237
  derivmatch lr=0.0003 iter=1600/1600 loss=0.000122
  derivmatch lr=0.0003 iter=1600/1600 loss=0.000122
derivative matching [32s]  fitloss=0.000122
  [derivative matching]  nrmse=0.0007372  l2=0.03135
  shooting iter=50/1000 loss=0.002363
  shooting iter=100/1000 loss=0.00146
  shooting iter=150/1000 loss=0.001452
  shooting iter=200/1000 loss=0.0009135
  shooting iter=250/1000 loss=0.001006
  shooting iter=300/1000 loss=0.00116
  shooting iter=350/1000 loss=0.001908
  shooting iter=400/1000 loss=0.001097
  shooting iter=450/1000 loss=0.001748
  shooting iter=500/1000 loss=0.001332
  shooting iter=550/1000 loss=0.0007532
  shooting iter=600/1000 loss=0.00109
  shooting iter=650/1000 loss=0.001591
  shooting iter=700/1000 loss=0.001343
  shooting iter=750/1000 loss=0.0006362
  shooting iter=800/1000 loss=0.0006529
  shooting iter=850/1000 loss=0.003685
  shooting iter=900/1000 loss=0.0008178
  shooting iter=950/1000 loss=0.001135
  shooting iter=1000/1000 loss=0.0008047
  shooting iter=1000/1000 loss=0.0004122
shooting [448s]  loss=0.000412
  [final]  nrmse=0.0007372  l2=0.03135
extrapolation window: T=15.0 -> T_test=30.0  n_test=600
  [train]  E_traj=1.365e-6  E_VF=6.273e-5  E_spec=0.5312
  [test ]  E_traj=2.407e7  E_VF=854100.0  E_spec=0.9847
saved /orcd/home/002/txenakis/projects/BVPsolver/src/../data/runs/run_kF5wvBna/davis-skodje_fit.png
saved /orcd/home/002/txenakis/projects/BVPsolver/src/../data/runs/run_kF5wvBna/davis-skodje_fit_extrapolated.png
saved /orcd/home/002/txenakis/projects/BVPsolver/src/../data/runs/run_kF5wvBna/davis-skodje_spectral_fit_extrapolated.png
saved /orcd/home/002/txenakis/projects/BVPsolver/src/../data/runs/run_kF5wvBna/davis-skodje_vf_fit_extrapolated.png
┌ Warning: Attempting to store StiffNN.var"#22#23"{Float64}.
│ JLD2 only stores functions by name.
│  This may not be useful for anonymous functions.
└ @ JLD2 ~/.julia/packages/JLD2/ADycq/src/data/writing_datatypes.jl:447
saved run → /orcd/home/002/txenakis/projects/BVPsolver/src/../data/runs/run_kF5wvBna
