hires  model=mlp width=21 d=8 tlen=50 profile=fast seed=106  solver=Rodas5  N=827
  derivmatch lr=0.01 iter=170/3400 loss=46.14
  derivmatch lr=0.01 iter=340/3400 loss=33.04
  derivmatch lr=0.01 iter=510/3400 loss=52.47
  derivmatch lr=0.01 iter=680/3400 loss=42.61
  derivmatch lr=0.01 iter=850/3400 loss=38.54
  derivmatch lr=0.01 iter=1020/3400 loss=32.73
  derivmatch lr=0.01 iter=1190/3400 loss=25.14
  derivmatch lr=0.01 iter=1360/3400 loss=18.65
  derivmatch lr=0.01 iter=1530/3400 loss=25.75
  derivmatch lr=0.01 iter=1700/3400 loss=17.72
  derivmatch lr=0.01 iter=1870/3400 loss=21.15
  derivmatch lr=0.01 iter=2040/3400 loss=15.95
  derivmatch lr=0.01 iter=2210/3400 loss=17.95
  derivmatch lr=0.01 iter=2380/3400 loss=18.98
  derivmatch lr=0.01 iter=2550/3400 loss=16.19
  derivmatch lr=0.01 iter=2720/3400 loss=15.52
  derivmatch lr=0.01 iter=2890/3400 loss=12.43
  derivmatch lr=0.01 iter=3060/3400 loss=12.46
  derivmatch lr=0.01 iter=3230/3400 loss=13.58
  derivmatch lr=0.01 iter=3400/3400 loss=14.79
  derivmatch lr=0.01 iter=3400/3400 loss=9.463
  derivmatch lr=0.003 iter=125/2500 loss=5.679
  derivmatch lr=0.003 iter=250/2500 loss=6.434
  derivmatch lr=0.003 iter=375/2500 loss=5.171
  derivmatch lr=0.003 iter=500/2500 loss=5.435
  derivmatch lr=0.003 iter=625/2500 loss=5.513
  derivmatch lr=0.003 iter=750/2500 loss=5.096
  derivmatch lr=0.003 iter=875/2500 loss=6.436
  derivmatch lr=0.003 iter=1000/2500 loss=5.531
  derivmatch lr=0.003 iter=1125/2500 loss=5.242
  derivmatch lr=0.003 iter=1250/2500 loss=4.817
  derivmatch lr=0.003 iter=1375/2500 loss=4.982
  derivmatch lr=0.003 iter=1500/2500 loss=7.838
  derivmatch lr=0.003 iter=1625/2500 loss=5.159
  derivmatch lr=0.003 iter=1750/2500 loss=3.928
  derivmatch lr=0.003 iter=1875/2500 loss=6.323
  derivmatch lr=0.003 iter=2000/2500 loss=5.739
  derivmatch lr=0.003 iter=2125/2500 loss=3.899
  derivmatch lr=0.003 iter=2250/2500 loss=4.379
  derivmatch lr=0.003 iter=2375/2500 loss=5.593
  derivmatch lr=0.003 iter=2500/2500 loss=5.95
  derivmatch lr=0.003 iter=2500/2500 loss=2.878
  derivmatch lr=0.001 iter=125/2500 loss=1.449
  derivmatch lr=0.001 iter=250/2500 loss=1.625
  derivmatch lr=0.001 iter=375/2500 loss=1.33
  derivmatch lr=0.001 iter=500/2500 loss=1.905
  derivmatch lr=0.001 iter=625/2500 loss=2.285
  derivmatch lr=0.001 iter=750/2500 loss=2.274
  derivmatch lr=0.001 iter=875/2500 loss=2.057
  derivmatch lr=0.001 iter=1000/2500 loss=1.426
  derivmatch lr=0.001 iter=1125/2500 loss=1.896
  derivmatch lr=0.001 iter=1250/2500 loss=1.52
  derivmatch lr=0.001 iter=1375/2500 loss=1.813
  derivmatch lr=0.001 iter=1500/2500 loss=1.704
  derivmatch lr=0.001 iter=1625/2500 loss=1.916
  derivmatch lr=0.001 iter=1750/2500 loss=1.207
  derivmatch lr=0.001 iter=1875/2500 loss=2.102
  derivmatch lr=0.001 iter=2000/2500 loss=1.724
  derivmatch lr=0.001 iter=2125/2500 loss=1.884
  derivmatch lr=0.001 iter=2250/2500 loss=1.531
  derivmatch lr=0.001 iter=2375/2500 loss=1.373
  derivmatch lr=0.001 iter=2500/2500 loss=1.798
  derivmatch lr=0.001 iter=2500/2500 loss=0.9689
  derivmatch lr=0.0003 iter=80/1600 loss=0.941
  derivmatch lr=0.0003 iter=160/1600 loss=0.7557
  derivmatch lr=0.0003 iter=240/1600 loss=0.7455
  derivmatch lr=0.0003 iter=320/1600 loss=0.6837
  derivmatch lr=0.0003 iter=400/1600 loss=0.578
  derivmatch lr=0.0003 iter=480/1600 loss=0.5635
  derivmatch lr=0.0003 iter=560/1600 loss=0.6118
  derivmatch lr=0.0003 iter=640/1600 loss=1.244
  derivmatch lr=0.0003 iter=720/1600 loss=0.6287
  derivmatch lr=0.0003 iter=800/1600 loss=0.704
  derivmatch lr=0.0003 iter=880/1600 loss=0.6026
  derivmatch lr=0.0003 iter=960/1600 loss=0.6485
  derivmatch lr=0.0003 iter=1040/1600 loss=0.5187
  derivmatch lr=0.0003 iter=1120/1600 loss=0.8747
  derivmatch lr=0.0003 iter=1200/1600 loss=0.5314
  derivmatch lr=0.0003 iter=1280/1600 loss=0.6458
  derivmatch lr=0.0003 iter=1360/1600 loss=0.5817
  derivmatch lr=0.0003 iter=1440/1600 loss=0.7378
  derivmatch lr=0.0003 iter=1520/1600 loss=0.6377
  derivmatch lr=0.0003 iter=1600/1600 loss=0.7306
  derivmatch lr=0.0003 iter=1600/1600 loss=0.4501
derivative matching [33s]  fitloss=0.45
  [derivative matching]  nrmse=0.2931  l2=0.7817
  collocation: M=75 residuals=2176  detecting sparsity + solving...

Algorithm: LevenbergMarquardt(
    trustregion = LevenbergMarquardtTrustRegion(
        β_uphill = 0.0
    ),
    descent = GeodesicAcceleration(
        descent = DampedNewtonDescent(
            linsolve = QRFactorization(
                pivot = NoPivot(),
                blocksize = 16,
                inplace = true
            ),
            initial_damping = 1.0,
            damping_fn = LevenbergMarquardtDampingFunction(
                increase_factor = 2.0,
                decrease_factor = 3.0,
                min_damping = 1.0e-8
            ),
            min_norm_mode = :auto
        ),
        finite_diff_step_geodesic = 0.1,
        α = 0.75
    ),
    autodiff = AutoForwardDiff(),
    vjp_autodiff = AutoFiniteDiff(
        fdtype = Val{:forward}(),
        fdjtype = Val{:forward}(),
        fdhtype = Val{:hcentral}(),
        dir = true
    ),
    jvp_autodiff = AutoForwardDiff(),
    concrete_jac = Val{true}()
)

----    	-------------       	-----------         
Iter    	f(u) 2-norm         	Step 2-norm         
----    	-------------       	-----------         
0       	8.14205188e+02      	NaN                 
1       	7.50697113e+03      	1.19361345e-01      
8       	1.28262432e+03      	2.99318931e-02      
15      	9.27025884e+01      	8.08053019e-02      
22      	1.52273510e+03      	0.00000000e+00      
29      	1.25807853e+02      	8.47137253e-02      
36      	1.62178077e+00      	3.49293241e-02      
43      	5.24910814e-01      	1.89165200e-02      
50      	2.77904091e+00      	4.06061629e-02      
57      	5.90610611e-01      	1.61827893e-02      
64      	2.10358028e-01      	3.32993268e-06      
71      	2.10358028e-01      	2.05708266e-06      
78      	2.10358028e-01      	1.85228103e-06      
85      	2.10358028e-01      	1.66637195e-06      
92      	2.10358028e-01      	1.89750855e-06      
99      	2.10358028e-01      	2.02416265e-06      
106     	2.10358028e-01      	1.76986340e-06      
113     	2.10358028e-01      	1.91858816e-06      
120     	2.10358028e-01      	1.31368907e-06      
127     	2.10358028e-01      	1.71708936e-06      
134     	2.10358028e-01      	1.26997048e-06      
141     	2.10358028e-01      	1.82454199e-06      
148     	2.10358028e-01      	1.33345921e-06      
Final   	2.10358028e-01      
----------------------      
  AMR 1/1: M=75  err=0.00891  obs=0.00371  nrmse=65.4  best=0.293  refined=0
 derivative matching was best (1/1 rounds ran)
collocation [193s]
  [final]  nrmse=0.2931  l2=0.7817
extrapolation window: T=321.8122 -> T_test=643.624  n_test=100
  [train]  E_traj=0.3486  E_VF=0.3856  E_spec=3.858e15
  [test ]  E_traj=24970.0  E_VF=2.54e6  E_spec=1.895e27
saved /orcd/home/002/txenakis/projects/BVPsolver/src/../data/runs/run_aepcLCh5/hires_fit.png
saved /orcd/home/002/txenakis/projects/BVPsolver/src/../data/runs/run_aepcLCh5/hires_fit_extrapolated.png
saved /orcd/home/002/txenakis/projects/BVPsolver/src/../data/runs/run_aepcLCh5/hires_spectral_fit_extrapolated.png
saved /orcd/home/002/txenakis/projects/BVPsolver/src/../data/runs/run_aepcLCh5/hires_vf_fit_extrapolated.png
┌ Warning: Attempting to store StiffNN.var"#18#19"{Type{Float64}}.
│ JLD2 only stores functions by name.
│  This may not be useful for anonymous functions.
└ @ JLD2 ~/.julia/packages/JLD2/ADycq/src/data/writing_datatypes.jl:447
saved run → /orcd/home/002/txenakis/projects/BVPsolver/src/../data/runs/run_aepcLCh5
