hires  model=mlp width=21 d=8 tlen=50 profile=fast seed=117  solver=Rodas5  N=827
  derivmatch lr=0.01 iter=170/3400 loss=35.71
  derivmatch lr=0.01 iter=340/3400 loss=39.23
  derivmatch lr=0.01 iter=510/3400 loss=46.53
  derivmatch lr=0.01 iter=680/3400 loss=41.71
  derivmatch lr=0.01 iter=850/3400 loss=29.37
  derivmatch lr=0.01 iter=1020/3400 loss=37.71
  derivmatch lr=0.01 iter=1190/3400 loss=28.58
  derivmatch lr=0.01 iter=1360/3400 loss=25.23
  derivmatch lr=0.01 iter=1530/3400 loss=25.41
  derivmatch lr=0.01 iter=1700/3400 loss=16.12
  derivmatch lr=0.01 iter=1870/3400 loss=19.16
  derivmatch lr=0.01 iter=2040/3400 loss=22.49
  derivmatch lr=0.01 iter=2210/3400 loss=24.46
  derivmatch lr=0.01 iter=2380/3400 loss=17.7
  derivmatch lr=0.01 iter=2550/3400 loss=11.99
  derivmatch lr=0.01 iter=2720/3400 loss=16.44
  derivmatch lr=0.01 iter=2890/3400 loss=20.69
  derivmatch lr=0.01 iter=3060/3400 loss=20.46
  derivmatch lr=0.01 iter=3230/3400 loss=21.01
  derivmatch lr=0.01 iter=3400/3400 loss=17.52
  derivmatch lr=0.01 iter=3400/3400 loss=11.31
  derivmatch lr=0.003 iter=125/2500 loss=7.79
  derivmatch lr=0.003 iter=250/2500 loss=8.692
  derivmatch lr=0.003 iter=375/2500 loss=7.684
  derivmatch lr=0.003 iter=500/2500 loss=9.249
  derivmatch lr=0.003 iter=625/2500 loss=7.562
  derivmatch lr=0.003 iter=750/2500 loss=9.712
  derivmatch lr=0.003 iter=875/2500 loss=8.834
  derivmatch lr=0.003 iter=1000/2500 loss=5.609
  derivmatch lr=0.003 iter=1125/2500 loss=6.021
  derivmatch lr=0.003 iter=1250/2500 loss=7.68
  derivmatch lr=0.003 iter=1375/2500 loss=6.694
  derivmatch lr=0.003 iter=1500/2500 loss=7.576
  derivmatch lr=0.003 iter=1625/2500 loss=6.386
  derivmatch lr=0.003 iter=1750/2500 loss=5.506
  derivmatch lr=0.003 iter=1875/2500 loss=6.365
  derivmatch lr=0.003 iter=2000/2500 loss=5.701
  derivmatch lr=0.003 iter=2125/2500 loss=5.451
  derivmatch lr=0.003 iter=2250/2500 loss=5.718
  derivmatch lr=0.003 iter=2375/2500 loss=6.291
  derivmatch lr=0.003 iter=2500/2500 loss=7.619
  derivmatch lr=0.003 iter=2500/2500 loss=3.405
  derivmatch lr=0.001 iter=125/2500 loss=3.072
  derivmatch lr=0.001 iter=250/2500 loss=2.19
  derivmatch lr=0.001 iter=375/2500 loss=2.325
  derivmatch lr=0.001 iter=500/2500 loss=2.668
  derivmatch lr=0.001 iter=625/2500 loss=2.332
  derivmatch lr=0.001 iter=750/2500 loss=2.389
  derivmatch lr=0.001 iter=875/2500 loss=2.324
  derivmatch lr=0.001 iter=1000/2500 loss=2.315
  derivmatch lr=0.001 iter=1125/2500 loss=2.701
  derivmatch lr=0.001 iter=1250/2500 loss=1.866
  derivmatch lr=0.001 iter=1375/2500 loss=2.226
  derivmatch lr=0.001 iter=1500/2500 loss=2.498
  derivmatch lr=0.001 iter=1625/2500 loss=1.787
  derivmatch lr=0.001 iter=1750/2500 loss=2.373
  derivmatch lr=0.001 iter=1875/2500 loss=1.464
  derivmatch lr=0.001 iter=2000/2500 loss=2.099
  derivmatch lr=0.001 iter=2125/2500 loss=2.196
  derivmatch lr=0.001 iter=2250/2500 loss=1.868
  derivmatch lr=0.001 iter=2375/2500 loss=2.937
  derivmatch lr=0.001 iter=2500/2500 loss=1.907
  derivmatch lr=0.001 iter=2500/2500 loss=1.2
  derivmatch lr=0.0003 iter=80/1600 loss=0.7133
  derivmatch lr=0.0003 iter=160/1600 loss=0.8402
  derivmatch lr=0.0003 iter=240/1600 loss=0.7964
  derivmatch lr=0.0003 iter=320/1600 loss=0.7048
  derivmatch lr=0.0003 iter=400/1600 loss=0.6594
  derivmatch lr=0.0003 iter=480/1600 loss=0.8949
  derivmatch lr=0.0003 iter=560/1600 loss=0.9888
  derivmatch lr=0.0003 iter=640/1600 loss=0.608
  derivmatch lr=0.0003 iter=720/1600 loss=0.8947
  derivmatch lr=0.0003 iter=800/1600 loss=1.009
  derivmatch lr=0.0003 iter=880/1600 loss=0.7511
  derivmatch lr=0.0003 iter=960/1600 loss=0.7764
  derivmatch lr=0.0003 iter=1040/1600 loss=0.8865
  derivmatch lr=0.0003 iter=1120/1600 loss=0.5658
  derivmatch lr=0.0003 iter=1200/1600 loss=0.657
  derivmatch lr=0.0003 iter=1280/1600 loss=0.616
  derivmatch lr=0.0003 iter=1360/1600 loss=0.6542
  derivmatch lr=0.0003 iter=1440/1600 loss=0.6266
  derivmatch lr=0.0003 iter=1520/1600 loss=0.6682
  derivmatch lr=0.0003 iter=1600/1600 loss=0.9023
  derivmatch lr=0.0003 iter=1600/1600 loss=0.4459
derivative matching [23s]  fitloss=0.446
  [derivative matching]  nrmse=30.27  l2=84.97
  shooting iter=50/1000 loss=0.2223
  shooting iter=100/1000 loss=0.0837
  shooting iter=150/1000 loss=0.1127
  shooting iter=200/1000 loss=0.06434
  shooting iter=250/1000 loss=0.04737
  shooting iter=300/1000 loss=0.07005
  shooting iter=350/1000 loss=0.04531
  shooting iter=400/1000 loss=0.05872
  shooting iter=450/1000 loss=0.06228
  shooting iter=500/1000 loss=0.0687
  shooting iter=550/1000 loss=0.06694
  shooting iter=600/1000 loss=0.04205
  shooting iter=650/1000 loss=0.05347
  shooting iter=700/1000 loss=0.04641
  shooting iter=750/1000 loss=0.04137
  shooting iter=800/1000 loss=0.06989
  shooting iter=850/1000 loss=0.03624
  shooting iter=900/1000 loss=0.03913
  shooting iter=950/1000 loss=0.04518
  shooting iter=1000/1000 loss=0.05655
  shooting iter=1000/1000 loss=0.03024
shooting [2408s]  loss=0.0302
  [final]  nrmse=0.07883  l2=0.7418
extrapolation window: T=321.8122 -> T_test=643.624  n_test=100
  [train]  E_traj=0.02193  E_VF=0.2657  E_spec=2.654e18
  [test ]  E_traj=20980.0  E_VF=7.511e10  E_spec=1.089e30
saved /orcd/home/002/txenakis/projects/BVPsolver/src/../data/runs/run_c534MtU7/hires_fit.png
saved /orcd/home/002/txenakis/projects/BVPsolver/src/../data/runs/run_c534MtU7/hires_fit_extrapolated.png
saved /orcd/home/002/txenakis/projects/BVPsolver/src/../data/runs/run_c534MtU7/hires_spectral_fit_extrapolated.png
saved /orcd/home/002/txenakis/projects/BVPsolver/src/../data/runs/run_c534MtU7/hires_vf_fit_extrapolated.png
┌ Warning: Attempting to store StiffNN.var"#18#19"{Type{Float64}}.
│ JLD2 only stores functions by name.
│  This may not be useful for anonymous functions.
└ @ JLD2 ~/.julia/packages/JLD2/ADycq/src/data/writing_datatypes.jl:447
saved run → /orcd/home/002/txenakis/projects/BVPsolver/src/../data/runs/run_c534MtU7
