┌ Warning: Verbosity toggle: dt_epsilon 
│  Initial timestep too small (near machine epsilon), using default: dt = 1.0e-6
└ @ OrdinaryDiffEqCore ~/.julia/packages/OrdinaryDiffEqCore/NVUZl/src/initdt.jl:222
pollu  model=stiff d=20 tlen=50 profile=fast seed=15  solver=Rodas5  N=4744
  derivmatch lr=0.01 iter=510/10200 loss=0.05332
  derivmatch lr=0.01 iter=1020/10200 loss=0.01803
  derivmatch lr=0.01 iter=1530/10200 loss=0.01537
  derivmatch lr=0.01 iter=2040/10200 loss=0.00952
  derivmatch lr=0.01 iter=2550/10200 loss=0.004549
  derivmatch lr=0.01 iter=3060/10200 loss=0.003531
  derivmatch lr=0.01 iter=3570/10200 loss=0.002546
  derivmatch lr=0.01 iter=4080/10200 loss=0.002499
  derivmatch lr=0.01 iter=4590/10200 loss=0.002016
  derivmatch lr=0.01 iter=5100/10200 loss=0.002342
  derivmatch lr=0.01 iter=5610/10200 loss=0.002429
  derivmatch lr=0.01 iter=6120/10200 loss=0.001895
  derivmatch lr=0.01 iter=6630/10200 loss=0.001917
  derivmatch lr=0.01 iter=7140/10200 loss=0.001626
  derivmatch lr=0.01 iter=7650/10200 loss=0.001727
  derivmatch lr=0.01 iter=8160/10200 loss=0.001821
  derivmatch lr=0.01 iter=8670/10200 loss=0.001355
  derivmatch lr=0.01 iter=9180/10200 loss=0.002239
  derivmatch lr=0.01 iter=9690/10200 loss=0.001059
  derivmatch lr=0.01 iter=10200/10200 loss=0.001189
  derivmatch lr=0.01 iter=10200/10200 loss=0.0003313
  derivmatch lr=0.003 iter=375/7500 loss=0.0001358
  derivmatch lr=0.003 iter=750/7500 loss=0.0001155
  derivmatch lr=0.003 iter=1125/7500 loss=0.0001016
  derivmatch lr=0.003 iter=1500/7500 loss=0.0002851
  derivmatch lr=0.003 iter=1875/7500 loss=0.0001852
  derivmatch lr=0.003 iter=2250/7500 loss=0.0002289
  derivmatch lr=0.003 iter=2625/7500 loss=0.0003314
  derivmatch lr=0.003 iter=3000/7500 loss=0.0002685
  derivmatch lr=0.003 iter=3375/7500 loss=8.432e-5
  derivmatch lr=0.003 iter=3750/7500 loss=0.0001212
  derivmatch lr=0.003 iter=4125/7500 loss=6.813e-5
  derivmatch lr=0.003 iter=4500/7500 loss=0.000107
  derivmatch lr=0.003 iter=4875/7500 loss=0.0003015
  derivmatch lr=0.003 iter=5250/7500 loss=0.0001666
  derivmatch lr=0.003 iter=5625/7500 loss=4.145e-5
  derivmatch lr=0.003 iter=6000/7500 loss=9.325e-5
  derivmatch lr=0.003 iter=6375/7500 loss=4.806e-5
  derivmatch lr=0.003 iter=6750/7500 loss=5.265e-5
  derivmatch lr=0.003 iter=7125/7500 loss=0.0001369
  derivmatch lr=0.003 iter=7500/7500 loss=6.616e-5
  derivmatch lr=0.003 iter=7500/7500 loss=3.698e-5
  derivmatch lr=0.001 iter=375/7500 loss=3.595e-5
  derivmatch lr=0.001 iter=750/7500 loss=3.583e-5
  derivmatch lr=0.001 iter=1125/7500 loss=3.376e-5
  derivmatch lr=0.001 iter=1500/7500 loss=3.253e-5
  derivmatch lr=0.001 iter=1875/7500 loss=4.69e-5
  derivmatch lr=0.001 iter=2250/7500 loss=3.357e-5
  derivmatch lr=0.001 iter=2625/7500 loss=3.019e-5
  derivmatch lr=0.001 iter=3000/7500 loss=2.82e-5
  derivmatch lr=0.001 iter=3375/7500 loss=5.118e-5
  derivmatch lr=0.001 iter=3750/7500 loss=0.0001245
  derivmatch lr=0.001 iter=4125/7500 loss=0.0001096
  derivmatch lr=0.001 iter=4500/7500 loss=6.342e-5
  derivmatch lr=0.001 iter=4875/7500 loss=2.049e-5
  derivmatch lr=0.001 iter=5250/7500 loss=1.969e-5
  derivmatch lr=0.001 iter=5625/7500 loss=2.786e-5
  derivmatch lr=0.001 iter=6000/7500 loss=1.8e-5
  derivmatch lr=0.001 iter=6375/7500 loss=1.672e-5
  derivmatch lr=0.001 iter=6750/7500 loss=1.563e-5
  derivmatch lr=0.001 iter=7125/7500 loss=3.371e-5
  derivmatch lr=0.001 iter=7500/7500 loss=1.859e-5
  derivmatch lr=0.001 iter=7500/7500 loss=1.413e-5
  derivmatch lr=0.0003 iter=240/4800 loss=1.377e-5
  derivmatch lr=0.0003 iter=480/4800 loss=1.361e-5
  derivmatch lr=0.0003 iter=720/4800 loss=1.34e-5
  derivmatch lr=0.0003 iter=960/4800 loss=1.315e-5
  derivmatch lr=0.0003 iter=1200/4800 loss=1.287e-5
  derivmatch lr=0.0003 iter=1440/4800 loss=1.255e-5
  derivmatch lr=0.0003 iter=1680/4800 loss=1.223e-5
  derivmatch lr=0.0003 iter=1920/4800 loss=1.194e-5
  derivmatch lr=0.0003 iter=2160/4800 loss=1.173e-5
  derivmatch lr=0.0003 iter=2400/4800 loss=2.149e-5
  derivmatch lr=0.0003 iter=2640/4800 loss=1.107e-5
  derivmatch lr=0.0003 iter=2880/4800 loss=1.114e-5
  derivmatch lr=0.0003 iter=3120/4800 loss=2.187e-5
  derivmatch lr=0.0003 iter=3360/4800 loss=1.036e-5
  derivmatch lr=0.0003 iter=3600/4800 loss=1.014e-5
  derivmatch lr=0.0003 iter=3840/4800 loss=1.246e-5
  derivmatch lr=0.0003 iter=4080/4800 loss=3.156e-5
  derivmatch lr=0.0003 iter=4320/4800 loss=9.778e-6
  derivmatch lr=0.0003 iter=4560/4800 loss=9.423e-6
  derivmatch lr=0.0003 iter=4800/4800 loss=1.069e-5
  derivmatch lr=0.0003 iter=4800/4800 loss=9.284e-6
derivative matching [47s]  fitloss=9.28e-6
  [derivative matching]  nrmse=0.06081  l2=0.00358
  collocation: M=72 residuals=5260  detecting sparsity + solving...

Algorithm: LevenbergMarquardt(
    trustregion = LevenbergMarquardtTrustRegion(
        β_uphill = 0.0
    ),
    descent = GeodesicAcceleration(
        descent = DampedNewtonDescent(
            linsolve = KLUFactorization(
                reuse_symbolic = true,
                check_pattern = true
            ),
            initial_damping = 1.0,
            damping_fn = LevenbergMarquardtDampingFunction(
                increase_factor = 2.0,
                decrease_factor = 3.0,
                min_damping = 1.0e-8
            ),
            min_norm_mode = :auto
        ),
        finite_diff_step_geodesic = 0.1,
        α = 0.75
    ),
    autodiff = AutoForwardDiff(),
    vjp_autodiff = AutoFiniteDiff(
        fdtype = Val{:forward}(),
        fdjtype = Val{:forward}(),
        fdhtype = Val{:hcentral}(),
        dir = true
    ),
    jvp_autodiff = AutoForwardDiff(),
    concrete_jac = Val{true}()
)

----    	-------------       	-----------         
Iter    	f(u) 2-norm         	Step 2-norm         
----    	-------------       	-----------         
0       	8.14965945e+04      	NaN                 
1       	8.14965945e+04      	0.00000000e+00      
8       	4.98499513e+04      	4.13101196e-02      
15      	3.72888832e+04      	0.00000000e+00      
22      	2.56835099e+04      	0.00000000e+00      
29      	9.77900686e+03      	3.08603452e-02      
36      	6.28868606e+03      	0.00000000e+00      
43      	6.16509063e+03      	1.98251778e-03      
50      	4.50997542e+03      	0.00000000e+00      
57      	4.26730701e+03      	2.06885905e-03      
64      	4.14383052e+03      	0.00000000e+00      
71      	4.01942602e+03      	1.74664525e-03      
78      	3.84828447e+03      	0.00000000e+00      
85      	3.75182558e+03      	0.00000000e+00      
92      	3.64602708e+03      	2.14883182e-03      
99      	3.32151665e+03      	0.00000000e+00      
106     	3.10593635e+03      	0.00000000e+00      
113     	3.08860697e+03      	2.13388177e-03      
120     	2.96465183e+03      	0.00000000e+00      
127     	2.47271786e+03      	7.71266859e-02      
134     	2.47271786e+03      	0.00000000e+00      
141     	2.45330924e+03      	4.92129395e-03      
148     	1.79043158e+03      	0.00000000e+00      
Final   	1.79043158e+03      
----------------------      
  AMR 1/1: M=72  err=2.23e6  obs=5.81e-5  nrmse=0.0219  best=0.0219  refined=0
collocation [6506s]
  [final]  nrmse=0.02191  l2=0.001091
┌ Warning: Verbosity toggle: dt_epsilon 
│  Initial timestep too small (near machine epsilon), using default: dt = 1.0e-6
└ @ OrdinaryDiffEqCore ~/.julia/packages/OrdinaryDiffEqCore/NVUZl/src/initdt.jl:222
extrapolation window: T=60.0 -> T_test=120.0  n_test=100
  [train]  E_traj=0.0009787  E_VF=0.1005  E_spec=1.6400000000000001e302
  [test ]  E_traj=0.008087  E_VF=1.271e8  E_spec=2.707e302
┌ Warning: No strict ticks found
└ @ PlotUtils ~/.julia/packages/PlotUtils/HX80C/src/ticks.jl:194
┌ Warning: No strict ticks found
└ @ PlotUtils ~/.julia/packages/PlotUtils/HX80C/src/ticks.jl:194
saved /orcd/home/002/txenakis/projects/BVPsolver/src/../data/runs/run_3Dvf3Sjs/pollu_fit.png
┌ Warning: No strict ticks found
└ @ PlotUtils ~/.julia/packages/PlotUtils/HX80C/src/ticks.jl:194
┌ Warning: No strict ticks found
└ @ PlotUtils ~/.julia/packages/PlotUtils/HX80C/src/ticks.jl:194
saved /orcd/home/002/txenakis/projects/BVPsolver/src/../data/runs/run_3Dvf3Sjs/pollu_fit_extrapolated.png
saved /orcd/home/002/txenakis/projects/BVPsolver/src/../data/runs/run_3Dvf3Sjs/pollu_spectral_fit_extrapolated.png
saved /orcd/home/002/txenakis/projects/BVPsolver/src/../data/runs/run_3Dvf3Sjs/pollu_vf_fit_extrapolated.png
┌ Warning: Attempting to store StiffNN.var"#16#17"{Vector{Float64}}.
│ JLD2 only stores functions by name.
│  This may not be useful for anonymous functions.
└ @ JLD2 ~/.julia/packages/JLD2/ADycq/src/data/writing_datatypes.jl:447
saved run → /orcd/home/002/txenakis/projects/BVPsolver/src/../data/runs/run_3Dvf3Sjs
