orego  model=stiff width=16 d=3 tlen=112 profile=fast seed=134  solver=Rodas5  N=486
  derivmatch lr=0.01 iter=170/3400 loss=0.06672
  derivmatch lr=0.01 iter=340/3400 loss=0.02539
  derivmatch lr=0.01 iter=510/3400 loss=0.01487
  derivmatch lr=0.01 iter=680/3400 loss=0.01018
  derivmatch lr=0.01 iter=850/3400 loss=0.007604
  derivmatch lr=0.01 iter=1020/3400 loss=0.008916
  derivmatch lr=0.01 iter=1190/3400 loss=0.006912
  derivmatch lr=0.01 iter=1360/3400 loss=0.004974
  derivmatch lr=0.01 iter=1530/3400 loss=0.004003
  derivmatch lr=0.01 iter=1700/3400 loss=0.003362
  derivmatch lr=0.01 iter=1870/3400 loss=0.002868
  derivmatch lr=0.01 iter=2040/3400 loss=0.002806
  derivmatch lr=0.01 iter=2210/3400 loss=0.002531
  derivmatch lr=0.01 iter=2380/3400 loss=0.00228
  derivmatch lr=0.01 iter=2550/3400 loss=0.002055
  derivmatch lr=0.01 iter=2720/3400 loss=0.001854
  derivmatch lr=0.01 iter=2890/3400 loss=0.001675
  derivmatch lr=0.01 iter=3060/3400 loss=0.001518
  derivmatch lr=0.01 iter=3230/3400 loss=0.001386
  derivmatch lr=0.01 iter=3400/3400 loss=0.00128
  derivmatch lr=0.01 iter=3400/3400 loss=0.001082
  derivmatch lr=0.003 iter=125/2500 loss=0.0008217
  derivmatch lr=0.003 iter=250/2500 loss=0.0007493
  derivmatch lr=0.003 iter=375/2500 loss=0.0006799
  derivmatch lr=0.003 iter=500/2500 loss=0.0006139
  derivmatch lr=0.003 iter=625/2500 loss=0.0005521
  derivmatch lr=0.003 iter=750/2500 loss=0.0005904
  derivmatch lr=0.003 iter=875/2500 loss=0.0004861
  derivmatch lr=0.003 iter=1000/2500 loss=0.0004505
  derivmatch lr=0.003 iter=1125/2500 loss=0.0004191
  derivmatch lr=0.003 iter=1250/2500 loss=0.0003902
  derivmatch lr=0.003 iter=1375/2500 loss=0.0003636
  derivmatch lr=0.003 iter=1500/2500 loss=0.0003392
  derivmatch lr=0.003 iter=1625/2500 loss=0.0003168
  derivmatch lr=0.003 iter=1750/2500 loss=0.0002962
  derivmatch lr=0.003 iter=1875/2500 loss=0.0003203
  derivmatch lr=0.003 iter=2000/2500 loss=0.000301
  derivmatch lr=0.003 iter=2125/2500 loss=0.000297
  derivmatch lr=0.003 iter=2250/2500 loss=0.0002738
  derivmatch lr=0.003 iter=2375/2500 loss=0.0002725
  derivmatch lr=0.003 iter=2500/2500 loss=0.0002508
  derivmatch lr=0.003 iter=2500/2500 loss=0.0002508
  derivmatch lr=0.001 iter=125/2500 loss=0.0002091
  derivmatch lr=0.001 iter=250/2500 loss=0.0002057
  derivmatch lr=0.001 iter=375/2500 loss=0.0002013
  derivmatch lr=0.001 iter=500/2500 loss=0.0001962
  derivmatch lr=0.001 iter=625/2500 loss=0.0001905
  derivmatch lr=0.001 iter=750/2500 loss=0.0001842
  derivmatch lr=0.001 iter=875/2500 loss=0.0001774
  derivmatch lr=0.001 iter=1000/2500 loss=0.0001703
  derivmatch lr=0.001 iter=1125/2500 loss=0.0001633
  derivmatch lr=0.001 iter=1250/2500 loss=0.0001615
  derivmatch lr=0.001 iter=1375/2500 loss=0.0001506
  derivmatch lr=0.001 iter=1500/2500 loss=0.0001431
  derivmatch lr=0.001 iter=1625/2500 loss=0.0001746
  derivmatch lr=0.001 iter=1750/2500 loss=0.0001338
  derivmatch lr=0.001 iter=1875/2500 loss=0.0001307
  derivmatch lr=0.001 iter=2000/2500 loss=0.0001233
  derivmatch lr=0.001 iter=2125/2500 loss=0.0001193
  derivmatch lr=0.001 iter=2250/2500 loss=0.0001166
  derivmatch lr=0.001 iter=2375/2500 loss=0.0001126
  derivmatch lr=0.001 iter=2500/2500 loss=0.0001179
  derivmatch lr=0.001 iter=2500/2500 loss=0.0001093
  derivmatch lr=0.0003 iter=80/1600 loss=0.0001088
  derivmatch lr=0.0003 iter=160/1600 loss=0.0001084
  derivmatch lr=0.0003 iter=240/1600 loss=0.0001079
  derivmatch lr=0.0003 iter=320/1600 loss=0.0001074
  derivmatch lr=0.0003 iter=400/1600 loss=0.0001069
  derivmatch lr=0.0003 iter=480/1600 loss=0.0001063
  derivmatch lr=0.0003 iter=560/1600 loss=0.0001056
  derivmatch lr=0.0003 iter=640/1600 loss=0.0001049
  derivmatch lr=0.0003 iter=720/1600 loss=0.0001042
  derivmatch lr=0.0003 iter=800/1600 loss=0.0001035
  derivmatch lr=0.0003 iter=880/1600 loss=0.0001027
  derivmatch lr=0.0003 iter=960/1600 loss=0.0001019
  derivmatch lr=0.0003 iter=1040/1600 loss=0.000101
  derivmatch lr=0.0003 iter=1120/1600 loss=0.0001002
  derivmatch lr=0.0003 iter=1200/1600 loss=9.933e-5
  derivmatch lr=0.0003 iter=1280/1600 loss=9.846e-5
  derivmatch lr=0.0003 iter=1360/1600 loss=9.758e-5
  derivmatch lr=0.0003 iter=1440/1600 loss=9.668e-5
  derivmatch lr=0.0003 iter=1520/1600 loss=9.579e-5
  derivmatch lr=0.0003 iter=1600/1600 loss=9.488e-5
  derivmatch lr=0.0003 iter=1600/1600 loss=9.488e-5
derivative matching [33s]  fitloss=9.49e-5
  [derivative matching]  nrmse=0.484  l2=476600.0
  shooting iter=50/1000 loss=0.2212
  shooting iter=100/1000 loss=0.2193
  shooting iter=150/1000 loss=0.2177
  shooting iter=200/1000 loss=0.216
  shooting iter=250/1000 loss=0.2128
  shooting iter=300/1000 loss=0.203
  shooting iter=350/1000 loss=0.1662
  shooting iter=400/1000 loss=0.1636
  shooting iter=450/1000 loss=0.1644
  shooting iter=500/1000 loss=0.1436
  shooting iter=550/1000 loss=0.2239
  shooting iter=600/1000 loss=0.2214
  shooting iter=650/1000 loss=0.2204
  shooting iter=700/1000 loss=0.2201
  shooting iter=750/1000 loss=0.2199
  shooting iter=800/1000 loss=0.2198
  shooting iter=850/1000 loss=0.2197
  shooting iter=900/1000 loss=0.2196
  shooting iter=950/1000 loss=0.2195
  shooting iter=1000/1000 loss=0.2194
  shooting iter=1000/1000 loss=0.1367
shooting [2386s]  loss=0.137
  [final]  nrmse=0.2866  l2=435700.0
extrapolation window: T=180.0 -> T_test=360.0  n_test=224
  [train]  E_traj=0.427  E_VF=0.3014  E_spec=0.9646
  [test ]  E_traj=0.949  E_VF=0.06087  E_spec=1.032
saved /orcd/home/002/txenakis/projects/BVPsolver/src/../data/runs/run_46eJzUVB/orego_fit.png
saved /orcd/home/002/txenakis/projects/BVPsolver/src/../data/runs/run_46eJzUVB/orego_fit_extrapolated.png
saved /orcd/home/002/txenakis/projects/BVPsolver/src/../data/runs/run_46eJzUVB/orego_spectral_fit_extrapolated.png
saved /orcd/home/002/txenakis/projects/BVPsolver/src/../data/runs/run_46eJzUVB/orego_vf_fit_extrapolated.png
┌ Warning: Attempting to store StiffNN.var"#20#21"{Float64, Float64, Float64}.
│ JLD2 only stores functions by name.
│  This may not be useful for anonymous functions.
└ @ JLD2 ~/.julia/packages/JLD2/ADycq/src/data/writing_datatypes.jl:447
saved run → /orcd/home/002/txenakis/projects/BVPsolver/src/../data/runs/run_46eJzUVB
