rober  model=stiff width=12 d=3 tlen=50 profile=fast seed=215  solver=Rodas5  N=318
  shooting iter=50/1000 loss=0.1566
  shooting iter=100/1000 loss=0.1038
  shooting iter=150/1000 loss=0.07075
  shooting iter=200/1000 loss=0.05443
  shooting iter=250/1000 loss=0.05387
  shooting iter=300/1000 loss=0.05395
  shooting iter=350/1000 loss=0.05413
  shooting iter=400/1000 loss=0.05374
  shooting iter=450/1000 loss=0.05326
  shooting iter=500/1000 loss=0.05342
  shooting iter=550/1000 loss=0.05359
  shooting iter=600/1000 loss=0.05336
  shooting iter=650/1000 loss=0.05299
  shooting iter=700/1000 loss=0.05308
  shooting iter=750/1000 loss=0.05303
  shooting iter=800/1000 loss=0.05313
  shooting iter=850/1000 loss=0.05287
  shooting iter=900/1000 loss=0.05288
  shooting iter=950/1000 loss=0.05319
  shooting iter=1000/1000 loss=0.05325
  shooting iter=1000/1000 loss=0.05256
shooting [389s]  loss=0.0526
  [final]  nrmse=0.1829  l2=1.485
extrapolation window: T=1000.0 -> T_test=1.0e12  n_test=100
  [train]  E_traj=0.3353  E_VF=0.7047  E_spec=2.482e26
  [test ]  E_traj=4.223  E_VF=3.754e13  E_spec=2.904e24
saved /orcd/home/002/txenakis/projects/BVPsolver/src/../data/runs/run_AcK8PPFP/rober_fit.png
saved /orcd/home/002/txenakis/projects/BVPsolver/src/../data/runs/run_AcK8PPFP/rober_fit_extrapolated.png
saved /orcd/home/002/txenakis/projects/BVPsolver/src/../data/runs/run_AcK8PPFP/rober_spectral_fit_extrapolated.png
saved /orcd/home/002/txenakis/projects/BVPsolver/src/../data/runs/run_AcK8PPFP/rober_vf_fit_extrapolated.png
┌ Warning: Attempting to store StiffNN.var"#12#13"{Float64, Float64, Float64}.
│ JLD2 only stores functions by name.
│  This may not be useful for anonymous functions.
└ @ JLD2 ~/.julia/packages/JLD2/ADycq/src/data/writing_datatypes.jl:447
saved run → /orcd/home/002/txenakis/projects/BVPsolver/src/../data/runs/run_AcK8PPFP
