hires  model=mlp width=21 d=8 tlen=50 profile=fast seed=145  solver=Rodas5  N=827
  derivmatch lr=0.01 iter=170/3400 loss=44.4
  derivmatch lr=0.01 iter=340/3400 loss=36.66
  derivmatch lr=0.01 iter=510/3400 loss=39.63
  derivmatch lr=0.01 iter=680/3400 loss=31.41
  derivmatch lr=0.01 iter=850/3400 loss=29.8
  derivmatch lr=0.01 iter=1020/3400 loss=25.07
  derivmatch lr=0.01 iter=1190/3400 loss=17.73
  derivmatch lr=0.01 iter=1360/3400 loss=24.1
  derivmatch lr=0.01 iter=1530/3400 loss=18.25
  derivmatch lr=0.01 iter=1700/3400 loss=18.37
  derivmatch lr=0.01 iter=1870/3400 loss=12.48
  derivmatch lr=0.01 iter=2040/3400 loss=20.04
  derivmatch lr=0.01 iter=2210/3400 loss=13.75
  derivmatch lr=0.01 iter=2380/3400 loss=12.66
  derivmatch lr=0.01 iter=2550/3400 loss=14.37
  derivmatch lr=0.01 iter=2720/3400 loss=14.7
  derivmatch lr=0.01 iter=2890/3400 loss=13.94
  derivmatch lr=0.01 iter=3060/3400 loss=14.18
  derivmatch lr=0.01 iter=3230/3400 loss=9.91
  derivmatch lr=0.01 iter=3400/3400 loss=13.56
  derivmatch lr=0.01 iter=3400/3400 loss=8.977
  derivmatch lr=0.003 iter=125/2500 loss=6.6
  derivmatch lr=0.003 iter=250/2500 loss=5.789
  derivmatch lr=0.003 iter=375/2500 loss=4.875
  derivmatch lr=0.003 iter=500/2500 loss=4.916
  derivmatch lr=0.003 iter=625/2500 loss=5.375
  derivmatch lr=0.003 iter=750/2500 loss=3.915
  derivmatch lr=0.003 iter=875/2500 loss=5.351
  derivmatch lr=0.003 iter=1000/2500 loss=5.734
  derivmatch lr=0.003 iter=1125/2500 loss=5.486
  derivmatch lr=0.003 iter=1250/2500 loss=5.131
  derivmatch lr=0.003 iter=1375/2500 loss=5.257
  derivmatch lr=0.003 iter=1500/2500 loss=4.21
  derivmatch lr=0.003 iter=1625/2500 loss=3.659
  derivmatch lr=0.003 iter=1750/2500 loss=6.652
  derivmatch lr=0.003 iter=1875/2500 loss=5.608
  derivmatch lr=0.003 iter=2000/2500 loss=5.175
  derivmatch lr=0.003 iter=2125/2500 loss=4.466
  derivmatch lr=0.003 iter=2250/2500 loss=5.733
  derivmatch lr=0.003 iter=2375/2500 loss=4.064
  derivmatch lr=0.003 iter=2500/2500 loss=6.117
  derivmatch lr=0.003 iter=2500/2500 loss=2.977
  derivmatch lr=0.001 iter=125/2500 loss=2.41
  derivmatch lr=0.001 iter=250/2500 loss=2.074
  derivmatch lr=0.001 iter=375/2500 loss=2.329
  derivmatch lr=0.001 iter=500/2500 loss=2.022
  derivmatch lr=0.001 iter=625/2500 loss=2.014
  derivmatch lr=0.001 iter=750/2500 loss=1.478
  derivmatch lr=0.001 iter=875/2500 loss=2.559
  derivmatch lr=0.001 iter=1000/2500 loss=2.252
  derivmatch lr=0.001 iter=1125/2500 loss=2.237
  derivmatch lr=0.001 iter=1250/2500 loss=1.321
  derivmatch lr=0.001 iter=1375/2500 loss=1.64
  derivmatch lr=0.001 iter=1500/2500 loss=2.212
  derivmatch lr=0.001 iter=1625/2500 loss=1.825
  derivmatch lr=0.001 iter=1750/2500 loss=2.043
  derivmatch lr=0.001 iter=1875/2500 loss=1.908
  derivmatch lr=0.001 iter=2000/2500 loss=1.463
  derivmatch lr=0.001 iter=2125/2500 loss=1.564
  derivmatch lr=0.001 iter=2250/2500 loss=2.172
  derivmatch lr=0.001 iter=2375/2500 loss=1.675
  derivmatch lr=0.001 iter=2500/2500 loss=1.93
  derivmatch lr=0.001 iter=2500/2500 loss=0.9999
  derivmatch lr=0.0003 iter=80/1600 loss=0.9347
  derivmatch lr=0.0003 iter=160/1600 loss=0.8766
  derivmatch lr=0.0003 iter=240/1600 loss=0.6595
  derivmatch lr=0.0003 iter=320/1600 loss=0.6653
  derivmatch lr=0.0003 iter=400/1600 loss=0.7263
  derivmatch lr=0.0003 iter=480/1600 loss=0.7224
  derivmatch lr=0.0003 iter=560/1600 loss=0.4793
  derivmatch lr=0.0003 iter=640/1600 loss=0.6542
  derivmatch lr=0.0003 iter=720/1600 loss=0.781
  derivmatch lr=0.0003 iter=800/1600 loss=0.7161
  derivmatch lr=0.0003 iter=880/1600 loss=0.7974
  derivmatch lr=0.0003 iter=960/1600 loss=0.7945
  derivmatch lr=0.0003 iter=1040/1600 loss=0.7578
  derivmatch lr=0.0003 iter=1120/1600 loss=0.5363
  derivmatch lr=0.0003 iter=1200/1600 loss=0.8922
  derivmatch lr=0.0003 iter=1280/1600 loss=0.7886
  derivmatch lr=0.0003 iter=1360/1600 loss=0.7889
  derivmatch lr=0.0003 iter=1440/1600 loss=0.6145
  derivmatch lr=0.0003 iter=1520/1600 loss=0.9881
  derivmatch lr=0.0003 iter=1600/1600 loss=0.7585
  derivmatch lr=0.0003 iter=1600/1600 loss=0.4252
derivative matching [24s]  fitloss=0.425
  [derivative matching]  nrmse=0.4579  l2=1.09
  collocation: M=75 residuals=2176  detecting sparsity + solving...

Algorithm: LevenbergMarquardt(
    trustregion = LevenbergMarquardtTrustRegion(
        β_uphill = 0.0
    ),
    descent = GeodesicAcceleration(
        descent = DampedNewtonDescent(
            linsolve = QRFactorization(
                pivot = NoPivot(),
                blocksize = 16,
                inplace = true
            ),
            initial_damping = 1.0,
            damping_fn = LevenbergMarquardtDampingFunction(
                increase_factor = 2.0,
                decrease_factor = 3.0,
                min_damping = 1.0e-8
            ),
            min_norm_mode = :auto
        ),
        finite_diff_step_geodesic = 0.1,
        α = 0.75
    ),
    autodiff = AutoForwardDiff(),
    vjp_autodiff = AutoFiniteDiff(
        fdtype = Val{:forward}(),
        fdjtype = Val{:forward}(),
        fdhtype = Val{:hcentral}(),
        dir = true
    ),
    jvp_autodiff = AutoForwardDiff(),
    concrete_jac = Val{true}()
)

----    	-------------       	-----------         
Iter    	f(u) 2-norm         	Step 2-norm         
----    	-------------       	-----------         
0       	7.93145222e+02      	NaN                 
1       	1.51628000e+04      	1.30041762e-01      
8       	4.98466862e+02      	3.27546199e-02      
15      	1.66389860e+02      	5.38175357e-02      
22      	2.48605138e-01      	1.40811110e-02      
29      	8.08340045e-01      	3.36966771e-02      
36      	5.20721974e+01      	0.00000000e+00      
43      	5.20721974e+01      	0.00000000e+00      
50      	5.20721974e+01      	0.00000000e+00      
57      	5.20721974e+01      	0.00000000e+00      
64      	4.64831918e+02      	0.00000000e+00      
71      	7.95012103e+02      	1.36381532e-01      
78      	4.25545984e+01      	1.11218486e-01      
85      	1.05322000e+02      	2.03474230e-01      
92      	2.00143048e+00      	2.22077787e-02      
99      	4.14374715e+00      	3.54014279e-02      
106     	2.00844306e-01      	2.25873687e-03      
113     	2.00845892e-01      	2.68752907e-03      
120     	2.00838493e-01      	1.83068661e-03      
127     	2.00836316e-01      	9.72092800e-04      
134     	2.00835986e-01      	4.87398605e-04      
141     	2.00835914e-01      	2.03333671e-04      
148     	2.00835901e-01      	1.17822006e-04      
Final   	2.00835898e-01      
----------------------      
  AMR 1/1: M=75  err=0.00509  obs=0.00385  nrmse=914.0  best=0.458  refined=0
 derivative matching was best (1/1 rounds ran)
collocation [159s]
  [final]  nrmse=0.4579  l2=1.09
extrapolation window: T=321.8122 -> T_test=643.624  n_test=100
  [train]  E_traj=0.5598  E_VF=0.4019  E_spec=1.318e15
  [test ]  E_traj=14460.0  E_VF=1.809e7  E_spec=7.324e26
saved /orcd/home/002/txenakis/projects/BVPsolver/src/../data/runs/run_k0shRyTv/hires_fit.png
saved /orcd/home/002/txenakis/projects/BVPsolver/src/../data/runs/run_k0shRyTv/hires_fit_extrapolated.png
saved /orcd/home/002/txenakis/projects/BVPsolver/src/../data/runs/run_k0shRyTv/hires_spectral_fit_extrapolated.png
saved /orcd/home/002/txenakis/projects/BVPsolver/src/../data/runs/run_k0shRyTv/hires_vf_fit_extrapolated.png
┌ Warning: Attempting to store StiffNN.var"#18#19"{Type{Float64}}.
│ JLD2 only stores functions by name.
│  This may not be useful for anonymous functions.
└ @ JLD2 ~/.julia/packages/JLD2/ADycq/src/data/writing_datatypes.jl:447
saved run → /orcd/home/002/txenakis/projects/BVPsolver/src/../data/runs/run_k0shRyTv
