dahlquist  model=stiff width=8 d=1 tlen=50 profile=fast seed=800  solver=Rodas5  N=114
  derivmatch lr=0.01 iter=170/3400 loss=0.005042
  derivmatch lr=0.01 iter=340/3400 loss=0.001188
  derivmatch lr=0.01 iter=510/3400 loss=0.0003166
  derivmatch lr=0.01 iter=680/3400 loss=0.0002137
  derivmatch lr=0.01 iter=850/3400 loss=0.0002022
  derivmatch lr=0.01 iter=1020/3400 loss=0.0001954
  derivmatch lr=0.01 iter=1190/3400 loss=0.0001889
  derivmatch lr=0.01 iter=1360/3400 loss=0.0001827
  derivmatch lr=0.01 iter=1530/3400 loss=0.0001768
  derivmatch lr=0.01 iter=1700/3400 loss=0.0001712
  derivmatch lr=0.01 iter=1870/3400 loss=0.0001657
  derivmatch lr=0.01 iter=2040/3400 loss=0.0001604
  derivmatch lr=0.01 iter=2210/3400 loss=0.0001552
  derivmatch lr=0.01 iter=2380/3400 loss=0.0001498
  derivmatch lr=0.01 iter=2550/3400 loss=0.0001444
  derivmatch lr=0.01 iter=2720/3400 loss=0.0001388
  derivmatch lr=0.01 iter=2890/3400 loss=0.0001328
  derivmatch lr=0.01 iter=3060/3400 loss=0.0001265
  derivmatch lr=0.01 iter=3230/3400 loss=0.0001197
  derivmatch lr=0.01 iter=3400/3400 loss=0.0001123
  derivmatch lr=0.01 iter=3400/3400 loss=0.0001123
  derivmatch lr=0.003 iter=125/2500 loss=7.824e-5
  derivmatch lr=0.003 iter=250/2500 loss=5.121e-5
  derivmatch lr=0.003 iter=375/2500 loss=3.026e-5
  derivmatch lr=0.003 iter=500/2500 loss=1.517e-5
  derivmatch lr=0.003 iter=625/2500 loss=1.195e-5
  derivmatch lr=0.003 iter=750/2500 loss=1.012e-5
  derivmatch lr=0.003 iter=875/2500 loss=8.853e-6
  derivmatch lr=0.003 iter=1000/2500 loss=7.799e-6
  derivmatch lr=0.003 iter=1125/2500 loss=6.98e-6
  derivmatch lr=0.003 iter=1250/2500 loss=6.417e-6
  derivmatch lr=0.003 iter=1375/2500 loss=5.739e-6
  derivmatch lr=0.003 iter=1500/2500 loss=5.422e-6
  derivmatch lr=0.003 iter=1625/2500 loss=4.922e-6
  derivmatch lr=0.003 iter=1750/2500 loss=1.12e-5
  derivmatch lr=0.003 iter=1875/2500 loss=4.385e-6
  derivmatch lr=0.003 iter=2000/2500 loss=4.182e-6
  derivmatch lr=0.003 iter=2125/2500 loss=4.02e-6
  derivmatch lr=0.003 iter=2250/2500 loss=3.876e-6
  derivmatch lr=0.003 iter=2375/2500 loss=1.447e-5
  derivmatch lr=0.003 iter=2500/2500 loss=3.641e-6
  derivmatch lr=0.003 iter=2500/2500 loss=3.641e-6
  derivmatch lr=0.001 iter=125/2500 loss=3.616e-6
  derivmatch lr=0.001 iter=250/2500 loss=3.577e-6
  derivmatch lr=0.001 iter=375/2500 loss=3.529e-6
  derivmatch lr=0.001 iter=500/2500 loss=3.477e-6
  derivmatch lr=0.001 iter=625/2500 loss=3.422e-6
  derivmatch lr=0.001 iter=750/2500 loss=3.365e-6
  derivmatch lr=0.001 iter=875/2500 loss=3.307e-6
  derivmatch lr=0.001 iter=1000/2500 loss=3.248e-6
  derivmatch lr=0.001 iter=1125/2500 loss=3.189e-6
  derivmatch lr=0.001 iter=1250/2500 loss=3.129e-6
  derivmatch lr=0.001 iter=1375/2500 loss=3.07e-6
  derivmatch lr=0.001 iter=1500/2500 loss=3.011e-6
  derivmatch lr=0.001 iter=1625/2500 loss=2.952e-6
  derivmatch lr=0.001 iter=1750/2500 loss=2.893e-6
  derivmatch lr=0.001 iter=1875/2500 loss=2.835e-6
  derivmatch lr=0.001 iter=2000/2500 loss=2.778e-6
  derivmatch lr=0.001 iter=2125/2500 loss=2.731e-6
  derivmatch lr=0.001 iter=2250/2500 loss=2.688e-6
  derivmatch lr=0.001 iter=2375/2500 loss=2.644e-6
  derivmatch lr=0.001 iter=2500/2500 loss=2.604e-6
  derivmatch lr=0.001 iter=2500/2500 loss=2.604e-6
  derivmatch lr=0.0003 iter=80/1600 loss=2.603e-6
  derivmatch lr=0.0003 iter=160/1600 loss=2.596e-6
  derivmatch lr=0.0003 iter=240/1600 loss=2.589e-6
  derivmatch lr=0.0003 iter=320/1600 loss=2.582e-6
  derivmatch lr=0.0003 iter=400/1600 loss=2.573e-6
  derivmatch lr=0.0003 iter=480/1600 loss=2.563e-6
  derivmatch lr=0.0003 iter=560/1600 loss=2.553e-6
  derivmatch lr=0.0003 iter=640/1600 loss=2.542e-6
  derivmatch lr=0.0003 iter=720/1600 loss=2.53e-6
  derivmatch lr=0.0003 iter=800/1600 loss=2.517e-6
  derivmatch lr=0.0003 iter=880/1600 loss=2.505e-6
  derivmatch lr=0.0003 iter=960/1600 loss=2.491e-6
  derivmatch lr=0.0003 iter=1040/1600 loss=2.477e-6
  derivmatch lr=0.0003 iter=1120/1600 loss=2.463e-6
  derivmatch lr=0.0003 iter=1200/1600 loss=2.448e-6
  derivmatch lr=0.0003 iter=1280/1600 loss=2.433e-6
  derivmatch lr=0.0003 iter=1360/1600 loss=2.417e-6
  derivmatch lr=0.0003 iter=1440/1600 loss=2.402e-6
  derivmatch lr=0.0003 iter=1520/1600 loss=2.385e-6
  derivmatch lr=0.0003 iter=1600/1600 loss=2.369e-6
  derivmatch lr=0.0003 iter=1600/1600 loss=2.369e-6
derivative matching [31s]  fitloss=2.37e-6
  [derivative matching]  nrmse=0.001045  l2=0.007388
  trajectory_parameter_sensitivity_rms = 0.4856
extrapolation window: T=1.0 -> T_test=2.0  n_test=100
  [train]  E_traj=7.013e-6  E_VF=0.0003047  E_spec=0.1607
  [test ]  E_traj=1.599e26  E_VF=3.715e26  E_spec=0.2745
saved /orcd/home/002/txenakis/projects/BVPsolver/src/../data/runs/run_mhQy03H5/dahlquist_fit.png
saved /orcd/home/002/txenakis/projects/BVPsolver/src/../data/runs/run_mhQy03H5/dahlquist_fit_extrapolated.png
saved /orcd/home/002/txenakis/projects/BVPsolver/src/../data/runs/run_mhQy03H5/dahlquist_spectral_fit_extrapolated.png
saved /orcd/home/002/txenakis/projects/BVPsolver/src/../data/runs/run_mhQy03H5/dahlquist_vf_fit_extrapolated.png
┌ Warning: Attempting to store StiffNN.var"#25#26"{Float64}.
│ JLD2 only stores functions by name.
│  This may not be useful for anonymous functions.
└ @ JLD2 ~/.julia/packages/JLD2/ADycq/src/data/writing_datatypes.jl:447
saved run → /orcd/home/002/txenakis/projects/BVPsolver/src/../data/runs/run_mhQy03H5
