hires  model=GELU-scaled width=11 d=8 tlen=50 profile=fast seed=147  solver=Rodas5  N=855
  derivmatch lr=0.01 iter=170/3400 loss=3.637
  derivmatch lr=0.01 iter=340/3400 loss=2.38
  derivmatch lr=0.01 iter=510/3400 loss=1.738
  derivmatch lr=0.01 iter=680/3400 loss=0.9833
  derivmatch lr=0.01 iter=850/3400 loss=0.9675
  derivmatch lr=0.01 iter=1020/3400 loss=0.6217
  derivmatch lr=0.01 iter=1190/3400 loss=0.5711
  derivmatch lr=0.01 iter=1360/3400 loss=0.6585
  derivmatch lr=0.01 iter=1530/3400 loss=0.375
  derivmatch lr=0.01 iter=1700/3400 loss=0.4451
  derivmatch lr=0.01 iter=1870/3400 loss=0.3009
  derivmatch lr=0.01 iter=2040/3400 loss=0.2638
  derivmatch lr=0.01 iter=2210/3400 loss=0.2599
  derivmatch lr=0.01 iter=2380/3400 loss=0.2672
  derivmatch lr=0.01 iter=2550/3400 loss=0.2267
  derivmatch lr=0.01 iter=2720/3400 loss=0.2586
  derivmatch lr=0.01 iter=2890/3400 loss=0.202
  derivmatch lr=0.01 iter=3060/3400 loss=0.1988
  derivmatch lr=0.01 iter=3230/3400 loss=0.7024
  derivmatch lr=0.01 iter=3400/3400 loss=0.4525
  derivmatch lr=0.01 iter=3400/3400 loss=0.1384
  derivmatch lr=0.003 iter=125/2500 loss=0.1205
  derivmatch lr=0.003 iter=250/2500 loss=0.1116
  derivmatch lr=0.003 iter=375/2500 loss=0.1155
  derivmatch lr=0.003 iter=500/2500 loss=0.1111
  derivmatch lr=0.003 iter=625/2500 loss=0.1
  derivmatch lr=0.003 iter=750/2500 loss=0.09737
  derivmatch lr=0.003 iter=875/2500 loss=0.08651
  derivmatch lr=0.003 iter=1000/2500 loss=0.08585
  derivmatch lr=0.003 iter=1125/2500 loss=0.08337
  derivmatch lr=0.003 iter=1250/2500 loss=0.07609
  derivmatch lr=0.003 iter=1375/2500 loss=0.06801
  derivmatch lr=0.003 iter=1500/2500 loss=0.06753
  derivmatch lr=0.003 iter=1625/2500 loss=0.05388
  derivmatch lr=0.003 iter=1750/2500 loss=0.05543
  derivmatch lr=0.003 iter=1875/2500 loss=0.05814
  derivmatch lr=0.003 iter=2000/2500 loss=0.05294
  derivmatch lr=0.003 iter=2125/2500 loss=0.04772
  derivmatch lr=0.003 iter=2250/2500 loss=0.04858
  derivmatch lr=0.003 iter=2375/2500 loss=0.03781
  derivmatch lr=0.003 iter=2500/2500 loss=0.2809
  derivmatch lr=0.003 iter=2500/2500 loss=0.03611
  derivmatch lr=0.001 iter=125/2500 loss=0.03255
  derivmatch lr=0.001 iter=250/2500 loss=0.03095
  derivmatch lr=0.001 iter=375/2500 loss=0.02949
  derivmatch lr=0.001 iter=500/2500 loss=0.02859
  derivmatch lr=0.001 iter=625/2500 loss=0.0289
  derivmatch lr=0.001 iter=750/2500 loss=0.02667
  derivmatch lr=0.001 iter=875/2500 loss=0.02465
  derivmatch lr=0.001 iter=1000/2500 loss=0.02544
  derivmatch lr=0.001 iter=1125/2500 loss=0.02203
  derivmatch lr=0.001 iter=1250/2500 loss=0.02021
  derivmatch lr=0.001 iter=1375/2500 loss=0.01858
  derivmatch lr=0.001 iter=1500/2500 loss=0.01828
  derivmatch lr=0.001 iter=1625/2500 loss=0.01704
  derivmatch lr=0.001 iter=1750/2500 loss=0.01531
  derivmatch lr=0.001 iter=1875/2500 loss=0.01459
  derivmatch lr=0.001 iter=2000/2500 loss=0.0162
  derivmatch lr=0.001 iter=2125/2500 loss=0.01296
  derivmatch lr=0.001 iter=2250/2500 loss=0.01293
  derivmatch lr=0.001 iter=2375/2500 loss=0.01305
  derivmatch lr=0.001 iter=2500/2500 loss=0.01199
  derivmatch lr=0.001 iter=2500/2500 loss=0.01103
  derivmatch lr=0.0003 iter=80/1600 loss=0.01045
  derivmatch lr=0.0003 iter=160/1600 loss=0.01036
  derivmatch lr=0.0003 iter=240/1600 loss=0.01026
  derivmatch lr=0.0003 iter=320/1600 loss=0.01016
  derivmatch lr=0.0003 iter=400/1600 loss=0.01005
  derivmatch lr=0.0003 iter=480/1600 loss=0.009951
  derivmatch lr=0.0003 iter=560/1600 loss=0.009848
  derivmatch lr=0.0003 iter=640/1600 loss=0.009697
  derivmatch lr=0.0003 iter=720/1600 loss=0.009571
  derivmatch lr=0.0003 iter=800/1600 loss=0.00946
  derivmatch lr=0.0003 iter=880/1600 loss=0.009495
  derivmatch lr=0.0003 iter=960/1600 loss=0.009243
  derivmatch lr=0.0003 iter=1040/1600 loss=0.009125
  derivmatch lr=0.0003 iter=1120/1600 loss=0.00902
  derivmatch lr=0.0003 iter=1200/1600 loss=0.008927
  derivmatch lr=0.0003 iter=1280/1600 loss=0.008827
  derivmatch lr=0.0003 iter=1360/1600 loss=0.008801
  derivmatch lr=0.0003 iter=1440/1600 loss=0.008728
  derivmatch lr=0.0003 iter=1520/1600 loss=0.008525
  derivmatch lr=0.0003 iter=1600/1600 loss=0.008489
  derivmatch lr=0.0003 iter=1600/1600 loss=0.008457
derivative matching [33s]  fitloss=0.00846
  [derivative matching]  nrmse=0.1022  l2=0.1843
  shooting iter=50/1000 loss=0.01203
  shooting iter=100/1000 loss=0.01278
  shooting iter=150/1000 loss=0.01169
  shooting iter=200/1000 loss=0.01136
  shooting iter=250/1000 loss=0.01232
  shooting iter=300/1000 loss=0.0101
  shooting iter=350/1000 loss=0.008803
  shooting iter=400/1000 loss=0.01025
  shooting iter=450/1000 loss=0.008873
  shooting iter=500/1000 loss=0.008361
  shooting iter=550/1000 loss=0.009085
  shooting iter=600/1000 loss=0.01083
  shooting iter=650/1000 loss=0.006632
  shooting iter=700/1000 loss=0.01203
  shooting iter=750/1000 loss=0.008151
  shooting iter=800/1000 loss=0.01439
  shooting iter=850/1000 loss=0.007576
  shooting iter=900/1000 loss=0.009506
  shooting iter=950/1000 loss=0.008232
  shooting iter=1000/1000 loss=0.009421
  shooting iter=1000/1000 loss=0.005478
shooting [8073s]  loss=0.00548
  [final]  nrmse=0.03187  l2=0.06012
extrapolation window: T=321.8122 -> T_test=643.624  n_test=100
  [train]  E_traj=0.002271  E_VF=0.01316  E_spec=161.2
  [test ]  E_traj=31700.0  E_VF=205400.0  E_spec=1.513e15
saved /orcd/home/002/txenakis/projects/BVPsolver/src/../data/runs/run_rgLhIqGa/hires_fit.png
saved /orcd/home/002/txenakis/projects/BVPsolver/src/../data/runs/run_rgLhIqGa/hires_fit_extrapolated.png
saved /orcd/home/002/txenakis/projects/BVPsolver/src/../data/runs/run_rgLhIqGa/hires_spectral_fit_extrapolated.png
saved /orcd/home/002/txenakis/projects/BVPsolver/src/../data/runs/run_rgLhIqGa/hires_vf_fit_extrapolated.png
┌ Warning: Attempting to store StiffNN.var"#18#19"{Type{Float64}}.
│ JLD2 only stores functions by name.
│  This may not be useful for anonymous functions.
└ @ JLD2 ~/.julia/packages/JLD2/ADycq/src/data/writing_datatypes.jl:447
saved run → /orcd/home/002/txenakis/projects/BVPsolver/src/../data/runs/run_rgLhIqGa
