rober  model=mlp width=15 d=3 tlen=50 profile=fast seed=236  solver=Rodas5  N=348
  derivmatch lr=0.01 iter=170/3400 loss=32.29
  derivmatch lr=0.01 iter=340/3400 loss=33.74
  derivmatch lr=0.01 iter=510/3400 loss=43.08
  derivmatch lr=0.01 iter=680/3400 loss=50.79
  derivmatch lr=0.01 iter=850/3400 loss=54.07
  derivmatch lr=0.01 iter=1020/3400 loss=43.88
  derivmatch lr=0.01 iter=1190/3400 loss=56.08
  derivmatch lr=0.01 iter=1360/3400 loss=43.59
  derivmatch lr=0.01 iter=1530/3400 loss=43.91
  derivmatch lr=0.01 iter=1700/3400 loss=40.9
  derivmatch lr=0.01 iter=1870/3400 loss=43.75
  derivmatch lr=0.01 iter=2040/3400 loss=42.0
  derivmatch lr=0.01 iter=2210/3400 loss=55.06
  derivmatch lr=0.01 iter=2380/3400 loss=54.34
  derivmatch lr=0.01 iter=2550/3400 loss=48.51
  derivmatch lr=0.01 iter=2720/3400 loss=46.33
  derivmatch lr=0.01 iter=2890/3400 loss=47.45
  derivmatch lr=0.01 iter=3060/3400 loss=47.47
  derivmatch lr=0.01 iter=3230/3400 loss=43.33
  derivmatch lr=0.01 iter=3400/3400 loss=70.46
  derivmatch lr=0.01 iter=3400/3400 loss=20.86
  derivmatch lr=0.003 iter=125/2500 loss=28.17
  derivmatch lr=0.003 iter=250/2500 loss=35.68
  derivmatch lr=0.003 iter=375/2500 loss=35.23
  derivmatch lr=0.003 iter=500/2500 loss=33.65
  derivmatch lr=0.003 iter=625/2500 loss=34.31
  derivmatch lr=0.003 iter=750/2500 loss=29.71
  derivmatch lr=0.003 iter=875/2500 loss=36.23
  derivmatch lr=0.003 iter=1000/2500 loss=30.01
  derivmatch lr=0.003 iter=1125/2500 loss=30.96
  derivmatch lr=0.003 iter=1250/2500 loss=42.04
  derivmatch lr=0.003 iter=1375/2500 loss=39.32
  derivmatch lr=0.003 iter=1500/2500 loss=39.08
  derivmatch lr=0.003 iter=1625/2500 loss=41.61
  derivmatch lr=0.003 iter=1750/2500 loss=34.43
  derivmatch lr=0.003 iter=1875/2500 loss=38.02
  derivmatch lr=0.003 iter=2000/2500 loss=38.26
  derivmatch lr=0.003 iter=2125/2500 loss=34.92
  derivmatch lr=0.003 iter=2250/2500 loss=41.8
  derivmatch lr=0.003 iter=2375/2500 loss=38.97
  derivmatch lr=0.003 iter=2500/2500 loss=30.49
  derivmatch lr=0.003 iter=2500/2500 loss=16.43
  derivmatch lr=0.001 iter=125/2500 loss=15.4
  derivmatch lr=0.001 iter=250/2500 loss=26.06
  derivmatch lr=0.001 iter=375/2500 loss=22.52
  derivmatch lr=0.001 iter=500/2500 loss=23.92
  derivmatch lr=0.001 iter=625/2500 loss=15.41
  derivmatch lr=0.001 iter=750/2500 loss=12.0
  derivmatch lr=0.001 iter=875/2500 loss=9.512
  derivmatch lr=0.001 iter=1000/2500 loss=31.97
  derivmatch lr=0.001 iter=1125/2500 loss=29.6
  derivmatch lr=0.001 iter=1250/2500 loss=24.32
  derivmatch lr=0.001 iter=1375/2500 loss=23.57
  derivmatch lr=0.001 iter=1500/2500 loss=19.2
  derivmatch lr=0.001 iter=1625/2500 loss=19.6
  derivmatch lr=0.001 iter=1750/2500 loss=34.04
  derivmatch lr=0.001 iter=1875/2500 loss=33.01
  derivmatch lr=0.001 iter=2000/2500 loss=31.88
  derivmatch lr=0.001 iter=2125/2500 loss=32.31
  derivmatch lr=0.001 iter=2250/2500 loss=30.34
  derivmatch lr=0.001 iter=2375/2500 loss=27.66
  derivmatch lr=0.001 iter=2500/2500 loss=24.46
  derivmatch lr=0.001 iter=2500/2500 loss=8.67
  derivmatch lr=0.0003 iter=80/1600 loss=8.493
  derivmatch lr=0.0003 iter=160/1600 loss=8.907
  derivmatch lr=0.0003 iter=240/1600 loss=8.282
  derivmatch lr=0.0003 iter=320/1600 loss=7.843
  derivmatch lr=0.0003 iter=400/1600 loss=7.489
  derivmatch lr=0.0003 iter=480/1600 loss=7.488
  derivmatch lr=0.0003 iter=560/1600 loss=7.748
  derivmatch lr=0.0003 iter=640/1600 loss=7.47
  derivmatch lr=0.0003 iter=720/1600 loss=7.72
  derivmatch lr=0.0003 iter=800/1600 loss=18.3
  derivmatch lr=0.0003 iter=880/1600 loss=17.44
  derivmatch lr=0.0003 iter=960/1600 loss=16.18
  derivmatch lr=0.0003 iter=1040/1600 loss=10.3
  derivmatch lr=0.0003 iter=1120/1600 loss=8.185
  derivmatch lr=0.0003 iter=1200/1600 loss=7.381
  derivmatch lr=0.0003 iter=1280/1600 loss=7.754
  derivmatch lr=0.0003 iter=1360/1600 loss=7.659
  derivmatch lr=0.0003 iter=1440/1600 loss=8.159
  derivmatch lr=0.0003 iter=1520/1600 loss=6.987
  derivmatch lr=0.0003 iter=1600/1600 loss=7.175
  derivmatch lr=0.0003 iter=1600/1600 loss=6.93
derivative matching [24s]  fitloss=6.93
  [derivative matching]  nrmse=2045.0  l2=2.714
  shooting iter=50/1000 loss=858.9
  shooting iter=100/1000 loss=177.0
  shooting iter=150/1000 loss=42.49
  shooting iter=200/1000 loss=34.76
  shooting iter=250/1000 loss=31.66
  shooting iter=300/1000 loss=26.61
  shooting iter=350/1000 loss=22.67
  shooting iter=400/1000 loss=21.08
  shooting iter=450/1000 loss=19.22
  shooting iter=500/1000 loss=18.47
  shooting iter=550/1000 loss=19.01
  shooting iter=600/1000 loss=14.22
  shooting iter=650/1000 loss=9.644
  shooting iter=700/1000 loss=9.502
  shooting iter=750/1000 loss=13.1
  shooting iter=800/1000 loss=8.668
  shooting iter=850/1000 loss=4.734
  shooting iter=900/1000 loss=4.589
  shooting iter=950/1000 loss=8.903
  shooting iter=1000/1000 loss=6.668
  shooting iter=1000/1000 loss=3.154
shooting [625s]  loss=3.15
  [final]  nrmse=22.87  l2=4.074
extrapolation window: T=1000.0 -> T_test=1.0e12  n_test=100
  [train]  E_traj=1362.0  E_VF=156.4  E_spec=2.4679999999999998e27
  [test ]  E_traj=2167.0  E_VF=2.657e18  E_spec=2.081e29
saved /orcd/home/002/txenakis/projects/BVPsolver/src/../data/runs/run_4Low25xt/rober_fit.png
saved /orcd/home/002/txenakis/projects/BVPsolver/src/../data/runs/run_4Low25xt/rober_fit_extrapolated.png
saved /orcd/home/002/txenakis/projects/BVPsolver/src/../data/runs/run_4Low25xt/rober_spectral_fit_extrapolated.png
saved /orcd/home/002/txenakis/projects/BVPsolver/src/../data/runs/run_4Low25xt/rober_vf_fit_extrapolated.png
┌ Warning: Attempting to store StiffNN.var"#12#13"{Float64, Float64, Float64}.
│ JLD2 only stores functions by name.
│  This may not be useful for anonymous functions.
└ @ JLD2 ~/.julia/packages/JLD2/ADycq/src/data/writing_datatypes.jl:447
saved run → /orcd/home/002/txenakis/projects/BVPsolver/src/../data/runs/run_4Low25xt
