vanderpol  model=GELU-scaled width=7 d=2 tlen=151 profile=fast seed=510  solver=Kvaerno5  N=317
  derivmatch lr=0.01 iter=170/3400 loss=3.146
  derivmatch lr=0.01 iter=340/3400 loss=1.462
  derivmatch lr=0.01 iter=510/3400 loss=0.4513
  derivmatch lr=0.01 iter=680/3400 loss=0.2864
  derivmatch lr=0.01 iter=850/3400 loss=0.2556
  derivmatch lr=0.01 iter=1020/3400 loss=0.1922
  derivmatch lr=0.01 iter=1190/3400 loss=0.1275
  derivmatch lr=0.01 iter=1360/3400 loss=0.09392
  derivmatch lr=0.01 iter=1530/3400 loss=0.08759
  derivmatch lr=0.01 iter=1700/3400 loss=0.06375
  derivmatch lr=0.01 iter=1870/3400 loss=0.06029
  derivmatch lr=0.01 iter=2040/3400 loss=0.04723
  derivmatch lr=0.01 iter=2210/3400 loss=0.07062
  derivmatch lr=0.01 iter=2380/3400 loss=0.06886
  derivmatch lr=0.01 iter=2550/3400 loss=0.03955
  derivmatch lr=0.01 iter=2720/3400 loss=0.03794
  derivmatch lr=0.01 iter=2890/3400 loss=0.05127
  derivmatch lr=0.01 iter=3060/3400 loss=0.02674
  derivmatch lr=0.01 iter=3230/3400 loss=0.03422
  derivmatch lr=0.01 iter=3400/3400 loss=0.02689
  derivmatch lr=0.01 iter=3400/3400 loss=0.01945
  derivmatch lr=0.003 iter=125/2500 loss=0.01788
  derivmatch lr=0.003 iter=250/2500 loss=0.01614
  derivmatch lr=0.003 iter=375/2500 loss=0.01469
  derivmatch lr=0.003 iter=500/2500 loss=0.01337
  derivmatch lr=0.003 iter=625/2500 loss=0.01345
  derivmatch lr=0.003 iter=750/2500 loss=0.01175
  derivmatch lr=0.003 iter=875/2500 loss=0.01416
  derivmatch lr=0.003 iter=1000/2500 loss=0.0102
  derivmatch lr=0.003 iter=1125/2500 loss=0.01094
  derivmatch lr=0.003 iter=1250/2500 loss=0.009136
  derivmatch lr=0.003 iter=1375/2500 loss=0.009483
  derivmatch lr=0.003 iter=1500/2500 loss=0.009081
  derivmatch lr=0.003 iter=1625/2500 loss=0.01018
  derivmatch lr=0.003 iter=1750/2500 loss=0.008655
  derivmatch lr=0.003 iter=1875/2500 loss=0.008291
  derivmatch lr=0.003 iter=2000/2500 loss=0.009998
  derivmatch lr=0.003 iter=2125/2500 loss=0.006782
  derivmatch lr=0.003 iter=2250/2500 loss=0.006003
  derivmatch lr=0.003 iter=2375/2500 loss=0.00804
  derivmatch lr=0.003 iter=2500/2500 loss=0.005576
  derivmatch lr=0.003 iter=2500/2500 loss=0.005366
  derivmatch lr=0.001 iter=125/2500 loss=0.004991
  derivmatch lr=0.001 iter=250/2500 loss=0.004897
  derivmatch lr=0.001 iter=375/2500 loss=0.00482
  derivmatch lr=0.001 iter=500/2500 loss=0.004743
  derivmatch lr=0.001 iter=625/2500 loss=0.004663
  derivmatch lr=0.001 iter=750/2500 loss=0.004571
  derivmatch lr=0.001 iter=875/2500 loss=0.004468
  derivmatch lr=0.001 iter=1000/2500 loss=0.004367
  derivmatch lr=0.001 iter=1125/2500 loss=0.004282
  derivmatch lr=0.001 iter=1250/2500 loss=0.004186
  derivmatch lr=0.001 iter=1375/2500 loss=0.004515
  derivmatch lr=0.001 iter=1500/2500 loss=0.004015
  derivmatch lr=0.001 iter=1625/2500 loss=0.003929
  derivmatch lr=0.001 iter=1750/2500 loss=0.003826
  derivmatch lr=0.001 iter=1875/2500 loss=0.003981
  derivmatch lr=0.001 iter=2000/2500 loss=0.00365
  derivmatch lr=0.001 iter=2125/2500 loss=0.003577
  derivmatch lr=0.001 iter=2250/2500 loss=0.003503
  derivmatch lr=0.001 iter=2375/2500 loss=0.003421
  derivmatch lr=0.001 iter=2500/2500 loss=0.003368
  derivmatch lr=0.001 iter=2500/2500 loss=0.003354
  derivmatch lr=0.0003 iter=80/1600 loss=0.003351
  derivmatch lr=0.0003 iter=160/1600 loss=0.003338
  derivmatch lr=0.0003 iter=240/1600 loss=0.003325
  derivmatch lr=0.0003 iter=320/1600 loss=0.00331
  derivmatch lr=0.0003 iter=400/1600 loss=0.003293
  derivmatch lr=0.0003 iter=480/1600 loss=0.003274
  derivmatch lr=0.0003 iter=560/1600 loss=0.003254
  derivmatch lr=0.0003 iter=640/1600 loss=0.003232
  derivmatch lr=0.0003 iter=720/1600 loss=0.003208
  derivmatch lr=0.0003 iter=800/1600 loss=0.003184
  derivmatch lr=0.0003 iter=880/1600 loss=0.003158
  derivmatch lr=0.0003 iter=960/1600 loss=0.00313
  derivmatch lr=0.0003 iter=1040/1600 loss=0.003102
  derivmatch lr=0.0003 iter=1120/1600 loss=0.003073
  derivmatch lr=0.0003 iter=1200/1600 loss=0.003043
  derivmatch lr=0.0003 iter=1280/1600 loss=0.003013
  derivmatch lr=0.0003 iter=1360/1600 loss=0.002982
  derivmatch lr=0.0003 iter=1440/1600 loss=0.002951
  derivmatch lr=0.0003 iter=1520/1600 loss=0.002919
  derivmatch lr=0.0003 iter=1600/1600 loss=0.002887
  derivmatch lr=0.0003 iter=1600/1600 loss=0.002887
derivative matching [27s]  fitloss=0.00289
  [derivative matching]  nrmse=0.3953  l2=325.6
  shooting iter=50/1000 loss=1.967e81
  shooting iter=100/1000 loss=2.314e83
  shooting iter=150/1000 loss=2.563e83
