hires  model=GELU-scaled width=11 d=8 tlen=50 profile=fast seed=128  solver=Rodas5  N=855
  derivmatch lr=0.01 iter=170/3400 loss=4.366
  derivmatch lr=0.01 iter=340/3400 loss=0.8509
  derivmatch lr=0.01 iter=510/3400 loss=0.6175
  derivmatch lr=0.01 iter=680/3400 loss=0.4699
  derivmatch lr=0.01 iter=850/3400 loss=0.4264
  derivmatch lr=0.01 iter=1020/3400 loss=0.4241
  derivmatch lr=0.01 iter=1190/3400 loss=0.4589
  derivmatch lr=0.01 iter=1360/3400 loss=0.2671
  derivmatch lr=0.01 iter=1530/3400 loss=0.3833
  derivmatch lr=0.01 iter=1700/3400 loss=0.3055
  derivmatch lr=0.01 iter=1870/3400 loss=0.2886
  derivmatch lr=0.01 iter=2040/3400 loss=0.2209
  derivmatch lr=0.01 iter=2210/3400 loss=0.328
  derivmatch lr=0.01 iter=2380/3400 loss=0.3744
  derivmatch lr=0.01 iter=2550/3400 loss=0.2313
  derivmatch lr=0.01 iter=2720/3400 loss=0.2615
  derivmatch lr=0.01 iter=2890/3400 loss=0.2165
  derivmatch lr=0.01 iter=3060/3400 loss=0.1458
  derivmatch lr=0.01 iter=3230/3400 loss=0.1807
  derivmatch lr=0.01 iter=3400/3400 loss=0.2415
  derivmatch lr=0.01 iter=3400/3400 loss=0.1103
  derivmatch lr=0.003 iter=125/2500 loss=0.118
  derivmatch lr=0.003 iter=250/2500 loss=0.07223
  derivmatch lr=0.003 iter=375/2500 loss=0.06537
  derivmatch lr=0.003 iter=500/2500 loss=0.05414
  derivmatch lr=0.003 iter=625/2500 loss=0.05254
  derivmatch lr=0.003 iter=750/2500 loss=0.04466
  derivmatch lr=0.003 iter=875/2500 loss=0.04186
  derivmatch lr=0.003 iter=1000/2500 loss=0.04248
  derivmatch lr=0.003 iter=1125/2500 loss=0.03662
  derivmatch lr=0.003 iter=1250/2500 loss=0.03651
  derivmatch lr=0.003 iter=1375/2500 loss=0.03778
  derivmatch lr=0.003 iter=1500/2500 loss=0.03358
  derivmatch lr=0.003 iter=1625/2500 loss=0.03289
  derivmatch lr=0.003 iter=1750/2500 loss=0.03068
  derivmatch lr=0.003 iter=1875/2500 loss=0.03123
  derivmatch lr=0.003 iter=2000/2500 loss=0.02776
  derivmatch lr=0.003 iter=2125/2500 loss=0.0287
  derivmatch lr=0.003 iter=2250/2500 loss=0.0262
  derivmatch lr=0.003 iter=2375/2500 loss=0.02565
  derivmatch lr=0.003 iter=2500/2500 loss=0.02447
  derivmatch lr=0.003 iter=2500/2500 loss=0.02362
  derivmatch lr=0.001 iter=125/2500 loss=0.01671
  derivmatch lr=0.001 iter=250/2500 loss=0.01601
  derivmatch lr=0.001 iter=375/2500 loss=0.01539
  derivmatch lr=0.001 iter=500/2500 loss=0.01492
  derivmatch lr=0.001 iter=625/2500 loss=0.01534
  derivmatch lr=0.001 iter=750/2500 loss=0.01639
  derivmatch lr=0.001 iter=875/2500 loss=0.01372
  derivmatch lr=0.001 iter=1000/2500 loss=0.01372
  derivmatch lr=0.001 iter=1125/2500 loss=0.01447
  derivmatch lr=0.001 iter=1250/2500 loss=0.01307
  derivmatch lr=0.001 iter=1375/2500 loss=0.01363
  derivmatch lr=0.001 iter=1500/2500 loss=0.01378
  derivmatch lr=0.001 iter=1625/2500 loss=0.01332
  derivmatch lr=0.001 iter=1750/2500 loss=0.01435
  derivmatch lr=0.001 iter=1875/2500 loss=0.01348
  derivmatch lr=0.001 iter=2000/2500 loss=0.01222
  derivmatch lr=0.001 iter=2125/2500 loss=0.0123
  derivmatch lr=0.001 iter=2250/2500 loss=0.01237
  derivmatch lr=0.001 iter=2375/2500 loss=0.0111
  derivmatch lr=0.001 iter=2500/2500 loss=0.01195
  derivmatch lr=0.001 iter=2500/2500 loss=0.01038
  derivmatch lr=0.0003 iter=80/1600 loss=0.01008
  derivmatch lr=0.0003 iter=160/1600 loss=0.01003
  derivmatch lr=0.0003 iter=240/1600 loss=0.009994
  derivmatch lr=0.0003 iter=320/1600 loss=0.009953
  derivmatch lr=0.0003 iter=400/1600 loss=0.009908
  derivmatch lr=0.0003 iter=480/1600 loss=0.009858
  derivmatch lr=0.0003 iter=560/1600 loss=0.009805
  derivmatch lr=0.0003 iter=640/1600 loss=0.009748
  derivmatch lr=0.0003 iter=720/1600 loss=0.009687
  derivmatch lr=0.0003 iter=800/1600 loss=0.009623
  derivmatch lr=0.0003 iter=880/1600 loss=0.009556
  derivmatch lr=0.0003 iter=960/1600 loss=0.009487
  derivmatch lr=0.0003 iter=1040/1600 loss=0.009414
  derivmatch lr=0.0003 iter=1120/1600 loss=0.009339
  derivmatch lr=0.0003 iter=1200/1600 loss=0.009262
  derivmatch lr=0.0003 iter=1280/1600 loss=0.009236
  derivmatch lr=0.0003 iter=1360/1600 loss=0.009109
  derivmatch lr=0.0003 iter=1440/1600 loss=0.009985
  derivmatch lr=0.0003 iter=1520/1600 loss=0.008953
  derivmatch lr=0.0003 iter=1600/1600 loss=0.008878
  derivmatch lr=0.0003 iter=1600/1600 loss=0.008878
derivative matching [26s]  fitloss=0.00888
  [derivative matching]  nrmse=0.0871  l2=0.2513
  shooting iter=50/1000 loss=0.3715
  shooting iter=100/1000 loss=0.3767
  shooting iter=150/1000 loss=0.3767
  shooting iter=200/1000 loss=0.3767
  shooting iter=250/1000 loss=0.3767
  shooting iter=300/1000 loss=0.3767
  shooting iter=350/1000 loss=0.3767
  shooting iter=400/1000 loss=0.3767
  shooting iter=450/1000 loss=0.3767
  shooting iter=500/1000 loss=0.3767
  shooting iter=550/1000 loss=0.3767
  shooting iter=600/1000 loss=0.3767
  shooting iter=650/1000 loss=0.3767
  shooting iter=700/1000 loss=0.3767
  shooting iter=750/1000 loss=0.3767
  shooting iter=800/1000 loss=0.3767
  shooting iter=850/1000 loss=0.3766
  shooting iter=900/1000 loss=0.3766
  shooting iter=950/1000 loss=0.3766
  shooting iter=1000/1000 loss=0.3766
  shooting iter=1000/1000 loss=0.03567
shooting [7261s]  loss=0.0357
  [final]  nrmse=0.07281  l2=0.1639
extrapolation window: T=321.8122 -> T_test=643.624  n_test=100
  [train]  E_traj=0.03712  E_VF=0.03789  E_spec=0.9861
  [test ]  E_traj=2.941e36  E_VF=5935.0  E_spec=0.9961
saved /orcd/home/002/txenakis/projects/BVPsolver/src/../data/runs/run_uJh1fM3L/hires_fit.png
saved /orcd/home/002/txenakis/projects/BVPsolver/src/../data/runs/run_uJh1fM3L/hires_fit_extrapolated.png
saved /orcd/home/002/txenakis/projects/BVPsolver/src/../data/runs/run_uJh1fM3L/hires_spectral_fit_extrapolated.png
saved /orcd/home/002/txenakis/projects/BVPsolver/src/../data/runs/run_uJh1fM3L/hires_vf_fit_extrapolated.png
┌ Warning: Attempting to store StiffNN.var"#18#19"{Type{Float64}}.
│ JLD2 only stores functions by name.
│  This may not be useful for anonymous functions.
└ @ JLD2 ~/.julia/packages/JLD2/ADycq/src/data/writing_datatypes.jl:447
saved run → /orcd/home/002/txenakis/projects/BVPsolver/src/../data/runs/run_uJh1fM3L
