orego  model=stiff width=16 d=3 tlen=112 profile=fast seed=130  solver=Rodas5  N=486
  derivmatch lr=0.01 iter=170/3400 loss=0.08962
  derivmatch lr=0.01 iter=340/3400 loss=0.0391
  derivmatch lr=0.01 iter=510/3400 loss=0.02397
  derivmatch lr=0.01 iter=680/3400 loss=0.01996
  derivmatch lr=0.01 iter=850/3400 loss=0.01383
  derivmatch lr=0.01 iter=1020/3400 loss=0.01091
  derivmatch lr=0.01 iter=1190/3400 loss=0.009012
  derivmatch lr=0.01 iter=1360/3400 loss=0.007581
  derivmatch lr=0.01 iter=1530/3400 loss=0.01109
  derivmatch lr=0.01 iter=1700/3400 loss=0.008428
  derivmatch lr=0.01 iter=1870/3400 loss=0.01105
  derivmatch lr=0.01 iter=2040/3400 loss=0.007421
  derivmatch lr=0.01 iter=2210/3400 loss=0.005572
  derivmatch lr=0.01 iter=2380/3400 loss=0.007868
  derivmatch lr=0.01 iter=2550/3400 loss=0.005482
  derivmatch lr=0.01 iter=2720/3400 loss=0.003784
  derivmatch lr=0.01 iter=2890/3400 loss=0.005368
  derivmatch lr=0.01 iter=3060/3400 loss=0.001464
  derivmatch lr=0.01 iter=3230/3400 loss=0.001296
  derivmatch lr=0.01 iter=3400/3400 loss=0.001171
  derivmatch lr=0.01 iter=3400/3400 loss=0.001171
  derivmatch lr=0.003 iter=125/2500 loss=0.001066
  derivmatch lr=0.003 iter=250/2500 loss=0.0009767
  derivmatch lr=0.003 iter=375/2500 loss=0.0008767
  derivmatch lr=0.003 iter=500/2500 loss=0.0007693
  derivmatch lr=0.003 iter=625/2500 loss=0.0006616
  derivmatch lr=0.003 iter=750/2500 loss=0.0005686
  derivmatch lr=0.003 iter=875/2500 loss=0.0005024
  derivmatch lr=0.003 iter=1000/2500 loss=0.0004821
  derivmatch lr=0.003 iter=1125/2500 loss=0.0004293
  derivmatch lr=0.003 iter=1250/2500 loss=0.0004037
  derivmatch lr=0.003 iter=1375/2500 loss=0.0004094
  derivmatch lr=0.003 iter=1500/2500 loss=0.000364
  derivmatch lr=0.003 iter=1625/2500 loss=0.0004297
  derivmatch lr=0.003 iter=1750/2500 loss=0.000314
  derivmatch lr=0.003 iter=1875/2500 loss=0.0002992
  derivmatch lr=0.003 iter=2000/2500 loss=0.0002759
  derivmatch lr=0.003 iter=2125/2500 loss=0.0002939
  derivmatch lr=0.003 iter=2250/2500 loss=0.0002703
  derivmatch lr=0.003 iter=2375/2500 loss=0.000243
  derivmatch lr=0.003 iter=2500/2500 loss=0.0002462
  derivmatch lr=0.003 iter=2500/2500 loss=0.0002229
  derivmatch lr=0.001 iter=125/2500 loss=0.0002197
  derivmatch lr=0.001 iter=250/2500 loss=0.0002158
  derivmatch lr=0.001 iter=375/2500 loss=0.0002108
  derivmatch lr=0.001 iter=500/2500 loss=0.000205
  derivmatch lr=0.001 iter=625/2500 loss=0.0001985
  derivmatch lr=0.001 iter=750/2500 loss=0.0001915
  derivmatch lr=0.001 iter=875/2500 loss=0.0001843
  derivmatch lr=0.001 iter=1000/2500 loss=0.0001768
  derivmatch lr=0.001 iter=1125/2500 loss=0.0001692
  derivmatch lr=0.001 iter=1250/2500 loss=0.0001616
  derivmatch lr=0.001 iter=1375/2500 loss=0.0001561
  derivmatch lr=0.001 iter=1500/2500 loss=0.0001469
  derivmatch lr=0.001 iter=1625/2500 loss=0.0001411
  derivmatch lr=0.001 iter=1750/2500 loss=0.0001338
  derivmatch lr=0.001 iter=1875/2500 loss=0.0001293
  derivmatch lr=0.001 iter=2000/2500 loss=0.0001247
  derivmatch lr=0.001 iter=2125/2500 loss=0.0001225
  derivmatch lr=0.001 iter=2250/2500 loss=0.0001222
  derivmatch lr=0.001 iter=2375/2500 loss=0.0001126
  derivmatch lr=0.001 iter=2500/2500 loss=0.0001085
  derivmatch lr=0.001 iter=2500/2500 loss=0.0001067
  derivmatch lr=0.0003 iter=80/1600 loss=0.0001062
  derivmatch lr=0.0003 iter=160/1600 loss=0.0001057
  derivmatch lr=0.0003 iter=240/1600 loss=0.0001052
  derivmatch lr=0.0003 iter=320/1600 loss=0.0001046
  derivmatch lr=0.0003 iter=400/1600 loss=0.0001039
  derivmatch lr=0.0003 iter=480/1600 loss=0.0001032
  derivmatch lr=0.0003 iter=560/1600 loss=0.0001024
  derivmatch lr=0.0003 iter=640/1600 loss=0.0001015
  derivmatch lr=0.0003 iter=720/1600 loss=0.0001006
  derivmatch lr=0.0003 iter=800/1600 loss=9.966e-5
  derivmatch lr=0.0003 iter=880/1600 loss=9.866e-5
  derivmatch lr=0.0003 iter=960/1600 loss=9.764e-5
  derivmatch lr=0.0003 iter=1040/1600 loss=9.659e-5
  derivmatch lr=0.0003 iter=1120/1600 loss=9.551e-5
  derivmatch lr=0.0003 iter=1200/1600 loss=9.442e-5
  derivmatch lr=0.0003 iter=1280/1600 loss=9.33e-5
  derivmatch lr=0.0003 iter=1360/1600 loss=9.218e-5
  derivmatch lr=0.0003 iter=1440/1600 loss=9.104e-5
  derivmatch lr=0.0003 iter=1520/1600 loss=8.991e-5
  derivmatch lr=0.0003 iter=1600/1600 loss=8.876e-5
  derivmatch lr=0.0003 iter=1600/1600 loss=8.876e-5
derivative matching [29s]  fitloss=8.88e-5
  [derivative matching]  nrmse=0.4501  l2=536100.0
  collocation: M=127 residuals=1470  detecting sparsity + solving...

Algorithm: LevenbergMarquardt(
    trustregion = LevenbergMarquardtTrustRegion(
        β_uphill = 0.0
    ),
    descent = GeodesicAcceleration(
        descent = DampedNewtonDescent(
            linsolve = KLUFactorization(
                reuse_symbolic = true,
                check_pattern = true
            ),
            initial_damping = 1.0,
            damping_fn = LevenbergMarquardtDampingFunction(
                increase_factor = 2.0,
                decrease_factor = 3.0,
                min_damping = 1.0e-8
            ),
            min_norm_mode = :auto
        ),
        finite_diff_step_geodesic = 0.1,
        α = 0.75
    ),
    autodiff = AutoForwardDiff(),
    vjp_autodiff = AutoFiniteDiff(
        fdtype = Val{:forward}(),
        fdjtype = Val{:forward}(),
        fdhtype = Val{:hcentral}(),
        dir = true
    ),
    jvp_autodiff = AutoForwardDiff(),
    concrete_jac = Val{true}()
)

----    	-------------       	-----------         
Iter    	f(u) 2-norm         	Step 2-norm         
----    	-------------       	-----------         
0       	1.31999935e+02      	NaN                 
1       	1.31999935e+02      	0.00000000e+00      
8       	2.98544192e+02      	8.77234542e-03      
15      	2.34252296e+01      	3.58104504e-02      
22      	4.85732812e+00      	3.88704177e-01      
29      	4.25968338e+00      	0.00000000e+00      
36      	8.66086405e-01      	0.00000000e+00      
43      	7.04181682e-01      	3.87738562e-01      
50      	2.33514530e+01      	0.00000000e+00      
57      	8.05482232e-01      	5.24430765e-01      
64      	4.03162756e+00      	0.00000000e+00      
71      	5.27917265e+00      	0.00000000e+00      
78      	9.26616381e+00      	0.00000000e+00      
85      	2.71823834e+00      	1.15771030e+00      
92      	9.67463636e-01      	7.00267154e-01      
99      	7.49787319e-01      	0.00000000e+00      
106     	7.74961357e-01      	5.55989510e-01      
113     	2.95496398e-01      	0.00000000e+00      
120     	5.38299213e+00      	0.00000000e+00      
127     	2.86733031e+00      	8.06850696e-01      
134     	3.07390514e-01      	0.00000000e+00      
141     	1.44828430e+00      	0.00000000e+00      
148     	1.05676901e+00      	0.00000000e+00      
Final   	9.76675649e-03      
----------------------      
  AMR 1/1: M=127  err=1.53e-5  obs=7.48e-10  nrmse=0.0888  best=0.0888  refined=0
collocation [64s]
  [final]  nrmse=0.08883  l2=59570.0
extrapolation window: T=180.0 -> T_test=360.0  n_test=224
  [train]  E_traj=0.04482  E_VF=0.0001053  E_spec=1.023
  [test ]  E_traj=1.359  E_VF=0.002439  E_spec=0.937
saved /orcd/home/002/txenakis/projects/BVPsolver/src/../data/runs/run_mkdu6d3v/orego_fit.png
saved /orcd/home/002/txenakis/projects/BVPsolver/src/../data/runs/run_mkdu6d3v/orego_fit_extrapolated.png
saved /orcd/home/002/txenakis/projects/BVPsolver/src/../data/runs/run_mkdu6d3v/orego_spectral_fit_extrapolated.png
saved /orcd/home/002/txenakis/projects/BVPsolver/src/../data/runs/run_mkdu6d3v/orego_vf_fit_extrapolated.png
┌ Warning: Attempting to store StiffNN.var"#20#21"{Float64, Float64, Float64}.
│ JLD2 only stores functions by name.
│  This may not be useful for anonymous functions.
└ @ JLD2 ~/.julia/packages/JLD2/ADycq/src/data/writing_datatypes.jl:447
saved run → /orcd/home/002/txenakis/projects/BVPsolver/src/../data/runs/run_mkdu6d3v
