rober  model=stiff width=12 d=3 tlen=50 profile=fast seed=508  solver=Rodas5  N=318
  derivmatch lr=0.01 iter=170/3400 loss=0.3421
  derivmatch lr=0.01 iter=340/3400 loss=0.1509
  derivmatch lr=0.01 iter=510/3400 loss=0.09858
  derivmatch lr=0.01 iter=680/3400 loss=0.04739
  derivmatch lr=0.01 iter=850/3400 loss=0.04363
  derivmatch lr=0.01 iter=1020/3400 loss=0.1645
  derivmatch lr=0.01 iter=1190/3400 loss=0.03713
  derivmatch lr=0.01 iter=1360/3400 loss=0.02651
  derivmatch lr=0.01 iter=1530/3400 loss=0.04121
  derivmatch lr=0.01 iter=1700/3400 loss=0.02108
  derivmatch lr=0.01 iter=1870/3400 loss=0.01889
  derivmatch lr=0.01 iter=2040/3400 loss=0.01264
  derivmatch lr=0.01 iter=2210/3400 loss=0.009066
  derivmatch lr=0.01 iter=2380/3400 loss=0.01767
  derivmatch lr=0.01 iter=2550/3400 loss=0.009437
  derivmatch lr=0.01 iter=2720/3400 loss=0.006981
  derivmatch lr=0.01 iter=2890/3400 loss=0.006502
  derivmatch lr=0.01 iter=3060/3400 loss=0.005021
  derivmatch lr=0.01 iter=3230/3400 loss=0.005321
  derivmatch lr=0.01 iter=3400/3400 loss=0.005305
  derivmatch lr=0.01 iter=3400/3400 loss=0.00413
  derivmatch lr=0.003 iter=125/2500 loss=0.004214
  derivmatch lr=0.003 iter=250/2500 loss=0.00336
  derivmatch lr=0.003 iter=375/2500 loss=0.003191
  derivmatch lr=0.003 iter=500/2500 loss=0.003726
  derivmatch lr=0.003 iter=625/2500 loss=0.004106
  derivmatch lr=0.003 iter=750/2500 loss=0.002865
  derivmatch lr=0.003 iter=875/2500 loss=0.002609
  derivmatch lr=0.003 iter=1000/2500 loss=0.00211
  derivmatch lr=0.003 iter=1125/2500 loss=0.001642
  derivmatch lr=0.003 iter=1250/2500 loss=0.002063
  derivmatch lr=0.003 iter=1375/2500 loss=0.001733
  derivmatch lr=0.003 iter=1500/2500 loss=0.001763
  derivmatch lr=0.003 iter=1625/2500 loss=0.00151
  derivmatch lr=0.003 iter=1750/2500 loss=0.001534
  derivmatch lr=0.003 iter=1875/2500 loss=0.001321
  derivmatch lr=0.003 iter=2000/2500 loss=0.001348
  derivmatch lr=0.003 iter=2125/2500 loss=0.001168
  derivmatch lr=0.003 iter=2250/2500 loss=0.001196
  derivmatch lr=0.003 iter=2375/2500 loss=0.001043
  derivmatch lr=0.003 iter=2500/2500 loss=0.001072
  derivmatch lr=0.003 iter=2500/2500 loss=0.00099
  derivmatch lr=0.001 iter=125/2500 loss=0.0007336
  derivmatch lr=0.001 iter=250/2500 loss=0.0007092
  derivmatch lr=0.001 iter=375/2500 loss=0.0006847
  derivmatch lr=0.001 iter=500/2500 loss=0.0006598
  derivmatch lr=0.001 iter=625/2500 loss=0.0006347
  derivmatch lr=0.001 iter=750/2500 loss=0.0008564
  derivmatch lr=0.001 iter=875/2500 loss=0.00059
  derivmatch lr=0.001 iter=1000/2500 loss=0.0007087
  derivmatch lr=0.001 iter=1125/2500 loss=0.0005531
  derivmatch lr=0.001 iter=1250/2500 loss=0.0006332
  derivmatch lr=0.001 iter=1375/2500 loss=0.0005256
  derivmatch lr=0.001 iter=1500/2500 loss=0.0006077
  derivmatch lr=0.001 iter=1625/2500 loss=0.000502
  derivmatch lr=0.001 iter=1750/2500 loss=0.0005333
  derivmatch lr=0.001 iter=1875/2500 loss=0.0004964
  derivmatch lr=0.001 iter=2000/2500 loss=0.0004676
  derivmatch lr=0.001 iter=2125/2500 loss=0.0005039
  derivmatch lr=0.001 iter=2250/2500 loss=0.000421
  derivmatch lr=0.001 iter=2375/2500 loss=0.00054
  derivmatch lr=0.001 iter=2500/2500 loss=0.0004218
  derivmatch lr=0.001 iter=2500/2500 loss=0.0004028
  derivmatch lr=0.0003 iter=80/1600 loss=0.000402
  derivmatch lr=0.0003 iter=160/1600 loss=0.0004003
  derivmatch lr=0.0003 iter=240/1600 loss=0.0003986
  derivmatch lr=0.0003 iter=320/1600 loss=0.0003966
  derivmatch lr=0.0003 iter=400/1600 loss=0.0003944
  derivmatch lr=0.0003 iter=480/1600 loss=0.0003919
  derivmatch lr=0.0003 iter=560/1600 loss=0.0003893
  derivmatch lr=0.0003 iter=640/1600 loss=0.0003864
  derivmatch lr=0.0003 iter=720/1600 loss=0.0003834
  derivmatch lr=0.0003 iter=800/1600 loss=0.0003802
  derivmatch lr=0.0003 iter=880/1600 loss=0.0003769
  derivmatch lr=0.0003 iter=960/1600 loss=0.0003735
  derivmatch lr=0.0003 iter=1040/1600 loss=0.00037
  derivmatch lr=0.0003 iter=1120/1600 loss=0.0003663
  derivmatch lr=0.0003 iter=1200/1600 loss=0.0003625
  derivmatch lr=0.0003 iter=1280/1600 loss=0.0003587
  derivmatch lr=0.0003 iter=1360/1600 loss=0.0003547
  derivmatch lr=0.0003 iter=1440/1600 loss=0.0003949
  derivmatch lr=0.0003 iter=1520/1600 loss=0.0003475
  derivmatch lr=0.0003 iter=1600/1600 loss=0.000344
  derivmatch lr=0.0003 iter=1600/1600 loss=0.000344
derivative matching [31s]  fitloss=0.000344
  [derivative matching]  nrmse=0.003965  l2=0.02679
  collocation: M=54 residuals=627  detecting sparsity + solving...

Algorithm: LevenbergMarquardt(
    trustregion = LevenbergMarquardtTrustRegion(
        β_uphill = 0.0
    ),
    descent = GeodesicAcceleration(
        descent = DampedNewtonDescent(
            linsolve = KLUFactorization(
                reuse_symbolic = true,
                check_pattern = true
            ),
            initial_damping = 1.0,
            damping_fn = LevenbergMarquardtDampingFunction(
                increase_factor = 2.0,
                decrease_factor = 3.0,
                min_damping = 1.0e-8
            ),
            min_norm_mode = :auto
        ),
        finite_diff_step_geodesic = 0.1,
        α = 0.75
    ),
    autodiff = AutoForwardDiff(),
    vjp_autodiff = AutoFiniteDiff(
        fdtype = Val{:forward}(),
        fdjtype = Val{:forward}(),
        fdhtype = Val{:hcentral}(),
        dir = true
    ),
    jvp_autodiff = AutoForwardDiff(),
    concrete_jac = Val{true}()
)

----    	-------------       	-----------         
Iter    	f(u) 2-norm         	Step 2-norm         
----    	-------------       	-----------         
0       	1.53025519e+03      	NaN                 
1       	2.84769028e+03      	2.39599555e-02      
8       	7.64314365e+02      	4.43339064e-02      
15      	1.18987549e+02      	2.41350883e-01      
22      	8.38400231e+01      	1.57230591e-01      
29      	5.78904069e+02      	5.51819048e-01      
36      	3.15557318e+02      	5.00051306e-01      
43      	1.42621778e+03      	0.00000000e+00      
50      	9.06613042e+01      	0.00000000e+00      
57      	1.20592822e+02      	0.00000000e+00      
64      	2.75191832e+00      	0.00000000e+00      
71      	5.75567197e+02      	0.00000000e+00      
78      	2.55688870e+01      	0.00000000e+00      
85      	8.30990901e+02      	0.00000000e+00      
92      	2.39544964e+00      	8.39622853e-02      
99      	6.42695356e+01      	2.99911440e-01      
106     	5.20635014e+01      	0.00000000e+00      
113     	1.27170163e+01      	0.00000000e+00      
120     	1.87560050e+01      	0.00000000e+00      
127     	7.65981748e+00      	1.80124888e-01      
134     	1.00006389e+03      	3.33801866e-01      
141     	1.38466711e+01      	0.00000000e+00      
148     	2.81709439e+02      	0.00000000e+00      
Final   	3.73175965e-01      
----------------------      
  AMR 1/1: M=54  err=0.0337  obs=2.04e-10  nrmse=0.0708  best=0.00396  refined=0
 derivative matching was best (1/1 rounds ran)
collocation [18s]
  [final]  nrmse=0.003965  l2=0.02679
extrapolation window: T=1000.0 -> T_test=1.0e12  n_test=100
  [train]  E_traj=6.839e-5  E_VF=0.0002439  E_spec=5.760999999999999e27
  [test ]  E_traj=3088.0  E_VF=9.962e9  E_spec=7.159e24
saved /orcd/home/002/txenakis/projects/BVPsolver/src/../data/runs/run_wvUWAjbv/rober_fit.png
saved /orcd/home/002/txenakis/projects/BVPsolver/src/../data/runs/run_wvUWAjbv/rober_fit_extrapolated.png
saved /orcd/home/002/txenakis/projects/BVPsolver/src/../data/runs/run_wvUWAjbv/rober_spectral_fit_extrapolated.png
saved /orcd/home/002/txenakis/projects/BVPsolver/src/../data/runs/run_wvUWAjbv/rober_vf_fit_extrapolated.png
saved /orcd/home/002/txenakis/projects/BVPsolver/src/../data/runs/run_wvUWAjbv/rober_sensitivity_vs_stiffness_derivmatch.png
saved /orcd/home/002/txenakis/projects/BVPsolver/src/../data/runs/run_wvUWAjbv/rober_sensitivity_vs_stiffness_collocation.png
┌ Warning: Attempting to store StiffNN.var"#12#13"{Float64, Float64, Float64}.
│ JLD2 only stores functions by name.
│  This may not be useful for anonymous functions.
└ @ JLD2 ~/.julia/packages/JLD2/ADycq/src/data/writing_datatypes.jl:447
saved run → /orcd/home/002/txenakis/projects/BVPsolver/src/../data/runs/run_wvUWAjbv
