davis-skodje  model=stiff width=12 d=2 tlen=300 profile=fast seed=43  solver=Rodas5P  N=268
  derivmatch lr=0.01 iter=170/3400 loss=0.1292
  derivmatch lr=0.01 iter=340/3400 loss=0.1011
  derivmatch lr=0.01 iter=510/3400 loss=0.03153
  derivmatch lr=0.01 iter=680/3400 loss=0.02585
  derivmatch lr=0.01 iter=850/3400 loss=0.02296
  derivmatch lr=0.01 iter=1020/3400 loss=0.02808
  derivmatch lr=0.01 iter=1190/3400 loss=0.0255
  derivmatch lr=0.01 iter=1360/3400 loss=0.02338
  derivmatch lr=0.01 iter=1530/3400 loss=0.0216
  derivmatch lr=0.01 iter=1700/3400 loss=0.02279
  derivmatch lr=0.01 iter=1870/3400 loss=0.01333
  derivmatch lr=0.01 iter=2040/3400 loss=0.01948
  derivmatch lr=0.01 iter=2210/3400 loss=0.01608
  derivmatch lr=0.01 iter=2380/3400 loss=0.01428
  derivmatch lr=0.01 iter=2550/3400 loss=0.01061
  derivmatch lr=0.01 iter=2720/3400 loss=0.02184
  derivmatch lr=0.01 iter=2890/3400 loss=0.01379
  derivmatch lr=0.01 iter=3060/3400 loss=0.008371
  derivmatch lr=0.01 iter=3230/3400 loss=0.008714
  derivmatch lr=0.01 iter=3400/3400 loss=0.02151
  derivmatch lr=0.01 iter=3400/3400 loss=0.006256
  derivmatch lr=0.003 iter=125/2500 loss=0.006547
  derivmatch lr=0.003 iter=250/2500 loss=0.004519
  derivmatch lr=0.003 iter=375/2500 loss=0.004985
  derivmatch lr=0.003 iter=500/2500 loss=0.004208
  derivmatch lr=0.003 iter=625/2500 loss=0.003041
  derivmatch lr=0.003 iter=750/2500 loss=0.00286
  derivmatch lr=0.003 iter=875/2500 loss=0.004448
  derivmatch lr=0.003 iter=1000/2500 loss=0.004779
  derivmatch lr=0.003 iter=1125/2500 loss=0.004895
  derivmatch lr=0.003 iter=1250/2500 loss=0.002744
  derivmatch lr=0.003 iter=1375/2500 loss=0.004842
  derivmatch lr=0.003 iter=1500/2500 loss=0.002278
  derivmatch lr=0.003 iter=1625/2500 loss=0.002117
  derivmatch lr=0.003 iter=1750/2500 loss=0.002671
  derivmatch lr=0.003 iter=1875/2500 loss=0.003819
  derivmatch lr=0.003 iter=2000/2500 loss=0.004212
  derivmatch lr=0.003 iter=2125/2500 loss=0.007924
  derivmatch lr=0.003 iter=2250/2500 loss=0.001962
  derivmatch lr=0.003 iter=2375/2500 loss=0.003644
  derivmatch lr=0.003 iter=2500/2500 loss=0.001871
  derivmatch lr=0.003 iter=2500/2500 loss=0.001705
  derivmatch lr=0.001 iter=125/2500 loss=0.001673
  derivmatch lr=0.001 iter=250/2500 loss=0.001515
  derivmatch lr=0.001 iter=375/2500 loss=0.001432
  derivmatch lr=0.001 iter=500/2500 loss=0.001355
  derivmatch lr=0.001 iter=625/2500 loss=0.001281
  derivmatch lr=0.001 iter=750/2500 loss=0.001206
  derivmatch lr=0.001 iter=875/2500 loss=0.001202
  derivmatch lr=0.001 iter=1000/2500 loss=0.001149
  derivmatch lr=0.001 iter=1125/2500 loss=0.001199
  derivmatch lr=0.001 iter=1250/2500 loss=0.001754
  derivmatch lr=0.001 iter=1375/2500 loss=0.001673
  derivmatch lr=0.001 iter=1500/2500 loss=0.001046
  derivmatch lr=0.001 iter=1625/2500 loss=0.001481
  derivmatch lr=0.001 iter=1750/2500 loss=0.000924
  derivmatch lr=0.001 iter=1875/2500 loss=0.0008556
  derivmatch lr=0.001 iter=2000/2500 loss=0.000951
  derivmatch lr=0.001 iter=2125/2500 loss=0.001501
  derivmatch lr=0.001 iter=2250/2500 loss=0.001008
  derivmatch lr=0.001 iter=2375/2500 loss=0.0007918
  derivmatch lr=0.001 iter=2500/2500 loss=0.001281
  derivmatch lr=0.001 iter=2500/2500 loss=0.000724
  derivmatch lr=0.0003 iter=80/1600 loss=0.0007506
  derivmatch lr=0.0003 iter=160/1600 loss=0.0007203
  derivmatch lr=0.0003 iter=240/1600 loss=0.0007119
  derivmatch lr=0.0003 iter=320/1600 loss=0.0007062
  derivmatch lr=0.0003 iter=400/1600 loss=0.0007006
  derivmatch lr=0.0003 iter=480/1600 loss=0.0006946
  derivmatch lr=0.0003 iter=560/1600 loss=0.0006881
  derivmatch lr=0.0003 iter=640/1600 loss=0.0006811
  derivmatch lr=0.0003 iter=720/1600 loss=0.0006737
  derivmatch lr=0.0003 iter=800/1600 loss=0.0006659
  derivmatch lr=0.0003 iter=880/1600 loss=0.0006576
  derivmatch lr=0.0003 iter=960/1600 loss=0.0006489
  derivmatch lr=0.0003 iter=1040/1600 loss=0.0006398
  derivmatch lr=0.0003 iter=1120/1600 loss=0.0006302
  derivmatch lr=0.0003 iter=1200/1600 loss=0.0006201
  derivmatch lr=0.0003 iter=1280/1600 loss=0.0006097
  derivmatch lr=0.0003 iter=1360/1600 loss=0.0005988
  derivmatch lr=0.0003 iter=1440/1600 loss=0.0005875
  derivmatch lr=0.0003 iter=1520/1600 loss=0.0005757
  derivmatch lr=0.0003 iter=1600/1600 loss=0.0005636
  derivmatch lr=0.0003 iter=1600/1600 loss=0.0005636
derivative matching [33s]  fitloss=0.000564
  [derivative matching]  nrmse=0.001417  l2=0.06924
  collocation: M=300 residuals=2394  detecting sparsity + solving...

Algorithm: LevenbergMarquardt(
    trustregion = LevenbergMarquardtTrustRegion(
        β_uphill = 0.0
    ),
    descent = GeodesicAcceleration(
        descent = DampedNewtonDescent(
            linsolve = KLUFactorization(
                reuse_symbolic = true,
                check_pattern = true
            ),
            initial_damping = 1.0,
            damping_fn = LevenbergMarquardtDampingFunction(
                increase_factor = 2.0,
                decrease_factor = 3.0,
                min_damping = 1.0e-8
            ),
            min_norm_mode = :auto
        ),
        finite_diff_step_geodesic = 0.1,
        α = 0.75
    ),
    autodiff = AutoForwardDiff(),
    vjp_autodiff = AutoFiniteDiff(
        fdtype = Val{:forward}(),
        fdjtype = Val{:forward}(),
        fdhtype = Val{:hcentral}(),
        dir = true
    ),
    jvp_autodiff = AutoForwardDiff(),
    concrete_jac = Val{true}()
)

----    	-------------       	-----------         
Iter    	f(u) 2-norm         	Step 2-norm         
----    	-------------       	-----------         
0       	4.02438873e+01      	1.22280280e-308     
1       	4.02438873e+01      	0.00000000e+00      
8       	1.34595480e+01      	3.53164781e-01      
15      	2.78698010e-02      	2.13414415e-02      
22      	4.32260691e-03      	6.35648509e-02      
29      	8.91344032e-02      	0.00000000e+00      
36      	1.14651781e-01      	0.00000000e+00      
43      	2.81428190e-01      	1.17199754e+00      
50      	9.15915924e-02      	0.00000000e+00      
57      	3.07142771e+00      	0.00000000e+00      
64      	1.67275614e+00      	9.11681432e-01      
71      	1.03039176e-01      	0.00000000e+00      
78      	6.08200901e-02      	0.00000000e+00      
85      	8.81991562e-03      	4.04335488e-01      
92      	8.11865221e-02      	3.17804928e-01      
99      	1.94951058e-01      	0.00000000e+00      
106     	1.09909341e-02      	0.00000000e+00      
113     	1.33757458e-03      	8.80210982e-02      
120     	2.91552095e+00      	0.00000000e+00      
127     	1.80198717e-04      	0.00000000e+00      
134     	8.96717415e-02      	0.00000000e+00      
141     	5.06035853e-03      	0.00000000e+00      
148     	1.56203338e-01      	4.81889239e-01      
Final   	2.22476932e-05      
----------------------      
  AMR 1/3: M=300  err=2.58e-11  obs=9.3e-8  nrmse=7.4e-7  best=7.4e-7  refined=11
  collocation: M=311 residuals=2460  detecting sparsity + solving...

Algorithm: LevenbergMarquardt(
    trustregion = LevenbergMarquardtTrustRegion(
        β_uphill = 0.0
    ),
    descent = GeodesicAcceleration(
        descent = DampedNewtonDescent(
            linsolve = KLUFactorization(
                reuse_symbolic = true,
                check_pattern = true
            ),
            initial_damping = 1.0,
            damping_fn = LevenbergMarquardtDampingFunction(
                increase_factor = 2.0,
                decrease_factor = 3.0,
                min_damping = 1.0e-8
            ),
            min_norm_mode = :auto
        ),
        finite_diff_step_geodesic = 0.1,
        α = 0.75
    ),
    autodiff = AutoForwardDiff(),
    vjp_autodiff = AutoFiniteDiff(
        fdtype = Val{:forward}(),
        fdjtype = Val{:forward}(),
        fdhtype = Val{:hcentral}(),
        dir = true
    ),
    jvp_autodiff = AutoForwardDiff(),
    concrete_jac = Val{true}()
)

----    	-------------       	-----------         
Iter    	f(u) 2-norm         	Step 2-norm         
----    	-------------       	-----------         
0       	1.84097134e+01      	NaN                 
1       	1.84097134e+01      	0.00000000e+00      
8       	1.84097134e+01      	0.00000000e+00      
15      	1.53128070e+01      	6.04862268e-01      
22      	1.47233383e-02      	6.76662668e-03      
29      	1.08308802e-03      	6.31178428e-03      
36      	3.83357170e-04      	2.20211466e-01      
43      	2.14460997e-03      	1.66376797e+00      
50      	2.01238545e-03      	8.62670922e-01      
57      	3.32182095e-02      	0.00000000e+00      
64      	9.38549909e-02      	2.82637783e-01      
71      	9.08829957e-02      	0.00000000e+00      
78      	2.48823165e-04      	0.00000000e+00      
85      	3.16745977e-02      	0.00000000e+00      
92      	2.04552162e-02      	0.00000000e+00      
99      	3.49995262e+00      	0.00000000e+00      
106     	3.10154335e-01      	0.00000000e+00      
113     	8.89742671e-01      	1.37265734e+01      
120     	8.89742671e-01      	0.00000000e+00      
127     	8.89742671e-01      	0.00000000e+00      
134     	8.89742671e-01      	0.00000000e+00      
141     	8.89742671e-01      	0.00000000e+00      
148     	8.89742671e-01      	0.00000000e+00      
Final   	4.90610218e-05      
----------------------      
  AMR 2/3: M=311  err=5.83e-10  obs=7.57e-8  nrmse=7.01e-7  best=7.01e-7  refined=1
  collocation: M=312 residuals=2466  detecting sparsity + solving...

Algorithm: LevenbergMarquardt(
    trustregion = LevenbergMarquardtTrustRegion(
        β_uphill = 0.0
    ),
    descent = GeodesicAcceleration(
        descent = DampedNewtonDescent(
            linsolve = KLUFactorization(
                reuse_symbolic = true,
                check_pattern = true
            ),
            initial_damping = 1.0,
            damping_fn = LevenbergMarquardtDampingFunction(
                increase_factor = 2.0,
                decrease_factor = 3.0,
                min_damping = 1.0e-8
            ),
            min_norm_mode = :auto
        ),
        finite_diff_step_geodesic = 0.1,
        α = 0.75
    ),
    autodiff = AutoForwardDiff(),
    vjp_autodiff = AutoFiniteDiff(
        fdtype = Val{:forward}(),
        fdjtype = Val{:forward}(),
        fdhtype = Val{:hcentral}(),
        dir = true
    ),
    jvp_autodiff = AutoForwardDiff(),
    concrete_jac = Val{true}()
)

----    	-------------       	-----------         
Iter    	f(u) 2-norm         	Step 2-norm         
----    	-------------       	-----------         
0       	1.93675722e+01      	NaN                 
1       	8.91297450e+00      	5.38582299e+00      
8       	8.30484463e-02      	2.11958594e-02      
15      	1.82659402e-03      	1.48124775e-02      
22      	5.28269075e-04      	1.96099310e-01      
29      	2.70748839e-05      	3.75588524e-01      
36      	5.59574813e-02      	7.74646500e+00      
43      	5.48241326e+02      	0.00000000e+00      
50      	5.48241326e+02      	0.00000000e+00      
57      	5.48241326e+02      	0.00000000e+00      
64      	5.48241326e+02      	0.00000000e+00      
71      	5.48241326e+02      	0.00000000e+00      
78      	5.48241326e+02      	0.00000000e+00      
85      	1.55489549e-02      	4.50640577e-03      
92      	1.95729874e-01      	2.09651986e-01      
99      	2.20529605e-02      	5.02953529e-01      
106     	1.14784114e+00      	0.00000000e+00      
113     	1.14784114e+00      	0.00000000e+00      
120     	2.96220210e-05      	2.33161280e-01      
127     	1.18363086e-01      	0.00000000e+00      
134     	1.83893141e-03      	4.55257673e-01      
141     	3.69177408e-03      	0.00000000e+00      
148     	4.43057684e-04      	0.00000000e+00      
Final   	6.25047223e-06      
----------------------      
  AMR 3/3: M=312  err=5.1e-12  obs=7.58e-8  nrmse=6.17e-7  best=6.17e-7  refined=0
collocation [125s]
  [final]  nrmse=6.169e-7  l2=2.153e-5
extrapolation window: T=15.0 -> T_test=30.0  n_test=600
  [train]  E_traj=1.176e-12  E_VF=3.613e-7  E_spec=0.1775
  [test ]  E_traj=96.43  E_VF=1083.0  E_spec=0.4732
saved /orcd/home/002/txenakis/projects/BVPsolver/src/../data/runs/run_qCr80IA9/davis-skodje_fit.png
saved /orcd/home/002/txenakis/projects/BVPsolver/src/../data/runs/run_qCr80IA9/davis-skodje_fit_extrapolated.png
saved /orcd/home/002/txenakis/projects/BVPsolver/src/../data/runs/run_qCr80IA9/davis-skodje_spectral_fit_extrapolated.png
saved /orcd/home/002/txenakis/projects/BVPsolver/src/../data/runs/run_qCr80IA9/davis-skodje_vf_fit_extrapolated.png
┌ Warning: Attempting to store StiffNN.var"#22#23"{Float64}.
│ JLD2 only stores functions by name.
│  This may not be useful for anonymous functions.
└ @ JLD2 ~/.julia/packages/JLD2/ADycq/src/data/writing_datatypes.jl:447
saved run → /orcd/home/002/txenakis/projects/BVPsolver/src/../data/runs/run_qCr80IA9
