davis-skodje  model=stiff width=12 d=2 tlen=300 profile=fast seed=49  solver=Rodas5P  N=268
  derivmatch lr=0.01 iter=170/3400 loss=0.6394
  derivmatch lr=0.01 iter=340/3400 loss=0.4737
  derivmatch lr=0.01 iter=510/3400 loss=0.3884
  derivmatch lr=0.01 iter=680/3400 loss=0.3415
  derivmatch lr=0.01 iter=850/3400 loss=0.35
  derivmatch lr=0.01 iter=1020/3400 loss=0.2117
  derivmatch lr=0.01 iter=1190/3400 loss=0.1918
  derivmatch lr=0.01 iter=1360/3400 loss=0.2232
  derivmatch lr=0.01 iter=1530/3400 loss=0.1199
  derivmatch lr=0.01 iter=1700/3400 loss=0.1275
  derivmatch lr=0.01 iter=1870/3400 loss=0.1766
  derivmatch lr=0.01 iter=2040/3400 loss=0.08414
  derivmatch lr=0.01 iter=2210/3400 loss=0.1015
  derivmatch lr=0.01 iter=2380/3400 loss=0.1492
  derivmatch lr=0.01 iter=2550/3400 loss=0.06737
  derivmatch lr=0.01 iter=2720/3400 loss=0.08786
  derivmatch lr=0.01 iter=2890/3400 loss=0.1297
  derivmatch lr=0.01 iter=3060/3400 loss=0.05736
  derivmatch lr=0.01 iter=3230/3400 loss=0.07908
  derivmatch lr=0.01 iter=3400/3400 loss=0.115
  derivmatch lr=0.01 iter=3400/3400 loss=0.05239
  derivmatch lr=0.003 iter=125/2500 loss=0.02927
  derivmatch lr=0.003 iter=250/2500 loss=0.04538
  derivmatch lr=0.003 iter=375/2500 loss=0.01369
  derivmatch lr=0.003 iter=500/2500 loss=0.02269
  derivmatch lr=0.003 iter=625/2500 loss=0.02346
  derivmatch lr=0.003 iter=750/2500 loss=0.02153
  derivmatch lr=0.003 iter=875/2500 loss=0.02176
  derivmatch lr=0.003 iter=1000/2500 loss=0.02029
  derivmatch lr=0.003 iter=1125/2500 loss=0.0207
  derivmatch lr=0.003 iter=1250/2500 loss=0.01947
  derivmatch lr=0.003 iter=1375/2500 loss=0.01997
  derivmatch lr=0.003 iter=1500/2500 loss=0.01887
  derivmatch lr=0.003 iter=1625/2500 loss=0.01943
  derivmatch lr=0.003 iter=1750/2500 loss=0.01842
  derivmatch lr=0.003 iter=1875/2500 loss=0.019
  derivmatch lr=0.003 iter=2000/2500 loss=0.01806
  derivmatch lr=0.003 iter=2125/2500 loss=0.01866
  derivmatch lr=0.003 iter=2250/2500 loss=0.01777
  derivmatch lr=0.003 iter=2375/2500 loss=0.01838
  derivmatch lr=0.003 iter=2500/2500 loss=0.01753
  derivmatch lr=0.003 iter=2500/2500 loss=0.01351
  derivmatch lr=0.001 iter=125/2500 loss=0.01076
  derivmatch lr=0.001 iter=250/2500 loss=0.007724
  derivmatch lr=0.001 iter=375/2500 loss=0.006256
  derivmatch lr=0.001 iter=500/2500 loss=0.006689
  derivmatch lr=0.001 iter=625/2500 loss=0.004824
  derivmatch lr=0.001 iter=750/2500 loss=0.007355
  derivmatch lr=0.001 iter=875/2500 loss=0.006113
  derivmatch lr=0.001 iter=1000/2500 loss=0.004028
  derivmatch lr=0.001 iter=1125/2500 loss=0.008811
  derivmatch lr=0.001 iter=1250/2500 loss=0.004721
  derivmatch lr=0.001 iter=1375/2500 loss=0.00618
  derivmatch lr=0.001 iter=1500/2500 loss=0.004212
  derivmatch lr=0.001 iter=1625/2500 loss=0.003642
  derivmatch lr=0.001 iter=1750/2500 loss=0.004753
  derivmatch lr=0.001 iter=1875/2500 loss=0.005147
  derivmatch lr=0.001 iter=2000/2500 loss=0.00373
  derivmatch lr=0.001 iter=2125/2500 loss=0.003149
  derivmatch lr=0.001 iter=2250/2500 loss=0.002933
  derivmatch lr=0.001 iter=2375/2500 loss=0.003153
  derivmatch lr=0.001 iter=2500/2500 loss=0.005967
  derivmatch lr=0.001 iter=2500/2500 loss=0.002933
  derivmatch lr=0.0003 iter=80/1600 loss=0.002946
  derivmatch lr=0.0003 iter=160/1600 loss=0.00292
  derivmatch lr=0.0003 iter=240/1600 loss=0.002893
  derivmatch lr=0.0003 iter=320/1600 loss=0.002862
  derivmatch lr=0.0003 iter=400/1600 loss=0.002827
  derivmatch lr=0.0003 iter=480/1600 loss=0.002789
  derivmatch lr=0.0003 iter=560/1600 loss=0.002749
  derivmatch lr=0.0003 iter=640/1600 loss=0.002706
  derivmatch lr=0.0003 iter=720/1600 loss=0.002662
  derivmatch lr=0.0003 iter=800/1600 loss=0.002615
  derivmatch lr=0.0003 iter=880/1600 loss=0.002567
  derivmatch lr=0.0003 iter=960/1600 loss=0.002517
  derivmatch lr=0.0003 iter=1040/1600 loss=0.002466
  derivmatch lr=0.0003 iter=1120/1600 loss=0.002413
  derivmatch lr=0.0003 iter=1200/1600 loss=0.002358
  derivmatch lr=0.0003 iter=1280/1600 loss=0.002302
  derivmatch lr=0.0003 iter=1360/1600 loss=0.002244
  derivmatch lr=0.0003 iter=1440/1600 loss=0.003763
  derivmatch lr=0.0003 iter=1520/1600 loss=0.002154
  derivmatch lr=0.0003 iter=1600/1600 loss=0.002109
  derivmatch lr=0.0003 iter=1600/1600 loss=0.002109
derivative matching [31s]  fitloss=0.00211
  [derivative matching]  nrmse=0.01865  l2=0.8767
  collocation: M=304 residuals=2418  detecting sparsity + solving...

Algorithm: LevenbergMarquardt(
    trustregion = LevenbergMarquardtTrustRegion(
        β_uphill = 0.0
    ),
    descent = GeodesicAcceleration(
        descent = DampedNewtonDescent(
            linsolve = KLUFactorization(
                reuse_symbolic = true,
                check_pattern = true
            ),
            initial_damping = 1.0,
            damping_fn = LevenbergMarquardtDampingFunction(
                increase_factor = 2.0,
                decrease_factor = 3.0,
                min_damping = 1.0e-8
            ),
            min_norm_mode = :auto
        ),
        finite_diff_step_geodesic = 0.1,
        α = 0.75
    ),
    autodiff = AutoForwardDiff(),
    vjp_autodiff = AutoFiniteDiff(
        fdtype = Val{:forward}(),
        fdjtype = Val{:forward}(),
        fdhtype = Val{:hcentral}(),
        dir = true
    ),
    jvp_autodiff = AutoForwardDiff(),
    concrete_jac = Val{true}()
)

----    	-------------       	-----------         
Iter    	f(u) 2-norm         	Step 2-norm         
----    	-------------       	-----------         
0       	1.89807529e+02      	8.35330389e-316     
1       	1.89807529e+02      	0.00000000e+00      
8       	1.12814672e+01      	0.00000000e+00      
15      	1.52291422e-01      	6.54416599e-02      
22      	3.57105834e-02      	7.22437689e-02      
29      	1.07404499e+00      	7.58754628e-01      
36      	1.33686904e+00      	0.00000000e+00      
43      	1.33686904e+00      	0.00000000e+00      
50      	1.33686904e+00      	0.00000000e+00      
57      	1.33686904e+00      	0.00000000e+00      
64      	1.33686904e+00      	0.00000000e+00      
71      	2.76134393e-01      	2.49672009e-03      
78      	2.84038216e-03      	8.54833252e-04      
85      	4.33435498e-04      	1.39564502e-05      
92      	7.60756128e-04      	8.06462031e-03      
99      	1.11434196e+00      	0.00000000e+00      
106     	2.09773143e+00      	0.00000000e+00      
113     	2.22786318e-02      	0.00000000e+00      
120     	3.94013249e-02      	1.51259175e-01      
127     	1.01780774e+00      	0.00000000e+00      
134     	1.18786475e+00      	0.00000000e+00      
141     	3.34133031e+00      	0.00000000e+00      
148     	4.31155609e-01      	0.00000000e+00      
Final   	2.26703805e-04      
----------------------      
  AMR 1/3: M=304  err=1.73e-9  obs=5.25e-6  nrmse=0.00195  best=0.00195  refined=12
  collocation: M=316 residuals=2490  detecting sparsity + solving...

Algorithm: LevenbergMarquardt(
    trustregion = LevenbergMarquardtTrustRegion(
        β_uphill = 0.0
    ),
    descent = GeodesicAcceleration(
        descent = DampedNewtonDescent(
            linsolve = KLUFactorization(
                reuse_symbolic = true,
                check_pattern = true
            ),
            initial_damping = 1.0,
            damping_fn = LevenbergMarquardtDampingFunction(
                increase_factor = 2.0,
                decrease_factor = 3.0,
                min_damping = 1.0e-8
            ),
            min_norm_mode = :auto
        ),
        finite_diff_step_geodesic = 0.1,
        α = 0.75
    ),
    autodiff = AutoForwardDiff(),
    vjp_autodiff = AutoFiniteDiff(
        fdtype = Val{:forward}(),
        fdjtype = Val{:forward}(),
        fdhtype = Val{:hcentral}(),
        dir = true
    ),
    jvp_autodiff = AutoForwardDiff(),
    concrete_jac = Val{true}()
)

----    	-------------       	-----------         
Iter    	f(u) 2-norm         	Step 2-norm         
----    	-------------       	-----------         
0       	9.11495458e+01      	7.54666499e+01      
1       	9.11495458e+01      	0.00000000e+00      
8       	3.34482606e-01      	3.07953908e-03      
15      	1.20485993e-01      	8.54810942e-02      
22      	3.01824961e-04      	3.22414719e-03      
29      	1.20366993e-03      	2.02338607e-03      
36      	2.10202032e-04      	5.19985099e-03      
43      	2.34763510e+00      	0.00000000e+00      
50      	1.09052687e+01      	0.00000000e+00      
57      	2.11126620e+00      	0.00000000e+00      
64      	2.51646734e+00      	0.00000000e+00      
71      	8.51203042e-02      	0.00000000e+00      
78      	3.83381398e-03      	0.00000000e+00      
85      	1.23599140e+01      	0.00000000e+00      
92      	1.54927996e-02      	1.82820525e-01      
99      	6.09165614e-01      	5.04777278e-01      
106     	7.18026670e-04      	4.73761709e-02      
113     	2.71598964e-01      	0.00000000e+00      
120     	4.96414410e-01      	0.00000000e+00      
127     	4.96015571e-02      	0.00000000e+00      
134     	6.04428757e-02      	0.00000000e+00      
141     	2.87055421e-02      	1.20727269e-01      
148     	2.46642803e-01      	0.00000000e+00      
Final   	2.10202032e-04      
----------------------      
  AMR 2/3: M=316  err=1.02e-9  obs=5.15e-6  nrmse=0.002  best=0.00195  refined=14
  collocation: M=342 residuals=2646  detecting sparsity + solving...

Algorithm: LevenbergMarquardt(
    trustregion = LevenbergMarquardtTrustRegion(
        β_uphill = 0.0
    ),
    descent = GeodesicAcceleration(
        descent = DampedNewtonDescent(
            linsolve = KLUFactorization(
                reuse_symbolic = true,
                check_pattern = true
            ),
            initial_damping = 1.0,
            damping_fn = LevenbergMarquardtDampingFunction(
                increase_factor = 2.0,
                decrease_factor = 3.0,
                min_damping = 1.0e-8
            ),
            min_norm_mode = :auto
        ),
        finite_diff_step_geodesic = 0.1,
        α = 0.75
    ),
    autodiff = AutoForwardDiff(),
    vjp_autodiff = AutoFiniteDiff(
        fdtype = Val{:forward}(),
        fdjtype = Val{:forward}(),
        fdhtype = Val{:hcentral}(),
        dir = true
    ),
    jvp_autodiff = AutoForwardDiff(),
    concrete_jac = Val{true}()
)

----    	-------------       	-----------         
Iter    	f(u) 2-norm         	Step 2-norm         
----    	-------------       	-----------         
0       	9.11160188e+01      	2.10828200e-309     
1       	9.11160188e+01      	0.00000000e+00      
8       	3.34574197e-01      	3.88215808e-03      
15      	1.20421983e-01      	8.54578070e-02      
22      	3.89232770e-04      	3.24424914e-03      
29      	1.99793502e-03      	0.00000000e+00      
36      	3.46297339e-04      	2.67599797e-02      
43      	2.12273105e-01      	0.00000000e+00      
50      	4.09710788e-04      	8.54097257e-03      
57      	1.73737070e-04      	2.37966375e-03      
64      	1.19089170e-02      	0.00000000e+00      
71      	1.63369137e-02      	0.00000000e+00      
78      	1.66938954e-04      	2.06359066e-03      
85      	5.43038377e-02      	0.00000000e+00      
92      	2.88152289e-02      	1.57215009e-02      
99      	1.70497701e-03      	1.77110958e-03      
106     	1.71519736e-04      	2.27141652e-03      
113     	6.51788264e-04      	2.05421131e-02      
120     	6.51788264e-04      	0.00000000e+00      
127     	2.97330783e-04      	5.58781475e-02      
134     	4.36860083e-01      	5.42477858e-01      
141     	1.93670993e-01      	0.00000000e+00      
148     	8.95630302e+00      	2.37639409e+00      
Final   	1.53515418e-04      
----------------------      
  AMR 3/3: M=342  err=5.35e-10  obs=3.52e-6  nrmse=0.00169  best=0.00169  refined=0
collocation [128s]
  [final]  nrmse=0.001693  l2=0.06578
extrapolation window: T=15.0 -> T_test=30.0  n_test=600
  [train]  E_traj=2.749e-5  E_VF=0.0004209  E_spec=0.1823
  [test ]  E_traj=3.096e10  E_VF=3.117e9  E_spec=0.4661
saved /orcd/home/002/txenakis/projects/BVPsolver/src/../data/runs/run_U7e5kfor/davis-skodje_fit.png
saved /orcd/home/002/txenakis/projects/BVPsolver/src/../data/runs/run_U7e5kfor/davis-skodje_fit_extrapolated.png
saved /orcd/home/002/txenakis/projects/BVPsolver/src/../data/runs/run_U7e5kfor/davis-skodje_spectral_fit_extrapolated.png
saved /orcd/home/002/txenakis/projects/BVPsolver/src/../data/runs/run_U7e5kfor/davis-skodje_vf_fit_extrapolated.png
┌ Warning: Attempting to store StiffNN.var"#22#23"{Float64}.
│ JLD2 only stores functions by name.
│  This may not be useful for anonymous functions.
└ @ JLD2 ~/.julia/packages/JLD2/ADycq/src/data/writing_datatypes.jl:447
saved run → /orcd/home/002/txenakis/projects/BVPsolver/src/../data/runs/run_U7e5kfor
