davis-skodje  model=GELU-scaled width=7 d=2 tlen=300 profile=fast seed=333  solver=Rodas5P  N=317
  derivmatch lr=0.01 iter=170/3400 loss=10.63
  derivmatch lr=0.01 iter=340/3400 loss=8.678
  derivmatch lr=0.01 iter=510/3400 loss=7.647
  derivmatch lr=0.01 iter=680/3400 loss=6.943
  derivmatch lr=0.01 iter=850/3400 loss=6.377
  derivmatch lr=0.01 iter=1020/3400 loss=5.892
  derivmatch lr=0.01 iter=1190/3400 loss=5.483
  derivmatch lr=0.01 iter=1360/3400 loss=5.152
  derivmatch lr=0.01 iter=1530/3400 loss=4.842
  derivmatch lr=0.01 iter=1700/3400 loss=4.597
  derivmatch lr=0.01 iter=1870/3400 loss=4.4
  derivmatch lr=0.01 iter=2040/3400 loss=4.182
  derivmatch lr=0.01 iter=2210/3400 loss=4.01
  derivmatch lr=0.01 iter=2380/3400 loss=3.871
  derivmatch lr=0.01 iter=2550/3400 loss=3.699
  derivmatch lr=0.01 iter=2720/3400 loss=3.568
  derivmatch lr=0.01 iter=2890/3400 loss=3.467
  derivmatch lr=0.01 iter=3060/3400 loss=3.325
  derivmatch lr=0.01 iter=3230/3400 loss=3.218
  derivmatch lr=0.01 iter=3400/3400 loss=3.14
  derivmatch lr=0.01 iter=3400/3400 loss=3.112
  derivmatch lr=0.003 iter=125/2500 loss=3.038
  derivmatch lr=0.003 iter=250/2500 loss=2.971
  derivmatch lr=0.003 iter=375/2500 loss=2.905
  derivmatch lr=0.003 iter=500/2500 loss=2.844
  derivmatch lr=0.003 iter=625/2500 loss=2.789
  derivmatch lr=0.003 iter=750/2500 loss=2.733
  derivmatch lr=0.003 iter=875/2500 loss=2.682
  derivmatch lr=0.003 iter=1000/2500 loss=2.635
  derivmatch lr=0.003 iter=1125/2500 loss=2.59
  derivmatch lr=0.003 iter=1250/2500 loss=2.547
  derivmatch lr=0.003 iter=1375/2500 loss=2.511
  derivmatch lr=0.003 iter=1500/2500 loss=2.475
  derivmatch lr=0.003 iter=1625/2500 loss=2.43
  derivmatch lr=0.003 iter=1750/2500 loss=2.394
  derivmatch lr=0.003 iter=1875/2500 loss=2.36
  derivmatch lr=0.003 iter=2000/2500 loss=2.327
  derivmatch lr=0.003 iter=2125/2500 loss=2.297
  derivmatch lr=0.003 iter=2250/2500 loss=2.27
  derivmatch lr=0.003 iter=2375/2500 loss=2.235
  derivmatch lr=0.003 iter=2500/2500 loss=2.211
  derivmatch lr=0.003 iter=2500/2500 loss=2.206
  derivmatch lr=0.001 iter=125/2500 loss=2.195
  derivmatch lr=0.001 iter=250/2500 loss=2.183
  derivmatch lr=0.001 iter=375/2500 loss=2.172
  derivmatch lr=0.001 iter=500/2500 loss=2.16
  derivmatch lr=0.001 iter=625/2500 loss=2.148
  derivmatch lr=0.001 iter=750/2500 loss=2.138
  derivmatch lr=0.001 iter=875/2500 loss=2.125
  derivmatch lr=0.001 iter=1000/2500 loss=2.114
  derivmatch lr=0.001 iter=1125/2500 loss=2.102
  derivmatch lr=0.001 iter=1250/2500 loss=2.091
  derivmatch lr=0.001 iter=1375/2500 loss=2.081
  derivmatch lr=0.001 iter=1500/2500 loss=2.07
  derivmatch lr=0.001 iter=1625/2500 loss=2.059
  derivmatch lr=0.001 iter=1750/2500 loss=2.049
  derivmatch lr=0.001 iter=1875/2500 loss=2.038
  derivmatch lr=0.001 iter=2000/2500 loss=2.029
  derivmatch lr=0.001 iter=2125/2500 loss=2.018
  derivmatch lr=0.001 iter=2250/2500 loss=2.009
  derivmatch lr=0.001 iter=2375/2500 loss=2.0
  derivmatch lr=0.001 iter=2500/2500 loss=1.989
  derivmatch lr=0.001 iter=2500/2500 loss=1.989
  derivmatch lr=0.0003 iter=80/1600 loss=1.988
  derivmatch lr=0.0003 iter=160/1600 loss=1.986
  derivmatch lr=0.0003 iter=240/1600 loss=1.984
  derivmatch lr=0.0003 iter=320/1600 loss=1.982
  derivmatch lr=0.0003 iter=400/1600 loss=1.98
  derivmatch lr=0.0003 iter=480/1600 loss=1.978
  derivmatch lr=0.0003 iter=560/1600 loss=1.976
  derivmatch lr=0.0003 iter=640/1600 loss=1.974
  derivmatch lr=0.0003 iter=720/1600 loss=1.972
  derivmatch lr=0.0003 iter=800/1600 loss=1.97
  derivmatch lr=0.0003 iter=880/1600 loss=1.968
  derivmatch lr=0.0003 iter=960/1600 loss=1.966
  derivmatch lr=0.0003 iter=1040/1600 loss=1.964
  derivmatch lr=0.0003 iter=1120/1600 loss=1.962
  derivmatch lr=0.0003 iter=1200/1600 loss=1.96
  derivmatch lr=0.0003 iter=1280/1600 loss=1.958
  derivmatch lr=0.0003 iter=1360/1600 loss=1.956
  derivmatch lr=0.0003 iter=1440/1600 loss=1.954
  derivmatch lr=0.0003 iter=1520/1600 loss=1.952
  derivmatch lr=0.0003 iter=1600/1600 loss=1.95
  derivmatch lr=0.0003 iter=1600/1600 loss=1.95
derivative matching [31s]  fitloss=1.95
  [derivative matching]  nrmse=0.7475  l2=24.11
  shooting iter=50/1000 loss=0.1029
  shooting iter=100/1000 loss=0.09814
  shooting iter=150/1000 loss=0.09723
  shooting iter=200/1000 loss=0.09667
  shooting iter=250/1000 loss=0.09623
  shooting iter=300/1000 loss=0.09599
  shooting iter=350/1000 loss=0.09563
  shooting iter=400/1000 loss=0.09551
  shooting iter=450/1000 loss=0.0953
  shooting iter=500/1000 loss=0.09505
  shooting iter=550/1000 loss=0.0948
  shooting iter=600/1000 loss=0.09481
  shooting iter=650/1000 loss=0.09437
  shooting iter=700/1000 loss=0.09416
  shooting iter=750/1000 loss=0.09399
  shooting iter=800/1000 loss=0.09364
  shooting iter=850/1000 loss=0.09346
  shooting iter=900/1000 loss=0.0932
  shooting iter=950/1000 loss=0.09285
  shooting iter=1000/1000 loss=0.09275
  shooting iter=1000/1000 loss=0.09268
shooting [856s]  loss=0.0927
  [final]  nrmse=0.1996  l2=9.761
extrapolation window: T=15.0 -> T_test=30.0  n_test=600
  [train]  E_traj=0.1196  E_VF=0.5134  E_spec=0.828
  [test ]  E_traj=2.596e7  E_VF=3.367e8  E_spec=0.501
saved /orcd/home/002/txenakis/projects/BVPsolver/src/../data/runs/run_Fap5nFTE/davis-skodje_fit.png
saved /orcd/home/002/txenakis/projects/BVPsolver/src/../data/runs/run_Fap5nFTE/davis-skodje_fit_extrapolated.png
saved /orcd/home/002/txenakis/projects/BVPsolver/src/../data/runs/run_Fap5nFTE/davis-skodje_spectral_fit_extrapolated.png
saved /orcd/home/002/txenakis/projects/BVPsolver/src/../data/runs/run_Fap5nFTE/davis-skodje_vf_fit_extrapolated.png
┌ Warning: Attempting to store StiffNN.var"#22#23"{Float64}.
│ JLD2 only stores functions by name.
│  This may not be useful for anonymous functions.
└ @ JLD2 ~/.julia/packages/JLD2/ADycq/src/data/writing_datatypes.jl:447
saved run → /orcd/home/002/txenakis/projects/BVPsolver/src/../data/runs/run_Fap5nFTE
