rober  model=GELU-scaled width=7 d=3 tlen=50 profile=fast seed=103  solver=Rodas5  N=332
  derivmatch lr=0.01 iter=170/3400 loss=8.889
  derivmatch lr=0.01 iter=340/3400 loss=8.896
  derivmatch lr=0.01 iter=510/3400 loss=9.897
  derivmatch lr=0.01 iter=680/3400 loss=9.076
  derivmatch lr=0.01 iter=850/3400 loss=8.44
  derivmatch lr=0.01 iter=1020/3400 loss=20.93
  derivmatch lr=0.01 iter=1190/3400 loss=5.558
  derivmatch lr=0.01 iter=1360/3400 loss=8.557
  derivmatch lr=0.01 iter=1530/3400 loss=8.255
  derivmatch lr=0.01 iter=1700/3400 loss=8.044
  derivmatch lr=0.01 iter=1870/3400 loss=7.806
  derivmatch lr=0.01 iter=2040/3400 loss=7.49
  derivmatch lr=0.01 iter=2210/3400 loss=6.96
  derivmatch lr=0.01 iter=2380/3400 loss=6.014
  derivmatch lr=0.01 iter=2550/3400 loss=5.729
  derivmatch lr=0.01 iter=2720/3400 loss=5.095
  derivmatch lr=0.01 iter=2890/3400 loss=8.277
  derivmatch lr=0.01 iter=3060/3400 loss=7.712
  derivmatch lr=0.01 iter=3230/3400 loss=7.035
  derivmatch lr=0.01 iter=3400/3400 loss=6.475
  derivmatch lr=0.01 iter=3400/3400 loss=4.967
  derivmatch lr=0.003 iter=125/2500 loss=4.935
  derivmatch lr=0.003 iter=250/2500 loss=7.7
  derivmatch lr=0.003 iter=375/2500 loss=7.318
  derivmatch lr=0.003 iter=500/2500 loss=6.759
  derivmatch lr=0.003 iter=625/2500 loss=5.053
  derivmatch lr=0.003 iter=750/2500 loss=4.95
  derivmatch lr=0.003 iter=875/2500 loss=4.863
  derivmatch lr=0.003 iter=1000/2500 loss=4.787
  derivmatch lr=0.003 iter=1125/2500 loss=4.723
  derivmatch lr=0.003 iter=1250/2500 loss=4.658
  derivmatch lr=0.003 iter=1375/2500 loss=4.589
  derivmatch lr=0.003 iter=1500/2500 loss=4.518
  derivmatch lr=0.003 iter=1625/2500 loss=4.454
  derivmatch lr=0.003 iter=1750/2500 loss=7.777
  derivmatch lr=0.003 iter=1875/2500 loss=6.637
  derivmatch lr=0.003 iter=2000/2500 loss=6.101
  derivmatch lr=0.003 iter=2125/2500 loss=5.293
  derivmatch lr=0.003 iter=2250/2500 loss=5.091
  derivmatch lr=0.003 iter=2375/2500 loss=4.986
  derivmatch lr=0.003 iter=2500/2500 loss=4.902
  derivmatch lr=0.003 iter=2500/2500 loss=4.441
  derivmatch lr=0.001 iter=125/2500 loss=5.871
  derivmatch lr=0.001 iter=250/2500 loss=4.722
  derivmatch lr=0.001 iter=375/2500 loss=4.479
  derivmatch lr=0.001 iter=500/2500 loss=4.413
  derivmatch lr=0.001 iter=625/2500 loss=4.398
  derivmatch lr=0.001 iter=750/2500 loss=4.382
  derivmatch lr=0.001 iter=875/2500 loss=4.366
  derivmatch lr=0.001 iter=1000/2500 loss=4.348
  derivmatch lr=0.001 iter=1125/2500 loss=4.329
  derivmatch lr=0.001 iter=1250/2500 loss=4.309
  derivmatch lr=0.001 iter=1375/2500 loss=4.288
  derivmatch lr=0.001 iter=1500/2500 loss=4.265
  derivmatch lr=0.001 iter=1625/2500 loss=4.242
  derivmatch lr=0.001 iter=1750/2500 loss=4.218
  derivmatch lr=0.001 iter=1875/2500 loss=4.193
  derivmatch lr=0.001 iter=2000/2500 loss=4.166
  derivmatch lr=0.001 iter=2125/2500 loss=7.058
  derivmatch lr=0.001 iter=2250/2500 loss=5.477
  derivmatch lr=0.001 iter=2375/2500 loss=5.745
  derivmatch lr=0.001 iter=2500/2500 loss=4.919
  derivmatch lr=0.001 iter=2500/2500 loss=4.161
  derivmatch lr=0.0003 iter=80/1600 loss=4.562
  derivmatch lr=0.0003 iter=160/1600 loss=4.157
  derivmatch lr=0.0003 iter=240/1600 loss=4.154
  derivmatch lr=0.0003 iter=320/1600 loss=4.152
  derivmatch lr=0.0003 iter=400/1600 loss=4.148
  derivmatch lr=0.0003 iter=480/1600 loss=4.145
  derivmatch lr=0.0003 iter=560/1600 loss=4.142
  derivmatch lr=0.0003 iter=640/1600 loss=4.138
  derivmatch lr=0.0003 iter=720/1600 loss=4.134
  derivmatch lr=0.0003 iter=800/1600 loss=4.13
  derivmatch lr=0.0003 iter=880/1600 loss=4.126
  derivmatch lr=0.0003 iter=960/1600 loss=4.122
  derivmatch lr=0.0003 iter=1040/1600 loss=4.118
  derivmatch lr=0.0003 iter=1120/1600 loss=4.113
  derivmatch lr=0.0003 iter=1200/1600 loss=4.108
  derivmatch lr=0.0003 iter=1280/1600 loss=4.103
  derivmatch lr=0.0003 iter=1360/1600 loss=4.098
  derivmatch lr=0.0003 iter=1440/1600 loss=4.093
  derivmatch lr=0.0003 iter=1520/1600 loss=4.087
  derivmatch lr=0.0003 iter=1600/1600 loss=4.082
  derivmatch lr=0.0003 iter=1600/1600 loss=4.082
derivative matching [25s]  fitloss=4.08
  [derivative matching]  nrmse=21.69  l2=0.1271
  collocation: M=54 residuals=627  detecting sparsity + solving...

Algorithm: LevenbergMarquardt(
    trustregion = LevenbergMarquardtTrustRegion(
        β_uphill = 0.0
    ),
    descent = GeodesicAcceleration(
        descent = DampedNewtonDescent(
            linsolve = KLUFactorization(
                reuse_symbolic = true,
                check_pattern = true
            ),
            initial_damping = 1.0,
            damping_fn = LevenbergMarquardtDampingFunction(
                increase_factor = 2.0,
                decrease_factor = 3.0,
                min_damping = 1.0e-8
            ),
            min_norm_mode = :auto
        ),
        finite_diff_step_geodesic = 0.1,
        α = 0.75
    ),
    autodiff = AutoForwardDiff(),
    vjp_autodiff = AutoFiniteDiff(
        fdtype = Val{:forward}(),
        fdjtype = Val{:forward}(),
        fdhtype = Val{:hcentral}(),
        dir = true
    ),
    jvp_autodiff = AutoForwardDiff(),
    concrete_jac = Val{true}()
)

----    	-------------       	-----------         
Iter    	f(u) 2-norm         	Step 2-norm         
----    	-------------       	-----------         
0       	1.08390812e+05      	NaN                 
1       	1.08390812e+05      	0.00000000e+00      
8       	6.74242792e+04      	1.32194783e-01      
15      	4.00221101e+04      	0.00000000e+00      
22      	4.11610812e+04      	9.11160066e-03      
29      	8.49373317e+03      	1.49332942e-01      
36      	1.07439083e+03      	3.21343509e-02      
43      	9.36252871e+02      	0.00000000e+00      
50      	7.99485350e+02      	0.00000000e+00      
57      	9.36938356e+02      	0.00000000e+00      
64      	9.35566210e+02      	0.00000000e+00      
71      	8.79944339e+02      	2.06612356e-02      
78      	9.41778344e+02      	0.00000000e+00      
85      	9.59917454e+02      	0.00000000e+00      
92      	9.14559266e+02      	1.65966342e-02      
99      	8.91461908e+02      	0.00000000e+00      
106     	9.64054245e+02      	0.00000000e+00      
113     	1.01633791e+03      	0.00000000e+00      
120     	1.07707190e+03      	0.00000000e+00      
127     	1.16552703e+03      	1.35138501e-02      
134     	1.12727682e+03      	1.27157602e-02      
141     	1.12405040e+03      	0.00000000e+00      
148     	1.13451959e+03      	0.00000000e+00      
Final   	7.99485350e+02      
----------------------      
  AMR 1/1: M=54  err=152000.0  obs=0.00214  nrmse=0.44  best=0.44  refined=0
collocation [16s]
  [final]  nrmse=0.44  l2=1.285
extrapolation window: T=1000.0 -> T_test=1.0e12  n_test=100
  [train]  E_traj=0.5514  E_VF=0.5695  E_spec=1.351
  [test ]  E_traj=1.501e19  E_VF=5766.0  E_spec=1.0
saved /orcd/home/002/txenakis/projects/BVPsolver/src/../data/runs/run_7TOEXwsO/rober_fit.png
saved /orcd/home/002/txenakis/projects/BVPsolver/src/../data/runs/run_7TOEXwsO/rober_fit_extrapolated.png
saved /orcd/home/002/txenakis/projects/BVPsolver/src/../data/runs/run_7TOEXwsO/rober_spectral_fit_extrapolated.png
saved /orcd/home/002/txenakis/projects/BVPsolver/src/../data/runs/run_7TOEXwsO/rober_vf_fit_extrapolated.png
┌ Warning: Attempting to store StiffNN.var"#12#13"{Float64, Float64, Float64}.
│ JLD2 only stores functions by name.
│  This may not be useful for anonymous functions.
└ @ JLD2 ~/.julia/packages/JLD2/ADycq/src/data/writing_datatypes.jl:447
saved run → /orcd/home/002/txenakis/projects/BVPsolver/src/../data/runs/run_7TOEXwsO
