davis-skodje  model=GELU-scaled width=7 d=2 tlen=300 profile=fast seed=12  solver=Rodas5P  N=317
  shooting iter=50/1000 loss=0.1804
  shooting iter=100/1000 loss=0.1236
  shooting iter=150/1000 loss=0.08114
  shooting iter=200/1000 loss=0.03017
  shooting iter=250/1000 loss=0.004357
  shooting iter=300/1000 loss=0.002495
  shooting iter=350/1000 loss=0.00324
  shooting iter=400/1000 loss=0.001551
  shooting iter=450/1000 loss=0.003318
  shooting iter=500/1000 loss=0.004152
  shooting iter=550/1000 loss=0.002959
  shooting iter=600/1000 loss=0.001863
  shooting iter=650/1000 loss=0.001965
  shooting iter=700/1000 loss=0.002098
  shooting iter=750/1000 loss=0.002072
  shooting iter=800/1000 loss=0.0009281
  shooting iter=850/1000 loss=0.002809
  shooting iter=900/1000 loss=0.002237
  shooting iter=950/1000 loss=0.002507
  shooting iter=1000/1000 loss=0.002836
  shooting iter=1000/1000 loss=0.0008703
shooting [406s]  loss=0.00087
  [final]  nrmse=0.001298  l2=0.04929
extrapolation window: T=15.0 -> T_test=30.0  n_test=600
  [train]  E_traj=3.716e-6  E_VF=0.000715  E_spec=0.541
  [test ]  E_traj=1.266e10  E_VF=8.645e8  E_spec=0.9906
saved /orcd/home/002/txenakis/projects/BVPsolver/src/../data/runs/run_ykd26Ok2/davis-skodje_fit.png
saved /orcd/home/002/txenakis/projects/BVPsolver/src/../data/runs/run_ykd26Ok2/davis-skodje_fit_extrapolated.png
saved /orcd/home/002/txenakis/projects/BVPsolver/src/../data/runs/run_ykd26Ok2/davis-skodje_spectral_fit_extrapolated.png
saved /orcd/home/002/txenakis/projects/BVPsolver/src/../data/runs/run_ykd26Ok2/davis-skodje_vf_fit_extrapolated.png
┌ Warning: Attempting to store StiffNN.var"#22#23"{Float64}.
│ JLD2 only stores functions by name.
│  This may not be useful for anonymous functions.
└ @ JLD2 ~/.julia/packages/JLD2/ADycq/src/data/writing_datatypes.jl:447
saved run → /orcd/home/002/txenakis/projects/BVPsolver/src/../data/runs/run_ykd26Ok2
