hires  model=stiff width=16 d=8 tlen=50 profile=fast seed=109  solver=Rodas5  N=816
  derivmatch lr=0.01 iter=170/3400 loss=0.1101
  derivmatch lr=0.01 iter=340/3400 loss=0.1018
  derivmatch lr=0.01 iter=510/3400 loss=0.02896
  derivmatch lr=0.01 iter=680/3400 loss=0.01728
  derivmatch lr=0.01 iter=850/3400 loss=0.01219
  derivmatch lr=0.01 iter=1020/3400 loss=0.009343
  derivmatch lr=0.01 iter=1190/3400 loss=0.007557
  derivmatch lr=0.01 iter=1360/3400 loss=0.00662
  derivmatch lr=0.01 iter=1530/3400 loss=0.005685
  derivmatch lr=0.01 iter=1700/3400 loss=0.00477
  derivmatch lr=0.01 iter=1870/3400 loss=0.004263
  derivmatch lr=0.01 iter=2040/3400 loss=0.003787
  derivmatch lr=0.01 iter=2210/3400 loss=0.004306
  derivmatch lr=0.01 iter=2380/3400 loss=0.003224
  derivmatch lr=0.01 iter=2550/3400 loss=0.003524
  derivmatch lr=0.01 iter=2720/3400 loss=0.00294
  derivmatch lr=0.01 iter=2890/3400 loss=0.003204
  derivmatch lr=0.01 iter=3060/3400 loss=0.002374
  derivmatch lr=0.01 iter=3230/3400 loss=0.002178
  derivmatch lr=0.01 iter=3400/3400 loss=0.002312
  derivmatch lr=0.01 iter=3400/3400 loss=0.002089
  derivmatch lr=0.003 iter=125/2500 loss=0.002091
  derivmatch lr=0.003 iter=250/2500 loss=0.002004
  derivmatch lr=0.003 iter=375/2500 loss=0.001936
  derivmatch lr=0.003 iter=500/2500 loss=0.001871
  derivmatch lr=0.003 iter=625/2500 loss=0.001806
  derivmatch lr=0.003 iter=750/2500 loss=0.00174
  derivmatch lr=0.003 iter=875/2500 loss=0.001673
  derivmatch lr=0.003 iter=1000/2500 loss=0.0016
  derivmatch lr=0.003 iter=1125/2500 loss=0.00151
  derivmatch lr=0.003 iter=1250/2500 loss=0.001407
  derivmatch lr=0.003 iter=1375/2500 loss=0.001283
  derivmatch lr=0.003 iter=1500/2500 loss=0.001141
  derivmatch lr=0.003 iter=1625/2500 loss=0.0009789
  derivmatch lr=0.003 iter=1750/2500 loss=0.0008317
  derivmatch lr=0.003 iter=1875/2500 loss=0.0007431
  derivmatch lr=0.003 iter=2000/2500 loss=0.0006767
  derivmatch lr=0.003 iter=2125/2500 loss=0.0006941
  derivmatch lr=0.003 iter=2250/2500 loss=0.0006016
  derivmatch lr=0.003 iter=2375/2500 loss=0.0006097
  derivmatch lr=0.003 iter=2500/2500 loss=0.0005245
  derivmatch lr=0.003 iter=2500/2500 loss=0.0005018
  derivmatch lr=0.001 iter=125/2500 loss=0.0004961
  derivmatch lr=0.001 iter=250/2500 loss=0.0004833
  derivmatch lr=0.001 iter=375/2500 loss=0.000469
  derivmatch lr=0.001 iter=500/2500 loss=0.000453
  derivmatch lr=0.001 iter=625/2500 loss=0.0004357
  derivmatch lr=0.001 iter=750/2500 loss=0.0004175
  derivmatch lr=0.001 iter=875/2500 loss=0.0003987
  derivmatch lr=0.001 iter=1000/2500 loss=0.0003794
  derivmatch lr=0.001 iter=1125/2500 loss=0.00036
  derivmatch lr=0.001 iter=1250/2500 loss=0.0003405
  derivmatch lr=0.001 iter=1375/2500 loss=0.0003211
  derivmatch lr=0.001 iter=1500/2500 loss=0.0003019
  derivmatch lr=0.001 iter=1625/2500 loss=0.0009886
  derivmatch lr=0.001 iter=1750/2500 loss=0.0002681
  derivmatch lr=0.001 iter=1875/2500 loss=0.0002527
  derivmatch lr=0.001 iter=2000/2500 loss=0.0002492
  derivmatch lr=0.001 iter=2125/2500 loss=0.0002252
  derivmatch lr=0.001 iter=2250/2500 loss=0.0002122
  derivmatch lr=0.001 iter=2375/2500 loss=0.0002012
  derivmatch lr=0.001 iter=2500/2500 loss=0.0001902
  derivmatch lr=0.001 iter=2500/2500 loss=0.0001902
  derivmatch lr=0.0003 iter=80/1600 loss=0.0001887
  derivmatch lr=0.0003 iter=160/1600 loss=0.0001873
  derivmatch lr=0.0003 iter=240/1600 loss=0.0001854
  derivmatch lr=0.0003 iter=320/1600 loss=0.0001833
  derivmatch lr=0.0003 iter=400/1600 loss=0.0001809
  derivmatch lr=0.0003 iter=480/1600 loss=0.0001783
  derivmatch lr=0.0003 iter=560/1600 loss=0.0001755
  derivmatch lr=0.0003 iter=640/1600 loss=0.0001726
  derivmatch lr=0.0003 iter=720/1600 loss=0.0001695
  derivmatch lr=0.0003 iter=800/1600 loss=0.0001663
  derivmatch lr=0.0003 iter=880/1600 loss=0.0001631
  derivmatch lr=0.0003 iter=960/1600 loss=0.0001598
  derivmatch lr=0.0003 iter=1040/1600 loss=0.0001564
  derivmatch lr=0.0003 iter=1120/1600 loss=0.0001657
  derivmatch lr=0.0003 iter=1200/1600 loss=0.0001505
  derivmatch lr=0.0003 iter=1280/1600 loss=0.0001478
  derivmatch lr=0.0003 iter=1360/1600 loss=0.000145
  derivmatch lr=0.0003 iter=1440/1600 loss=0.0001422
  derivmatch lr=0.0003 iter=1520/1600 loss=0.0001394
  derivmatch lr=0.0003 iter=1600/1600 loss=0.0001366
  derivmatch lr=0.0003 iter=1600/1600 loss=0.0001366
derivative matching [28s]  fitloss=0.000137
  [derivative matching]  nrmse=0.01872  l2=0.1027
  collocation: M=75 residuals=2176  detecting sparsity + solving...

Algorithm: LevenbergMarquardt(
    trustregion = LevenbergMarquardtTrustRegion(
        β_uphill = 0.0
    ),
    descent = GeodesicAcceleration(
        descent = DampedNewtonDescent(
            linsolve = QRFactorization(
                pivot = NoPivot(),
                blocksize = 16,
                inplace = true
            ),
            initial_damping = 1.0,
            damping_fn = LevenbergMarquardtDampingFunction(
                increase_factor = 2.0,
                decrease_factor = 3.0,
                min_damping = 1.0e-8
            ),
            min_norm_mode = :auto
        ),
        finite_diff_step_geodesic = 0.1,
        α = 0.75
    ),
    autodiff = AutoForwardDiff(),
    vjp_autodiff = AutoFiniteDiff(
        fdtype = Val{:forward}(),
        fdjtype = Val{:forward}(),
        fdhtype = Val{:hcentral}(),
        dir = true
    ),
    jvp_autodiff = AutoForwardDiff(),
    concrete_jac = Val{true}()
)

----    	-------------       	-----------         
Iter    	f(u) 2-norm         	Step 2-norm         
----    	-------------       	-----------         
0       	5.41950547e+02      	NaN                 
1       	3.67615282e+02      	5.75180291e-02      
8       	7.81168972e+01      	8.37831293e-02      
15      	2.79031612e+00      	5.51697893e-01      
22      	1.44239786e+00      	5.81634752e-01      
29      	8.22100058e-01      	3.77782341e-01      
36      	1.29966095e-01      	1.52138656e-01      
43      	4.16015379e+00      	9.16553693e-01      
50      	2.61513364e+00      	0.00000000e+00      
57      	3.32585076e+00      	7.98688890e-01      
64      	3.05512707e-01      	0.00000000e+00      
71      	7.08906842e-01      	3.63596436e-01      
78      	8.16388665e-01      	4.32867241e-01      
85      	1.53057161e+00      	0.00000000e+00      
92      	5.97701845e+00      	0.00000000e+00      
99      	2.19302858e+00      	4.40093984e-01      
106     	2.40083477e+00      	0.00000000e+00      
113     	2.64674682e+00      	5.18927079e-01      
120     	3.78768610e+00      	0.00000000e+00      
127     	3.03102697e+00      	0.00000000e+00      
134     	1.24975915e+00      	5.07833935e-01      
141     	1.27585878e+01      	9.22125510e-01      
148     	6.76214332e-01      	2.99208523e-01      
Final   	1.29966095e-01      
----------------------      
  AMR 1/1: M=75  err=0.00364  obs=8.58e-6  nrmse=0.0317  best=0.0187  refined=0
 derivative matching was best (1/1 rounds ran)
collocation [142s]
  [final]  nrmse=0.01872  l2=0.1027
extrapolation window: T=321.8122 -> T_test=643.624  n_test=100
  [train]  E_traj=0.001022  E_VF=0.001595  E_spec=1.095e17
  [test ]  E_traj=16010.0  E_VF=1.917e6  E_spec=6.375e26
saved /orcd/home/002/txenakis/projects/BVPsolver/src/../data/runs/run_4uCplWhn/hires_fit.png
saved /orcd/home/002/txenakis/projects/BVPsolver/src/../data/runs/run_4uCplWhn/hires_fit_extrapolated.png
saved /orcd/home/002/txenakis/projects/BVPsolver/src/../data/runs/run_4uCplWhn/hires_spectral_fit_extrapolated.png
saved /orcd/home/002/txenakis/projects/BVPsolver/src/../data/runs/run_4uCplWhn/hires_vf_fit_extrapolated.png
┌ Warning: Attempting to store StiffNN.var"#18#19"{Type{Float64}}.
│ JLD2 only stores functions by name.
│  This may not be useful for anonymous functions.
└ @ JLD2 ~/.julia/packages/JLD2/ADycq/src/data/writing_datatypes.jl:447
saved run → /orcd/home/002/txenakis/projects/BVPsolver/src/../data/runs/run_4uCplWhn
