vanderpol  model=stiff width=12 d=2 tlen=257 profile=fast seed=44  solver=Kvaerno5  N=268
  derivmatch lr=0.01 iter=170/3400 loss=4.33
  derivmatch lr=0.01 iter=340/3400 loss=3.481
  derivmatch lr=0.01 iter=510/3400 loss=5.016
  derivmatch lr=0.01 iter=680/3400 loss=5.191
  derivmatch lr=0.01 iter=850/3400 loss=3.681
  derivmatch lr=0.01 iter=1020/3400 loss=0.9418
  derivmatch lr=0.01 iter=1190/3400 loss=1.574
  derivmatch lr=0.01 iter=1360/3400 loss=3.075
  derivmatch lr=0.01 iter=1530/3400 loss=1.569
  derivmatch lr=0.01 iter=1700/3400 loss=1.305
  derivmatch lr=0.01 iter=1870/3400 loss=1.78
  derivmatch lr=0.01 iter=2040/3400 loss=1.55
  derivmatch lr=0.01 iter=2210/3400 loss=1.428
  derivmatch lr=0.01 iter=2380/3400 loss=1.611
  derivmatch lr=0.01 iter=2550/3400 loss=1.524
  derivmatch lr=0.01 iter=2720/3400 loss=1.1
  derivmatch lr=0.01 iter=2890/3400 loss=1.112
  derivmatch lr=0.01 iter=3060/3400 loss=1.102
  derivmatch lr=0.01 iter=3230/3400 loss=1.081
  derivmatch lr=0.01 iter=3400/3400 loss=1.284
  derivmatch lr=0.01 iter=3400/3400 loss=0.1702
  derivmatch lr=0.003 iter=125/2500 loss=0.03742
  derivmatch lr=0.003 iter=250/2500 loss=0.05521
  derivmatch lr=0.003 iter=375/2500 loss=0.04729
  derivmatch lr=0.003 iter=500/2500 loss=0.05166
  derivmatch lr=0.003 iter=625/2500 loss=0.04369
  derivmatch lr=0.003 iter=750/2500 loss=0.04881
  derivmatch lr=0.003 iter=875/2500 loss=0.04126
  derivmatch lr=0.003 iter=1000/2500 loss=0.04676
  derivmatch lr=0.003 iter=1125/2500 loss=0.03933
  derivmatch lr=0.003 iter=1250/2500 loss=0.04498
  derivmatch lr=0.003 iter=1375/2500 loss=0.03748
  derivmatch lr=0.003 iter=1500/2500 loss=0.04315
  derivmatch lr=0.003 iter=1625/2500 loss=0.03537
  derivmatch lr=0.003 iter=1750/2500 loss=0.04087
  derivmatch lr=0.003 iter=1875/2500 loss=0.03277
  derivmatch lr=0.003 iter=2000/2500 loss=0.03815
  derivmatch lr=0.003 iter=2125/2500 loss=0.03031
  derivmatch lr=0.003 iter=2250/2500 loss=0.03577
  derivmatch lr=0.003 iter=2375/2500 loss=0.02685
  derivmatch lr=0.003 iter=2500/2500 loss=0.03405
  derivmatch lr=0.003 iter=2500/2500 loss=0.02677
  derivmatch lr=0.001 iter=125/2500 loss=0.008521
  derivmatch lr=0.001 iter=250/2500 loss=0.008308
  derivmatch lr=0.001 iter=375/2500 loss=0.008067
  derivmatch lr=0.001 iter=500/2500 loss=0.008787
  derivmatch lr=0.001 iter=625/2500 loss=0.009768
  derivmatch lr=0.001 iter=750/2500 loss=0.01027
  derivmatch lr=0.001 iter=875/2500 loss=0.01029
  derivmatch lr=0.001 iter=1000/2500 loss=0.007417
  derivmatch lr=0.001 iter=1125/2500 loss=0.006512
  derivmatch lr=0.001 iter=1250/2500 loss=0.01381
  derivmatch lr=0.001 iter=1375/2500 loss=0.006225
  derivmatch lr=0.001 iter=1500/2500 loss=0.006548
  derivmatch lr=0.001 iter=1625/2500 loss=0.008393
  derivmatch lr=0.001 iter=1750/2500 loss=0.00844
  derivmatch lr=0.001 iter=1875/2500 loss=0.00841
  derivmatch lr=0.001 iter=2000/2500 loss=0.008142
  derivmatch lr=0.001 iter=2125/2500 loss=0.008227
  derivmatch lr=0.001 iter=2250/2500 loss=0.00784
  derivmatch lr=0.001 iter=2375/2500 loss=0.008036
  derivmatch lr=0.001 iter=2500/2500 loss=0.007674
  derivmatch lr=0.001 iter=2500/2500 loss=0.006124
  derivmatch lr=0.0003 iter=80/1600 loss=0.00602
  derivmatch lr=0.0003 iter=160/1600 loss=0.005995
  derivmatch lr=0.0003 iter=240/1600 loss=0.005968
  derivmatch lr=0.0003 iter=320/1600 loss=0.005938
  derivmatch lr=0.0003 iter=400/1600 loss=0.005904
  derivmatch lr=0.0003 iter=480/1600 loss=0.005866
  derivmatch lr=0.0003 iter=560/1600 loss=0.005825
  derivmatch lr=0.0003 iter=640/1600 loss=0.005781
  derivmatch lr=0.0003 iter=720/1600 loss=0.005735
  derivmatch lr=0.0003 iter=800/1600 loss=0.005686
  derivmatch lr=0.0003 iter=880/1600 loss=0.005636
  derivmatch lr=0.0003 iter=960/1600 loss=0.005583
  derivmatch lr=0.0003 iter=1040/1600 loss=0.005529
  derivmatch lr=0.0003 iter=1120/1600 loss=0.005473
  derivmatch lr=0.0003 iter=1200/1600 loss=0.005416
  derivmatch lr=0.0003 iter=1280/1600 loss=0.005358
  derivmatch lr=0.0003 iter=1360/1600 loss=0.005298
  derivmatch lr=0.0003 iter=1440/1600 loss=0.005238
  derivmatch lr=0.0003 iter=1520/1600 loss=0.005188
  derivmatch lr=0.0003 iter=1600/1600 loss=0.005131
  derivmatch lr=0.0003 iter=1600/1600 loss=0.005131
derivative matching [32s]  fitloss=0.00513
  [derivative matching]  nrmse=0.2883  l2=235.8
  collocation: M=281 residuals=2194  detecting sparsity + solving...

Algorithm: LevenbergMarquardt(
    trustregion = LevenbergMarquardtTrustRegion(
        β_uphill = 0.0
    ),
    descent = GeodesicAcceleration(
        descent = DampedNewtonDescent(
            linsolve = KLUFactorization(
                reuse_symbolic = true,
                check_pattern = true
            ),
            initial_damping = 1.0,
            damping_fn = LevenbergMarquardtDampingFunction(
                increase_factor = 2.0,
                decrease_factor = 3.0,
                min_damping = 1.0e-8
            ),
            min_norm_mode = :auto
        ),
        finite_diff_step_geodesic = 0.1,
        α = 0.75
    ),
    autodiff = AutoForwardDiff(),
    vjp_autodiff = AutoFiniteDiff(
        fdtype = Val{:forward}(),
        fdjtype = Val{:forward}(),
        fdhtype = Val{:hcentral}(),
        dir = true
    ),
    jvp_autodiff = AutoForwardDiff(),
    concrete_jac = Val{true}()
)

----    	-------------       	-----------         
Iter    	f(u) 2-norm         	Step 2-norm         
----    	-------------       	-----------         
0       	2.74739195e+02      	NaN                 
1       	9.26218495e+01      	4.27522562e-01      
8       	3.64864775e-01      	5.98852440e-02      
15      	8.07446772e-02      	6.16883806e-02      
22      	2.99249324e+00      	1.06865098e+00      
29      	9.24714320e+00      	7.86527645e-01      
36      	1.15324350e+01      	9.84529922e-01      
43      	1.56851142e+00      	0.00000000e+00      
50      	6.60648933e+00      	0.00000000e+00      
57      	1.52475947e+00      	0.00000000e+00      
64      	5.75841526e+00      	1.15366412e+00      
71      	1.07637082e+01      	0.00000000e+00      
78      	3.53599979e-02      	0.00000000e+00      
85      	7.33130521e-01      	0.00000000e+00      
92      	7.56159643e-02      	1.94187764e-01      
99      	1.61980279e-01      	0.00000000e+00      
106     	2.28926988e-01      	0.00000000e+00      
113     	2.56832996e-02      	1.27262597e-01      
120     	9.12059636e+00      	6.22193037e-01      
127     	1.40215332e-02      	0.00000000e+00      
134     	3.71111925e-01      	0.00000000e+00      
141     	4.82578632e-02      	1.88352654e-01      
148     	6.73948246e-02      	0.00000000e+00      
Final   	1.25303046e-02      
----------------------      
  AMR 1/1: M=281  err=7.67e-6  obs=6.05e-6  nrmse=0.264  best=0.264  refined=0
collocation [43s]
  [final]  nrmse=0.2643  l2=228.4
extrapolation window: T=200.0 -> T_test=400.0  n_test=514
  [train]  E_traj=0.8392  E_VF=8.781e-5  E_spec=1.284
  [test ]  E_traj=1.084  E_VF=0.0004648  E_spec=0.7609
saved /orcd/home/002/txenakis/projects/BVPsolver/src/../data/runs/run_Nc5lCD57/vanderpol_fit.png
saved /orcd/home/002/txenakis/projects/BVPsolver/src/../data/runs/run_Nc5lCD57/vanderpol_fit_extrapolated.png
saved /orcd/home/002/txenakis/projects/BVPsolver/src/../data/runs/run_Nc5lCD57/vanderpol_spectral_fit_extrapolated.png
saved /orcd/home/002/txenakis/projects/BVPsolver/src/../data/runs/run_Nc5lCD57/vanderpol_vf_fit_extrapolated.png
┌ Warning: Attempting to store StiffNN.var"#14#15"{Float64}.
│ JLD2 only stores functions by name.
│  This may not be useful for anonymous functions.
└ @ JLD2 ~/.julia/packages/JLD2/ADycq/src/data/writing_datatypes.jl:447
saved run → /orcd/home/002/txenakis/projects/BVPsolver/src/../data/runs/run_Nc5lCD57
