rober  model=mlp width=15 d=3 tlen=50 profile=fast seed=230  solver=Rodas5  N=348
  derivmatch lr=0.01 iter=170/3400 loss=49.37
  derivmatch lr=0.01 iter=340/3400 loss=47.72
  derivmatch lr=0.01 iter=510/3400 loss=41.0
  derivmatch lr=0.01 iter=680/3400 loss=38.08
  derivmatch lr=0.01 iter=850/3400 loss=42.66
  derivmatch lr=0.01 iter=1020/3400 loss=37.35
  derivmatch lr=0.01 iter=1190/3400 loss=53.59
  derivmatch lr=0.01 iter=1360/3400 loss=46.85
  derivmatch lr=0.01 iter=1530/3400 loss=44.77
  derivmatch lr=0.01 iter=1700/3400 loss=47.18
  derivmatch lr=0.01 iter=1870/3400 loss=42.92
  derivmatch lr=0.01 iter=2040/3400 loss=42.89
  derivmatch lr=0.01 iter=2210/3400 loss=41.02
  derivmatch lr=0.01 iter=2380/3400 loss=32.72
  derivmatch lr=0.01 iter=2550/3400 loss=38.78
  derivmatch lr=0.01 iter=2720/3400 loss=34.74
  derivmatch lr=0.01 iter=2890/3400 loss=41.55
  derivmatch lr=0.01 iter=3060/3400 loss=44.54
  derivmatch lr=0.01 iter=3230/3400 loss=44.51
  derivmatch lr=0.01 iter=3400/3400 loss=41.84
  derivmatch lr=0.01 iter=3400/3400 loss=22.92
  derivmatch lr=0.003 iter=125/2500 loss=31.01
  derivmatch lr=0.003 iter=250/2500 loss=35.16
  derivmatch lr=0.003 iter=375/2500 loss=32.2
  derivmatch lr=0.003 iter=500/2500 loss=29.16
  derivmatch lr=0.003 iter=625/2500 loss=26.86
  derivmatch lr=0.003 iter=750/2500 loss=33.01
  derivmatch lr=0.003 iter=875/2500 loss=26.86
  derivmatch lr=0.003 iter=1000/2500 loss=34.89
  derivmatch lr=0.003 iter=1125/2500 loss=32.87
  derivmatch lr=0.003 iter=1250/2500 loss=26.16
  derivmatch lr=0.003 iter=1375/2500 loss=30.71
  derivmatch lr=0.003 iter=1500/2500 loss=36.22
  derivmatch lr=0.003 iter=1625/2500 loss=27.75
  derivmatch lr=0.003 iter=1750/2500 loss=27.51
  derivmatch lr=0.003 iter=1875/2500 loss=42.86
  derivmatch lr=0.003 iter=2000/2500 loss=40.82
  derivmatch lr=0.003 iter=2125/2500 loss=38.41
  derivmatch lr=0.003 iter=2250/2500 loss=39.05
  derivmatch lr=0.003 iter=2375/2500 loss=39.75
  derivmatch lr=0.003 iter=2500/2500 loss=41.15
  derivmatch lr=0.003 iter=2500/2500 loss=20.26
  derivmatch lr=0.001 iter=125/2500 loss=20.24
  derivmatch lr=0.001 iter=250/2500 loss=21.89
  derivmatch lr=0.001 iter=375/2500 loss=18.85
  derivmatch lr=0.001 iter=500/2500 loss=16.84
  derivmatch lr=0.001 iter=625/2500 loss=15.34
  derivmatch lr=0.001 iter=750/2500 loss=13.05
  derivmatch lr=0.001 iter=875/2500 loss=18.18
  derivmatch lr=0.001 iter=1000/2500 loss=12.09
  derivmatch lr=0.001 iter=1125/2500 loss=12.49
  derivmatch lr=0.001 iter=1250/2500 loss=21.06
  derivmatch lr=0.001 iter=1375/2500 loss=19.48
  derivmatch lr=0.001 iter=1500/2500 loss=15.61
  derivmatch lr=0.001 iter=1625/2500 loss=28.13
  derivmatch lr=0.001 iter=1750/2500 loss=33.61
  derivmatch lr=0.001 iter=1875/2500 loss=30.63
  derivmatch lr=0.001 iter=2000/2500 loss=29.85
  derivmatch lr=0.001 iter=2125/2500 loss=28.02
  derivmatch lr=0.001 iter=2250/2500 loss=23.99
  derivmatch lr=0.001 iter=2375/2500 loss=26.79
  derivmatch lr=0.001 iter=2500/2500 loss=28.42
  derivmatch lr=0.001 iter=2500/2500 loss=7.249
  derivmatch lr=0.0003 iter=80/1600 loss=7.553
  derivmatch lr=0.0003 iter=160/1600 loss=8.185
  derivmatch lr=0.0003 iter=240/1600 loss=16.72
  derivmatch lr=0.0003 iter=320/1600 loss=16.44
  derivmatch lr=0.0003 iter=400/1600 loss=15.75
  derivmatch lr=0.0003 iter=480/1600 loss=12.92
  derivmatch lr=0.0003 iter=560/1600 loss=9.434
  derivmatch lr=0.0003 iter=640/1600 loss=6.774
  derivmatch lr=0.0003 iter=720/1600 loss=7.032
  derivmatch lr=0.0003 iter=800/1600 loss=6.625
  derivmatch lr=0.0003 iter=880/1600 loss=6.911
  derivmatch lr=0.0003 iter=960/1600 loss=6.836
  derivmatch lr=0.0003 iter=1040/1600 loss=6.89
  derivmatch lr=0.0003 iter=1120/1600 loss=7.525
  derivmatch lr=0.0003 iter=1200/1600 loss=6.65
  derivmatch lr=0.0003 iter=1280/1600 loss=7.145
  derivmatch lr=0.0003 iter=1360/1600 loss=7.062
  derivmatch lr=0.0003 iter=1440/1600 loss=7.623
  derivmatch lr=0.0003 iter=1520/1600 loss=6.8
  derivmatch lr=0.0003 iter=1600/1600 loss=6.481
  derivmatch lr=0.0003 iter=1600/1600 loss=6.171
derivative matching [23s]  fitloss=6.17
  [derivative matching]  nrmse=8297.0  l2=105.5
  collocation: M=54 residuals=627  detecting sparsity + solving...

Algorithm: LevenbergMarquardt(
    trustregion = LevenbergMarquardtTrustRegion(
        β_uphill = 0.0
    ),
    descent = GeodesicAcceleration(
        descent = DampedNewtonDescent(
            linsolve = KLUFactorization(
                reuse_symbolic = true,
                check_pattern = true
            ),
            initial_damping = 1.0,
            damping_fn = LevenbergMarquardtDampingFunction(
                increase_factor = 2.0,
                decrease_factor = 3.0,
                min_damping = 1.0e-8
            ),
            min_norm_mode = :auto
        ),
        finite_diff_step_geodesic = 0.1,
        α = 0.75
    ),
    autodiff = AutoForwardDiff(),
    vjp_autodiff = AutoFiniteDiff(
        fdtype = Val{:forward}(),
        fdjtype = Val{:forward}(),
        fdhtype = Val{:hcentral}(),
        dir = true
    ),
    jvp_autodiff = AutoForwardDiff(),
    concrete_jac = Val{true}()
)

----    	-------------       	-----------         
Iter    	f(u) 2-norm         	Step 2-norm         
----    	-------------       	-----------         
0       	9.58589847e+06      	NaN                 
1       	4.17630180e+07      	1.38973859e-02      
8       	1.94177915e+07      	1.60555019e-01      
15      	1.13340132e+08      	7.11603685e-01      
22      	4.18005674e+08      	0.00000000e+00      
29      	2.38643129e+08      	0.00000000e+00      
36      	1.81761641e+08      	3.87506338e-01      
43      	5.00309326e+07      	5.58084908e-01      
50      	6.48831950e+07      	4.53861072e-01      
57      	6.11186804e+08      	0.00000000e+00      
64      	2.44755311e+08      	4.70110245e-01      
71      	9.27269075e+07      	4.70122842e-01      
78      	3.11641825e+07      	0.00000000e+00      
85      	7.14644954e+08      	0.00000000e+00      
92      	5.59319183e+07      	7.34519673e-01      
99      	1.11112479e+07      	0.00000000e+00      
106     	8.05944307e+07      	2.78996361e-01      
113     	1.61650731e+07      	3.25604502e-01      
120     	1.21148013e+07      	4.34572476e-01      
127     	1.16528870e+08      	1.69808098e-01      
134     	3.40142480e+07      	7.83669866e-01      
141     	3.71371666e+08      	0.00000000e+00      
148     	1.07186136e+08      	3.00774007e-01      
Final   	2.47863009e+06      
----------------------      
  AMR 1/1: M=54  err=3.23e12  obs=3.5e-7  nrmse=8.89e7  best=8300.0  refined=0
 derivative matching was best (1/1 rounds ran)
collocation [15s]
  [final]  nrmse=8297.0  l2=105.5
extrapolation window: T=1000.0 -> T_test=1.0e12  n_test=100
  [train]  E_traj=1.791e8  E_VF=0.6298  E_spec=1.203e27
  [test ]  E_traj=2.17e28  E_VF=1.175e14  E_spec=5.897000000000001e28
saved /orcd/home/002/txenakis/projects/BVPsolver/src/../data/runs/run_G629UgR0/rober_fit.png
saved /orcd/home/002/txenakis/projects/BVPsolver/src/../data/runs/run_G629UgR0/rober_fit_extrapolated.png
saved /orcd/home/002/txenakis/projects/BVPsolver/src/../data/runs/run_G629UgR0/rober_spectral_fit_extrapolated.png
saved /orcd/home/002/txenakis/projects/BVPsolver/src/../data/runs/run_G629UgR0/rober_vf_fit_extrapolated.png
┌ Warning: Attempting to store StiffNN.var"#12#13"{Float64, Float64, Float64}.
│ JLD2 only stores functions by name.
│  This may not be useful for anonymous functions.
└ @ JLD2 ~/.julia/packages/JLD2/ADycq/src/data/writing_datatypes.jl:447
saved run → /orcd/home/002/txenakis/projects/BVPsolver/src/../data/runs/run_G629UgR0
