rober  model=mlp width=15 d=3 tlen=50 profile=fast seed=205  solver=Rodas5  N=348
  derivmatch lr=0.01 iter=170/3400 loss=46.43
  derivmatch lr=0.01 iter=340/3400 loss=49.44
  derivmatch lr=0.01 iter=510/3400 loss=48.84
  derivmatch lr=0.01 iter=680/3400 loss=52.66
  derivmatch lr=0.01 iter=850/3400 loss=49.46
  derivmatch lr=0.01 iter=1020/3400 loss=45.7
  derivmatch lr=0.01 iter=1190/3400 loss=48.7
  derivmatch lr=0.01 iter=1360/3400 loss=56.05
  derivmatch lr=0.01 iter=1530/3400 loss=44.03
  derivmatch lr=0.01 iter=1700/3400 loss=50.09
  derivmatch lr=0.01 iter=1870/3400 loss=39.5
  derivmatch lr=0.01 iter=2040/3400 loss=54.48
  derivmatch lr=0.01 iter=2210/3400 loss=48.69
  derivmatch lr=0.01 iter=2380/3400 loss=54.79
  derivmatch lr=0.01 iter=2550/3400 loss=58.09
  derivmatch lr=0.01 iter=2720/3400 loss=40.21
  derivmatch lr=0.01 iter=2890/3400 loss=54.82
  derivmatch lr=0.01 iter=3060/3400 loss=33.86
  derivmatch lr=0.01 iter=3230/3400 loss=54.48
  derivmatch lr=0.01 iter=3400/3400 loss=52.04
  derivmatch lr=0.01 iter=3400/3400 loss=22.15
  derivmatch lr=0.003 iter=125/2500 loss=28.62
  derivmatch lr=0.003 iter=250/2500 loss=25.43
  derivmatch lr=0.003 iter=375/2500 loss=34.4
  derivmatch lr=0.003 iter=500/2500 loss=35.55
  derivmatch lr=0.003 iter=625/2500 loss=28.42
  derivmatch lr=0.003 iter=750/2500 loss=36.95
  derivmatch lr=0.003 iter=875/2500 loss=38.01
  derivmatch lr=0.003 iter=1000/2500 loss=31.41
  derivmatch lr=0.003 iter=1125/2500 loss=28.8
  derivmatch lr=0.003 iter=1250/2500 loss=29.15
  derivmatch lr=0.003 iter=1375/2500 loss=28.07
  derivmatch lr=0.003 iter=1500/2500 loss=27.96
  derivmatch lr=0.003 iter=1625/2500 loss=22.1
  derivmatch lr=0.003 iter=1750/2500 loss=38.21
  derivmatch lr=0.003 iter=1875/2500 loss=35.01
  derivmatch lr=0.003 iter=2000/2500 loss=31.13
  derivmatch lr=0.003 iter=2125/2500 loss=42.6
  derivmatch lr=0.003 iter=2250/2500 loss=36.17
  derivmatch lr=0.003 iter=2375/2500 loss=34.19
  derivmatch lr=0.003 iter=2500/2500 loss=44.8
  derivmatch lr=0.003 iter=2500/2500 loss=15.59
  derivmatch lr=0.001 iter=125/2500 loss=24.52
  derivmatch lr=0.001 iter=250/2500 loss=23.88
  derivmatch lr=0.001 iter=375/2500 loss=19.49
  derivmatch lr=0.001 iter=500/2500 loss=17.75
  derivmatch lr=0.001 iter=625/2500 loss=10.99
  derivmatch lr=0.001 iter=750/2500 loss=11.47
  derivmatch lr=0.001 iter=875/2500 loss=9.093
  derivmatch lr=0.001 iter=1000/2500 loss=8.897
  derivmatch lr=0.001 iter=1125/2500 loss=8.508
  derivmatch lr=0.001 iter=1250/2500 loss=10.45
  derivmatch lr=0.001 iter=1375/2500 loss=24.47
  derivmatch lr=0.001 iter=1500/2500 loss=25.19
  derivmatch lr=0.001 iter=1625/2500 loss=23.72
  derivmatch lr=0.001 iter=1750/2500 loss=24.13
  derivmatch lr=0.001 iter=1875/2500 loss=30.68
  derivmatch lr=0.001 iter=2000/2500 loss=31.14
  derivmatch lr=0.001 iter=2125/2500 loss=31.2
  derivmatch lr=0.001 iter=2250/2500 loss=29.17
  derivmatch lr=0.001 iter=2375/2500 loss=28.71
  derivmatch lr=0.001 iter=2500/2500 loss=26.69
  derivmatch lr=0.001 iter=2500/2500 loss=8.36
  derivmatch lr=0.0003 iter=80/1600 loss=10.52
  derivmatch lr=0.0003 iter=160/1600 loss=8.199
  derivmatch lr=0.0003 iter=240/1600 loss=8.157
  derivmatch lr=0.0003 iter=320/1600 loss=7.997
  derivmatch lr=0.0003 iter=400/1600 loss=8.078
  derivmatch lr=0.0003 iter=480/1600 loss=8.438
  derivmatch lr=0.0003 iter=560/1600 loss=8.161
  derivmatch lr=0.0003 iter=640/1600 loss=8.092
  derivmatch lr=0.0003 iter=720/1600 loss=8.4
  derivmatch lr=0.0003 iter=800/1600 loss=7.957
  derivmatch lr=0.0003 iter=880/1600 loss=8.098
  derivmatch lr=0.0003 iter=960/1600 loss=8.103
  derivmatch lr=0.0003 iter=1040/1600 loss=7.833
  derivmatch lr=0.0003 iter=1120/1600 loss=7.886
  derivmatch lr=0.0003 iter=1200/1600 loss=8.235
  derivmatch lr=0.0003 iter=1280/1600 loss=7.845
  derivmatch lr=0.0003 iter=1360/1600 loss=8.047
  derivmatch lr=0.0003 iter=1440/1600 loss=7.882
  derivmatch lr=0.0003 iter=1520/1600 loss=7.972
  derivmatch lr=0.0003 iter=1600/1600 loss=9.238
  derivmatch lr=0.0003 iter=1600/1600 loss=7.617
derivative matching [24s]  fitloss=7.62
  [derivative matching]  nrmse=69.25  l2=0.7235
  shooting iter=50/1000 loss=110.6
  shooting iter=100/1000 loss=53.65
  shooting iter=150/1000 loss=6.032
  shooting iter=200/1000 loss=4.122
  shooting iter=250/1000 loss=15.09
  shooting iter=300/1000 loss=24.93
  shooting iter=350/1000 loss=9.832
  shooting iter=400/1000 loss=2.562
  shooting iter=450/1000 loss=3.703
  shooting iter=500/1000 loss=12.55
  shooting iter=550/1000 loss=6.731
  shooting iter=600/1000 loss=5.989
  shooting iter=650/1000 loss=4.431
  shooting iter=700/1000 loss=9.055
  shooting iter=750/1000 loss=3.422
  shooting iter=800/1000 loss=7.272
  shooting iter=850/1000 loss=2.525
  shooting iter=900/1000 loss=3.212
  shooting iter=950/1000 loss=9.132
  shooting iter=1000/1000 loss=8.433
  shooting iter=1000/1000 loss=0.6839
shooting [447s]  loss=0.684
  [final]  nrmse=2.335  l2=2.251
extrapolation window: T=1000.0 -> T_test=1.0e12  n_test=100
  [train]  E_traj=14.32  E_VF=32.21  E_spec=5.686e27
  [test ]  E_traj=30.44  E_VF=1.313e17  E_spec=1.5960000000000001e28
saved /orcd/home/002/txenakis/projects/BVPsolver/src/../data/runs/run_ugRoJh45/rober_fit.png
saved /orcd/home/002/txenakis/projects/BVPsolver/src/../data/runs/run_ugRoJh45/rober_fit_extrapolated.png
saved /orcd/home/002/txenakis/projects/BVPsolver/src/../data/runs/run_ugRoJh45/rober_spectral_fit_extrapolated.png
saved /orcd/home/002/txenakis/projects/BVPsolver/src/../data/runs/run_ugRoJh45/rober_vf_fit_extrapolated.png
┌ Warning: Attempting to store StiffNN.var"#12#13"{Float64, Float64, Float64}.
│ JLD2 only stores functions by name.
│  This may not be useful for anonymous functions.
└ @ JLD2 ~/.julia/packages/JLD2/ADycq/src/data/writing_datatypes.jl:447
saved run → /orcd/home/002/txenakis/projects/BVPsolver/src/../data/runs/run_ugRoJh45
