rober  model=stiff width=12 d=3 tlen=50 profile=fast seed=209  solver=Rodas5  N=318
  derivmatch lr=0.01 iter=170/3400 loss=0.2529
  derivmatch lr=0.01 iter=340/3400 loss=0.1319
  derivmatch lr=0.01 iter=510/3400 loss=0.08174
  derivmatch lr=0.01 iter=680/3400 loss=0.02631
  derivmatch lr=0.01 iter=850/3400 loss=0.01882
  derivmatch lr=0.01 iter=1020/3400 loss=0.01089
  derivmatch lr=0.01 iter=1190/3400 loss=0.00717
  derivmatch lr=0.01 iter=1360/3400 loss=0.004923
  derivmatch lr=0.01 iter=1530/3400 loss=0.00366
  derivmatch lr=0.01 iter=1700/3400 loss=0.002769
  derivmatch lr=0.01 iter=1870/3400 loss=0.003301
  derivmatch lr=0.01 iter=2040/3400 loss=0.002111
  derivmatch lr=0.01 iter=2210/3400 loss=0.001455
  derivmatch lr=0.01 iter=2380/3400 loss=0.001434
  derivmatch lr=0.01 iter=2550/3400 loss=0.001043
  derivmatch lr=0.01 iter=2720/3400 loss=0.0007923
  derivmatch lr=0.01 iter=2890/3400 loss=0.0008687
  derivmatch lr=0.01 iter=3060/3400 loss=0.0007632
  derivmatch lr=0.01 iter=3230/3400 loss=0.0005852
  derivmatch lr=0.01 iter=3400/3400 loss=0.0003613
  derivmatch lr=0.01 iter=3400/3400 loss=0.0003613
  derivmatch lr=0.003 iter=125/2500 loss=0.0003239
  derivmatch lr=0.003 iter=250/2500 loss=0.0002839
  derivmatch lr=0.003 iter=375/2500 loss=0.000248
  derivmatch lr=0.003 iter=500/2500 loss=0.0002161
  derivmatch lr=0.003 iter=625/2500 loss=0.000189
  derivmatch lr=0.003 iter=750/2500 loss=0.0001665
  derivmatch lr=0.003 iter=875/2500 loss=0.000148
  derivmatch lr=0.003 iter=1000/2500 loss=0.0001334
  derivmatch lr=0.003 iter=1125/2500 loss=0.0001216
  derivmatch lr=0.003 iter=1250/2500 loss=0.0001125
  derivmatch lr=0.003 iter=1375/2500 loss=0.0001048
  derivmatch lr=0.003 iter=1500/2500 loss=0.0001587
  derivmatch lr=0.003 iter=1625/2500 loss=0.0001005
  derivmatch lr=0.003 iter=1750/2500 loss=0.0001118
  derivmatch lr=0.003 iter=1875/2500 loss=0.0001078
  derivmatch lr=0.003 iter=2000/2500 loss=8.687e-5
  derivmatch lr=0.003 iter=2125/2500 loss=8.74e-5
  derivmatch lr=0.003 iter=2250/2500 loss=0.0001121
  derivmatch lr=0.003 iter=2375/2500 loss=0.0002001
  derivmatch lr=0.003 iter=2500/2500 loss=7.511e-5
  derivmatch lr=0.003 iter=2500/2500 loss=7.121e-5
  derivmatch lr=0.001 iter=125/2500 loss=7.086e-5
  derivmatch lr=0.001 iter=250/2500 loss=7.029e-5
  derivmatch lr=0.001 iter=375/2500 loss=6.961e-5
  derivmatch lr=0.001 iter=500/2500 loss=6.884e-5
  derivmatch lr=0.001 iter=625/2500 loss=6.799e-5
  derivmatch lr=0.001 iter=750/2500 loss=6.705e-5
  derivmatch lr=0.001 iter=875/2500 loss=6.605e-5
  derivmatch lr=0.001 iter=1000/2500 loss=6.499e-5
  derivmatch lr=0.001 iter=1125/2500 loss=6.387e-5
  derivmatch lr=0.001 iter=1250/2500 loss=6.269e-5
  derivmatch lr=0.001 iter=1375/2500 loss=6.146e-5
  derivmatch lr=0.001 iter=1500/2500 loss=6.018e-5
  derivmatch lr=0.001 iter=1625/2500 loss=5.886e-5
  derivmatch lr=0.001 iter=1750/2500 loss=7.284e-5
  derivmatch lr=0.001 iter=1875/2500 loss=5.632e-5
  derivmatch lr=0.001 iter=2000/2500 loss=5.51e-5
  derivmatch lr=0.001 iter=2125/2500 loss=5.399e-5
  derivmatch lr=0.001 iter=2250/2500 loss=5.274e-5
  derivmatch lr=0.001 iter=2375/2500 loss=5.212e-5
  derivmatch lr=0.001 iter=2500/2500 loss=5.08e-5
  derivmatch lr=0.001 iter=2500/2500 loss=5.06e-5
  derivmatch lr=0.0003 iter=80/1600 loss=5.045e-5
  derivmatch lr=0.0003 iter=160/1600 loss=5.028e-5
  derivmatch lr=0.0003 iter=240/1600 loss=5.01e-5
  derivmatch lr=0.0003 iter=320/1600 loss=4.989e-5
  derivmatch lr=0.0003 iter=400/1600 loss=4.964e-5
  derivmatch lr=0.0003 iter=480/1600 loss=4.937e-5
  derivmatch lr=0.0003 iter=560/1600 loss=4.908e-5
  derivmatch lr=0.0003 iter=640/1600 loss=4.876e-5
  derivmatch lr=0.0003 iter=720/1600 loss=4.841e-5
  derivmatch lr=0.0003 iter=800/1600 loss=4.805e-5
  derivmatch lr=0.0003 iter=880/1600 loss=4.766e-5
  derivmatch lr=0.0003 iter=960/1600 loss=4.725e-5
  derivmatch lr=0.0003 iter=1040/1600 loss=4.683e-5
  derivmatch lr=0.0003 iter=1120/1600 loss=4.639e-5
  derivmatch lr=0.0003 iter=1200/1600 loss=4.594e-5
  derivmatch lr=0.0003 iter=1280/1600 loss=4.547e-5
  derivmatch lr=0.0003 iter=1360/1600 loss=4.499e-5
  derivmatch lr=0.0003 iter=1440/1600 loss=4.451e-5
  derivmatch lr=0.0003 iter=1520/1600 loss=4.401e-5
  derivmatch lr=0.0003 iter=1600/1600 loss=4.352e-5
  derivmatch lr=0.0003 iter=1600/1600 loss=4.352e-5
derivative matching [28s]  fitloss=4.35e-5
  [derivative matching]  nrmse=0.00471  l2=0.02673
  collocation: M=54 residuals=627  detecting sparsity + solving...

Algorithm: LevenbergMarquardt(
    trustregion = LevenbergMarquardtTrustRegion(
        β_uphill = 0.0
    ),
    descent = GeodesicAcceleration(
        descent = DampedNewtonDescent(
            linsolve = KLUFactorization(
                reuse_symbolic = true,
                check_pattern = true
            ),
            initial_damping = 1.0,
            damping_fn = LevenbergMarquardtDampingFunction(
                increase_factor = 2.0,
                decrease_factor = 3.0,
                min_damping = 1.0e-8
            ),
            min_norm_mode = :auto
        ),
        finite_diff_step_geodesic = 0.1,
        α = 0.75
    ),
    autodiff = AutoForwardDiff(),
    vjp_autodiff = AutoFiniteDiff(
        fdtype = Val{:forward}(),
        fdjtype = Val{:forward}(),
        fdhtype = Val{:hcentral}(),
        dir = true
    ),
    jvp_autodiff = AutoForwardDiff(),
    concrete_jac = Val{true}()
)

----    	-------------       	-----------         
Iter    	f(u) 2-norm         	Step 2-norm         
----    	-------------       	-----------         
0       	1.12775553e+03      	NaN                 
1       	2.46770948e+03      	2.40480505e-02      
8       	3.52286919e+02      	3.86487805e-02      
15      	8.80506054e+01      	1.56996872e-01      
22      	1.86403322e+02      	4.31320767e-01      
29      	9.02492227e+02      	4.41798118e-01      
36      	1.02665739e+03      	9.51522109e-01      
43      	2.84612359e+02      	0.00000000e+00      
50      	2.50384399e+02      	0.00000000e+00      
57      	2.66094366e+02      	2.65652019e-01      
64      	7.31246432e-01      	3.97057050e-02      
71      	1.00296876e+02      	0.00000000e+00      
78      	6.74109785e+01      	0.00000000e+00      
85      	4.70671528e+01      	2.12219716e-01      
92      	8.62318575e+00      	6.72929289e-02      
99      	3.50223510e+01      	0.00000000e+00      
106     	4.79498335e+02      	2.31434419e-01      
113     	9.42132407e+01      	0.00000000e+00      
120     	1.09965041e+02      	0.00000000e+00      
127     	2.69155314e+00      	7.34045123e-02      
134     	3.63998135e+01      	1.44587923e-01      
141     	7.58589669e+00      	0.00000000e+00      
148     	1.42646822e+00      	0.00000000e+00      
Final   	7.31246432e-01      
----------------------      
  AMR 1/1: M=54  err=0.264  obs=1.9e-10  nrmse=0.000156  best=0.000156  refined=0
collocation [17s]
  [final]  nrmse=0.0001562  l2=0.0002558
extrapolation window: T=1000.0 -> T_test=1.0e12  n_test=100
  [train]  E_traj=6.767e-8  E_VF=8.331e-7  E_spec=5.958e26
  [test ]  E_traj=0.5396  E_VF=5.804e9  E_spec=2.019e23
saved /orcd/home/002/txenakis/projects/BVPsolver/src/../data/runs/run_2Q7cvhaG/rober_fit.png
saved /orcd/home/002/txenakis/projects/BVPsolver/src/../data/runs/run_2Q7cvhaG/rober_fit_extrapolated.png
saved /orcd/home/002/txenakis/projects/BVPsolver/src/../data/runs/run_2Q7cvhaG/rober_spectral_fit_extrapolated.png
saved /orcd/home/002/txenakis/projects/BVPsolver/src/../data/runs/run_2Q7cvhaG/rober_vf_fit_extrapolated.png
┌ Warning: Attempting to store StiffNN.var"#12#13"{Float64, Float64, Float64}.
│ JLD2 only stores functions by name.
│  This may not be useful for anonymous functions.
└ @ JLD2 ~/.julia/packages/JLD2/ADycq/src/data/writing_datatypes.jl:447
saved run → /orcd/home/002/txenakis/projects/BVPsolver/src/../data/runs/run_2Q7cvhaG
