davis-skodje  model=GELU-scaled width=7 d=2 tlen=300 profile=fast seed=40  solver=Rodas5P  N=317
  derivmatch lr=0.01 iter=170/3400 loss=0.1384
  derivmatch lr=0.01 iter=340/3400 loss=0.1201
  derivmatch lr=0.01 iter=510/3400 loss=0.1031
  derivmatch lr=0.01 iter=680/3400 loss=0.1006
  derivmatch lr=0.01 iter=850/3400 loss=0.08348
  derivmatch lr=0.01 iter=1020/3400 loss=0.03255
  derivmatch lr=0.01 iter=1190/3400 loss=0.02072
  derivmatch lr=0.01 iter=1360/3400 loss=0.01692
  derivmatch lr=0.01 iter=1530/3400 loss=0.006666
  derivmatch lr=0.01 iter=1700/3400 loss=0.005092
  derivmatch lr=0.01 iter=1870/3400 loss=0.004065
  derivmatch lr=0.01 iter=2040/3400 loss=0.003174
  derivmatch lr=0.01 iter=2210/3400 loss=0.002516
  derivmatch lr=0.01 iter=2380/3400 loss=0.002073
  derivmatch lr=0.01 iter=2550/3400 loss=0.001783
  derivmatch lr=0.01 iter=2720/3400 loss=0.001587
  derivmatch lr=0.01 iter=2890/3400 loss=0.00145
  derivmatch lr=0.01 iter=3060/3400 loss=0.001348
  derivmatch lr=0.01 iter=3230/3400 loss=0.00127
  derivmatch lr=0.01 iter=3400/3400 loss=0.001253
  derivmatch lr=0.01 iter=3400/3400 loss=0.001165
  derivmatch lr=0.003 iter=125/2500 loss=0.000212
  derivmatch lr=0.003 iter=250/2500 loss=9.408e-5
  derivmatch lr=0.003 iter=375/2500 loss=6.066e-5
  derivmatch lr=0.003 iter=500/2500 loss=3.874e-5
  derivmatch lr=0.003 iter=625/2500 loss=0.001903
  derivmatch lr=0.003 iter=750/2500 loss=0.000162
  derivmatch lr=0.003 iter=875/2500 loss=9.224e-5
  derivmatch lr=0.003 iter=1000/2500 loss=5.079e-5
  derivmatch lr=0.003 iter=1125/2500 loss=0.0002321
  derivmatch lr=0.003 iter=1250/2500 loss=3.311e-5
  derivmatch lr=0.003 iter=1375/2500 loss=2.567e-5
  derivmatch lr=0.003 iter=1500/2500 loss=0.0004121
  derivmatch lr=0.003 iter=1625/2500 loss=5.896e-5
  derivmatch lr=0.003 iter=1750/2500 loss=2.604e-5
  derivmatch lr=0.003 iter=1875/2500 loss=1.668e-5
  derivmatch lr=0.003 iter=2000/2500 loss=0.0002795
  derivmatch lr=0.003 iter=2125/2500 loss=2.154e-5
  derivmatch lr=0.003 iter=2250/2500 loss=0.0001953
  derivmatch lr=0.003 iter=2375/2500 loss=7.517e-5
  derivmatch lr=0.003 iter=2500/2500 loss=0.0005261
  derivmatch lr=0.003 iter=2500/2500 loss=1.107e-5
  derivmatch lr=0.001 iter=125/2500 loss=1.116e-5
  derivmatch lr=0.001 iter=250/2500 loss=9.58e-6
  derivmatch lr=0.001 iter=375/2500 loss=9.17e-6
  derivmatch lr=0.001 iter=500/2500 loss=8.863e-6
  derivmatch lr=0.001 iter=625/2500 loss=8.569e-6
  derivmatch lr=0.001 iter=750/2500 loss=8.277e-6
  derivmatch lr=0.001 iter=875/2500 loss=7.989e-6
  derivmatch lr=0.001 iter=1000/2500 loss=7.707e-6
  derivmatch lr=0.001 iter=1125/2500 loss=7.433e-6
  derivmatch lr=0.001 iter=1250/2500 loss=7.167e-6
  derivmatch lr=0.001 iter=1375/2500 loss=6.909e-6
  derivmatch lr=0.001 iter=1500/2500 loss=6.659e-6
  derivmatch lr=0.001 iter=1625/2500 loss=6.415e-6
  derivmatch lr=0.001 iter=1750/2500 loss=6.178e-6
  derivmatch lr=0.001 iter=1875/2500 loss=6.187e-6
  derivmatch lr=0.001 iter=2000/2500 loss=5.863e-6
  derivmatch lr=0.001 iter=2125/2500 loss=5.699e-6
  derivmatch lr=0.001 iter=2250/2500 loss=0.0002032
  derivmatch lr=0.001 iter=2375/2500 loss=5.43e-6
  derivmatch lr=0.001 iter=2500/2500 loss=5.287e-6
  derivmatch lr=0.001 iter=2500/2500 loss=5.287e-6
  derivmatch lr=0.0003 iter=80/1600 loss=5.187e-6
  derivmatch lr=0.0003 iter=160/1600 loss=5.096e-6
  derivmatch lr=0.0003 iter=240/1600 loss=5.059e-6
  derivmatch lr=0.0003 iter=320/1600 loss=5.019e-6
  derivmatch lr=0.0003 iter=400/1600 loss=4.975e-6
  derivmatch lr=0.0003 iter=480/1600 loss=4.928e-6
  derivmatch lr=0.0003 iter=560/1600 loss=4.877e-6
  derivmatch lr=0.0003 iter=640/1600 loss=4.824e-6
  derivmatch lr=0.0003 iter=720/1600 loss=4.769e-6
  derivmatch lr=0.0003 iter=800/1600 loss=4.711e-6
  derivmatch lr=0.0003 iter=880/1600 loss=4.652e-6
  derivmatch lr=0.0003 iter=960/1600 loss=4.59e-6
  derivmatch lr=0.0003 iter=1040/1600 loss=6.604e-6
  derivmatch lr=0.0003 iter=1120/1600 loss=4.494e-6
  derivmatch lr=0.0003 iter=1200/1600 loss=4.436e-6
  derivmatch lr=0.0003 iter=1280/1600 loss=4.385e-6
  derivmatch lr=0.0003 iter=1360/1600 loss=4.334e-6
  derivmatch lr=0.0003 iter=1440/1600 loss=4.28e-6
  derivmatch lr=0.0003 iter=1520/1600 loss=4.224e-6
  derivmatch lr=0.0003 iter=1600/1600 loss=4.179e-6
  derivmatch lr=0.0003 iter=1600/1600 loss=4.179e-6
derivative matching [29s]  fitloss=4.18e-6
  rollout FAILED: Unstable at t=3.415247720292634 of 15.0
  [derivative matching]  nrmse=Inf  l2=Inf
  shooting iter=50/1000 loss=0.1432
  shooting iter=100/1000 loss=0.1438
  shooting iter=150/1000 loss=0.1438
  shooting iter=200/1000 loss=0.1438
  shooting iter=250/1000 loss=0.1438
  shooting iter=300/1000 loss=0.1438
  shooting iter=350/1000 loss=0.1438
  shooting iter=400/1000 loss=0.1438
  shooting iter=450/1000 loss=0.1438
  shooting iter=500/1000 loss=0.1438
  shooting iter=550/1000 loss=0.1438
  shooting iter=600/1000 loss=0.1438
  shooting iter=650/1000 loss=0.1438
  shooting iter=700/1000 loss=0.1438
  shooting iter=750/1000 loss=0.1438
  shooting iter=800/1000 loss=0.1438
  shooting iter=850/1000 loss=0.1438
  shooting iter=900/1000 loss=0.1438
  shooting iter=950/1000 loss=0.1438
  shooting iter=1000/1000 loss=0.1438
  shooting iter=1000/1000 loss=0.04059
shooting [584s]  loss=0.0406
  [final]  nrmse=0.07236  l2=2.638
extrapolation window: T=15.0 -> T_test=30.0  n_test=600
  [train]  E_traj=0.04922  E_VF=0.4983  E_spec=0.6182
  [test ]  E_traj=1.254e12  E_VF=8.4e11  E_spec=0.9973
saved /orcd/home/002/txenakis/projects/BVPsolver/src/../data/runs/run_d6wrscpg/davis-skodje_fit.png
saved /orcd/home/002/txenakis/projects/BVPsolver/src/../data/runs/run_d6wrscpg/davis-skodje_fit_extrapolated.png
saved /orcd/home/002/txenakis/projects/BVPsolver/src/../data/runs/run_d6wrscpg/davis-skodje_spectral_fit_extrapolated.png
saved /orcd/home/002/txenakis/projects/BVPsolver/src/../data/runs/run_d6wrscpg/davis-skodje_vf_fit_extrapolated.png
┌ Warning: Attempting to store StiffNN.var"#22#23"{Float64}.
│ JLD2 only stores functions by name.
│  This may not be useful for anonymous functions.
└ @ JLD2 ~/.julia/packages/JLD2/ADycq/src/data/writing_datatypes.jl:447
saved run → /orcd/home/002/txenakis/projects/BVPsolver/src/../data/runs/run_d6wrscpg
