davis-skodje  model=GELU-scaled width=7 d=2 tlen=300 profile=fast seed=111  solver=Rodas5P  N=317
  derivmatch lr=0.01 iter=170/3400 loss=1.211
  derivmatch lr=0.01 iter=340/3400 loss=0.2965
  derivmatch lr=0.01 iter=510/3400 loss=0.02818
  derivmatch lr=0.01 iter=680/3400 loss=0.02378
  derivmatch lr=0.01 iter=850/3400 loss=0.026
  derivmatch lr=0.01 iter=1020/3400 loss=0.01131
  derivmatch lr=0.01 iter=1190/3400 loss=0.01264
  derivmatch lr=0.01 iter=1360/3400 loss=0.01606
  derivmatch lr=0.01 iter=1530/3400 loss=0.004992
  derivmatch lr=0.01 iter=1700/3400 loss=0.007851
  derivmatch lr=0.01 iter=1870/3400 loss=0.01009
  derivmatch lr=0.01 iter=2040/3400 loss=0.002176
  derivmatch lr=0.01 iter=2210/3400 loss=0.004959
  derivmatch lr=0.01 iter=2380/3400 loss=1.36
  derivmatch lr=0.01 iter=2550/3400 loss=0.8464
  derivmatch lr=0.01 iter=2720/3400 loss=0.1006
  derivmatch lr=0.01 iter=2890/3400 loss=0.02838
  derivmatch lr=0.01 iter=3060/3400 loss=0.004926
  derivmatch lr=0.01 iter=3230/3400 loss=0.007038
  derivmatch lr=0.01 iter=3400/3400 loss=0.007384
  derivmatch lr=0.01 iter=3400/3400 loss=0.001931
  derivmatch lr=0.003 iter=125/2500 loss=0.001427
  derivmatch lr=0.003 iter=250/2500 loss=0.0008986
  derivmatch lr=0.003 iter=375/2500 loss=0.0006318
  derivmatch lr=0.003 iter=500/2500 loss=0.0004397
  derivmatch lr=0.003 iter=625/2500 loss=0.007658
  derivmatch lr=0.003 iter=750/2500 loss=0.0008461
  derivmatch lr=0.003 iter=875/2500 loss=0.0002246
  derivmatch lr=0.003 iter=1000/2500 loss=0.0002556
  derivmatch lr=0.003 iter=1125/2500 loss=0.001319
  derivmatch lr=0.003 iter=1250/2500 loss=0.0001987
  derivmatch lr=0.003 iter=1375/2500 loss=0.0001683
  derivmatch lr=0.003 iter=1500/2500 loss=0.0001147
  derivmatch lr=0.003 iter=1625/2500 loss=0.001406
  derivmatch lr=0.003 iter=1750/2500 loss=0.001343
  derivmatch lr=0.003 iter=1875/2500 loss=0.00117
  derivmatch lr=0.003 iter=2000/2500 loss=0.001145
  derivmatch lr=0.003 iter=2125/2500 loss=0.0004538
  derivmatch lr=0.003 iter=2250/2500 loss=0.0001365
  derivmatch lr=0.003 iter=2375/2500 loss=0.0002327
  derivmatch lr=0.003 iter=2500/2500 loss=0.001203
  derivmatch lr=0.003 iter=2500/2500 loss=8.061e-5
  derivmatch lr=0.001 iter=125/2500 loss=8.194e-5
  derivmatch lr=0.001 iter=250/2500 loss=7.817e-5
  derivmatch lr=0.001 iter=375/2500 loss=7.581e-5
  derivmatch lr=0.001 iter=500/2500 loss=7.364e-5
  derivmatch lr=0.001 iter=625/2500 loss=7.157e-5
  derivmatch lr=0.001 iter=750/2500 loss=6.961e-5
  derivmatch lr=0.001 iter=875/2500 loss=6.774e-5
  derivmatch lr=0.001 iter=1000/2500 loss=6.596e-5
  derivmatch lr=0.001 iter=1125/2500 loss=6.424e-5
  derivmatch lr=0.001 iter=1250/2500 loss=6.259e-5
  derivmatch lr=0.001 iter=1375/2500 loss=6.096e-5
  derivmatch lr=0.001 iter=1500/2500 loss=5.935e-5
  derivmatch lr=0.001 iter=1625/2500 loss=5.829e-5
  derivmatch lr=0.001 iter=1750/2500 loss=5.684e-5
  derivmatch lr=0.001 iter=1875/2500 loss=6.19e-5
  derivmatch lr=0.001 iter=2000/2500 loss=0.000462
  derivmatch lr=0.001 iter=2125/2500 loss=9.89e-5
  derivmatch lr=0.001 iter=2250/2500 loss=0.0001052
  derivmatch lr=0.001 iter=2375/2500 loss=6.132e-5
  derivmatch lr=0.001 iter=2500/2500 loss=0.0001085
  derivmatch lr=0.001 iter=2500/2500 loss=5.118e-5
  derivmatch lr=0.0003 iter=80/1600 loss=5.09e-5
  derivmatch lr=0.0003 iter=160/1600 loss=5.07e-5
  derivmatch lr=0.0003 iter=240/1600 loss=5.055e-5
  derivmatch lr=0.0003 iter=320/1600 loss=5.039e-5
  derivmatch lr=0.0003 iter=400/1600 loss=5.022e-5
  derivmatch lr=0.0003 iter=480/1600 loss=5.002e-5
  derivmatch lr=0.0003 iter=560/1600 loss=4.981e-5
  derivmatch lr=0.0003 iter=640/1600 loss=4.958e-5
  derivmatch lr=0.0003 iter=720/1600 loss=4.933e-5
  derivmatch lr=0.0003 iter=800/1600 loss=4.908e-5
  derivmatch lr=0.0003 iter=880/1600 loss=4.881e-5
  derivmatch lr=0.0003 iter=960/1600 loss=4.853e-5
  derivmatch lr=0.0003 iter=1040/1600 loss=4.823e-5
  derivmatch lr=0.0003 iter=1120/1600 loss=4.793e-5
  derivmatch lr=0.0003 iter=1200/1600 loss=4.762e-5
  derivmatch lr=0.0003 iter=1280/1600 loss=4.731e-5
  derivmatch lr=0.0003 iter=1360/1600 loss=4.698e-5
  derivmatch lr=0.0003 iter=1440/1600 loss=4.665e-5
  derivmatch lr=0.0003 iter=1520/1600 loss=4.631e-5
  derivmatch lr=0.0003 iter=1600/1600 loss=7.855e-5
  derivmatch lr=0.0003 iter=1600/1600 loss=4.606e-5
derivative matching [29s]  fitloss=4.61e-5
  [derivative matching]  nrmse=0.0004085  l2=0.01687
  collocation: M=300 residuals=2394  detecting sparsity + solving...

Algorithm: LevenbergMarquardt(
    trustregion = LevenbergMarquardtTrustRegion(
        β_uphill = 0.0
    ),
    descent = GeodesicAcceleration(
        descent = DampedNewtonDescent(
            linsolve = KLUFactorization(
                reuse_symbolic = true,
                check_pattern = true
            ),
            initial_damping = 1.0,
            damping_fn = LevenbergMarquardtDampingFunction(
                increase_factor = 2.0,
                decrease_factor = 3.0,
                min_damping = 1.0e-8
            ),
            min_norm_mode = :auto
        ),
        finite_diff_step_geodesic = 0.1,
        α = 0.75
    ),
    autodiff = AutoForwardDiff(),
    vjp_autodiff = AutoFiniteDiff(
        fdtype = Val{:forward}(),
        fdjtype = Val{:forward}(),
        fdhtype = Val{:hcentral}(),
        dir = true
    ),
    jvp_autodiff = AutoForwardDiff(),
    concrete_jac = Val{true}()
)

----    	-------------       	-----------         
Iter    	f(u) 2-norm         	Step 2-norm         
----    	-------------       	-----------         
0       	2.88870646e+01      	2.76969993e-309     
1       	1.24940353e+01      	4.09634684e-01      
8       	1.63892611e-02      	2.66947731e-02      
15      	1.35979304e-03      	4.30989609e-02      
22      	2.46608619e-01      	1.03932180e+00      
29      	2.18641159e-01      	0.00000000e+00      
36      	7.21407515e-01      	0.00000000e+00      
43      	8.32533191e-01      	0.00000000e+00      
50      	4.37731181e-01      	1.29569878e+00      
57      	3.48389684e+00      	0.00000000e+00      
64      	3.48389684e+00      	0.00000000e+00      
71      	2.90082513e-02      	4.99138928e-01      
78      	1.11128180e-01      	0.00000000e+00      
85      	1.76592301e-02      	4.75975945e-01      
92      	5.41690777e-03      	3.02037486e-01      
99      	3.12556365e-01      	1.02181723e+00      
106     	1.14911240e-03      	0.00000000e+00      
113     	1.70153822e+00      	0.00000000e+00      
120     	1.41041014e-01      	6.48600961e-01      
127     	3.71437237e-05      	0.00000000e+00      
134     	9.96524943e-03      	0.00000000e+00      
141     	8.32877079e-05      	8.51741095e-02      
148     	1.01954904e-02      	1.86887923e-01      
Final   	1.78536371e-05      
----------------------      
  AMR 1/3: M=300  err=2.2e-11  obs=4.47e-8  nrmse=5.23e-7  best=5.23e-7  refined=10
  collocation: M=310 residuals=2454  detecting sparsity + solving...

Algorithm: LevenbergMarquardt(
    trustregion = LevenbergMarquardtTrustRegion(
        β_uphill = 0.0
    ),
    descent = GeodesicAcceleration(
        descent = DampedNewtonDescent(
            linsolve = KLUFactorization(
                reuse_symbolic = true,
                check_pattern = true
            ),
            initial_damping = 1.0,
            damping_fn = LevenbergMarquardtDampingFunction(
                increase_factor = 2.0,
                decrease_factor = 3.0,
                min_damping = 1.0e-8
            ),
            min_norm_mode = :auto
        ),
        finite_diff_step_geodesic = 0.1,
        α = 0.75
    ),
    autodiff = AutoForwardDiff(),
    vjp_autodiff = AutoFiniteDiff(
        fdtype = Val{:forward}(),
        fdjtype = Val{:forward}(),
        fdhtype = Val{:hcentral}(),
        dir = true
    ),
    jvp_autodiff = AutoForwardDiff(),
    concrete_jac = Val{true}()
)

----    	-------------       	-----------         
Iter    	f(u) 2-norm         	Step 2-norm         
----    	-------------       	-----------         
0       	2.40840118e+01      	5.12418395e-309     
1       	1.09296977e+01      	1.42925116e-01      
8       	1.79240504e-02      	3.39219896e-02      
15      	7.85157160e-04      	1.64878512e-02      
22      	2.19801548e-06      	6.56041127e-03      
29      	3.30056706e-05      	7.26762440e-02      
36      	2.47545987e-02      	0.00000000e+00      
43      	2.72543477e-02      	0.00000000e+00      
50      	5.78297636e-02      	0.00000000e+00      
57      	2.63609595e-02      	0.00000000e+00      
64      	5.06223482e-03      	0.00000000e+00      
71      	3.67813649e-05      	0.00000000e+00      
78      	2.26442138e-04      	0.00000000e+00      
85      	2.43290844e-01      	0.00000000e+00      
92      	3.59571341e-03      	0.00000000e+00      
99      	4.29765262e-02      	0.00000000e+00      
106     	1.35460893e-02      	0.00000000e+00      
113     	5.85479332e-03      	0.00000000e+00      
120     	2.43743175e-03      	1.36081726e-01      
127     	3.38477831e-06      	0.00000000e+00      
134     	2.05606013e-03      	2.62819079e-01      
141     	1.86110287e-01      	8.93652391e-01      
148     	6.56203826e-04      	1.90843031e-01      
Final   	2.18239352e-06      
----------------------      
  AMR 2/3: M=310  err=7.38e-14  obs=4.43e-8  nrmse=5.28e-7  best=5.23e-7  refined=48
  collocation: M=358 residuals=2742  detecting sparsity + solving...

Algorithm: LevenbergMarquardt(
    trustregion = LevenbergMarquardtTrustRegion(
        β_uphill = 0.0
    ),
    descent = GeodesicAcceleration(
        descent = DampedNewtonDescent(
            linsolve = KLUFactorization(
                reuse_symbolic = true,
                check_pattern = true
            ),
            initial_damping = 1.0,
            damping_fn = LevenbergMarquardtDampingFunction(
                increase_factor = 2.0,
                decrease_factor = 3.0,
                min_damping = 1.0e-8
            ),
            min_norm_mode = :auto
        ),
        finite_diff_step_geodesic = 0.1,
        α = 0.75
    ),
    autodiff = AutoForwardDiff(),
    vjp_autodiff = AutoFiniteDiff(
        fdtype = Val{:forward}(),
        fdjtype = Val{:forward}(),
        fdhtype = Val{:hcentral}(),
        dir = true
    ),
    jvp_autodiff = AutoForwardDiff(),
    concrete_jac = Val{true}()
)

----    	-------------       	-----------         
Iter    	f(u) 2-norm         	Step 2-norm         
----    	-------------       	-----------         
0       	2.23389348e+01      	7.68677717e-316     
1       	9.88039046e+00      	1.52659582e-01      
8       	2.23007332e-02      	3.47954307e-02      
15      	7.14679210e-04      	1.72971882e-02      
22      	1.89002255e-06      	7.03621141e-03      
29      	1.57131978e-05      	7.94033303e-02      
36      	1.86329189e-02      	0.00000000e+00      
43      	5.67866038e-04      	1.16390754e-01      
50      	9.04739143e-01      	0.00000000e+00      
57      	5.33727951e-04      	0.00000000e+00      
64      	3.24613522e-01      	1.69862689e+00      
71      	3.00438880e-03      	3.96045946e-01      
78      	1.42690341e-03      	0.00000000e+00      
85      	5.13812524e-03      	0.00000000e+00      
92      	1.23015015e-04      	5.75746912e-02      
99      	6.00410514e-02      	0.00000000e+00      
106     	2.19974674e-03      	0.00000000e+00      
113     	2.42380430e-05      	6.06256693e-02      
120     	1.32086141e-04      	8.57073610e-02      
127     	2.09585176e-03      	1.51087169e-01      
134     	2.53763308e-02      	0.00000000e+00      
141     	5.42730469e-05      	6.83062165e-02      
148     	7.58706737e-04      	0.00000000e+00      
Final   	1.86612201e-06      
----------------------      
  AMR 3/3: M=358  err=6.11e-14  obs=3.4e-8  nrmse=3.94e-7  best=3.94e-7  refined=0
collocation [214s]
  [final]  nrmse=3.943e-7  l2=1.294e-5
extrapolation window: T=15.0 -> T_test=30.0  n_test=600
  [train]  E_traj=2.953e-13  E_VF=3.004e-7  E_spec=0.5139
  [test ]  E_traj=79.78  E_VF=5.58  E_spec=0.9587
saved /orcd/home/002/txenakis/projects/BVPsolver/src/../data/runs/run_qz5Xnw7Z/davis-skodje_fit.png
saved /orcd/home/002/txenakis/projects/BVPsolver/src/../data/runs/run_qz5Xnw7Z/davis-skodje_fit_extrapolated.png
saved /orcd/home/002/txenakis/projects/BVPsolver/src/../data/runs/run_qz5Xnw7Z/davis-skodje_spectral_fit_extrapolated.png
saved /orcd/home/002/txenakis/projects/BVPsolver/src/../data/runs/run_qz5Xnw7Z/davis-skodje_vf_fit_extrapolated.png
┌ Warning: Attempting to store StiffNN.var"#22#23"{Float64}.
│ JLD2 only stores functions by name.
│  This may not be useful for anonymous functions.
└ @ JLD2 ~/.julia/packages/JLD2/ADycq/src/data/writing_datatypes.jl:447
saved run → /orcd/home/002/txenakis/projects/BVPsolver/src/../data/runs/run_qz5Xnw7Z
