davis-skodje  model=stiff width=12 d=2 tlen=300 profile=fast seed=345  solver=Rodas5P  N=268
  derivmatch lr=0.01 iter=170/3400 loss=0.1059
  derivmatch lr=0.01 iter=340/3400 loss=0.0584
  derivmatch lr=0.01 iter=510/3400 loss=0.03227
  derivmatch lr=0.01 iter=680/3400 loss=0.0507
  derivmatch lr=0.01 iter=850/3400 loss=0.04259
  derivmatch lr=0.01 iter=1020/3400 loss=0.0427
  derivmatch lr=0.01 iter=1190/3400 loss=0.03978
  derivmatch lr=0.01 iter=1360/3400 loss=0.04008
  derivmatch lr=0.01 iter=1530/3400 loss=0.02372
  derivmatch lr=0.01 iter=1700/3400 loss=0.01249
  derivmatch lr=0.01 iter=1870/3400 loss=0.01265
  derivmatch lr=0.01 iter=2040/3400 loss=0.01467
  derivmatch lr=0.01 iter=2210/3400 loss=0.02223
  derivmatch lr=0.01 iter=2380/3400 loss=0.01445
  derivmatch lr=0.01 iter=2550/3400 loss=0.01909
  derivmatch lr=0.01 iter=2720/3400 loss=0.009102
  derivmatch lr=0.01 iter=2890/3400 loss=0.01035
  derivmatch lr=0.01 iter=3060/3400 loss=0.03225
  derivmatch lr=0.01 iter=3230/3400 loss=0.007021
  derivmatch lr=0.01 iter=3400/3400 loss=0.0113
  derivmatch lr=0.01 iter=3400/3400 loss=0.006134
  derivmatch lr=0.003 iter=125/2500 loss=0.006396
  derivmatch lr=0.003 iter=250/2500 loss=0.005294
  derivmatch lr=0.003 iter=375/2500 loss=0.004808
  derivmatch lr=0.003 iter=500/2500 loss=0.004999
  derivmatch lr=0.003 iter=625/2500 loss=0.004592
  derivmatch lr=0.003 iter=750/2500 loss=0.005385
  derivmatch lr=0.003 iter=875/2500 loss=0.00384
  derivmatch lr=0.003 iter=1000/2500 loss=0.004168
  derivmatch lr=0.003 iter=1125/2500 loss=0.003806
  derivmatch lr=0.003 iter=1250/2500 loss=0.003431
  derivmatch lr=0.003 iter=1375/2500 loss=0.003065
  derivmatch lr=0.003 iter=1500/2500 loss=0.005441
  derivmatch lr=0.003 iter=1625/2500 loss=0.002683
  derivmatch lr=0.003 iter=1750/2500 loss=0.003733
  derivmatch lr=0.003 iter=1875/2500 loss=0.005115
  derivmatch lr=0.003 iter=2000/2500 loss=0.00268
  derivmatch lr=0.003 iter=2125/2500 loss=0.003159
  derivmatch lr=0.003 iter=2250/2500 loss=0.003029
  derivmatch lr=0.003 iter=2375/2500 loss=0.002816
  derivmatch lr=0.003 iter=2500/2500 loss=0.00405
  derivmatch lr=0.003 iter=2500/2500 loss=0.002064
  derivmatch lr=0.001 iter=125/2500 loss=0.002057
  derivmatch lr=0.001 iter=250/2500 loss=0.001967
  derivmatch lr=0.001 iter=375/2500 loss=0.00189
  derivmatch lr=0.001 iter=500/2500 loss=0.001812
  derivmatch lr=0.001 iter=625/2500 loss=0.00173
  derivmatch lr=0.001 iter=750/2500 loss=0.001643
  derivmatch lr=0.001 iter=875/2500 loss=0.001552
  derivmatch lr=0.001 iter=1000/2500 loss=0.001539
  derivmatch lr=0.001 iter=1125/2500 loss=0.00145
  derivmatch lr=0.001 iter=1250/2500 loss=0.001384
  derivmatch lr=0.001 iter=1375/2500 loss=0.001368
  derivmatch lr=0.001 iter=1500/2500 loss=0.001355
  derivmatch lr=0.001 iter=1625/2500 loss=0.001232
  derivmatch lr=0.001 iter=1750/2500 loss=0.001723
  derivmatch lr=0.001 iter=1875/2500 loss=0.001173
  derivmatch lr=0.001 iter=2000/2500 loss=0.001386
  derivmatch lr=0.001 iter=2125/2500 loss=0.002444
  derivmatch lr=0.001 iter=2250/2500 loss=0.001196
  derivmatch lr=0.001 iter=2375/2500 loss=0.002598
  derivmatch lr=0.001 iter=2500/2500 loss=0.0009572
  derivmatch lr=0.001 iter=2500/2500 loss=0.0009269
  derivmatch lr=0.0003 iter=80/1600 loss=0.0009296
  derivmatch lr=0.0003 iter=160/1600 loss=0.0009189
  derivmatch lr=0.0003 iter=240/1600 loss=0.00091
  derivmatch lr=0.0003 iter=320/1600 loss=0.0009007
  derivmatch lr=0.0003 iter=400/1600 loss=0.0008906
  derivmatch lr=0.0003 iter=480/1600 loss=0.0008795
  derivmatch lr=0.0003 iter=560/1600 loss=0.0008677
  derivmatch lr=0.0003 iter=640/1600 loss=0.000855
  derivmatch lr=0.0003 iter=720/1600 loss=0.0008417
  derivmatch lr=0.0003 iter=800/1600 loss=0.0008277
  derivmatch lr=0.0003 iter=880/1600 loss=0.0008132
  derivmatch lr=0.0003 iter=960/1600 loss=0.0007981
  derivmatch lr=0.0003 iter=1040/1600 loss=0.0007825
  derivmatch lr=0.0003 iter=1120/1600 loss=0.0007664
  derivmatch lr=0.0003 iter=1200/1600 loss=0.0007501
  derivmatch lr=0.0003 iter=1280/1600 loss=0.0007333
  derivmatch lr=0.0003 iter=1360/1600 loss=0.0007163
  derivmatch lr=0.0003 iter=1440/1600 loss=0.0006991
  derivmatch lr=0.0003 iter=1520/1600 loss=0.0006883
  derivmatch lr=0.0003 iter=1600/1600 loss=0.0006726
  derivmatch lr=0.0003 iter=1600/1600 loss=0.0006726
derivative matching [34s]  fitloss=0.000673
  [derivative matching]  nrmse=0.007382  l2=0.3616
  collocation: M=300 residuals=2394  detecting sparsity + solving...

Algorithm: LevenbergMarquardt(
    trustregion = LevenbergMarquardtTrustRegion(
        β_uphill = 0.0
    ),
    descent = GeodesicAcceleration(
        descent = DampedNewtonDescent(
            linsolve = KLUFactorization(
                reuse_symbolic = true,
                check_pattern = true
            ),
            initial_damping = 1.0,
            damping_fn = LevenbergMarquardtDampingFunction(
                increase_factor = 2.0,
                decrease_factor = 3.0,
                min_damping = 1.0e-8
            ),
            min_norm_mode = :auto
        ),
        finite_diff_step_geodesic = 0.1,
        α = 0.75
    ),
    autodiff = AutoForwardDiff(),
    vjp_autodiff = AutoFiniteDiff(
        fdtype = Val{:forward}(),
        fdjtype = Val{:forward}(),
        fdhtype = Val{:hcentral}(),
        dir = true
    ),
    jvp_autodiff = AutoForwardDiff(),
    concrete_jac = Val{true}()
)

----    	-------------       	-----------         
Iter    	f(u) 2-norm         	Step 2-norm         
----    	-------------       	-----------         
0       	2.50300179e+01      	1.09637062e-315     
1       	9.81001007e+00      	2.40712611e+00      
8       	3.14680669e-02      	3.05176539e-02      
15      	1.28572671e-02      	5.86508458e-01      
22      	6.98385094e-02      	0.00000000e+00      
29      	3.34918725e-01      	1.40186668e+00      
36      	3.17778792e+00      	1.78293497e+00      
43      	1.35320633e+00      	0.00000000e+00      
50      	7.48923121e-01      	1.73901554e+00      
57      	1.78006606e+00      	2.17493739e+00      
64      	1.30028369e+00      	1.88279074e+00      
71      	2.34705469e-01      	0.00000000e+00      
78      	3.58801011e-01      	0.00000000e+00      
85      	1.18033235e-01      	0.00000000e+00      
92      	2.31564024e-02      	4.17328036e-01      
99      	4.52179657e-01      	0.00000000e+00      
106     	1.40044072e-02      	2.33536878e-01      
113     	3.36708006e-03      	3.29796956e-01      
120     	2.97995250e-01      	0.00000000e+00      
127     	1.96794413e+00      	0.00000000e+00      
134     	7.87612581e-02      	3.56985581e-01      
141     	4.41033881e-01      	1.49881681e+00      
148     	2.57621538e-02      	0.00000000e+00      
Final   	7.20420188e-05      
----------------------      
  AMR 1/3: M=300  err=2.51e-9  obs=7.8e-8  nrmse=1.2  best=0.00738  refined=1
  collocation: M=301 residuals=2400  detecting sparsity + solving...

Algorithm: LevenbergMarquardt(
    trustregion = LevenbergMarquardtTrustRegion(
        β_uphill = 0.0
    ),
    descent = GeodesicAcceleration(
        descent = DampedNewtonDescent(
            linsolve = KLUFactorization(
                reuse_symbolic = true,
                check_pattern = true
            ),
            initial_damping = 1.0,
            damping_fn = LevenbergMarquardtDampingFunction(
                increase_factor = 2.0,
                decrease_factor = 3.0,
                min_damping = 1.0e-8
            ),
            min_norm_mode = :auto
        ),
        finite_diff_step_geodesic = 0.1,
        α = 0.75
    ),
    autodiff = AutoForwardDiff(),
    vjp_autodiff = AutoFiniteDiff(
        fdtype = Val{:forward}(),
        fdjtype = Val{:forward}(),
        fdhtype = Val{:hcentral}(),
        dir = true
    ),
    jvp_autodiff = AutoForwardDiff(),
    concrete_jac = Val{true}()
)

----    	-------------       	-----------         
Iter    	f(u) 2-norm         	Step 2-norm         
----    	-------------       	-----------         
0       	1.93648050e+01      	NaN                 
1       	1.52862757e+01      	8.03798811e-01      
8       	1.00043824e-01      	2.31400381e-02      
15      	3.99870156e-02      	0.00000000e+00      
22      	6.34678224e-04      	3.46991485e-02      
29      	4.53486773e-06      	3.55501348e-02      
36      	3.37964056e-03      	0.00000000e+00      
43      	4.95365118e-04      	0.00000000e+00      
50      	1.61709728e-02      	0.00000000e+00      
57      	1.95738530e-02      	0.00000000e+00      
64      	1.95738530e-02      	0.00000000e+00      
71      	3.81155271e-04      	0.00000000e+00      
78      	1.83887037e-03      	0.00000000e+00      
85      	7.00644305e-04      	2.30769269e-01      
92      	1.94624876e-03      	2.61884983e-01      
99      	4.05204989e-05      	0.00000000e+00      
106     	4.57675477e+00      	0.00000000e+00      
113     	1.67096886e-03      	2.48673684e-01      
120     	2.02636779e-01      	1.10208514e+00      
127     	6.32677021e-06      	7.53732475e-02      
134     	4.08766265e-05      	7.11218185e-02      
141     	9.65064139e-02      	3.03863773e+00      
148     	9.65064139e-02      	0.00000000e+00      
Final   	4.44213591e-06      
----------------------      
  AMR 2/3: M=301  err=5.95e-13  obs=7.8e-8  nrmse=1.32  best=0.00738  refined=16
  collocation: M=317 residuals=2496  detecting sparsity + solving...

Algorithm: LevenbergMarquardt(
    trustregion = LevenbergMarquardtTrustRegion(
        β_uphill = 0.0
    ),
    descent = GeodesicAcceleration(
        descent = DampedNewtonDescent(
            linsolve = KLUFactorization(
                reuse_symbolic = true,
                check_pattern = true
            ),
            initial_damping = 1.0,
            damping_fn = LevenbergMarquardtDampingFunction(
                increase_factor = 2.0,
                decrease_factor = 3.0,
                min_damping = 1.0e-8
            ),
            min_norm_mode = :auto
        ),
        finite_diff_step_geodesic = 0.1,
        α = 0.75
    ),
    autodiff = AutoForwardDiff(),
    vjp_autodiff = AutoFiniteDiff(
        fdtype = Val{:forward}(),
        fdjtype = Val{:forward}(),
        fdhtype = Val{:hcentral}(),
        dir = true
    ),
    jvp_autodiff = AutoForwardDiff(),
    concrete_jac = Val{true}()
)

----    	-------------       	-----------         
Iter    	f(u) 2-norm         	Step 2-norm         
----    	-------------       	-----------         
0       	1.93403826e+01      	4.70000659e+00      
1       	1.53742135e+01      	8.97325916e-01      
8       	1.00872718e-01      	2.32002458e-02      
15      	4.02832620e-02      	0.00000000e+00      
22      	6.33475442e-04      	4.17629440e-02      
29      	4.12286594e-06      	5.00156109e-02      
36      	3.13940567e-04      	0.00000000e+00      
43      	1.50595280e+00      	0.00000000e+00      
50      	1.50595280e+00      	0.00000000e+00      
57      	2.51321060e-03      	9.55372043e-01      
64      	6.33489907e-04      	5.99223636e-01      
71      	1.22903872e-01      	9.62613131e-01      
78      	5.14920152e-02      	0.00000000e+00      
85      	7.06740324e-03      	0.00000000e+00      
92      	8.51180679e-02      	0.00000000e+00      
99      	2.42892868e-02      	5.93816196e-01      
106     	5.20413542e-03      	0.00000000e+00      
113     	2.15058705e-02      	0.00000000e+00      
120     	3.35536256e-02      	5.63608257e-01      
127     	6.64787642e-02      	0.00000000e+00      
134     	1.62736876e-04      	1.20988121e-01      
141     	4.96214870e-04      	1.40840960e-01      
148     	1.52193516e-02      	0.00000000e+00      
Final   	4.06432420e-06      
----------------------      
  AMR 3/3: M=317  err=4.07e-13  obs=7.02e-8  nrmse=1.4  best=0.00738  refined=0
 derivative matching was best (3/3 rounds ran)
collocation [137s]
  [final]  nrmse=0.007382  l2=0.3616
extrapolation window: T=15.0 -> T_test=30.0  n_test=600
  [train]  E_traj=0.0003338  E_VF=0.0001164  E_spec=0.267
  [test ]  E_traj=1.096e12  E_VF=3.537e9  E_spec=0.4869
saved /orcd/home/002/txenakis/projects/BVPsolver/src/../data/runs/run_HEwAzvQG/davis-skodje_fit.png
saved /orcd/home/002/txenakis/projects/BVPsolver/src/../data/runs/run_HEwAzvQG/davis-skodje_fit_extrapolated.png
saved /orcd/home/002/txenakis/projects/BVPsolver/src/../data/runs/run_HEwAzvQG/davis-skodje_spectral_fit_extrapolated.png
saved /orcd/home/002/txenakis/projects/BVPsolver/src/../data/runs/run_HEwAzvQG/davis-skodje_vf_fit_extrapolated.png
┌ Warning: Attempting to store StiffNN.var"#22#23"{Float64}.
│ JLD2 only stores functions by name.
│  This may not be useful for anonymous functions.
└ @ JLD2 ~/.julia/packages/JLD2/ADycq/src/data/writing_datatypes.jl:447
saved run → /orcd/home/002/txenakis/projects/BVPsolver/src/../data/runs/run_HEwAzvQG
