hires  model=stiff width=16 d=8 tlen=50 profile=fast seed=102  solver=Rodas5  N=816
  derivmatch lr=0.01 iter=170/3400 loss=0.1166
  derivmatch lr=0.01 iter=340/3400 loss=0.03448
  derivmatch lr=0.01 iter=510/3400 loss=0.533
  derivmatch lr=0.01 iter=680/3400 loss=0.02356
  derivmatch lr=0.01 iter=850/3400 loss=0.01628
  derivmatch lr=0.01 iter=1020/3400 loss=0.01287
  derivmatch lr=0.01 iter=1190/3400 loss=0.01067
  derivmatch lr=0.01 iter=1360/3400 loss=0.009085
  derivmatch lr=0.01 iter=1530/3400 loss=0.007876
  derivmatch lr=0.01 iter=1700/3400 loss=0.006914
  derivmatch lr=0.01 iter=1870/3400 loss=0.006134
  derivmatch lr=0.01 iter=2040/3400 loss=0.005499
  derivmatch lr=0.01 iter=2210/3400 loss=0.004981
  derivmatch lr=0.01 iter=2380/3400 loss=0.004553
  derivmatch lr=0.01 iter=2550/3400 loss=0.004191
  derivmatch lr=0.01 iter=2720/3400 loss=0.003873
  derivmatch lr=0.01 iter=2890/3400 loss=0.003584
  derivmatch lr=0.01 iter=3060/3400 loss=0.003311
  derivmatch lr=0.01 iter=3230/3400 loss=0.003046
  derivmatch lr=0.01 iter=3400/3400 loss=0.002785
  derivmatch lr=0.01 iter=3400/3400 loss=0.002785
  derivmatch lr=0.003 iter=125/2500 loss=0.002625
  derivmatch lr=0.003 iter=250/2500 loss=0.002463
  derivmatch lr=0.003 iter=375/2500 loss=0.002269
  derivmatch lr=0.003 iter=500/2500 loss=0.002053
  derivmatch lr=0.003 iter=625/2500 loss=0.00182
  derivmatch lr=0.003 iter=750/2500 loss=0.002024
  derivmatch lr=0.003 iter=875/2500 loss=0.001255
  derivmatch lr=0.003 iter=1000/2500 loss=0.001195
  derivmatch lr=0.003 iter=1125/2500 loss=0.0008905
  derivmatch lr=0.003 iter=1250/2500 loss=0.0009065
  derivmatch lr=0.003 iter=1375/2500 loss=0.0006917
  derivmatch lr=0.003 iter=1500/2500 loss=0.0005881
  derivmatch lr=0.003 iter=1625/2500 loss=0.0005067
  derivmatch lr=0.003 iter=1750/2500 loss=0.0005901
  derivmatch lr=0.003 iter=1875/2500 loss=0.0004112
  derivmatch lr=0.003 iter=2000/2500 loss=0.0003948
  derivmatch lr=0.003 iter=2125/2500 loss=0.0003449
  derivmatch lr=0.003 iter=2250/2500 loss=0.0005724
  derivmatch lr=0.003 iter=2375/2500 loss=0.0003011
  derivmatch lr=0.003 iter=2500/2500 loss=0.00031
  derivmatch lr=0.003 iter=2500/2500 loss=0.0002776
  derivmatch lr=0.001 iter=125/2500 loss=0.0002754
  derivmatch lr=0.001 iter=250/2500 loss=0.0002705
  derivmatch lr=0.001 iter=375/2500 loss=0.0002645
  derivmatch lr=0.001 iter=500/2500 loss=0.0002577
  derivmatch lr=0.001 iter=625/2500 loss=0.0002503
  derivmatch lr=0.001 iter=750/2500 loss=0.0002424
  derivmatch lr=0.001 iter=875/2500 loss=0.0002342
  derivmatch lr=0.001 iter=1000/2500 loss=0.0002977
  derivmatch lr=0.001 iter=1125/2500 loss=0.0002182
  derivmatch lr=0.001 iter=1250/2500 loss=0.0002106
  derivmatch lr=0.001 iter=1375/2500 loss=0.0002029
  derivmatch lr=0.001 iter=1500/2500 loss=0.0001958
  derivmatch lr=0.001 iter=1625/2500 loss=0.000189
  derivmatch lr=0.001 iter=1750/2500 loss=0.0001864
  derivmatch lr=0.001 iter=1875/2500 loss=0.0001768
  derivmatch lr=0.001 iter=2000/2500 loss=0.0002733
  derivmatch lr=0.001 iter=2125/2500 loss=0.000166
  derivmatch lr=0.001 iter=2250/2500 loss=0.0001613
  derivmatch lr=0.001 iter=2375/2500 loss=0.0001566
  derivmatch lr=0.001 iter=2500/2500 loss=0.0001525
  derivmatch lr=0.001 iter=2500/2500 loss=0.0001525
  derivmatch lr=0.0003 iter=80/1600 loss=0.0001521
  derivmatch lr=0.0003 iter=160/1600 loss=0.0001516
  derivmatch lr=0.0003 iter=240/1600 loss=0.0001508
  derivmatch lr=0.0003 iter=320/1600 loss=0.00015
  derivmatch lr=0.0003 iter=400/1600 loss=0.000149
  derivmatch lr=0.0003 iter=480/1600 loss=0.000148
  derivmatch lr=0.0003 iter=560/1600 loss=0.0001469
  derivmatch lr=0.0003 iter=640/1600 loss=0.0001457
  derivmatch lr=0.0003 iter=720/1600 loss=0.0001444
  derivmatch lr=0.0003 iter=800/1600 loss=0.000143
  derivmatch lr=0.0003 iter=880/1600 loss=0.0001418
  derivmatch lr=0.0003 iter=960/1600 loss=0.0001403
  derivmatch lr=0.0003 iter=1040/1600 loss=0.0001388
  derivmatch lr=0.0003 iter=1120/1600 loss=0.0001373
  derivmatch lr=0.0003 iter=1200/1600 loss=0.0001358
  derivmatch lr=0.0003 iter=1280/1600 loss=0.0001342
  derivmatch lr=0.0003 iter=1360/1600 loss=0.0001335
  derivmatch lr=0.0003 iter=1440/1600 loss=0.0001312
  derivmatch lr=0.0003 iter=1520/1600 loss=0.0001305
  derivmatch lr=0.0003 iter=1600/1600 loss=0.0001281
  derivmatch lr=0.0003 iter=1600/1600 loss=0.0001281
derivative matching [29s]  fitloss=0.000128
  [derivative matching]  nrmse=0.02954  l2=0.3094
  collocation: M=75 residuals=2176  detecting sparsity + solving...

Algorithm: LevenbergMarquardt(
    trustregion = LevenbergMarquardtTrustRegion(
        β_uphill = 0.0
    ),
    descent = GeodesicAcceleration(
        descent = DampedNewtonDescent(
            linsolve = QRFactorization(
                pivot = NoPivot(),
                blocksize = 16,
                inplace = true
            ),
            initial_damping = 1.0,
            damping_fn = LevenbergMarquardtDampingFunction(
                increase_factor = 2.0,
                decrease_factor = 3.0,
                min_damping = 1.0e-8
            ),
            min_norm_mode = :auto
        ),
        finite_diff_step_geodesic = 0.1,
        α = 0.75
    ),
    autodiff = AutoForwardDiff(),
    vjp_autodiff = AutoFiniteDiff(
        fdtype = Val{:forward}(),
        fdjtype = Val{:forward}(),
        fdhtype = Val{:hcentral}(),
        dir = true
    ),
    jvp_autodiff = AutoForwardDiff(),
    concrete_jac = Val{true}()
)

----    	-------------       	-----------         
Iter    	f(u) 2-norm         	Step 2-norm         
----    	-------------       	-----------         
0       	5.16159987e+02      	NaN                 
1       	2.79926313e+02      	6.01186651e-02      
8       	6.71276902e+01      	1.01653952e-01      
15      	2.32495377e+00      	5.39950289e-01      
22      	2.31418071e+00      	0.00000000e+00      
29      	2.97497114e+00      	0.00000000e+00      
36      	5.20693266e-01      	3.80840181e-01      
43      	2.34341325e+00      	0.00000000e+00      
50      	6.78693624e-01      	5.68614718e-01      
57      	3.73833694e+00      	0.00000000e+00      
64      	1.19078361e+00      	6.02091408e-01      
71      	1.34780635e+00      	7.96560366e-01      
78      	1.25586339e+00      	0.00000000e+00      
85      	4.06243035e-01      	0.00000000e+00      
92      	3.19072196e+00      	0.00000000e+00      
99      	8.77382417e-01      	6.64915031e-01      
106     	5.31558551e-01      	0.00000000e+00      
113     	5.49169196e-01      	0.00000000e+00      
120     	1.17103470e+00      	0.00000000e+00      
127     	3.46611281e+00      	0.00000000e+00      
134     	1.09693523e+00      	0.00000000e+00      
141     	1.46707006e+00      	0.00000000e+00      
148     	1.18535936e+00      	0.00000000e+00      
Final   	1.06052289e-01      
----------------------      
  AMR 1/1: M=75  err=0.00851  obs=2.56e-6  nrmse=0.00878  best=0.00878  refined=0
collocation [155s]
  [final]  nrmse=0.008784  l2=0.02422
extrapolation window: T=321.8122 -> T_test=643.624  n_test=100
  [train]  E_traj=0.0001755  E_VF=3.619e-5  E_spec=4.733e16
  [test ]  E_traj=10230.0  E_VF=1.93e10  E_spec=1.128e29
saved /orcd/home/002/txenakis/projects/BVPsolver/src/../data/runs/run_UMYPfSAh/hires_fit.png
saved /orcd/home/002/txenakis/projects/BVPsolver/src/../data/runs/run_UMYPfSAh/hires_fit_extrapolated.png
saved /orcd/home/002/txenakis/projects/BVPsolver/src/../data/runs/run_UMYPfSAh/hires_spectral_fit_extrapolated.png
saved /orcd/home/002/txenakis/projects/BVPsolver/src/../data/runs/run_UMYPfSAh/hires_vf_fit_extrapolated.png
┌ Warning: Attempting to store StiffNN.var"#18#19"{Type{Float64}}.
│ JLD2 only stores functions by name.
│  This may not be useful for anonymous functions.
└ @ JLD2 ~/.julia/packages/JLD2/ADycq/src/data/writing_datatypes.jl:447
saved run → /orcd/home/002/txenakis/projects/BVPsolver/src/../data/runs/run_UMYPfSAh
