orego  model=mlp width=19 d=3 tlen=112 profile=fast seed=24  solver=Rodas5  N=516
  derivmatch lr=0.01 iter=170/3400 loss=10.06
  derivmatch lr=0.01 iter=340/3400 loss=8.72
  derivmatch lr=0.01 iter=510/3400 loss=8.073
  derivmatch lr=0.01 iter=680/3400 loss=7.588
  derivmatch lr=0.01 iter=850/3400 loss=7.207
  derivmatch lr=0.01 iter=1020/3400 loss=7.104
  derivmatch lr=0.01 iter=1190/3400 loss=6.843
  derivmatch lr=0.01 iter=1360/3400 loss=6.649
  derivmatch lr=0.01 iter=1530/3400 loss=6.471
  derivmatch lr=0.01 iter=1700/3400 loss=6.341
  derivmatch lr=0.01 iter=1870/3400 loss=6.275
  derivmatch lr=0.01 iter=2040/3400 loss=6.16
  derivmatch lr=0.01 iter=2210/3400 loss=6.055
  derivmatch lr=0.01 iter=2380/3400 loss=5.958
  derivmatch lr=0.01 iter=2550/3400 loss=5.841
  derivmatch lr=0.01 iter=2720/3400 loss=5.758
  derivmatch lr=0.01 iter=2890/3400 loss=5.679
  derivmatch lr=0.01 iter=3060/3400 loss=5.599
  derivmatch lr=0.01 iter=3230/3400 loss=5.527
  derivmatch lr=0.01 iter=3400/3400 loss=5.451
  derivmatch lr=0.01 iter=3400/3400 loss=5.451
  derivmatch lr=0.003 iter=125/2500 loss=5.423
  derivmatch lr=0.003 iter=250/2500 loss=5.389
  derivmatch lr=0.003 iter=375/2500 loss=5.334
  derivmatch lr=0.003 iter=500/2500 loss=5.304
  derivmatch lr=0.003 iter=625/2500 loss=5.275
  derivmatch lr=0.003 iter=750/2500 loss=5.242
  derivmatch lr=0.003 iter=875/2500 loss=5.209
  derivmatch lr=0.003 iter=1000/2500 loss=5.183
  derivmatch lr=0.003 iter=1125/2500 loss=5.159
  derivmatch lr=0.003 iter=1250/2500 loss=5.134
  derivmatch lr=0.003 iter=1375/2500 loss=5.112
  derivmatch lr=0.003 iter=1500/2500 loss=5.09
  derivmatch lr=0.003 iter=1625/2500 loss=5.149
  derivmatch lr=0.003 iter=1750/2500 loss=5.094
  derivmatch lr=0.003 iter=1875/2500 loss=5.07
  derivmatch lr=0.003 iter=2000/2500 loss=5.048
  derivmatch lr=0.003 iter=2125/2500 loss=5.027
  derivmatch lr=0.003 iter=2250/2500 loss=5.008
  derivmatch lr=0.003 iter=2375/2500 loss=4.99
  derivmatch lr=0.003 iter=2500/2500 loss=4.972
  derivmatch lr=0.003 iter=2500/2500 loss=4.892
  derivmatch lr=0.001 iter=125/2500 loss=4.883
  derivmatch lr=0.001 iter=250/2500 loss=4.827
  derivmatch lr=0.001 iter=375/2500 loss=4.817
  derivmatch lr=0.001 iter=500/2500 loss=4.808
  derivmatch lr=0.001 iter=625/2500 loss=4.8
  derivmatch lr=0.001 iter=750/2500 loss=4.791
  derivmatch lr=0.001 iter=875/2500 loss=4.781
  derivmatch lr=0.001 iter=1000/2500 loss=4.768
  derivmatch lr=0.001 iter=1125/2500 loss=4.742
  derivmatch lr=0.001 iter=1250/2500 loss=4.743
  derivmatch lr=0.001 iter=1375/2500 loss=4.735
  derivmatch lr=0.001 iter=1500/2500 loss=4.726
  derivmatch lr=0.001 iter=1625/2500 loss=4.718
  derivmatch lr=0.001 iter=1750/2500 loss=4.709
  derivmatch lr=0.001 iter=1875/2500 loss=4.701
  derivmatch lr=0.001 iter=2000/2500 loss=4.692
  derivmatch lr=0.001 iter=2125/2500 loss=4.684
  derivmatch lr=0.001 iter=2250/2500 loss=4.676
  derivmatch lr=0.001 iter=2375/2500 loss=4.667
  derivmatch lr=0.001 iter=2500/2500 loss=4.658
  derivmatch lr=0.001 iter=2500/2500 loss=4.658
  derivmatch lr=0.0003 iter=80/1600 loss=4.668
  derivmatch lr=0.0003 iter=160/1600 loss=4.683
  derivmatch lr=0.0003 iter=240/1600 loss=4.69
  derivmatch lr=0.0003 iter=320/1600 loss=4.688
  derivmatch lr=0.0003 iter=400/1600 loss=4.686
  derivmatch lr=0.0003 iter=480/1600 loss=4.685
  derivmatch lr=0.0003 iter=560/1600 loss=4.683
  derivmatch lr=0.0003 iter=640/1600 loss=4.681
  derivmatch lr=0.0003 iter=720/1600 loss=4.679
  derivmatch lr=0.0003 iter=800/1600 loss=4.677
  derivmatch lr=0.0003 iter=880/1600 loss=4.676
  derivmatch lr=0.0003 iter=960/1600 loss=4.674
  derivmatch lr=0.0003 iter=1040/1600 loss=4.672
  derivmatch lr=0.0003 iter=1120/1600 loss=4.67
  derivmatch lr=0.0003 iter=1200/1600 loss=4.668
  derivmatch lr=0.0003 iter=1280/1600 loss=4.666
  derivmatch lr=0.0003 iter=1360/1600 loss=4.664
  derivmatch lr=0.0003 iter=1440/1600 loss=4.662
  derivmatch lr=0.0003 iter=1520/1600 loss=4.66
  derivmatch lr=0.0003 iter=1600/1600 loss=4.658
  derivmatch lr=0.0003 iter=1600/1600 loss=4.658
derivative matching [23s]  fitloss=4.66
  [derivative matching]  nrmse=0.5721  l2=591500.0
  collocation: M=127 residuals=1470  detecting sparsity + solving...

Algorithm: LevenbergMarquardt(
    trustregion = LevenbergMarquardtTrustRegion(
        β_uphill = 0.0
    ),
    descent = GeodesicAcceleration(
        descent = DampedNewtonDescent(
            linsolve = KLUFactorization(
                reuse_symbolic = true,
                check_pattern = true
            ),
            initial_damping = 1.0,
            damping_fn = LevenbergMarquardtDampingFunction(
                increase_factor = 2.0,
                decrease_factor = 3.0,
                min_damping = 1.0e-8
            ),
            min_norm_mode = :auto
        ),
        finite_diff_step_geodesic = 0.1,
        α = 0.75
    ),
    autodiff = AutoForwardDiff(),
    vjp_autodiff = AutoFiniteDiff(
        fdtype = Val{:forward}(),
        fdjtype = Val{:forward}(),
        fdhtype = Val{:hcentral}(),
        dir = true
    ),
    jvp_autodiff = AutoForwardDiff(),
    concrete_jac = Val{true}()
)

----    	-------------       	-----------         
Iter    	f(u) 2-norm         	Step 2-norm         
----    	-------------       	-----------         
0       	7.30457675e+02      	NaN                 
1       	7.30457675e+02      	0.00000000e+00      
8       	5.93207184e+02      	0.00000000e+00      
15      	3.49943536e+02      	7.64683733e-02      
22      	3.30714747e+02      	0.00000000e+00      
29      	3.27467948e+02      	0.00000000e+00      
36      	3.13407327e+02      	0.00000000e+00      
43      	2.97877291e+02      	7.76997893e-03      
50      	3.05846776e+02      	0.00000000e+00      
57      	3.20370482e+02      	0.00000000e+00      
64      	3.86992592e+02      	3.43959829e-03      
71      	3.07368207e+02      	3.30322092e-03      
78      	3.28160013e+02      	0.00000000e+00      
85      	3.93531506e+02      	1.99269770e-02      
92      	3.93531506e+02      	0.00000000e+00      
99      	3.54027793e+02      	0.00000000e+00      
106     	3.50881623e+02      	0.00000000e+00      
113     	2.61360882e+02      	4.97353774e-03      
120     	4.09544550e+02      	0.00000000e+00      
127     	4.09544550e+02      	0.00000000e+00      
134     	4.09544550e+02      	0.00000000e+00      
141     	3.72011099e+02      	0.00000000e+00      
148     	3.75000893e+02      	0.00000000e+00      
Final   	2.54432382e+02      
----------------------      
  AMR 1/1: M=127  err=8570.0  obs=0.00208  nrmse=0.572  best=0.572  refined=0
 derivative matching was best (1/1 rounds ran)
collocation [62s]
  [final]  nrmse=0.5721  l2=591500.0
extrapolation window: T=180.0 -> T_test=360.0  n_test=224
  [train]  E_traj=1.516  E_VF=0.83  E_spec=1.211
  [test ]  E_traj=155.9  E_VF=0.807  E_spec=21.87
saved /orcd/home/002/txenakis/projects/BVPsolver/src/../data/runs/run_bgmOqzYQ/orego_fit.png
saved /orcd/home/002/txenakis/projects/BVPsolver/src/../data/runs/run_bgmOqzYQ/orego_fit_extrapolated.png
saved /orcd/home/002/txenakis/projects/BVPsolver/src/../data/runs/run_bgmOqzYQ/orego_spectral_fit_extrapolated.png
saved /orcd/home/002/txenakis/projects/BVPsolver/src/../data/runs/run_bgmOqzYQ/orego_vf_fit_extrapolated.png
┌ Warning: Attempting to store StiffNN.var"#20#21"{Float64, Float64, Float64}.
│ JLD2 only stores functions by name.
│  This may not be useful for anonymous functions.
└ @ JLD2 ~/.julia/packages/JLD2/ADycq/src/data/writing_datatypes.jl:447
saved run → /orcd/home/002/txenakis/projects/BVPsolver/src/../data/runs/run_bgmOqzYQ
