davis-skodje  model=GELU-scaled width=7 d=2 tlen=300 profile=fast seed=322  solver=Rodas5P  N=317
  derivmatch lr=0.01 iter=170/3400 loss=5.304
  derivmatch lr=0.01 iter=340/3400 loss=4.207
  derivmatch lr=0.01 iter=510/3400 loss=3.501
  derivmatch lr=0.01 iter=680/3400 loss=2.895
  derivmatch lr=0.01 iter=850/3400 loss=2.508
  derivmatch lr=0.01 iter=1020/3400 loss=2.263
  derivmatch lr=0.01 iter=1190/3400 loss=2.063
  derivmatch lr=0.01 iter=1360/3400 loss=1.897
  derivmatch lr=0.01 iter=1530/3400 loss=1.758
  derivmatch lr=0.01 iter=1700/3400 loss=1.633
  derivmatch lr=0.01 iter=1870/3400 loss=1.518
  derivmatch lr=0.01 iter=2040/3400 loss=1.414
  derivmatch lr=0.01 iter=2210/3400 loss=1.321
  derivmatch lr=0.01 iter=2380/3400 loss=1.231
  derivmatch lr=0.01 iter=2550/3400 loss=1.178
  derivmatch lr=0.01 iter=2720/3400 loss=1.084
  derivmatch lr=0.01 iter=2890/3400 loss=1.029
  derivmatch lr=0.01 iter=3060/3400 loss=0.9602
  derivmatch lr=0.01 iter=3230/3400 loss=0.9014
  derivmatch lr=0.01 iter=3400/3400 loss=0.8515
  derivmatch lr=0.01 iter=3400/3400 loss=0.8513
  derivmatch lr=0.003 iter=125/2500 loss=0.8334
  derivmatch lr=0.003 iter=250/2500 loss=0.8098
  derivmatch lr=0.003 iter=375/2500 loss=0.7827
  derivmatch lr=0.003 iter=500/2500 loss=0.7561
  derivmatch lr=0.003 iter=625/2500 loss=0.73
  derivmatch lr=0.003 iter=750/2500 loss=0.7034
  derivmatch lr=0.003 iter=875/2500 loss=0.6791
  derivmatch lr=0.003 iter=1000/2500 loss=0.6553
  derivmatch lr=0.003 iter=1125/2500 loss=0.6339
  derivmatch lr=0.003 iter=1250/2500 loss=0.6144
  derivmatch lr=0.003 iter=1375/2500 loss=0.5945
  derivmatch lr=0.003 iter=1500/2500 loss=0.5797
  derivmatch lr=0.003 iter=1625/2500 loss=0.5603
  derivmatch lr=0.003 iter=1750/2500 loss=0.5447
  derivmatch lr=0.003 iter=1875/2500 loss=0.5298
  derivmatch lr=0.003 iter=2000/2500 loss=0.5228
  derivmatch lr=0.003 iter=2125/2500 loss=0.5024
  derivmatch lr=0.003 iter=2250/2500 loss=0.4902
  derivmatch lr=0.003 iter=2375/2500 loss=0.4801
  derivmatch lr=0.003 iter=2500/2500 loss=0.4669
  derivmatch lr=0.003 iter=2500/2500 loss=0.4666
  derivmatch lr=0.001 iter=125/2500 loss=0.464
  derivmatch lr=0.001 iter=250/2500 loss=0.4604
  derivmatch lr=0.001 iter=375/2500 loss=0.4562
  derivmatch lr=0.001 iter=500/2500 loss=0.4517
  derivmatch lr=0.001 iter=625/2500 loss=0.4469
  derivmatch lr=0.001 iter=750/2500 loss=0.4419
  derivmatch lr=0.001 iter=875/2500 loss=0.4367
  derivmatch lr=0.001 iter=1000/2500 loss=0.4313
  derivmatch lr=0.001 iter=1125/2500 loss=0.4259
  derivmatch lr=0.001 iter=1250/2500 loss=0.4205
  derivmatch lr=0.001 iter=1375/2500 loss=0.4151
  derivmatch lr=0.001 iter=1500/2500 loss=0.4098
  derivmatch lr=0.001 iter=1625/2500 loss=0.4054
  derivmatch lr=0.001 iter=1750/2500 loss=0.3995
  derivmatch lr=0.001 iter=1875/2500 loss=0.3946
  derivmatch lr=0.001 iter=2000/2500 loss=0.3899
  derivmatch lr=0.001 iter=2125/2500 loss=0.3851
  derivmatch lr=0.001 iter=2250/2500 loss=0.3803
  derivmatch lr=0.001 iter=2375/2500 loss=0.3758
  derivmatch lr=0.001 iter=2500/2500 loss=0.3713
  derivmatch lr=0.001 iter=2500/2500 loss=0.3713
  derivmatch lr=0.0003 iter=80/1600 loss=0.3708
  derivmatch lr=0.0003 iter=160/1600 loss=0.3701
  derivmatch lr=0.0003 iter=240/1600 loss=0.3693
  derivmatch lr=0.0003 iter=320/1600 loss=0.3685
  derivmatch lr=0.0003 iter=400/1600 loss=0.3676
  derivmatch lr=0.0003 iter=480/1600 loss=0.3666
  derivmatch lr=0.0003 iter=560/1600 loss=0.3656
  derivmatch lr=0.0003 iter=640/1600 loss=0.3646
  derivmatch lr=0.0003 iter=720/1600 loss=0.3636
  derivmatch lr=0.0003 iter=800/1600 loss=0.3625
  derivmatch lr=0.0003 iter=880/1600 loss=0.3614
  derivmatch lr=0.0003 iter=960/1600 loss=0.3603
  derivmatch lr=0.0003 iter=1040/1600 loss=0.3591
  derivmatch lr=0.0003 iter=1120/1600 loss=0.358
  derivmatch lr=0.0003 iter=1200/1600 loss=0.3568
  derivmatch lr=0.0003 iter=1280/1600 loss=0.3556
  derivmatch lr=0.0003 iter=1360/1600 loss=0.3544
  derivmatch lr=0.0003 iter=1440/1600 loss=0.3532
  derivmatch lr=0.0003 iter=1520/1600 loss=0.352
  derivmatch lr=0.0003 iter=1600/1600 loss=0.3508
  derivmatch lr=0.0003 iter=1600/1600 loss=0.3508
derivative matching [30s]  fitloss=0.351
  [derivative matching]  nrmse=0.4025  l2=13.3
  shooting iter=50/1000 loss=0.08111
  shooting iter=100/1000 loss=0.06384
  shooting iter=150/1000 loss=0.06083
  shooting iter=200/1000 loss=0.05746
  shooting iter=250/1000 loss=0.05851
  shooting iter=300/1000 loss=0.05552
  shooting iter=350/1000 loss=0.05476
  shooting iter=400/1000 loss=0.05349
  shooting iter=450/1000 loss=0.05343
  shooting iter=500/1000 loss=0.05305
  shooting iter=550/1000 loss=0.05188
  shooting iter=600/1000 loss=0.05125
  shooting iter=650/1000 loss=0.05092
  shooting iter=700/1000 loss=0.0501
  shooting iter=750/1000 loss=0.05004
  shooting iter=800/1000 loss=0.04935
  shooting iter=850/1000 loss=0.04901
  shooting iter=900/1000 loss=0.0497
  shooting iter=950/1000 loss=0.04882
  shooting iter=1000/1000 loss=0.04787
  shooting iter=1000/1000 loss=0.04769
shooting [1947s]  loss=0.0477
  [final]  nrmse=0.1237  l2=6.059
extrapolation window: T=15.0 -> T_test=30.0  n_test=600
  [train]  E_traj=0.09371  E_VF=0.3278  E_spec=0.6883
  [test ]  E_traj=7.561e9  E_VF=1.173e11  E_spec=0.9725
saved /orcd/home/002/txenakis/projects/BVPsolver/src/../data/runs/run_YLZNm32N/davis-skodje_fit.png
saved /orcd/home/002/txenakis/projects/BVPsolver/src/../data/runs/run_YLZNm32N/davis-skodje_fit_extrapolated.png
saved /orcd/home/002/txenakis/projects/BVPsolver/src/../data/runs/run_YLZNm32N/davis-skodje_spectral_fit_extrapolated.png
saved /orcd/home/002/txenakis/projects/BVPsolver/src/../data/runs/run_YLZNm32N/davis-skodje_vf_fit_extrapolated.png
┌ Warning: Attempting to store StiffNN.var"#22#23"{Float64}.
│ JLD2 only stores functions by name.
│  This may not be useful for anonymous functions.
└ @ JLD2 ~/.julia/packages/JLD2/ADycq/src/data/writing_datatypes.jl:447
saved run → /orcd/home/002/txenakis/projects/BVPsolver/src/../data/runs/run_YLZNm32N
