vanderpol  model=stiff width=12 d=2 tlen=151 profile=fast seed=114  solver=Kvaerno5  N=268
  derivmatch lr=0.01 iter=170/3400 loss=5.16
  derivmatch lr=0.01 iter=340/3400 loss=3.068
  derivmatch lr=0.01 iter=510/3400 loss=8.107
  derivmatch lr=0.01 iter=680/3400 loss=3.845
  derivmatch lr=0.01 iter=850/3400 loss=4.567
  derivmatch lr=0.01 iter=1020/3400 loss=1.477
  derivmatch lr=0.01 iter=1190/3400 loss=3.34
  derivmatch lr=0.01 iter=1360/3400 loss=4.126
  derivmatch lr=0.01 iter=1530/3400 loss=1.942
  derivmatch lr=0.01 iter=1700/3400 loss=3.025
  derivmatch lr=0.01 iter=1870/3400 loss=0.6202
  derivmatch lr=0.01 iter=2040/3400 loss=3.907
  derivmatch lr=0.01 iter=2210/3400 loss=2.658
  derivmatch lr=0.01 iter=2380/3400 loss=3.289
  derivmatch lr=0.01 iter=2550/3400 loss=0.9128
  derivmatch lr=0.01 iter=2720/3400 loss=1.657
  derivmatch lr=0.01 iter=2890/3400 loss=1.718
  derivmatch lr=0.01 iter=3060/3400 loss=2.613
  derivmatch lr=0.01 iter=3230/3400 loss=0.6917
  derivmatch lr=0.01 iter=3400/3400 loss=2.703
  derivmatch lr=0.01 iter=3400/3400 loss=0.1184
  derivmatch lr=0.003 iter=125/2500 loss=0.08055
  derivmatch lr=0.003 iter=250/2500 loss=0.06145
  derivmatch lr=0.003 iter=375/2500 loss=0.05234
  derivmatch lr=0.003 iter=500/2500 loss=0.048
  derivmatch lr=0.003 iter=625/2500 loss=0.04216
  derivmatch lr=0.003 iter=750/2500 loss=0.04037
  derivmatch lr=0.003 iter=875/2500 loss=0.03493
  derivmatch lr=0.003 iter=1000/2500 loss=0.03445
  derivmatch lr=0.003 iter=1125/2500 loss=0.03097
  derivmatch lr=0.003 iter=1250/2500 loss=0.03587
  derivmatch lr=0.003 iter=1375/2500 loss=0.03248
  derivmatch lr=0.003 iter=1500/2500 loss=0.03186
  derivmatch lr=0.003 iter=1625/2500 loss=0.03052
  derivmatch lr=0.003 iter=1750/2500 loss=0.03019
  derivmatch lr=0.003 iter=1875/2500 loss=0.02789
  derivmatch lr=0.003 iter=2000/2500 loss=0.02962
  derivmatch lr=0.003 iter=2125/2500 loss=0.03079
  derivmatch lr=0.003 iter=2250/2500 loss=0.0267
  derivmatch lr=0.003 iter=2375/2500 loss=0.02531
  derivmatch lr=0.003 iter=2500/2500 loss=0.02537
  derivmatch lr=0.003 iter=2500/2500 loss=0.02303
  derivmatch lr=0.001 iter=125/2500 loss=0.005121
  derivmatch lr=0.001 iter=250/2500 loss=0.005023
  derivmatch lr=0.001 iter=375/2500 loss=0.007469
  derivmatch lr=0.001 iter=500/2500 loss=0.005481
  derivmatch lr=0.001 iter=625/2500 loss=0.006186
  derivmatch lr=0.001 iter=750/2500 loss=0.008715
  derivmatch lr=0.001 iter=875/2500 loss=0.00456
  derivmatch lr=0.001 iter=1000/2500 loss=0.01172
  derivmatch lr=0.001 iter=1125/2500 loss=0.004331
  derivmatch lr=0.001 iter=1250/2500 loss=0.004604
  derivmatch lr=0.001 iter=1375/2500 loss=0.005473
  derivmatch lr=0.001 iter=1500/2500 loss=0.005018
  derivmatch lr=0.001 iter=1625/2500 loss=0.006175
  derivmatch lr=0.001 iter=1750/2500 loss=0.005989
  derivmatch lr=0.001 iter=1875/2500 loss=0.007363
  derivmatch lr=0.001 iter=2000/2500 loss=0.006321
  derivmatch lr=0.001 iter=2125/2500 loss=0.005541
  derivmatch lr=0.001 iter=2250/2500 loss=0.00686
  derivmatch lr=0.001 iter=2375/2500 loss=0.006003
  derivmatch lr=0.001 iter=2500/2500 loss=0.005325
  derivmatch lr=0.001 iter=2500/2500 loss=0.004155
  derivmatch lr=0.0003 iter=80/1600 loss=0.004149
  derivmatch lr=0.0003 iter=160/1600 loss=0.004114
  derivmatch lr=0.0003 iter=240/1600 loss=0.004088
  derivmatch lr=0.0003 iter=320/1600 loss=0.004058
  derivmatch lr=0.0003 iter=400/1600 loss=0.004025
  derivmatch lr=0.0003 iter=480/1600 loss=0.003989
  derivmatch lr=0.0003 iter=560/1600 loss=0.003966
  derivmatch lr=0.0003 iter=640/1600 loss=0.003923
  derivmatch lr=0.0003 iter=720/1600 loss=0.003887
  derivmatch lr=0.0003 iter=800/1600 loss=0.003848
  derivmatch lr=0.0003 iter=880/1600 loss=0.004046
  derivmatch lr=0.0003 iter=960/1600 loss=0.003773
  derivmatch lr=0.0003 iter=1040/1600 loss=0.003734
  derivmatch lr=0.0003 iter=1120/1600 loss=0.004172
  derivmatch lr=0.0003 iter=1200/1600 loss=0.003656
  derivmatch lr=0.0003 iter=1280/1600 loss=0.003615
  derivmatch lr=0.0003 iter=1360/1600 loss=0.003588
  derivmatch lr=0.0003 iter=1440/1600 loss=0.003534
  derivmatch lr=0.0003 iter=1520/1600 loss=0.003514
  derivmatch lr=0.0003 iter=1600/1600 loss=0.003471
  derivmatch lr=0.0003 iter=1600/1600 loss=0.003458
derivative matching [36s]  fitloss=0.00346
  [derivative matching]  nrmse=0.3293  l2=325.3
  shooting iter=50/1000 loss=0.5373
  shooting iter=100/1000 loss=0.5379
  shooting iter=150/1000 loss=0.5379
  shooting iter=200/1000 loss=0.5379
  shooting iter=250/1000 loss=0.5379
  shooting iter=300/1000 loss=0.5379
  shooting iter=350/1000 loss=0.5379
  shooting iter=400/1000 loss=0.5379
  shooting iter=450/1000 loss=0.5378
  shooting iter=500/1000 loss=0.5378
  shooting iter=550/1000 loss=0.5378
  shooting iter=600/1000 loss=0.5378
  shooting iter=650/1000 loss=0.5378
  shooting iter=700/1000 loss=0.5378
  shooting iter=750/1000 loss=0.5378
  shooting iter=800/1000 loss=0.5378
  shooting iter=850/1000 loss=0.5378
  shooting iter=900/1000 loss=0.5377
  shooting iter=950/1000 loss=0.5377
  shooting iter=1000/1000 loss=0.5377
  shooting iter=1000/1000 loss=0.1722
shooting [196s]  loss=0.17
  [final]  nrmse=0.3293  l2=325.3
extrapolation window: T=200.0 -> T_test=400.0  n_test=302
  [train]  E_traj=1.144  E_VF=0.01869  E_spec=0.2563
  [test ]  E_traj=2.786  E_VF=3.786  E_spec=0.06033
saved /orcd/home/002/txenakis/projects/BVPsolver/src/../data/runs/run_oJTQH8Cc/vanderpol_fit.png
saved /orcd/home/002/txenakis/projects/BVPsolver/src/../data/runs/run_oJTQH8Cc/vanderpol_fit_extrapolated.png
saved /orcd/home/002/txenakis/projects/BVPsolver/src/../data/runs/run_oJTQH8Cc/vanderpol_spectral_fit_extrapolated.png
saved /orcd/home/002/txenakis/projects/BVPsolver/src/../data/runs/run_oJTQH8Cc/vanderpol_vf_fit_extrapolated.png
┌ Warning: Attempting to store StiffNN.var"#14#15"{Float64}.
│ JLD2 only stores functions by name.
│  This may not be useful for anonymous functions.
└ @ JLD2 ~/.julia/packages/JLD2/ADycq/src/data/writing_datatypes.jl:447
saved run → /orcd/home/002/txenakis/projects/BVPsolver/src/../data/runs/run_oJTQH8Cc
