davis-skodje  model=mlp width=14 d=2 tlen=300 profile=fast seed=142  solver=Rodas5P  N=282
  derivmatch lr=0.01 iter=170/3400 loss=3.744
  derivmatch lr=0.01 iter=340/3400 loss=2.087
  derivmatch lr=0.01 iter=510/3400 loss=2.246
  derivmatch lr=0.01 iter=680/3400 loss=1.739
  derivmatch lr=0.01 iter=850/3400 loss=1.765
  derivmatch lr=0.01 iter=1020/3400 loss=1.386
  derivmatch lr=0.01 iter=1190/3400 loss=1.864
  derivmatch lr=0.01 iter=1360/3400 loss=0.9692
  derivmatch lr=0.01 iter=1530/3400 loss=0.7145
  derivmatch lr=0.01 iter=1700/3400 loss=1.034
  derivmatch lr=0.01 iter=1870/3400 loss=1.028
  derivmatch lr=0.01 iter=2040/3400 loss=0.9946
  derivmatch lr=0.01 iter=2210/3400 loss=1.04
  derivmatch lr=0.01 iter=2380/3400 loss=1.048
  derivmatch lr=0.01 iter=2550/3400 loss=0.7769
  derivmatch lr=0.01 iter=2720/3400 loss=1.873
  derivmatch lr=0.01 iter=2890/3400 loss=1.318
  derivmatch lr=0.01 iter=3060/3400 loss=1.122
  derivmatch lr=0.01 iter=3230/3400 loss=1.159
  derivmatch lr=0.01 iter=3400/3400 loss=1.756
  derivmatch lr=0.01 iter=3400/3400 loss=0.3551
  derivmatch lr=0.003 iter=125/2500 loss=0.3263
  derivmatch lr=0.003 iter=250/2500 loss=0.3548
  derivmatch lr=0.003 iter=375/2500 loss=0.3294
  derivmatch lr=0.003 iter=500/2500 loss=0.3311
  derivmatch lr=0.003 iter=625/2500 loss=0.3045
  derivmatch lr=0.003 iter=750/2500 loss=0.277
  derivmatch lr=0.003 iter=875/2500 loss=0.2688
  derivmatch lr=0.003 iter=1000/2500 loss=0.2666
  derivmatch lr=0.003 iter=1125/2500 loss=0.259
  derivmatch lr=0.003 iter=1250/2500 loss=0.2547
  derivmatch lr=0.003 iter=1375/2500 loss=0.2457
  derivmatch lr=0.003 iter=1500/2500 loss=0.2456
  derivmatch lr=0.003 iter=1625/2500 loss=0.2302
  derivmatch lr=0.003 iter=1750/2500 loss=0.2319
  derivmatch lr=0.003 iter=1875/2500 loss=0.2211
  derivmatch lr=0.003 iter=2000/2500 loss=0.2176
  derivmatch lr=0.003 iter=2125/2500 loss=0.2126
  derivmatch lr=0.003 iter=2250/2500 loss=0.2066
  derivmatch lr=0.003 iter=2375/2500 loss=0.2067
  derivmatch lr=0.003 iter=2500/2500 loss=0.2
  derivmatch lr=0.003 iter=2500/2500 loss=0.1959
  derivmatch lr=0.001 iter=125/2500 loss=0.1887
  derivmatch lr=0.001 iter=250/2500 loss=0.1878
  derivmatch lr=0.001 iter=375/2500 loss=0.1867
  derivmatch lr=0.001 iter=500/2500 loss=0.1862
  derivmatch lr=0.001 iter=625/2500 loss=0.1846
  derivmatch lr=0.001 iter=750/2500 loss=0.1831
  derivmatch lr=0.001 iter=875/2500 loss=0.1814
  derivmatch lr=0.001 iter=1000/2500 loss=0.1793
  derivmatch lr=0.001 iter=1125/2500 loss=0.1774
  derivmatch lr=0.001 iter=1250/2500 loss=0.1751
  derivmatch lr=0.001 iter=1375/2500 loss=0.173
  derivmatch lr=0.001 iter=1500/2500 loss=0.172
  derivmatch lr=0.001 iter=1625/2500 loss=0.1689
  derivmatch lr=0.001 iter=1750/2500 loss=0.1664
  derivmatch lr=0.001 iter=1875/2500 loss=0.1631
  derivmatch lr=0.001 iter=2000/2500 loss=0.1612
  derivmatch lr=0.001 iter=2125/2500 loss=0.159
  derivmatch lr=0.001 iter=2250/2500 loss=0.1596
  derivmatch lr=0.001 iter=2375/2500 loss=0.1546
  derivmatch lr=0.001 iter=2500/2500 loss=0.152
  derivmatch lr=0.001 iter=2500/2500 loss=0.152
  derivmatch lr=0.0003 iter=80/1600 loss=0.151
  derivmatch lr=0.0003 iter=160/1600 loss=0.1506
  derivmatch lr=0.0003 iter=240/1600 loss=0.1501
  derivmatch lr=0.0003 iter=320/1600 loss=0.1495
  derivmatch lr=0.0003 iter=400/1600 loss=0.1488
  derivmatch lr=0.0003 iter=480/1600 loss=0.1481
  derivmatch lr=0.0003 iter=560/1600 loss=0.1474
  derivmatch lr=0.0003 iter=640/1600 loss=0.1465
  derivmatch lr=0.0003 iter=720/1600 loss=0.1457
  derivmatch lr=0.0003 iter=800/1600 loss=0.1447
  derivmatch lr=0.0003 iter=880/1600 loss=0.1438
  derivmatch lr=0.0003 iter=960/1600 loss=0.1428
  derivmatch lr=0.0003 iter=1040/1600 loss=0.142
  derivmatch lr=0.0003 iter=1120/1600 loss=0.141
  derivmatch lr=0.0003 iter=1200/1600 loss=0.1401
  derivmatch lr=0.0003 iter=1280/1600 loss=0.1391
  derivmatch lr=0.0003 iter=1360/1600 loss=0.1384
  derivmatch lr=0.0003 iter=1440/1600 loss=0.1373
  derivmatch lr=0.0003 iter=1520/1600 loss=0.1364
  derivmatch lr=0.0003 iter=1600/1600 loss=0.1357
  derivmatch lr=0.0003 iter=1600/1600 loss=0.1355
derivative matching [30s]  fitloss=0.136
  [derivative matching]  nrmse=0.05146  l2=2.515
  collocation: M=300 residuals=2394  detecting sparsity + solving...

Algorithm: LevenbergMarquardt(
    trustregion = LevenbergMarquardtTrustRegion(
        β_uphill = 0.0
    ),
    descent = GeodesicAcceleration(
        descent = DampedNewtonDescent(
            linsolve = KLUFactorization(
                reuse_symbolic = true,
                check_pattern = true
            ),
            initial_damping = 1.0,
            damping_fn = LevenbergMarquardtDampingFunction(
                increase_factor = 2.0,
                decrease_factor = 3.0,
                min_damping = 1.0e-8
            ),
            min_norm_mode = :auto
        ),
        finite_diff_step_geodesic = 0.1,
        α = 0.75
    ),
    autodiff = AutoForwardDiff(),
    vjp_autodiff = AutoFiniteDiff(
        fdtype = Val{:forward}(),
        fdjtype = Val{:forward}(),
        fdhtype = Val{:hcentral}(),
        dir = true
    ),
    jvp_autodiff = AutoForwardDiff(),
    concrete_jac = Val{true}()
)

----    	-------------       	-----------         
Iter    	f(u) 2-norm         	Step 2-norm         
----    	-------------       	-----------         
0       	3.19572075e+02      	9.55570463e-316     
1       	3.19572075e+02      	0.00000000e+00      
8       	2.00916402e+02      	1.03324199e+00      
15      	3.64138144e-01      	2.95563420e-01      
22      	2.74187902e-02      	1.68573488e-02      
29      	1.85459087e-01      	5.57391738e-01      
36      	3.19884909e+02      	5.20399964e+00      
43      	5.25984909e+00      	0.00000000e+00      
50      	1.98484219e+00      	0.00000000e+00      
57      	1.59677375e+00      	0.00000000e+00      
64      	3.56194319e+00      	0.00000000e+00      
71      	1.49681356e+00      	0.00000000e+00      
78      	1.91191316e+01      	0.00000000e+00      
85      	6.87742482e-01      	0.00000000e+00      
92      	2.48171029e+00      	0.00000000e+00      
99      	7.59531945e+00      	1.37723081e+00      
106     	9.83391280e-02      	0.00000000e+00      
113     	8.88197216e-03      	0.00000000e+00      
120     	3.22617214e+00      	0.00000000e+00      
127     	2.11186079e+00      	7.47473689e-01      
134     	1.91269886e-02      	0.00000000e+00      
141     	4.10692494e-01      	0.00000000e+00      
148     	2.20193595e-01      	3.63788282e-01      
Final   	4.67146529e-03      
----------------------      
  AMR 1/3: M=300  err=4.64e-7  obs=2.26e-6  nrmse=6.05e-5  best=6.05e-5  refined=49
  collocation: M=349 residuals=2688  detecting sparsity + solving...

Algorithm: LevenbergMarquardt(
    trustregion = LevenbergMarquardtTrustRegion(
        β_uphill = 0.0
    ),
    descent = GeodesicAcceleration(
        descent = DampedNewtonDescent(
            linsolve = KLUFactorization(
                reuse_symbolic = true,
                check_pattern = true
            ),
            initial_damping = 1.0,
            damping_fn = LevenbergMarquardtDampingFunction(
                increase_factor = 2.0,
                decrease_factor = 3.0,
                min_damping = 1.0e-8
            ),
            min_norm_mode = :auto
        ),
        finite_diff_step_geodesic = 0.1,
        α = 0.75
    ),
    autodiff = AutoForwardDiff(),
    vjp_autodiff = AutoFiniteDiff(
        fdtype = Val{:forward}(),
        fdjtype = Val{:forward}(),
        fdhtype = Val{:hcentral}(),
        dir = true
    ),
    jvp_autodiff = AutoForwardDiff(),
    concrete_jac = Val{true}()
)

----    	-------------       	-----------         
Iter    	f(u) 2-norm         	Step 2-norm         
----    	-------------       	-----------         
0       	6.89686671e+01      	1.04648659e-315     
1       	2.33169856e+01      	1.94863363e-02      
8       	1.93834069e-01      	4.69879071e-03      
15      	7.10209437e-04      	8.34161625e-04      
22      	2.26188261e-04      	3.32524994e-03      
29      	2.59635397e-04      	4.15906274e-02      
36      	4.68051126e-03      	0.00000000e+00      
43      	2.22083134e+01      	0.00000000e+00      
50      	1.50240102e-01      	3.46621200e-01      
57      	1.54338275e-01      	0.00000000e+00      
64      	5.81408582e+00      	0.00000000e+00      
71      	1.71241132e-02      	1.32807426e-01      
78      	9.75710983e-03      	0.00000000e+00      
85      	3.44689198e-03      	0.00000000e+00      
92      	1.43302965e-04      	3.73459634e-02      
99      	7.60836262e-01      	8.78831918e-01      
106     	3.85717167e+00      	0.00000000e+00      
113     	6.62143603e-01      	0.00000000e+00      
120     	3.39581185e-03      	5.65027470e-02      
127     	1.25554400e-01      	3.68323140e-01      
134     	8.87030564e-04      	0.00000000e+00      
141     	2.57993333e-04      	3.11864787e-02      
148     	2.78834729e-01      	0.00000000e+00      
Final   	1.00920419e-04      
----------------------      
  AMR 2/3: M=349  err=1.3e-9  obs=2.32e-6  nrmse=6.05e-5  best=6.05e-5  refined=1
  collocation: M=350 residuals=2694  detecting sparsity + solving...

Algorithm: LevenbergMarquardt(
    trustregion = LevenbergMarquardtTrustRegion(
        β_uphill = 0.0
    ),
    descent = GeodesicAcceleration(
        descent = DampedNewtonDescent(
            linsolve = KLUFactorization(
                reuse_symbolic = true,
                check_pattern = true
            ),
            initial_damping = 1.0,
            damping_fn = LevenbergMarquardtDampingFunction(
                increase_factor = 2.0,
                decrease_factor = 3.0,
                min_damping = 1.0e-8
            ),
            min_norm_mode = :auto
        ),
        finite_diff_step_geodesic = 0.1,
        α = 0.75
    ),
    autodiff = AutoForwardDiff(),
    vjp_autodiff = AutoFiniteDiff(
        fdtype = Val{:forward}(),
        fdjtype = Val{:forward}(),
        fdhtype = Val{:hcentral}(),
        dir = true
    ),
    jvp_autodiff = AutoForwardDiff(),
    concrete_jac = Val{true}()
)

----    	-------------       	-----------         
Iter    	f(u) 2-norm         	Step 2-norm         
----    	-------------       	-----------         
0       	6.98416029e+01      	NaN                 
1       	2.31981903e+01      	2.02147309e-02      
8       	1.93649244e-01      	5.53171540e-03      
15      	7.05440078e-04      	8.32509750e-04      
22      	2.21840297e-04      	3.21620381e-03      
29      	3.09646895e-04      	3.55615215e-02      
36      	3.47772287e+00      	1.55421699e+00      
43      	2.63998792e-03      	8.47173262e-02      
50      	1.45956380e-03      	0.00000000e+00      
57      	4.78212486e-04      	0.00000000e+00      
64      	1.21456408e-02      	0.00000000e+00      
71      	5.02092844e+00      	0.00000000e+00      
78      	4.01763030e+00      	0.00000000e+00      
85      	2.04786387e-03      	0.00000000e+00      
92      	2.96280858e+00      	6.87312348e-01      
99      	4.28231822e-01      	0.00000000e+00      
106     	3.45369652e-04      	0.00000000e+00      
113     	2.05933223e-01      	0.00000000e+00      
120     	8.26493859e+00      	0.00000000e+00      
127     	1.11004456e+00      	4.51827752e-01      
134     	2.48478632e-04      	0.00000000e+00      
141     	3.17580125e-04      	4.82584680e-02      
148     	2.28698493e+00      	7.08715368e-01      
Final   	9.61405558e-05      
----------------------      
  AMR 3/3: M=350  err=1.37e-9  obs=1.99e-6  nrmse=6.27e-5  best=6.05e-5  refined=0
collocation [156s]
  [final]  nrmse=6.046e-5  l2=0.002777
extrapolation window: T=15.0 -> T_test=30.0  n_test=600
  [train]  E_traj=1.011e-8  E_VF=0.0004813  E_spec=1.325
  [test ]  E_traj=6139.0  E_VF=2.913e9  E_spec=7.609
saved /orcd/home/002/txenakis/projects/BVPsolver/src/../data/runs/run_zGVhmRCM/davis-skodje_fit.png
saved /orcd/home/002/txenakis/projects/BVPsolver/src/../data/runs/run_zGVhmRCM/davis-skodje_fit_extrapolated.png
saved /orcd/home/002/txenakis/projects/BVPsolver/src/../data/runs/run_zGVhmRCM/davis-skodje_spectral_fit_extrapolated.png
saved /orcd/home/002/txenakis/projects/BVPsolver/src/../data/runs/run_zGVhmRCM/davis-skodje_vf_fit_extrapolated.png
┌ Warning: Attempting to store StiffNN.var"#22#23"{Float64}.
│ JLD2 only stores functions by name.
│  This may not be useful for anonymous functions.
└ @ JLD2 ~/.julia/packages/JLD2/ADycq/src/data/writing_datatypes.jl:447
saved run → /orcd/home/002/txenakis/projects/BVPsolver/src/../data/runs/run_zGVhmRCM
