davis-skodje  model=GELU-scaled width=7 d=2 tlen=300 profile=fast seed=120  solver=Rodas5P  N=317
  derivmatch lr=0.01 iter=170/3400 loss=0.2428
  derivmatch lr=0.01 iter=340/3400 loss=3.402
  derivmatch lr=0.01 iter=510/3400 loss=1.678
  derivmatch lr=0.01 iter=680/3400 loss=1.39
  derivmatch lr=0.01 iter=850/3400 loss=0.5039
  derivmatch lr=0.01 iter=1020/3400 loss=0.1445
  derivmatch lr=0.01 iter=1190/3400 loss=0.08622
  derivmatch lr=0.01 iter=1360/3400 loss=0.04634
  derivmatch lr=0.01 iter=1530/3400 loss=0.03134
  derivmatch lr=0.01 iter=1700/3400 loss=0.02666
  derivmatch lr=0.01 iter=1870/3400 loss=0.01109
  derivmatch lr=0.01 iter=2040/3400 loss=0.01051
  derivmatch lr=0.01 iter=2210/3400 loss=0.01313
  derivmatch lr=0.01 iter=2380/3400 loss=0.003945
  derivmatch lr=0.01 iter=2550/3400 loss=0.004995
  derivmatch lr=0.01 iter=2720/3400 loss=0.004635
  derivmatch lr=0.01 iter=2890/3400 loss=0.004248
  derivmatch lr=0.01 iter=3060/3400 loss=0.003865
  derivmatch lr=0.01 iter=3230/3400 loss=0.003521
  derivmatch lr=0.01 iter=3400/3400 loss=0.003221
  derivmatch lr=0.01 iter=3400/3400 loss=0.00303
  derivmatch lr=0.003 iter=125/2500 loss=0.0009047
  derivmatch lr=0.003 iter=250/2500 loss=0.0006958
  derivmatch lr=0.003 iter=375/2500 loss=0.0006016
  derivmatch lr=0.003 iter=500/2500 loss=0.0006775
  derivmatch lr=0.003 iter=625/2500 loss=0.0009665
  derivmatch lr=0.003 iter=750/2500 loss=0.000534
  derivmatch lr=0.003 iter=875/2500 loss=0.0008204
  derivmatch lr=0.003 iter=1000/2500 loss=0.000352
  derivmatch lr=0.003 iter=1125/2500 loss=0.0009848
  derivmatch lr=0.003 iter=1250/2500 loss=0.0005682
  derivmatch lr=0.003 iter=1375/2500 loss=0.0003548
  derivmatch lr=0.003 iter=1500/2500 loss=0.001639
  derivmatch lr=0.003 iter=1625/2500 loss=0.0002781
  derivmatch lr=0.003 iter=1750/2500 loss=0.0009949
  derivmatch lr=0.003 iter=1875/2500 loss=0.000344
  derivmatch lr=0.003 iter=2000/2500 loss=0.00138
  derivmatch lr=0.003 iter=2125/2500 loss=0.0005626
  derivmatch lr=0.003 iter=2250/2500 loss=0.002677
  derivmatch lr=0.003 iter=2375/2500 loss=0.001172
  derivmatch lr=0.003 iter=2500/2500 loss=0.000392
  derivmatch lr=0.003 iter=2500/2500 loss=0.0001902
  derivmatch lr=0.001 iter=125/2500 loss=0.0001905
  derivmatch lr=0.001 iter=250/2500 loss=0.0001816
  derivmatch lr=0.001 iter=375/2500 loss=0.0001765
  derivmatch lr=0.001 iter=500/2500 loss=0.0001722
  derivmatch lr=0.001 iter=625/2500 loss=0.0001681
  derivmatch lr=0.001 iter=750/2500 loss=0.0001641
  derivmatch lr=0.001 iter=875/2500 loss=0.0001601
  derivmatch lr=0.001 iter=1000/2500 loss=0.0001562
  derivmatch lr=0.001 iter=1125/2500 loss=0.0001524
  derivmatch lr=0.001 iter=1250/2500 loss=0.0001486
  derivmatch lr=0.001 iter=1375/2500 loss=0.0001468
  derivmatch lr=0.001 iter=1500/2500 loss=0.0001427
  derivmatch lr=0.001 iter=1625/2500 loss=0.000181
  derivmatch lr=0.001 iter=1750/2500 loss=0.0001367
  derivmatch lr=0.001 iter=1875/2500 loss=0.0001339
  derivmatch lr=0.001 iter=2000/2500 loss=0.0001311
  derivmatch lr=0.001 iter=2125/2500 loss=0.000359
  derivmatch lr=0.001 iter=2250/2500 loss=0.0003808
  derivmatch lr=0.001 iter=2375/2500 loss=0.0001239
  derivmatch lr=0.001 iter=2500/2500 loss=0.0001831
  derivmatch lr=0.001 iter=2500/2500 loss=0.0001232
  derivmatch lr=0.0003 iter=80/1600 loss=0.0001236
  derivmatch lr=0.0003 iter=160/1600 loss=0.0001228
  derivmatch lr=0.0003 iter=240/1600 loss=0.0001223
  derivmatch lr=0.0003 iter=320/1600 loss=0.0001218
  derivmatch lr=0.0003 iter=400/1600 loss=0.0001213
  derivmatch lr=0.0003 iter=480/1600 loss=0.0001207
  derivmatch lr=0.0003 iter=560/1600 loss=0.00012
  derivmatch lr=0.0003 iter=640/1600 loss=0.0001193
  derivmatch lr=0.0003 iter=720/1600 loss=0.0001186
  derivmatch lr=0.0003 iter=800/1600 loss=0.0001178
  derivmatch lr=0.0003 iter=880/1600 loss=0.000117
  derivmatch lr=0.0003 iter=960/1600 loss=0.0001161
  derivmatch lr=0.0003 iter=1040/1600 loss=0.0001152
  derivmatch lr=0.0003 iter=1120/1600 loss=0.0001142
  derivmatch lr=0.0003 iter=1200/1600 loss=0.0001132
  derivmatch lr=0.0003 iter=1280/1600 loss=0.0001122
  derivmatch lr=0.0003 iter=1360/1600 loss=0.0001112
  derivmatch lr=0.0003 iter=1440/1600 loss=0.0001101
  derivmatch lr=0.0003 iter=1520/1600 loss=0.000109
  derivmatch lr=0.0003 iter=1600/1600 loss=0.0001078
  derivmatch lr=0.0003 iter=1600/1600 loss=0.0001078
derivative matching [34s]  fitloss=0.000108
  [derivative matching]  nrmse=0.0005226  l2=0.02513
  shooting iter=50/1000 loss=0.05559
  shooting iter=100/1000 loss=0.05603
  shooting iter=150/1000 loss=0.05603
  shooting iter=200/1000 loss=0.05603
  shooting iter=250/1000 loss=0.05603
  shooting iter=300/1000 loss=0.05603
  shooting iter=350/1000 loss=0.05603
  shooting iter=400/1000 loss=0.05603
  shooting iter=450/1000 loss=0.05603
  shooting iter=500/1000 loss=0.05603
  shooting iter=550/1000 loss=0.05603
  shooting iter=600/1000 loss=0.05603
  shooting iter=650/1000 loss=0.05603
  shooting iter=700/1000 loss=0.05603
  shooting iter=750/1000 loss=0.05603
  shooting iter=800/1000 loss=0.05603
  shooting iter=850/1000 loss=0.05603
  shooting iter=900/1000 loss=0.05603
  shooting iter=950/1000 loss=0.05603
  shooting iter=1000/1000 loss=0.05603
  shooting iter=1000/1000 loss=0.0002331
shooting [477s]  loss=0.000233
  [final]  nrmse=0.0005226  l2=0.02513
extrapolation window: T=15.0 -> T_test=30.0  n_test=600
  [train]  E_traj=8.015e-7  E_VF=8.216e-5  E_spec=0.4468
  [test ]  E_traj=2.499e8  E_VF=5.575e6  E_spec=0.9691
saved /orcd/home/002/txenakis/projects/BVPsolver/src/../data/runs/run_n6hOHJtx/davis-skodje_fit.png
saved /orcd/home/002/txenakis/projects/BVPsolver/src/../data/runs/run_n6hOHJtx/davis-skodje_fit_extrapolated.png
saved /orcd/home/002/txenakis/projects/BVPsolver/src/../data/runs/run_n6hOHJtx/davis-skodje_spectral_fit_extrapolated.png
saved /orcd/home/002/txenakis/projects/BVPsolver/src/../data/runs/run_n6hOHJtx/davis-skodje_vf_fit_extrapolated.png
┌ Warning: Attempting to store StiffNN.var"#22#23"{Float64}.
│ JLD2 only stores functions by name.
│  This may not be useful for anonymous functions.
└ @ JLD2 ~/.julia/packages/JLD2/ADycq/src/data/writing_datatypes.jl:447
saved run → /orcd/home/002/txenakis/projects/BVPsolver/src/../data/runs/run_n6hOHJtx
