davis-skodje  model=stiff width=12 d=2 tlen=300 profile=fast seed=317  solver=Rodas5P  N=268
  derivmatch lr=0.01 iter=170/3400 loss=0.06017
  derivmatch lr=0.01 iter=340/3400 loss=0.03081
  derivmatch lr=0.01 iter=510/3400 loss=0.01958
  derivmatch lr=0.01 iter=680/3400 loss=0.01248
  derivmatch lr=0.01 iter=850/3400 loss=0.007741
  derivmatch lr=0.01 iter=1020/3400 loss=0.004247
  derivmatch lr=0.01 iter=1190/3400 loss=0.002583
  derivmatch lr=0.01 iter=1360/3400 loss=0.001864
  derivmatch lr=0.01 iter=1530/3400 loss=0.001435
  derivmatch lr=0.01 iter=1700/3400 loss=0.00114
  derivmatch lr=0.01 iter=1870/3400 loss=0.000923
  derivmatch lr=0.01 iter=2040/3400 loss=0.0007551
  derivmatch lr=0.01 iter=2210/3400 loss=0.0006198
  derivmatch lr=0.01 iter=2380/3400 loss=0.000507
  derivmatch lr=0.01 iter=2550/3400 loss=0.000411
  derivmatch lr=0.01 iter=2720/3400 loss=0.0003292
  derivmatch lr=0.01 iter=2890/3400 loss=0.0002609
  derivmatch lr=0.01 iter=3060/3400 loss=0.0002059
  derivmatch lr=0.01 iter=3230/3400 loss=0.0001632
  derivmatch lr=0.01 iter=3400/3400 loss=0.000131
  derivmatch lr=0.01 iter=3400/3400 loss=0.000131
  derivmatch lr=0.003 iter=125/2500 loss=8.679e-5
  derivmatch lr=0.003 iter=250/2500 loss=6.006e-5
  derivmatch lr=0.003 iter=375/2500 loss=4.269e-5
  derivmatch lr=0.003 iter=500/2500 loss=3.081e-5
  derivmatch lr=0.003 iter=625/2500 loss=2.285e-5
  derivmatch lr=0.003 iter=750/2500 loss=1.767e-5
  derivmatch lr=0.003 iter=875/2500 loss=1.471e-5
  derivmatch lr=0.003 iter=1000/2500 loss=1.27e-5
  derivmatch lr=0.003 iter=1125/2500 loss=1.103e-5
  derivmatch lr=0.003 iter=1250/2500 loss=9.614e-6
  derivmatch lr=0.003 iter=1375/2500 loss=8.699e-6
  derivmatch lr=0.003 iter=1500/2500 loss=7.833e-6
  derivmatch lr=0.003 iter=1625/2500 loss=7.032e-6
  derivmatch lr=0.003 iter=1750/2500 loss=9.156e-6
  derivmatch lr=0.003 iter=1875/2500 loss=5.845e-6
  derivmatch lr=0.003 iter=2000/2500 loss=5.315e-6
  derivmatch lr=0.003 iter=2125/2500 loss=6.904e-6
  derivmatch lr=0.003 iter=2250/2500 loss=4.494e-6
  derivmatch lr=0.003 iter=2375/2500 loss=4.128e-6
  derivmatch lr=0.003 iter=2500/2500 loss=3.812e-6
  derivmatch lr=0.003 iter=2500/2500 loss=3.798e-6
  derivmatch lr=0.001 iter=125/2500 loss=3.753e-6
  derivmatch lr=0.001 iter=250/2500 loss=3.681e-6
  derivmatch lr=0.001 iter=375/2500 loss=3.591e-6
  derivmatch lr=0.001 iter=500/2500 loss=3.485e-6
  derivmatch lr=0.001 iter=625/2500 loss=3.368e-6
  derivmatch lr=0.001 iter=750/2500 loss=3.241e-6
  derivmatch lr=0.001 iter=875/2500 loss=3.108e-6
  derivmatch lr=0.001 iter=1000/2500 loss=2.97e-6
  derivmatch lr=0.001 iter=1125/2500 loss=2.829e-6
  derivmatch lr=0.001 iter=1250/2500 loss=2.687e-6
  derivmatch lr=0.001 iter=1375/2500 loss=2.546e-6
  derivmatch lr=0.001 iter=1500/2500 loss=2.407e-6
  derivmatch lr=0.001 iter=1625/2500 loss=2.27e-6
  derivmatch lr=0.001 iter=1750/2500 loss=2.709e-6
  derivmatch lr=0.001 iter=1875/2500 loss=2.014e-6
  derivmatch lr=0.001 iter=2000/2500 loss=1.906e-6
  derivmatch lr=0.001 iter=2125/2500 loss=1.837e-6
  derivmatch lr=0.001 iter=2250/2500 loss=1.725e-6
  derivmatch lr=0.001 iter=2375/2500 loss=1.646e-6
  derivmatch lr=0.001 iter=2500/2500 loss=2.407e-6
  derivmatch lr=0.001 iter=2500/2500 loss=1.583e-6
  derivmatch lr=0.0003 iter=80/1600 loss=1.588e-6
  derivmatch lr=0.0003 iter=160/1600 loss=1.571e-6
  derivmatch lr=0.0003 iter=240/1600 loss=1.561e-6
  derivmatch lr=0.0003 iter=320/1600 loss=1.549e-6
  derivmatch lr=0.0003 iter=400/1600 loss=1.536e-6
  derivmatch lr=0.0003 iter=480/1600 loss=1.522e-6
  derivmatch lr=0.0003 iter=560/1600 loss=1.506e-6
  derivmatch lr=0.0003 iter=640/1600 loss=1.489e-6
  derivmatch lr=0.0003 iter=720/1600 loss=1.471e-6
  derivmatch lr=0.0003 iter=800/1600 loss=1.451e-6
  derivmatch lr=0.0003 iter=880/1600 loss=1.431e-6
  derivmatch lr=0.0003 iter=960/1600 loss=2.297e-6
  derivmatch lr=0.0003 iter=1040/1600 loss=1.392e-6
  derivmatch lr=0.0003 iter=1120/1600 loss=1.372e-6
  derivmatch lr=0.0003 iter=1200/1600 loss=1.351e-6
  derivmatch lr=0.0003 iter=1280/1600 loss=1.33e-6
  derivmatch lr=0.0003 iter=1360/1600 loss=1.308e-6
  derivmatch lr=0.0003 iter=1440/1600 loss=1.286e-6
  derivmatch lr=0.0003 iter=1520/1600 loss=1.268e-6
  derivmatch lr=0.0003 iter=1600/1600 loss=1.244e-6
  derivmatch lr=0.0003 iter=1600/1600 loss=1.244e-6
derivative matching [30s]  fitloss=1.24e-6
  [derivative matching]  nrmse=6.802e-5  l2=0.003058
  collocation: M=300 residuals=2394  detecting sparsity + solving...

Algorithm: LevenbergMarquardt(
    trustregion = LevenbergMarquardtTrustRegion(
        β_uphill = 0.0
    ),
    descent = GeodesicAcceleration(
        descent = DampedNewtonDescent(
            linsolve = KLUFactorization(
                reuse_symbolic = true,
                check_pattern = true
            ),
            initial_damping = 1.0,
            damping_fn = LevenbergMarquardtDampingFunction(
                increase_factor = 2.0,
                decrease_factor = 3.0,
                min_damping = 1.0e-8
            ),
            min_norm_mode = :auto
        ),
        finite_diff_step_geodesic = 0.1,
        α = 0.75
    ),
    autodiff = AutoForwardDiff(),
    vjp_autodiff = AutoFiniteDiff(
        fdtype = Val{:forward}(),
        fdjtype = Val{:forward}(),
        fdhtype = Val{:hcentral}(),
        dir = true
    ),
    jvp_autodiff = AutoForwardDiff(),
    concrete_jac = Val{true}()
)

----    	-------------       	-----------         
Iter    	f(u) 2-norm         	Step 2-norm         
----    	-------------       	-----------         
0       	2.52511599e+01      	8.27930584e-313     
1       	1.18069881e+01      	5.07949759e-02      
8       	4.82457571e-03      	3.24621247e-03      
15      	8.92652406e-04      	7.24985838e-03      
22      	7.74363453e-03      	3.83347174e-01      
29      	2.39819658e+00      	1.44248337e+00      
36      	1.03894373e-01      	6.95581274e-01      
43      	5.06388085e-02      	6.36371549e-01      
50      	7.67124374e-04      	0.00000000e+00      
57      	3.20458100e-01      	0.00000000e+00      
64      	2.96085038e-04      	1.27748128e-01      
71      	1.19136810e-02      	0.00000000e+00      
78      	1.16295169e-01      	0.00000000e+00      
85      	9.53695782e-02      	0.00000000e+00      
92      	1.18845024e-02      	0.00000000e+00      
99      	1.45973636e-02      	0.00000000e+00      
106     	1.55939160e-01      	0.00000000e+00      
113     	4.13057509e-04      	0.00000000e+00      
120     	1.17147321e-02      	0.00000000e+00      
127     	2.95633588e-02      	0.00000000e+00      
134     	9.72293718e-06      	2.64541882e-02      
141     	1.47865123e-01      	0.00000000e+00      
148     	1.10916896e-03      	1.30370415e-01      
Final   	9.72293718e-06      
----------------------      
  AMR 1/3: M=300  err=2.21e-12  obs=4.14e-8  nrmse=3.93e-7  best=3.93e-7  refined=44
  collocation: M=344 residuals=2658  detecting sparsity + solving...

Algorithm: LevenbergMarquardt(
    trustregion = LevenbergMarquardtTrustRegion(
        β_uphill = 0.0
    ),
    descent = GeodesicAcceleration(
        descent = DampedNewtonDescent(
            linsolve = KLUFactorization(
                reuse_symbolic = true,
                check_pattern = true
            ),
            initial_damping = 1.0,
            damping_fn = LevenbergMarquardtDampingFunction(
                increase_factor = 2.0,
                decrease_factor = 3.0,
                min_damping = 1.0e-8
            ),
            min_norm_mode = :auto
        ),
        finite_diff_step_geodesic = 0.1,
        α = 0.75
    ),
    autodiff = AutoForwardDiff(),
    vjp_autodiff = AutoFiniteDiff(
        fdtype = Val{:forward}(),
        fdjtype = Val{:forward}(),
        fdhtype = Val{:hcentral}(),
        dir = true
    ),
    jvp_autodiff = AutoForwardDiff(),
    concrete_jac = Val{true}()
)

----    	-------------       	-----------         
Iter    	f(u) 2-norm         	Step 2-norm         
----    	-------------       	-----------         
0       	2.49278875e+01      	1.55302425e-310     
1       	1.14070186e+01      	1.29390656e-01      
8       	1.37379631e-02      	5.62172796e-03      
15      	8.34413863e-04      	1.23425027e-02      
22      	2.54615827e-06      	8.52434511e-03      
29      	2.15065295e-03      	3.05992998e-01      
36      	2.14813452e-04      	1.88806294e-01      
43      	2.06993306e-03      	3.71766508e-01      
50      	2.10915138e-05      	0.00000000e+00      
57      	4.16042123e-01      	2.51581861e+00      
64      	9.92551293e-02      	1.20930235e+00      
71      	5.29562207e-02      	0.00000000e+00      
78      	1.85733140e-02      	6.12902416e-01      
85      	4.70240852e-03      	0.00000000e+00      
92      	4.10122552e-02      	0.00000000e+00      
99      	7.22820651e-06      	0.00000000e+00      
106     	3.37943557e-02      	9.87464830e-01      
113     	1.56026212e-04      	1.07084818e-01      
120     	4.58254052e-01      	1.75099322e+00      
127     	4.74883377e-03      	0.00000000e+00      
134     	3.73214489e-02      	0.00000000e+00      
141     	4.04385472e-02      	0.00000000e+00      
148     	3.11692171e-02      	7.05748799e-01      
Final   	2.54121033e-06      
----------------------      
  AMR 2/3: M=344  err=2.16e-13  obs=4.1e-8  nrmse=4.04e-7  best=3.93e-7  refined=19
  collocation: M=363 residuals=2772  detecting sparsity + solving...

Algorithm: LevenbergMarquardt(
    trustregion = LevenbergMarquardtTrustRegion(
        β_uphill = 0.0
    ),
    descent = GeodesicAcceleration(
        descent = DampedNewtonDescent(
            linsolve = KLUFactorization(
                reuse_symbolic = true,
                check_pattern = true
            ),
            initial_damping = 1.0,
            damping_fn = LevenbergMarquardtDampingFunction(
                increase_factor = 2.0,
                decrease_factor = 3.0,
                min_damping = 1.0e-8
            ),
            min_norm_mode = :auto
        ),
        finite_diff_step_geodesic = 0.1,
        α = 0.75
    ),
    autodiff = AutoForwardDiff(),
    vjp_autodiff = AutoFiniteDiff(
        fdtype = Val{:forward}(),
        fdjtype = Val{:forward}(),
        fdhtype = Val{:hcentral}(),
        dir = true
    ),
    jvp_autodiff = AutoForwardDiff(),
    concrete_jac = Val{true}()
)

----    	-------------       	-----------         
Iter    	f(u) 2-norm         	Step 2-norm         
----    	-------------       	-----------         
0       	2.42111403e+01      	1.24415074e+02      
1       	1.09828181e+01      	1.22671527e-01      
8       	1.50599347e-02      	5.17603395e-03      
15      	8.06518874e-04      	1.11754661e-02      
22      	2.23488753e-06      	8.36948248e-03      
29      	3.79538769e-03      	3.52597176e-01      
36      	9.09794490e-03      	0.00000000e+00      
43      	6.68016754e-03      	0.00000000e+00      
50      	7.34807871e-03      	0.00000000e+00      
57      	2.55069553e-04      	0.00000000e+00      
64      	5.78477242e-02      	0.00000000e+00      
71      	2.58113190e-02      	0.00000000e+00      
78      	8.31154213e-04      	0.00000000e+00      
85      	3.98222004e-06      	7.21680973e-02      
92      	9.47875700e-02      	0.00000000e+00      
99      	1.43647955e-02      	1.00639509e+00      
106     	1.81870617e-01      	0.00000000e+00      
113     	5.64850327e-03      	0.00000000e+00      
120     	3.28257727e-04      	1.83213691e-01      
127     	4.40582059e-03      	4.55337381e-01      
134     	1.48332071e-05      	9.39841540e-02      
141     	3.44523461e-02      	8.88550712e-01      
148     	3.88941789e-04      	0.00000000e+00      
Final   	1.98166235e-06      
----------------------      
  AMR 3/3: M=363  err=1.12e-13  obs=2.55e-8  nrmse=4.41e-7  best=3.93e-7  refined=0
collocation [134s]
  [final]  nrmse=3.934e-7  l2=1.757e-5
extrapolation window: T=15.0 -> T_test=30.0  n_test=600
  [train]  E_traj=4.13e-13  E_VF=1.338e-9  E_spec=0.5138
  [test ]  E_traj=7.114  E_VF=1.649  E_spec=0.6944
saved /orcd/home/002/txenakis/projects/BVPsolver/src/../data/runs/run_dYrZ3wxF/davis-skodje_fit.png
saved /orcd/home/002/txenakis/projects/BVPsolver/src/../data/runs/run_dYrZ3wxF/davis-skodje_fit_extrapolated.png
saved /orcd/home/002/txenakis/projects/BVPsolver/src/../data/runs/run_dYrZ3wxF/davis-skodje_spectral_fit_extrapolated.png
saved /orcd/home/002/txenakis/projects/BVPsolver/src/../data/runs/run_dYrZ3wxF/davis-skodje_vf_fit_extrapolated.png
┌ Warning: Attempting to store StiffNN.var"#22#23"{Float64}.
│ JLD2 only stores functions by name.
│  This may not be useful for anonymous functions.
└ @ JLD2 ~/.julia/packages/JLD2/ADycq/src/data/writing_datatypes.jl:447
saved run → /orcd/home/002/txenakis/projects/BVPsolver/src/../data/runs/run_dYrZ3wxF
