rober  model=mlp width=15 d=3 tlen=50 profile=fast seed=22  solver=Rodas5  N=348
  derivmatch lr=0.01 iter=170/3400 loss=40.74
  derivmatch lr=0.01 iter=340/3400 loss=72.3
  derivmatch lr=0.01 iter=510/3400 loss=31.89
  derivmatch lr=0.01 iter=680/3400 loss=57.16
  derivmatch lr=0.01 iter=850/3400 loss=55.09
  derivmatch lr=0.01 iter=1020/3400 loss=50.03
  derivmatch lr=0.01 iter=1190/3400 loss=40.53
  derivmatch lr=0.01 iter=1360/3400 loss=47.25
  derivmatch lr=0.01 iter=1530/3400 loss=50.22
  derivmatch lr=0.01 iter=1700/3400 loss=50.57
  derivmatch lr=0.01 iter=1870/3400 loss=53.43
  derivmatch lr=0.01 iter=2040/3400 loss=48.92
  derivmatch lr=0.01 iter=2210/3400 loss=37.96
  derivmatch lr=0.01 iter=2380/3400 loss=42.9
  derivmatch lr=0.01 iter=2550/3400 loss=46.91
  derivmatch lr=0.01 iter=2720/3400 loss=47.68
  derivmatch lr=0.01 iter=2890/3400 loss=44.59
  derivmatch lr=0.01 iter=3060/3400 loss=39.18
  derivmatch lr=0.01 iter=3230/3400 loss=24.37
  derivmatch lr=0.01 iter=3400/3400 loss=45.16
  derivmatch lr=0.01 iter=3400/3400 loss=22.53
  derivmatch lr=0.003 iter=125/2500 loss=33.47
  derivmatch lr=0.003 iter=250/2500 loss=22.95
  derivmatch lr=0.003 iter=375/2500 loss=25.65
  derivmatch lr=0.003 iter=500/2500 loss=23.45
  derivmatch lr=0.003 iter=625/2500 loss=28.04
  derivmatch lr=0.003 iter=750/2500 loss=28.88
  derivmatch lr=0.003 iter=875/2500 loss=24.27
  derivmatch lr=0.003 iter=1000/2500 loss=34.33
  derivmatch lr=0.003 iter=1125/2500 loss=28.34
  derivmatch lr=0.003 iter=1250/2500 loss=26.58
  derivmatch lr=0.003 iter=1375/2500 loss=34.15
  derivmatch lr=0.003 iter=1500/2500 loss=30.86
  derivmatch lr=0.003 iter=1625/2500 loss=26.54
  derivmatch lr=0.003 iter=1750/2500 loss=30.96
  derivmatch lr=0.003 iter=1875/2500 loss=30.64
  derivmatch lr=0.003 iter=2000/2500 loss=25.48
  derivmatch lr=0.003 iter=2125/2500 loss=32.68
  derivmatch lr=0.003 iter=2250/2500 loss=36.31
  derivmatch lr=0.003 iter=2375/2500 loss=28.49
  derivmatch lr=0.003 iter=2500/2500 loss=25.78
  derivmatch lr=0.003 iter=2500/2500 loss=17.78
  derivmatch lr=0.001 iter=125/2500 loss=13.29
  derivmatch lr=0.001 iter=250/2500 loss=20.56
  derivmatch lr=0.001 iter=375/2500 loss=21.45
  derivmatch lr=0.001 iter=500/2500 loss=16.03
  derivmatch lr=0.001 iter=625/2500 loss=13.77
  derivmatch lr=0.001 iter=750/2500 loss=16.92
  derivmatch lr=0.001 iter=875/2500 loss=25.98
  derivmatch lr=0.001 iter=1000/2500 loss=23.06
  derivmatch lr=0.001 iter=1125/2500 loss=19.82
  derivmatch lr=0.001 iter=1250/2500 loss=16.67
  derivmatch lr=0.001 iter=1375/2500 loss=20.61
  derivmatch lr=0.001 iter=1500/2500 loss=17.95
  derivmatch lr=0.001 iter=1625/2500 loss=13.79
  derivmatch lr=0.001 iter=1750/2500 loss=11.24
  derivmatch lr=0.001 iter=1875/2500 loss=12.92
  derivmatch lr=0.001 iter=2000/2500 loss=19.21
  derivmatch lr=0.001 iter=2125/2500 loss=29.18
  derivmatch lr=0.001 iter=2250/2500 loss=25.99
  derivmatch lr=0.001 iter=2375/2500 loss=24.72
  derivmatch lr=0.001 iter=2500/2500 loss=21.1
  derivmatch lr=0.001 iter=2500/2500 loss=9.962
  derivmatch lr=0.0003 iter=80/1600 loss=9.05
  derivmatch lr=0.0003 iter=160/1600 loss=8.436
  derivmatch lr=0.0003 iter=240/1600 loss=8.604
  derivmatch lr=0.0003 iter=320/1600 loss=8.452
  derivmatch lr=0.0003 iter=400/1600 loss=8.565
  derivmatch lr=0.0003 iter=480/1600 loss=8.139
  derivmatch lr=0.0003 iter=560/1600 loss=9.176
  derivmatch lr=0.0003 iter=640/1600 loss=8.592
  derivmatch lr=0.0003 iter=720/1600 loss=7.892
  derivmatch lr=0.0003 iter=800/1600 loss=7.694
  derivmatch lr=0.0003 iter=880/1600 loss=8.091
  derivmatch lr=0.0003 iter=960/1600 loss=8.102
  derivmatch lr=0.0003 iter=1040/1600 loss=8.293
  derivmatch lr=0.0003 iter=1120/1600 loss=8.626
  derivmatch lr=0.0003 iter=1200/1600 loss=7.361
  derivmatch lr=0.0003 iter=1280/1600 loss=7.777
  derivmatch lr=0.0003 iter=1360/1600 loss=15.28
  derivmatch lr=0.0003 iter=1440/1600 loss=12.62
  derivmatch lr=0.0003 iter=1520/1600 loss=8.664
  derivmatch lr=0.0003 iter=1600/1600 loss=8.042
  derivmatch lr=0.0003 iter=1600/1600 loss=6.923
derivative matching [27s]  fitloss=6.92
  [derivative matching]  nrmse=519700.0  l2=519.5
  shooting iter=50/1000 loss=131.4
  shooting iter=100/1000 loss=128.5
  shooting iter=150/1000 loss=126.6
  shooting iter=200/1000 loss=117.5
  shooting iter=250/1000 loss=113.9
  shooting iter=300/1000 loss=109.8
  shooting iter=350/1000 loss=107.6
  shooting iter=400/1000 loss=98.2
  shooting iter=450/1000 loss=99.96
  shooting iter=500/1000 loss=91.48
  shooting iter=550/1000 loss=90.24
  shooting iter=600/1000 loss=85.81
  shooting iter=650/1000 loss=87.15
  shooting iter=700/1000 loss=82.43
  shooting iter=750/1000 loss=79.01
  shooting iter=800/1000 loss=74.33
  shooting iter=850/1000 loss=71.66
  shooting iter=900/1000 loss=68.59
  shooting iter=950/1000 loss=68.11
  shooting iter=1000/1000 loss=63.65
  shooting iter=1000/1000 loss=63.65
shooting [483s]  loss=63.7
  [final]  nrmse=223.8  l2=2.837
extrapolation window: T=1000.0 -> T_test=1.0e12  n_test=100
  [train]  E_traj=130300.0  E_VF=142.0  E_spec=4.000000000000001e28
  [test ]  E_traj=126800.0  E_VF=9.854e18  E_spec=8.869e29
saved /orcd/home/002/txenakis/projects/BVPsolver/src/../data/runs/run_4Svuy3P7/rober_fit.png
saved /orcd/home/002/txenakis/projects/BVPsolver/src/../data/runs/run_4Svuy3P7/rober_fit_extrapolated.png
saved /orcd/home/002/txenakis/projects/BVPsolver/src/../data/runs/run_4Svuy3P7/rober_spectral_fit_extrapolated.png
saved /orcd/home/002/txenakis/projects/BVPsolver/src/../data/runs/run_4Svuy3P7/rober_vf_fit_extrapolated.png
┌ Warning: Attempting to store StiffNN.var"#12#13"{Float64, Float64, Float64}.
│ JLD2 only stores functions by name.
│  This may not be useful for anonymous functions.
└ @ JLD2 ~/.julia/packages/JLD2/ADycq/src/data/writing_datatypes.jl:447
saved run → /orcd/home/002/txenakis/projects/BVPsolver/src/../data/runs/run_4Svuy3P7
