davis-skodje  model=GELU-scaled width=7 d=2 tlen=300 profile=fast seed=343  solver=Rodas5P  N=317
  derivmatch lr=0.01 iter=170/3400 loss=1.805
  derivmatch lr=0.01 iter=340/3400 loss=1.55
  derivmatch lr=0.01 iter=510/3400 loss=0.4134
  derivmatch lr=0.01 iter=680/3400 loss=0.6609
  derivmatch lr=0.01 iter=850/3400 loss=0.3974
  derivmatch lr=0.01 iter=1020/3400 loss=0.2466
  derivmatch lr=0.01 iter=1190/3400 loss=0.2193
  derivmatch lr=0.01 iter=1360/3400 loss=0.493
  derivmatch lr=0.01 iter=1530/3400 loss=0.1045
  derivmatch lr=0.01 iter=1700/3400 loss=0.4606
  derivmatch lr=0.01 iter=1870/3400 loss=0.4856
  derivmatch lr=0.01 iter=2040/3400 loss=0.3999
  derivmatch lr=0.01 iter=2210/3400 loss=0.2291
  derivmatch lr=0.01 iter=2380/3400 loss=0.1767
  derivmatch lr=0.01 iter=2550/3400 loss=0.1164
  derivmatch lr=0.01 iter=2720/3400 loss=0.1443
  derivmatch lr=0.01 iter=2890/3400 loss=0.2904
  derivmatch lr=0.01 iter=3060/3400 loss=0.01819
  derivmatch lr=0.01 iter=3230/3400 loss=0.01567
  derivmatch lr=0.01 iter=3400/3400 loss=0.01456
  derivmatch lr=0.01 iter=3400/3400 loss=0.01456
  derivmatch lr=0.003 iter=125/2500 loss=0.0736
  derivmatch lr=0.003 iter=250/2500 loss=0.01176
  derivmatch lr=0.003 iter=375/2500 loss=0.01114
  derivmatch lr=0.003 iter=500/2500 loss=0.01047
  derivmatch lr=0.003 iter=625/2500 loss=0.009944
  derivmatch lr=0.003 iter=750/2500 loss=0.009439
  derivmatch lr=0.003 iter=875/2500 loss=0.009701
  derivmatch lr=0.003 iter=1000/2500 loss=0.008264
  derivmatch lr=0.003 iter=1125/2500 loss=0.007907
  derivmatch lr=0.003 iter=1250/2500 loss=0.01643
  derivmatch lr=0.003 iter=1375/2500 loss=0.01456
  derivmatch lr=0.003 iter=1500/2500 loss=0.01023
  derivmatch lr=0.003 iter=1625/2500 loss=0.009388
  derivmatch lr=0.003 iter=1750/2500 loss=0.008743
  derivmatch lr=0.003 iter=1875/2500 loss=0.008351
  derivmatch lr=0.003 iter=2000/2500 loss=0.007958
  derivmatch lr=0.003 iter=2125/2500 loss=0.007685
  derivmatch lr=0.003 iter=2250/2500 loss=0.007339
  derivmatch lr=0.003 iter=2375/2500 loss=0.007093
  derivmatch lr=0.003 iter=2500/2500 loss=0.006769
  derivmatch lr=0.003 iter=2500/2500 loss=0.006769
  derivmatch lr=0.001 iter=125/2500 loss=0.00619
  derivmatch lr=0.001 iter=250/2500 loss=0.006097
  derivmatch lr=0.001 iter=375/2500 loss=0.005993
  derivmatch lr=0.001 iter=500/2500 loss=0.005874
  derivmatch lr=0.001 iter=625/2500 loss=0.00574
  derivmatch lr=0.001 iter=750/2500 loss=0.005594
  derivmatch lr=0.001 iter=875/2500 loss=0.005438
  derivmatch lr=0.001 iter=1000/2500 loss=0.005272
  derivmatch lr=0.001 iter=1125/2500 loss=0.005109
  derivmatch lr=0.001 iter=1250/2500 loss=0.004944
  derivmatch lr=0.001 iter=1375/2500 loss=0.004779
  derivmatch lr=0.001 iter=1500/2500 loss=0.004618
  derivmatch lr=0.001 iter=1625/2500 loss=0.004471
  derivmatch lr=0.001 iter=1750/2500 loss=0.004312
  derivmatch lr=0.001 iter=1875/2500 loss=0.004148
  derivmatch lr=0.001 iter=2000/2500 loss=0.00408
  derivmatch lr=0.001 iter=2125/2500 loss=0.003872
  derivmatch lr=0.001 iter=2250/2500 loss=0.004053
  derivmatch lr=0.001 iter=2375/2500 loss=0.003523
  derivmatch lr=0.001 iter=2500/2500 loss=0.003368
  derivmatch lr=0.001 iter=2500/2500 loss=0.003367
  derivmatch lr=0.0003 iter=80/1600 loss=0.003318
  derivmatch lr=0.0003 iter=160/1600 loss=0.003292
  derivmatch lr=0.0003 iter=240/1600 loss=0.003262
  derivmatch lr=0.0003 iter=320/1600 loss=0.003224
  derivmatch lr=0.0003 iter=400/1600 loss=0.003178
  derivmatch lr=0.0003 iter=480/1600 loss=0.003097
  derivmatch lr=0.0003 iter=560/1600 loss=0.003
  derivmatch lr=0.0003 iter=640/1600 loss=0.002951
  derivmatch lr=0.0003 iter=720/1600 loss=0.0029
  derivmatch lr=0.0003 iter=800/1600 loss=0.002847
  derivmatch lr=0.0003 iter=880/1600 loss=0.002792
  derivmatch lr=0.0003 iter=960/1600 loss=0.002735
  derivmatch lr=0.0003 iter=1040/1600 loss=0.002676
  derivmatch lr=0.0003 iter=1120/1600 loss=0.002621
  derivmatch lr=0.0003 iter=1200/1600 loss=0.002563
  derivmatch lr=0.0003 iter=1280/1600 loss=0.002513
  derivmatch lr=0.0003 iter=1360/1600 loss=0.002473
  derivmatch lr=0.0003 iter=1440/1600 loss=0.002407
  derivmatch lr=0.0003 iter=1520/1600 loss=0.002362
  derivmatch lr=0.0003 iter=1600/1600 loss=0.002314
  derivmatch lr=0.0003 iter=1600/1600 loss=0.002311
derivative matching [28s]  fitloss=0.00231
  rollout FAILED: Unstable at t=4.007743746485985 of 15.0
  [derivative matching]  nrmse=Inf  l2=Inf
  shooting iter=50/1000 loss=0.1207
  shooting iter=100/1000 loss=0.124
  shooting iter=150/1000 loss=0.124
  shooting iter=200/1000 loss=0.124
  shooting iter=250/1000 loss=0.124
  shooting iter=300/1000 loss=0.124
  shooting iter=350/1000 loss=0.124
  shooting iter=400/1000 loss=0.124
  shooting iter=450/1000 loss=0.124
  shooting iter=500/1000 loss=0.124
  shooting iter=550/1000 loss=0.124
  shooting iter=600/1000 loss=0.124
  shooting iter=650/1000 loss=0.124
  shooting iter=700/1000 loss=0.124
  shooting iter=750/1000 loss=0.124
  shooting iter=800/1000 loss=0.124
  shooting iter=850/1000 loss=0.124
  shooting iter=900/1000 loss=0.124
  shooting iter=950/1000 loss=0.124
  shooting iter=1000/1000 loss=0.124
  shooting iter=1000/1000 loss=0.1054
shooting [1870s]  loss=0.105
  [final]  nrmse=0.2062  l2=5.429
extrapolation window: T=15.0 -> T_test=30.0  n_test=600
  [train]  E_traj=0.09901  E_VF=2.889  E_spec=0.5368
  [test ]  E_traj=NaN  E_VF=NaN  E_spec=NaN
saved /orcd/home/002/txenakis/projects/BVPsolver/src/../data/runs/run_QEbtwtUh/davis-skodje_fit.png
saved /orcd/home/002/txenakis/projects/BVPsolver/src/../data/runs/run_QEbtwtUh/davis-skodje_fit_extrapolated.png
saved /orcd/home/002/txenakis/projects/BVPsolver/src/../data/runs/run_QEbtwtUh/davis-skodje_spectral_fit_extrapolated.png
saved /orcd/home/002/txenakis/projects/BVPsolver/src/../data/runs/run_QEbtwtUh/davis-skodje_vf_fit_extrapolated.png
┌ Warning: Attempting to store StiffNN.var"#22#23"{Float64}.
│ JLD2 only stores functions by name.
│  This may not be useful for anonymous functions.
└ @ JLD2 ~/.julia/packages/JLD2/ADycq/src/data/writing_datatypes.jl:447
saved run → /orcd/home/002/txenakis/projects/BVPsolver/src/../data/runs/run_QEbtwtUh
