orego  model=GELU-scaled d=3 tlen=112 profile=fast seed=15  solver=Rodas5  N=188
  derivmatch lr=0.01 iter=170/3400 loss=10.8
  derivmatch lr=0.01 iter=340/3400 loss=10.39
  derivmatch lr=0.01 iter=510/3400 loss=13.89
  derivmatch lr=0.01 iter=680/3400 loss=9.271
  derivmatch lr=0.01 iter=850/3400 loss=8.284
  derivmatch lr=0.01 iter=1020/3400 loss=7.984
  derivmatch lr=0.01 iter=1190/3400 loss=7.865
  derivmatch lr=0.01 iter=1360/3400 loss=7.09
  derivmatch lr=0.01 iter=1530/3400 loss=6.788
  derivmatch lr=0.01 iter=1700/3400 loss=6.645
  derivmatch lr=0.01 iter=1870/3400 loss=6.548
  derivmatch lr=0.01 iter=2040/3400 loss=6.454
  derivmatch lr=0.01 iter=2210/3400 loss=6.387
  derivmatch lr=0.01 iter=2380/3400 loss=6.335
  derivmatch lr=0.01 iter=2550/3400 loss=6.285
  derivmatch lr=0.01 iter=2720/3400 loss=6.242
  derivmatch lr=0.01 iter=2890/3400 loss=6.208
  derivmatch lr=0.01 iter=3060/3400 loss=6.179
  derivmatch lr=0.01 iter=3230/3400 loss=6.252
  derivmatch lr=0.01 iter=3400/3400 loss=10.0
  derivmatch lr=0.01 iter=3400/3400 loss=6.154
  derivmatch lr=0.003 iter=125/2500 loss=6.229
  derivmatch lr=0.003 iter=250/2500 loss=7.309
  derivmatch lr=0.003 iter=375/2500 loss=6.991
  derivmatch lr=0.003 iter=500/2500 loss=7.894
  derivmatch lr=0.003 iter=625/2500 loss=4.945
  derivmatch lr=0.003 iter=750/2500 loss=4.786
  derivmatch lr=0.003 iter=875/2500 loss=4.845
  derivmatch lr=0.003 iter=1000/2500 loss=4.785
  derivmatch lr=0.003 iter=1125/2500 loss=4.726
  derivmatch lr=0.003 iter=1250/2500 loss=4.693
  derivmatch lr=0.003 iter=1375/2500 loss=4.673
  derivmatch lr=0.003 iter=1500/2500 loss=5.065
  derivmatch lr=0.003 iter=1625/2500 loss=5.276
  derivmatch lr=0.003 iter=1750/2500 loss=5.236
  derivmatch lr=0.003 iter=1875/2500 loss=5.202
  derivmatch lr=0.003 iter=2000/2500 loss=5.142
  derivmatch lr=0.003 iter=2125/2500 loss=5.093
  derivmatch lr=0.003 iter=2250/2500 loss=5.074
  derivmatch lr=0.003 iter=2375/2500 loss=5.056
  derivmatch lr=0.003 iter=2500/2500 loss=5.034
  derivmatch lr=0.003 iter=2500/2500 loss=4.665
  derivmatch lr=0.001 iter=125/2500 loss=4.659
  derivmatch lr=0.001 iter=250/2500 loss=4.648
  derivmatch lr=0.001 iter=375/2500 loss=4.61
  derivmatch lr=0.001 iter=500/2500 loss=9.946
  derivmatch lr=0.001 iter=625/2500 loss=5.561
  derivmatch lr=0.001 iter=750/2500 loss=5.539
  derivmatch lr=0.001 iter=875/2500 loss=5.526
  derivmatch lr=0.001 iter=1000/2500 loss=5.513
  derivmatch lr=0.001 iter=1125/2500 loss=5.501
  derivmatch lr=0.001 iter=1250/2500 loss=5.488
  derivmatch lr=0.001 iter=1375/2500 loss=5.474
  derivmatch lr=0.001 iter=1500/2500 loss=5.456
  derivmatch lr=0.001 iter=1625/2500 loss=5.422
  derivmatch lr=0.001 iter=1750/2500 loss=5.329
  derivmatch lr=0.001 iter=1875/2500 loss=5.297
  derivmatch lr=0.001 iter=2000/2500 loss=5.251
  derivmatch lr=0.001 iter=2125/2500 loss=5.231
  derivmatch lr=0.001 iter=2250/2500 loss=5.217
  derivmatch lr=0.001 iter=2375/2500 loss=5.208
  derivmatch lr=0.001 iter=2500/2500 loss=5.199
  derivmatch lr=0.001 iter=2500/2500 loss=4.485
  derivmatch lr=0.0003 iter=80/1600 loss=4.459
  derivmatch lr=0.0003 iter=160/1600 loss=4.439
  derivmatch lr=0.0003 iter=240/1600 loss=4.422
  derivmatch lr=0.0003 iter=320/1600 loss=4.415
  derivmatch lr=0.0003 iter=400/1600 loss=4.403
  derivmatch lr=0.0003 iter=480/1600 loss=4.395
  derivmatch lr=0.0003 iter=560/1600 loss=4.387
  derivmatch lr=0.0003 iter=640/1600 loss=4.378
  derivmatch lr=0.0003 iter=720/1600 loss=4.369
  derivmatch lr=0.0003 iter=800/1600 loss=4.354
  derivmatch lr=0.0003 iter=880/1600 loss=4.34
  derivmatch lr=0.0003 iter=960/1600 loss=4.33
  derivmatch lr=0.0003 iter=1040/1600 loss=4.32
  derivmatch lr=0.0003 iter=1120/1600 loss=4.31
  derivmatch lr=0.0003 iter=1200/1600 loss=4.301
  derivmatch lr=0.0003 iter=1280/1600 loss=4.293
  derivmatch lr=0.0003 iter=1360/1600 loss=4.291
  derivmatch lr=0.0003 iter=1440/1600 loss=4.28
  derivmatch lr=0.0003 iter=1520/1600 loss=4.273
  derivmatch lr=0.0003 iter=1600/1600 loss=4.266
  derivmatch lr=0.0003 iter=1600/1600 loss=4.266
derivative matching [28s]  fitloss=4.27
  [derivative matching]  nrmse=0.4264  l2=485900.0
  collocation: M=127 residuals=1470  detecting sparsity + solving...

Algorithm: LevenbergMarquardt(
    trustregion = LevenbergMarquardtTrustRegion(
        β_uphill = 0.0
    ),
    descent = GeodesicAcceleration(
        descent = DampedNewtonDescent(
            linsolve = KLUFactorization(
                reuse_symbolic = true,
                check_pattern = true
            ),
            initial_damping = 1.0,
            damping_fn = LevenbergMarquardtDampingFunction(
                increase_factor = 2.0,
                decrease_factor = 3.0,
                min_damping = 1.0e-8
            ),
            min_norm_mode = :auto
        ),
        finite_diff_step_geodesic = 0.1,
        α = 0.75
    ),
    autodiff = AutoForwardDiff(),
    vjp_autodiff = AutoFiniteDiff(
        fdtype = Val{:forward}(),
        fdjtype = Val{:forward}(),
        fdhtype = Val{:hcentral}(),
        dir = true
    ),
    jvp_autodiff = AutoForwardDiff(),
    concrete_jac = Val{true}()
)

----    	-------------       	-----------         
Iter    	f(u) 2-norm         	Step 2-norm         
----    	-------------       	-----------         
0       	9.42730458e+02      	NaN                 
1       	9.42730458e+02      	0.00000000e+00      
8       	9.15590533e+02      	3.47084346e-01      
15      	6.97208793e+03      	0.00000000e+00      
22      	1.17251239e+03      	9.70493361e-01      
29      	6.54897253e+02      	0.00000000e+00      
36      	5.50183627e+02      	2.27535118e-01      
43      	3.63316578e+02      	2.25253460e+00      
50      	2.05264778e+02      	0.00000000e+00      
57      	1.87691228e+02      	1.42287007e-01      
64      	1.75137602e+02      	0.00000000e+00      
71      	1.64014556e+02      	0.00000000e+00      
78      	1.56645971e+02      	0.00000000e+00      
85      	1.54549890e+02      	1.18657102e-02      
92      	1.34585212e+02      	0.00000000e+00      
99      	1.33335022e+02      	5.93513997e-02      
106     	1.28836028e+02      	1.28753623e-01      
113     	1.03042338e+02      	0.00000000e+00      
120     	3.97460356e+01      	0.00000000e+00      
127     	3.97460356e+01      	0.00000000e+00      
134     	3.94910336e+01      	1.61168865e-02      
141     	4.14604123e+01      	0.00000000e+00      
148     	3.95174459e+01      	6.89947878e-02      
Final   	3.92542300e+01      
----------------------      
  AMR 1/1: M=127  err=1430.0  obs=0.0141  nrmse=0.423  best=0.423  refined=0
collocation [21s]
  [final]  nrmse=0.4232  l2=486200.0
extrapolation window: T=180.0 -> T_test=360.0  n_test=224
  [train]  E_traj=0.9388  E_VF=0.8551  E_spec=5.068
  [test ]  E_traj=3.076  E_VF=0.9442  E_spec=35.46
saved /orcd/home/002/txenakis/projects/BVPsolver/src/../data/runs/run_BrqJ26tq/orego_fit.png
saved /orcd/home/002/txenakis/projects/BVPsolver/src/../data/runs/run_BrqJ26tq/orego_fit_extrapolated.png
saved /orcd/home/002/txenakis/projects/BVPsolver/src/../data/runs/run_BrqJ26tq/orego_spectral_fit_extrapolated.png
saved /orcd/home/002/txenakis/projects/BVPsolver/src/../data/runs/run_BrqJ26tq/orego_vf_fit_extrapolated.png
┌ Warning: Attempting to store StiffNN.var"#20#21"{Float64, Float64, Float64}.
│ JLD2 only stores functions by name.
│  This may not be useful for anonymous functions.
└ @ JLD2 ~/.julia/packages/JLD2/ADycq/src/data/writing_datatypes.jl:447
saved run → /orcd/home/002/txenakis/projects/BVPsolver/src/../data/runs/run_BrqJ26tq
