davis-skodje  model=stiff width=12 d=2 tlen=300 profile=fast seed=121  solver=Rodas5P  N=268
  derivmatch lr=0.01 iter=170/3400 loss=0.07826
  derivmatch lr=0.01 iter=340/3400 loss=0.03858
  derivmatch lr=0.01 iter=510/3400 loss=0.02688
  derivmatch lr=0.01 iter=680/3400 loss=0.01987
  derivmatch lr=0.01 iter=850/3400 loss=0.01336
  derivmatch lr=0.01 iter=1020/3400 loss=0.008092
  derivmatch lr=0.01 iter=1190/3400 loss=0.005502
  derivmatch lr=0.01 iter=1360/3400 loss=0.003996
  derivmatch lr=0.01 iter=1530/3400 loss=0.002911
  derivmatch lr=0.01 iter=1700/3400 loss=0.00211
  derivmatch lr=0.01 iter=1870/3400 loss=0.001533
  derivmatch lr=0.01 iter=2040/3400 loss=0.001124
  derivmatch lr=0.01 iter=2210/3400 loss=0.0008322
  derivmatch lr=0.01 iter=2380/3400 loss=0.0006223
  derivmatch lr=0.01 iter=2550/3400 loss=0.0004726
  derivmatch lr=0.01 iter=2720/3400 loss=0.0003707
  derivmatch lr=0.01 iter=2890/3400 loss=0.0003053
  derivmatch lr=0.01 iter=3060/3400 loss=0.0002641
  derivmatch lr=0.01 iter=3230/3400 loss=0.0002365
  derivmatch lr=0.01 iter=3400/3400 loss=0.0002158
  derivmatch lr=0.01 iter=3400/3400 loss=0.0002158
  derivmatch lr=0.003 iter=125/2500 loss=0.0001694
  derivmatch lr=0.003 iter=250/2500 loss=0.0001273
  derivmatch lr=0.003 iter=375/2500 loss=8.48e-5
  derivmatch lr=0.003 iter=500/2500 loss=4.685e-5
  derivmatch lr=0.003 iter=625/2500 loss=3.076e-5
  derivmatch lr=0.003 iter=750/2500 loss=2.452e-5
  derivmatch lr=0.003 iter=875/2500 loss=2.116e-5
  derivmatch lr=0.003 iter=1000/2500 loss=1.914e-5
  derivmatch lr=0.003 iter=1125/2500 loss=1.745e-5
  derivmatch lr=0.003 iter=1250/2500 loss=1.568e-5
  derivmatch lr=0.003 iter=1375/2500 loss=1.413e-5
  derivmatch lr=0.003 iter=1500/2500 loss=1.275e-5
  derivmatch lr=0.003 iter=1625/2500 loss=1.153e-5
  derivmatch lr=0.003 iter=1750/2500 loss=1.417e-5
  derivmatch lr=0.003 iter=1875/2500 loss=9.808e-6
  derivmatch lr=0.003 iter=2000/2500 loss=9.152e-6
  derivmatch lr=0.003 iter=2125/2500 loss=1.104e-5
  derivmatch lr=0.003 iter=2250/2500 loss=8.103e-6
  derivmatch lr=0.003 iter=2375/2500 loss=7.679e-6
  derivmatch lr=0.003 iter=2500/2500 loss=7.283e-6
  derivmatch lr=0.003 iter=2500/2500 loss=7.283e-6
  derivmatch lr=0.001 iter=125/2500 loss=7.004e-6
  derivmatch lr=0.001 iter=250/2500 loss=6.797e-6
  derivmatch lr=0.001 iter=375/2500 loss=6.584e-6
  derivmatch lr=0.001 iter=500/2500 loss=6.363e-6
  derivmatch lr=0.001 iter=625/2500 loss=6.157e-6
  derivmatch lr=0.001 iter=750/2500 loss=5.964e-6
  derivmatch lr=0.001 iter=875/2500 loss=5.806e-6
  derivmatch lr=0.001 iter=1000/2500 loss=5.628e-6
  derivmatch lr=0.001 iter=1125/2500 loss=5.473e-6
  derivmatch lr=0.001 iter=1250/2500 loss=5.342e-6
  derivmatch lr=0.001 iter=1375/2500 loss=5.216e-6
  derivmatch lr=0.001 iter=1500/2500 loss=5.372e-6
  derivmatch lr=0.001 iter=1625/2500 loss=4.999e-6
  derivmatch lr=0.001 iter=1750/2500 loss=4.9e-6
  derivmatch lr=0.001 iter=1875/2500 loss=4.814e-6
  derivmatch lr=0.001 iter=2000/2500 loss=4.735e-6
  derivmatch lr=0.001 iter=2125/2500 loss=4.657e-6
  derivmatch lr=0.001 iter=2250/2500 loss=4.614e-6
  derivmatch lr=0.001 iter=2375/2500 loss=4.518e-6
  derivmatch lr=0.001 iter=2500/2500 loss=4.451e-6
  derivmatch lr=0.001 iter=2500/2500 loss=4.451e-6
  derivmatch lr=0.0003 iter=80/1600 loss=4.424e-6
  derivmatch lr=0.0003 iter=160/1600 loss=4.407e-6
  derivmatch lr=0.0003 iter=240/1600 loss=4.388e-6
  derivmatch lr=0.0003 iter=320/1600 loss=4.366e-6
  derivmatch lr=0.0003 iter=400/1600 loss=4.341e-6
  derivmatch lr=0.0003 iter=480/1600 loss=4.314e-6
  derivmatch lr=0.0003 iter=560/1600 loss=4.284e-6
  derivmatch lr=0.0003 iter=640/1600 loss=4.253e-6
  derivmatch lr=0.0003 iter=720/1600 loss=4.219e-6
  derivmatch lr=0.0003 iter=800/1600 loss=4.192e-6
  derivmatch lr=0.0003 iter=880/1600 loss=4.16e-6
  derivmatch lr=0.0003 iter=960/1600 loss=4.129e-6
  derivmatch lr=0.0003 iter=1040/1600 loss=4.098e-6
  derivmatch lr=0.0003 iter=1120/1600 loss=4.095e-6
  derivmatch lr=0.0003 iter=1200/1600 loss=4.039e-6
  derivmatch lr=0.0003 iter=1280/1600 loss=4.01e-6
  derivmatch lr=0.0003 iter=1360/1600 loss=3.98e-6
  derivmatch lr=0.0003 iter=1440/1600 loss=3.968e-6
  derivmatch lr=0.0003 iter=1520/1600 loss=3.923e-6
  derivmatch lr=0.0003 iter=1600/1600 loss=3.895e-6
  derivmatch lr=0.0003 iter=1600/1600 loss=3.895e-6
derivative matching [31s]  fitloss=3.9e-6
  [derivative matching]  nrmse=0.04954  l2=2.427
  shooting iter=50/1000 loss=0.006168
  shooting iter=100/1000 loss=0.0009119
  shooting iter=150/1000 loss=0.0007177
  shooting iter=200/1000 loss=0.0008236
  shooting iter=250/1000 loss=0.0006749
  shooting iter=300/1000 loss=0.000634
  shooting iter=350/1000 loss=0.0007082
  shooting iter=400/1000 loss=0.0005774
  shooting iter=450/1000 loss=0.0005919
  shooting iter=500/1000 loss=0.001212
  shooting iter=550/1000 loss=0.001048
  shooting iter=600/1000 loss=0.0002932
  shooting iter=650/1000 loss=0.001572
  shooting iter=700/1000 loss=0.000733
  shooting iter=750/1000 loss=0.0003172
  shooting iter=800/1000 loss=0.0006369
  shooting iter=850/1000 loss=0.0007535
  shooting iter=900/1000 loss=0.0009082
  shooting iter=950/1000 loss=0.0004694
  shooting iter=1000/1000 loss=0.000645
  shooting iter=1000/1000 loss=0.0001459
shooting [328s]  loss=0.000146
  [final]  nrmse=0.0002364  l2=0.01068
extrapolation window: T=15.0 -> T_test=30.0  n_test=600
  [train]  E_traj=1.512e-7  E_VF=9.03e-6  E_spec=0.3175
  [test ]  E_traj=1.605e7  E_VF=1.286e9  E_spec=0.4994
saved /orcd/home/002/txenakis/projects/BVPsolver/src/../data/runs/run_dNxbwXCn/davis-skodje_fit.png
saved /orcd/home/002/txenakis/projects/BVPsolver/src/../data/runs/run_dNxbwXCn/davis-skodje_fit_extrapolated.png
saved /orcd/home/002/txenakis/projects/BVPsolver/src/../data/runs/run_dNxbwXCn/davis-skodje_spectral_fit_extrapolated.png
saved /orcd/home/002/txenakis/projects/BVPsolver/src/../data/runs/run_dNxbwXCn/davis-skodje_vf_fit_extrapolated.png
┌ Warning: Attempting to store StiffNN.var"#22#23"{Float64}.
│ JLD2 only stores functions by name.
│  This may not be useful for anonymous functions.
└ @ JLD2 ~/.julia/packages/JLD2/ADycq/src/data/writing_datatypes.jl:447
saved run → /orcd/home/002/txenakis/projects/BVPsolver/src/../data/runs/run_dNxbwXCn
