orego  model=GELU-scaled width=9 d=3 tlen=112 profile=fast seed=134  solver=Rodas5  N=516
  derivmatch lr=0.01 iter=170/3400 loss=8.333
  derivmatch lr=0.01 iter=340/3400 loss=6.282
  derivmatch lr=0.01 iter=510/3400 loss=2.597
  derivmatch lr=0.01 iter=680/3400 loss=2.742
  derivmatch lr=0.01 iter=850/3400 loss=3.202
  derivmatch lr=0.01 iter=1020/3400 loss=2.805
  derivmatch lr=0.01 iter=1190/3400 loss=2.12
  derivmatch lr=0.01 iter=1360/3400 loss=2.83
  derivmatch lr=0.01 iter=1530/3400 loss=1.781
  derivmatch lr=0.01 iter=1700/3400 loss=2.257
  derivmatch lr=0.01 iter=1870/3400 loss=2.113
  derivmatch lr=0.01 iter=2040/3400 loss=2.051
  derivmatch lr=0.01 iter=2210/3400 loss=1.556
  derivmatch lr=0.01 iter=2380/3400 loss=1.611
  derivmatch lr=0.01 iter=2550/3400 loss=1.729
  derivmatch lr=0.01 iter=2720/3400 loss=1.44
  derivmatch lr=0.01 iter=2890/3400 loss=1.383
  derivmatch lr=0.01 iter=3060/3400 loss=1.33
  derivmatch lr=0.01 iter=3230/3400 loss=1.2
  derivmatch lr=0.01 iter=3400/3400 loss=1.42
  derivmatch lr=0.01 iter=3400/3400 loss=1.054
  derivmatch lr=0.003 iter=125/2500 loss=1.011
  derivmatch lr=0.003 iter=250/2500 loss=0.9445
  derivmatch lr=0.003 iter=375/2500 loss=1.221
  derivmatch lr=0.003 iter=500/2500 loss=1.016
  derivmatch lr=0.003 iter=625/2500 loss=0.8238
  derivmatch lr=0.003 iter=750/2500 loss=0.8344
  derivmatch lr=0.003 iter=875/2500 loss=0.8014
  derivmatch lr=0.003 iter=1000/2500 loss=0.7698
  derivmatch lr=0.003 iter=1125/2500 loss=0.9926
  derivmatch lr=0.003 iter=1250/2500 loss=1.012
  derivmatch lr=0.003 iter=1375/2500 loss=0.8294
  derivmatch lr=0.003 iter=1500/2500 loss=0.7326
  derivmatch lr=0.003 iter=1625/2500 loss=0.9034
  derivmatch lr=0.003 iter=1750/2500 loss=0.7398
  derivmatch lr=0.003 iter=1875/2500 loss=0.6874
  derivmatch lr=0.003 iter=2000/2500 loss=0.654
  derivmatch lr=0.003 iter=2125/2500 loss=0.6241
  derivmatch lr=0.003 iter=2250/2500 loss=3.728
  derivmatch lr=0.003 iter=2375/2500 loss=3.592
  derivmatch lr=0.003 iter=2500/2500 loss=3.501
  derivmatch lr=0.003 iter=2500/2500 loss=0.5514
  derivmatch lr=0.001 iter=125/2500 loss=0.5135
  derivmatch lr=0.001 iter=250/2500 loss=0.4816
  derivmatch lr=0.001 iter=375/2500 loss=0.44
  derivmatch lr=0.001 iter=500/2500 loss=0.5285
  derivmatch lr=0.001 iter=625/2500 loss=0.5433
  derivmatch lr=0.001 iter=750/2500 loss=0.379
  derivmatch lr=0.001 iter=875/2500 loss=0.3695
  derivmatch lr=0.001 iter=1000/2500 loss=0.3614
  derivmatch lr=0.001 iter=1125/2500 loss=0.354
  derivmatch lr=0.001 iter=1250/2500 loss=0.3617
  derivmatch lr=0.001 iter=1375/2500 loss=0.4072
  derivmatch lr=0.001 iter=1500/2500 loss=0.3646
  derivmatch lr=0.001 iter=1625/2500 loss=0.5122
  derivmatch lr=0.001 iter=1750/2500 loss=0.4526
  derivmatch lr=0.001 iter=1875/2500 loss=0.4569
  derivmatch lr=0.001 iter=2000/2500 loss=0.3444
  derivmatch lr=0.001 iter=2125/2500 loss=0.3324
  derivmatch lr=0.001 iter=2250/2500 loss=0.4311
  derivmatch lr=0.001 iter=2375/2500 loss=0.3777
  derivmatch lr=0.001 iter=2500/2500 loss=0.3995
  derivmatch lr=0.001 iter=2500/2500 loss=0.3272
  derivmatch lr=0.0003 iter=80/1600 loss=0.2885
  derivmatch lr=0.0003 iter=160/1600 loss=0.3032
  derivmatch lr=0.0003 iter=240/1600 loss=0.2986
  derivmatch lr=0.0003 iter=320/1600 loss=0.2944
  derivmatch lr=0.0003 iter=400/1600 loss=0.2921
  derivmatch lr=0.0003 iter=480/1600 loss=0.2898
  derivmatch lr=0.0003 iter=560/1600 loss=0.3077
  derivmatch lr=0.0003 iter=640/1600 loss=0.2876
  derivmatch lr=0.0003 iter=720/1600 loss=0.2857
  derivmatch lr=0.0003 iter=800/1600 loss=0.2844
  derivmatch lr=0.0003 iter=880/1600 loss=0.2831
  derivmatch lr=0.0003 iter=960/1600 loss=0.2818
  derivmatch lr=0.0003 iter=1040/1600 loss=0.2808
  derivmatch lr=0.0003 iter=1120/1600 loss=0.2836
  derivmatch lr=0.0003 iter=1200/1600 loss=0.2866
  derivmatch lr=0.0003 iter=1280/1600 loss=0.2775
  derivmatch lr=0.0003 iter=1360/1600 loss=0.2761
  derivmatch lr=0.0003 iter=1440/1600 loss=0.275
  derivmatch lr=0.0003 iter=1520/1600 loss=0.2738
  derivmatch lr=0.0003 iter=1600/1600 loss=0.2725
  derivmatch lr=0.0003 iter=1600/1600 loss=0.2725
derivative matching [26s]  fitloss=0.273
  rollout FAILED: Unstable at t=10.03079079858028 of 180.0
  [derivative matching]  nrmse=Inf  l2=Inf
  rollout FAILED: Unstable at t=10.03079079858028 of 180.0
  collocation: M=127 residuals=1470  detecting sparsity + solving...

Algorithm: LevenbergMarquardt(
    trustregion = LevenbergMarquardtTrustRegion(
        β_uphill = 0.0
    ),
    descent = GeodesicAcceleration(
        descent = DampedNewtonDescent(
            linsolve = KLUFactorization(
                reuse_symbolic = true,
                check_pattern = true
            ),
            initial_damping = 1.0,
            damping_fn = LevenbergMarquardtDampingFunction(
                increase_factor = 2.0,
                decrease_factor = 3.0,
                min_damping = 1.0e-8
            ),
            min_norm_mode = :auto
        ),
        finite_diff_step_geodesic = 0.1,
        α = 0.75
    ),
    autodiff = AutoForwardDiff(),
    vjp_autodiff = AutoFiniteDiff(
        fdtype = Val{:forward}(),
        fdjtype = Val{:forward}(),
        fdhtype = Val{:hcentral}(),
        dir = true
    ),
    jvp_autodiff = AutoForwardDiff(),
    concrete_jac = Val{true}()
)

----    	-------------       	-----------         
Iter    	f(u) 2-norm         	Step 2-norm         
----    	-------------       	-----------         
0       	8.70369021e+02      	2.91029722e-309     
1       	8.70369021e+02      	0.00000000e+00      
8       	8.88785676e+02      	0.00000000e+00      
15      	1.66541851e+03      	0.00000000e+00      
22      	1.67020031e+03      	1.03753788e-03      
29      	1.73512751e+03      	0.00000000e+00      
36      	2.00383271e+03      	0.00000000e+00      
43      	2.67102503e+04      	0.00000000e+00      
50      	2.50800435e+04      	0.00000000e+00      
57      	2.01939624e+04      	0.00000000e+00      
64      	2.29634548e+03      	2.66695064e-02      
71      	1.30069445e+03      	0.00000000e+00      
78      	1.29602386e+03      	0.00000000e+00      
85      	1.29239664e+03      	0.00000000e+00      
92      	1.27957893e+03      	6.49450856e-04      
99      	1.26163237e+03      	1.02646333e-03      
106     	1.25374629e+03      	2.93467966e-04      
113     	1.16304250e+03      	2.76102799e-03      
120     	1.16304250e+03      	0.00000000e+00      
127     	1.14865301e+03      	0.00000000e+00      
134     	1.10686463e+03      	5.88421959e-04      
141     	1.07505914e+03      	0.00000000e+00      
148     	1.05538633e+03      	0.00000000e+00      
Final   	8.68755331e+02      
----------------------      
  rollout FAILED: Unstable at t=10.03079079858028 of 180.0
  AMR 1/1: M=127  err=278000.0  obs=0.000151  nrmse=Inf  best=Inf  refined=0
 derivative matching was best (1/1 rounds ran)
collocation [65s]
  rollout FAILED: Unstable at t=10.03079079858028 of 180.0
  [final]  nrmse=Inf  l2=Inf
extrapolation window: T=180.0 -> T_test=360.0  n_test=224
  [train]  E_traj=NaN  E_VF=NaN  E_spec=NaN
  [test ]  E_traj=NaN  E_VF=NaN  E_spec=NaN
saved /orcd/home/002/txenakis/projects/BVPsolver/src/../data/runs/run_2gKT1peU/orego_fit.png
saved /orcd/home/002/txenakis/projects/BVPsolver/src/../data/runs/run_2gKT1peU/orego_fit_extrapolated.png
saved /orcd/home/002/txenakis/projects/BVPsolver/src/../data/runs/run_2gKT1peU/orego_spectral_fit_extrapolated.png
saved /orcd/home/002/txenakis/projects/BVPsolver/src/../data/runs/run_2gKT1peU/orego_vf_fit_extrapolated.png
┌ Warning: Attempting to store StiffNN.var"#20#21"{Float64, Float64, Float64}.
│ JLD2 only stores functions by name.
│  This may not be useful for anonymous functions.
└ @ JLD2 ~/.julia/packages/JLD2/ADycq/src/data/writing_datatypes.jl:447
saved run → /orcd/home/002/txenakis/projects/BVPsolver/src/../data/runs/run_2gKT1peU
