davis-skodje  model=mlp width=14 d=2 tlen=300 profile=fast seed=103  solver=Rodas5P  N=282
  derivmatch lr=0.01 iter=170/3400 loss=5.411
  derivmatch lr=0.01 iter=340/3400 loss=3.366
  derivmatch lr=0.01 iter=510/3400 loss=2.522
  derivmatch lr=0.01 iter=680/3400 loss=2.729
  derivmatch lr=0.01 iter=850/3400 loss=2.839
  derivmatch lr=0.01 iter=1020/3400 loss=1.32
  derivmatch lr=0.01 iter=1190/3400 loss=1.214
  derivmatch lr=0.01 iter=1360/3400 loss=1.258
  derivmatch lr=0.01 iter=1530/3400 loss=1.359
  derivmatch lr=0.01 iter=1700/3400 loss=0.8194
  derivmatch lr=0.01 iter=1870/3400 loss=0.9709
  derivmatch lr=0.01 iter=2040/3400 loss=0.9074
  derivmatch lr=0.01 iter=2210/3400 loss=0.7851
  derivmatch lr=0.01 iter=2380/3400 loss=0.9174
  derivmatch lr=0.01 iter=2550/3400 loss=0.7297
  derivmatch lr=0.01 iter=2720/3400 loss=1.046
  derivmatch lr=0.01 iter=2890/3400 loss=0.7984
  derivmatch lr=0.01 iter=3060/3400 loss=0.5442
  derivmatch lr=0.01 iter=3230/3400 loss=0.685
  derivmatch lr=0.01 iter=3400/3400 loss=0.6356
  derivmatch lr=0.01 iter=3400/3400 loss=0.4461
  derivmatch lr=0.003 iter=125/2500 loss=0.416
  derivmatch lr=0.003 iter=250/2500 loss=0.3918
  derivmatch lr=0.003 iter=375/2500 loss=0.3656
  derivmatch lr=0.003 iter=500/2500 loss=0.3457
  derivmatch lr=0.003 iter=625/2500 loss=0.3229
  derivmatch lr=0.003 iter=750/2500 loss=0.3075
  derivmatch lr=0.003 iter=875/2500 loss=0.2887
  derivmatch lr=0.003 iter=1000/2500 loss=0.2773
  derivmatch lr=0.003 iter=1125/2500 loss=0.2619
  derivmatch lr=0.003 iter=1250/2500 loss=0.2534
  derivmatch lr=0.003 iter=1375/2500 loss=0.2405
  derivmatch lr=0.003 iter=1500/2500 loss=0.2339
  derivmatch lr=0.003 iter=1625/2500 loss=0.2228
  derivmatch lr=0.003 iter=1750/2500 loss=0.2176
  derivmatch lr=0.003 iter=1875/2500 loss=0.2078
  derivmatch lr=0.003 iter=2000/2500 loss=0.2037
  derivmatch lr=0.003 iter=2125/2500 loss=0.1949
  derivmatch lr=0.003 iter=2250/2500 loss=0.1917
  derivmatch lr=0.003 iter=2375/2500 loss=0.1835
  derivmatch lr=0.003 iter=2500/2500 loss=0.1809
  derivmatch lr=0.003 iter=2500/2500 loss=0.1779
  derivmatch lr=0.001 iter=125/2500 loss=0.1717
  derivmatch lr=0.001 iter=250/2500 loss=0.1701
  derivmatch lr=0.001 iter=375/2500 loss=0.1681
  derivmatch lr=0.001 iter=500/2500 loss=0.1659
  derivmatch lr=0.001 iter=625/2500 loss=0.1661
  derivmatch lr=0.001 iter=750/2500 loss=0.161
  derivmatch lr=0.001 iter=875/2500 loss=0.1594
  derivmatch lr=0.001 iter=1000/2500 loss=0.1564
  derivmatch lr=0.001 iter=1125/2500 loss=0.1537
  derivmatch lr=0.001 iter=1250/2500 loss=0.1508
  derivmatch lr=0.001 iter=1375/2500 loss=0.1481
  derivmatch lr=0.001 iter=1500/2500 loss=0.1453
  derivmatch lr=0.001 iter=1625/2500 loss=0.1427
  derivmatch lr=0.001 iter=1750/2500 loss=0.14
  derivmatch lr=0.001 iter=1875/2500 loss=0.1376
  derivmatch lr=0.001 iter=2000/2500 loss=0.135
  derivmatch lr=0.001 iter=2125/2500 loss=0.1328
  derivmatch lr=0.001 iter=2250/2500 loss=0.1303
  derivmatch lr=0.001 iter=2375/2500 loss=0.1282
  derivmatch lr=0.001 iter=2500/2500 loss=0.126
  derivmatch lr=0.001 iter=2500/2500 loss=0.126
  derivmatch lr=0.0003 iter=80/1600 loss=0.1243
  derivmatch lr=0.0003 iter=160/1600 loss=0.124
  derivmatch lr=0.0003 iter=240/1600 loss=0.1236
  derivmatch lr=0.0003 iter=320/1600 loss=0.1231
  derivmatch lr=0.0003 iter=400/1600 loss=0.1226
  derivmatch lr=0.0003 iter=480/1600 loss=0.1221
  derivmatch lr=0.0003 iter=560/1600 loss=0.1215
  derivmatch lr=0.0003 iter=640/1600 loss=0.1209
  derivmatch lr=0.0003 iter=720/1600 loss=0.1202
  derivmatch lr=0.0003 iter=800/1600 loss=0.1195
  derivmatch lr=0.0003 iter=880/1600 loss=0.1188
  derivmatch lr=0.0003 iter=960/1600 loss=0.1181
  derivmatch lr=0.0003 iter=1040/1600 loss=0.1173
  derivmatch lr=0.0003 iter=1120/1600 loss=0.1167
  derivmatch lr=0.0003 iter=1200/1600 loss=0.1158
  derivmatch lr=0.0003 iter=1280/1600 loss=0.115
  derivmatch lr=0.0003 iter=1360/1600 loss=0.1143
  derivmatch lr=0.0003 iter=1440/1600 loss=0.1139
  derivmatch lr=0.0003 iter=1520/1600 loss=0.1129
  derivmatch lr=0.0003 iter=1600/1600 loss=0.1122
  derivmatch lr=0.0003 iter=1600/1600 loss=0.112
derivative matching [31s]  fitloss=0.112
  [derivative matching]  nrmse=0.04552  l2=2.224
  collocation: M=300 residuals=2394  detecting sparsity + solving...

Algorithm: LevenbergMarquardt(
    trustregion = LevenbergMarquardtTrustRegion(
        β_uphill = 0.0
    ),
    descent = GeodesicAcceleration(
        descent = DampedNewtonDescent(
            linsolve = KLUFactorization(
                reuse_symbolic = true,
                check_pattern = true
            ),
            initial_damping = 1.0,
            damping_fn = LevenbergMarquardtDampingFunction(
                increase_factor = 2.0,
                decrease_factor = 3.0,
                min_damping = 1.0e-8
            ),
            min_norm_mode = :auto
        ),
        finite_diff_step_geodesic = 0.1,
        α = 0.75
    ),
    autodiff = AutoForwardDiff(),
    vjp_autodiff = AutoFiniteDiff(
        fdtype = Val{:forward}(),
        fdjtype = Val{:forward}(),
        fdhtype = Val{:hcentral}(),
        dir = true
    ),
    jvp_autodiff = AutoForwardDiff(),
    concrete_jac = Val{true}()
)

----    	-------------       	-----------         
Iter    	f(u) 2-norm         	Step 2-norm         
----    	-------------       	-----------         
0       	2.95479338e+02      	1.43702216e-315     
1       	2.95479338e+02      	0.00000000e+00      
8       	2.44969535e+02      	0.00000000e+00      
15      	1.83679620e+02      	7.26676235e-01      
22      	1.96648501e+00      	4.42445210e-01      
29      	4.15278527e-02      	2.34994098e-02      
36      	6.10003547e-02      	1.81991797e-01      
43      	1.09892464e+02      	0.00000000e+00      
50      	7.74056951e+00      	1.02234717e+00      
57      	1.50051922e+01      	0.00000000e+00      
64      	1.30946052e+01      	1.08557968e+00      
71      	1.01900773e+01      	1.05694350e+00      
78      	1.01698159e+01      	0.00000000e+00      
85      	7.63306019e+00      	0.00000000e+00      
92      	6.72805078e+00      	0.00000000e+00      
99      	3.59908259e+00      	7.14155469e-01      
106     	2.40841146e+01      	2.70469398e+00      
113     	8.91547683e+00      	3.54176113e+00      
120     	3.93998430e+00      	1.16312237e+00      
127     	2.83971116e-02      	0.00000000e+00      
134     	4.52652619e+01      	0.00000000e+00      
141     	1.14014458e-01      	3.75268485e-01      
148     	5.05390091e+01      	1.98357668e+00      
Final   	2.13614417e-02      
----------------------      
  AMR 1/3: M=300  err=3.68e-5  obs=2.63e-6  nrmse=0.000101  best=0.000101  refined=11
  collocation: M=311 residuals=2460  detecting sparsity + solving...

Algorithm: LevenbergMarquardt(
    trustregion = LevenbergMarquardtTrustRegion(
        β_uphill = 0.0
    ),
    descent = GeodesicAcceleration(
        descent = DampedNewtonDescent(
            linsolve = KLUFactorization(
                reuse_symbolic = true,
                check_pattern = true
            ),
            initial_damping = 1.0,
            damping_fn = LevenbergMarquardtDampingFunction(
                increase_factor = 2.0,
                decrease_factor = 3.0,
                min_damping = 1.0e-8
            ),
            min_norm_mode = :auto
        ),
        finite_diff_step_geodesic = 0.1,
        α = 0.75
    ),
    autodiff = AutoForwardDiff(),
    vjp_autodiff = AutoFiniteDiff(
        fdtype = Val{:forward}(),
        fdjtype = Val{:forward}(),
        fdhtype = Val{:hcentral}(),
        dir = true
    ),
    jvp_autodiff = AutoForwardDiff(),
    concrete_jac = Val{true}()
)

----    	-------------       	-----------         
Iter    	f(u) 2-norm         	Step 2-norm         
----    	-------------       	-----------         
0       	2.84644101e+01      	3.48932171e-309     
1       	1.52561678e+01      	2.41877452e-02      
8       	1.38831033e-01      	4.90361153e-03      
15      	6.40628836e-04      	8.22674477e-04      
22      	2.31459914e-04      	1.97412537e-03      
29      	6.34135632e-03      	1.75436323e-01      
36      	7.86979329e-02      	0.00000000e+00      
43      	1.19444804e-02      	2.07007750e-01      
50      	4.58740394e-02      	0.00000000e+00      
57      	6.22965266e-03      	0.00000000e+00      
64      	4.43918012e-01      	0.00000000e+00      
71      	2.37128819e-02      	2.07345691e-01      
78      	1.65254993e-01      	5.88829530e-01      
85      	9.48521924e-03      	0.00000000e+00      
92      	7.86658789e-01      	0.00000000e+00      
99      	1.32805085e-03      	0.00000000e+00      
106     	7.77140603e-01      	7.04670321e-01      
113     	2.41088011e+00      	0.00000000e+00      
120     	3.63907430e+00      	0.00000000e+00      
127     	1.57922044e+00      	1.61652773e+00      
134     	5.39792747e-01      	0.00000000e+00      
141     	3.61136376e+00      	0.00000000e+00      
148     	3.36642609e-01      	0.00000000e+00      
Final   	1.00941916e-04      
----------------------      
  AMR 2/3: M=311  err=3.11e-10  obs=5.21e-7  nrmse=1.33e-5  best=1.33e-5  refined=22
  collocation: M=333 residuals=2592  detecting sparsity + solving...

Algorithm: LevenbergMarquardt(
    trustregion = LevenbergMarquardtTrustRegion(
        β_uphill = 0.0
    ),
    descent = GeodesicAcceleration(
        descent = DampedNewtonDescent(
            linsolve = KLUFactorization(
                reuse_symbolic = true,
                check_pattern = true
            ),
            initial_damping = 1.0,
            damping_fn = LevenbergMarquardtDampingFunction(
                increase_factor = 2.0,
                decrease_factor = 3.0,
                min_damping = 1.0e-8
            ),
            min_norm_mode = :auto
        ),
        finite_diff_step_geodesic = 0.1,
        α = 0.75
    ),
    autodiff = AutoForwardDiff(),
    vjp_autodiff = AutoFiniteDiff(
        fdtype = Val{:forward}(),
        fdjtype = Val{:forward}(),
        fdhtype = Val{:hcentral}(),
        dir = true
    ),
    jvp_autodiff = AutoForwardDiff(),
    concrete_jac = Val{true}()
)

----    	-------------       	-----------         
Iter    	f(u) 2-norm         	Step 2-norm         
----    	-------------       	-----------         
0       	2.32134425e+01      	3.43587850e-315     
1       	1.27378092e+01      	8.50469742e-03      
8       	1.63109162e-01      	3.55216780e-03      
15      	7.39262657e-04      	8.12423123e-04      
22      	1.68056111e-04      	1.73071363e-03      
29      	3.74212693e-05      	1.34920858e-02      
36      	1.70172492e-04      	0.00000000e+00      
43      	3.07722043e+00      	0.00000000e+00      
50      	3.13384620e+00      	0.00000000e+00      
57      	1.67824460e+00      	0.00000000e+00      
64      	2.79676613e+00      	9.15711542e-01      
71      	4.58020605e+00      	0.00000000e+00      
78      	2.09027057e-01      	0.00000000e+00      
85      	1.87238023e-04      	0.00000000e+00      
92      	9.76355006e-05      	2.26495852e-02      
99      	1.00914814e+00      	0.00000000e+00      
106     	7.30879285e-02      	3.82137254e-01      
113     	4.69816077e-01      	0.00000000e+00      
120     	8.84818031e-01      	0.00000000e+00      
127     	3.67486719e-03      	0.00000000e+00      
134     	7.20660846e-01      	8.59316395e-01      
141     	5.80184065e-01      	0.00000000e+00      
148     	9.04075882e-01      	0.00000000e+00      
Final   	3.43892240e-05      
----------------------      
  AMR 3/3: M=333  err=2.09e-11  obs=3.93e-7  nrmse=1.09e-5  best=1.09e-5  refined=0
collocation [169s]
  [final]  nrmse=1.092e-5  l2=0.0004336
extrapolation window: T=15.0 -> T_test=30.0  n_test=600
  [train]  E_traj=2.765e-10  E_VF=1.335e-5  E_spec=0.8954
  [test ]  E_traj=387.4  E_VF=8.866e6  E_spec=5.158
saved /orcd/home/002/txenakis/projects/BVPsolver/src/../data/runs/run_uh5tSTeo/davis-skodje_fit.png
saved /orcd/home/002/txenakis/projects/BVPsolver/src/../data/runs/run_uh5tSTeo/davis-skodje_fit_extrapolated.png
saved /orcd/home/002/txenakis/projects/BVPsolver/src/../data/runs/run_uh5tSTeo/davis-skodje_spectral_fit_extrapolated.png
saved /orcd/home/002/txenakis/projects/BVPsolver/src/../data/runs/run_uh5tSTeo/davis-skodje_vf_fit_extrapolated.png
┌ Warning: Attempting to store StiffNN.var"#22#23"{Float64}.
│ JLD2 only stores functions by name.
│  This may not be useful for anonymous functions.
└ @ JLD2 ~/.julia/packages/JLD2/ADycq/src/data/writing_datatypes.jl:447
saved run → /orcd/home/002/txenakis/projects/BVPsolver/src/../data/runs/run_uh5tSTeo
