rober  model=mlp width=15 d=3 tlen=50 profile=fast seed=231  solver=Rodas5  N=348
  derivmatch lr=0.01 iter=170/3400 loss=47.52
  derivmatch lr=0.01 iter=340/3400 loss=40.36
  derivmatch lr=0.01 iter=510/3400 loss=38.86
  derivmatch lr=0.01 iter=680/3400 loss=42.42
  derivmatch lr=0.01 iter=850/3400 loss=22.01
  derivmatch lr=0.01 iter=1020/3400 loss=42.59
  derivmatch lr=0.01 iter=1190/3400 loss=38.27
  derivmatch lr=0.01 iter=1360/3400 loss=41.39
  derivmatch lr=0.01 iter=1530/3400 loss=47.79
  derivmatch lr=0.01 iter=1700/3400 loss=41.48
  derivmatch lr=0.01 iter=1870/3400 loss=33.14
  derivmatch lr=0.01 iter=2040/3400 loss=36.49
  derivmatch lr=0.01 iter=2210/3400 loss=26.93
  derivmatch lr=0.01 iter=2380/3400 loss=32.23
  derivmatch lr=0.01 iter=2550/3400 loss=27.6
  derivmatch lr=0.01 iter=2720/3400 loss=35.26
  derivmatch lr=0.01 iter=2890/3400 loss=40.08
  derivmatch lr=0.01 iter=3060/3400 loss=41.8
  derivmatch lr=0.01 iter=3230/3400 loss=35.18
  derivmatch lr=0.01 iter=3400/3400 loss=39.05
  derivmatch lr=0.01 iter=3400/3400 loss=19.06
  derivmatch lr=0.003 iter=125/2500 loss=23.96
  derivmatch lr=0.003 iter=250/2500 loss=28.44
  derivmatch lr=0.003 iter=375/2500 loss=29.12
  derivmatch lr=0.003 iter=500/2500 loss=18.21
  derivmatch lr=0.003 iter=625/2500 loss=33.16
  derivmatch lr=0.003 iter=750/2500 loss=36.91
  derivmatch lr=0.003 iter=875/2500 loss=38.22
  derivmatch lr=0.003 iter=1000/2500 loss=35.77
  derivmatch lr=0.003 iter=1125/2500 loss=32.01
  derivmatch lr=0.003 iter=1250/2500 loss=41.49
  derivmatch lr=0.003 iter=1375/2500 loss=38.56
  derivmatch lr=0.003 iter=1500/2500 loss=35.04
  derivmatch lr=0.003 iter=1625/2500 loss=36.2
  derivmatch lr=0.003 iter=1750/2500 loss=33.92
  derivmatch lr=0.003 iter=1875/2500 loss=51.88
  derivmatch lr=0.003 iter=2000/2500 loss=36.15
  derivmatch lr=0.003 iter=2125/2500 loss=33.55
  derivmatch lr=0.003 iter=2250/2500 loss=34.5
  derivmatch lr=0.003 iter=2375/2500 loss=28.66
  derivmatch lr=0.003 iter=2500/2500 loss=33.69
  derivmatch lr=0.003 iter=2500/2500 loss=15.59
  derivmatch lr=0.001 iter=125/2500 loss=16.04
  derivmatch lr=0.001 iter=250/2500 loss=21.17
  derivmatch lr=0.001 iter=375/2500 loss=12.64
  derivmatch lr=0.001 iter=500/2500 loss=24.69
  derivmatch lr=0.001 iter=625/2500 loss=26.82
  derivmatch lr=0.001 iter=750/2500 loss=24.06
  derivmatch lr=0.001 iter=875/2500 loss=20.73
  derivmatch lr=0.001 iter=1000/2500 loss=28.19
  derivmatch lr=0.001 iter=1125/2500 loss=26.41
  derivmatch lr=0.001 iter=1250/2500 loss=31.13
  derivmatch lr=0.001 iter=1375/2500 loss=27.27
  derivmatch lr=0.001 iter=1500/2500 loss=27.83
  derivmatch lr=0.001 iter=1625/2500 loss=24.06
  derivmatch lr=0.001 iter=1750/2500 loss=18.7
  derivmatch lr=0.001 iter=1875/2500 loss=15.37
  derivmatch lr=0.001 iter=2000/2500 loss=21.39
  derivmatch lr=0.001 iter=2125/2500 loss=10.22
  derivmatch lr=0.001 iter=2250/2500 loss=20.89
  derivmatch lr=0.001 iter=2375/2500 loss=29.37
  derivmatch lr=0.001 iter=2500/2500 loss=27.49
  derivmatch lr=0.001 iter=2500/2500 loss=8.438
  derivmatch lr=0.0003 iter=80/1600 loss=9.352
  derivmatch lr=0.0003 iter=160/1600 loss=7.641
  derivmatch lr=0.0003 iter=240/1600 loss=7.398
  derivmatch lr=0.0003 iter=320/1600 loss=8.667
  derivmatch lr=0.0003 iter=400/1600 loss=7.83
  derivmatch lr=0.0003 iter=480/1600 loss=7.254
  derivmatch lr=0.0003 iter=560/1600 loss=6.885
  derivmatch lr=0.0003 iter=640/1600 loss=6.968
  derivmatch lr=0.0003 iter=720/1600 loss=7.301
  derivmatch lr=0.0003 iter=800/1600 loss=7.141
  derivmatch lr=0.0003 iter=880/1600 loss=7.501
  derivmatch lr=0.0003 iter=960/1600 loss=6.906
  derivmatch lr=0.0003 iter=1040/1600 loss=7.124
  derivmatch lr=0.0003 iter=1120/1600 loss=8.741
  derivmatch lr=0.0003 iter=1200/1600 loss=16.17
  derivmatch lr=0.0003 iter=1280/1600 loss=12.51
  derivmatch lr=0.0003 iter=1360/1600 loss=8.116
  derivmatch lr=0.0003 iter=1440/1600 loss=7.082
  derivmatch lr=0.0003 iter=1520/1600 loss=6.792
  derivmatch lr=0.0003 iter=1600/1600 loss=8.119
  derivmatch lr=0.0003 iter=1600/1600 loss=6.574
derivative matching [24s]  fitloss=6.57
  [derivative matching]  nrmse=397.7  l2=1.618
  collocation: M=54 residuals=627  detecting sparsity + solving...

Algorithm: LevenbergMarquardt(
    trustregion = LevenbergMarquardtTrustRegion(
        β_uphill = 0.0
    ),
    descent = GeodesicAcceleration(
        descent = DampedNewtonDescent(
            linsolve = KLUFactorization(
                reuse_symbolic = true,
                check_pattern = true
            ),
            initial_damping = 1.0,
            damping_fn = LevenbergMarquardtDampingFunction(
                increase_factor = 2.0,
                decrease_factor = 3.0,
                min_damping = 1.0e-8
            ),
            min_norm_mode = :auto
        ),
        finite_diff_step_geodesic = 0.1,
        α = 0.75
    ),
    autodiff = AutoForwardDiff(),
    vjp_autodiff = AutoFiniteDiff(
        fdtype = Val{:forward}(),
        fdjtype = Val{:forward}(),
        fdhtype = Val{:hcentral}(),
        dir = true
    ),
    jvp_autodiff = AutoForwardDiff(),
    concrete_jac = Val{true}()
)

----    	-------------       	-----------         
Iter    	f(u) 2-norm         	Step 2-norm         
----    	-------------       	-----------         
0       	1.52056226e+07      	NaN                 
1       	3.18467903e+07      	1.20549920e-02      
8       	1.04958321e+07      	1.58802680e-01      
15      	3.46395023e+07      	0.00000000e+00      
22      	2.46588919e+08      	1.10494149e+00      
29      	3.10748240e+07      	4.09942564e-01      
36      	4.24365031e+08      	8.55802400e-01      
43      	1.89675173e+07      	4.79799428e-01      
50      	7.53144750e+08      	0.00000000e+00      
57      	8.40617848e+07      	0.00000000e+00      
64      	2.02594293e+08      	0.00000000e+00      
71      	5.67461084e+07      	0.00000000e+00      
78      	2.69563839e+08      	0.00000000e+00      
85      	1.83146481e+08      	4.41952653e-01      
92      	8.73576618e+08      	0.00000000e+00      
99      	7.74709962e+08      	0.00000000e+00      
106     	3.78705712e+08      	0.00000000e+00      
113     	1.55657755e+08      	4.90131610e-01      
120     	2.04134102e+06      	2.68375856e-01      
127     	3.32116424e+05      	4.14402782e-01      
134     	2.18666692e+08      	0.00000000e+00      
141     	1.21398051e+08      	0.00000000e+00      
148     	5.62864322e+08      	0.00000000e+00      
Final   	3.32116424e+05      
----------------------      
  AMR 1/1: M=54  err=7.57e10  obs=7.67e-7  nrmse=693.0  best=398.0  refined=0
 derivative matching was best (1/1 rounds ran)
collocation [16s]
  [final]  nrmse=397.7  l2=1.618
extrapolation window: T=1000.0 -> T_test=1.0e12  n_test=100
  [train]  E_traj=411600.0  E_VF=0.6709  E_spec=3.719e26
  [test ]  E_traj=9.875e9  E_VF=1.048e18  E_spec=3.733e30
saved /orcd/home/002/txenakis/projects/BVPsolver/src/../data/runs/run_I19saUKE/rober_fit.png
saved /orcd/home/002/txenakis/projects/BVPsolver/src/../data/runs/run_I19saUKE/rober_fit_extrapolated.png
saved /orcd/home/002/txenakis/projects/BVPsolver/src/../data/runs/run_I19saUKE/rober_spectral_fit_extrapolated.png
saved /orcd/home/002/txenakis/projects/BVPsolver/src/../data/runs/run_I19saUKE/rober_vf_fit_extrapolated.png
┌ Warning: Attempting to store StiffNN.var"#12#13"{Float64, Float64, Float64}.
│ JLD2 only stores functions by name.
│  This may not be useful for anonymous functions.
└ @ JLD2 ~/.julia/packages/JLD2/ADycq/src/data/writing_datatypes.jl:447
saved run → /orcd/home/002/txenakis/projects/BVPsolver/src/../data/runs/run_I19saUKE
