Precompiling packages...
    StiffNN Being precompiled by another machine (hostname: node3104, pid: 1186745, pidfile: /home/txenakis/.julia/compiled/v1.12/StiffNN/YZ2jX_slr9s.ji.pidfile)
  53781.3 ms  ✓ StiffNN
  1 dependency successfully precompiled in 72 seconds. 596 already precompiled.
vanderpol  model=stiff width=12 d=2 tlen=151 profile=fast seed=609  solver=Kvaerno5  N=268
  derivmatch lr=0.01 iter=170/3400 loss=8.178
  derivmatch lr=0.01 iter=340/3400 loss=6.711
  derivmatch lr=0.01 iter=510/3400 loss=1.358
  derivmatch lr=0.01 iter=680/3400 loss=4.455
  derivmatch lr=0.01 iter=850/3400 loss=6.648
  derivmatch lr=0.01 iter=1020/3400 loss=5.616
  derivmatch lr=0.01 iter=1190/3400 loss=0.4123
  derivmatch lr=0.01 iter=1360/3400 loss=3.84
  derivmatch lr=0.01 iter=1530/3400 loss=2.815
  derivmatch lr=0.01 iter=1700/3400 loss=2.103
  derivmatch lr=0.01 iter=1870/3400 loss=1.63
  derivmatch lr=0.01 iter=2040/3400 loss=2.078
  derivmatch lr=0.01 iter=2210/3400 loss=1.686
  derivmatch lr=0.01 iter=2380/3400 loss=2.212
  derivmatch lr=0.01 iter=2550/3400 loss=1.313
  derivmatch lr=0.01 iter=2720/3400 loss=3.109
  derivmatch lr=0.01 iter=2890/3400 loss=2.232
  derivmatch lr=0.01 iter=3060/3400 loss=1.786
  derivmatch lr=0.01 iter=3230/3400 loss=2.757
  derivmatch lr=0.01 iter=3400/3400 loss=2.833
  derivmatch lr=0.01 iter=3400/3400 loss=0.1434
  derivmatch lr=0.003 iter=125/2500 loss=0.02137
  derivmatch lr=0.003 iter=250/2500 loss=0.04278
  derivmatch lr=0.003 iter=375/2500 loss=0.04026
  derivmatch lr=0.003 iter=500/2500 loss=0.0395
  derivmatch lr=0.003 iter=625/2500 loss=0.03665
  derivmatch lr=0.003 iter=750/2500 loss=0.03667
  derivmatch lr=0.003 iter=875/2500 loss=0.03431
  derivmatch lr=0.003 iter=1000/2500 loss=0.0347
  derivmatch lr=0.003 iter=1125/2500 loss=0.03252
  derivmatch lr=0.003 iter=1250/2500 loss=0.03308
  derivmatch lr=0.003 iter=1375/2500 loss=0.03103
  derivmatch lr=0.003 iter=1500/2500 loss=0.03173
  derivmatch lr=0.003 iter=1625/2500 loss=0.03656
  derivmatch lr=0.003 iter=1750/2500 loss=0.03136
  derivmatch lr=0.003 iter=1875/2500 loss=0.02896
  derivmatch lr=0.003 iter=2000/2500 loss=0.02975
  derivmatch lr=0.003 iter=2125/2500 loss=0.02863
  derivmatch lr=0.003 iter=2250/2500 loss=0.03298
  derivmatch lr=0.003 iter=2375/2500 loss=0.02284
  derivmatch lr=0.003 iter=2500/2500 loss=0.0291
  derivmatch lr=0.003 iter=2500/2500 loss=0.006278
  derivmatch lr=0.001 iter=125/2500 loss=0.003302
  derivmatch lr=0.001 iter=250/2500 loss=0.003121
  derivmatch lr=0.001 iter=375/2500 loss=0.002954
  derivmatch lr=0.001 iter=500/2500 loss=0.002793
  derivmatch lr=0.001 iter=625/2500 loss=0.002967
  derivmatch lr=0.001 iter=750/2500 loss=0.003498
  derivmatch lr=0.001 iter=875/2500 loss=0.002894
  derivmatch lr=0.001 iter=1000/2500 loss=0.002315
  derivmatch lr=0.001 iter=1125/2500 loss=0.01309
  derivmatch lr=0.001 iter=1250/2500 loss=0.004697
  derivmatch lr=0.001 iter=1375/2500 loss=0.002189
  derivmatch lr=0.001 iter=1500/2500 loss=0.002237
  derivmatch lr=0.001 iter=1625/2500 loss=0.007157
  derivmatch lr=0.001 iter=1750/2500 loss=0.007208
  derivmatch lr=0.001 iter=1875/2500 loss=0.005873
  derivmatch lr=0.001 iter=2000/2500 loss=0.004618
  derivmatch lr=0.001 iter=2125/2500 loss=0.005656
  derivmatch lr=0.001 iter=2250/2500 loss=0.00405
  derivmatch lr=0.001 iter=2375/2500 loss=0.005254
  derivmatch lr=0.001 iter=2500/2500 loss=0.004176
  derivmatch lr=0.001 iter=2500/2500 loss=0.002049
  derivmatch lr=0.0003 iter=80/1600 loss=0.002104
  derivmatch lr=0.0003 iter=160/1600 loss=0.002028
  derivmatch lr=0.0003 iter=240/1600 loss=0.002011
  derivmatch lr=0.0003 iter=320/1600 loss=0.001993
  derivmatch lr=0.0003 iter=400/1600 loss=0.001973
  derivmatch lr=0.0003 iter=480/1600 loss=0.001952
  derivmatch lr=0.0003 iter=560/1600 loss=0.00193
  derivmatch lr=0.0003 iter=640/1600 loss=0.001908
  derivmatch lr=0.0003 iter=720/1600 loss=0.001885
  derivmatch lr=0.0003 iter=800/1600 loss=0.001863
  derivmatch lr=0.0003 iter=880/1600 loss=0.00184
  derivmatch lr=0.0003 iter=960/1600 loss=0.001817
  derivmatch lr=0.0003 iter=1040/1600 loss=0.001794
  derivmatch lr=0.0003 iter=1120/1600 loss=0.001772
  derivmatch lr=0.0003 iter=1200/1600 loss=0.00175
  derivmatch lr=0.0003 iter=1280/1600 loss=0.001728
  derivmatch lr=0.0003 iter=1360/1600 loss=0.001706
  derivmatch lr=0.0003 iter=1440/1600 loss=0.001684
  derivmatch lr=0.0003 iter=1520/1600 loss=0.001706
  derivmatch lr=0.0003 iter=1600/1600 loss=0.001648
  derivmatch lr=0.0003 iter=1600/1600 loss=0.001648
derivative matching [29s]  fitloss=0.00165
  [derivative matching]  nrmse=0.3086  l2=325.2
  collocation: M=163 residuals=1274  detecting sparsity + solving...

Algorithm: LevenbergMarquardt(
    trustregion = LevenbergMarquardtTrustRegion(
        β_uphill = 0.0
    ),
    descent = GeodesicAcceleration(
        descent = DampedNewtonDescent(
            linsolve = KLUFactorization(
                reuse_symbolic = true,
                check_pattern = true
            ),
            initial_damping = 1.0,
            damping_fn = LevenbergMarquardtDampingFunction(
                increase_factor = 2.0,
                decrease_factor = 3.0,
                min_damping = 1.0e-8
            ),
            min_norm_mode = :auto
        ),
        finite_diff_step_geodesic = 0.1,
        α = 0.75
    ),
    autodiff = AutoForwardDiff(),
    vjp_autodiff = AutoFiniteDiff(
        fdtype = Val{:forward}(),
        fdjtype = Val{:forward}(),
        fdhtype = Val{:hcentral}(),
        dir = true
    ),
    jvp_autodiff = AutoForwardDiff(),
    concrete_jac = Val{true}()
)

----    	-------------       	-----------         
Iter    	f(u) 2-norm         	Step 2-norm         
----    	-------------       	-----------         
0       	2.10183875e+02      	1.28431333e-310     
1       	7.46561152e+01      	3.67981995e-01      
8       	2.94029389e-01      	2.40062171e-02      
15      	3.55504882e-01      	1.47050090e-01      
22      	9.22019090e-01      	7.57555171e-01      
29      	1.21441333e+01      	9.02818621e-01      
36      	4.05108594e+00      	7.55833793e-01      
43      	6.24239036e-01      	5.02939207e-01      
50      	6.21208992e-01      	0.00000000e+00      
57      	4.12373557e-02      	0.00000000e+00      
64      	6.38435130e-01      	0.00000000e+00      
71      	1.20787370e+01      	0.00000000e+00      
78      	1.07048158e+02      	2.47433403e+00      
85      	8.31430239e-02      	0.00000000e+00      
92      	1.36186895e-02      	1.48568199e-01      
99      	1.00535690e-02      	0.00000000e+00      
106     	6.50770241e+00      	0.00000000e+00      
113     	1.90379885e+00      	0.00000000e+00      
120     	1.75972322e+00      	0.00000000e+00      
127     	3.33216177e+00      	0.00000000e+00      
134     	1.98198807e-02      	0.00000000e+00      
141     	1.57119935e-03      	5.57317276e-02      
148     	5.63656641e-01      	0.00000000e+00      
Final   	4.91670632e-04      
----------------------      
  rollout FAILED: Unstable at t=162.98376528983974 of 200.0
  AMR 1/1: M=163  err=3.41e-8  obs=4.79e-6  nrmse=Inf  best=0.309  refined=0
 derivative matching was best (1/1 rounds ran)
collocation [30s]
  [final]  nrmse=0.3086  l2=325.2
extrapolation window: T=200.0 -> T_test=400.0  n_test=302
  [train]  E_traj=1.062  E_VF=0.01559  E_spec=0.2568
  [test ]  E_traj=1506.0  E_VF=3.605  E_spec=0.3024
saved /orcd/home/002/txenakis/projects/BVPsolver/src/../data/runs/run_e0E3W2Q0/vanderpol_fit.png
saved /orcd/home/002/txenakis/projects/BVPsolver/src/../data/runs/run_e0E3W2Q0/vanderpol_fit_extrapolated.png
saved /orcd/home/002/txenakis/projects/BVPsolver/src/../data/runs/run_e0E3W2Q0/vanderpol_spectral_fit_extrapolated.png
saved /orcd/home/002/txenakis/projects/BVPsolver/src/../data/runs/run_e0E3W2Q0/vanderpol_vf_fit_extrapolated.png
saved /orcd/home/002/txenakis/projects/BVPsolver/src/../data/runs/run_e0E3W2Q0/vanderpol_sensitivity_vs_stiffness_derivmatch_pointwise.png
┌ Warning: No strict ticks found
└ @ PlotUtils ~/.julia/packages/PlotUtils/HX80C/src/ticks.jl:194
┌ Warning: No strict ticks found
└ @ PlotUtils ~/.julia/packages/PlotUtils/HX80C/src/ticks.jl:194
┌ Warning: Invalid negative or zero value 0.0 found at series index 1 for log10 based yscale
└ @ Plots ~/.julia/packages/Plots/GIume/src/utils.jl:105
saved /orcd/home/002/txenakis/projects/BVPsolver/src/../data/runs/run_e0E3W2Q0/vanderpol_sensitivity_vs_stiffness_derivmatch_trajectory.png
saved /orcd/home/002/txenakis/projects/BVPsolver/src/../data/runs/run_e0E3W2Q0/vanderpol_sensitivity_vs_stiffness_collocation_pointwise.png
┌ Warning: No strict ticks found
└ @ PlotUtils ~/.julia/packages/PlotUtils/HX80C/src/ticks.jl:194
┌ Warning: No strict ticks found
└ @ PlotUtils ~/.julia/packages/PlotUtils/HX80C/src/ticks.jl:194
┌ Warning: Invalid negative or zero value 0.0 found at series index 1 for log10 based yscale
└ @ Plots ~/.julia/packages/Plots/GIume/src/utils.jl:105
saved /orcd/home/002/txenakis/projects/BVPsolver/src/../data/runs/run_e0E3W2Q0/vanderpol_sensitivity_vs_stiffness_collocation_trajectory.png
┌ Warning: Attempting to store StiffNN.var"#14#15"{Float64}.
│ JLD2 only stores functions by name.
│  This may not be useful for anonymous functions.
└ @ JLD2 ~/.julia/packages/JLD2/ADycq/src/data/writing_datatypes.jl:447
saved run → /orcd/home/002/txenakis/projects/BVPsolver/src/../data/runs/run_e0E3W2Q0
