orego  model=GELU-scaled d=3 tlen=112 profile=fast seed=15  solver=Rodas5  N=188
  derivmatch lr=0.01 iter=170/3400 loss=10.8
  derivmatch lr=0.01 iter=340/3400 loss=10.39
  derivmatch lr=0.01 iter=510/3400 loss=13.89
  derivmatch lr=0.01 iter=680/3400 loss=9.271
  derivmatch lr=0.01 iter=850/3400 loss=8.284
  derivmatch lr=0.01 iter=1020/3400 loss=7.984
  derivmatch lr=0.01 iter=1190/3400 loss=7.865
  derivmatch lr=0.01 iter=1360/3400 loss=7.09
  derivmatch lr=0.01 iter=1530/3400 loss=6.788
  derivmatch lr=0.01 iter=1700/3400 loss=6.645
  derivmatch lr=0.01 iter=1870/3400 loss=6.548
  derivmatch lr=0.01 iter=2040/3400 loss=6.454
  derivmatch lr=0.01 iter=2210/3400 loss=6.387
  derivmatch lr=0.01 iter=2380/3400 loss=6.335
  derivmatch lr=0.01 iter=2550/3400 loss=6.285
  derivmatch lr=0.01 iter=2720/3400 loss=6.242
  derivmatch lr=0.01 iter=2890/3400 loss=6.208
  derivmatch lr=0.01 iter=3060/3400 loss=6.179
  derivmatch lr=0.01 iter=3230/3400 loss=6.252
  derivmatch lr=0.01 iter=3400/3400 loss=10.0
  derivmatch lr=0.01 iter=3400/3400 loss=6.154
  derivmatch lr=0.003 iter=125/2500 loss=6.229
  derivmatch lr=0.003 iter=250/2500 loss=7.309
  derivmatch lr=0.003 iter=375/2500 loss=6.991
  derivmatch lr=0.003 iter=500/2500 loss=7.894
  derivmatch lr=0.003 iter=625/2500 loss=4.945
  derivmatch lr=0.003 iter=750/2500 loss=4.786
  derivmatch lr=0.003 iter=875/2500 loss=4.845
  derivmatch lr=0.003 iter=1000/2500 loss=4.785
  derivmatch lr=0.003 iter=1125/2500 loss=4.726
  derivmatch lr=0.003 iter=1250/2500 loss=4.693
  derivmatch lr=0.003 iter=1375/2500 loss=4.673
  derivmatch lr=0.003 iter=1500/2500 loss=5.065
  derivmatch lr=0.003 iter=1625/2500 loss=5.276
  derivmatch lr=0.003 iter=1750/2500 loss=5.236
  derivmatch lr=0.003 iter=1875/2500 loss=5.202
  derivmatch lr=0.003 iter=2000/2500 loss=5.142
  derivmatch lr=0.003 iter=2125/2500 loss=5.093
  derivmatch lr=0.003 iter=2250/2500 loss=5.074
  derivmatch lr=0.003 iter=2375/2500 loss=5.056
  derivmatch lr=0.003 iter=2500/2500 loss=5.034
  derivmatch lr=0.003 iter=2500/2500 loss=4.665
  derivmatch lr=0.001 iter=125/2500 loss=4.659
  derivmatch lr=0.001 iter=250/2500 loss=4.648
  derivmatch lr=0.001 iter=375/2500 loss=4.61
  derivmatch lr=0.001 iter=500/2500 loss=9.946
  derivmatch lr=0.001 iter=625/2500 loss=5.561
  derivmatch lr=0.001 iter=750/2500 loss=5.539
  derivmatch lr=0.001 iter=875/2500 loss=5.526
  derivmatch lr=0.001 iter=1000/2500 loss=5.513
  derivmatch lr=0.001 iter=1125/2500 loss=5.501
  derivmatch lr=0.001 iter=1250/2500 loss=5.488
  derivmatch lr=0.001 iter=1375/2500 loss=5.474
  derivmatch lr=0.001 iter=1500/2500 loss=5.456
  derivmatch lr=0.001 iter=1625/2500 loss=5.422
  derivmatch lr=0.001 iter=1750/2500 loss=5.329
  derivmatch lr=0.001 iter=1875/2500 loss=5.297
  derivmatch lr=0.001 iter=2000/2500 loss=5.251
  derivmatch lr=0.001 iter=2125/2500 loss=5.231
  derivmatch lr=0.001 iter=2250/2500 loss=5.217
  derivmatch lr=0.001 iter=2375/2500 loss=5.208
  derivmatch lr=0.001 iter=2500/2500 loss=5.199
  derivmatch lr=0.001 iter=2500/2500 loss=4.485
  derivmatch lr=0.0003 iter=80/1600 loss=4.459
  derivmatch lr=0.0003 iter=160/1600 loss=4.439
  derivmatch lr=0.0003 iter=240/1600 loss=4.422
  derivmatch lr=0.0003 iter=320/1600 loss=4.415
  derivmatch lr=0.0003 iter=400/1600 loss=4.403
  derivmatch lr=0.0003 iter=480/1600 loss=4.395
  derivmatch lr=0.0003 iter=560/1600 loss=4.387
  derivmatch lr=0.0003 iter=640/1600 loss=4.378
  derivmatch lr=0.0003 iter=720/1600 loss=4.369
  derivmatch lr=0.0003 iter=800/1600 loss=4.354
  derivmatch lr=0.0003 iter=880/1600 loss=4.34
  derivmatch lr=0.0003 iter=960/1600 loss=4.33
  derivmatch lr=0.0003 iter=1040/1600 loss=4.32
  derivmatch lr=0.0003 iter=1120/1600 loss=4.31
  derivmatch lr=0.0003 iter=1200/1600 loss=4.301
  derivmatch lr=0.0003 iter=1280/1600 loss=4.293
  derivmatch lr=0.0003 iter=1360/1600 loss=4.291
  derivmatch lr=0.0003 iter=1440/1600 loss=4.28
  derivmatch lr=0.0003 iter=1520/1600 loss=4.273
  derivmatch lr=0.0003 iter=1600/1600 loss=4.266
  derivmatch lr=0.0003 iter=1600/1600 loss=4.266
derivative matching [27s]  fitloss=4.27
  [derivative matching]  nrmse=0.4264  l2=485900.0
  shooting iter=50/1000 loss=0.2207
  shooting iter=100/1000 loss=0.2203
  shooting iter=150/1000 loss=0.2203
  shooting iter=200/1000 loss=0.2202
  shooting iter=250/1000 loss=0.2202
  shooting iter=300/1000 loss=0.2202
  shooting iter=350/1000 loss=0.2202
  shooting iter=400/1000 loss=0.2202
  shooting iter=450/1000 loss=0.2202
  shooting iter=500/1000 loss=0.2202
  shooting iter=550/1000 loss=0.2202
  shooting iter=600/1000 loss=0.2201
  shooting iter=650/1000 loss=0.2201
  shooting iter=700/1000 loss=0.2202
  shooting iter=750/1000 loss=0.2198
  shooting iter=800/1000 loss=0.22
  shooting iter=850/1000 loss=0.2222
  shooting iter=900/1000 loss=0.3169
  shooting iter=950/1000 loss=0.222
  shooting iter=1000/1000 loss=0.562
  shooting iter=1000/1000 loss=0.2197
shooting [3675s]  loss=0.22
  [final]  nrmse=0.4237  l2=485900.0
extrapolation window: T=180.0 -> T_test=360.0  n_test=224
  [train]  E_traj=0.9714  E_VF=97250.0  E_spec=6.569
  [test ]  E_traj=0.8997  E_VF=407000.0  E_spec=186.3
saved /orcd/home/002/txenakis/projects/BVPsolver/src/../data/runs/run_InHze0p1/orego_fit.png
saved /orcd/home/002/txenakis/projects/BVPsolver/src/../data/runs/run_InHze0p1/orego_fit_extrapolated.png
saved /orcd/home/002/txenakis/projects/BVPsolver/src/../data/runs/run_InHze0p1/orego_spectral_fit_extrapolated.png
saved /orcd/home/002/txenakis/projects/BVPsolver/src/../data/runs/run_InHze0p1/orego_vf_fit_extrapolated.png
┌ Warning: Attempting to store StiffNN.var"#20#21"{Float64, Float64, Float64}.
│ JLD2 only stores functions by name.
│  This may not be useful for anonymous functions.
└ @ JLD2 ~/.julia/packages/JLD2/ADycq/src/data/writing_datatypes.jl:447
saved run → /orcd/home/002/txenakis/projects/BVPsolver/src/../data/runs/run_InHze0p1
