dahlquist  model=GELU-scaled width=5 d=1 tlen=50 profile=fast seed=802  solver=Rodas5  N=166
  derivmatch lr=0.01 iter=170/3400 loss=0.276
  derivmatch lr=0.01 iter=340/3400 loss=0.1307
  derivmatch lr=0.01 iter=510/3400 loss=0.09838
  derivmatch lr=0.01 iter=680/3400 loss=0.0922
  derivmatch lr=0.01 iter=850/3400 loss=0.08716
  derivmatch lr=0.01 iter=1020/3400 loss=0.08345
  derivmatch lr=0.01 iter=1190/3400 loss=0.08051
  derivmatch lr=0.01 iter=1360/3400 loss=0.07805
  derivmatch lr=0.01 iter=1530/3400 loss=0.07597
  derivmatch lr=0.01 iter=1700/3400 loss=0.07413
  derivmatch lr=0.01 iter=1870/3400 loss=0.07246
  derivmatch lr=0.01 iter=2040/3400 loss=0.07093
  derivmatch lr=0.01 iter=2210/3400 loss=0.0695
  derivmatch lr=0.01 iter=2380/3400 loss=0.06816
  derivmatch lr=0.01 iter=2550/3400 loss=0.06689
  derivmatch lr=0.01 iter=2720/3400 loss=0.06567
  derivmatch lr=0.01 iter=2890/3400 loss=0.06448
  derivmatch lr=0.01 iter=3060/3400 loss=0.06332
  derivmatch lr=0.01 iter=3230/3400 loss=0.06217
  derivmatch lr=0.01 iter=3400/3400 loss=0.06101
  derivmatch lr=0.01 iter=3400/3400 loss=0.05805
  derivmatch lr=0.003 iter=125/2500 loss=0.03186
  derivmatch lr=0.003 iter=250/2500 loss=0.02396
  derivmatch lr=0.003 iter=375/2500 loss=0.03131
  derivmatch lr=0.003 iter=500/2500 loss=0.01668
  derivmatch lr=0.003 iter=625/2500 loss=0.02779
  derivmatch lr=0.003 iter=750/2500 loss=0.02505
  derivmatch lr=0.003 iter=875/2500 loss=0.02528
  derivmatch lr=0.003 iter=1000/2500 loss=0.02479
  derivmatch lr=0.003 iter=1125/2500 loss=0.02438
  derivmatch lr=0.003 iter=1250/2500 loss=0.02404
  derivmatch lr=0.003 iter=1375/2500 loss=0.02373
  derivmatch lr=0.003 iter=1500/2500 loss=0.02348
  derivmatch lr=0.003 iter=1625/2500 loss=0.02324
  derivmatch lr=0.003 iter=1750/2500 loss=0.02305
  derivmatch lr=0.003 iter=1875/2500 loss=0.02285
  derivmatch lr=0.003 iter=2000/2500 loss=0.0227
  derivmatch lr=0.003 iter=2125/2500 loss=0.02254
  derivmatch lr=0.003 iter=2250/2500 loss=0.02241
  derivmatch lr=0.003 iter=2375/2500 loss=0.02228
  derivmatch lr=0.003 iter=2500/2500 loss=0.02217
  derivmatch lr=0.003 iter=2500/2500 loss=0.01537
  derivmatch lr=0.001 iter=125/2500 loss=0.01556
  derivmatch lr=0.001 iter=250/2500 loss=0.01362
  derivmatch lr=0.001 iter=375/2500 loss=0.01165
  derivmatch lr=0.001 iter=500/2500 loss=0.009872
  derivmatch lr=0.001 iter=625/2500 loss=0.008964
  derivmatch lr=0.001 iter=750/2500 loss=0.01033
  derivmatch lr=0.001 iter=875/2500 loss=0.007425
  derivmatch lr=0.001 iter=1000/2500 loss=0.00714
  derivmatch lr=0.001 iter=1125/2500 loss=0.01049
  derivmatch lr=0.001 iter=1250/2500 loss=0.01109
  derivmatch lr=0.001 iter=1375/2500 loss=0.01469
  derivmatch lr=0.001 iter=1500/2500 loss=0.005604
  derivmatch lr=0.001 iter=1625/2500 loss=0.00537
  derivmatch lr=0.001 iter=1750/2500 loss=0.01083
  derivmatch lr=0.001 iter=1875/2500 loss=0.005436
  derivmatch lr=0.001 iter=2000/2500 loss=0.006245
  derivmatch lr=0.001 iter=2125/2500 loss=0.01635
  derivmatch lr=0.001 iter=2250/2500 loss=0.007107
  derivmatch lr=0.001 iter=2375/2500 loss=0.005524
  derivmatch lr=0.001 iter=2500/2500 loss=0.006162
  derivmatch lr=0.001 iter=2500/2500 loss=0.004623
  derivmatch lr=0.0003 iter=80/1600 loss=0.00466
  derivmatch lr=0.0003 iter=160/1600 loss=0.004601
  derivmatch lr=0.0003 iter=240/1600 loss=0.004556
  derivmatch lr=0.0003 iter=320/1600 loss=0.004502
  derivmatch lr=0.0003 iter=400/1600 loss=0.004443
  derivmatch lr=0.0003 iter=480/1600 loss=0.004377
  derivmatch lr=0.0003 iter=560/1600 loss=0.004308
  derivmatch lr=0.0003 iter=640/1600 loss=0.004234
  derivmatch lr=0.0003 iter=720/1600 loss=0.004157
  derivmatch lr=0.0003 iter=800/1600 loss=0.004077
  derivmatch lr=0.0003 iter=880/1600 loss=0.003995
  derivmatch lr=0.0003 iter=960/1600 loss=0.003912
  derivmatch lr=0.0003 iter=1040/1600 loss=0.003827
  derivmatch lr=0.0003 iter=1120/1600 loss=0.003742
  derivmatch lr=0.0003 iter=1200/1600 loss=0.003657
  derivmatch lr=0.0003 iter=1280/1600 loss=0.009016
  derivmatch lr=0.0003 iter=1360/1600 loss=0.003538
  derivmatch lr=0.0003 iter=1440/1600 loss=0.003472
  derivmatch lr=0.0003 iter=1520/1600 loss=0.003405
  derivmatch lr=0.0003 iter=1600/1600 loss=0.004391
  derivmatch lr=0.0003 iter=1600/1600 loss=0.003359
derivative matching [26s]  fitloss=0.00336
  [derivative matching]  nrmse=0.007978  l2=0.05641
  trajectory_parameter_sensitivity_rms = 0.9399
extrapolation window: T=1.0 -> T_test=2.0  n_test=100
  [train]  E_traj=0.0001677  E_VF=0.002507  E_spec=0.06435
  [test ]  E_traj=4.01e25  E_VF=4.077e25  E_spec=7.866e-5
saved /orcd/home/002/txenakis/projects/BVPsolver/src/../data/runs/run_GxWItCuc/dahlquist_fit.png
saved /orcd/home/002/txenakis/projects/BVPsolver/src/../data/runs/run_GxWItCuc/dahlquist_fit_extrapolated.png
saved /orcd/home/002/txenakis/projects/BVPsolver/src/../data/runs/run_GxWItCuc/dahlquist_spectral_fit_extrapolated.png
saved /orcd/home/002/txenakis/projects/BVPsolver/src/../data/runs/run_GxWItCuc/dahlquist_vf_fit_extrapolated.png
┌ Warning: Attempting to store StiffNN.var"#25#26"{Float64}.
│ JLD2 only stores functions by name.
│  This may not be useful for anonymous functions.
└ @ JLD2 ~/.julia/packages/JLD2/ADycq/src/data/writing_datatypes.jl:447
saved run → /orcd/home/002/txenakis/projects/BVPsolver/src/../data/runs/run_GxWItCuc
