davis-skodje  model=stiff width=12 d=2 tlen=300 profile=fast seed=307  solver=Rodas5P  N=268
  derivmatch lr=0.01 iter=170/3400 loss=0.01304
  derivmatch lr=0.01 iter=340/3400 loss=0.004693
  derivmatch lr=0.01 iter=510/3400 loss=0.003418
  derivmatch lr=0.01 iter=680/3400 loss=0.002591
  derivmatch lr=0.01 iter=850/3400 loss=0.001963
  derivmatch lr=0.01 iter=1020/3400 loss=0.00144
  derivmatch lr=0.01 iter=1190/3400 loss=0.000993
  derivmatch lr=0.01 iter=1360/3400 loss=0.00073
  derivmatch lr=0.01 iter=1530/3400 loss=0.0005667
  derivmatch lr=0.01 iter=1700/3400 loss=0.000433
  derivmatch lr=0.01 iter=1870/3400 loss=0.0003176
  derivmatch lr=0.01 iter=2040/3400 loss=0.0002199
  derivmatch lr=0.01 iter=2210/3400 loss=0.000145
  derivmatch lr=0.01 iter=2380/3400 loss=9.515e-5
  derivmatch lr=0.01 iter=2550/3400 loss=6.523e-5
  derivmatch lr=0.01 iter=2720/3400 loss=4.791e-5
  derivmatch lr=0.01 iter=2890/3400 loss=3.746e-5
  derivmatch lr=0.01 iter=3060/3400 loss=3.059e-5
  derivmatch lr=0.01 iter=3230/3400 loss=2.568e-5
  derivmatch lr=0.01 iter=3400/3400 loss=2.2e-5
  derivmatch lr=0.01 iter=3400/3400 loss=2.2e-5
  derivmatch lr=0.003 iter=125/2500 loss=1.638e-5
  derivmatch lr=0.003 iter=250/2500 loss=1.356e-5
  derivmatch lr=0.003 iter=375/2500 loss=1.171e-5
  derivmatch lr=0.003 iter=500/2500 loss=1.022e-5
  derivmatch lr=0.003 iter=625/2500 loss=8.873e-6
  derivmatch lr=0.003 iter=750/2500 loss=7.616e-6
  derivmatch lr=0.003 iter=875/2500 loss=6.458e-6
  derivmatch lr=0.003 iter=1000/2500 loss=5.835e-6
  derivmatch lr=0.003 iter=1125/2500 loss=5.194e-6
  derivmatch lr=0.003 iter=1250/2500 loss=4.561e-6
  derivmatch lr=0.003 iter=1375/2500 loss=3.946e-6
  derivmatch lr=0.003 iter=1500/2500 loss=3.5e-6
  derivmatch lr=0.003 iter=1625/2500 loss=3.072e-6
  derivmatch lr=0.003 iter=1750/2500 loss=2.761e-6
  derivmatch lr=0.003 iter=1875/2500 loss=2.408e-6
  derivmatch lr=0.003 iter=2000/2500 loss=2.217e-6
  derivmatch lr=0.003 iter=2125/2500 loss=1.957e-6
  derivmatch lr=0.003 iter=2250/2500 loss=1.851e-6
  derivmatch lr=0.003 iter=2375/2500 loss=1.652e-6
  derivmatch lr=0.003 iter=2500/2500 loss=1.524e-6
  derivmatch lr=0.003 iter=2500/2500 loss=1.524e-6
  derivmatch lr=0.001 iter=125/2500 loss=1.507e-6
  derivmatch lr=0.001 iter=250/2500 loss=1.484e-6
  derivmatch lr=0.001 iter=375/2500 loss=1.457e-6
  derivmatch lr=0.001 iter=500/2500 loss=1.425e-6
  derivmatch lr=0.001 iter=625/2500 loss=1.39e-6
  derivmatch lr=0.001 iter=750/2500 loss=1.352e-6
  derivmatch lr=0.001 iter=875/2500 loss=1.312e-6
  derivmatch lr=0.001 iter=1000/2500 loss=1.27e-6
  derivmatch lr=0.001 iter=1125/2500 loss=1.227e-6
  derivmatch lr=0.001 iter=1250/2500 loss=1.184e-6
  derivmatch lr=0.001 iter=1375/2500 loss=1.141e-6
  derivmatch lr=0.001 iter=1500/2500 loss=1.097e-6
  derivmatch lr=0.001 iter=1625/2500 loss=1.054e-6
  derivmatch lr=0.001 iter=1750/2500 loss=1.011e-6
  derivmatch lr=0.001 iter=1875/2500 loss=9.69e-7
  derivmatch lr=0.001 iter=2000/2500 loss=9.518e-7
  derivmatch lr=0.001 iter=2125/2500 loss=3.412e-6
  derivmatch lr=0.001 iter=2250/2500 loss=8.814e-7
  derivmatch lr=0.001 iter=2375/2500 loss=2.013e-6
  derivmatch lr=0.001 iter=2500/2500 loss=8.047e-7
  derivmatch lr=0.001 iter=2500/2500 loss=8.047e-7
  derivmatch lr=0.0003 iter=80/1600 loss=8.065e-7
  derivmatch lr=0.0003 iter=160/1600 loss=8.003e-7
  derivmatch lr=0.0003 iter=240/1600 loss=7.97e-7
  derivmatch lr=0.0003 iter=320/1600 loss=7.931e-7
  derivmatch lr=0.0003 iter=400/1600 loss=7.887e-7
  derivmatch lr=0.0003 iter=480/1600 loss=7.837e-7
  derivmatch lr=0.0003 iter=560/1600 loss=7.782e-7
  derivmatch lr=0.0003 iter=640/1600 loss=7.723e-7
  derivmatch lr=0.0003 iter=720/1600 loss=7.66e-7
  derivmatch lr=0.0003 iter=800/1600 loss=7.592e-7
  derivmatch lr=0.0003 iter=880/1600 loss=7.521e-7
  derivmatch lr=0.0003 iter=960/1600 loss=7.447e-7
  derivmatch lr=0.0003 iter=1040/1600 loss=7.369e-7
  derivmatch lr=0.0003 iter=1120/1600 loss=7.288e-7
  derivmatch lr=0.0003 iter=1200/1600 loss=7.204e-7
  derivmatch lr=0.0003 iter=1280/1600 loss=7.118e-7
  derivmatch lr=0.0003 iter=1360/1600 loss=7.029e-7
  derivmatch lr=0.0003 iter=1440/1600 loss=6.937e-7
  derivmatch lr=0.0003 iter=1520/1600 loss=6.843e-7
  derivmatch lr=0.0003 iter=1600/1600 loss=6.747e-7
  derivmatch lr=0.0003 iter=1600/1600 loss=6.747e-7
derivative matching [30s]  fitloss=6.75e-7
  [derivative matching]  nrmse=6.113e-5  l2=0.00281
  collocation: M=300 residuals=2394  detecting sparsity + solving...

Algorithm: LevenbergMarquardt(
    trustregion = LevenbergMarquardtTrustRegion(
        β_uphill = 0.0
    ),
    descent = GeodesicAcceleration(
        descent = DampedNewtonDescent(
            linsolve = KLUFactorization(
                reuse_symbolic = true,
                check_pattern = true
            ),
            initial_damping = 1.0,
            damping_fn = LevenbergMarquardtDampingFunction(
                increase_factor = 2.0,
                decrease_factor = 3.0,
                min_damping = 1.0e-8
            ),
            min_norm_mode = :auto
        ),
        finite_diff_step_geodesic = 0.1,
        α = 0.75
    ),
    autodiff = AutoForwardDiff(),
    vjp_autodiff = AutoFiniteDiff(
        fdtype = Val{:forward}(),
        fdjtype = Val{:forward}(),
        fdhtype = Val{:hcentral}(),
        dir = true
    ),
    jvp_autodiff = AutoForwardDiff(),
    concrete_jac = Val{true}()
)

----    	-------------       	-----------         
Iter    	f(u) 2-norm         	Step 2-norm         
----    	-------------       	-----------         
0       	2.46442093e+01      	3.23973203e-309     
1       	1.15246800e+01      	2.52174320e-01      
8       	2.59864851e-03      	2.04927020e-03      
15      	8.80915026e-04      	7.04936998e-03      
22      	3.19371386e-04      	1.09038007e-01      
29      	4.38050125e-01      	0.00000000e+00      
36      	9.01823536e-02      	4.88531195e-01      
43      	1.99951921e-01      	0.00000000e+00      
50      	8.63175234e-01      	7.88144833e-01      
57      	3.11684774e-02      	0.00000000e+00      
64      	5.08517775e-02      	0.00000000e+00      
71      	2.42384772e-04      	6.67315096e-02      
78      	1.34430127e-02      	1.51638350e-01      
85      	1.50523356e-02      	0.00000000e+00      
92      	8.68257795e-03      	0.00000000e+00      
99      	1.04129523e-03      	8.05702087e-02      
106     	5.95760930e-06      	0.00000000e+00      
113     	2.23663006e-06      	3.17658245e-02      
120     	1.44523100e-03      	3.35572252e-02      
127     	2.61070883e-05      	0.00000000e+00      
134     	3.53592968e-06      	0.00000000e+00      
141     	1.31544746e-03      	0.00000000e+00      
148     	3.68984922e-06      	0.00000000e+00      
Final   	9.96204550e-07      
----------------------      
  AMR 1/3: M=300  err=2.66e-14  obs=1.4e-8  nrmse=5.01e-7  best=5.01e-7  refined=22
  collocation: M=322 residuals=2526  detecting sparsity + solving...

Algorithm: LevenbergMarquardt(
    trustregion = LevenbergMarquardtTrustRegion(
        β_uphill = 0.0
    ),
    descent = GeodesicAcceleration(
        descent = DampedNewtonDescent(
            linsolve = KLUFactorization(
                reuse_symbolic = true,
                check_pattern = true
            ),
            initial_damping = 1.0,
            damping_fn = LevenbergMarquardtDampingFunction(
                increase_factor = 2.0,
                decrease_factor = 3.0,
                min_damping = 1.0e-8
            ),
            min_norm_mode = :auto
        ),
        finite_diff_step_geodesic = 0.1,
        α = 0.75
    ),
    autodiff = AutoForwardDiff(),
    vjp_autodiff = AutoFiniteDiff(
        fdtype = Val{:forward}(),
        fdjtype = Val{:forward}(),
        fdhtype = Val{:hcentral}(),
        dir = true
    ),
    jvp_autodiff = AutoForwardDiff(),
    concrete_jac = Val{true}()
)

----    	-------------       	-----------         
Iter    	f(u) 2-norm         	Step 2-norm         
----    	-------------       	-----------         
0       	2.38151278e+01      	NaN                 
1       	1.08784010e+01      	2.20632318e-01      
8       	2.08692301e-02      	3.07010336e-03      
15      	8.12626139e-04      	6.23538466e-03      
22      	8.07164993e-07      	1.99441664e-03      
29      	1.98775879e-06      	6.32835555e-02      
36      	4.69758825e-02      	0.00000000e+00      
43      	2.04867024e-02      	0.00000000e+00      
50      	1.97102909e-02      	9.16726391e-01      
57      	2.48135351e-04      	0.00000000e+00      
64      	3.24326380e-02      	0.00000000e+00      
71      	1.97693783e-03      	3.26145202e-01      
78      	1.08227337e-06      	0.00000000e+00      
85      	5.00487115e-03      	3.48438798e-01      
92      	1.01592885e-05      	6.11455427e-02      
99      	9.42652654e-03      	0.00000000e+00      
106     	1.09682219e-06      	0.00000000e+00      
113     	2.85899925e-06      	7.22826506e-02      
120     	2.95944712e-03      	4.65805293e-01      
127     	4.69064080e-02      	0.00000000e+00      
134     	2.01606390e-03      	4.15669814e-01      
141     	1.61454549e-03      	0.00000000e+00      
148     	1.44545699e-01      	0.00000000e+00      
Final   	8.00092910e-07      
----------------------      
  AMR 2/3: M=322  err=1.68e-14  obs=1.1e-8  nrmse=5.01e-7  best=5.01e-7  refined=24
  collocation: M=366 residuals=2790  detecting sparsity + solving...

Algorithm: LevenbergMarquardt(
    trustregion = LevenbergMarquardtTrustRegion(
        β_uphill = 0.0
    ),
    descent = GeodesicAcceleration(
        descent = DampedNewtonDescent(
            linsolve = KLUFactorization(
                reuse_symbolic = true,
                check_pattern = true
            ),
            initial_damping = 1.0,
            damping_fn = LevenbergMarquardtDampingFunction(
                increase_factor = 2.0,
                decrease_factor = 3.0,
                min_damping = 1.0e-8
            ),
            min_norm_mode = :auto
        ),
        finite_diff_step_geodesic = 0.1,
        α = 0.75
    ),
    autodiff = AutoForwardDiff(),
    vjp_autodiff = AutoFiniteDiff(
        fdtype = Val{:forward}(),
        fdjtype = Val{:forward}(),
        fdhtype = Val{:hcentral}(),
        dir = true
    ),
    jvp_autodiff = AutoForwardDiff(),
    concrete_jac = Val{true}()
)

----    	-------------       	-----------         
Iter    	f(u) 2-norm         	Step 2-norm         
----    	-------------       	-----------         
0       	2.32064439e+01      	1.49535740e+230     
1       	1.06123137e+01      	2.13172981e-01      
8       	2.19475767e-02      	5.39080578e-03      
15      	7.81819987e-04      	6.00254006e-03      
22      	7.08391363e-07      	1.76659320e-03      
29      	1.17621313e-06      	5.77261085e-02      
36      	6.35467685e-05      	0.00000000e+00      
43      	1.02489136e-04      	1.51157536e-01      
50      	1.69536699e-05      	0.00000000e+00      
57      	5.26051302e-04      	0.00000000e+00      
64      	1.57368743e-03      	0.00000000e+00      
71      	9.34439254e-03      	0.00000000e+00      
78      	2.64223653e-03      	0.00000000e+00      
85      	4.31860989e-05      	0.00000000e+00      
92      	1.36141586e-02      	0.00000000e+00      
99      	1.48301427e-02      	0.00000000e+00      
106     	1.75611780e-03      	0.00000000e+00      
113     	6.08317081e-03      	6.51233939e-01      
120     	1.49824393e-03      	0.00000000e+00      
127     	1.19514675e-02      	6.05638220e-01      
134     	9.37350236e-03      	4.75099644e-01      
141     	6.09107362e-05      	3.53004482e-02      
148     	3.13120808e-05      	0.00000000e+00      
Final   	7.00349992e-07      
----------------------      
  AMR 3/3: M=366  err=1.0e-14  obs=9.67e-9  nrmse=5.23e-7  best=5.01e-7  refined=0
collocation [135s]
  [final]  nrmse=5.006e-7  l2=1.339e-5
extrapolation window: T=15.0 -> T_test=30.0  n_test=600
  [train]  E_traj=3.833e-13  E_VF=7.614e-9  E_spec=0.1784
  [test ]  E_traj=46650.0  E_VF=0.006077  E_spec=0.6809
saved /orcd/home/002/txenakis/projects/BVPsolver/src/../data/runs/run_5IyshZJk/davis-skodje_fit.png
saved /orcd/home/002/txenakis/projects/BVPsolver/src/../data/runs/run_5IyshZJk/davis-skodje_fit_extrapolated.png
saved /orcd/home/002/txenakis/projects/BVPsolver/src/../data/runs/run_5IyshZJk/davis-skodje_spectral_fit_extrapolated.png
saved /orcd/home/002/txenakis/projects/BVPsolver/src/../data/runs/run_5IyshZJk/davis-skodje_vf_fit_extrapolated.png
┌ Warning: Attempting to store StiffNN.var"#22#23"{Float64}.
│ JLD2 only stores functions by name.
│  This may not be useful for anonymous functions.
└ @ JLD2 ~/.julia/packages/JLD2/ADycq/src/data/writing_datatypes.jl:447
saved run → /orcd/home/002/txenakis/projects/BVPsolver/src/../data/runs/run_5IyshZJk
