davis-skodje  model=GELU-scaled width=7 d=2 tlen=300 profile=fast seed=323  solver=Rodas5P  N=317
  derivmatch lr=0.01 iter=170/3400 loss=1.026
  derivmatch lr=0.01 iter=340/3400 loss=0.5075
  derivmatch lr=0.01 iter=510/3400 loss=0.3711
  derivmatch lr=0.01 iter=680/3400 loss=0.34
  derivmatch lr=0.01 iter=850/3400 loss=0.3603
  derivmatch lr=0.01 iter=1020/3400 loss=0.2627
  derivmatch lr=0.01 iter=1190/3400 loss=0.09595
  derivmatch lr=0.01 iter=1360/3400 loss=0.04321
  derivmatch lr=0.01 iter=1530/3400 loss=0.04349
  derivmatch lr=0.01 iter=1700/3400 loss=0.02388
  derivmatch lr=0.01 iter=1870/3400 loss=0.02024
  derivmatch lr=0.01 iter=2040/3400 loss=0.02507
  derivmatch lr=0.01 iter=2210/3400 loss=0.008459
  derivmatch lr=0.01 iter=2380/3400 loss=0.008979
  derivmatch lr=0.01 iter=2550/3400 loss=0.01492
  derivmatch lr=0.01 iter=2720/3400 loss=0.004077
  derivmatch lr=0.01 iter=2890/3400 loss=0.005982
  derivmatch lr=0.01 iter=3060/3400 loss=0.01067
  derivmatch lr=0.01 iter=3230/3400 loss=0.002578
  derivmatch lr=0.01 iter=3400/3400 loss=0.004767
  derivmatch lr=0.01 iter=3400/3400 loss=0.002284
  derivmatch lr=0.003 iter=125/2500 loss=0.000875
  derivmatch lr=0.003 iter=250/2500 loss=0.0004875
  derivmatch lr=0.003 iter=375/2500 loss=0.000368
  derivmatch lr=0.003 iter=500/2500 loss=0.0005476
  derivmatch lr=0.003 iter=625/2500 loss=0.0004909
  derivmatch lr=0.003 iter=750/2500 loss=0.0007082
  derivmatch lr=0.003 iter=875/2500 loss=0.0008728
  derivmatch lr=0.003 iter=1000/2500 loss=0.0002197
  derivmatch lr=0.003 iter=1125/2500 loss=0.001344
  derivmatch lr=0.003 iter=1250/2500 loss=0.002041
  derivmatch lr=0.003 iter=1375/2500 loss=0.002329
  derivmatch lr=0.003 iter=1500/2500 loss=0.0007604
  derivmatch lr=0.003 iter=1625/2500 loss=0.000191
  derivmatch lr=0.003 iter=1750/2500 loss=0.0007341
  derivmatch lr=0.003 iter=1875/2500 loss=0.0004059
  derivmatch lr=0.003 iter=2000/2500 loss=0.001434
  derivmatch lr=0.003 iter=2125/2500 loss=0.0005798
  derivmatch lr=0.003 iter=2250/2500 loss=0.0001203
  derivmatch lr=0.003 iter=2375/2500 loss=0.0004673
  derivmatch lr=0.003 iter=2500/2500 loss=0.0001293
  derivmatch lr=0.003 iter=2500/2500 loss=0.0001091
  derivmatch lr=0.001 iter=125/2500 loss=0.0001073
  derivmatch lr=0.001 iter=250/2500 loss=0.0001005
  derivmatch lr=0.001 iter=375/2500 loss=9.584e-5
  derivmatch lr=0.001 iter=500/2500 loss=9.165e-5
  derivmatch lr=0.001 iter=625/2500 loss=8.756e-5
  derivmatch lr=0.001 iter=750/2500 loss=8.354e-5
  derivmatch lr=0.001 iter=875/2500 loss=7.96e-5
  derivmatch lr=0.001 iter=1000/2500 loss=7.574e-5
  derivmatch lr=0.001 iter=1125/2500 loss=7.198e-5
  derivmatch lr=0.001 iter=1250/2500 loss=6.834e-5
  derivmatch lr=0.001 iter=1375/2500 loss=6.481e-5
  derivmatch lr=0.001 iter=1500/2500 loss=6.349e-5
  derivmatch lr=0.001 iter=1625/2500 loss=6.055e-5
  derivmatch lr=0.001 iter=1750/2500 loss=9.931e-5
  derivmatch lr=0.001 iter=1875/2500 loss=5.614e-5
  derivmatch lr=0.001 iter=2000/2500 loss=5.435e-5
  derivmatch lr=0.001 iter=2125/2500 loss=7.81e-5
  derivmatch lr=0.001 iter=2250/2500 loss=7.19e-5
  derivmatch lr=0.001 iter=2375/2500 loss=6.398e-5
  derivmatch lr=0.001 iter=2500/2500 loss=5.274e-5
  derivmatch lr=0.001 iter=2500/2500 loss=4.735e-5
  derivmatch lr=0.0003 iter=80/1600 loss=4.765e-5
  derivmatch lr=0.0003 iter=160/1600 loss=4.699e-5
  derivmatch lr=0.0003 iter=240/1600 loss=4.666e-5
  derivmatch lr=0.0003 iter=320/1600 loss=4.628e-5
  derivmatch lr=0.0003 iter=400/1600 loss=4.586e-5
  derivmatch lr=0.0003 iter=480/1600 loss=4.54e-5
  derivmatch lr=0.0003 iter=560/1600 loss=4.489e-5
  derivmatch lr=0.0003 iter=640/1600 loss=4.435e-5
  derivmatch lr=0.0003 iter=720/1600 loss=4.377e-5
  derivmatch lr=0.0003 iter=800/1600 loss=4.317e-5
  derivmatch lr=0.0003 iter=880/1600 loss=4.253e-5
  derivmatch lr=0.0003 iter=960/1600 loss=4.187e-5
  derivmatch lr=0.0003 iter=1040/1600 loss=4.118e-5
  derivmatch lr=0.0003 iter=1120/1600 loss=4.048e-5
  derivmatch lr=0.0003 iter=1200/1600 loss=3.975e-5
  derivmatch lr=0.0003 iter=1280/1600 loss=3.9e-5
  derivmatch lr=0.0003 iter=1360/1600 loss=3.824e-5
  derivmatch lr=0.0003 iter=1440/1600 loss=3.746e-5
  derivmatch lr=0.0003 iter=1520/1600 loss=3.668e-5
  derivmatch lr=0.0003 iter=1600/1600 loss=3.588e-5
  derivmatch lr=0.0003 iter=1600/1600 loss=3.588e-5
derivative matching [28s]  fitloss=3.59e-5
  [derivative matching]  nrmse=0.0002912  l2=0.01238
  shooting iter=50/1000 loss=0.002828
  shooting iter=100/1000 loss=0.003462
  shooting iter=150/1000 loss=0.003138
  shooting iter=200/1000 loss=0.004639
  shooting iter=250/1000 loss=0.001213
  shooting iter=300/1000 loss=0.001486
  shooting iter=350/1000 loss=0.001996
  shooting iter=400/1000 loss=0.004407
  shooting iter=450/1000 loss=0.002094
  shooting iter=500/1000 loss=0.0009202
  shooting iter=550/1000 loss=0.00189
  shooting iter=600/1000 loss=0.002827
  shooting iter=650/1000 loss=0.001004
  shooting iter=700/1000 loss=0.004386
  shooting iter=750/1000 loss=0.00371
  shooting iter=800/1000 loss=0.0009076
  shooting iter=850/1000 loss=0.003926
  shooting iter=900/1000 loss=0.002132
  shooting iter=950/1000 loss=0.004019
  shooting iter=1000/1000 loss=0.001823
  shooting iter=1000/1000 loss=0.0001655
shooting [351s]  loss=0.000166
  [final]  nrmse=0.0002912  l2=0.01238
extrapolation window: T=15.0 -> T_test=30.0  n_test=600
  [train]  E_traj=1.534e-7  E_VF=1.289e-5  E_spec=0.614
  [test ]  E_traj=1.563e6  E_VF=19370.0  E_spec=0.8956
saved /orcd/home/002/txenakis/projects/BVPsolver/src/../data/runs/run_ZlPEqlgN/davis-skodje_fit.png
saved /orcd/home/002/txenakis/projects/BVPsolver/src/../data/runs/run_ZlPEqlgN/davis-skodje_fit_extrapolated.png
saved /orcd/home/002/txenakis/projects/BVPsolver/src/../data/runs/run_ZlPEqlgN/davis-skodje_spectral_fit_extrapolated.png
saved /orcd/home/002/txenakis/projects/BVPsolver/src/../data/runs/run_ZlPEqlgN/davis-skodje_vf_fit_extrapolated.png
┌ Warning: Attempting to store StiffNN.var"#22#23"{Float64}.
│ JLD2 only stores functions by name.
│  This may not be useful for anonymous functions.
└ @ JLD2 ~/.julia/packages/JLD2/ADycq/src/data/writing_datatypes.jl:447
saved run → /orcd/home/002/txenakis/projects/BVPsolver/src/../data/runs/run_ZlPEqlgN
