dahlquist  model=stiff width=8 d=1 tlen=50 profile=fast seed=809  solver=Rodas5  N=114
  derivmatch lr=0.01 iter=170/3400 loss=0.004108
  derivmatch lr=0.01 iter=340/3400 loss=0.0003814
  derivmatch lr=0.01 iter=510/3400 loss=0.0002329
  derivmatch lr=0.01 iter=680/3400 loss=0.0002174
  derivmatch lr=0.01 iter=850/3400 loss=0.0002045
  derivmatch lr=0.01 iter=1020/3400 loss=0.000193
  derivmatch lr=0.01 iter=1190/3400 loss=0.0001827
  derivmatch lr=0.01 iter=1360/3400 loss=0.0001736
  derivmatch lr=0.01 iter=1530/3400 loss=0.0001654
  derivmatch lr=0.01 iter=1700/3400 loss=0.0001578
  derivmatch lr=0.01 iter=1870/3400 loss=0.0001508
  derivmatch lr=0.01 iter=2040/3400 loss=0.0001441
  derivmatch lr=0.01 iter=2210/3400 loss=0.0001377
  derivmatch lr=0.01 iter=2380/3400 loss=0.0001316
  derivmatch lr=0.01 iter=2550/3400 loss=0.0001256
  derivmatch lr=0.01 iter=2720/3400 loss=0.0001199
  derivmatch lr=0.01 iter=2890/3400 loss=0.0001143
  derivmatch lr=0.01 iter=3060/3400 loss=0.0001089
  derivmatch lr=0.01 iter=3230/3400 loss=0.0001037
  derivmatch lr=0.01 iter=3400/3400 loss=9.857e-5
  derivmatch lr=0.01 iter=3400/3400 loss=9.857e-5
  derivmatch lr=0.003 iter=125/2500 loss=8.084e-5
  derivmatch lr=0.003 iter=250/2500 loss=6.738e-5
  derivmatch lr=0.003 iter=375/2500 loss=5.793e-5
  derivmatch lr=0.003 iter=500/2500 loss=5.171e-5
  derivmatch lr=0.003 iter=625/2500 loss=4.759e-5
  derivmatch lr=0.003 iter=750/2500 loss=4.482e-5
  derivmatch lr=0.003 iter=875/2500 loss=4.276e-5
  derivmatch lr=0.003 iter=1000/2500 loss=4.067e-5
  derivmatch lr=0.003 iter=1125/2500 loss=3.807e-5
  derivmatch lr=0.003 iter=1250/2500 loss=3.544e-5
  derivmatch lr=0.003 iter=1375/2500 loss=3.279e-5
  derivmatch lr=0.003 iter=1500/2500 loss=3.003e-5
  derivmatch lr=0.003 iter=1625/2500 loss=2.737e-5
  derivmatch lr=0.003 iter=1750/2500 loss=2.488e-5
  derivmatch lr=0.003 iter=1875/2500 loss=2.299e-5
  derivmatch lr=0.003 iter=2000/2500 loss=2.383e-5
  derivmatch lr=0.003 iter=2125/2500 loss=1.929e-5
  derivmatch lr=0.003 iter=2250/2500 loss=1.717e-5
  derivmatch lr=0.003 iter=2375/2500 loss=3.691e-5
  derivmatch lr=0.003 iter=2500/2500 loss=8.788e-6
  derivmatch lr=0.003 iter=2500/2500 loss=8.788e-6
  derivmatch lr=0.001 iter=125/2500 loss=7.987e-6
  derivmatch lr=0.001 iter=250/2500 loss=7.021e-6
  derivmatch lr=0.001 iter=375/2500 loss=6.048e-6
  derivmatch lr=0.001 iter=500/2500 loss=5.26e-6
  derivmatch lr=0.001 iter=625/2500 loss=4.709e-6
  derivmatch lr=0.001 iter=750/2500 loss=4.366e-6
  derivmatch lr=0.001 iter=875/2500 loss=4.167e-6
  derivmatch lr=0.001 iter=1000/2500 loss=4.049e-6
  derivmatch lr=0.001 iter=1125/2500 loss=3.965e-6
  derivmatch lr=0.001 iter=1250/2500 loss=3.891e-6
  derivmatch lr=0.001 iter=1375/2500 loss=3.816e-6
  derivmatch lr=0.001 iter=1500/2500 loss=3.775e-6
  derivmatch lr=0.001 iter=1625/2500 loss=3.67e-6
  derivmatch lr=0.001 iter=1750/2500 loss=3.596e-6
  derivmatch lr=0.001 iter=1875/2500 loss=3.529e-6
  derivmatch lr=0.001 iter=2000/2500 loss=3.462e-6
  derivmatch lr=0.001 iter=2125/2500 loss=1.426e-5
  derivmatch lr=0.001 iter=2250/2500 loss=3.332e-6
  derivmatch lr=0.001 iter=2375/2500 loss=3.27e-6
  derivmatch lr=0.001 iter=2500/2500 loss=4.29e-6
  derivmatch lr=0.001 iter=2500/2500 loss=3.223e-6
  derivmatch lr=0.0003 iter=80/1600 loss=3.221e-6
  derivmatch lr=0.0003 iter=160/1600 loss=3.212e-6
  derivmatch lr=0.0003 iter=240/1600 loss=3.204e-6
  derivmatch lr=0.0003 iter=320/1600 loss=3.194e-6
  derivmatch lr=0.0003 iter=400/1600 loss=3.183e-6
  derivmatch lr=0.0003 iter=480/1600 loss=3.17e-6
  derivmatch lr=0.0003 iter=560/1600 loss=3.157e-6
  derivmatch lr=0.0003 iter=640/1600 loss=3.142e-6
  derivmatch lr=0.0003 iter=720/1600 loss=3.127e-6
  derivmatch lr=0.0003 iter=800/1600 loss=3.11e-6
  derivmatch lr=0.0003 iter=880/1600 loss=3.092e-6
  derivmatch lr=0.0003 iter=960/1600 loss=3.074e-6
  derivmatch lr=0.0003 iter=1040/1600 loss=3.055e-6
  derivmatch lr=0.0003 iter=1120/1600 loss=3.035e-6
  derivmatch lr=0.0003 iter=1200/1600 loss=3.015e-6
  derivmatch lr=0.0003 iter=1280/1600 loss=2.994e-6
  derivmatch lr=0.0003 iter=1360/1600 loss=2.972e-6
  derivmatch lr=0.0003 iter=1440/1600 loss=2.95e-6
  derivmatch lr=0.0003 iter=1520/1600 loss=2.927e-6
  derivmatch lr=0.0003 iter=1600/1600 loss=2.904e-6
  derivmatch lr=0.0003 iter=1600/1600 loss=2.904e-6
derivative matching [32s]  fitloss=2.9e-6
  [derivative matching]  nrmse=0.001032  l2=0.007294
  shooting iter=50/1000 loss=0.0001497
  shooting iter=100/1000 loss=0.0002582
  shooting iter=150/1000 loss=0.0002179
  shooting iter=200/1000 loss=0.0004204
  shooting iter=250/1000 loss=0.0002696
  shooting iter=300/1000 loss=0.0001646
  shooting iter=350/1000 loss=0.0007227
  shooting iter=400/1000 loss=0.0001288
  shooting iter=450/1000 loss=0.001422
  shooting iter=500/1000 loss=0.0001797
  shooting iter=550/1000 loss=0.0002105
  shooting iter=600/1000 loss=0.0002838
  shooting iter=650/1000 loss=0.0002456
  shooting iter=700/1000 loss=0.0003052
  shooting iter=750/1000 loss=0.0001897
  shooting iter=800/1000 loss=0.0002435
  shooting iter=850/1000 loss=0.000238
  shooting iter=900/1000 loss=0.0002854
  shooting iter=950/1000 loss=0.0002251
  shooting iter=1000/1000 loss=0.0002352
  shooting iter=1000/1000 loss=5.411e-5
shooting [61s]  loss=5.41e-5
  [final]  nrmse=9.217e-5  l2=0.0006518
  trajectory_parameter_sensitivity_rms = 0.4791
extrapolation window: T=1.0 -> T_test=2.0  n_test=100
  [train]  E_traj=5.457e-8  E_VF=5.811e-6  E_spec=0.01585
  [test ]  E_traj=1.8300000000000001e28  E_VF=2.522e28  E_spec=0.03056
saved /orcd/home/002/txenakis/projects/BVPsolver/src/../data/runs/run_B55x001A/dahlquist_fit.png
saved /orcd/home/002/txenakis/projects/BVPsolver/src/../data/runs/run_B55x001A/dahlquist_fit_extrapolated.png
saved /orcd/home/002/txenakis/projects/BVPsolver/src/../data/runs/run_B55x001A/dahlquist_spectral_fit_extrapolated.png
saved /orcd/home/002/txenakis/projects/BVPsolver/src/../data/runs/run_B55x001A/dahlquist_vf_fit_extrapolated.png
┌ Warning: Attempting to store StiffNN.var"#25#26"{Float64}.
│ JLD2 only stores functions by name.
│  This may not be useful for anonymous functions.
└ @ JLD2 ~/.julia/packages/JLD2/ADycq/src/data/writing_datatypes.jl:447
saved run → /orcd/home/002/txenakis/projects/BVPsolver/src/../data/runs/run_B55x001A
