vanderpol  model=stiff width=12 d=2 tlen=123 profile=fast seed=43  solver=Kvaerno5  N=268
  derivmatch lr=0.01 iter=170/3400 loss=9.851
  derivmatch lr=0.01 iter=340/3400 loss=9.795
  derivmatch lr=0.01 iter=510/3400 loss=3.685
  derivmatch lr=0.01 iter=680/3400 loss=4.743
  derivmatch lr=0.01 iter=850/3400 loss=4.591
  derivmatch lr=0.01 iter=1020/3400 loss=5.278
  derivmatch lr=0.01 iter=1190/3400 loss=4.944
  derivmatch lr=0.01 iter=1360/3400 loss=5.188
  derivmatch lr=0.01 iter=1530/3400 loss=3.896
  derivmatch lr=0.01 iter=1700/3400 loss=5.43
  derivmatch lr=0.01 iter=1870/3400 loss=4.325
  derivmatch lr=0.01 iter=2040/3400 loss=5.785
  derivmatch lr=0.01 iter=2210/3400 loss=2.455
  derivmatch lr=0.01 iter=2380/3400 loss=2.528
  derivmatch lr=0.01 iter=2550/3400 loss=2.031
  derivmatch lr=0.01 iter=2720/3400 loss=5.045
  derivmatch lr=0.01 iter=2890/3400 loss=6.715
  derivmatch lr=0.01 iter=3060/3400 loss=0.5817
  derivmatch lr=0.01 iter=3230/3400 loss=3.498
  derivmatch lr=0.01 iter=3400/3400 loss=2.374
  derivmatch lr=0.01 iter=3400/3400 loss=0.09792
  derivmatch lr=0.003 iter=125/2500 loss=0.06007
  derivmatch lr=0.003 iter=250/2500 loss=0.04218
  derivmatch lr=0.003 iter=375/2500 loss=0.03699
  derivmatch lr=0.003 iter=500/2500 loss=0.03476
  derivmatch lr=0.003 iter=625/2500 loss=0.03325
  derivmatch lr=0.003 iter=750/2500 loss=0.03285
  derivmatch lr=0.003 iter=875/2500 loss=0.03207
  derivmatch lr=0.003 iter=1000/2500 loss=0.03197
  derivmatch lr=0.003 iter=1125/2500 loss=0.03139
  derivmatch lr=0.003 iter=1250/2500 loss=0.03138
  derivmatch lr=0.003 iter=1375/2500 loss=0.0309
  derivmatch lr=0.003 iter=1500/2500 loss=0.03095
  derivmatch lr=0.003 iter=1625/2500 loss=0.03052
  derivmatch lr=0.003 iter=1750/2500 loss=0.03059
  derivmatch lr=0.003 iter=1875/2500 loss=0.0302
  derivmatch lr=0.003 iter=2000/2500 loss=0.03028
  derivmatch lr=0.003 iter=2125/2500 loss=0.0299
  derivmatch lr=0.003 iter=2250/2500 loss=0.03206
  derivmatch lr=0.003 iter=2375/2500 loss=0.03075
  derivmatch lr=0.003 iter=2500/2500 loss=0.03421
  derivmatch lr=0.003 iter=2500/2500 loss=0.003103
  derivmatch lr=0.001 iter=125/2500 loss=0.002202
  derivmatch lr=0.001 iter=250/2500 loss=0.00204
  derivmatch lr=0.001 iter=375/2500 loss=0.001971
  derivmatch lr=0.001 iter=500/2500 loss=0.001909
  derivmatch lr=0.001 iter=625/2500 loss=0.03628
  derivmatch lr=0.001 iter=750/2500 loss=0.004908
  derivmatch lr=0.001 iter=875/2500 loss=0.002404
  derivmatch lr=0.001 iter=1000/2500 loss=0.001751
  derivmatch lr=0.001 iter=1125/2500 loss=0.007294
  derivmatch lr=0.001 iter=1250/2500 loss=0.005182
  derivmatch lr=0.001 iter=1375/2500 loss=0.002194
  derivmatch lr=0.001 iter=1500/2500 loss=0.001605
  derivmatch lr=0.001 iter=1625/2500 loss=0.01161
  derivmatch lr=0.001 iter=1750/2500 loss=0.001518
  derivmatch lr=0.001 iter=1875/2500 loss=0.001476
  derivmatch lr=0.001 iter=2000/2500 loss=0.001717
  derivmatch lr=0.001 iter=2125/2500 loss=0.001683
  derivmatch lr=0.001 iter=2250/2500 loss=0.002399
  derivmatch lr=0.001 iter=2375/2500 loss=0.00958
  derivmatch lr=0.001 iter=2500/2500 loss=0.00443
  derivmatch lr=0.001 iter=2500/2500 loss=0.001326
  derivmatch lr=0.0003 iter=80/1600 loss=0.001383
  derivmatch lr=0.0003 iter=160/1600 loss=0.001307
  derivmatch lr=0.0003 iter=240/1600 loss=0.001285
  derivmatch lr=0.0003 iter=320/1600 loss=0.001266
  derivmatch lr=0.0003 iter=400/1600 loss=0.001249
  derivmatch lr=0.0003 iter=480/1600 loss=0.001231
  derivmatch lr=0.0003 iter=560/1600 loss=0.001213
  derivmatch lr=0.0003 iter=640/1600 loss=0.001196
  derivmatch lr=0.0003 iter=720/1600 loss=0.001179
  derivmatch lr=0.0003 iter=800/1600 loss=0.001161
  derivmatch lr=0.0003 iter=880/1600 loss=0.001144
  derivmatch lr=0.0003 iter=960/1600 loss=0.001129
  derivmatch lr=0.0003 iter=1040/1600 loss=0.001109
  derivmatch lr=0.0003 iter=1120/1600 loss=0.001092
  derivmatch lr=0.0003 iter=1200/1600 loss=0.001075
  derivmatch lr=0.0003 iter=1280/1600 loss=0.001059
  derivmatch lr=0.0003 iter=1360/1600 loss=0.001043
  derivmatch lr=0.0003 iter=1440/1600 loss=0.001035
  derivmatch lr=0.0003 iter=1520/1600 loss=0.001013
  derivmatch lr=0.0003 iter=1600/1600 loss=0.001006
  derivmatch lr=0.0003 iter=1600/1600 loss=0.001006
derivative matching [29s]  fitloss=0.00101
  [derivative matching]  nrmse=0.5503  l2=493.8
  collocation: M=136 residuals=1056  detecting sparsity + solving...

Algorithm: LevenbergMarquardt(
    trustregion = LevenbergMarquardtTrustRegion(
        β_uphill = 0.0
    ),
    descent = GeodesicAcceleration(
        descent = DampedNewtonDescent(
            linsolve = KLUFactorization(
                reuse_symbolic = true,
                check_pattern = true
            ),
            initial_damping = 1.0,
            damping_fn = LevenbergMarquardtDampingFunction(
                increase_factor = 2.0,
                decrease_factor = 3.0,
                min_damping = 1.0e-8
            ),
            min_norm_mode = :auto
        ),
        finite_diff_step_geodesic = 0.1,
        α = 0.75
    ),
    autodiff = AutoForwardDiff(),
    vjp_autodiff = AutoFiniteDiff(
        fdtype = Val{:forward}(),
        fdjtype = Val{:forward}(),
        fdhtype = Val{:hcentral}(),
        dir = true
    ),
    jvp_autodiff = AutoForwardDiff(),
    concrete_jac = Val{true}()
)

----    	-------------       	-----------         
Iter    	f(u) 2-norm         	Step 2-norm         
----    	-------------       	-----------         
0       	2.32257630e+02      	NaN                 
1       	1.50760783e+02      	5.17529394e-02      
8       	2.28215091e+02      	1.63651805e-01      
15      	1.34401372e+02      	2.61219540e-01      
22      	1.52773550e+03      	4.83779130e-01      
29      	2.52407403e+03      	7.65417856e-01      
36      	1.66384411e+03      	5.99023391e-01      
43      	3.44883113e+03      	0.00000000e+00      
50      	3.01538435e+03      	4.20497940e-01      
57      	7.26642951e+03      	9.41791646e-01      
64      	6.49819800e+02      	6.85840947e-01      
71      	5.53326930e+02      	5.96700481e-01      
78      	6.51154943e+02      	5.24391232e-01      
85      	3.15637723e+03      	0.00000000e+00      
92      	2.06817639e+02      	2.77638698e-01      
99      	1.47202183e+03      	0.00000000e+00      
106     	1.38083360e+03      	5.78771869e-01      
113     	1.29245522e+02      	0.00000000e+00      
120     	2.40952222e+03      	5.90112426e-01      
127     	2.02849975e+02      	2.44863708e-01      
134     	1.61341426e+02      	2.15062362e-01      
141     	4.48908834e+01      	0.00000000e+00      
148     	9.21447484e+01      	0.00000000e+00      
Final   	8.02795706e+00      
----------------------      
  AMR 1/1: M=136  err=8.66  obs=1.57e-9  nrmse=0.34  best=0.34  refined=0
collocation [29s]
  [final]  nrmse=0.34  l2=490.6
extrapolation window: T=200.0 -> T_test=400.0  n_test=246
  [train]  E_traj=1.054  E_VF=0.02288  E_spec=0.1944
  [test ]  E_traj=1.215  E_VF=83.98  E_spec=0.2131
saved /orcd/home/002/txenakis/projects/BVPsolver/src/../data/runs/run_TRGWX8uS/vanderpol_fit.png
saved /orcd/home/002/txenakis/projects/BVPsolver/src/../data/runs/run_TRGWX8uS/vanderpol_fit_extrapolated.png
saved /orcd/home/002/txenakis/projects/BVPsolver/src/../data/runs/run_TRGWX8uS/vanderpol_spectral_fit_extrapolated.png
saved /orcd/home/002/txenakis/projects/BVPsolver/src/../data/runs/run_TRGWX8uS/vanderpol_vf_fit_extrapolated.png
┌ Warning: Attempting to store StiffNN.var"#14#15"{Float64}.
│ JLD2 only stores functions by name.
│  This may not be useful for anonymous functions.
└ @ JLD2 ~/.julia/packages/JLD2/ADycq/src/data/writing_datatypes.jl:447
saved run → /orcd/home/002/txenakis/projects/BVPsolver/src/../data/runs/run_TRGWX8uS
