davis-skodje  model=GELU-scaled width=7 d=2 tlen=300 profile=fast seed=343  solver=Rodas5P  N=317
  derivmatch lr=0.01 iter=170/3400 loss=1.145
  derivmatch lr=0.01 iter=340/3400 loss=0.2586
  derivmatch lr=0.01 iter=510/3400 loss=0.08312
  derivmatch lr=0.01 iter=680/3400 loss=0.05929
  derivmatch lr=0.01 iter=850/3400 loss=0.01778
  derivmatch lr=0.01 iter=1020/3400 loss=0.5389
  derivmatch lr=0.01 iter=1190/3400 loss=0.07685
  derivmatch lr=0.01 iter=1360/3400 loss=0.03015
  derivmatch lr=0.01 iter=1530/3400 loss=0.01757
  derivmatch lr=0.01 iter=1700/3400 loss=0.01317
  derivmatch lr=0.01 iter=1870/3400 loss=0.01188
  derivmatch lr=0.01 iter=2040/3400 loss=0.01095
  derivmatch lr=0.01 iter=2210/3400 loss=0.01017
  derivmatch lr=0.01 iter=2380/3400 loss=0.009466
  derivmatch lr=0.01 iter=2550/3400 loss=0.008521
  derivmatch lr=0.01 iter=2720/3400 loss=0.008416
  derivmatch lr=0.01 iter=2890/3400 loss=0.007545
  derivmatch lr=0.01 iter=3060/3400 loss=0.01025
  derivmatch lr=0.01 iter=3230/3400 loss=0.007123
  derivmatch lr=0.01 iter=3400/3400 loss=0.006805
  derivmatch lr=0.01 iter=3400/3400 loss=0.00533
  derivmatch lr=0.003 iter=125/2500 loss=0.001458
  derivmatch lr=0.003 iter=250/2500 loss=0.00115
  derivmatch lr=0.003 iter=375/2500 loss=0.001256
  derivmatch lr=0.003 iter=500/2500 loss=0.001051
  derivmatch lr=0.003 iter=625/2500 loss=0.001124
  derivmatch lr=0.003 iter=750/2500 loss=0.00115
  derivmatch lr=0.003 iter=875/2500 loss=0.001393
  derivmatch lr=0.003 iter=1000/2500 loss=0.00156
  derivmatch lr=0.003 iter=1125/2500 loss=0.001525
  derivmatch lr=0.003 iter=1250/2500 loss=0.001558
  derivmatch lr=0.003 iter=1375/2500 loss=0.001472
  derivmatch lr=0.003 iter=1500/2500 loss=0.001405
  derivmatch lr=0.003 iter=1625/2500 loss=0.001392
  derivmatch lr=0.003 iter=1750/2500 loss=0.001697
  derivmatch lr=0.003 iter=1875/2500 loss=0.001388
  derivmatch lr=0.003 iter=2000/2500 loss=0.001635
  derivmatch lr=0.003 iter=2125/2500 loss=0.001639
  derivmatch lr=0.003 iter=2250/2500 loss=0.001197
  derivmatch lr=0.003 iter=2375/2500 loss=0.0009404
  derivmatch lr=0.003 iter=2500/2500 loss=0.0009457
  derivmatch lr=0.003 iter=2500/2500 loss=0.0008651
  derivmatch lr=0.001 iter=125/2500 loss=0.0008483
  derivmatch lr=0.001 iter=250/2500 loss=0.0008165
  derivmatch lr=0.001 iter=375/2500 loss=0.0007904
  derivmatch lr=0.001 iter=500/2500 loss=0.0007635
  derivmatch lr=0.001 iter=625/2500 loss=0.0007367
  derivmatch lr=0.001 iter=750/2500 loss=0.0007102
  derivmatch lr=0.001 iter=875/2500 loss=0.0006841
  derivmatch lr=0.001 iter=1000/2500 loss=0.0006585
  derivmatch lr=0.001 iter=1125/2500 loss=0.0006998
  derivmatch lr=0.001 iter=1250/2500 loss=0.0006127
  derivmatch lr=0.001 iter=1375/2500 loss=0.0005914
  derivmatch lr=0.001 iter=1500/2500 loss=0.0005712
  derivmatch lr=0.001 iter=1625/2500 loss=0.001147
  derivmatch lr=0.001 iter=1750/2500 loss=0.0007741
  derivmatch lr=0.001 iter=1875/2500 loss=0.0005494
  derivmatch lr=0.001 iter=2000/2500 loss=0.0005156
  derivmatch lr=0.001 iter=2125/2500 loss=0.0005225
  derivmatch lr=0.001 iter=2250/2500 loss=0.0007682
  derivmatch lr=0.001 iter=2375/2500 loss=0.0004873
  derivmatch lr=0.001 iter=2500/2500 loss=0.0004313
  derivmatch lr=0.001 iter=2500/2500 loss=0.0004266
  derivmatch lr=0.0003 iter=80/1600 loss=0.0004255
  derivmatch lr=0.0003 iter=160/1600 loss=0.0004219
  derivmatch lr=0.0003 iter=240/1600 loss=0.0004195
  derivmatch lr=0.0003 iter=320/1600 loss=0.0004167
  derivmatch lr=0.0003 iter=400/1600 loss=0.0004135
  derivmatch lr=0.0003 iter=480/1600 loss=0.0004099
  derivmatch lr=0.0003 iter=560/1600 loss=0.000406
  derivmatch lr=0.0003 iter=640/1600 loss=0.0004017
  derivmatch lr=0.0003 iter=720/1600 loss=0.0003971
  derivmatch lr=0.0003 iter=800/1600 loss=0.0003922
  derivmatch lr=0.0003 iter=880/1600 loss=0.0003869
  derivmatch lr=0.0003 iter=960/1600 loss=0.0003813
  derivmatch lr=0.0003 iter=1040/1600 loss=0.0003754
  derivmatch lr=0.0003 iter=1120/1600 loss=0.0003691
  derivmatch lr=0.0003 iter=1200/1600 loss=0.0003625
  derivmatch lr=0.0003 iter=1280/1600 loss=0.0003556
  derivmatch lr=0.0003 iter=1360/1600 loss=0.0003484
  derivmatch lr=0.0003 iter=1440/1600 loss=0.0003425
  derivmatch lr=0.0003 iter=1520/1600 loss=0.0003346
  derivmatch lr=0.0003 iter=1600/1600 loss=0.0003274
  derivmatch lr=0.0003 iter=1600/1600 loss=0.0003274
derivative matching [30s]  fitloss=0.000327
  [derivative matching]  nrmse=0.01407  l2=0.3512
  shooting iter=50/1000 loss=0.02239
  shooting iter=100/1000 loss=0.01393
  shooting iter=150/1000 loss=0.00813
  shooting iter=200/1000 loss=0.002269
  shooting iter=250/1000 loss=0.001716
  shooting iter=300/1000 loss=0.001336
  shooting iter=350/1000 loss=0.001173
  shooting iter=400/1000 loss=0.001048
  shooting iter=450/1000 loss=0.001569
  shooting iter=500/1000 loss=0.00161
  shooting iter=550/1000 loss=0.001129
  shooting iter=600/1000 loss=0.0009867
  shooting iter=650/1000 loss=0.0008984
  shooting iter=700/1000 loss=0.001797
  shooting iter=750/1000 loss=0.000858
  shooting iter=800/1000 loss=0.001882
  shooting iter=850/1000 loss=0.0009184
  shooting iter=900/1000 loss=0.001924
  shooting iter=950/1000 loss=0.001946
  shooting iter=1000/1000 loss=0.0007147
  shooting iter=1000/1000 loss=0.0005309
shooting [660s]  loss=0.000531
  [final]  nrmse=0.0008649  l2=0.03256
extrapolation window: T=15.0 -> T_test=30.0  n_test=600
  [train]  E_traj=1.634e-6  E_VF=0.0003776  E_spec=0.2767
  [test ]  E_traj=1.891e9  E_VF=1.139e8  E_spec=0.8766
saved /orcd/home/002/txenakis/projects/BVPsolver/src/../data/runs/run_aEbNyh4k/davis-skodje_fit.png
saved /orcd/home/002/txenakis/projects/BVPsolver/src/../data/runs/run_aEbNyh4k/davis-skodje_fit_extrapolated.png
saved /orcd/home/002/txenakis/projects/BVPsolver/src/../data/runs/run_aEbNyh4k/davis-skodje_spectral_fit_extrapolated.png
saved /orcd/home/002/txenakis/projects/BVPsolver/src/../data/runs/run_aEbNyh4k/davis-skodje_vf_fit_extrapolated.png
┌ Warning: Attempting to store StiffNN.var"#22#23"{Float64}.
│ JLD2 only stores functions by name.
│  This may not be useful for anonymous functions.
└ @ JLD2 ~/.julia/packages/JLD2/ADycq/src/data/writing_datatypes.jl:447
saved run → /orcd/home/002/txenakis/projects/BVPsolver/src/../data/runs/run_aEbNyh4k
