davis-skodje  model=stiff width=12 d=2 tlen=300 profile=fast seed=332  solver=Rodas5P  N=268
  derivmatch lr=0.01 iter=170/3400 loss=0.03857
  derivmatch lr=0.01 iter=340/3400 loss=0.005644
  derivmatch lr=0.01 iter=510/3400 loss=0.003418
  derivmatch lr=0.01 iter=680/3400 loss=0.002317
  derivmatch lr=0.01 iter=850/3400 loss=0.001512
  derivmatch lr=0.01 iter=1020/3400 loss=0.0009778
  derivmatch lr=0.01 iter=1190/3400 loss=0.0006897
  derivmatch lr=0.01 iter=1360/3400 loss=0.0005371
  derivmatch lr=0.01 iter=1530/3400 loss=0.0004465
  derivmatch lr=0.01 iter=1700/3400 loss=0.0003832
  derivmatch lr=0.01 iter=1870/3400 loss=0.0003326
  derivmatch lr=0.01 iter=2040/3400 loss=0.0002895
  derivmatch lr=0.01 iter=2210/3400 loss=0.0002518
  derivmatch lr=0.01 iter=2380/3400 loss=0.0002191
  derivmatch lr=0.01 iter=2550/3400 loss=0.000191
  derivmatch lr=0.01 iter=2720/3400 loss=0.000167
  derivmatch lr=0.01 iter=2890/3400 loss=0.0001467
  derivmatch lr=0.01 iter=3060/3400 loss=0.0001296
  derivmatch lr=0.01 iter=3230/3400 loss=0.000115
  derivmatch lr=0.01 iter=3400/3400 loss=0.0001024
  derivmatch lr=0.01 iter=3400/3400 loss=0.0001024
  derivmatch lr=0.003 iter=125/2500 loss=7.874e-5
  derivmatch lr=0.003 iter=250/2500 loss=6.002e-5
  derivmatch lr=0.003 iter=375/2500 loss=4.467e-5
  derivmatch lr=0.003 iter=500/2500 loss=3.363e-5
  derivmatch lr=0.003 iter=625/2500 loss=2.664e-5
  derivmatch lr=0.003 iter=750/2500 loss=2.258e-5
  derivmatch lr=0.003 iter=875/2500 loss=1.921e-5
  derivmatch lr=0.003 iter=1000/2500 loss=1.672e-5
  derivmatch lr=0.003 iter=1125/2500 loss=1.588e-5
  derivmatch lr=0.003 iter=1250/2500 loss=1.338e-5
  derivmatch lr=0.003 iter=1375/2500 loss=1.297e-5
  derivmatch lr=0.003 iter=1500/2500 loss=1.097e-5
  derivmatch lr=0.003 iter=1625/2500 loss=1.096e-5
  derivmatch lr=0.003 iter=1750/2500 loss=9.08e-6
  derivmatch lr=0.003 iter=1875/2500 loss=8.52e-6
  derivmatch lr=0.003 iter=2000/2500 loss=7.555e-6
  derivmatch lr=0.003 iter=2125/2500 loss=7.006e-6
  derivmatch lr=0.003 iter=2250/2500 loss=6.295e-6
  derivmatch lr=0.003 iter=2375/2500 loss=5.833e-6
  derivmatch lr=0.003 iter=2500/2500 loss=5.256e-6
  derivmatch lr=0.003 iter=2500/2500 loss=5.256e-6
  derivmatch lr=0.001 iter=125/2500 loss=5.01e-6
  derivmatch lr=0.001 iter=250/2500 loss=4.836e-6
  derivmatch lr=0.001 iter=375/2500 loss=4.617e-6
  derivmatch lr=0.001 iter=500/2500 loss=4.367e-6
  derivmatch lr=0.001 iter=625/2500 loss=4.122e-6
  derivmatch lr=0.001 iter=750/2500 loss=3.888e-6
  derivmatch lr=0.001 iter=875/2500 loss=3.647e-6
  derivmatch lr=0.001 iter=1000/2500 loss=4.831e-6
  derivmatch lr=0.001 iter=1125/2500 loss=3.206e-6
  derivmatch lr=0.001 iter=1250/2500 loss=3.003e-6
  derivmatch lr=0.001 iter=1375/2500 loss=2.867e-6
  derivmatch lr=0.001 iter=1500/2500 loss=2.647e-6
  derivmatch lr=0.001 iter=1625/2500 loss=2.486e-6
  derivmatch lr=0.001 iter=1750/2500 loss=2.369e-6
  derivmatch lr=0.001 iter=1875/2500 loss=2.209e-6
  derivmatch lr=0.001 iter=2000/2500 loss=2.084e-6
  derivmatch lr=0.001 iter=2125/2500 loss=2.018e-6
  derivmatch lr=0.001 iter=2250/2500 loss=1.875e-6
  derivmatch lr=0.001 iter=2375/2500 loss=1.781e-6
  derivmatch lr=0.001 iter=2500/2500 loss=1.761e-6
  derivmatch lr=0.001 iter=2500/2500 loss=1.72e-6
  derivmatch lr=0.0003 iter=80/1600 loss=1.698e-6
  derivmatch lr=0.0003 iter=160/1600 loss=1.683e-6
  derivmatch lr=0.0003 iter=240/1600 loss=1.67e-6
  derivmatch lr=0.0003 iter=320/1600 loss=1.655e-6
  derivmatch lr=0.0003 iter=400/1600 loss=1.639e-6
  derivmatch lr=0.0003 iter=480/1600 loss=1.62e-6
  derivmatch lr=0.0003 iter=560/1600 loss=1.6e-6
  derivmatch lr=0.0003 iter=640/1600 loss=1.579e-6
  derivmatch lr=0.0003 iter=720/1600 loss=1.556e-6
  derivmatch lr=0.0003 iter=800/1600 loss=1.533e-6
  derivmatch lr=0.0003 iter=880/1600 loss=1.509e-6
  derivmatch lr=0.0003 iter=960/1600 loss=1.486e-6
  derivmatch lr=0.0003 iter=1040/1600 loss=1.463e-6
  derivmatch lr=0.0003 iter=1120/1600 loss=1.44e-6
  derivmatch lr=0.0003 iter=1200/1600 loss=1.416e-6
  derivmatch lr=0.0003 iter=1280/1600 loss=1.392e-6
  derivmatch lr=0.0003 iter=1360/1600 loss=1.367e-6
  derivmatch lr=0.0003 iter=1440/1600 loss=1.344e-6
  derivmatch lr=0.0003 iter=1520/1600 loss=1.321e-6
  derivmatch lr=0.0003 iter=1600/1600 loss=1.299e-6
  derivmatch lr=0.0003 iter=1600/1600 loss=1.299e-6
derivative matching [33s]  fitloss=1.3e-6
  [derivative matching]  nrmse=9.032e-5  l2=0.003875
  collocation: M=300 residuals=2394  detecting sparsity + solving...

Algorithm: LevenbergMarquardt(
    trustregion = LevenbergMarquardtTrustRegion(
        β_uphill = 0.0
    ),
    descent = GeodesicAcceleration(
        descent = DampedNewtonDescent(
            linsolve = KLUFactorization(
                reuse_symbolic = true,
                check_pattern = true
            ),
            initial_damping = 1.0,
            damping_fn = LevenbergMarquardtDampingFunction(
                increase_factor = 2.0,
                decrease_factor = 3.0,
                min_damping = 1.0e-8
            ),
            min_norm_mode = :auto
        ),
        finite_diff_step_geodesic = 0.1,
        α = 0.75
    ),
    autodiff = AutoForwardDiff(),
    vjp_autodiff = AutoFiniteDiff(
        fdtype = Val{:forward}(),
        fdjtype = Val{:forward}(),
        fdhtype = Val{:hcentral}(),
        dir = true
    ),
    jvp_autodiff = AutoForwardDiff(),
    concrete_jac = Val{true}()
)

----    	-------------       	-----------         
Iter    	f(u) 2-norm         	Step 2-norm         
----    	-------------       	-----------         
0       	2.47145094e+01      	NaN                 
1       	1.15469234e+01      	2.48116668e-01      
8       	4.71036629e-03      	1.27085916e-02      
15      	9.13093580e-04      	6.81634897e-03      
22      	1.40268719e+00      	6.27003394e-01      
29      	2.14603549e-01      	0.00000000e+00      
36      	7.06807850e-01      	0.00000000e+00      
43      	2.58794854e-03      	0.00000000e+00      
50      	3.33879728e-01      	4.09377006e-01      
57      	4.73058021e-02      	0.00000000e+00      
64      	9.06806787e-04      	1.16155903e-01      
71      	4.36917843e-04      	0.00000000e+00      
78      	1.45006727e-04      	0.00000000e+00      
85      	5.29655568e-05      	4.31023153e-02      
92      	3.00557164e-04      	8.02807038e-02      
99      	1.17656083e-05      	0.00000000e+00      
106     	5.15244403e-02      	0.00000000e+00      
113     	2.45683266e-05      	3.81433924e-02      
120     	1.62508787e-03      	1.33338674e-01      
127     	3.82640277e-03      	0.00000000e+00      
134     	2.40597906e-03      	0.00000000e+00      
141     	4.59180431e-05      	3.85529214e-02      
148     	2.61520452e-03      	1.33227938e-01      
Final   	1.17656083e-05      
----------------------      
  AMR 1/3: M=300  err=4.25e-12  obs=4.32e-8  nrmse=7.05e-7  best=7.05e-7  refined=24
  collocation: M=324 residuals=2538  detecting sparsity + solving...

Algorithm: LevenbergMarquardt(
    trustregion = LevenbergMarquardtTrustRegion(
        β_uphill = 0.0
    ),
    descent = GeodesicAcceleration(
        descent = DampedNewtonDescent(
            linsolve = KLUFactorization(
                reuse_symbolic = true,
                check_pattern = true
            ),
            initial_damping = 1.0,
            damping_fn = LevenbergMarquardtDampingFunction(
                increase_factor = 2.0,
                decrease_factor = 3.0,
                min_damping = 1.0e-8
            ),
            min_norm_mode = :auto
        ),
        finite_diff_step_geodesic = 0.1,
        α = 0.75
    ),
    autodiff = AutoForwardDiff(),
    vjp_autodiff = AutoFiniteDiff(
        fdtype = Val{:forward}(),
        fdjtype = Val{:forward}(),
        fdhtype = Val{:hcentral}(),
        dir = true
    ),
    jvp_autodiff = AutoForwardDiff(),
    concrete_jac = Val{true}()
)

----    	-------------       	-----------         
Iter    	f(u) 2-norm         	Step 2-norm         
----    	-------------       	-----------         
0       	2.18548468e+01      	5.82688325e-317     
1       	9.66030991e+00      	3.44601179e-02      
8       	2.39438327e-02      	1.89649489e-03      
15      	6.97914385e-04      	1.62072427e-03      
22      	2.25579351e-06      	5.09684572e-04      
29      	2.70113516e-04      	3.35283207e-01      
36      	1.32761157e-01      	0.00000000e+00      
43      	2.89661849e-05      	0.00000000e+00      
50      	3.98629872e-01      	0.00000000e+00      
57      	1.90034463e-04      	0.00000000e+00      
64      	4.61091538e-05      	3.87336985e-02      
71      	4.40491915e-02      	0.00000000e+00      
78      	1.44554517e-04      	0.00000000e+00      
85      	2.41077111e-02      	0.00000000e+00      
92      	1.91584983e-02      	0.00000000e+00      
99      	1.12115553e-05      	0.00000000e+00      
106     	4.70835634e-04      	0.00000000e+00      
113     	1.05919473e-05      	2.05513097e-02      
120     	1.42882088e-03      	1.00962943e-01      
127     	8.31096115e-06      	0.00000000e+00      
134     	3.17274766e-06      	1.33495333e-02      
141     	8.42046863e-03      	1.30005413e-01      
148     	3.18361647e-02      	0.00000000e+00      
Final   	2.25001768e-06      
----------------------      
  AMR 2/3: M=324  err=1.36e-13  obs=3.99e-8  nrmse=7.02e-7  best=7.02e-7  refined=18
  collocation: M=346 residuals=2670  detecting sparsity + solving...

Algorithm: LevenbergMarquardt(
    trustregion = LevenbergMarquardtTrustRegion(
        β_uphill = 0.0
    ),
    descent = GeodesicAcceleration(
        descent = DampedNewtonDescent(
            linsolve = KLUFactorization(
                reuse_symbolic = true,
                check_pattern = true
            ),
            initial_damping = 1.0,
            damping_fn = LevenbergMarquardtDampingFunction(
                increase_factor = 2.0,
                decrease_factor = 3.0,
                min_damping = 1.0e-8
            ),
            min_norm_mode = :auto
        ),
        finite_diff_step_geodesic = 0.1,
        α = 0.75
    ),
    autodiff = AutoForwardDiff(),
    vjp_autodiff = AutoFiniteDiff(
        fdtype = Val{:forward}(),
        fdjtype = Val{:forward}(),
        fdhtype = Val{:hcentral}(),
        dir = true
    ),
    jvp_autodiff = AutoForwardDiff(),
    concrete_jac = Val{true}()
)

----    	-------------       	-----------         
Iter    	f(u) 2-norm         	Step 2-norm         
----    	-------------       	-----------         
0       	2.11429965e+01      	NaN                 
1       	9.25721349e+00      	2.36137664e-02      
8       	2.58621499e-02      	2.55019710e-03      
15      	6.65789496e-04      	5.44130280e-03      
22      	2.05138156e-06      	1.21000718e-03      
29      	1.41959238e-04      	2.24926839e-01      
36      	2.03491215e-05      	1.45568200e-01      
43      	1.11701796e-02      	3.34928944e-01      
50      	8.96504753e-01      	0.00000000e+00      
57      	1.39110465e-03      	0.00000000e+00      
64      	6.88396459e-05      	7.73128823e-02      
71      	1.93130903e-02      	2.69573356e-01      
78      	3.08856349e-03      	0.00000000e+00      
85      	3.01479630e-05      	3.04651338e-02      
92      	1.68628803e-02      	0.00000000e+00      
99      	2.96320570e-03      	0.00000000e+00      
106     	1.21663004e-02      	0.00000000e+00      
113     	2.27610574e-05      	2.56929279e-02      
120     	6.63722902e-04      	0.00000000e+00      
127     	2.27577476e-02      	0.00000000e+00      
134     	3.21558052e-02      	4.82478789e-01      
141     	5.88645050e-06      	0.00000000e+00      
148     	4.27143557e-04      	0.00000000e+00      
Final   	1.64452529e-06      
----------------------      
  AMR 3/3: M=346  err=4.71e-14  obs=1.98e-8  nrmse=6.16e-7  best=6.16e-7  refined=0
collocation [141s]
  [final]  nrmse=6.156e-7  l2=2.11e-5
extrapolation window: T=15.0 -> T_test=30.0  n_test=600
  [train]  E_traj=6.242e-13  E_VF=1.804e-8  E_spec=0.2013
  [test ]  E_traj=2.053  E_VF=4.203  E_spec=0.3345
saved /orcd/home/002/txenakis/projects/BVPsolver/src/../data/runs/run_im4JnMxS/davis-skodje_fit.png
saved /orcd/home/002/txenakis/projects/BVPsolver/src/../data/runs/run_im4JnMxS/davis-skodje_fit_extrapolated.png
saved /orcd/home/002/txenakis/projects/BVPsolver/src/../data/runs/run_im4JnMxS/davis-skodje_spectral_fit_extrapolated.png
saved /orcd/home/002/txenakis/projects/BVPsolver/src/../data/runs/run_im4JnMxS/davis-skodje_vf_fit_extrapolated.png
┌ Warning: Attempting to store StiffNN.var"#22#23"{Float64}.
│ JLD2 only stores functions by name.
│  This may not be useful for anonymous functions.
└ @ JLD2 ~/.julia/packages/JLD2/ADycq/src/data/writing_datatypes.jl:447
saved run → /orcd/home/002/txenakis/projects/BVPsolver/src/../data/runs/run_im4JnMxS
