dahlquist  model=GELU-scaled width=5 d=1 tlen=50 profile=fast seed=806  solver=Rodas5  N=166
  derivmatch lr=0.01 iter=170/3400 loss=0.13
  derivmatch lr=0.01 iter=340/3400 loss=0.3787
  derivmatch lr=0.01 iter=510/3400 loss=0.5921
  derivmatch lr=0.01 iter=680/3400 loss=0.5353
  derivmatch lr=0.01 iter=850/3400 loss=0.4313
  derivmatch lr=0.01 iter=1020/3400 loss=0.2633
  derivmatch lr=0.01 iter=1190/3400 loss=0.2187
  derivmatch lr=0.01 iter=1360/3400 loss=0.1961
  derivmatch lr=0.01 iter=1530/3400 loss=0.1586
  derivmatch lr=0.01 iter=1700/3400 loss=0.1358
  derivmatch lr=0.01 iter=1870/3400 loss=0.1106
  derivmatch lr=0.01 iter=2040/3400 loss=0.1047
  derivmatch lr=0.01 iter=2210/3400 loss=0.1227
  derivmatch lr=0.01 iter=2380/3400 loss=0.09414
  derivmatch lr=0.01 iter=2550/3400 loss=0.07932
  derivmatch lr=0.01 iter=2720/3400 loss=0.07006
  derivmatch lr=0.01 iter=2890/3400 loss=0.07531
  derivmatch lr=0.01 iter=3060/3400 loss=0.06048
  derivmatch lr=0.01 iter=3230/3400 loss=0.05794
  derivmatch lr=0.01 iter=3400/3400 loss=0.05311
  derivmatch lr=0.01 iter=3400/3400 loss=0.0174
  derivmatch lr=0.003 iter=125/2500 loss=0.344
  derivmatch lr=0.003 iter=250/2500 loss=0.1489
  derivmatch lr=0.003 iter=375/2500 loss=0.004626
  derivmatch lr=0.003 iter=500/2500 loss=0.03182
  derivmatch lr=0.003 iter=625/2500 loss=0.004579
  derivmatch lr=0.003 iter=750/2500 loss=0.003009
  derivmatch lr=0.003 iter=875/2500 loss=0.001908
  derivmatch lr=0.003 iter=1000/2500 loss=0.1369
  derivmatch lr=0.003 iter=1125/2500 loss=0.09715
  derivmatch lr=0.003 iter=1250/2500 loss=0.003475
  derivmatch lr=0.003 iter=1375/2500 loss=0.001599
  derivmatch lr=0.003 iter=1500/2500 loss=0.004591
  derivmatch lr=0.003 iter=1625/2500 loss=0.00337
  derivmatch lr=0.003 iter=1750/2500 loss=0.001578
  derivmatch lr=0.003 iter=1875/2500 loss=0.002798
  derivmatch lr=0.003 iter=2000/2500 loss=0.001022
  derivmatch lr=0.003 iter=2125/2500 loss=0.003593
  derivmatch lr=0.003 iter=2250/2500 loss=0.2961
  derivmatch lr=0.003 iter=2375/2500 loss=0.002562
  derivmatch lr=0.003 iter=2500/2500 loss=0.001403
  derivmatch lr=0.003 iter=2500/2500 loss=0.0007638
  derivmatch lr=0.001 iter=125/2500 loss=0.0008807
  derivmatch lr=0.001 iter=250/2500 loss=0.0006798
  derivmatch lr=0.001 iter=375/2500 loss=0.0006083
  derivmatch lr=0.001 iter=500/2500 loss=0.0005493
  derivmatch lr=0.001 iter=625/2500 loss=0.0005002
  derivmatch lr=0.001 iter=750/2500 loss=0.0004601
  derivmatch lr=0.001 iter=875/2500 loss=0.0004267
  derivmatch lr=0.001 iter=1000/2500 loss=0.0003983
  derivmatch lr=0.001 iter=1125/2500 loss=0.0004073
  derivmatch lr=0.001 iter=1250/2500 loss=0.0003762
  derivmatch lr=0.001 iter=1375/2500 loss=0.0005059
  derivmatch lr=0.001 iter=1500/2500 loss=0.001082
  derivmatch lr=0.001 iter=1625/2500 loss=0.001069
  derivmatch lr=0.001 iter=1750/2500 loss=0.0003383
  derivmatch lr=0.001 iter=1875/2500 loss=0.0003376
  derivmatch lr=0.001 iter=2000/2500 loss=0.0003767
  derivmatch lr=0.001 iter=2125/2500 loss=0.0003515
  derivmatch lr=0.001 iter=2250/2500 loss=0.0003143
  derivmatch lr=0.001 iter=2375/2500 loss=0.001051
  derivmatch lr=0.001 iter=2500/2500 loss=0.003531
  derivmatch lr=0.001 iter=2500/2500 loss=0.0002946
  derivmatch lr=0.0003 iter=80/1600 loss=0.0003014
  derivmatch lr=0.0003 iter=160/1600 loss=0.0002949
  derivmatch lr=0.0003 iter=240/1600 loss=0.0002921
  derivmatch lr=0.0003 iter=320/1600 loss=0.0002895
  derivmatch lr=0.0003 iter=400/1600 loss=0.0002871
  derivmatch lr=0.0003 iter=480/1600 loss=0.0002846
  derivmatch lr=0.0003 iter=560/1600 loss=0.0002821
  derivmatch lr=0.0003 iter=640/1600 loss=0.0002796
  derivmatch lr=0.0003 iter=720/1600 loss=0.0002769
  derivmatch lr=0.0003 iter=800/1600 loss=0.000274
  derivmatch lr=0.0003 iter=880/1600 loss=0.0002711
  derivmatch lr=0.0003 iter=960/1600 loss=0.000268
  derivmatch lr=0.0003 iter=1040/1600 loss=0.0002648
  derivmatch lr=0.0003 iter=1120/1600 loss=0.0002614
  derivmatch lr=0.0003 iter=1200/1600 loss=0.000258
  derivmatch lr=0.0003 iter=1280/1600 loss=0.0002544
  derivmatch lr=0.0003 iter=1360/1600 loss=0.0002507
  derivmatch lr=0.0003 iter=1440/1600 loss=0.0002468
  derivmatch lr=0.0003 iter=1520/1600 loss=0.0002429
  derivmatch lr=0.0003 iter=1600/1600 loss=0.0002388
  derivmatch lr=0.0003 iter=1600/1600 loss=0.0002388
derivative matching [24s]  fitloss=0.000239
  [derivative matching]  nrmse=0.001628  l2=0.01151
  trajectory_parameter_sensitivity_rms = 0.435
extrapolation window: T=1.0 -> T_test=2.0  n_test=100
  [train]  E_traj=1.701e-5  E_VF=0.0002112  E_spec=0.006234
  [test ]  E_traj=4.284e28  E_VF=4.3760000000000005e28  E_spec=0.0001598
saved /orcd/home/002/txenakis/projects/BVPsolver/src/../data/runs/run_eHiUzdkB/dahlquist_fit.png
saved /orcd/home/002/txenakis/projects/BVPsolver/src/../data/runs/run_eHiUzdkB/dahlquist_fit_extrapolated.png
saved /orcd/home/002/txenakis/projects/BVPsolver/src/../data/runs/run_eHiUzdkB/dahlquist_spectral_fit_extrapolated.png
saved /orcd/home/002/txenakis/projects/BVPsolver/src/../data/runs/run_eHiUzdkB/dahlquist_vf_fit_extrapolated.png
┌ Warning: Attempting to store StiffNN.var"#25#26"{Float64}.
│ JLD2 only stores functions by name.
│  This may not be useful for anonymous functions.
└ @ JLD2 ~/.julia/packages/JLD2/ADycq/src/data/writing_datatypes.jl:447
saved run → /orcd/home/002/txenakis/projects/BVPsolver/src/../data/runs/run_eHiUzdkB
