hires  model=GELU-scaled d=8 tlen=50 profile=fast seed=12  solver=Rodas5  N=243
  derivmatch lr=0.01 iter=170/3400 loss=6.09
  derivmatch lr=0.01 iter=340/3400 loss=5.363
  derivmatch lr=0.01 iter=510/3400 loss=4.246
  derivmatch lr=0.01 iter=680/3400 loss=3.566
  derivmatch lr=0.01 iter=850/3400 loss=2.655
  derivmatch lr=0.01 iter=1020/3400 loss=2.047
  derivmatch lr=0.01 iter=1190/3400 loss=1.724
  derivmatch lr=0.01 iter=1360/3400 loss=1.88
  derivmatch lr=0.01 iter=1530/3400 loss=1.781
  derivmatch lr=0.01 iter=1700/3400 loss=1.666
  derivmatch lr=0.01 iter=1870/3400 loss=1.322
  derivmatch lr=0.01 iter=2040/3400 loss=1.173
  derivmatch lr=0.01 iter=2210/3400 loss=1.462
  derivmatch lr=0.01 iter=2380/3400 loss=1.015
  derivmatch lr=0.01 iter=2550/3400 loss=1.302
  derivmatch lr=0.01 iter=2720/3400 loss=1.076
  derivmatch lr=0.01 iter=2890/3400 loss=0.8861
  derivmatch lr=0.01 iter=3060/3400 loss=0.7755
  derivmatch lr=0.01 iter=3230/3400 loss=0.9188
  derivmatch lr=0.01 iter=3400/3400 loss=0.8403
  derivmatch lr=0.01 iter=3400/3400 loss=0.7264
  derivmatch lr=0.003 iter=125/2500 loss=0.6978
  derivmatch lr=0.003 iter=250/2500 loss=0.6807
  derivmatch lr=0.003 iter=375/2500 loss=0.6916
  derivmatch lr=0.003 iter=500/2500 loss=0.6406
  derivmatch lr=0.003 iter=625/2500 loss=0.6402
  derivmatch lr=0.003 iter=750/2500 loss=0.6604
  derivmatch lr=0.003 iter=875/2500 loss=0.6055
  derivmatch lr=0.003 iter=1000/2500 loss=0.6112
  derivmatch lr=0.003 iter=1125/2500 loss=0.6323
  derivmatch lr=0.003 iter=1250/2500 loss=0.5813
  derivmatch lr=0.003 iter=1375/2500 loss=0.593
  derivmatch lr=0.003 iter=1500/2500 loss=0.625
  derivmatch lr=0.003 iter=1625/2500 loss=0.5634
  derivmatch lr=0.003 iter=1750/2500 loss=0.5775
  derivmatch lr=0.003 iter=1875/2500 loss=0.5881
  derivmatch lr=0.003 iter=2000/2500 loss=0.5418
  derivmatch lr=0.003 iter=2125/2500 loss=0.5457
  derivmatch lr=0.003 iter=2250/2500 loss=0.5764
  derivmatch lr=0.003 iter=2375/2500 loss=0.5289
  derivmatch lr=0.003 iter=2500/2500 loss=0.5352
  derivmatch lr=0.003 iter=2500/2500 loss=0.5209
  derivmatch lr=0.001 iter=125/2500 loss=0.5109
  derivmatch lr=0.001 iter=250/2500 loss=0.5079
  derivmatch lr=0.001 iter=375/2500 loss=0.5045
  derivmatch lr=0.001 iter=500/2500 loss=0.5048
  derivmatch lr=0.001 iter=625/2500 loss=0.4995
  derivmatch lr=0.001 iter=750/2500 loss=0.4958
  derivmatch lr=0.001 iter=875/2500 loss=0.4927
  derivmatch lr=0.001 iter=1000/2500 loss=0.489
  derivmatch lr=0.001 iter=1125/2500 loss=0.4861
  derivmatch lr=0.001 iter=1250/2500 loss=0.4826
  derivmatch lr=0.001 iter=1375/2500 loss=0.4799
  derivmatch lr=0.001 iter=1500/2500 loss=0.4764
  derivmatch lr=0.001 iter=1625/2500 loss=0.4739
  derivmatch lr=0.001 iter=1750/2500 loss=0.4722
  derivmatch lr=0.001 iter=1875/2500 loss=0.4683
  derivmatch lr=0.001 iter=2000/2500 loss=0.4653
  derivmatch lr=0.001 iter=2125/2500 loss=0.463
  derivmatch lr=0.001 iter=2250/2500 loss=0.4601
  derivmatch lr=0.001 iter=2375/2500 loss=0.4579
  derivmatch lr=0.001 iter=2500/2500 loss=0.4551
  derivmatch lr=0.001 iter=2500/2500 loss=0.4551
  derivmatch lr=0.0003 iter=80/1600 loss=0.4516
  derivmatch lr=0.0003 iter=160/1600 loss=0.4512
  derivmatch lr=0.0003 iter=240/1600 loss=0.4507
  derivmatch lr=0.0003 iter=320/1600 loss=0.4501
  derivmatch lr=0.0003 iter=400/1600 loss=0.4495
  derivmatch lr=0.0003 iter=480/1600 loss=0.4488
  derivmatch lr=0.0003 iter=560/1600 loss=0.4482
  derivmatch lr=0.0003 iter=640/1600 loss=0.4474
  derivmatch lr=0.0003 iter=720/1600 loss=0.4467
  derivmatch lr=0.0003 iter=800/1600 loss=0.4459
  derivmatch lr=0.0003 iter=880/1600 loss=0.4451
  derivmatch lr=0.0003 iter=960/1600 loss=0.4444
  derivmatch lr=0.0003 iter=1040/1600 loss=0.4436
  derivmatch lr=0.0003 iter=1120/1600 loss=0.4428
  derivmatch lr=0.0003 iter=1200/1600 loss=0.4421
  derivmatch lr=0.0003 iter=1280/1600 loss=0.4413
  derivmatch lr=0.0003 iter=1360/1600 loss=0.4406
  derivmatch lr=0.0003 iter=1440/1600 loss=0.4403
  derivmatch lr=0.0003 iter=1520/1600 loss=0.4392
  derivmatch lr=0.0003 iter=1600/1600 loss=0.4383
  derivmatch lr=0.0003 iter=1600/1600 loss=0.4382
derivative matching [26s]  fitloss=0.438
  [derivative matching]  nrmse=0.257  l2=2.219
  collocation: M=75 residuals=2176  detecting sparsity + solving...

Algorithm: LevenbergMarquardt(
    trustregion = LevenbergMarquardtTrustRegion(
        β_uphill = 0.0
    ),
    descent = GeodesicAcceleration(
        descent = DampedNewtonDescent(
            linsolve = QRFactorization(
                pivot = NoPivot(),
                blocksize = 16,
                inplace = true
            ),
            initial_damping = 1.0,
            damping_fn = LevenbergMarquardtDampingFunction(
                increase_factor = 2.0,
                decrease_factor = 3.0,
                min_damping = 1.0e-8
            ),
            min_norm_mode = :auto
        ),
        finite_diff_step_geodesic = 0.1,
        α = 0.75
    ),
    autodiff = AutoForwardDiff(),
    vjp_autodiff = AutoFiniteDiff(
        fdtype = Val{:forward}(),
        fdjtype = Val{:forward}(),
        fdhtype = Val{:hcentral}(),
        dir = true
    ),
    jvp_autodiff = AutoForwardDiff(),
    concrete_jac = Val{true}()
)

----    	-------------       	-----------         
Iter    	f(u) 2-norm         	Step 2-norm         
----    	-------------       	-----------         
0       	8.15867970e+02      	NaN                 
1       	8.15867970e+02      	0.00000000e+00      
8       	8.15867970e+02      	0.00000000e+00      
15      	2.08825713e+04      	2.31644607e+01      
22      	8.97356281e+03      	0.00000000e+00      
29      	8.32689356e+02      	6.52080038e+00      
36      	3.57385463e+02      	0.00000000e+00      
43      	2.42969942e+02      	0.00000000e+00      
50      	1.97748082e+02      	1.35484130e+00      
57      	1.46679201e+02      	0.00000000e+00      
64      	1.34446204e+02      	7.08943644e-01      
71      	1.08457269e+02      	1.96291102e+00      
78      	4.67293217e+01      	1.27716659e+01      
85      	4.24711952e+01      	3.00884846e+00      
92      	1.22170093e+02      	9.87160110e+00      
99      	3.54754008e+03      	0.00000000e+00      
106     	3.54754008e+03      	0.00000000e+00      
113     	3.54754008e+03      	0.00000000e+00      
120     	3.54754008e+03      	0.00000000e+00      
127     	2.78231653e+03      	2.61664977e+00      
134     	1.91524950e+02      	2.75458657e+00      
141     	2.99310771e+01      	1.23451980e+00      
148     	7.52566624e+00      	9.45539323e-01      
Final   	1.57156728e+00      
----------------------      
  rollout FAILED: Unstable at t=111.84990741835428 of 321.8122
  AMR 1/1: M=75  err=0.439  obs=0.0441  nrmse=Inf  best=0.257  refined=0
 derivative matching was best (1/1 rounds ran)
collocation [41s]
  [final]  nrmse=0.257  l2=2.219
extrapolation window: T=321.8122 -> T_test=643.624  n_test=100
  [train]  E_traj=0.2777  E_VF=0.31  E_spec=0.9886
  [test ]  E_traj=280500.0  E_VF=727700.0  E_spec=0.9644
saved /orcd/home/002/txenakis/projects/BVPsolver/src/../data/runs/run_F9lFMKxn/hires_fit.png
saved /orcd/home/002/txenakis/projects/BVPsolver/src/../data/runs/run_F9lFMKxn/hires_fit_extrapolated.png
saved /orcd/home/002/txenakis/projects/BVPsolver/src/../data/runs/run_F9lFMKxn/hires_spectral_fit_extrapolated.png
saved /orcd/home/002/txenakis/projects/BVPsolver/src/../data/runs/run_F9lFMKxn/hires_vf_fit_extrapolated.png
┌ Warning: Attempting to store StiffNN.var"#18#19"{Type{Float64}}.
│ JLD2 only stores functions by name.
│  This may not be useful for anonymous functions.
└ @ JLD2 ~/.julia/packages/JLD2/ADycq/src/data/writing_datatypes.jl:447
saved run → /orcd/home/002/txenakis/projects/BVPsolver/src/../data/runs/run_F9lFMKxn
