rober  model=GELU-scaled width=7 d=3 tlen=50 profile=fast seed=20  solver=Rodas5  N=332
  derivmatch lr=0.01 iter=170/3400 loss=8.561
  derivmatch lr=0.01 iter=340/3400 loss=6.296
  derivmatch lr=0.01 iter=510/3400 loss=9.232
  derivmatch lr=0.01 iter=680/3400 loss=7.365
  derivmatch lr=0.01 iter=850/3400 loss=7.612
  derivmatch lr=0.01 iter=1020/3400 loss=6.0
  derivmatch lr=0.01 iter=1190/3400 loss=5.958
  derivmatch lr=0.01 iter=1360/3400 loss=5.924
  derivmatch lr=0.01 iter=1530/3400 loss=5.883
  derivmatch lr=0.01 iter=1700/3400 loss=5.85
  derivmatch lr=0.01 iter=1870/3400 loss=5.797
  derivmatch lr=0.01 iter=2040/3400 loss=5.805
  derivmatch lr=0.01 iter=2210/3400 loss=9.019
  derivmatch lr=0.01 iter=2380/3400 loss=8.724
  derivmatch lr=0.01 iter=2550/3400 loss=8.539
  derivmatch lr=0.01 iter=2720/3400 loss=8.383
  derivmatch lr=0.01 iter=2890/3400 loss=8.236
  derivmatch lr=0.01 iter=3060/3400 loss=7.762
  derivmatch lr=0.01 iter=3230/3400 loss=7.529
  derivmatch lr=0.01 iter=3400/3400 loss=7.39
  derivmatch lr=0.01 iter=3400/3400 loss=5.695
  derivmatch lr=0.003 iter=125/2500 loss=5.78
  derivmatch lr=0.003 iter=250/2500 loss=5.647
  derivmatch lr=0.003 iter=375/2500 loss=5.6
  derivmatch lr=0.003 iter=500/2500 loss=5.551
  derivmatch lr=0.003 iter=625/2500 loss=5.5
  derivmatch lr=0.003 iter=750/2500 loss=5.443
  derivmatch lr=0.003 iter=875/2500 loss=5.384
  derivmatch lr=0.003 iter=1000/2500 loss=5.318
  derivmatch lr=0.003 iter=1125/2500 loss=10.42
  derivmatch lr=0.003 iter=1250/2500 loss=6.024
  derivmatch lr=0.003 iter=1375/2500 loss=5.961
  derivmatch lr=0.003 iter=1500/2500 loss=5.915
  derivmatch lr=0.003 iter=1625/2500 loss=5.875
  derivmatch lr=0.003 iter=1750/2500 loss=5.84
  derivmatch lr=0.003 iter=1875/2500 loss=5.812
  derivmatch lr=0.003 iter=2000/2500 loss=5.786
  derivmatch lr=0.003 iter=2125/2500 loss=5.761
  derivmatch lr=0.003 iter=2250/2500 loss=5.739
  derivmatch lr=0.003 iter=2375/2500 loss=5.715
  derivmatch lr=0.003 iter=2500/2500 loss=5.69
  derivmatch lr=0.003 iter=2500/2500 loss=5.29
  derivmatch lr=0.001 iter=125/2500 loss=5.894
  derivmatch lr=0.001 iter=250/2500 loss=5.283
  derivmatch lr=0.001 iter=375/2500 loss=5.28
  derivmatch lr=0.001 iter=500/2500 loss=5.276
  derivmatch lr=0.001 iter=625/2500 loss=5.272
  derivmatch lr=0.001 iter=750/2500 loss=5.267
  derivmatch lr=0.001 iter=875/2500 loss=5.262
  derivmatch lr=0.001 iter=1000/2500 loss=5.257
  derivmatch lr=0.001 iter=1125/2500 loss=5.251
  derivmatch lr=0.001 iter=1250/2500 loss=5.244
  derivmatch lr=0.001 iter=1375/2500 loss=5.237
  derivmatch lr=0.001 iter=1500/2500 loss=5.23
  derivmatch lr=0.001 iter=1625/2500 loss=5.222
  derivmatch lr=0.001 iter=1750/2500 loss=5.213
  derivmatch lr=0.001 iter=1875/2500 loss=5.204
  derivmatch lr=0.001 iter=2000/2500 loss=5.194
  derivmatch lr=0.001 iter=2125/2500 loss=5.184
  derivmatch lr=0.001 iter=2250/2500 loss=5.173
  derivmatch lr=0.001 iter=2375/2500 loss=5.16
  derivmatch lr=0.001 iter=2500/2500 loss=5.147
  derivmatch lr=0.001 iter=2500/2500 loss=5.147
  derivmatch lr=0.0003 iter=80/1600 loss=5.138
  derivmatch lr=0.0003 iter=160/1600 loss=5.126
  derivmatch lr=0.0003 iter=240/1600 loss=5.11
  derivmatch lr=0.0003 iter=320/1600 loss=5.093
  derivmatch lr=0.0003 iter=400/1600 loss=5.072
  derivmatch lr=0.0003 iter=480/1600 loss=5.05
  derivmatch lr=0.0003 iter=560/1600 loss=5.372
  derivmatch lr=0.0003 iter=640/1600 loss=6.286
  derivmatch lr=0.0003 iter=720/1600 loss=5.681
  derivmatch lr=0.0003 iter=800/1600 loss=5.037
  derivmatch lr=0.0003 iter=880/1600 loss=5.033
  derivmatch lr=0.0003 iter=960/1600 loss=5.03
  derivmatch lr=0.0003 iter=1040/1600 loss=5.027
  derivmatch lr=0.0003 iter=1120/1600 loss=5.024
  derivmatch lr=0.0003 iter=1200/1600 loss=5.021
  derivmatch lr=0.0003 iter=1280/1600 loss=5.017
  derivmatch lr=0.0003 iter=1360/1600 loss=5.014
  derivmatch lr=0.0003 iter=1440/1600 loss=5.01
  derivmatch lr=0.0003 iter=1520/1600 loss=5.006
  derivmatch lr=0.0003 iter=1600/1600 loss=5.003
  derivmatch lr=0.0003 iter=1600/1600 loss=5.003
derivative matching [28s]  fitloss=5.0
  [derivative matching]  nrmse=40.09  l2=0.6978
  shooting iter=50/1000 loss=0.6672
  shooting iter=100/1000 loss=0.262
  shooting iter=150/1000 loss=0.2144
  shooting iter=200/1000 loss=0.2135
  shooting iter=250/1000 loss=0.2132
  shooting iter=300/1000 loss=0.2132
  shooting iter=350/1000 loss=0.213
  shooting iter=400/1000 loss=0.2132
  shooting iter=450/1000 loss=0.2129
  shooting iter=500/1000 loss=0.2129
  shooting iter=550/1000 loss=0.2128
  shooting iter=600/1000 loss=0.2126
  shooting iter=650/1000 loss=0.2126
  shooting iter=700/1000 loss=0.2126
  shooting iter=750/1000 loss=0.2125
  shooting iter=800/1000 loss=0.2124
  shooting iter=850/1000 loss=0.2122
  shooting iter=900/1000 loss=0.2121
  shooting iter=950/1000 loss=0.212
  shooting iter=1000/1000 loss=0.2118
  shooting iter=1000/1000 loss=0.2118
shooting [610s]  loss=0.212
  [final]  nrmse=0.3794  l2=1.736
extrapolation window: T=1000.0 -> T_test=1.0e12  n_test=100
  [train]  E_traj=0.6256  E_VF=0.7465  E_spec=0.9992
  [test ]  E_traj=7.525e21  E_VF=2.703e6  E_spec=1.0
saved /orcd/home/002/txenakis/projects/BVPsolver/src/../data/runs/run_RDtvbnaU/rober_fit.png
saved /orcd/home/002/txenakis/projects/BVPsolver/src/../data/runs/run_RDtvbnaU/rober_fit_extrapolated.png
saved /orcd/home/002/txenakis/projects/BVPsolver/src/../data/runs/run_RDtvbnaU/rober_spectral_fit_extrapolated.png
saved /orcd/home/002/txenakis/projects/BVPsolver/src/../data/runs/run_RDtvbnaU/rober_vf_fit_extrapolated.png
┌ Warning: Attempting to store StiffNN.var"#12#13"{Float64, Float64, Float64}.
│ JLD2 only stores functions by name.
│  This may not be useful for anonymous functions.
└ @ JLD2 ~/.julia/packages/JLD2/ADycq/src/data/writing_datatypes.jl:447
saved run → /orcd/home/002/txenakis/projects/BVPsolver/src/../data/runs/run_RDtvbnaU
