rober  model=mlp width=15 d=3 tlen=50 profile=fast seed=36  solver=Rodas5  N=348
  derivmatch lr=0.01 iter=170/3400 loss=38.24
  derivmatch lr=0.01 iter=340/3400 loss=35.79
  derivmatch lr=0.01 iter=510/3400 loss=45.6
  derivmatch lr=0.01 iter=680/3400 loss=33.86
  derivmatch lr=0.01 iter=850/3400 loss=46.56
  derivmatch lr=0.01 iter=1020/3400 loss=39.19
  derivmatch lr=0.01 iter=1190/3400 loss=47.57
  derivmatch lr=0.01 iter=1360/3400 loss=38.95
  derivmatch lr=0.01 iter=1530/3400 loss=44.71
  derivmatch lr=0.01 iter=1700/3400 loss=51.92
  derivmatch lr=0.01 iter=1870/3400 loss=44.5
  derivmatch lr=0.01 iter=2040/3400 loss=42.3
  derivmatch lr=0.01 iter=2210/3400 loss=38.53
  derivmatch lr=0.01 iter=2380/3400 loss=36.91
  derivmatch lr=0.01 iter=2550/3400 loss=38.16
  derivmatch lr=0.01 iter=2720/3400 loss=44.63
  derivmatch lr=0.01 iter=2890/3400 loss=54.14
  derivmatch lr=0.01 iter=3060/3400 loss=51.3
  derivmatch lr=0.01 iter=3230/3400 loss=50.04
  derivmatch lr=0.01 iter=3400/3400 loss=47.76
  derivmatch lr=0.01 iter=3400/3400 loss=19.38
  derivmatch lr=0.003 iter=125/2500 loss=28.93
  derivmatch lr=0.003 iter=250/2500 loss=18.48
  derivmatch lr=0.003 iter=375/2500 loss=32.87
  derivmatch lr=0.003 iter=500/2500 loss=26.36
  derivmatch lr=0.003 iter=625/2500 loss=29.51
  derivmatch lr=0.003 iter=750/2500 loss=28.61
  derivmatch lr=0.003 iter=875/2500 loss=33.25
  derivmatch lr=0.003 iter=1000/2500 loss=36.22
  derivmatch lr=0.003 iter=1125/2500 loss=35.13
  derivmatch lr=0.003 iter=1250/2500 loss=30.26
  derivmatch lr=0.003 iter=1375/2500 loss=28.16
  derivmatch lr=0.003 iter=1500/2500 loss=34.8
  derivmatch lr=0.003 iter=1625/2500 loss=23.04
  derivmatch lr=0.003 iter=1750/2500 loss=38.84
  derivmatch lr=0.003 iter=1875/2500 loss=37.7
  derivmatch lr=0.003 iter=2000/2500 loss=34.1
  derivmatch lr=0.003 iter=2125/2500 loss=30.25
  derivmatch lr=0.003 iter=2250/2500 loss=27.48
  derivmatch lr=0.003 iter=2375/2500 loss=32.45
  derivmatch lr=0.003 iter=2500/2500 loss=32.14
  derivmatch lr=0.003 iter=2500/2500 loss=17.1
  derivmatch lr=0.001 iter=125/2500 loss=25.66
  derivmatch lr=0.001 iter=250/2500 loss=24.88
  derivmatch lr=0.001 iter=375/2500 loss=22.34
  derivmatch lr=0.001 iter=500/2500 loss=19.04
  derivmatch lr=0.001 iter=625/2500 loss=25.64
  derivmatch lr=0.001 iter=750/2500 loss=20.91
  derivmatch lr=0.001 iter=875/2500 loss=14.3
  derivmatch lr=0.001 iter=1000/2500 loss=18.87
  derivmatch lr=0.001 iter=1125/2500 loss=18.02
  derivmatch lr=0.001 iter=1250/2500 loss=28.44
  derivmatch lr=0.001 iter=1375/2500 loss=25.23
  derivmatch lr=0.001 iter=1500/2500 loss=21.78
  derivmatch lr=0.001 iter=1625/2500 loss=19.64
  derivmatch lr=0.001 iter=1750/2500 loss=17.68
  derivmatch lr=0.001 iter=1875/2500 loss=28.89
  derivmatch lr=0.001 iter=2000/2500 loss=27.49
  derivmatch lr=0.001 iter=2125/2500 loss=22.53
  derivmatch lr=0.001 iter=2250/2500 loss=17.71
  derivmatch lr=0.001 iter=2375/2500 loss=17.91
  derivmatch lr=0.001 iter=2500/2500 loss=26.29
  derivmatch lr=0.001 iter=2500/2500 loss=13.47
  derivmatch lr=0.0003 iter=80/1600 loss=12.11
  derivmatch lr=0.0003 iter=160/1600 loss=13.18
  derivmatch lr=0.0003 iter=240/1600 loss=11.28
  derivmatch lr=0.0003 iter=320/1600 loss=12.44
  derivmatch lr=0.0003 iter=400/1600 loss=19.79
  derivmatch lr=0.0003 iter=480/1600 loss=15.16
  derivmatch lr=0.0003 iter=560/1600 loss=13.81
  derivmatch lr=0.0003 iter=640/1600 loss=13.38
  derivmatch lr=0.0003 iter=720/1600 loss=12.18
  derivmatch lr=0.0003 iter=800/1600 loss=10.64
  derivmatch lr=0.0003 iter=880/1600 loss=12.45
  derivmatch lr=0.0003 iter=960/1600 loss=11.4
  derivmatch lr=0.0003 iter=1040/1600 loss=9.597
  derivmatch lr=0.0003 iter=1120/1600 loss=10.04
  derivmatch lr=0.0003 iter=1200/1600 loss=9.908
  derivmatch lr=0.0003 iter=1280/1600 loss=10.34
  derivmatch lr=0.0003 iter=1360/1600 loss=10.25
  derivmatch lr=0.0003 iter=1440/1600 loss=9.547
  derivmatch lr=0.0003 iter=1520/1600 loss=9.374
  derivmatch lr=0.0003 iter=1600/1600 loss=9.74
  derivmatch lr=0.0003 iter=1600/1600 loss=9.374
derivative matching [25s]  fitloss=9.37
  [derivative matching]  nrmse=2.901e6  l2=2751.0
  collocation: M=54 residuals=627  detecting sparsity + solving...

Algorithm: LevenbergMarquardt(
    trustregion = LevenbergMarquardtTrustRegion(
        β_uphill = 0.0
    ),
    descent = GeodesicAcceleration(
        descent = DampedNewtonDescent(
            linsolve = KLUFactorization(
                reuse_symbolic = true,
                check_pattern = true
            ),
            initial_damping = 1.0,
            damping_fn = LevenbergMarquardtDampingFunction(
                increase_factor = 2.0,
                decrease_factor = 3.0,
                min_damping = 1.0e-8
            ),
            min_norm_mode = :auto
        ),
        finite_diff_step_geodesic = 0.1,
        α = 0.75
    ),
    autodiff = AutoForwardDiff(),
    vjp_autodiff = AutoFiniteDiff(
        fdtype = Val{:forward}(),
        fdjtype = Val{:forward}(),
        fdhtype = Val{:hcentral}(),
        dir = true
    ),
    jvp_autodiff = AutoForwardDiff(),
    concrete_jac = Val{true}()
)

----    	-------------       	-----------         
Iter    	f(u) 2-norm         	Step 2-norm         
----    	-------------       	-----------         
0       	1.35556738e+07      	NaN                 
1       	3.59041530e+07      	1.66198399e-01      
8       	1.10658734e+07      	1.79952356e-01      
15      	5.69465290e+07      	4.52729884e-01      
22      	1.81729957e+08      	0.00000000e+00      
29      	1.02718917e+08      	0.00000000e+00      
36      	2.15968914e+08      	0.00000000e+00      
43      	9.76380072e+06      	2.11159976e-01      
50      	2.34166762e+08      	3.11619995e-01      
57      	2.68469504e+07      	2.16609706e-01      
64      	5.37471691e+07      	1.90500680e-01      
71      	1.09672765e+08      	0.00000000e+00      
78      	6.33629404e+07      	0.00000000e+00      
85      	1.02917921e+07      	2.74024728e-01      
92      	2.95070735e+07      	0.00000000e+00      
99      	2.02879156e+08      	0.00000000e+00      
106     	8.68863983e+07      	2.42375517e-01      
113     	8.29404981e+07      	2.35930457e-01      
120     	1.87096394e+06      	2.02333478e-01      
127     	5.47927467e+08      	0.00000000e+00      
134     	9.64519400e+07      	0.00000000e+00      
141     	8.11828690e+07      	0.00000000e+00      
148     	3.29632330e+08      	0.00000000e+00      
Final   	5.66925910e+05      
----------------------      
  AMR 1/1: M=54  err=2.66e11  obs=5.52e-6  nrmse=2370.0  best=2370.0  refined=0
collocation [16s]
  [final]  nrmse=2368.0  l2=2.011
extrapolation window: T=1000.0 -> T_test=1.0e12  n_test=100
  [train]  E_traj=1.459e7  E_VF=0.4901  E_spec=3.848e28
  [test ]  E_traj=2.847e11  E_VF=1.549e16  E_spec=3.025e27
saved /orcd/home/002/txenakis/projects/BVPsolver/src/../data/runs/run_oH7CZAvx/rober_fit.png
saved /orcd/home/002/txenakis/projects/BVPsolver/src/../data/runs/run_oH7CZAvx/rober_fit_extrapolated.png
saved /orcd/home/002/txenakis/projects/BVPsolver/src/../data/runs/run_oH7CZAvx/rober_spectral_fit_extrapolated.png
saved /orcd/home/002/txenakis/projects/BVPsolver/src/../data/runs/run_oH7CZAvx/rober_vf_fit_extrapolated.png
┌ Warning: Attempting to store StiffNN.var"#12#13"{Float64, Float64, Float64}.
│ JLD2 only stores functions by name.
│  This may not be useful for anonymous functions.
└ @ JLD2 ~/.julia/packages/JLD2/ADycq/src/data/writing_datatypes.jl:447
saved run → /orcd/home/002/txenakis/projects/BVPsolver/src/../data/runs/run_oH7CZAvx
