vanderpol  model=mlp width=14 d=2 tlen=151 profile=fast seed=110  solver=Kvaerno5  N=282
  derivmatch lr=0.01 iter=170/3400 loss=3.001
  derivmatch lr=0.01 iter=340/3400 loss=2.255
  derivmatch lr=0.01 iter=510/3400 loss=1.931
  derivmatch lr=0.01 iter=680/3400 loss=1.737
  derivmatch lr=0.01 iter=850/3400 loss=1.586
  derivmatch lr=0.01 iter=1020/3400 loss=1.501
  derivmatch lr=0.01 iter=1190/3400 loss=1.399
  derivmatch lr=0.01 iter=1360/3400 loss=1.328
  derivmatch lr=0.01 iter=1530/3400 loss=1.268
  derivmatch lr=0.01 iter=1700/3400 loss=1.217
  derivmatch lr=0.01 iter=1870/3400 loss=1.172
  derivmatch lr=0.01 iter=2040/3400 loss=1.132
  derivmatch lr=0.01 iter=2210/3400 loss=1.095
  derivmatch lr=0.01 iter=2380/3400 loss=1.062
  derivmatch lr=0.01 iter=2550/3400 loss=1.032
  derivmatch lr=0.01 iter=2720/3400 loss=1.004
  derivmatch lr=0.01 iter=2890/3400 loss=0.9771
  derivmatch lr=0.01 iter=3060/3400 loss=0.9522
  derivmatch lr=0.01 iter=3230/3400 loss=0.9288
  derivmatch lr=0.01 iter=3400/3400 loss=0.9066
  derivmatch lr=0.01 iter=3400/3400 loss=0.9024
  derivmatch lr=0.003 iter=125/2500 loss=0.859
  derivmatch lr=0.003 iter=250/2500 loss=0.8489
  derivmatch lr=0.003 iter=375/2500 loss=0.8388
  derivmatch lr=0.003 iter=500/2500 loss=0.8288
  derivmatch lr=0.003 iter=625/2500 loss=0.8189
  derivmatch lr=0.003 iter=750/2500 loss=0.8145
  derivmatch lr=0.003 iter=875/2500 loss=0.8011
  derivmatch lr=0.003 iter=1000/2500 loss=0.8025
  derivmatch lr=0.003 iter=1125/2500 loss=0.7838
  derivmatch lr=0.003 iter=1250/2500 loss=0.7747
  derivmatch lr=0.003 iter=1375/2500 loss=0.7758
  derivmatch lr=0.003 iter=1500/2500 loss=0.7611
  derivmatch lr=0.003 iter=1625/2500 loss=0.7496
  derivmatch lr=0.003 iter=1750/2500 loss=0.7427
  derivmatch lr=0.003 iter=1875/2500 loss=0.7398
  derivmatch lr=0.003 iter=2000/2500 loss=0.7417
  derivmatch lr=0.003 iter=2125/2500 loss=0.7314
  derivmatch lr=0.003 iter=2250/2500 loss=0.7131
  derivmatch lr=0.003 iter=2375/2500 loss=0.7061
  derivmatch lr=0.003 iter=2500/2500 loss=0.6996
  derivmatch lr=0.003 iter=2500/2500 loss=0.6996
  derivmatch lr=0.001 iter=125/2500 loss=0.6973
  derivmatch lr=0.001 iter=250/2500 loss=0.695
  derivmatch lr=0.001 iter=375/2500 loss=0.6925
  derivmatch lr=0.001 iter=500/2500 loss=0.69
  derivmatch lr=0.001 iter=625/2500 loss=0.6874
  derivmatch lr=0.001 iter=750/2500 loss=0.6848
  derivmatch lr=0.001 iter=875/2500 loss=0.6822
  derivmatch lr=0.001 iter=1000/2500 loss=0.6795
  derivmatch lr=0.001 iter=1125/2500 loss=0.6769
  derivmatch lr=0.001 iter=1250/2500 loss=0.6747
  derivmatch lr=0.001 iter=1375/2500 loss=0.6716
  derivmatch lr=0.001 iter=1500/2500 loss=0.6691
  derivmatch lr=0.001 iter=1625/2500 loss=0.6667
  derivmatch lr=0.001 iter=1750/2500 loss=0.6654
  derivmatch lr=0.001 iter=1875/2500 loss=0.6615
  derivmatch lr=0.001 iter=2000/2500 loss=0.6607
  derivmatch lr=0.001 iter=2125/2500 loss=0.6601
  derivmatch lr=0.001 iter=2250/2500 loss=0.6539
  derivmatch lr=0.001 iter=2375/2500 loss=0.6516
  derivmatch lr=0.001 iter=2500/2500 loss=0.649
  derivmatch lr=0.001 iter=2500/2500 loss=0.6489
  derivmatch lr=0.0003 iter=80/1600 loss=0.6485
  derivmatch lr=0.0003 iter=160/1600 loss=0.6481
  derivmatch lr=0.0003 iter=240/1600 loss=0.6476
  derivmatch lr=0.0003 iter=320/1600 loss=0.6471
  derivmatch lr=0.0003 iter=400/1600 loss=0.6466
  derivmatch lr=0.0003 iter=480/1600 loss=0.6461
  derivmatch lr=0.0003 iter=560/1600 loss=0.6456
  derivmatch lr=0.0003 iter=640/1600 loss=0.6451
  derivmatch lr=0.0003 iter=720/1600 loss=0.6446
  derivmatch lr=0.0003 iter=800/1600 loss=0.6441
  derivmatch lr=0.0003 iter=880/1600 loss=0.6436
  derivmatch lr=0.0003 iter=960/1600 loss=0.6431
  derivmatch lr=0.0003 iter=1040/1600 loss=0.6426
  derivmatch lr=0.0003 iter=1120/1600 loss=0.6421
  derivmatch lr=0.0003 iter=1200/1600 loss=0.6415
  derivmatch lr=0.0003 iter=1280/1600 loss=0.641
  derivmatch lr=0.0003 iter=1360/1600 loss=0.6405
  derivmatch lr=0.0003 iter=1440/1600 loss=0.6399
  derivmatch lr=0.0003 iter=1520/1600 loss=0.6394
  derivmatch lr=0.0003 iter=1600/1600 loss=0.6389
  derivmatch lr=0.0003 iter=1600/1600 loss=0.6389
derivative matching [25s]  fitloss=0.639
  [derivative matching]  nrmse=0.2827  l2=325.1
  collocation: M=163 residuals=1274  detecting sparsity + solving...

Algorithm: LevenbergMarquardt(
    trustregion = LevenbergMarquardtTrustRegion(
        β_uphill = 0.0
    ),
    descent = GeodesicAcceleration(
        descent = DampedNewtonDescent(
            linsolve = KLUFactorization(
                reuse_symbolic = true,
                check_pattern = true
            ),
            initial_damping = 1.0,
            damping_fn = LevenbergMarquardtDampingFunction(
                increase_factor = 2.0,
                decrease_factor = 3.0,
                min_damping = 1.0e-8
            ),
            min_norm_mode = :auto
        ),
        finite_diff_step_geodesic = 0.1,
        α = 0.75
    ),
    autodiff = AutoForwardDiff(),
    vjp_autodiff = AutoFiniteDiff(
        fdtype = Val{:forward}(),
        fdjtype = Val{:forward}(),
        fdhtype = Val{:hcentral}(),
        dir = true
    ),
    jvp_autodiff = AutoForwardDiff(),
    concrete_jac = Val{true}()
)

----    	-------------       	-----------         
Iter    	f(u) 2-norm         	Step 2-norm         
----    	-------------       	-----------         
0       	6.50713983e+02      	NaN                 
1       	6.50713983e+02      	0.00000000e+00      
8       	6.50713983e+02      	0.00000000e+00      
15      	6.35923902e+02      	9.68870804e-01      
22      	6.11157689e+02      	0.00000000e+00      
29      	5.59058693e+02      	8.20483215e-01      
36      	1.08016815e+04      	0.00000000e+00      
43      	9.04836604e+03      	0.00000000e+00      
50      	2.55820964e+03      	4.04957501e+00      
57      	2.55820964e+03      	0.00000000e+00      
64      	4.96975913e+03      	0.00000000e+00      
71      	2.23460923e+03      	1.21576768e+00      
78      	1.07915336e+03      	0.00000000e+00      
85      	9.51838809e+02      	5.38477222e-01      
92      	8.04597850e+02      	0.00000000e+00      
99      	6.70730252e+02      	1.30444519e+00      
106     	4.84614595e+02      	1.62384335e+00      
113     	4.44986319e+02      	0.00000000e+00      
120     	2.96913801e+02      	6.31712782e-01      
127     	2.32764641e+02      	1.04233932e+00      
134     	1.62434668e+02      	0.00000000e+00      
141     	8.99508520e+01      	7.86553434e-01      
148     	4.40464893e+01      	5.88717710e-01      
Final   	1.68620819e+01      
----------------------      
  AMR 1/1: M=163  err=199.0  obs=0.06  nrmse=0.365  best=0.283  refined=0
 derivative matching was best (1/1 rounds ran)
collocation [30s]
  [final]  nrmse=0.2827  l2=325.1
extrapolation window: T=200.0 -> T_test=400.0  n_test=302
  [train]  E_traj=0.9663  E_VF=0.7876  E_spec=0.861
  [test ]  E_traj=1566.0  E_VF=7.851  E_spec=0.5722
saved /orcd/home/002/txenakis/projects/BVPsolver/src/../data/runs/run_ex3KuhX3/vanderpol_fit.png
saved /orcd/home/002/txenakis/projects/BVPsolver/src/../data/runs/run_ex3KuhX3/vanderpol_fit_extrapolated.png
saved /orcd/home/002/txenakis/projects/BVPsolver/src/../data/runs/run_ex3KuhX3/vanderpol_spectral_fit_extrapolated.png
saved /orcd/home/002/txenakis/projects/BVPsolver/src/../data/runs/run_ex3KuhX3/vanderpol_vf_fit_extrapolated.png
┌ Warning: Attempting to store StiffNN.var"#14#15"{Float64}.
│ JLD2 only stores functions by name.
│  This may not be useful for anonymous functions.
└ @ JLD2 ~/.julia/packages/JLD2/ADycq/src/data/writing_datatypes.jl:447
saved run → /orcd/home/002/txenakis/projects/BVPsolver/src/../data/runs/run_ex3KuhX3
