rober  model=stiff width=12 d=3 tlen=50 profile=fast seed=207  solver=Rodas5  N=318
  derivmatch lr=0.01 iter=170/3400 loss=0.3123
  derivmatch lr=0.01 iter=340/3400 loss=0.1387
  derivmatch lr=0.01 iter=510/3400 loss=0.09196
  derivmatch lr=0.01 iter=680/3400 loss=0.04964
  derivmatch lr=0.01 iter=850/3400 loss=0.0496
  derivmatch lr=0.01 iter=1020/3400 loss=0.03783
  derivmatch lr=0.01 iter=1190/3400 loss=0.02775
  derivmatch lr=0.01 iter=1360/3400 loss=0.02996
  derivmatch lr=0.01 iter=1530/3400 loss=0.03778
  derivmatch lr=0.01 iter=1700/3400 loss=0.0185
  derivmatch lr=0.01 iter=1870/3400 loss=0.04033
  derivmatch lr=0.01 iter=2040/3400 loss=0.01679
  derivmatch lr=0.01 iter=2210/3400 loss=0.01142
  derivmatch lr=0.01 iter=2380/3400 loss=0.01074
  derivmatch lr=0.01 iter=2550/3400 loss=0.00923
  derivmatch lr=0.01 iter=2720/3400 loss=0.03384
  derivmatch lr=0.01 iter=2890/3400 loss=0.0163
  derivmatch lr=0.01 iter=3060/3400 loss=0.009977
  derivmatch lr=0.01 iter=3230/3400 loss=0.006358
  derivmatch lr=0.01 iter=3400/3400 loss=0.006384
  derivmatch lr=0.01 iter=3400/3400 loss=0.005167
  derivmatch lr=0.003 iter=125/2500 loss=0.005004
  derivmatch lr=0.003 iter=250/2500 loss=0.004305
  derivmatch lr=0.003 iter=375/2500 loss=0.007143
  derivmatch lr=0.003 iter=500/2500 loss=0.00398
  derivmatch lr=0.003 iter=625/2500 loss=0.003115
  derivmatch lr=0.003 iter=750/2500 loss=0.002681
  derivmatch lr=0.003 iter=875/2500 loss=0.002763
  derivmatch lr=0.003 iter=1000/2500 loss=0.002659
  derivmatch lr=0.003 iter=1125/2500 loss=0.00363
  derivmatch lr=0.003 iter=1250/2500 loss=0.002846
  derivmatch lr=0.003 iter=1375/2500 loss=0.002137
  derivmatch lr=0.003 iter=1500/2500 loss=0.001655
  derivmatch lr=0.003 iter=1625/2500 loss=0.001313
  derivmatch lr=0.003 iter=1750/2500 loss=0.001364
  derivmatch lr=0.003 iter=1875/2500 loss=0.0008648
  derivmatch lr=0.003 iter=2000/2500 loss=0.001515
  derivmatch lr=0.003 iter=2125/2500 loss=0.0008188
  derivmatch lr=0.003 iter=2250/2500 loss=0.0009978
  derivmatch lr=0.003 iter=2375/2500 loss=0.001175
  derivmatch lr=0.003 iter=2500/2500 loss=0.0008067
  derivmatch lr=0.003 iter=2500/2500 loss=0.0005975
  derivmatch lr=0.001 iter=125/2500 loss=0.0005886
  derivmatch lr=0.001 iter=250/2500 loss=0.0005747
  derivmatch lr=0.001 iter=375/2500 loss=0.0005607
  derivmatch lr=0.001 iter=500/2500 loss=0.000546
  derivmatch lr=0.001 iter=625/2500 loss=0.0005305
  derivmatch lr=0.001 iter=750/2500 loss=0.0005146
  derivmatch lr=0.001 iter=875/2500 loss=0.0004982
  derivmatch lr=0.001 iter=1000/2500 loss=0.000498
  derivmatch lr=0.001 iter=1125/2500 loss=0.0007102
  derivmatch lr=0.001 iter=1250/2500 loss=0.0004736
  derivmatch lr=0.001 iter=1375/2500 loss=0.000441
  derivmatch lr=0.001 iter=1500/2500 loss=0.0004438
  derivmatch lr=0.001 iter=1625/2500 loss=0.000526
  derivmatch lr=0.001 iter=1750/2500 loss=0.0004093
  derivmatch lr=0.001 iter=1875/2500 loss=0.0005044
  derivmatch lr=0.001 iter=2000/2500 loss=0.0003966
  derivmatch lr=0.001 iter=2125/2500 loss=0.0003874
  derivmatch lr=0.001 iter=2250/2500 loss=0.000354
  derivmatch lr=0.001 iter=2375/2500 loss=0.0004522
  derivmatch lr=0.001 iter=2500/2500 loss=0.0003287
  derivmatch lr=0.001 iter=2500/2500 loss=0.0003287
  derivmatch lr=0.0003 iter=80/1600 loss=0.000328
  derivmatch lr=0.0003 iter=160/1600 loss=0.0003258
  derivmatch lr=0.0003 iter=240/1600 loss=0.0003242
  derivmatch lr=0.0003 iter=320/1600 loss=0.0003223
  derivmatch lr=0.0003 iter=400/1600 loss=0.0003202
  derivmatch lr=0.0003 iter=480/1600 loss=0.0003179
  derivmatch lr=0.0003 iter=560/1600 loss=0.0003153
  derivmatch lr=0.0003 iter=640/1600 loss=0.0003125
  derivmatch lr=0.0003 iter=720/1600 loss=0.0003095
  derivmatch lr=0.0003 iter=800/1600 loss=0.0003063
  derivmatch lr=0.0003 iter=880/1600 loss=0.0003029
  derivmatch lr=0.0003 iter=960/1600 loss=0.0002993
  derivmatch lr=0.0003 iter=1040/1600 loss=0.0002956
  derivmatch lr=0.0003 iter=1120/1600 loss=0.0002917
  derivmatch lr=0.0003 iter=1200/1600 loss=0.0002876
  derivmatch lr=0.0003 iter=1280/1600 loss=0.0002833
  derivmatch lr=0.0003 iter=1360/1600 loss=0.000279
  derivmatch lr=0.0003 iter=1440/1600 loss=0.0002744
  derivmatch lr=0.0003 iter=1520/1600 loss=0.0002698
  derivmatch lr=0.0003 iter=1600/1600 loss=0.0002656
  derivmatch lr=0.0003 iter=1600/1600 loss=0.0002656
derivative matching [32s]  fitloss=0.000266
  [derivative matching]  nrmse=0.003825  l2=0.02632
  collocation: M=54 residuals=627  detecting sparsity + solving...

Algorithm: LevenbergMarquardt(
    trustregion = LevenbergMarquardtTrustRegion(
        β_uphill = 0.0
    ),
    descent = GeodesicAcceleration(
        descent = DampedNewtonDescent(
            linsolve = KLUFactorization(
                reuse_symbolic = true,
                check_pattern = true
            ),
            initial_damping = 1.0,
            damping_fn = LevenbergMarquardtDampingFunction(
                increase_factor = 2.0,
                decrease_factor = 3.0,
                min_damping = 1.0e-8
            ),
            min_norm_mode = :auto
        ),
        finite_diff_step_geodesic = 0.1,
        α = 0.75
    ),
    autodiff = AutoForwardDiff(),
    vjp_autodiff = AutoFiniteDiff(
        fdtype = Val{:forward}(),
        fdjtype = Val{:forward}(),
        fdhtype = Val{:hcentral}(),
        dir = true
    ),
    jvp_autodiff = AutoForwardDiff(),
    concrete_jac = Val{true}()
)

----    	-------------       	-----------         
Iter    	f(u) 2-norm         	Step 2-norm         
----    	-------------       	-----------         
0       	1.84545675e+03      	NaN                 
1       	1.77255351e+03      	2.51028225e-02      
8       	7.08716087e+02      	3.97519983e-02      
15      	6.53098270e+01      	2.01684845e-01      
22      	1.52261978e+02      	3.11408046e-01      
29      	2.83878698e+02      	3.44208974e-01      
36      	5.95712522e+01      	2.18814581e-01      
43      	4.97736454e+01      	3.93529312e-01      
50      	5.71652991e+02      	0.00000000e+00      
57      	2.99233766e+02      	4.43876443e-01      
64      	1.14347637e+02      	0.00000000e+00      
71      	3.25857012e+01      	0.00000000e+00      
78      	2.51337186e+03      	0.00000000e+00      
85      	3.44709698e+02      	0.00000000e+00      
92      	4.09157240e+02      	3.03963324e-01      
99      	3.65852951e+00      	0.00000000e+00      
106     	9.94265460e+01      	2.20392691e-01      
113     	1.69979843e+02      	0.00000000e+00      
120     	1.01703610e+02      	0.00000000e+00      
127     	4.39748209e+01      	1.34172204e-01      
134     	3.08718015e+01      	0.00000000e+00      
141     	1.84947223e+03      	0.00000000e+00      
148     	4.23153122e+02      	3.07866166e-01      
Final   	7.66625313e-01      
----------------------      
  AMR 1/1: M=54  err=0.0939  obs=3.62e-10  nrmse=0.000128  best=0.000128  refined=0
collocation [19s]
  [final]  nrmse=0.0001279  l2=0.0002429
extrapolation window: T=1000.0 -> T_test=1.0e12  n_test=100
  [train]  E_traj=4.521e-8  E_VF=1.483e-6  E_spec=7.036e26
  [test ]  E_traj=1502.0  E_VF=3.009e11  E_spec=3.945e23
saved /orcd/home/002/txenakis/projects/BVPsolver/src/../data/runs/run_QGxqJdg4/rober_fit.png
saved /orcd/home/002/txenakis/projects/BVPsolver/src/../data/runs/run_QGxqJdg4/rober_fit_extrapolated.png
saved /orcd/home/002/txenakis/projects/BVPsolver/src/../data/runs/run_QGxqJdg4/rober_spectral_fit_extrapolated.png
saved /orcd/home/002/txenakis/projects/BVPsolver/src/../data/runs/run_QGxqJdg4/rober_vf_fit_extrapolated.png
┌ Warning: Attempting to store StiffNN.var"#12#13"{Float64, Float64, Float64}.
│ JLD2 only stores functions by name.
│  This may not be useful for anonymous functions.
└ @ JLD2 ~/.julia/packages/JLD2/ADycq/src/data/writing_datatypes.jl:447
saved run → /orcd/home/002/txenakis/projects/BVPsolver/src/../data/runs/run_QGxqJdg4
