hires  model=mlp width=21 d=8 tlen=50 profile=fast seed=28  solver=Rodas5  N=827
  derivmatch lr=0.01 iter=170/3400 loss=44.14
  derivmatch lr=0.01 iter=340/3400 loss=39.65
  derivmatch lr=0.01 iter=510/3400 loss=37.71
  derivmatch lr=0.01 iter=680/3400 loss=44.55
  derivmatch lr=0.01 iter=850/3400 loss=28.77
  derivmatch lr=0.01 iter=1020/3400 loss=29.66
  derivmatch lr=0.01 iter=1190/3400 loss=29.68
  derivmatch lr=0.01 iter=1360/3400 loss=24.75
  derivmatch lr=0.01 iter=1530/3400 loss=20.88
  derivmatch lr=0.01 iter=1700/3400 loss=20.47
  derivmatch lr=0.01 iter=1870/3400 loss=15.56
  derivmatch lr=0.01 iter=2040/3400 loss=22.19
  derivmatch lr=0.01 iter=2210/3400 loss=15.85
  derivmatch lr=0.01 iter=2380/3400 loss=17.77
  derivmatch lr=0.01 iter=2550/3400 loss=16.93
  derivmatch lr=0.01 iter=2720/3400 loss=15.42
  derivmatch lr=0.01 iter=2890/3400 loss=13.27
  derivmatch lr=0.01 iter=3060/3400 loss=18.35
  derivmatch lr=0.01 iter=3230/3400 loss=17.91
  derivmatch lr=0.01 iter=3400/3400 loss=12.35
  derivmatch lr=0.01 iter=3400/3400 loss=9.8
  derivmatch lr=0.003 iter=125/2500 loss=7.047
  derivmatch lr=0.003 iter=250/2500 loss=6.805
  derivmatch lr=0.003 iter=375/2500 loss=7.248
  derivmatch lr=0.003 iter=500/2500 loss=6.21
  derivmatch lr=0.003 iter=625/2500 loss=5.093
  derivmatch lr=0.003 iter=750/2500 loss=5.736
  derivmatch lr=0.003 iter=875/2500 loss=4.504
  derivmatch lr=0.003 iter=1000/2500 loss=6.175
  derivmatch lr=0.003 iter=1125/2500 loss=8.213
  derivmatch lr=0.003 iter=1250/2500 loss=6.076
  derivmatch lr=0.003 iter=1375/2500 loss=4.383
  derivmatch lr=0.003 iter=1500/2500 loss=6.06
  derivmatch lr=0.003 iter=1625/2500 loss=4.963
  derivmatch lr=0.003 iter=1750/2500 loss=5.61
  derivmatch lr=0.003 iter=1875/2500 loss=5.237
  derivmatch lr=0.003 iter=2000/2500 loss=6.813
  derivmatch lr=0.003 iter=2125/2500 loss=4.302
  derivmatch lr=0.003 iter=2250/2500 loss=5.463
  derivmatch lr=0.003 iter=2375/2500 loss=7.887
  derivmatch lr=0.003 iter=2500/2500 loss=5.652
  derivmatch lr=0.003 iter=2500/2500 loss=3.174
  derivmatch lr=0.001 iter=125/2500 loss=1.757
  derivmatch lr=0.001 iter=250/2500 loss=1.731
  derivmatch lr=0.001 iter=375/2500 loss=2.376
  derivmatch lr=0.001 iter=500/2500 loss=2.64
  derivmatch lr=0.001 iter=625/2500 loss=2.032
  derivmatch lr=0.001 iter=750/2500 loss=2.125
  derivmatch lr=0.001 iter=875/2500 loss=1.651
  derivmatch lr=0.001 iter=1000/2500 loss=2.075
  derivmatch lr=0.001 iter=1125/2500 loss=2.12
  derivmatch lr=0.001 iter=1250/2500 loss=1.617
  derivmatch lr=0.001 iter=1375/2500 loss=1.909
  derivmatch lr=0.001 iter=1500/2500 loss=1.766
  derivmatch lr=0.001 iter=1625/2500 loss=1.653
  derivmatch lr=0.001 iter=1750/2500 loss=1.627
  derivmatch lr=0.001 iter=1875/2500 loss=2.209
  derivmatch lr=0.001 iter=2000/2500 loss=2.073
  derivmatch lr=0.001 iter=2125/2500 loss=1.671
  derivmatch lr=0.001 iter=2250/2500 loss=1.849
  derivmatch lr=0.001 iter=2375/2500 loss=1.734
  derivmatch lr=0.001 iter=2500/2500 loss=1.661
  derivmatch lr=0.001 iter=2500/2500 loss=0.9782
  derivmatch lr=0.0003 iter=80/1600 loss=0.6909
  derivmatch lr=0.0003 iter=160/1600 loss=0.71
  derivmatch lr=0.0003 iter=240/1600 loss=0.7201
  derivmatch lr=0.0003 iter=320/1600 loss=0.8841
  derivmatch lr=0.0003 iter=400/1600 loss=0.6703
  derivmatch lr=0.0003 iter=480/1600 loss=0.697
  derivmatch lr=0.0003 iter=560/1600 loss=0.6754
  derivmatch lr=0.0003 iter=640/1600 loss=0.5767
  derivmatch lr=0.0003 iter=720/1600 loss=0.7791
  derivmatch lr=0.0003 iter=800/1600 loss=0.625
  derivmatch lr=0.0003 iter=880/1600 loss=0.674
  derivmatch lr=0.0003 iter=960/1600 loss=0.6569
  derivmatch lr=0.0003 iter=1040/1600 loss=0.6918
  derivmatch lr=0.0003 iter=1120/1600 loss=0.6752
  derivmatch lr=0.0003 iter=1200/1600 loss=1.303
  derivmatch lr=0.0003 iter=1280/1600 loss=0.5076
  derivmatch lr=0.0003 iter=1360/1600 loss=0.7786
  derivmatch lr=0.0003 iter=1440/1600 loss=0.8696
  derivmatch lr=0.0003 iter=1520/1600 loss=0.7348
  derivmatch lr=0.0003 iter=1600/1600 loss=0.4885
  derivmatch lr=0.0003 iter=1600/1600 loss=0.4739
derivative matching [28s]  fitloss=0.474
  [derivative matching]  nrmse=42.34  l2=37.85
  collocation: M=75 residuals=2176  detecting sparsity + solving...

Algorithm: LevenbergMarquardt(
    trustregion = LevenbergMarquardtTrustRegion(
        β_uphill = 0.0
    ),
    descent = GeodesicAcceleration(
        descent = DampedNewtonDescent(
            linsolve = QRFactorization(
                pivot = NoPivot(),
                blocksize = 16,
                inplace = true
            ),
            initial_damping = 1.0,
            damping_fn = LevenbergMarquardtDampingFunction(
                increase_factor = 2.0,
                decrease_factor = 3.0,
                min_damping = 1.0e-8
            ),
            min_norm_mode = :auto
        ),
        finite_diff_step_geodesic = 0.1,
        α = 0.75
    ),
    autodiff = AutoForwardDiff(),
    vjp_autodiff = AutoFiniteDiff(
        fdtype = Val{:forward}(),
        fdjtype = Val{:forward}(),
        fdhtype = Val{:hcentral}(),
        dir = true
    ),
    jvp_autodiff = AutoForwardDiff(),
    concrete_jac = Val{true}()
)

----    	-------------       	-----------         
Iter    	f(u) 2-norm         	Step 2-norm         
----    	-------------       	-----------         
0       	9.16215450e+02      	NaN                 
1       	1.02893742e+04      	1.24433403e-01      
8       	1.24033851e+03      	3.17081348e-02      
15      	6.32557042e+03      	2.33818648e-01      
22      	1.31955585e+01      	4.08012396e-02      
29      	3.43705573e+00      	2.60049800e-02      
36      	2.96076864e-01      	8.91737683e-03      
43      	2.21769946e-01      	3.00067086e-04      
50      	2.21769929e-01      	4.05140839e-04      
57      	2.21769901e-01      	5.29868809e-04      
64      	2.21769858e-01      	7.05339804e-04      
71      	2.21769807e-01      	9.11696199e-04      
78      	2.21769874e-01      	1.19302894e-03      
85      	2.21770514e-01      	1.54396054e-03      
92      	2.21775154e-01      	2.01326929e-03      
99      	2.21795106e-01      	2.61701628e-03      
106     	2.21916727e-01      	3.40047843e-03      
113     	2.22341635e-01      	4.39571508e-03      
120     	2.24858444e-01      	5.60097860e-03      
127     	2.30323558e-01      	6.99966392e-03      
134     	2.58641891e-01      	8.49714826e-03      
141     	2.78896819e-01      	9.89658521e-03      
148     	3.39890429e-01      	1.05712182e-02      
Final   	2.21769800e-01      
----------------------      
  AMR 1/1: M=75  err=0.0077  obs=0.00382  nrmse=152.0  best=42.3  refined=0
 derivative matching was best (1/1 rounds ran)
collocation [176s]
  [final]  nrmse=42.34  l2=37.85
extrapolation window: T=321.8122 -> T_test=643.624  n_test=100
  [train]  E_traj=9220.0  E_VF=0.3969  E_spec=3.563e13
  [test ]  E_traj=1.719e10  E_VF=229700.0  E_spec=8.359e24
saved /orcd/home/002/txenakis/projects/BVPsolver/src/../data/runs/run_7lEprWsy/hires_fit.png
saved /orcd/home/002/txenakis/projects/BVPsolver/src/../data/runs/run_7lEprWsy/hires_fit_extrapolated.png
saved /orcd/home/002/txenakis/projects/BVPsolver/src/../data/runs/run_7lEprWsy/hires_spectral_fit_extrapolated.png
saved /orcd/home/002/txenakis/projects/BVPsolver/src/../data/runs/run_7lEprWsy/hires_vf_fit_extrapolated.png
┌ Warning: Attempting to store StiffNN.var"#18#19"{Type{Float64}}.
│ JLD2 only stores functions by name.
│  This may not be useful for anonymous functions.
└ @ JLD2 ~/.julia/packages/JLD2/ADycq/src/data/writing_datatypes.jl:447
saved run → /orcd/home/002/txenakis/projects/BVPsolver/src/../data/runs/run_7lEprWsy
