rober  model=stiff width=12 d=3 tlen=50 profile=fast seed=219  solver=Rodas5  N=318
  derivmatch lr=0.01 iter=170/3400 loss=0.3003
  derivmatch lr=0.01 iter=340/3400 loss=0.1393
  derivmatch lr=0.01 iter=510/3400 loss=0.07273
  derivmatch lr=0.01 iter=680/3400 loss=0.04424
  derivmatch lr=0.01 iter=850/3400 loss=0.03033
  derivmatch lr=0.01 iter=1020/3400 loss=0.02175
  derivmatch lr=0.01 iter=1190/3400 loss=0.01547
  derivmatch lr=0.01 iter=1360/3400 loss=0.01165
  derivmatch lr=0.01 iter=1530/3400 loss=0.04731
  derivmatch lr=0.01 iter=1700/3400 loss=0.01181
  derivmatch lr=0.01 iter=1870/3400 loss=0.006271
  derivmatch lr=0.01 iter=2040/3400 loss=0.004534
  derivmatch lr=0.01 iter=2210/3400 loss=0.003504
  derivmatch lr=0.01 iter=2380/3400 loss=0.002775
  derivmatch lr=0.01 iter=2550/3400 loss=0.002221
  derivmatch lr=0.01 iter=2720/3400 loss=0.00179
  derivmatch lr=0.01 iter=2890/3400 loss=0.001499
  derivmatch lr=0.01 iter=3060/3400 loss=0.001236
  derivmatch lr=0.01 iter=3230/3400 loss=0.001172
  derivmatch lr=0.01 iter=3400/3400 loss=0.001479
  derivmatch lr=0.01 iter=3400/3400 loss=0.0008811
  derivmatch lr=0.003 iter=125/2500 loss=0.0007693
  derivmatch lr=0.003 iter=250/2500 loss=0.0006399
  derivmatch lr=0.003 iter=375/2500 loss=0.0005152
  derivmatch lr=0.003 iter=500/2500 loss=0.0004032
  derivmatch lr=0.003 iter=625/2500 loss=0.0003127
  derivmatch lr=0.003 iter=750/2500 loss=0.0003758
  derivmatch lr=0.003 iter=875/2500 loss=0.0002191
  derivmatch lr=0.003 iter=1000/2500 loss=0.0001885
  derivmatch lr=0.003 iter=1125/2500 loss=0.0002575
  derivmatch lr=0.003 iter=1250/2500 loss=0.0001468
  derivmatch lr=0.003 iter=1375/2500 loss=0.000135
  derivmatch lr=0.003 iter=1500/2500 loss=0.000138
  derivmatch lr=0.003 iter=1625/2500 loss=0.0001315
  derivmatch lr=0.003 iter=1750/2500 loss=0.0001815
  derivmatch lr=0.003 iter=1875/2500 loss=9.795e-5
  derivmatch lr=0.003 iter=2000/2500 loss=0.000142
  derivmatch lr=0.003 iter=2125/2500 loss=7.926e-5
  derivmatch lr=0.003 iter=2250/2500 loss=7.404e-5
  derivmatch lr=0.003 iter=2375/2500 loss=6.439e-5
  derivmatch lr=0.003 iter=2500/2500 loss=6.652e-5
  derivmatch lr=0.003 iter=2500/2500 loss=6.154e-5
  derivmatch lr=0.001 iter=125/2500 loss=6.139e-5
  derivmatch lr=0.001 iter=250/2500 loss=5.988e-5
  derivmatch lr=0.001 iter=375/2500 loss=5.827e-5
  derivmatch lr=0.001 iter=500/2500 loss=5.65e-5
  derivmatch lr=0.001 iter=625/2500 loss=5.46e-5
  derivmatch lr=0.001 iter=750/2500 loss=5.259e-5
  derivmatch lr=0.001 iter=875/2500 loss=5.051e-5
  derivmatch lr=0.001 iter=1000/2500 loss=4.838e-5
  derivmatch lr=0.001 iter=1125/2500 loss=4.624e-5
  derivmatch lr=0.001 iter=1250/2500 loss=4.409e-5
  derivmatch lr=0.001 iter=1375/2500 loss=4.198e-5
  derivmatch lr=0.001 iter=1500/2500 loss=3.997e-5
  derivmatch lr=0.001 iter=1625/2500 loss=3.807e-5
  derivmatch lr=0.001 iter=1750/2500 loss=3.635e-5
  derivmatch lr=0.001 iter=1875/2500 loss=3.48e-5
  derivmatch lr=0.001 iter=2000/2500 loss=3.337e-5
  derivmatch lr=0.001 iter=2125/2500 loss=3.202e-5
  derivmatch lr=0.001 iter=2250/2500 loss=3.08e-5
  derivmatch lr=0.001 iter=2375/2500 loss=2.973e-5
  derivmatch lr=0.001 iter=2500/2500 loss=3.496e-5
  derivmatch lr=0.001 iter=2500/2500 loss=2.899e-5
  derivmatch lr=0.0003 iter=80/1600 loss=2.902e-5
  derivmatch lr=0.0003 iter=160/1600 loss=2.878e-5
  derivmatch lr=0.0003 iter=240/1600 loss=2.863e-5
  derivmatch lr=0.0003 iter=320/1600 loss=2.845e-5
  derivmatch lr=0.0003 iter=400/1600 loss=2.825e-5
  derivmatch lr=0.0003 iter=480/1600 loss=2.803e-5
  derivmatch lr=0.0003 iter=560/1600 loss=2.779e-5
  derivmatch lr=0.0003 iter=640/1600 loss=2.754e-5
  derivmatch lr=0.0003 iter=720/1600 loss=2.727e-5
  derivmatch lr=0.0003 iter=800/1600 loss=2.699e-5
  derivmatch lr=0.0003 iter=880/1600 loss=2.67e-5
  derivmatch lr=0.0003 iter=960/1600 loss=2.639e-5
  derivmatch lr=0.0003 iter=1040/1600 loss=2.608e-5
  derivmatch lr=0.0003 iter=1120/1600 loss=2.576e-5
  derivmatch lr=0.0003 iter=1200/1600 loss=2.543e-5
  derivmatch lr=0.0003 iter=1280/1600 loss=2.51e-5
  derivmatch lr=0.0003 iter=1360/1600 loss=2.476e-5
  derivmatch lr=0.0003 iter=1440/1600 loss=2.442e-5
  derivmatch lr=0.0003 iter=1520/1600 loss=2.408e-5
  derivmatch lr=0.0003 iter=1600/1600 loss=2.478e-5
  derivmatch lr=0.0003 iter=1600/1600 loss=2.379e-5
derivative matching [33s]  fitloss=2.38e-5
  [derivative matching]  nrmse=0.004481  l2=0.02594
  shooting iter=50/1000 loss=0.00155
  shooting iter=100/1000 loss=0.001905
  shooting iter=150/1000 loss=0.0008692
  shooting iter=200/1000 loss=0.0009357
  shooting iter=250/1000 loss=0.0009716
  shooting iter=300/1000 loss=0.001538
  shooting iter=350/1000 loss=0.001176
  shooting iter=400/1000 loss=0.001286
  shooting iter=450/1000 loss=0.0007241
  shooting iter=500/1000 loss=0.0006572
  shooting iter=550/1000 loss=0.001348
  shooting iter=600/1000 loss=0.001893
  shooting iter=650/1000 loss=0.0006489
  shooting iter=700/1000 loss=0.0006368
  shooting iter=750/1000 loss=0.001904
  shooting iter=800/1000 loss=0.0008024
  shooting iter=850/1000 loss=0.001133
  shooting iter=900/1000 loss=0.001718
  shooting iter=950/1000 loss=0.0009745
  shooting iter=1000/1000 loss=0.0006435
  shooting iter=1000/1000 loss=0.00043
shooting [665s]  loss=0.00043
  [final]  nrmse=0.0008426  l2=0.003699
extrapolation window: T=1000.0 -> T_test=1.0e12  n_test=100
  [train]  E_traj=2.817e-6  E_VF=0.000567  E_spec=1.874e27
  [test ]  E_traj=NaN  E_VF=NaN  E_spec=NaN
saved /orcd/home/002/txenakis/projects/BVPsolver/src/../data/runs/run_wdRAIIpQ/rober_fit.png
saved /orcd/home/002/txenakis/projects/BVPsolver/src/../data/runs/run_wdRAIIpQ/rober_fit_extrapolated.png
saved /orcd/home/002/txenakis/projects/BVPsolver/src/../data/runs/run_wdRAIIpQ/rober_spectral_fit_extrapolated.png
saved /orcd/home/002/txenakis/projects/BVPsolver/src/../data/runs/run_wdRAIIpQ/rober_vf_fit_extrapolated.png
┌ Warning: Attempting to store StiffNN.var"#12#13"{Float64, Float64, Float64}.
│ JLD2 only stores functions by name.
│  This may not be useful for anonymous functions.
└ @ JLD2 ~/.julia/packages/JLD2/ADycq/src/data/writing_datatypes.jl:447
saved run → /orcd/home/002/txenakis/projects/BVPsolver/src/../data/runs/run_wdRAIIpQ
