rober  model=GELU-scaled width=7 d=3 tlen=50 profile=fast seed=503  solver=Rodas5  N=332
  derivmatch lr=0.01 iter=170/3400 loss=9.068
  derivmatch lr=0.01 iter=340/3400 loss=8.338
  derivmatch lr=0.01 iter=510/3400 loss=6.109
  derivmatch lr=0.01 iter=680/3400 loss=5.801
  derivmatch lr=0.01 iter=850/3400 loss=8.404
  derivmatch lr=0.01 iter=1020/3400 loss=7.648
  derivmatch lr=0.01 iter=1190/3400 loss=5.987
  derivmatch lr=0.01 iter=1360/3400 loss=5.58
  derivmatch lr=0.01 iter=1530/3400 loss=7.997
  derivmatch lr=0.01 iter=1700/3400 loss=7.442
  derivmatch lr=0.01 iter=1870/3400 loss=5.487
  derivmatch lr=0.01 iter=2040/3400 loss=5.363
  derivmatch lr=0.01 iter=2210/3400 loss=5.181
  derivmatch lr=0.01 iter=2380/3400 loss=4.829
  derivmatch lr=0.01 iter=2550/3400 loss=8.24
  derivmatch lr=0.01 iter=2720/3400 loss=7.18
  derivmatch lr=0.01 iter=2890/3400 loss=6.795
  derivmatch lr=0.01 iter=3060/3400 loss=6.283
  derivmatch lr=0.01 iter=3230/3400 loss=5.624
  derivmatch lr=0.01 iter=3400/3400 loss=7.106
  derivmatch lr=0.01 iter=3400/3400 loss=4.702
  derivmatch lr=0.003 iter=125/2500 loss=7.472
  derivmatch lr=0.003 iter=250/2500 loss=5.377
  derivmatch lr=0.003 iter=375/2500 loss=7.774
  derivmatch lr=0.003 iter=500/2500 loss=6.951
  derivmatch lr=0.003 iter=625/2500 loss=6.187
  derivmatch lr=0.003 iter=750/2500 loss=4.815
  derivmatch lr=0.003 iter=875/2500 loss=4.621
  derivmatch lr=0.003 iter=1000/2500 loss=4.504
  derivmatch lr=0.003 iter=1125/2500 loss=4.397
  derivmatch lr=0.003 iter=1250/2500 loss=4.208
  derivmatch lr=0.003 iter=1375/2500 loss=4.059
  derivmatch lr=0.003 iter=1500/2500 loss=10.66
  derivmatch lr=0.003 iter=1625/2500 loss=8.516
  derivmatch lr=0.003 iter=1750/2500 loss=7.368
  derivmatch lr=0.003 iter=1875/2500 loss=7.458
  derivmatch lr=0.003 iter=2000/2500 loss=7.245
  derivmatch lr=0.003 iter=2125/2500 loss=7.418
  derivmatch lr=0.003 iter=2250/2500 loss=7.298
  derivmatch lr=0.003 iter=2375/2500 loss=7.08
  derivmatch lr=0.003 iter=2500/2500 loss=6.942
  derivmatch lr=0.003 iter=2500/2500 loss=4.015
  derivmatch lr=0.001 iter=125/2500 loss=5.561
  derivmatch lr=0.001 iter=250/2500 loss=5.62
  derivmatch lr=0.001 iter=375/2500 loss=4.307
  derivmatch lr=0.001 iter=500/2500 loss=5.795
  derivmatch lr=0.001 iter=625/2500 loss=4.486
  derivmatch lr=0.001 iter=750/2500 loss=5.55
  derivmatch lr=0.001 iter=875/2500 loss=5.909
  derivmatch lr=0.001 iter=1000/2500 loss=5.346
  derivmatch lr=0.001 iter=1125/2500 loss=5.815
  derivmatch lr=0.001 iter=1250/2500 loss=5.156
  derivmatch lr=0.001 iter=1375/2500 loss=5.702
  derivmatch lr=0.001 iter=1500/2500 loss=4.823
  derivmatch lr=0.001 iter=1625/2500 loss=4.96
  derivmatch lr=0.001 iter=1750/2500 loss=4.458
  derivmatch lr=0.001 iter=1875/2500 loss=4.031
  derivmatch lr=0.001 iter=2000/2500 loss=3.978
  derivmatch lr=0.001 iter=2125/2500 loss=3.932
  derivmatch lr=0.001 iter=2250/2500 loss=4.884
  derivmatch lr=0.001 iter=2375/2500 loss=5.897
  derivmatch lr=0.001 iter=2500/2500 loss=5.491
  derivmatch lr=0.001 iter=2500/2500 loss=3.872
  derivmatch lr=0.0003 iter=80/1600 loss=3.904
  derivmatch lr=0.0003 iter=160/1600 loss=3.849
  derivmatch lr=0.0003 iter=240/1600 loss=3.844
  derivmatch lr=0.0003 iter=320/1600 loss=3.838
  derivmatch lr=0.0003 iter=400/1600 loss=3.832
  derivmatch lr=0.0003 iter=480/1600 loss=3.826
  derivmatch lr=0.0003 iter=560/1600 loss=3.82
  derivmatch lr=0.0003 iter=640/1600 loss=3.813
  derivmatch lr=0.0003 iter=720/1600 loss=3.805
  derivmatch lr=0.0003 iter=800/1600 loss=3.797
  derivmatch lr=0.0003 iter=880/1600 loss=3.789
  derivmatch lr=0.0003 iter=960/1600 loss=3.781
  derivmatch lr=0.0003 iter=1040/1600 loss=3.772
  derivmatch lr=0.0003 iter=1120/1600 loss=3.763
  derivmatch lr=0.0003 iter=1200/1600 loss=3.754
  derivmatch lr=0.0003 iter=1280/1600 loss=3.744
  derivmatch lr=0.0003 iter=1360/1600 loss=3.733
  derivmatch lr=0.0003 iter=1440/1600 loss=3.723
  derivmatch lr=0.0003 iter=1520/1600 loss=3.714
  derivmatch lr=0.0003 iter=1600/1600 loss=3.704
  derivmatch lr=0.0003 iter=1600/1600 loss=3.703
derivative matching [27s]  fitloss=3.7
  [derivative matching]  nrmse=12.06  l2=0.2266
  shooting iter=50/1000 loss=0.2293
  shooting iter=100/1000 loss=0.201
  shooting iter=150/1000 loss=0.2099
  shooting iter=200/1000 loss=0.4876
  shooting iter=250/1000 loss=0.3068
  shooting iter=300/1000 loss=0.2577
  shooting iter=350/1000 loss=0.3751
  shooting iter=400/1000 loss=0.2682
  shooting iter=450/1000 loss=0.5896
  shooting iter=500/1000 loss=0.8002
  shooting iter=550/1000 loss=0.2941
  shooting iter=600/1000 loss=0.2865
  shooting iter=650/1000 loss=0.1956
  shooting iter=700/1000 loss=0.2258
  shooting iter=750/1000 loss=0.1541
  shooting iter=800/1000 loss=0.6117
  shooting iter=850/1000 loss=0.2174
  shooting iter=900/1000 loss=0.1523
  shooting iter=950/1000 loss=0.336
  shooting iter=1000/1000 loss=0.1532
  shooting iter=1000/1000 loss=0.1298
shooting [674s]  loss=0.13
  [final]  nrmse=0.2587  l2=1.128
extrapolation window: T=1000.0 -> T_test=1.0e12  n_test=100
  [train]  E_traj=0.2861  E_VF=6.272  E_spec=9.152e21
  [test ]  E_traj=NaN  E_VF=NaN  E_spec=NaN
saved /orcd/home/002/txenakis/projects/BVPsolver/src/../data/runs/run_6G6BbYd7/rober_fit.png
saved /orcd/home/002/txenakis/projects/BVPsolver/src/../data/runs/run_6G6BbYd7/rober_fit_extrapolated.png
saved /orcd/home/002/txenakis/projects/BVPsolver/src/../data/runs/run_6G6BbYd7/rober_spectral_fit_extrapolated.png
saved /orcd/home/002/txenakis/projects/BVPsolver/src/../data/runs/run_6G6BbYd7/rober_vf_fit_extrapolated.png
saved /orcd/home/002/txenakis/projects/BVPsolver/src/../data/runs/run_6G6BbYd7/rober_sensitivity_vs_stiffness_derivmatch.png
saved /orcd/home/002/txenakis/projects/BVPsolver/src/../data/runs/run_6G6BbYd7/rober_sensitivity_vs_stiffness_shooting.png
┌ Warning: Attempting to store StiffNN.var"#12#13"{Float64, Float64, Float64}.
│ JLD2 only stores functions by name.
│  This may not be useful for anonymous functions.
└ @ JLD2 ~/.julia/packages/JLD2/ADycq/src/data/writing_datatypes.jl:447
saved run → /orcd/home/002/txenakis/projects/BVPsolver/src/../data/runs/run_6G6BbYd7
