orego  model=stiff width=16 d=3 tlen=112 profile=fast seed=26  solver=Rodas5  N=486
  derivmatch lr=0.01 iter=170/3400 loss=0.1059
  derivmatch lr=0.01 iter=340/3400 loss=0.03765
  derivmatch lr=0.01 iter=510/3400 loss=0.02113
  derivmatch lr=0.01 iter=680/3400 loss=0.01444
  derivmatch lr=0.01 iter=850/3400 loss=0.01256
  derivmatch lr=0.01 iter=1020/3400 loss=0.01164
  derivmatch lr=0.01 iter=1190/3400 loss=0.01159
  derivmatch lr=0.01 iter=1360/3400 loss=0.01113
  derivmatch lr=0.01 iter=1530/3400 loss=0.007926
  derivmatch lr=0.01 iter=1700/3400 loss=0.01017
  derivmatch lr=0.01 iter=1870/3400 loss=0.007616
  derivmatch lr=0.01 iter=2040/3400 loss=0.005762
  derivmatch lr=0.01 iter=2210/3400 loss=0.004979
  derivmatch lr=0.01 iter=2380/3400 loss=0.004863
  derivmatch lr=0.01 iter=2550/3400 loss=0.004666
  derivmatch lr=0.01 iter=2720/3400 loss=0.004617
  derivmatch lr=0.01 iter=2890/3400 loss=0.004563
  derivmatch lr=0.01 iter=3060/3400 loss=0.004474
  derivmatch lr=0.01 iter=3230/3400 loss=0.00429
  derivmatch lr=0.01 iter=3400/3400 loss=0.004144
  derivmatch lr=0.01 iter=3400/3400 loss=0.002272
  derivmatch lr=0.003 iter=125/2500 loss=0.001762
  derivmatch lr=0.003 iter=250/2500 loss=0.001646
  derivmatch lr=0.003 iter=375/2500 loss=0.001515
  derivmatch lr=0.003 iter=500/2500 loss=0.001375
  derivmatch lr=0.003 iter=625/2500 loss=0.001235
  derivmatch lr=0.003 iter=750/2500 loss=0.001115
  derivmatch lr=0.003 iter=875/2500 loss=0.001015
  derivmatch lr=0.003 iter=1000/2500 loss=0.0009901
  derivmatch lr=0.003 iter=1125/2500 loss=0.0008049
  derivmatch lr=0.003 iter=1250/2500 loss=0.0007469
  derivmatch lr=0.003 iter=1375/2500 loss=0.0006405
  derivmatch lr=0.003 iter=1500/2500 loss=0.0006608
  derivmatch lr=0.003 iter=1625/2500 loss=0.0004937
  derivmatch lr=0.003 iter=1750/2500 loss=0.0005005
  derivmatch lr=0.003 iter=1875/2500 loss=0.0004078
  derivmatch lr=0.003 iter=2000/2500 loss=0.0003541
  derivmatch lr=0.003 iter=2125/2500 loss=0.0003651
  derivmatch lr=0.003 iter=2250/2500 loss=0.0003998
  derivmatch lr=0.003 iter=2375/2500 loss=0.0002927
  derivmatch lr=0.003 iter=2500/2500 loss=0.0002548
  derivmatch lr=0.003 iter=2500/2500 loss=0.0002503
  derivmatch lr=0.001 iter=125/2500 loss=0.0002452
  derivmatch lr=0.001 iter=250/2500 loss=0.0002403
  derivmatch lr=0.001 iter=375/2500 loss=0.0002344
  derivmatch lr=0.001 iter=500/2500 loss=0.0002278
  derivmatch lr=0.001 iter=625/2500 loss=0.0002209
  derivmatch lr=0.001 iter=750/2500 loss=0.0002138
  derivmatch lr=0.001 iter=875/2500 loss=0.0002066
  derivmatch lr=0.001 iter=1000/2500 loss=0.0001994
  derivmatch lr=0.001 iter=1125/2500 loss=0.0001923
  derivmatch lr=0.001 iter=1250/2500 loss=0.0001853
  derivmatch lr=0.001 iter=1375/2500 loss=0.0001813
  derivmatch lr=0.001 iter=1500/2500 loss=0.0001722
  derivmatch lr=0.001 iter=1625/2500 loss=0.0002485
  derivmatch lr=0.001 iter=1750/2500 loss=0.0001602
  derivmatch lr=0.001 iter=1875/2500 loss=0.0001544
  derivmatch lr=0.001 iter=2000/2500 loss=0.000155
  derivmatch lr=0.001 iter=2125/2500 loss=0.0001481
  derivmatch lr=0.001 iter=2250/2500 loss=0.0001388
  derivmatch lr=0.001 iter=2375/2500 loss=0.0001343
  derivmatch lr=0.001 iter=2500/2500 loss=0.0001371
  derivmatch lr=0.001 iter=2500/2500 loss=0.0001297
  derivmatch lr=0.0003 iter=80/1600 loss=0.0001294
  derivmatch lr=0.0003 iter=160/1600 loss=0.0001289
  derivmatch lr=0.0003 iter=240/1600 loss=0.0001283
  derivmatch lr=0.0003 iter=320/1600 loss=0.0001276
  derivmatch lr=0.0003 iter=400/1600 loss=0.0001268
  derivmatch lr=0.0003 iter=480/1600 loss=0.000126
  derivmatch lr=0.0003 iter=560/1600 loss=0.000125
  derivmatch lr=0.0003 iter=640/1600 loss=0.000124
  derivmatch lr=0.0003 iter=720/1600 loss=0.0001229
  derivmatch lr=0.0003 iter=800/1600 loss=0.0001218
  derivmatch lr=0.0003 iter=880/1600 loss=0.0001206
  derivmatch lr=0.0003 iter=960/1600 loss=0.0001193
  derivmatch lr=0.0003 iter=1040/1600 loss=0.000118
  derivmatch lr=0.0003 iter=1120/1600 loss=0.0001166
  derivmatch lr=0.0003 iter=1200/1600 loss=0.0001151
  derivmatch lr=0.0003 iter=1280/1600 loss=0.0001136
  derivmatch lr=0.0003 iter=1360/1600 loss=0.000112
  derivmatch lr=0.0003 iter=1440/1600 loss=0.0001104
  derivmatch lr=0.0003 iter=1520/1600 loss=0.0001087
  derivmatch lr=0.0003 iter=1600/1600 loss=0.0001069
  derivmatch lr=0.0003 iter=1600/1600 loss=0.0001069
derivative matching [33s]  fitloss=0.000107
  [derivative matching]  nrmse=0.4365  l2=530000.0
  collocation: M=127 residuals=1470  detecting sparsity + solving...

Algorithm: LevenbergMarquardt(
    trustregion = LevenbergMarquardtTrustRegion(
        β_uphill = 0.0
    ),
    descent = GeodesicAcceleration(
        descent = DampedNewtonDescent(
            linsolve = KLUFactorization(
                reuse_symbolic = true,
                check_pattern = true
            ),
            initial_damping = 1.0,
            damping_fn = LevenbergMarquardtDampingFunction(
                increase_factor = 2.0,
                decrease_factor = 3.0,
                min_damping = 1.0e-8
            ),
            min_norm_mode = :auto
        ),
        finite_diff_step_geodesic = 0.1,
        α = 0.75
    ),
    autodiff = AutoForwardDiff(),
    vjp_autodiff = AutoFiniteDiff(
        fdtype = Val{:forward}(),
        fdjtype = Val{:forward}(),
        fdhtype = Val{:hcentral}(),
        dir = true
    ),
    jvp_autodiff = AutoForwardDiff(),
    concrete_jac = Val{true}()
)

----    	-------------       	-----------         
Iter    	f(u) 2-norm         	Step 2-norm         
----    	-------------       	-----------         
0       	1.31673635e+02      	NaN                 
1       	7.36356080e+02      	9.51824564e-03      
8       	1.12357186e+02      	3.18723127e-02      
15      	1.15023753e+01      	1.79813940e-01      
22      	3.00931536e+00      	0.00000000e+00      
29      	1.90190145e+00      	0.00000000e+00      
36      	1.32542169e+00      	0.00000000e+00      
43      	8.98608831e-01      	5.09405655e-01      
50      	7.64407139e-01      	7.13958494e-01      
57      	9.66911661e-01      	0.00000000e+00      
64      	5.85645742e+00      	8.89633281e-01      
71      	1.14593991e+01      	0.00000000e+00      
78      	2.28107349e+00      	9.14007110e-01      
85      	9.28809562e-01      	0.00000000e+00      
92      	4.01180523e-01      	0.00000000e+00      
99      	3.80368428e-02      	0.00000000e+00      
106     	3.33066509e-02      	1.97215700e-01      
113     	8.63577610e-02      	2.40813201e-01      
120     	1.08601049e+01      	0.00000000e+00      
127     	1.88342026e-01      	0.00000000e+00      
134     	3.03543972e-02      	1.33349341e-01      
141     	2.19496462e-02      	0.00000000e+00      
148     	1.72580413e-02      	0.00000000e+00      
Final   	1.72580413e-02      
----------------------      
  AMR 1/1: M=127  err=4.41e-5  obs=1.31e-9  nrmse=0.0111  best=0.0111  refined=0
collocation [64s]
  [final]  nrmse=0.01113  l2=23960.0
extrapolation window: T=180.0 -> T_test=360.0  n_test=224
  [train]  E_traj=0.0009645  E_VF=0.0001045  E_spec=2.267
  [test ]  E_traj=0.4539  E_VF=6.888e-6  E_spec=0.9418
saved /orcd/home/002/txenakis/projects/BVPsolver/src/../data/runs/run_EoihFhcx/orego_fit.png
saved /orcd/home/002/txenakis/projects/BVPsolver/src/../data/runs/run_EoihFhcx/orego_fit_extrapolated.png
saved /orcd/home/002/txenakis/projects/BVPsolver/src/../data/runs/run_EoihFhcx/orego_spectral_fit_extrapolated.png
saved /orcd/home/002/txenakis/projects/BVPsolver/src/../data/runs/run_EoihFhcx/orego_vf_fit_extrapolated.png
┌ Warning: Attempting to store StiffNN.var"#20#21"{Float64, Float64, Float64}.
│ JLD2 only stores functions by name.
│  This may not be useful for anonymous functions.
└ @ JLD2 ~/.julia/packages/JLD2/ADycq/src/data/writing_datatypes.jl:447
saved run → /orcd/home/002/txenakis/projects/BVPsolver/src/../data/runs/run_EoihFhcx
