orego  model=stiff width=16 d=3 tlen=112 profile=fast seed=141  solver=Rodas5  N=486
  derivmatch lr=0.01 iter=170/3400 loss=0.0787
  derivmatch lr=0.01 iter=340/3400 loss=0.02718
  derivmatch lr=0.01 iter=510/3400 loss=0.2298
  derivmatch lr=0.01 iter=680/3400 loss=0.01158
  derivmatch lr=0.01 iter=850/3400 loss=0.008538
  derivmatch lr=0.01 iter=1020/3400 loss=0.006493
  derivmatch lr=0.01 iter=1190/3400 loss=0.005053
  derivmatch lr=0.01 iter=1360/3400 loss=0.004042
  derivmatch lr=0.01 iter=1530/3400 loss=0.00334
  derivmatch lr=0.01 iter=1700/3400 loss=0.002839
  derivmatch lr=0.01 iter=1870/3400 loss=0.002569
  derivmatch lr=0.01 iter=2040/3400 loss=0.002264
  derivmatch lr=0.01 iter=2210/3400 loss=0.002013
  derivmatch lr=0.01 iter=2380/3400 loss=0.001803
  derivmatch lr=0.01 iter=2550/3400 loss=0.001627
  derivmatch lr=0.01 iter=2720/3400 loss=0.001481
  derivmatch lr=0.01 iter=2890/3400 loss=0.001359
  derivmatch lr=0.01 iter=3060/3400 loss=0.001256
  derivmatch lr=0.01 iter=3230/3400 loss=0.001167
  derivmatch lr=0.01 iter=3400/3400 loss=0.001088
  derivmatch lr=0.01 iter=3400/3400 loss=0.001088
  derivmatch lr=0.003 iter=125/2500 loss=0.0009062
  derivmatch lr=0.003 iter=250/2500 loss=0.0008415
  derivmatch lr=0.003 iter=375/2500 loss=0.0007671
  derivmatch lr=0.003 iter=500/2500 loss=0.0006886
  derivmatch lr=0.003 iter=625/2500 loss=0.0006122
  derivmatch lr=0.003 iter=750/2500 loss=0.000557
  derivmatch lr=0.003 iter=875/2500 loss=0.0005083
  derivmatch lr=0.003 iter=1000/2500 loss=0.0004705
  derivmatch lr=0.003 iter=1125/2500 loss=0.000439
  derivmatch lr=0.003 iter=1250/2500 loss=0.0004116
  derivmatch lr=0.003 iter=1375/2500 loss=0.000386
  derivmatch lr=0.003 iter=1500/2500 loss=0.0003567
  derivmatch lr=0.003 iter=1625/2500 loss=0.0003437
  derivmatch lr=0.003 iter=1750/2500 loss=0.0003237
  derivmatch lr=0.003 iter=1875/2500 loss=0.0003049
  derivmatch lr=0.003 iter=2000/2500 loss=0.0002906
  derivmatch lr=0.003 iter=2125/2500 loss=0.0002834
  derivmatch lr=0.003 iter=2250/2500 loss=0.0002646
  derivmatch lr=0.003 iter=2375/2500 loss=0.0002582
  derivmatch lr=0.003 iter=2500/2500 loss=0.0002413
  derivmatch lr=0.003 iter=2500/2500 loss=0.000241
  derivmatch lr=0.001 iter=125/2500 loss=0.00022
  derivmatch lr=0.001 iter=250/2500 loss=0.0002174
  derivmatch lr=0.001 iter=375/2500 loss=0.0002141
  derivmatch lr=0.001 iter=500/2500 loss=0.0002104
  derivmatch lr=0.001 iter=625/2500 loss=0.0002062
  derivmatch lr=0.001 iter=750/2500 loss=0.0002016
  derivmatch lr=0.001 iter=875/2500 loss=0.0001969
  derivmatch lr=0.001 iter=1000/2500 loss=0.0001919
  derivmatch lr=0.001 iter=1125/2500 loss=0.0001869
  derivmatch lr=0.001 iter=1250/2500 loss=0.000182
  derivmatch lr=0.001 iter=1375/2500 loss=0.0001792
  derivmatch lr=0.001 iter=1500/2500 loss=0.0001723
  derivmatch lr=0.001 iter=1625/2500 loss=0.0001684
  derivmatch lr=0.001 iter=1750/2500 loss=0.0001632
  derivmatch lr=0.001 iter=1875/2500 loss=0.0001605
  derivmatch lr=0.001 iter=2000/2500 loss=0.0001543
  derivmatch lr=0.001 iter=2125/2500 loss=0.0001518
  derivmatch lr=0.001 iter=2250/2500 loss=0.0001472
  derivmatch lr=0.001 iter=2375/2500 loss=0.000144
  derivmatch lr=0.001 iter=2500/2500 loss=0.0001386
  derivmatch lr=0.001 iter=2500/2500 loss=0.0001386
  derivmatch lr=0.0003 iter=80/1600 loss=0.0001383
  derivmatch lr=0.0003 iter=160/1600 loss=0.0001378
  derivmatch lr=0.0003 iter=240/1600 loss=0.0001372
  derivmatch lr=0.0003 iter=320/1600 loss=0.0001365
  derivmatch lr=0.0003 iter=400/1600 loss=0.0001357
  derivmatch lr=0.0003 iter=480/1600 loss=0.0001348
  derivmatch lr=0.0003 iter=560/1600 loss=0.0001339
  derivmatch lr=0.0003 iter=640/1600 loss=0.0001328
  derivmatch lr=0.0003 iter=720/1600 loss=0.0001318
  derivmatch lr=0.0003 iter=800/1600 loss=0.0001307
  derivmatch lr=0.0003 iter=880/1600 loss=0.0001296
  derivmatch lr=0.0003 iter=960/1600 loss=0.0001284
  derivmatch lr=0.0003 iter=1040/1600 loss=0.0001272
  derivmatch lr=0.0003 iter=1120/1600 loss=0.0001259
  derivmatch lr=0.0003 iter=1200/1600 loss=0.000125
  derivmatch lr=0.0003 iter=1280/1600 loss=0.0001234
  derivmatch lr=0.0003 iter=1360/1600 loss=0.0001221
  derivmatch lr=0.0003 iter=1440/1600 loss=0.0001208
  derivmatch lr=0.0003 iter=1520/1600 loss=0.0001195
  derivmatch lr=0.0003 iter=1600/1600 loss=0.0001181
  derivmatch lr=0.0003 iter=1600/1600 loss=0.0001181
derivative matching [32s]  fitloss=0.000118
  [derivative matching]  nrmse=0.6166  l2=518300.0
  shooting iter=50/1000 loss=0.2241
  shooting iter=100/1000 loss=0.2191
  shooting iter=150/1000 loss=0.2345
  shooting iter=200/1000 loss=0.2299
  shooting iter=250/1000 loss=0.2267
  shooting iter=300/1000 loss=0.2242
  shooting iter=350/1000 loss=0.2222
  shooting iter=400/1000 loss=0.2207
  shooting iter=450/1000 loss=0.2195
  shooting iter=500/1000 loss=0.2182
  shooting iter=550/1000 loss=0.2153
  shooting iter=600/1000 loss=0.2071
  shooting iter=650/1000 loss=0.1977
  shooting iter=700/1000 loss=0.1751
  shooting iter=750/1000 loss=0.1411
  shooting iter=800/1000 loss=0.1391
  shooting iter=850/1000 loss=0.1054
  shooting iter=900/1000 loss=0.09449
  shooting iter=950/1000 loss=0.09559
  shooting iter=1000/1000 loss=0.08319
  shooting iter=1000/1000 loss=0.08232
shooting [4471s]  loss=0.0823
  [final]  nrmse=0.2103  l2=437900.0
extrapolation window: T=180.0 -> T_test=360.0  n_test=224
  [train]  E_traj=0.3344  E_VF=0.6888  E_spec=1.02
  [test ]  E_traj=0.9634  E_VF=10.74  E_spec=2.318
saved /orcd/home/002/txenakis/projects/BVPsolver/src/../data/runs/run_38iFzihj/orego_fit.png
saved /orcd/home/002/txenakis/projects/BVPsolver/src/../data/runs/run_38iFzihj/orego_fit_extrapolated.png
saved /orcd/home/002/txenakis/projects/BVPsolver/src/../data/runs/run_38iFzihj/orego_spectral_fit_extrapolated.png
saved /orcd/home/002/txenakis/projects/BVPsolver/src/../data/runs/run_38iFzihj/orego_vf_fit_extrapolated.png
┌ Warning: Attempting to store StiffNN.var"#20#21"{Float64, Float64, Float64}.
│ JLD2 only stores functions by name.
│  This may not be useful for anonymous functions.
└ @ JLD2 ~/.julia/packages/JLD2/ADycq/src/data/writing_datatypes.jl:447
saved run → /orcd/home/002/txenakis/projects/BVPsolver/src/../data/runs/run_38iFzihj
