hires  model=GELU-scaled width=11 d=8 tlen=50 profile=fast seed=148  solver=Rodas5  N=855
  derivmatch lr=0.01 iter=170/3400 loss=1.75
  derivmatch lr=0.01 iter=340/3400 loss=0.9223
  derivmatch lr=0.01 iter=510/3400 loss=0.5769
  derivmatch lr=0.01 iter=680/3400 loss=0.7199
  derivmatch lr=0.01 iter=850/3400 loss=0.5458
  derivmatch lr=0.01 iter=1020/3400 loss=0.3806
  derivmatch lr=0.01 iter=1190/3400 loss=0.5636
  derivmatch lr=0.01 iter=1360/3400 loss=0.2996
  derivmatch lr=0.01 iter=1530/3400 loss=0.2887
  derivmatch lr=0.01 iter=1700/3400 loss=0.2517
  derivmatch lr=0.01 iter=1870/3400 loss=0.1794
  derivmatch lr=0.01 iter=2040/3400 loss=0.3892
  derivmatch lr=0.01 iter=2210/3400 loss=0.1984
  derivmatch lr=0.01 iter=2380/3400 loss=0.2568
  derivmatch lr=0.01 iter=2550/3400 loss=0.1893
  derivmatch lr=0.01 iter=2720/3400 loss=0.1609
  derivmatch lr=0.01 iter=2890/3400 loss=0.1869
  derivmatch lr=0.01 iter=3060/3400 loss=0.1322
  derivmatch lr=0.01 iter=3230/3400 loss=0.1768
  derivmatch lr=0.01 iter=3400/3400 loss=0.249
  derivmatch lr=0.01 iter=3400/3400 loss=0.109
  derivmatch lr=0.003 iter=125/2500 loss=0.0953
  derivmatch lr=0.003 iter=250/2500 loss=0.09196
  derivmatch lr=0.003 iter=375/2500 loss=0.1777
  derivmatch lr=0.003 iter=500/2500 loss=0.0858
  derivmatch lr=0.003 iter=625/2500 loss=0.08226
  derivmatch lr=0.003 iter=750/2500 loss=0.0806
  derivmatch lr=0.003 iter=875/2500 loss=0.07621
  derivmatch lr=0.003 iter=1000/2500 loss=0.07443
  derivmatch lr=0.003 iter=1125/2500 loss=0.0701
  derivmatch lr=0.003 iter=1250/2500 loss=0.0679
  derivmatch lr=0.003 iter=1375/2500 loss=0.06289
  derivmatch lr=0.003 iter=1500/2500 loss=0.05888
  derivmatch lr=0.003 iter=1625/2500 loss=0.04935
  derivmatch lr=0.003 iter=1750/2500 loss=0.03613
  derivmatch lr=0.003 iter=1875/2500 loss=0.05525
  derivmatch lr=0.003 iter=2000/2500 loss=0.04507
  derivmatch lr=0.003 iter=2125/2500 loss=0.03106
  derivmatch lr=0.003 iter=2250/2500 loss=0.03483
  derivmatch lr=0.003 iter=2375/2500 loss=0.01931
  derivmatch lr=0.003 iter=2500/2500 loss=0.02354
  derivmatch lr=0.003 iter=2500/2500 loss=0.0172
  derivmatch lr=0.001 iter=125/2500 loss=0.01519
  derivmatch lr=0.001 iter=250/2500 loss=0.01389
  derivmatch lr=0.001 iter=375/2500 loss=0.01302
  derivmatch lr=0.001 iter=500/2500 loss=0.01234
  derivmatch lr=0.001 iter=625/2500 loss=0.0132
  derivmatch lr=0.001 iter=750/2500 loss=0.01138
  derivmatch lr=0.001 iter=875/2500 loss=0.01088
  derivmatch lr=0.001 iter=1000/2500 loss=0.01056
  derivmatch lr=0.001 iter=1125/2500 loss=0.01155
  derivmatch lr=0.001 iter=1250/2500 loss=0.009941
  derivmatch lr=0.001 iter=1375/2500 loss=0.01034
  derivmatch lr=0.001 iter=1500/2500 loss=0.01091
  derivmatch lr=0.001 iter=1625/2500 loss=0.01089
  derivmatch lr=0.001 iter=1750/2500 loss=0.01041
  derivmatch lr=0.001 iter=1875/2500 loss=0.01229
  derivmatch lr=0.001 iter=2000/2500 loss=0.008371
  derivmatch lr=0.001 iter=2125/2500 loss=0.008159
  derivmatch lr=0.001 iter=2250/2500 loss=0.009789
  derivmatch lr=0.001 iter=2375/2500 loss=0.007941
  derivmatch lr=0.001 iter=2500/2500 loss=0.009719
  derivmatch lr=0.001 iter=2500/2500 loss=0.007769
  derivmatch lr=0.0003 iter=80/1600 loss=0.007657
  derivmatch lr=0.0003 iter=160/1600 loss=0.007609
  derivmatch lr=0.0003 iter=240/1600 loss=0.007581
  derivmatch lr=0.0003 iter=320/1600 loss=0.007552
  derivmatch lr=0.0003 iter=400/1600 loss=0.007522
  derivmatch lr=0.0003 iter=480/1600 loss=0.007489
  derivmatch lr=0.0003 iter=560/1600 loss=0.007453
  derivmatch lr=0.0003 iter=640/1600 loss=0.007416
  derivmatch lr=0.0003 iter=720/1600 loss=0.007376
  derivmatch lr=0.0003 iter=800/1600 loss=0.007334
  derivmatch lr=0.0003 iter=880/1600 loss=0.00729
  derivmatch lr=0.0003 iter=960/1600 loss=0.007245
  derivmatch lr=0.0003 iter=1040/1600 loss=0.007197
  derivmatch lr=0.0003 iter=1120/1600 loss=0.007148
  derivmatch lr=0.0003 iter=1200/1600 loss=0.007097
  derivmatch lr=0.0003 iter=1280/1600 loss=0.007292
  derivmatch lr=0.0003 iter=1360/1600 loss=0.006993
  derivmatch lr=0.0003 iter=1440/1600 loss=0.006942
  derivmatch lr=0.0003 iter=1520/1600 loss=0.006896
  derivmatch lr=0.0003 iter=1600/1600 loss=0.007168
  derivmatch lr=0.0003 iter=1600/1600 loss=0.006858
derivative matching [27s]  fitloss=0.00686
  [derivative matching]  nrmse=29.38  l2=359.2
  collocation: M=75 residuals=2176  detecting sparsity + solving...

Algorithm: LevenbergMarquardt(
    trustregion = LevenbergMarquardtTrustRegion(
        β_uphill = 0.0
    ),
    descent = GeodesicAcceleration(
        descent = DampedNewtonDescent(
            linsolve = QRFactorization(
                pivot = NoPivot(),
                blocksize = 16,
                inplace = true
            ),
            initial_damping = 1.0,
            damping_fn = LevenbergMarquardtDampingFunction(
                increase_factor = 2.0,
                decrease_factor = 3.0,
                min_damping = 1.0e-8
            ),
            min_norm_mode = :auto
        ),
        finite_diff_step_geodesic = 0.1,
        α = 0.75
    ),
    autodiff = AutoForwardDiff(),
    vjp_autodiff = AutoFiniteDiff(
        fdtype = Val{:forward}(),
        fdjtype = Val{:forward}(),
        fdhtype = Val{:hcentral}(),
        dir = true
    ),
    jvp_autodiff = AutoForwardDiff(),
    concrete_jac = Val{true}()
)

----    	-------------       	-----------         
Iter    	f(u) 2-norm         	Step 2-norm         
----    	-------------       	-----------         
0       	2.75864885e+02      	NaN                 
1       	2.09457413e+02      	8.35455486e-02      
8       	2.53988527e+01      	2.74894481e-01      
15      	2.05903615e+01      	6.38663709e-02      
22      	2.03737267e+01      	0.00000000e+00      
29      	2.04275835e+01      	0.00000000e+00      
36      	2.06478677e+01      	3.86107996e-02      
43      	2.06622145e+01      	0.00000000e+00      
50      	2.05321196e+01      	0.00000000e+00      
57      	2.04060982e+01      	0.00000000e+00      
64      	1.97145384e+01      	0.00000000e+00      
71      	1.86847820e+01      	1.44669222e-02      
78      	1.84661245e+01      	0.00000000e+00      
85      	3.74508134e+01      	0.00000000e+00      
92      	3.74508134e+01      	0.00000000e+00      
99      	1.13870122e+01      	1.25495122e-02      
106     	1.75287659e+01      	5.00846393e-01      
113     	7.43610914e+00      	0.00000000e+00      
120     	1.09627495e+01      	0.00000000e+00      
127     	1.09627495e+01      	0.00000000e+00      
134     	4.46943515e+00      	2.60789345e-02      
141     	1.94298211e+01      	0.00000000e+00      
148     	1.94298211e+01      	0.00000000e+00      
Final   	4.20048305e+00      
----------------------      
  AMR 1/1: M=75  err=12.3  obs=3.12e-5  nrmse=1.43  best=1.43  refined=0
collocation [183s]
  [final]  nrmse=1.427  l2=7.969
extrapolation window: T=321.8122 -> T_test=643.624  n_test=100
  [train]  E_traj=9.631  E_VF=0.0042  E_spec=88170.0
  [test ]  E_traj=5.609e8  E_VF=45800.0  E_spec=2.959e11
saved /orcd/home/002/txenakis/projects/BVPsolver/src/../data/runs/run_DqF37XYQ/hires_fit.png
saved /orcd/home/002/txenakis/projects/BVPsolver/src/../data/runs/run_DqF37XYQ/hires_fit_extrapolated.png
saved /orcd/home/002/txenakis/projects/BVPsolver/src/../data/runs/run_DqF37XYQ/hires_spectral_fit_extrapolated.png
saved /orcd/home/002/txenakis/projects/BVPsolver/src/../data/runs/run_DqF37XYQ/hires_vf_fit_extrapolated.png
┌ Warning: Attempting to store StiffNN.var"#18#19"{Type{Float64}}.
│ JLD2 only stores functions by name.
│  This may not be useful for anonymous functions.
└ @ JLD2 ~/.julia/packages/JLD2/ADycq/src/data/writing_datatypes.jl:447
saved run → /orcd/home/002/txenakis/projects/BVPsolver/src/../data/runs/run_DqF37XYQ
