davis-skodje  model=mlp width=14 d=2 tlen=300 profile=fast seed=112  solver=Rodas5P  N=282
  derivmatch lr=0.01 iter=170/3400 loss=4.272
  derivmatch lr=0.01 iter=340/3400 loss=3.34
  derivmatch lr=0.01 iter=510/3400 loss=2.163
  derivmatch lr=0.01 iter=680/3400 loss=1.607
  derivmatch lr=0.01 iter=850/3400 loss=1.669
  derivmatch lr=0.01 iter=1020/3400 loss=1.211
  derivmatch lr=0.01 iter=1190/3400 loss=2.21
  derivmatch lr=0.01 iter=1360/3400 loss=2.196
  derivmatch lr=0.01 iter=1530/3400 loss=1.485
  derivmatch lr=0.01 iter=1700/3400 loss=1.931
  derivmatch lr=0.01 iter=1870/3400 loss=0.7626
  derivmatch lr=0.01 iter=2040/3400 loss=2.169
  derivmatch lr=0.01 iter=2210/3400 loss=1.249
  derivmatch lr=0.01 iter=2380/3400 loss=0.9469
  derivmatch lr=0.01 iter=2550/3400 loss=1.263
  derivmatch lr=0.01 iter=2720/3400 loss=0.6036
  derivmatch lr=0.01 iter=2890/3400 loss=1.07
  derivmatch lr=0.01 iter=3060/3400 loss=1.334
  derivmatch lr=0.01 iter=3230/3400 loss=1.523
  derivmatch lr=0.01 iter=3400/3400 loss=1.263
  derivmatch lr=0.01 iter=3400/3400 loss=0.3766
  derivmatch lr=0.003 iter=125/2500 loss=0.3598
  derivmatch lr=0.003 iter=250/2500 loss=0.3515
  derivmatch lr=0.003 iter=375/2500 loss=0.3441
  derivmatch lr=0.003 iter=500/2500 loss=0.331
  derivmatch lr=0.003 iter=625/2500 loss=0.3238
  derivmatch lr=0.003 iter=750/2500 loss=0.3081
  derivmatch lr=0.003 iter=875/2500 loss=0.2953
  derivmatch lr=0.003 iter=1000/2500 loss=0.2873
  derivmatch lr=0.003 iter=1125/2500 loss=0.291
  derivmatch lr=0.003 iter=1250/2500 loss=0.2621
  derivmatch lr=0.003 iter=1375/2500 loss=0.2698
  derivmatch lr=0.003 iter=1500/2500 loss=0.2607
  derivmatch lr=0.003 iter=1625/2500 loss=0.2586
  derivmatch lr=0.003 iter=1750/2500 loss=0.2496
  derivmatch lr=0.003 iter=1875/2500 loss=0.2511
  derivmatch lr=0.003 iter=2000/2500 loss=0.2375
  derivmatch lr=0.003 iter=2125/2500 loss=0.2318
  derivmatch lr=0.003 iter=2250/2500 loss=0.4317
  derivmatch lr=0.003 iter=2375/2500 loss=0.2552
  derivmatch lr=0.003 iter=2500/2500 loss=0.3415
  derivmatch lr=0.003 iter=2500/2500 loss=0.2147
  derivmatch lr=0.001 iter=125/2500 loss=0.2123
  derivmatch lr=0.001 iter=250/2500 loss=0.2115
  derivmatch lr=0.001 iter=375/2500 loss=0.2089
  derivmatch lr=0.001 iter=500/2500 loss=0.206
  derivmatch lr=0.001 iter=625/2500 loss=0.2029
  derivmatch lr=0.001 iter=750/2500 loss=0.1992
  derivmatch lr=0.001 iter=875/2500 loss=0.1956
  derivmatch lr=0.001 iter=1000/2500 loss=0.1916
  derivmatch lr=0.001 iter=1125/2500 loss=0.1879
  derivmatch lr=0.001 iter=1250/2500 loss=0.1834
  derivmatch lr=0.001 iter=1375/2500 loss=0.1805
  derivmatch lr=0.001 iter=1500/2500 loss=0.1768
  derivmatch lr=0.001 iter=1625/2500 loss=0.1735
  derivmatch lr=0.001 iter=1750/2500 loss=0.1701
  derivmatch lr=0.001 iter=1875/2500 loss=0.1671
  derivmatch lr=0.001 iter=2000/2500 loss=0.1643
  derivmatch lr=0.001 iter=2125/2500 loss=0.1613
  derivmatch lr=0.001 iter=2250/2500 loss=0.1585
  derivmatch lr=0.001 iter=2375/2500 loss=0.1559
  derivmatch lr=0.001 iter=2500/2500 loss=0.1531
  derivmatch lr=0.001 iter=2500/2500 loss=0.1531
  derivmatch lr=0.0003 iter=80/1600 loss=0.1511
  derivmatch lr=0.0003 iter=160/1600 loss=0.1507
  derivmatch lr=0.0003 iter=240/1600 loss=0.1501
  derivmatch lr=0.0003 iter=320/1600 loss=0.1495
  derivmatch lr=0.0003 iter=400/1600 loss=0.1488
  derivmatch lr=0.0003 iter=480/1600 loss=0.1481
  derivmatch lr=0.0003 iter=560/1600 loss=0.1473
  derivmatch lr=0.0003 iter=640/1600 loss=0.1464
  derivmatch lr=0.0003 iter=720/1600 loss=0.1458
  derivmatch lr=0.0003 iter=800/1600 loss=0.1446
  derivmatch lr=0.0003 iter=880/1600 loss=0.1438
  derivmatch lr=0.0003 iter=960/1600 loss=0.1429
  derivmatch lr=0.0003 iter=1040/1600 loss=0.1418
  derivmatch lr=0.0003 iter=1120/1600 loss=0.1409
  derivmatch lr=0.0003 iter=1200/1600 loss=0.1403
  derivmatch lr=0.0003 iter=1280/1600 loss=0.1389
  derivmatch lr=0.0003 iter=1360/1600 loss=0.1378
  derivmatch lr=0.0003 iter=1440/1600 loss=0.1375
  derivmatch lr=0.0003 iter=1520/1600 loss=0.136
  derivmatch lr=0.0003 iter=1600/1600 loss=0.1347
  derivmatch lr=0.0003 iter=1600/1600 loss=0.1347
derivative matching [24s]  fitloss=0.135
  [derivative matching]  nrmse=0.05134  l2=2.511
  collocation: M=300 residuals=2394  detecting sparsity + solving...

Algorithm: LevenbergMarquardt(
    trustregion = LevenbergMarquardtTrustRegion(
        β_uphill = 0.0
    ),
    descent = GeodesicAcceleration(
        descent = DampedNewtonDescent(
            linsolve = KLUFactorization(
                reuse_symbolic = true,
                check_pattern = true
            ),
            initial_damping = 1.0,
            damping_fn = LevenbergMarquardtDampingFunction(
                increase_factor = 2.0,
                decrease_factor = 3.0,
                min_damping = 1.0e-8
            ),
            min_norm_mode = :auto
        ),
        finite_diff_step_geodesic = 0.1,
        α = 0.75
    ),
    autodiff = AutoForwardDiff(),
    vjp_autodiff = AutoFiniteDiff(
        fdtype = Val{:forward}(),
        fdjtype = Val{:forward}(),
        fdhtype = Val{:hcentral}(),
        dir = true
    ),
    jvp_autodiff = AutoForwardDiff(),
    concrete_jac = Val{true}()
)

----    	-------------       	-----------         
Iter    	f(u) 2-norm         	Step 2-norm         
----    	-------------       	-----------         
0       	3.17188400e+02      	2.67038190e+264     
1       	3.17188400e+02      	0.00000000e+00      
8       	5.97866878e+01      	1.05492572e+00      
15      	1.30184210e-01      	9.09285671e-02      
22      	2.62963039e-02      	2.32253537e-01      
29      	8.55241429e-01      	1.48439509e+00      
36      	1.20329901e+01      	0.00000000e+00      
43      	3.03404939e+02      	0.00000000e+00      
50      	4.90066085e+01      	0.00000000e+00      
57      	9.68543409e+00      	0.00000000e+00      
64      	9.68543409e+00      	0.00000000e+00      
71      	2.51001996e+00      	0.00000000e+00      
78      	2.96451805e+00      	0.00000000e+00      
85      	1.68203468e+00      	0.00000000e+00      
92      	2.30382707e+00      	1.05502708e+00      
99      	5.85015776e+00      	1.21894601e+00      
106     	2.16461298e+00      	1.14860800e+00      
113     	3.72676084e+00      	0.00000000e+00      
120     	1.03315271e+01      	0.00000000e+00      
127     	1.11411220e+01      	1.69895707e+00      
134     	1.67279447e+01      	1.84491905e+00      
141     	3.02158960e+00      	0.00000000e+00      
148     	4.13354744e+00      	1.19995082e+00      
Final   	1.74724016e-02      
----------------------      
  AMR 1/3: M=300  err=7.82e-6  obs=8.62e-5  nrmse=0.0385  best=0.0385  refined=39
  collocation: M=339 residuals=2628  detecting sparsity + solving...

Algorithm: LevenbergMarquardt(
    trustregion = LevenbergMarquardtTrustRegion(
        β_uphill = 0.0
    ),
    descent = GeodesicAcceleration(
        descent = DampedNewtonDescent(
            linsolve = KLUFactorization(
                reuse_symbolic = true,
                check_pattern = true
            ),
            initial_damping = 1.0,
            damping_fn = LevenbergMarquardtDampingFunction(
                increase_factor = 2.0,
                decrease_factor = 3.0,
                min_damping = 1.0e-8
            ),
            min_norm_mode = :auto
        ),
        finite_diff_step_geodesic = 0.1,
        α = 0.75
    ),
    autodiff = AutoForwardDiff(),
    vjp_autodiff = AutoFiniteDiff(
        fdtype = Val{:forward}(),
        fdjtype = Val{:forward}(),
        fdhtype = Val{:hcentral}(),
        dir = true
    ),
    jvp_autodiff = AutoForwardDiff(),
    concrete_jac = Val{true}()
)

----    	-------------       	-----------         
Iter    	f(u) 2-norm         	Step 2-norm         
----    	-------------       	-----------         
0       	2.62417133e+02      	NaN                 
1       	2.62417133e+02      	0.00000000e+00      
8       	3.60760075e+01      	4.62097774e-01      
15      	9.77305504e-02      	1.28119730e-01      
22      	1.35091531e-02      	3.82022254e-03      
29      	3.45651110e-02      	7.72789561e-01      
36      	4.80912548e-01      	0.00000000e+00      
43      	6.24053534e-02      	1.05742703e+00      
50      	3.20212883e+00      	0.00000000e+00      
57      	3.99840438e+01      	6.64966509e+00      
64      	2.51876276e+01      	0.00000000e+00      
71      	5.00794279e+00      	0.00000000e+00      
78      	8.68347095e+00      	2.62170522e+00      
85      	3.97475025e+00      	0.00000000e+00      
92      	3.51678206e+00      	2.05027542e+00      
99      	2.12279218e+00      	1.93762102e+00      
106     	1.48022347e+01      	0.00000000e+00      
113     	1.81543419e-01      	1.12109639e+00      
120     	2.76966117e+01      	0.00000000e+00      
127     	2.76966117e+01      	0.00000000e+00      
134     	1.44246985e-01      	1.42946009e+00      
141     	6.66942560e-01      	0.00000000e+00      
148     	5.26979862e-01      	0.00000000e+00      
Final   	1.34891647e-02      
----------------------      
  AMR 2/3: M=339  err=3.92e-6  obs=8.71e-5  nrmse=0.0385  best=0.0385  refined=54
  collocation: M=432 residuals=3186  detecting sparsity + solving...

Algorithm: LevenbergMarquardt(
    trustregion = LevenbergMarquardtTrustRegion(
        β_uphill = 0.0
    ),
    descent = GeodesicAcceleration(
        descent = DampedNewtonDescent(
            linsolve = KLUFactorization(
                reuse_symbolic = true,
                check_pattern = true
            ),
            initial_damping = 1.0,
            damping_fn = LevenbergMarquardtDampingFunction(
                increase_factor = 2.0,
                decrease_factor = 3.0,
                min_damping = 1.0e-8
            ),
            min_norm_mode = :auto
        ),
        finite_diff_step_geodesic = 0.1,
        α = 0.75
    ),
    autodiff = AutoForwardDiff(),
    vjp_autodiff = AutoFiniteDiff(
        fdtype = Val{:forward}(),
        fdjtype = Val{:forward}(),
        fdhtype = Val{:hcentral}(),
        dir = true
    ),
    jvp_autodiff = AutoForwardDiff(),
    concrete_jac = Val{true}()
)

----    	-------------       	-----------         
Iter    	f(u) 2-norm         	Step 2-norm         
----    	-------------       	-----------         
0       	1.87848545e+02      	5.35879513e+01      
1       	1.87848545e+02      	0.00000000e+00      
8       	7.03979375e+00      	9.46400222e-01      
15      	3.05136175e-02      	2.99825493e-02      
22      	1.03006499e-02      	9.98783796e-02      
29      	9.69524267e-01      	3.14601628e+00      
36      	9.69524267e-01      	0.00000000e+00      
43      	9.66508580e-03      	7.45110362e-02      
50      	1.44314554e-01      	0.00000000e+00      
57      	2.75239444e+01      	5.96836675e+00      
64      	8.70160466e-01      	6.19363421e-01      
71      	1.36298749e+01      	5.74181293e+00      
78      	1.36298749e+01      	0.00000000e+00      
85      	1.24072120e-01      	9.14445141e-01      
92      	2.13380524e+02      	0.00000000e+00      
99      	2.13380524e+02      	0.00000000e+00      
106     	3.41394964e-01      	0.00000000e+00      
113     	1.46536001e+00      	0.00000000e+00      
120     	1.06646166e+03      	0.00000000e+00      
127     	5.40704007e+00      	2.33934595e+00      
134     	1.11620261e+00      	7.18247778e-01      
141     	3.47433257e-01      	1.34002397e+00      
148     	6.84266877e-01      	0.00000000e+00      
Final   	9.64169563e-03      
----------------------      
  AMR 3/3: M=432  err=2.62e-6  obs=6.13e-5  nrmse=0.0359  best=0.0359  refined=0
collocation [156s]
  [final]  nrmse=0.03591  l2=1.759
extrapolation window: T=15.0 -> T_test=30.0  n_test=600
  [train]  E_traj=0.003878  E_VF=0.1245  E_spec=0.4579
  [test ]  E_traj=92730.0  E_VF=5.064e9  E_spec=0.3772
saved /orcd/home/002/txenakis/projects/BVPsolver/src/../data/runs/run_xbbSgXMI/davis-skodje_fit.png
saved /orcd/home/002/txenakis/projects/BVPsolver/src/../data/runs/run_xbbSgXMI/davis-skodje_fit_extrapolated.png
saved /orcd/home/002/txenakis/projects/BVPsolver/src/../data/runs/run_xbbSgXMI/davis-skodje_spectral_fit_extrapolated.png
saved /orcd/home/002/txenakis/projects/BVPsolver/src/../data/runs/run_xbbSgXMI/davis-skodje_vf_fit_extrapolated.png
┌ Warning: Attempting to store StiffNN.var"#22#23"{Float64}.
│ JLD2 only stores functions by name.
│  This may not be useful for anonymous functions.
└ @ JLD2 ~/.julia/packages/JLD2/ADycq/src/data/writing_datatypes.jl:447
saved run → /orcd/home/002/txenakis/projects/BVPsolver/src/../data/runs/run_xbbSgXMI
