davis-skodje  model=GELU-scaled width=7 d=2 tlen=300 profile=fast seed=144  solver=Rodas5P  N=317
  derivmatch lr=0.01 iter=170/3400 loss=1.363
  derivmatch lr=0.01 iter=340/3400 loss=0.3883
  derivmatch lr=0.01 iter=510/3400 loss=0.1589
  derivmatch lr=0.01 iter=680/3400 loss=0.03144
  derivmatch lr=0.01 iter=850/3400 loss=0.01182
  derivmatch lr=0.01 iter=1020/3400 loss=0.009207
  derivmatch lr=0.01 iter=1190/3400 loss=0.007558
  derivmatch lr=0.01 iter=1360/3400 loss=0.006545
  derivmatch lr=0.01 iter=1530/3400 loss=0.005862
  derivmatch lr=0.01 iter=1700/3400 loss=0.005389
  derivmatch lr=0.01 iter=1870/3400 loss=0.005032
  derivmatch lr=0.01 iter=2040/3400 loss=0.004728
  derivmatch lr=0.01 iter=2210/3400 loss=0.004462
  derivmatch lr=0.01 iter=2380/3400 loss=0.004225
  derivmatch lr=0.01 iter=2550/3400 loss=0.004011
  derivmatch lr=0.01 iter=2720/3400 loss=0.003463
  derivmatch lr=0.01 iter=2890/3400 loss=0.004799
  derivmatch lr=0.01 iter=3060/3400 loss=0.003347
  derivmatch lr=0.01 iter=3230/3400 loss=0.001686
  derivmatch lr=0.01 iter=3400/3400 loss=0.003056
  derivmatch lr=0.01 iter=3400/3400 loss=0.0009819
  derivmatch lr=0.003 iter=125/2500 loss=0.0001955
  derivmatch lr=0.003 iter=250/2500 loss=0.0001308
  derivmatch lr=0.003 iter=375/2500 loss=0.0001173
  derivmatch lr=0.003 iter=500/2500 loss=0.000307
  derivmatch lr=0.003 iter=625/2500 loss=0.0002979
  derivmatch lr=0.003 iter=750/2500 loss=0.000652
  derivmatch lr=0.003 iter=875/2500 loss=0.0005962
  derivmatch lr=0.003 iter=1000/2500 loss=0.002302
  derivmatch lr=0.003 iter=1125/2500 loss=0.0003813
  derivmatch lr=0.003 iter=1250/2500 loss=0.0004666
  derivmatch lr=0.003 iter=1375/2500 loss=0.0001347
  derivmatch lr=0.003 iter=1500/2500 loss=0.001906
  derivmatch lr=0.003 iter=1625/2500 loss=0.0001169
  derivmatch lr=0.003 iter=1750/2500 loss=0.0005219
  derivmatch lr=0.003 iter=1875/2500 loss=0.0002146
  derivmatch lr=0.003 iter=2000/2500 loss=0.001156
  derivmatch lr=0.003 iter=2125/2500 loss=0.0001143
  derivmatch lr=0.003 iter=2250/2500 loss=0.0004403
  derivmatch lr=0.003 iter=2375/2500 loss=0.0003147
  derivmatch lr=0.003 iter=2500/2500 loss=0.0001354
  derivmatch lr=0.003 iter=2500/2500 loss=6.586e-5
  derivmatch lr=0.001 iter=125/2500 loss=6.315e-5
  derivmatch lr=0.001 iter=250/2500 loss=6.017e-5
  derivmatch lr=0.001 iter=375/2500 loss=5.836e-5
  derivmatch lr=0.001 iter=500/2500 loss=5.68e-5
  derivmatch lr=0.001 iter=625/2500 loss=5.536e-5
  derivmatch lr=0.001 iter=750/2500 loss=5.396e-5
  derivmatch lr=0.001 iter=875/2500 loss=5.257e-5
  derivmatch lr=0.001 iter=1000/2500 loss=5.116e-5
  derivmatch lr=0.001 iter=1125/2500 loss=4.974e-5
  derivmatch lr=0.001 iter=1250/2500 loss=4.83e-5
  derivmatch lr=0.001 iter=1375/2500 loss=4.686e-5
  derivmatch lr=0.001 iter=1500/2500 loss=4.598e-5
  derivmatch lr=0.001 iter=1625/2500 loss=4.46e-5
  derivmatch lr=0.001 iter=1750/2500 loss=8.35e-5
  derivmatch lr=0.001 iter=1875/2500 loss=4.23e-5
  derivmatch lr=0.001 iter=2000/2500 loss=4.158e-5
  derivmatch lr=0.001 iter=2125/2500 loss=4.437e-5
  derivmatch lr=0.001 iter=2250/2500 loss=4.056e-5
  derivmatch lr=0.001 iter=2375/2500 loss=0.0001
  derivmatch lr=0.001 iter=2500/2500 loss=3.731e-5
  derivmatch lr=0.001 iter=2500/2500 loss=3.731e-5
  derivmatch lr=0.0003 iter=80/1600 loss=3.814e-5
  derivmatch lr=0.0003 iter=160/1600 loss=3.709e-5
  derivmatch lr=0.0003 iter=240/1600 loss=3.69e-5
  derivmatch lr=0.0003 iter=320/1600 loss=3.67e-5
  derivmatch lr=0.0003 iter=400/1600 loss=3.648e-5
  derivmatch lr=0.0003 iter=480/1600 loss=3.625e-5
  derivmatch lr=0.0003 iter=560/1600 loss=3.601e-5
  derivmatch lr=0.0003 iter=640/1600 loss=3.575e-5
  derivmatch lr=0.0003 iter=720/1600 loss=3.548e-5
  derivmatch lr=0.0003 iter=800/1600 loss=3.52e-5
  derivmatch lr=0.0003 iter=880/1600 loss=3.49e-5
  derivmatch lr=0.0003 iter=960/1600 loss=3.46e-5
  derivmatch lr=0.0003 iter=1040/1600 loss=3.429e-5
  derivmatch lr=0.0003 iter=1120/1600 loss=3.396e-5
  derivmatch lr=0.0003 iter=1200/1600 loss=3.363e-5
  derivmatch lr=0.0003 iter=1280/1600 loss=3.329e-5
  derivmatch lr=0.0003 iter=1360/1600 loss=3.295e-5
  derivmatch lr=0.0003 iter=1440/1600 loss=3.26e-5
  derivmatch lr=0.0003 iter=1520/1600 loss=3.224e-5
  derivmatch lr=0.0003 iter=1600/1600 loss=3.188e-5
  derivmatch lr=0.0003 iter=1600/1600 loss=3.188e-5
derivative matching [29s]  fitloss=3.19e-5
  [derivative matching]  nrmse=0.0005101  l2=0.02334
  collocation: M=300 residuals=2394  detecting sparsity + solving...

Algorithm: LevenbergMarquardt(
    trustregion = LevenbergMarquardtTrustRegion(
        β_uphill = 0.0
    ),
    descent = GeodesicAcceleration(
        descent = DampedNewtonDescent(
            linsolve = KLUFactorization(
                reuse_symbolic = true,
                check_pattern = true
            ),
            initial_damping = 1.0,
            damping_fn = LevenbergMarquardtDampingFunction(
                increase_factor = 2.0,
                decrease_factor = 3.0,
                min_damping = 1.0e-8
            ),
            min_norm_mode = :auto
        ),
        finite_diff_step_geodesic = 0.1,
        α = 0.75
    ),
    autodiff = AutoForwardDiff(),
    vjp_autodiff = AutoFiniteDiff(
        fdtype = Val{:forward}(),
        fdjtype = Val{:forward}(),
        fdhtype = Val{:hcentral}(),
        dir = true
    ),
    jvp_autodiff = AutoForwardDiff(),
    concrete_jac = Val{true}()
)

----    	-------------       	-----------         
Iter    	f(u) 2-norm         	Step 2-norm         
----    	-------------       	-----------         
0       	2.70662874e+01      	3.55901582e+00      
1       	2.70662874e+01      	0.00000000e+00      
8       	1.96510262e-01      	7.88561326e-02      
15      	8.25892497e-03      	1.14306425e-01      
22      	9.10246247e-04      	9.14472404e-01      
29      	1.83801529e-03      	5.05112866e-01      
36      	5.29549326e-03      	1.18402654e+00      
43      	2.48005534e-02      	0.00000000e+00      
50      	8.72194871e-03      	1.63776519e+00      
57      	6.34836419e+00      	0.00000000e+00      
64      	1.03750103e+00      	1.96770009e+00      
71      	1.35287759e+01      	0.00000000e+00      
78      	2.89178900e-01      	1.97271593e+00      
85      	6.25058409e-04      	1.22707165e-01      
92      	3.92296793e-02      	0.00000000e+00      
99      	1.46898205e-02      	2.03270837e+00      
106     	2.39010150e-04      	4.65501615e-01      
113     	9.06165985e-02      	2.12866405e+00      
120     	7.46991887e-01      	2.85047249e+00      
127     	2.16566085e-01      	0.00000000e+00      
134     	4.72452804e-01      	0.00000000e+00      
141     	4.72452804e-01      	0.00000000e+00      
148     	6.93385477e-03      	0.00000000e+00      
Final   	1.60595696e-04      
----------------------      
  AMR 1/3: M=300  err=5.41e-10  obs=1.43e-6  nrmse=5.71e-5  best=5.71e-5  refined=26
  collocation: M=326 residuals=2550  detecting sparsity + solving...

Algorithm: LevenbergMarquardt(
    trustregion = LevenbergMarquardtTrustRegion(
        β_uphill = 0.0
    ),
    descent = GeodesicAcceleration(
        descent = DampedNewtonDescent(
            linsolve = KLUFactorization(
                reuse_symbolic = true,
                check_pattern = true
            ),
            initial_damping = 1.0,
            damping_fn = LevenbergMarquardtDampingFunction(
                increase_factor = 2.0,
                decrease_factor = 3.0,
                min_damping = 1.0e-8
            ),
            min_norm_mode = :auto
        ),
        finite_diff_step_geodesic = 0.1,
        α = 0.75
    ),
    autodiff = AutoForwardDiff(),
    vjp_autodiff = AutoFiniteDiff(
        fdtype = Val{:forward}(),
        fdjtype = Val{:forward}(),
        fdhtype = Val{:hcentral}(),
        dir = true
    ),
    jvp_autodiff = AutoForwardDiff(),
    concrete_jac = Val{true}()
)

----    	-------------       	-----------         
Iter    	f(u) 2-norm         	Step 2-norm         
----    	-------------       	-----------         
0       	2.42804798e+01      	2.24848995e-309     
1       	1.10645493e+01      	5.70585515e-01      
8       	1.32113633e-02      	3.11438645e-02      
15      	8.30153823e-04      	3.96452992e-02      
22      	9.39518749e-05      	1.49883071e-01      
29      	8.74963355e-02      	0.00000000e+00      
36      	3.57416131e-04      	3.54531209e-01      
43      	1.15288524e+00      	0.00000000e+00      
50      	1.49700623e-01      	1.45343758e+00      
57      	2.46084880e-01      	0.00000000e+00      
64      	1.67782163e-02      	9.34948580e-01      
71      	1.29664879e-01      	1.05431546e+00      
78      	1.37722371e+00      	0.00000000e+00      
85      	2.40295536e-02      	0.00000000e+00      
92      	3.76076675e-03      	5.20294521e-01      
99      	6.00109180e-01      	1.30818534e+00      
106     	2.36646403e-03      	0.00000000e+00      
113     	8.13499688e-02      	0.00000000e+00      
120     	8.70433504e-02      	0.00000000e+00      
127     	1.97844133e-01      	0.00000000e+00      
134     	4.16979595e-02      	0.00000000e+00      
141     	1.99954118e-04      	9.21663404e-02      
148     	5.96011063e-04      	0.00000000e+00      
Final   	9.37263063e-05      
----------------------      
  AMR 2/3: M=326  err=2.8e-10  obs=1.15e-6  nrmse=6.39e-5  best=5.71e-5  refined=19
  collocation: M=361 residuals=2760  detecting sparsity + solving...

Algorithm: LevenbergMarquardt(
    trustregion = LevenbergMarquardtTrustRegion(
        β_uphill = 0.0
    ),
    descent = GeodesicAcceleration(
        descent = DampedNewtonDescent(
            linsolve = KLUFactorization(
                reuse_symbolic = true,
                check_pattern = true
            ),
            initial_damping = 1.0,
            damping_fn = LevenbergMarquardtDampingFunction(
                increase_factor = 2.0,
                decrease_factor = 3.0,
                min_damping = 1.0e-8
            ),
            min_norm_mode = :auto
        ),
        finite_diff_step_geodesic = 0.1,
        α = 0.75
    ),
    autodiff = AutoForwardDiff(),
    vjp_autodiff = AutoFiniteDiff(
        fdtype = Val{:forward}(),
        fdjtype = Val{:forward}(),
        fdhtype = Val{:hcentral}(),
        dir = true
    ),
    jvp_autodiff = AutoForwardDiff(),
    concrete_jac = Val{true}()
)

----    	-------------       	-----------         
Iter    	f(u) 2-norm         	Step 2-norm         
----    	-------------       	-----------         
0       	2.38514580e+01      	9.94336493e+02      
1       	1.09050865e+01      	5.48672426e-01      
8       	1.56891228e-02      	3.45831176e-02      
15      	8.17250417e-04      	4.33408847e-02      
22      	8.69404588e-05      	2.02864207e-01      
29      	4.61304278e-03      	7.73493907e-01      
36      	1.01626214e-03      	1.08756750e+00      
43      	1.90857059e+00      	5.29607580e+00      
50      	1.16534335e-01      	1.30962166e+00      
57      	1.68162219e-01      	0.00000000e+00      
64      	2.41786041e-02      	9.88715615e-01      
71      	2.62243394e-03      	0.00000000e+00      
78      	6.12410607e-01      	0.00000000e+00      
85      	2.72954935e-03      	6.36373285e-02      
92      	1.14365988e-02      	6.40472382e-01      
99      	1.74059446e-02      	0.00000000e+00      
106     	2.38809457e-03      	0.00000000e+00      
113     	7.16357842e-01      	0.00000000e+00      
120     	2.11370372e-01      	0.00000000e+00      
127     	2.32221628e-01      	0.00000000e+00      
134     	4.15617674e-02      	0.00000000e+00      
141     	3.38764993e-03      	1.03455783e-01      
148     	6.89482328e-04      	0.00000000e+00      
Final   	3.57061665e-05      
----------------------      
  AMR 3/3: M=361  err=1.29e-10  obs=2.3e-7  nrmse=1.26e-5  best=1.26e-5  refined=0
collocation [212s]
  [final]  nrmse=1.258e-5  l2=0.0003308
extrapolation window: T=15.0 -> T_test=30.0  n_test=600
  [train]  E_traj=2.494e-10  E_VF=2.41e-6  E_spec=0.47
  [test ]  E_traj=246400.0  E_VF=0.7435  E_spec=0.9742
saved /orcd/home/002/txenakis/projects/BVPsolver/src/../data/runs/run_jyoKteAZ/davis-skodje_fit.png
saved /orcd/home/002/txenakis/projects/BVPsolver/src/../data/runs/run_jyoKteAZ/davis-skodje_fit_extrapolated.png
saved /orcd/home/002/txenakis/projects/BVPsolver/src/../data/runs/run_jyoKteAZ/davis-skodje_spectral_fit_extrapolated.png
saved /orcd/home/002/txenakis/projects/BVPsolver/src/../data/runs/run_jyoKteAZ/davis-skodje_vf_fit_extrapolated.png
┌ Warning: Attempting to store StiffNN.var"#22#23"{Float64}.
│ JLD2 only stores functions by name.
│  This may not be useful for anonymous functions.
└ @ JLD2 ~/.julia/packages/JLD2/ADycq/src/data/writing_datatypes.jl:447
saved run → /orcd/home/002/txenakis/projects/BVPsolver/src/../data/runs/run_jyoKteAZ
