rober  model=GELU-scaled width=7 d=3 tlen=50 profile=fast seed=146  solver=Rodas5  N=332
  derivmatch lr=0.01 iter=170/3400 loss=9.093
  derivmatch lr=0.01 iter=340/3400 loss=9.17
  derivmatch lr=0.01 iter=510/3400 loss=7.305
  derivmatch lr=0.01 iter=680/3400 loss=7.268
  derivmatch lr=0.01 iter=850/3400 loss=7.589
  derivmatch lr=0.01 iter=1020/3400 loss=6.059
  derivmatch lr=0.01 iter=1190/3400 loss=6.226
  derivmatch lr=0.01 iter=1360/3400 loss=17.67
  derivmatch lr=0.01 iter=1530/3400 loss=7.863
  derivmatch lr=0.01 iter=1700/3400 loss=7.105
  derivmatch lr=0.01 iter=1870/3400 loss=6.01
  derivmatch lr=0.01 iter=2040/3400 loss=5.915
  derivmatch lr=0.01 iter=2210/3400 loss=5.836
  derivmatch lr=0.01 iter=2380/3400 loss=5.759
  derivmatch lr=0.01 iter=2550/3400 loss=5.685
  derivmatch lr=0.01 iter=2720/3400 loss=5.611
  derivmatch lr=0.01 iter=2890/3400 loss=5.52
  derivmatch lr=0.01 iter=3060/3400 loss=8.976
  derivmatch lr=0.01 iter=3230/3400 loss=8.781
  derivmatch lr=0.01 iter=3400/3400 loss=8.65
  derivmatch lr=0.01 iter=3400/3400 loss=5.478
  derivmatch lr=0.003 iter=125/2500 loss=6.903
  derivmatch lr=0.003 iter=250/2500 loss=5.726
  derivmatch lr=0.003 iter=375/2500 loss=5.343
  derivmatch lr=0.003 iter=500/2500 loss=5.275
  derivmatch lr=0.003 iter=625/2500 loss=5.212
  derivmatch lr=0.003 iter=750/2500 loss=5.147
  derivmatch lr=0.003 iter=875/2500 loss=5.073
  derivmatch lr=0.003 iter=1000/2500 loss=4.993
  derivmatch lr=0.003 iter=1125/2500 loss=4.901
  derivmatch lr=0.003 iter=1250/2500 loss=4.799
  derivmatch lr=0.003 iter=1375/2500 loss=4.7
  derivmatch lr=0.003 iter=1500/2500 loss=8.87
  derivmatch lr=0.003 iter=1625/2500 loss=6.927
  derivmatch lr=0.003 iter=1750/2500 loss=6.624
  derivmatch lr=0.003 iter=1875/2500 loss=6.312
  derivmatch lr=0.003 iter=2000/2500 loss=5.825
  derivmatch lr=0.003 iter=2125/2500 loss=5.127
  derivmatch lr=0.003 iter=2250/2500 loss=5.121
  derivmatch lr=0.003 iter=2375/2500 loss=7.197
  derivmatch lr=0.003 iter=2500/2500 loss=6.641
  derivmatch lr=0.003 iter=2500/2500 loss=4.636
  derivmatch lr=0.001 iter=125/2500 loss=4.771
  derivmatch lr=0.001 iter=250/2500 loss=4.652
  derivmatch lr=0.001 iter=375/2500 loss=4.603
  derivmatch lr=0.001 iter=500/2500 loss=4.552
  derivmatch lr=0.001 iter=625/2500 loss=4.495
  derivmatch lr=0.001 iter=750/2500 loss=4.444
  derivmatch lr=0.001 iter=875/2500 loss=7.297
  derivmatch lr=0.001 iter=1000/2500 loss=7.041
  derivmatch lr=0.001 iter=1125/2500 loss=6.652
  derivmatch lr=0.001 iter=1250/2500 loss=5.763
  derivmatch lr=0.001 iter=1375/2500 loss=4.626
  derivmatch lr=0.001 iter=1500/2500 loss=4.594
  derivmatch lr=0.001 iter=1625/2500 loss=6.23
  derivmatch lr=0.001 iter=1750/2500 loss=6.693
  derivmatch lr=0.001 iter=1875/2500 loss=6.099
  derivmatch lr=0.001 iter=2000/2500 loss=8.017
  derivmatch lr=0.001 iter=2125/2500 loss=7.341
  derivmatch lr=0.001 iter=2250/2500 loss=6.56
  derivmatch lr=0.001 iter=2375/2500 loss=4.493
  derivmatch lr=0.001 iter=2500/2500 loss=6.693
  derivmatch lr=0.001 iter=2500/2500 loss=4.258
  derivmatch lr=0.0003 iter=80/1600 loss=4.523
  derivmatch lr=0.0003 iter=160/1600 loss=4.241
  derivmatch lr=0.0003 iter=240/1600 loss=4.231
  derivmatch lr=0.0003 iter=320/1600 loss=4.221
  derivmatch lr=0.0003 iter=400/1600 loss=4.21
  derivmatch lr=0.0003 iter=480/1600 loss=4.2
  derivmatch lr=0.0003 iter=560/1600 loss=4.189
  derivmatch lr=0.0003 iter=640/1600 loss=4.178
  derivmatch lr=0.0003 iter=720/1600 loss=4.167
  derivmatch lr=0.0003 iter=800/1600 loss=4.156
  derivmatch lr=0.0003 iter=880/1600 loss=4.145
  derivmatch lr=0.0003 iter=960/1600 loss=4.133
  derivmatch lr=0.0003 iter=1040/1600 loss=4.122
  derivmatch lr=0.0003 iter=1120/1600 loss=4.11
  derivmatch lr=0.0003 iter=1200/1600 loss=4.098
  derivmatch lr=0.0003 iter=1280/1600 loss=4.086
  derivmatch lr=0.0003 iter=1360/1600 loss=4.074
  derivmatch lr=0.0003 iter=1440/1600 loss=5.511
  derivmatch lr=0.0003 iter=1520/1600 loss=5.199
  derivmatch lr=0.0003 iter=1600/1600 loss=5.133
  derivmatch lr=0.0003 iter=1600/1600 loss=4.073
derivative matching [26s]  fitloss=4.07
  [derivative matching]  nrmse=10.78  l2=0.06987
  shooting iter=50/1000 loss=0.1352
  shooting iter=100/1000 loss=0.1178
  shooting iter=150/1000 loss=0.1058
  shooting iter=200/1000 loss=0.1012
  shooting iter=250/1000 loss=0.0981
  shooting iter=300/1000 loss=0.09557
  shooting iter=350/1000 loss=0.09168
  shooting iter=400/1000 loss=0.08681
  shooting iter=450/1000 loss=0.08457
  shooting iter=500/1000 loss=0.08356
  shooting iter=550/1000 loss=0.08646
  shooting iter=600/1000 loss=0.08244
  shooting iter=650/1000 loss=0.07971
  shooting iter=700/1000 loss=0.07887
  shooting iter=750/1000 loss=0.07785
  shooting iter=800/1000 loss=0.07652
  shooting iter=850/1000 loss=0.0833
  shooting iter=900/1000 loss=0.07701
  shooting iter=950/1000 loss=0.07405
  shooting iter=1000/1000 loss=0.07507
  shooting iter=1000/1000 loss=0.07309
shooting [816s]  loss=0.0731
  [final]  nrmse=0.2133  l2=0.1177
extrapolation window: T=1000.0 -> T_test=1.0e12  n_test=100
  [train]  E_traj=0.1194  E_VF=18.42  E_spec=2.014e20
  [test ]  E_traj=2.097e19  E_VF=1639.0  E_spec=1.0
saved /orcd/home/002/txenakis/projects/BVPsolver/src/../data/runs/run_sUUvS1AL/rober_fit.png
saved /orcd/home/002/txenakis/projects/BVPsolver/src/../data/runs/run_sUUvS1AL/rober_fit_extrapolated.png
saved /orcd/home/002/txenakis/projects/BVPsolver/src/../data/runs/run_sUUvS1AL/rober_spectral_fit_extrapolated.png
saved /orcd/home/002/txenakis/projects/BVPsolver/src/../data/runs/run_sUUvS1AL/rober_vf_fit_extrapolated.png
┌ Warning: Attempting to store StiffNN.var"#12#13"{Float64, Float64, Float64}.
│ JLD2 only stores functions by name.
│  This may not be useful for anonymous functions.
└ @ JLD2 ~/.julia/packages/JLD2/ADycq/src/data/writing_datatypes.jl:447
saved run → /orcd/home/002/txenakis/projects/BVPsolver/src/../data/runs/run_sUUvS1AL
