vanderpol  model=mlp width=14 d=2 tlen=151 profile=fast seed=27  solver=Kvaerno5  N=282
  derivmatch lr=0.01 iter=170/3400 loss=3.195
  derivmatch lr=0.01 iter=340/3400 loss=2.287
  derivmatch lr=0.01 iter=510/3400 loss=1.958
  derivmatch lr=0.01 iter=680/3400 loss=1.732
  derivmatch lr=0.01 iter=850/3400 loss=1.583
  derivmatch lr=0.01 iter=1020/3400 loss=1.471
  derivmatch lr=0.01 iter=1190/3400 loss=1.379
  derivmatch lr=0.01 iter=1360/3400 loss=1.301
  derivmatch lr=0.01 iter=1530/3400 loss=1.233
  derivmatch lr=0.01 iter=1700/3400 loss=1.173
  derivmatch lr=0.01 iter=1870/3400 loss=1.12
  derivmatch lr=0.01 iter=2040/3400 loss=1.072
  derivmatch lr=0.01 iter=2210/3400 loss=1.028
  derivmatch lr=0.01 iter=2380/3400 loss=0.9878
  derivmatch lr=0.01 iter=2550/3400 loss=0.9512
  derivmatch lr=0.01 iter=2720/3400 loss=0.9176
  derivmatch lr=0.01 iter=2890/3400 loss=0.8876
  derivmatch lr=0.01 iter=3060/3400 loss=0.86
  derivmatch lr=0.01 iter=3230/3400 loss=0.8341
  derivmatch lr=0.01 iter=3400/3400 loss=0.8102
  derivmatch lr=0.01 iter=3400/3400 loss=0.8102
  derivmatch lr=0.003 iter=125/2500 loss=0.801
  derivmatch lr=0.003 iter=250/2500 loss=0.7919
  derivmatch lr=0.003 iter=375/2500 loss=0.7829
  derivmatch lr=0.003 iter=500/2500 loss=0.7741
  derivmatch lr=0.003 iter=625/2500 loss=0.7655
  derivmatch lr=0.003 iter=750/2500 loss=0.7569
  derivmatch lr=0.003 iter=875/2500 loss=0.7485
  derivmatch lr=0.003 iter=1000/2500 loss=0.7403
  derivmatch lr=0.003 iter=1125/2500 loss=0.7321
  derivmatch lr=0.003 iter=1250/2500 loss=0.724
  derivmatch lr=0.003 iter=1375/2500 loss=0.716
  derivmatch lr=0.003 iter=1500/2500 loss=0.708
  derivmatch lr=0.003 iter=1625/2500 loss=0.7
  derivmatch lr=0.003 iter=1750/2500 loss=0.6922
  derivmatch lr=0.003 iter=1875/2500 loss=0.6845
  derivmatch lr=0.003 iter=2000/2500 loss=0.6768
  derivmatch lr=0.003 iter=2125/2500 loss=0.6695
  derivmatch lr=0.003 iter=2250/2500 loss=0.6622
  derivmatch lr=0.003 iter=2375/2500 loss=0.6553
  derivmatch lr=0.003 iter=2500/2500 loss=0.6487
  derivmatch lr=0.003 iter=2500/2500 loss=0.6487
  derivmatch lr=0.001 iter=125/2500 loss=0.6467
  derivmatch lr=0.001 iter=250/2500 loss=0.6445
  derivmatch lr=0.001 iter=375/2500 loss=0.6421
  derivmatch lr=0.001 iter=500/2500 loss=0.6397
  derivmatch lr=0.001 iter=625/2500 loss=0.6373
  derivmatch lr=0.001 iter=750/2500 loss=0.6347
  derivmatch lr=0.001 iter=875/2500 loss=0.6322
  derivmatch lr=0.001 iter=1000/2500 loss=0.6295
  derivmatch lr=0.001 iter=1125/2500 loss=0.6269
  derivmatch lr=0.001 iter=1250/2500 loss=0.6242
  derivmatch lr=0.001 iter=1375/2500 loss=0.6214
  derivmatch lr=0.001 iter=1500/2500 loss=0.6187
  derivmatch lr=0.001 iter=1625/2500 loss=0.6159
  derivmatch lr=0.001 iter=1750/2500 loss=0.6131
  derivmatch lr=0.001 iter=1875/2500 loss=0.6104
  derivmatch lr=0.001 iter=2000/2500 loss=0.6078
  derivmatch lr=0.001 iter=2125/2500 loss=0.6051
  derivmatch lr=0.001 iter=2250/2500 loss=0.6026
  derivmatch lr=0.001 iter=2375/2500 loss=0.6001
  derivmatch lr=0.001 iter=2500/2500 loss=0.5976
  derivmatch lr=0.001 iter=2500/2500 loss=0.5976
  derivmatch lr=0.0003 iter=80/1600 loss=0.5972
  derivmatch lr=0.0003 iter=160/1600 loss=0.5968
  derivmatch lr=0.0003 iter=240/1600 loss=0.5964
  derivmatch lr=0.0003 iter=320/1600 loss=0.5959
  derivmatch lr=0.0003 iter=400/1600 loss=0.5955
  derivmatch lr=0.0003 iter=480/1600 loss=0.595
  derivmatch lr=0.0003 iter=560/1600 loss=0.5944
  derivmatch lr=0.0003 iter=640/1600 loss=0.5939
  derivmatch lr=0.0003 iter=720/1600 loss=0.5934
  derivmatch lr=0.0003 iter=800/1600 loss=0.5928
  derivmatch lr=0.0003 iter=880/1600 loss=0.5922
  derivmatch lr=0.0003 iter=960/1600 loss=0.5917
  derivmatch lr=0.0003 iter=1040/1600 loss=0.591
  derivmatch lr=0.0003 iter=1120/1600 loss=0.5904
  derivmatch lr=0.0003 iter=1200/1600 loss=0.5898
  derivmatch lr=0.0003 iter=1280/1600 loss=0.589
  derivmatch lr=0.0003 iter=1360/1600 loss=0.5883
  derivmatch lr=0.0003 iter=1440/1600 loss=0.5876
  derivmatch lr=0.0003 iter=1520/1600 loss=0.5869
  derivmatch lr=0.0003 iter=1600/1600 loss=0.5862
  derivmatch lr=0.0003 iter=1600/1600 loss=0.5862
derivative matching [26s]  fitloss=0.586
  [derivative matching]  nrmse=0.3214  l2=325.2
  collocation: M=163 residuals=1274  detecting sparsity + solving...

Algorithm: LevenbergMarquardt(
    trustregion = LevenbergMarquardtTrustRegion(
        β_uphill = 0.0
    ),
    descent = GeodesicAcceleration(
        descent = DampedNewtonDescent(
            linsolve = KLUFactorization(
                reuse_symbolic = true,
                check_pattern = true
            ),
            initial_damping = 1.0,
            damping_fn = LevenbergMarquardtDampingFunction(
                increase_factor = 2.0,
                decrease_factor = 3.0,
                min_damping = 1.0e-8
            ),
            min_norm_mode = :auto
        ),
        finite_diff_step_geodesic = 0.1,
        α = 0.75
    ),
    autodiff = AutoForwardDiff(),
    vjp_autodiff = AutoFiniteDiff(
        fdtype = Val{:forward}(),
        fdjtype = Val{:forward}(),
        fdhtype = Val{:hcentral}(),
        dir = true
    ),
    jvp_autodiff = AutoForwardDiff(),
    concrete_jac = Val{true}()
)

----    	-------------       	-----------         
Iter    	f(u) 2-norm         	Step 2-norm         
----    	-------------       	-----------         
0       	6.38972675e+02      	NaN                 
1       	6.38972675e+02      	0.00000000e+00      
8       	6.38972675e+02      	0.00000000e+00      
15      	6.30980772e+02      	0.00000000e+00      
22      	4.97520460e+03      	6.41957590e+00      
29      	2.75077708e+03      	1.22875143e+00      
36      	2.27824566e+03      	0.00000000e+00      
43      	2.25303802e+03      	0.00000000e+00      
50      	1.84419684e+03      	0.00000000e+00      
57      	1.48406415e+03      	0.00000000e+00      
64      	1.31367015e+03      	0.00000000e+00      
71      	8.09858085e+02      	0.00000000e+00      
78      	1.43390940e+02      	0.00000000e+00      
85      	8.71194039e+01      	3.04341768e-01      
92      	1.07964083e+01      	2.13101566e-01      
99      	1.07964083e+01      	0.00000000e+00      
106     	3.62666060e+00      	1.87976559e-01      
113     	1.68368377e+00      	0.00000000e+00      
120     	1.19578284e+00      	0.00000000e+00      
127     	1.15459843e+00      	4.58494966e-02      
134     	1.07984673e+00      	0.00000000e+00      
141     	1.07709238e+00      	7.12698176e-03      
148     	9.99329025e-01      	0.00000000e+00      
Final   	9.99329025e-01      
----------------------      
  AMR 1/1: M=163  err=0.0732  obs=0.0447  nrmse=198.0  best=0.321  refined=0
 derivative matching was best (1/1 rounds ran)
collocation [31s]
  [final]  nrmse=0.3214  l2=325.2
extrapolation window: T=200.0 -> T_test=400.0  n_test=302
  [train]  E_traj=1.112  E_VF=0.7827  E_spec=0.6418
  [test ]  E_traj=619.9  E_VF=2.553  E_spec=0.363
saved /orcd/home/002/txenakis/projects/BVPsolver/src/../data/runs/run_xKAsQANR/vanderpol_fit.png
saved /orcd/home/002/txenakis/projects/BVPsolver/src/../data/runs/run_xKAsQANR/vanderpol_fit_extrapolated.png
saved /orcd/home/002/txenakis/projects/BVPsolver/src/../data/runs/run_xKAsQANR/vanderpol_spectral_fit_extrapolated.png
saved /orcd/home/002/txenakis/projects/BVPsolver/src/../data/runs/run_xKAsQANR/vanderpol_vf_fit_extrapolated.png
┌ Warning: Attempting to store StiffNN.var"#14#15"{Float64}.
│ JLD2 only stores functions by name.
│  This may not be useful for anonymous functions.
└ @ JLD2 ~/.julia/packages/JLD2/ADycq/src/data/writing_datatypes.jl:447
saved run → /orcd/home/002/txenakis/projects/BVPsolver/src/../data/runs/run_xKAsQANR
