orego  model=GELU-scaled width=9 d=3 tlen=112 profile=fast seed=127  solver=Rodas5  N=516
  derivmatch lr=0.01 iter=170/3400 loss=14.81
  derivmatch lr=0.01 iter=340/3400 loss=5.466
  derivmatch lr=0.01 iter=510/3400 loss=4.632
  derivmatch lr=0.01 iter=680/3400 loss=16.69
  derivmatch lr=0.01 iter=850/3400 loss=16.64
  derivmatch lr=0.01 iter=1020/3400 loss=16.69
  derivmatch lr=0.01 iter=1190/3400 loss=16.69
  derivmatch lr=0.01 iter=1360/3400 loss=16.61
  derivmatch lr=0.01 iter=1530/3400 loss=16.67
  derivmatch lr=0.01 iter=1700/3400 loss=16.65
  derivmatch lr=0.01 iter=1870/3400 loss=16.69
  derivmatch lr=0.01 iter=2040/3400 loss=16.67
  derivmatch lr=0.01 iter=2210/3400 loss=16.65
  derivmatch lr=0.01 iter=2380/3400 loss=16.65
  derivmatch lr=0.01 iter=2550/3400 loss=16.65
  derivmatch lr=0.01 iter=2720/3400 loss=16.65
  derivmatch lr=0.01 iter=2890/3400 loss=16.63
  derivmatch lr=0.01 iter=3060/3400 loss=16.61
  derivmatch lr=0.01 iter=3230/3400 loss=16.61
  derivmatch lr=0.01 iter=3400/3400 loss=16.61
  derivmatch lr=0.01 iter=3400/3400 loss=4.116
  derivmatch lr=0.003 iter=125/2500 loss=4.344
  derivmatch lr=0.003 iter=250/2500 loss=4.774
  derivmatch lr=0.003 iter=375/2500 loss=4.713
  derivmatch lr=0.003 iter=500/2500 loss=4.613
  derivmatch lr=0.003 iter=625/2500 loss=4.577
  derivmatch lr=0.003 iter=750/2500 loss=4.517
  derivmatch lr=0.003 iter=875/2500 loss=4.364
  derivmatch lr=0.003 iter=1000/2500 loss=4.348
  derivmatch lr=0.003 iter=1125/2500 loss=4.292
  derivmatch lr=0.003 iter=1250/2500 loss=4.263
  derivmatch lr=0.003 iter=1375/2500 loss=4.253
  derivmatch lr=0.003 iter=1500/2500 loss=4.249
  derivmatch lr=0.003 iter=1625/2500 loss=4.244
  derivmatch lr=0.003 iter=1750/2500 loss=4.243
  derivmatch lr=0.003 iter=1875/2500 loss=4.241
  derivmatch lr=0.003 iter=2000/2500 loss=4.248
  derivmatch lr=0.003 iter=2125/2500 loss=4.235
  derivmatch lr=0.003 iter=2250/2500 loss=4.234
  derivmatch lr=0.003 iter=2375/2500 loss=4.234
  derivmatch lr=0.003 iter=2500/2500 loss=4.234
  derivmatch lr=0.003 iter=2500/2500 loss=3.957
  derivmatch lr=0.001 iter=125/2500 loss=5.6
  derivmatch lr=0.001 iter=250/2500 loss=4.681
  derivmatch lr=0.001 iter=375/2500 loss=4.138
  derivmatch lr=0.001 iter=500/2500 loss=3.301
  derivmatch lr=0.001 iter=625/2500 loss=2.968
  derivmatch lr=0.001 iter=750/2500 loss=2.742
  derivmatch lr=0.001 iter=875/2500 loss=2.877
  derivmatch lr=0.001 iter=1000/2500 loss=3.097
  derivmatch lr=0.001 iter=1125/2500 loss=2.486
  derivmatch lr=0.001 iter=1250/2500 loss=4.504
  derivmatch lr=0.001 iter=1375/2500 loss=4.684
  derivmatch lr=0.001 iter=1500/2500 loss=3.299
  derivmatch lr=0.001 iter=1625/2500 loss=2.958
  derivmatch lr=0.001 iter=1750/2500 loss=3.0
  derivmatch lr=0.001 iter=1875/2500 loss=2.997
  derivmatch lr=0.001 iter=2000/2500 loss=3.124
  derivmatch lr=0.001 iter=2125/2500 loss=6.715
  derivmatch lr=0.001 iter=2250/2500 loss=5.93
  derivmatch lr=0.001 iter=2375/2500 loss=5.012
  derivmatch lr=0.001 iter=2500/2500 loss=3.863
  derivmatch lr=0.001 iter=2500/2500 loss=2.367
  derivmatch lr=0.0003 iter=80/1600 loss=2.639
  derivmatch lr=0.0003 iter=160/1600 loss=2.327
  derivmatch lr=0.0003 iter=240/1600 loss=2.303
  derivmatch lr=0.0003 iter=320/1600 loss=2.304
  derivmatch lr=0.0003 iter=400/1600 loss=2.297
  derivmatch lr=0.0003 iter=480/1600 loss=2.277
  derivmatch lr=0.0003 iter=560/1600 loss=2.259
  derivmatch lr=0.0003 iter=640/1600 loss=2.237
  derivmatch lr=0.0003 iter=720/1600 loss=2.19
  derivmatch lr=0.0003 iter=800/1600 loss=2.172
  derivmatch lr=0.0003 iter=880/1600 loss=2.157
  derivmatch lr=0.0003 iter=960/1600 loss=2.141
  derivmatch lr=0.0003 iter=1040/1600 loss=2.127
  derivmatch lr=0.0003 iter=1120/1600 loss=2.109
  derivmatch lr=0.0003 iter=1200/1600 loss=2.114
  derivmatch lr=0.0003 iter=1280/1600 loss=2.083
  derivmatch lr=0.0003 iter=1360/1600 loss=2.075
  derivmatch lr=0.0003 iter=1440/1600 loss=2.062
  derivmatch lr=0.0003 iter=1520/1600 loss=2.036
  derivmatch lr=0.0003 iter=1600/1600 loss=2.027
  derivmatch lr=0.0003 iter=1600/1600 loss=2.022
derivative matching [27s]  fitloss=2.02
  [derivative matching]  nrmse=5.828e6  l2=4.07e12
  collocation: M=127 residuals=1470  detecting sparsity + solving...

Algorithm: LevenbergMarquardt(
    trustregion = LevenbergMarquardtTrustRegion(
        β_uphill = 0.0
    ),
    descent = GeodesicAcceleration(
        descent = DampedNewtonDescent(
            linsolve = KLUFactorization(
                reuse_symbolic = true,
                check_pattern = true
            ),
            initial_damping = 1.0,
            damping_fn = LevenbergMarquardtDampingFunction(
                increase_factor = 2.0,
                decrease_factor = 3.0,
                min_damping = 1.0e-8
            ),
            min_norm_mode = :auto
        ),
        finite_diff_step_geodesic = 0.1,
        α = 0.75
    ),
    autodiff = AutoForwardDiff(),
    vjp_autodiff = AutoFiniteDiff(
        fdtype = Val{:forward}(),
        fdjtype = Val{:forward}(),
        fdhtype = Val{:hcentral}(),
        dir = true
    ),
    jvp_autodiff = AutoForwardDiff(),
    concrete_jac = Val{true}()
)

----    	-------------       	-----------         
Iter    	f(u) 2-norm         	Step 2-norm         
----    	-------------       	-----------         
0       	1.02169040e+03      	2.67083573e-306     
1       	1.02169040e+03      	0.00000000e+00      
8       	9.82829079e+03      	0.00000000e+00      
15      	7.77469654e+02      	0.00000000e+00      
22      	7.60794345e+02      	0.00000000e+00      
29      	7.60283738e+02      	3.29510219e-04      
36      	7.58352620e+02      	2.35851187e-03      
43      	7.54400657e+02      	0.00000000e+00      
50      	7.53039050e+02      	1.11883136e-03      
57      	7.50941459e+02      	1.84749974e-03      
64      	7.17620708e+02      	0.00000000e+00      
71      	7.16189306e+02      	5.28109000e-04      
78      	6.98561419e+02      	2.17125446e-02      
85      	6.99601434e+02      	5.86622249e-03      
92      	7.02552836e+02      	0.00000000e+00      
99      	7.01288077e+02      	0.00000000e+00      
106     	7.01772018e+02      	0.00000000e+00      
113     	7.02307334e+02      	1.55865005e-03      
120     	7.02266302e+02      	4.13408767e-04      
127     	7.03236010e+02      	0.00000000e+00      
134     	7.05064021e+02      	0.00000000e+00      
141     	7.58025571e+02      	0.00000000e+00      
148     	7.58025571e+02      	0.00000000e+00      
Final   	6.98107649e+02      
----------------------      
  AMR 1/1: M=127  err=83700.0  obs=0.00149  nrmse=0.421  best=0.421  refined=0
collocation [67s]
  [final]  nrmse=0.421  l2=481800.0
extrapolation window: T=180.0 -> T_test=360.0  n_test=224
  [train]  E_traj=1.001  E_VF=0.8459  E_spec=1.121
  [test ]  E_traj=0.9924  E_VF=0.8953  E_spec=299.9
saved /orcd/home/002/txenakis/projects/BVPsolver/src/../data/runs/run_IdDaM7PM/orego_fit.png
saved /orcd/home/002/txenakis/projects/BVPsolver/src/../data/runs/run_IdDaM7PM/orego_fit_extrapolated.png
saved /orcd/home/002/txenakis/projects/BVPsolver/src/../data/runs/run_IdDaM7PM/orego_spectral_fit_extrapolated.png
saved /orcd/home/002/txenakis/projects/BVPsolver/src/../data/runs/run_IdDaM7PM/orego_vf_fit_extrapolated.png
┌ Warning: Attempting to store StiffNN.var"#20#21"{Float64, Float64, Float64}.
│ JLD2 only stores functions by name.
│  This may not be useful for anonymous functions.
└ @ JLD2 ~/.julia/packages/JLD2/ADycq/src/data/writing_datatypes.jl:447
saved run → /orcd/home/002/txenakis/projects/BVPsolver/src/../data/runs/run_IdDaM7PM
