davis-skodje  model=mlp width=14 d=2 tlen=300 profile=fast seed=101  solver=Rodas5P  N=282
  derivmatch lr=0.01 iter=170/3400 loss=3.565
  derivmatch lr=0.01 iter=340/3400 loss=1.346
  derivmatch lr=0.01 iter=510/3400 loss=1.712
  derivmatch lr=0.01 iter=680/3400 loss=1.639
  derivmatch lr=0.01 iter=850/3400 loss=1.267
  derivmatch lr=0.01 iter=1020/3400 loss=2.071
  derivmatch lr=0.01 iter=1190/3400 loss=1.461
  derivmatch lr=0.01 iter=1360/3400 loss=1.406
  derivmatch lr=0.01 iter=1530/3400 loss=0.9664
  derivmatch lr=0.01 iter=1700/3400 loss=1.669
  derivmatch lr=0.01 iter=1870/3400 loss=1.879
  derivmatch lr=0.01 iter=2040/3400 loss=1.342
  derivmatch lr=0.01 iter=2210/3400 loss=1.717
  derivmatch lr=0.01 iter=2380/3400 loss=1.685
  derivmatch lr=0.01 iter=2550/3400 loss=0.7257
  derivmatch lr=0.01 iter=2720/3400 loss=1.507
  derivmatch lr=0.01 iter=2890/3400 loss=0.9276
  derivmatch lr=0.01 iter=3060/3400 loss=1.543
  derivmatch lr=0.01 iter=3230/3400 loss=1.976
  derivmatch lr=0.01 iter=3400/3400 loss=1.895
  derivmatch lr=0.01 iter=3400/3400 loss=0.3917
  derivmatch lr=0.003 iter=125/2500 loss=0.5246
  derivmatch lr=0.003 iter=250/2500 loss=0.4395
  derivmatch lr=0.003 iter=375/2500 loss=0.3787
  derivmatch lr=0.003 iter=500/2500 loss=0.3646
  derivmatch lr=0.003 iter=625/2500 loss=0.3279
  derivmatch lr=0.003 iter=750/2500 loss=0.5541
  derivmatch lr=0.003 iter=875/2500 loss=0.4844
  derivmatch lr=0.003 iter=1000/2500 loss=0.4526
  derivmatch lr=0.003 iter=1125/2500 loss=0.4605
  derivmatch lr=0.003 iter=1250/2500 loss=0.3453
  derivmatch lr=0.003 iter=1375/2500 loss=0.428
  derivmatch lr=0.003 iter=1500/2500 loss=0.3293
  derivmatch lr=0.003 iter=1625/2500 loss=0.2997
  derivmatch lr=0.003 iter=1750/2500 loss=0.3799
  derivmatch lr=0.003 iter=1875/2500 loss=0.2882
  derivmatch lr=0.003 iter=2000/2500 loss=0.3456
  derivmatch lr=0.003 iter=2125/2500 loss=0.2748
  derivmatch lr=0.003 iter=2250/2500 loss=0.2803
  derivmatch lr=0.003 iter=2375/2500 loss=0.3337
  derivmatch lr=0.003 iter=2500/2500 loss=0.2634
  derivmatch lr=0.003 iter=2500/2500 loss=0.2634
  derivmatch lr=0.001 iter=125/2500 loss=0.2575
  derivmatch lr=0.001 iter=250/2500 loss=0.2604
  derivmatch lr=0.001 iter=375/2500 loss=0.2549
  derivmatch lr=0.001 iter=500/2500 loss=0.2513
  derivmatch lr=0.001 iter=625/2500 loss=0.248
  derivmatch lr=0.001 iter=750/2500 loss=0.2438
  derivmatch lr=0.001 iter=875/2500 loss=0.24
  derivmatch lr=0.001 iter=1000/2500 loss=0.2354
  derivmatch lr=0.001 iter=1125/2500 loss=0.2313
  derivmatch lr=0.001 iter=1250/2500 loss=0.2264
  derivmatch lr=0.001 iter=1375/2500 loss=0.2222
  derivmatch lr=0.001 iter=1500/2500 loss=0.2172
  derivmatch lr=0.001 iter=1625/2500 loss=0.213
  derivmatch lr=0.001 iter=1750/2500 loss=0.208
  derivmatch lr=0.001 iter=1875/2500 loss=0.2039
  derivmatch lr=0.001 iter=2000/2500 loss=0.1991
  derivmatch lr=0.001 iter=2125/2500 loss=0.1952
  derivmatch lr=0.001 iter=2250/2500 loss=0.1907
  derivmatch lr=0.001 iter=2375/2500 loss=0.1871
  derivmatch lr=0.001 iter=2500/2500 loss=0.1829
  derivmatch lr=0.001 iter=2500/2500 loss=0.1829
  derivmatch lr=0.0003 iter=80/1600 loss=0.1799
  derivmatch lr=0.0003 iter=160/1600 loss=0.1795
  derivmatch lr=0.0003 iter=240/1600 loss=0.179
  derivmatch lr=0.0003 iter=320/1600 loss=0.1784
  derivmatch lr=0.0003 iter=400/1600 loss=0.1777
  derivmatch lr=0.0003 iter=480/1600 loss=0.1769
  derivmatch lr=0.0003 iter=560/1600 loss=0.1761
  derivmatch lr=0.0003 iter=640/1600 loss=0.1752
  derivmatch lr=0.0003 iter=720/1600 loss=0.1743
  derivmatch lr=0.0003 iter=800/1600 loss=0.1743
  derivmatch lr=0.0003 iter=880/1600 loss=0.1732
  derivmatch lr=0.0003 iter=960/1600 loss=0.1712
  derivmatch lr=0.0003 iter=1040/1600 loss=0.1701
  derivmatch lr=0.0003 iter=1120/1600 loss=0.169
  derivmatch lr=0.0003 iter=1200/1600 loss=0.1679
  derivmatch lr=0.0003 iter=1280/1600 loss=0.1667
  derivmatch lr=0.0003 iter=1360/1600 loss=0.1656
  derivmatch lr=0.0003 iter=1440/1600 loss=0.1648
  derivmatch lr=0.0003 iter=1520/1600 loss=0.1632
  derivmatch lr=0.0003 iter=1600/1600 loss=0.1621
  derivmatch lr=0.0003 iter=1600/1600 loss=0.162
derivative matching [30s]  fitloss=0.162
  [derivative matching]  nrmse=0.05734  l2=2.808
  shooting iter=50/1000 loss=0.02059
  shooting iter=100/1000 loss=0.01867
  shooting iter=150/1000 loss=0.01719
  shooting iter=200/1000 loss=0.0158
  shooting iter=250/1000 loss=0.015
  shooting iter=300/1000 loss=0.01403
  shooting iter=350/1000 loss=0.01262
  shooting iter=400/1000 loss=0.01266
  shooting iter=450/1000 loss=0.011
  shooting iter=500/1000 loss=0.01085
  shooting iter=550/1000 loss=0.01022
  shooting iter=600/1000 loss=0.01044
  shooting iter=650/1000 loss=0.008531
  shooting iter=700/1000 loss=0.008416
  shooting iter=750/1000 loss=0.007738
  shooting iter=800/1000 loss=0.007861
  shooting iter=850/1000 loss=0.006799
  shooting iter=900/1000 loss=0.006313
  shooting iter=950/1000 loss=0.005872
  shooting iter=1000/1000 loss=0.005873
  shooting iter=1000/1000 loss=0.005539
shooting [599s]  loss=0.00554
  [final]  nrmse=0.01452  l2=0.711
extrapolation window: T=15.0 -> T_test=30.0  n_test=600
  [train]  E_traj=0.0006338  E_VF=0.04719  E_spec=0.6421
  [test ]  E_traj=1.721e8  E_VF=5.513e12  E_spec=1.369
saved /orcd/home/002/txenakis/projects/BVPsolver/src/../data/runs/run_iP65hU0z/davis-skodje_fit.png
saved /orcd/home/002/txenakis/projects/BVPsolver/src/../data/runs/run_iP65hU0z/davis-skodje_fit_extrapolated.png
saved /orcd/home/002/txenakis/projects/BVPsolver/src/../data/runs/run_iP65hU0z/davis-skodje_spectral_fit_extrapolated.png
saved /orcd/home/002/txenakis/projects/BVPsolver/src/../data/runs/run_iP65hU0z/davis-skodje_vf_fit_extrapolated.png
┌ Warning: Attempting to store StiffNN.var"#22#23"{Float64}.
│ JLD2 only stores functions by name.
│  This may not be useful for anonymous functions.
└ @ JLD2 ~/.julia/packages/JLD2/ADycq/src/data/writing_datatypes.jl:447
saved run → /orcd/home/002/txenakis/projects/BVPsolver/src/../data/runs/run_iP65hU0z
