rober  model=stiff width=12 d=3 tlen=50 profile=fast seed=129  solver=Rodas5  N=318
  derivmatch lr=0.01 iter=170/3400 loss=0.3145
  derivmatch lr=0.01 iter=340/3400 loss=0.1507
  derivmatch lr=0.01 iter=510/3400 loss=0.07306
  derivmatch lr=0.01 iter=680/3400 loss=0.03612
  derivmatch lr=0.01 iter=850/3400 loss=0.02139
  derivmatch lr=0.01 iter=1020/3400 loss=0.01407
  derivmatch lr=0.01 iter=1190/3400 loss=0.009859
  derivmatch lr=0.01 iter=1360/3400 loss=0.007176
  derivmatch lr=0.01 iter=1530/3400 loss=0.00539
  derivmatch lr=0.01 iter=1700/3400 loss=0.004165
  derivmatch lr=0.01 iter=1870/3400 loss=0.003296
  derivmatch lr=0.01 iter=2040/3400 loss=0.00266
  derivmatch lr=0.01 iter=2210/3400 loss=0.002172
  derivmatch lr=0.01 iter=2380/3400 loss=0.001932
  derivmatch lr=0.01 iter=2550/3400 loss=0.001478
  derivmatch lr=0.01 iter=2720/3400 loss=0.001225
  derivmatch lr=0.01 iter=2890/3400 loss=0.001018
  derivmatch lr=0.01 iter=3060/3400 loss=0.0008571
  derivmatch lr=0.01 iter=3230/3400 loss=0.0007534
  derivmatch lr=0.01 iter=3400/3400 loss=0.0006936
  derivmatch lr=0.01 iter=3400/3400 loss=0.0006101
  derivmatch lr=0.003 iter=125/2500 loss=0.0005166
  derivmatch lr=0.003 iter=250/2500 loss=0.0004211
  derivmatch lr=0.003 iter=375/2500 loss=0.0003364
  derivmatch lr=0.003 iter=500/2500 loss=0.0002687
  derivmatch lr=0.003 iter=625/2500 loss=0.0002171
  derivmatch lr=0.003 iter=750/2500 loss=0.0001785
  derivmatch lr=0.003 iter=875/2500 loss=0.00015
  derivmatch lr=0.003 iter=1000/2500 loss=0.000129
  derivmatch lr=0.003 iter=1125/2500 loss=0.0001132
  derivmatch lr=0.003 iter=1250/2500 loss=0.0001011
  derivmatch lr=0.003 iter=1375/2500 loss=9.151e-5
  derivmatch lr=0.003 iter=1500/2500 loss=8.412e-5
  derivmatch lr=0.003 iter=1625/2500 loss=7.797e-5
  derivmatch lr=0.003 iter=1750/2500 loss=7.266e-5
  derivmatch lr=0.003 iter=1875/2500 loss=6.821e-5
  derivmatch lr=0.003 iter=2000/2500 loss=6.432e-5
  derivmatch lr=0.003 iter=2125/2500 loss=6.091e-5
  derivmatch lr=0.003 iter=2250/2500 loss=6.494e-5
  derivmatch lr=0.003 iter=2375/2500 loss=5.534e-5
  derivmatch lr=0.003 iter=2500/2500 loss=5.302e-5
  derivmatch lr=0.003 iter=2500/2500 loss=5.302e-5
  derivmatch lr=0.001 iter=125/2500 loss=5.177e-5
  derivmatch lr=0.001 iter=250/2500 loss=5.093e-5
  derivmatch lr=0.001 iter=375/2500 loss=4.991e-5
  derivmatch lr=0.001 iter=500/2500 loss=4.935e-5
  derivmatch lr=0.001 iter=625/2500 loss=4.765e-5
  derivmatch lr=0.001 iter=750/2500 loss=4.649e-5
  derivmatch lr=0.001 iter=875/2500 loss=4.537e-5
  derivmatch lr=0.001 iter=1000/2500 loss=4.429e-5
  derivmatch lr=0.001 iter=1125/2500 loss=4.362e-5
  derivmatch lr=0.001 iter=1250/2500 loss=4.252e-5
  derivmatch lr=0.001 iter=1375/2500 loss=4.191e-5
  derivmatch lr=0.001 iter=1500/2500 loss=4.645e-5
  derivmatch lr=0.001 iter=1625/2500 loss=4.087e-5
  derivmatch lr=0.001 iter=1750/2500 loss=6.495e-5
  derivmatch lr=0.001 iter=1875/2500 loss=3.842e-5
  derivmatch lr=0.001 iter=2000/2500 loss=3.773e-5
  derivmatch lr=0.001 iter=2125/2500 loss=3.711e-5
  derivmatch lr=0.001 iter=2250/2500 loss=3.653e-5
  derivmatch lr=0.001 iter=2375/2500 loss=3.597e-5
  derivmatch lr=0.001 iter=2500/2500 loss=3.553e-5
  derivmatch lr=0.001 iter=2500/2500 loss=3.553e-5
  derivmatch lr=0.0003 iter=80/1600 loss=3.539e-5
  derivmatch lr=0.0003 iter=160/1600 loss=3.532e-5
  derivmatch lr=0.0003 iter=240/1600 loss=3.524e-5
  derivmatch lr=0.0003 iter=320/1600 loss=3.514e-5
  derivmatch lr=0.0003 iter=400/1600 loss=3.502e-5
  derivmatch lr=0.0003 iter=480/1600 loss=3.489e-5
  derivmatch lr=0.0003 iter=560/1600 loss=3.475e-5
  derivmatch lr=0.0003 iter=640/1600 loss=3.46e-5
  derivmatch lr=0.0003 iter=720/1600 loss=3.444e-5
  derivmatch lr=0.0003 iter=800/1600 loss=3.426e-5
  derivmatch lr=0.0003 iter=880/1600 loss=3.408e-5
  derivmatch lr=0.0003 iter=960/1600 loss=3.388e-5
  derivmatch lr=0.0003 iter=1040/1600 loss=3.368e-5
  derivmatch lr=0.0003 iter=1120/1600 loss=3.347e-5
  derivmatch lr=0.0003 iter=1200/1600 loss=3.325e-5
  derivmatch lr=0.0003 iter=1280/1600 loss=3.302e-5
  derivmatch lr=0.0003 iter=1360/1600 loss=3.279e-5
  derivmatch lr=0.0003 iter=1440/1600 loss=3.255e-5
  derivmatch lr=0.0003 iter=1520/1600 loss=3.23e-5
  derivmatch lr=0.0003 iter=1600/1600 loss=3.206e-5
  derivmatch lr=0.0003 iter=1600/1600 loss=3.206e-5
derivative matching [34s]  fitloss=3.21e-5
  [derivative matching]  nrmse=0.004592  l2=0.02674
  shooting iter=50/1000 loss=0.0009363
  shooting iter=100/1000 loss=0.002009
  shooting iter=150/1000 loss=0.002345
  shooting iter=200/1000 loss=0.002923
  shooting iter=250/1000 loss=0.0009082
  shooting iter=300/1000 loss=0.001693
  shooting iter=350/1000 loss=0.0009979
  shooting iter=400/1000 loss=0.0007294
  shooting iter=450/1000 loss=0.001387
  shooting iter=500/1000 loss=0.001093
  shooting iter=550/1000 loss=0.0008913
  shooting iter=600/1000 loss=0.002943
  shooting iter=650/1000 loss=0.001014
  shooting iter=700/1000 loss=0.0007086
  shooting iter=750/1000 loss=0.001344
  shooting iter=800/1000 loss=0.0004957
  shooting iter=850/1000 loss=0.001251
  shooting iter=900/1000 loss=0.0008903
  shooting iter=950/1000 loss=0.0005855
  shooting iter=1000/1000 loss=0.001105
  shooting iter=1000/1000 loss=0.0003157
shooting [573s]  loss=0.000316
  [final]  nrmse=0.0006578  l2=0.004967
extrapolation window: T=1000.0 -> T_test=1.0e12  n_test=100
  [train]  E_traj=1.235e-6  E_VF=0.0004047  E_spec=1.433e27
  [test ]  E_traj=128.5  E_VF=6.225e7  E_spec=7.597e22
saved /orcd/home/002/txenakis/projects/BVPsolver/src/../data/runs/run_nwZ1VzeH/rober_fit.png
saved /orcd/home/002/txenakis/projects/BVPsolver/src/../data/runs/run_nwZ1VzeH/rober_fit_extrapolated.png
saved /orcd/home/002/txenakis/projects/BVPsolver/src/../data/runs/run_nwZ1VzeH/rober_spectral_fit_extrapolated.png
saved /orcd/home/002/txenakis/projects/BVPsolver/src/../data/runs/run_nwZ1VzeH/rober_vf_fit_extrapolated.png
┌ Warning: Attempting to store StiffNN.var"#12#13"{Float64, Float64, Float64}.
│ JLD2 only stores functions by name.
│  This may not be useful for anonymous functions.
└ @ JLD2 ~/.julia/packages/JLD2/ADycq/src/data/writing_datatypes.jl:447
saved run → /orcd/home/002/txenakis/projects/BVPsolver/src/../data/runs/run_nwZ1VzeH
